2015-07-29 19:24:49,815 - WARN  [SendWorker:188978561024:QuorumCnxManager$SendWorker@679] - Interrupted while waiting for message on queue
2015-07-29 19:24:49,816 - INFO  [/10.10.34.13:3888:QuorumCnxManager$Listener@493] - Received connection request /10.10.34.13:44894
2015-07-29 19:24:49,816 - WARN  [SendWorker:188978561024:QuorumCnxManager$SendWorker@688] - Send worker leaving thread
2015-07-29 19:24:49,816 - WARN  [RecvWorker:188978561024:QuorumCnxManager$RecvWorker@762] - Connection broken for id 188978561024, my id = 3, error = 
2015-07-29 19:24:49,817 - WARN  [RecvWorker:188978561024:QuorumCnxManager$RecvWorker@765] - Interrupting SendWorker
2015-07-29 19:24:49,817 - WARN  [SendWorker:188978561024:QuorumCnxManager$SendWorker@679] - Interrupted while waiting for message on queue
2015-07-29 19:24:49,817 - WARN  [SendWorker:188978561024:QuorumCnxManager$SendWorker@688] - Send worker leaving thread
2015-07-29 19:24:52,950 - INFO  [/10.10.34.13:3888:QuorumCnxManager$Listener@493] - Received connection request /10.10.34.11:47205
2015-07-29 19:24:52,950 - WARN  [RecvWorker:188978561024:QuorumCnxManager$RecvWorker@762] - Connection broken for id 188978561024, my id = 3, error = 
2015-07-29 19:24:52,951 - WARN  [RecvWorker:188978561024:QuorumCnxManager$RecvWorker@765] - Interrupting SendWorker
2015-07-29 19:24:52,951 - WARN  [SendWorker:188978561024:QuorumCnxManager$SendWorker@679] - Interrupted while waiting for message on queue
2015-07-29 19:24:52,951 - WARN  [SendWorker:188978561024:QuorumCnxManager$SendWorker@688] - Send worker leaving thread
2015-07-29 19:24:52,955 - INFO  [/10.10.34.13:3888:QuorumCnxManager$Listener@493] - Received connection request /10.10.34.11:47209
2015-07-29 19:24:52,956 - WARN  [RecvWorker:188978561024:QuorumCnxManager$RecvWorker@762] - Connection broken for id 188978561024, my id = 3, error = 
2015-07-29 19:24:52,956 - WARN  [RecvWorker:188978561024:QuorumCnxManager$RecvWorker@765] - Interrupting SendWorker
2015-07-29 19:24:52,956 - WARN  [SendWorker:188978561024:QuorumCnxManager$SendWorker@679] - Interrupted while waiting for message on queue
2015-07-29 19:24:52,957 - WARN  [SendWorker:188978561024:QuorumCnxManager$SendWorker@688] - Send worker leaving thread
2015-07-29 19:24:52,964 - INFO  [/10.10.34.13:3888:QuorumCnxManager$Listener@493] - Received connection request /10.10.34.11:47211
2015-07-29 19:24:52,965 - WARN  [RecvWorker:188978561024:QuorumCnxManager$RecvWorker@762] - Connection broken for id 188978561024, my id = 3, error = 
2015-07-29 19:24:52,965 - WARN  [RecvWorker:188978561024:QuorumCnxManager$RecvWorker@765] - Interrupting SendWorker
2015-07-29 19:24:52,965 - WARN  [SendWorker:188978561024:QuorumCnxManager$SendWorker@679] - Interrupted while waiting for message on queue
2015-07-29 19:24:52,966 - WARN  [SendWorker:188978561024:QuorumCnxManager$SendWorker@688] - Send worker leaving thread
2015-07-29 19:24:52,975 - INFO  [/10.10.34.13:3888:QuorumCnxManager$Listener@493] - Received connection request /10.10.34.11:47215
2015-07-29 19:24:52,975 - WARN  [RecvWorker:188978561024:QuorumCnxManager$RecvWorker@762] - Connection broken for id 188978561024, my id = 3, error = 
2015-07-29 19:24:52,976 - WARN  [RecvWorker:188978561024:QuorumCnxManager$RecvWorker@765] - Interrupting SendWorker
2015-07-29 19:24:52,976 - WARN  [SendWorker:188978561024:QuorumCnxManager$SendWorker@679] - Interrupted while waiting for message on queue
2015-07-29 19:24:52,976 - WARN  [SendWorker:188978561024:QuorumCnxManager$SendWorker@688] - Send worker leaving thread
2015-07-29 19:24:53,034 - INFO  [/10.10.34.13:3888:QuorumCnxManager$Listener@493] - Received connection request /10.10.34.12:47625
2015-07-29 19:24:53,035 - WARN  [RecvWorker:188978561024:QuorumCnxManager$RecvWorker@762] - Connection broken for id 188978561024, my id = 3, error = 
2015-07-29 19:24:53,035 - WARN  [RecvWorker:188978561024:QuorumCnxManager$RecvWorker@765] - Interrupting SendWorker
2015-07-29 19:24:53,036 - WARN  [SendWorker:188978561024:QuorumCnxManager$SendWorker@679] - Interrupted while waiting for message on queue
2015-07-29 19:24:53,036 - WARN  [SendWorker:188978561024:QuorumCnxManager$SendWorker@688] - Send worker leaving thread
2015-07-29 19:24:53,045 - INFO  [/10.10.34.13:3888:QuorumCnxManager$Listener@493] - Received connection request /10.10.34.12:47629
2015-07-29 19:24:53,045 - WARN  [RecvWorker:188978561024:QuorumCnxManager$RecvWorker@762] - Connection broken for id 188978561024, my id = 3, error = 
2015-07-29 19:24:53,046 - WARN  [RecvWorker:188978561024:QuorumCnxManager$RecvWorker@765] - Interrupting SendWorker
2015-07-29 19:24:53,046 - WARN  [SendWorker:188978561024:QuorumCnxManager$SendWorker@679] - Interrupted while waiting for message on queue
2015-07-29 19:24:53,046 - WARN  [SendWorker:188978561024:QuorumCnxManager$SendWorker@688] - Send worker leaving thread
2015-07-29 19:24:53,064 - INFO  [/10.10.34.13:3888:QuorumCnxManager$Listener@493] - Received connection request /10.10.34.12:47633
2015-07-29 19:24:53,065 - WARN  [RecvWorker:188978561024:QuorumCnxManager$RecvWorker@762] - Connection broken for id 188978561024, my id = 3, error = 
2015-07-29 19:24:53,065 - WARN  [RecvWorker:188978561024:QuorumCnxManager$RecvWorker@765] - Interrupting SendWorker
2015-07-29 19:24:53,065 - WARN  [SendWorker:188978561024:QuorumCnxManager$SendWorker@679] - Interrupted while waiting for message on queue
2015-07-29 19:24:53,065 - WARN  [SendWorker:188978561024:QuorumCnxManager$SendWorker@688] - Send worker leaving thread
2015-07-29 19:24:53,066 - INFO  [/10.10.34.13:3888:QuorumCnxManager$Listener@493] - Received connection request /10.10.34.12:47635
2015-07-29 19:24:53,066 - WARN  [RecvWorker:188978561024:QuorumCnxManager$RecvWorker@762] - Connection broken for id 188978561024, my id = 3, error = 
2015-07-29 19:24:53,067 - WARN  [RecvWorker:188978561024:QuorumCnxManager$RecvWorker@765] - Interrupting SendWorker
2015-07-29 19:24:53,067 - WARN  [SendWorker:188978561024:QuorumCnxManager$SendWorker@679] - Interrupted while waiting for message on queue
2015-07-29 19:24:53,067 - WARN  [SendWorker:188978561024:QuorumCnxManager$SendWorker@688] - Send worker leaving thread
2015-07-29 19:24:53,139 - INFO  [/10.10.34.13:3888:QuorumCnxManager$Listener@493] - Received connection request /10.10.34.13:44897
2015-07-29 19:24:53,140 - WARN  [RecvWorker:188978561024:QuorumCnxManager$RecvWorker@762] - Connection broken for id 188978561024, my id = 3, error = 
2015-07-29 19:24:53,140 - WARN  [RecvWorker:188978561024:QuorumCnxManager$RecvWorker@765] - Interrupting SendWorker
2015-07-29 19:24:53,141 - WARN  [SendWorker:188978561024:QuorumCnxManager$SendWorker@679] - Interrupted while waiting for message on queue
2015-07-29 19:24:53,141 - WARN  [SendWorker:188978561024:QuorumCnxManager$SendWorker@688] - Send worker leaving thread
2015-07-29 19:24:53,150 - INFO  [/10.10.34.13:3888:QuorumCnxManager$Listener@493] - Received connection request /10.10.34.13:44900
2015-07-29 19:24:53,151 - WARN  [RecvWorker:188978561024:QuorumCnxManager$RecvWorker@762] - Connection broken for id 188978561024, my id = 3, error = 
2015-07-29 19:24:53,151 - WARN  [RecvWorker:188978561024:QuorumCnxManager$RecvWorker@765] - Interrupting SendWorker
2015-07-29 19:24:53,151 - WARN  [SendWorker:188978561024:QuorumCnxManager$SendWorker@679] - Interrupted while waiting for message on queue
2015-07-29 19:24:53,152 - WARN  [SendWorker:188978561024:QuorumCnxManager$SendWorker@688] - Send worker leaving thread
2015-07-29 19:24:53,155 - INFO  [/10.10.34.13:3888:QuorumCnxManager$Listener@493] - Received connection request /10.10.34.13:44903
2015-07-29 19:24:53,155 - WARN  [RecvWorker:188978561024:QuorumCnxManager$RecvWorker@762] - Connection broken for id 188978561024, my id = 3, error = 
2015-07-29 19:24:53,156 - WARN  [RecvWorker:188978561024:QuorumCnxManager$RecvWorker@765] - Interrupting SendWorker
2015-07-29 19:24:53,156 - WARN  [SendWorker:188978561024:QuorumCnxManager$SendWorker@679] - Interrupted while waiting for message on queue
2015-07-29 19:24:53,156 - WARN  [SendWorker:188978561024:QuorumCnxManager$SendWorker@688] - Send worker leaving thread
2015-07-29 19:24:53,156 - INFO  [/10.10.34.13:3888:QuorumCnxManager$Listener@493] - Received connection request /10.10.34.13:44906
2015-07-29 19:24:53,157 - WARN  [RecvWorker:188978561024:QuorumCnxManager$RecvWorker@762] - Connection broken for id 188978561024, my id = 3, error = 
2015-07-29 19:24:53,157 - WARN  [RecvWorker:188978561024:QuorumCnxManager$RecvWorker@765] - Interrupting SendWorker
2015-07-29 19:24:53,158 - WARN  [SendWorker:188978561024:QuorumCnxManager$SendWorker@679] - Interrupted while waiting for message on queue
2015-07-29 19:24:53,158 - WARN  [SendWorker:188978561024:QuorumCnxManager$SendWorker@688] - Send worker leaving thread
2015-07-29 19:24:56,291 - INFO  [/10.10.34.13:3888:QuorumCnxManager$Listener@493] - Received connection request /10.10.34.11:47217
2015-07-29 19:24:56,291 - WARN  [RecvWorker:188978561024:QuorumCnxManager$RecvWorker@762] - Connection broken for id 188978561024, my id = 3, error = 
2015-07-29 19:24:56,292 - WARN  [RecvWorker:188978561024:QuorumCnxManager$RecvWorker@765] - Interrupting SendWorker
2015-07-29 19:24:56,292 - WARN  [SendWorker:188978561024:QuorumCnxManager$SendWorker@679] - Interrupted while waiting for message on queue
2015-07-29 19:24:56,292 - WARN  [SendWorker:188978561024:QuorumCnxManager$SendWorker@688] - Send worker leaving thread
2015-07-29 19:24:56,296 - INFO  [/10.10.34.13:3888:QuorumCnxManager$Listener@493] - Received connection request /10.10.34.11:47221
2015-07-29 19:24:56,297 - WARN  [RecvWorker:188978561024:QuorumCnxManager$RecvWorker@762] - Connection broken for id 188978561024, my id = 3, error = 
2015-07-29 19:24:56,297 - WARN  [RecvWorker:188978561024:QuorumCnxManager$RecvWorker@765] - Interrupting SendWorker
2015-07-29 19:24:56,297 - WARN  [SendWorker:188978561024:QuorumCnxManager$SendWorker@679] - Interrupted while waiting for message on queue
2015-07-29 19:24:56,298 - WARN  [SendWorker:188978561024:QuorumCnxManager$SendWorker@688] - Send worker leaving thread
2015-07-29 19:24:56,305 - INFO  [/10.10.34.13:3888:QuorumCnxManager$Listener@493] - Received connection request /10.10.34.11:47223
2015-07-29 19:24:56,305 - WARN  [RecvWorker:188978561024:QuorumCnxManager$RecvWorker@762] - Connection broken for id 188978561024, my id = 3, error = 
2015-07-29 19:24:56,305 - WARN  [RecvWorker:188978561024:QuorumCnxManager$RecvWorker@765] - Interrupting SendWorker
2015-07-29 19:24:56,306 - WARN  [SendWorker:188978561024:QuorumCnxManager$SendWorker@679] - Interrupted while waiting for message on queue
2015-07-29 19:24:56,306 - WARN  [SendWorker:188978561024:QuorumCnxManager$SendWorker@688] - Send worker leaving thread
2015-07-29 19:24:56,315 - INFO  [/10.10.34.13:3888:QuorumCnxManager$Listener@493] - Received connection request /10.10.34.11:47227
2015-07-29 19:24:56,316 - WARN  [RecvWorker:188978561024:QuorumCnxManager$RecvWorker@762] - Connection broken for id 188978561024, my id = 3, error = 
2015-07-29 19:24:56,316 - WARN  [RecvWorker:188978561024:QuorumCnxManager$RecvWorker@765] - Interrupting SendWorker
2015-07-29 19:24:56,317 - WARN  [SendWorker:188978561024:QuorumCnxManager$SendWorker@679] - Interrupted while waiting for message on queue
2015-07-29 19:24:56,317 - WARN  [SendWorker:188978561024:QuorumCnxManager$SendWorker@688] - Send worker leaving thread
2015-07-29 19:24:56,375 - INFO  [/10.10.34.13:3888:QuorumCnxManager$Listener@493] - Received connection request /10.10.34.12:47637
2015-07-29 19:24:56,376 - WARN  [RecvWorker:188978561024:QuorumCnxManager$RecvWorker@762] - Connection broken for id 188978561024, my id = 3, error = 
2015-07-29 19:24:56,376 - WARN  [RecvWorker:188978561024:QuorumCnxManager$RecvWorker@765] - Interrupting SendWorker
2015-07-29 19:24:56,376 - WARN  [SendWorker:188978561024:QuorumCnxManager$SendWorker@679] - Interrupted while waiting for message on queue
2015-07-29 19:24:56,376 - WARN  [SendWorker:188978561024:QuorumCnxManager$SendWorker@688] - Send worker leaving thread
2015-07-29 19:24:56,385 - INFO  [/10.10.34.13:3888:QuorumCnxManager$Listener@493] - Received connection request /10.10.34.12:47641
2015-07-29 19:24:56,386 - WARN  [RecvWorker:188978561024:QuorumCnxManager$RecvWorker@762] - Connection broken for id 188978561024, my id = 3, error = 
2015-07-29 19:24:56,386 - WARN  [RecvWorker:188978561024:QuorumCnxManager$RecvWorker@765] - Interrupting SendWorker
2015-07-29 19:24:56,386 - WARN  [SendWorker:188978561024:QuorumCnxManager$SendWorker@679] - Interrupted while waiting for message on queue
2015-07-29 19:24:56,387 - WARN  [SendWorker:188978561024:QuorumCnxManager$SendWorker@688] - Send worker leaving thread
2015-07-29 19:24:56,405 - INFO  [/10.10.34.13:3888:QuorumCnxManager$Listener@493] - Received connection request /10.10.34.12:47645
2015-07-29 19:24:56,405 - WARN  [RecvWorker:188978561024:QuorumCnxManager$RecvWorker@762] - Connection broken for id 188978561024, my id = 3, error = 
2015-07-29 19:24:56,405 - WARN  [RecvWorker:188978561024:QuorumCnxManager$RecvWorker@765] - Interrupting SendWorker
2015-07-29 19:24:56,406 - WARN  [SendWorker:188978561024:QuorumCnxManager$SendWorker@679] - Interrupted while waiting for message on queue
2015-07-29 19:24:56,406 - WARN  [SendWorker:188978561024:QuorumCnxManager$SendWorker@688] - Send worker leaving thread
2015-07-29 19:24:56,406 - INFO  [/10.10.34.13:3888:QuorumCnxManager$Listener@493] - Received connection request /10.10.34.12:47647
2015-07-29 19:24:56,407 - WARN  [RecvWorker:188978561024:QuorumCnxManager$RecvWorker@762] - Connection broken for id 188978561024, my id = 3, error = 
2015-07-29 19:24:56,407 - WARN  [RecvWorker:188978561024:QuorumCnxManager$RecvWorker@765] - Interrupting SendWorker
2015-07-29 19:24:56,407 - WARN  [SendWorker:188978561024:QuorumCnxManager$SendWorker@679] - Interrupted while waiting for message on queue
2015-07-29 19:24:56,408 - WARN  [SendWorker:188978561024:QuorumCnxManager$SendWorker@688] - Send worker leaving thread
2015-07-29 19:24:56,480 - INFO  [/10.10.34.13:3888:QuorumCnxManager$Listener@493] - Received connection request /10.10.34.13:44909
2015-07-29 19:24:56,481 - WARN  [RecvWorker:188978561024:QuorumCnxManager$RecvWorker@762] - Connection broken for id 188978561024, my id = 3, error = 
2015-07-29 19:24:56,481 - WARN  [RecvWorker:188978561024:QuorumCnxManager$RecvWorker@765] - Interrupting SendWorker
2015-07-29 19:24:56,481 - WARN  [SendWorker:188978561024:QuorumCnxManager$SendWorker@679] - Interrupted while waiting for message on queue
2015-07-29 19:24:56,482 - WARN  [SendWorker:188978561024:QuorumCnxManager$SendWorker@688] - Send worker leaving thread
2015-07-29 19:24:56,491 - INFO  [/10.10.34.13:3888:QuorumCnxManager$Listener@493] - Received connection request /10.10.34.13:44912
2015-07-29 19:24:56,492 - WARN  [RecvWorker:188978561024:QuorumCnxManager$RecvWorker@762] - Connection broken for id 188978561024, my id = 3, error = 
2015-07-29 19:24:56,492 - WARN  [RecvWorker:188978561024:QuorumCnxManager$RecvWorker@765] - Interrupting SendWorker
2015-07-29 19:24:56,492 - WARN  [SendWorker:188978561024:QuorumCnxManager$SendWorker@679] - Interrupted while waiting for message on queue
2015-07-29 19:24:56,492 - WARN  [SendWorker:188978561024:QuorumCnxManager$SendWorker@688] - Send worker leaving thread
2015-07-29 19:24:56,495 - INFO  [/10.10.34.13:3888:QuorumCnxManager$Listener@493] - Received connection request /10.10.34.13:44915
2015-07-29 19:24:56,496 - WARN  [RecvWorker:188978561024:QuorumCnxManager$RecvWorker@762] - Connection broken for id 188978561024, my id = 3, error = 
2015-07-29 19:24:56,496 - WARN  [RecvWorker:188978561024:QuorumCnxManager$RecvWorker@765] - Interrupting SendWorker
2015-07-29 19:24:56,496 - WARN  [SendWorker:188978561024:QuorumCnxManager$SendWorker@679] - Interrupted while waiting for message on queue
2015-07-29 19:24:56,497 - WARN  [SendWorker:188978561024:QuorumCnxManager$SendWorker@688] - Send worker leaving thread
2015-07-29 19:24:56,497 - INFO  [/10.10.34.13:3888:QuorumCnxManager$Listener@493] - Received connection request /10.10.34.13:44918
2015-07-29 19:24:56,498 - WARN  [RecvWorker:188978561024:QuorumCnxManager$RecvWorker@762] - Connection broken for id 188978561024, my id = 3, error = 
2015-07-29 19:24:56,498 - WARN  [RecvWorker:188978561024:QuorumCnxManager$RecvWorker@765] - Interrupting SendWorker
2015-07-29 19:24:56,498 - WARN  [SendWorker:188978561024:QuorumCnxManager$SendWorker@679] - Interrupted while waiting for message on queue
2015-07-29 19:24:56,499 - WARN  [SendWorker:188978561024:QuorumCnxManager$SendWorker@688] - Send worker leaving thread
2015-07-29 19:24:59,632 - INFO  [/10.10.34.13:3888:QuorumCnxManager$Listener@493] - Received connection request /10.10.34.11:47229
2015-07-29 19:24:59,632 - WARN  [RecvWorker:188978561024:QuorumCnxManager$RecvWorker@762] - Connection broken for id 188978561024, my id = 3, error = 
2015-07-29 19:24:59,633 - WARN  [RecvWorker:188978561024:QuorumCnxManager$RecvWorker@765] - Interrupting SendWorker
2015-07-29 19:24:59,633 - WARN  [SendWorker:188978561024:QuorumCnxManager$SendWorker@679] - Interrupted while waiting for message on queue
2015-07-29 19:24:59,633 - WARN  [SendWorker:188978561024:QuorumCnxManager$SendWorker@688] - Send worker leaving thread
2015-07-29 19:24:59,637 - INFO  [/10.10.34.13:3888:QuorumCnxManager$Listener@493] - Received connection request /10.10.34.11:47233
2015-07-29 19:24:59,638 - WARN  [RecvWorker:188978561024:QuorumCnxManager$RecvWorker@762] - Connection broken for id 188978561024, my id = 3, error = 
2015-07-29 19:24:59,638 - WARN  [RecvWorker:188978561024:QuorumCnxManager$RecvWorker@765] - Interrupting SendWorker
2015-07-29 19:24:59,638 - WARN  [SendWorker:188978561024:QuorumCnxManager$SendWorker@679] - Interrupted while waiting for message on queue
2015-07-29 19:24:59,639 - WARN  [SendWorker:188978561024:QuorumCnxManager$SendWorker@688] - Send worker leaving thread
2015-07-29 19:24:59,645 - INFO  [/10.10.34.13:3888:QuorumCnxManager$Listener@493] - Received connection request /10.10.34.11:47235
2015-07-29 19:24:59,646 - WARN  [RecvWorker:188978561024:QuorumCnxManager$RecvWorker@762] - Connection broken for id 188978561024, my id = 3, error = 
2015-07-29 19:24:59,646 - WARN  [RecvWorker:188978561024:QuorumCnxManager$RecvWorker@765] - Interrupting SendWorker
2015-07-29 19:24:59,646 - WARN  [SendWorker:188978561024:QuorumCnxManager$SendWorker@679] - Interrupted while waiting for message on queue
2015-07-29 19:24:59,647 - WARN  [SendWorker:188978561024:QuorumCnxManager$SendWorker@688] - Send worker leaving thread
2015-07-29 19:24:59,656 - INFO  [/10.10.34.13:3888:QuorumCnxManager$Listener@493] - Received connection request /10.10.34.11:47239
2015-07-29 19:24:59,657 - WARN  [RecvWorker:188978561024:QuorumCnxManager$RecvWorker@762] - Connection broken for id 188978561024, my id = 3, error = 
2015-07-29 19:24:59,657 - WARN  [RecvWorker:188978561024:QuorumCnxManager$RecvWorker@765] - Interrupting SendWorker
2015-07-29 19:24:59,657 - WARN  [SendWorker:188978561024:QuorumCnxManager$SendWorker@679] - Interrupted while waiting for message on queue
2015-07-29 19:24:59,657 - WARN  [SendWorker:188978561024:QuorumCnxManager$SendWorker@688] - Send worker leaving thread
2015-07-29 19:24:59,716 - INFO  [/10.10.34.13:3888:QuorumCnxManager$Listener@493] - Received connection request /10.10.34.12:47649
2015-07-29 19:24:59,716 - WARN  [RecvWorker:188978561024:QuorumCnxManager$RecvWorker@762] - Connection broken for id 188978561024, my id = 3, error = 
2015-07-29 19:24:59,717 - WARN  [RecvWorker:188978561024:QuorumCnxManager$RecvWorker@765] - Interrupting SendWorker
2015-07-29 19:24:59,717 - WARN  [SendWorker:188978561024:QuorumCnxManager$SendWorker@679] - Interrupted while waiting for message on queue
2015-07-29 19:24:59,717 - WARN  [SendWorker:188978561024:QuorumCnxManager$SendWorker@688] - Send worker leaving thread
2015-07-29 19:24:59,726 - INFO  [/10.10.34.13:3888:QuorumCnxManager$Listener@493] - Received connection request /10.10.34.12:47653
2015-07-29 19:24:59,727 - WARN  [RecvWorker:188978561024:QuorumCnxManager$RecvWorker@762] - Connection broken for id 188978561024, my id = 3, error = 
2015-07-29 19:24:59,727 - WARN  [RecvWorker:188978561024:QuorumCnxManager$RecvWorker@765] - Interrupting SendWorker
2015-07-29 19:24:59,727 - WARN  [SendWorker:188978561024:QuorumCnxManager$SendWorker@679] - Interrupted while waiting for message on queue
2015-07-29 19:24:59,727 - WARN  [SendWorker:188978561024:QuorumCnxManager$SendWorker@688] - Send worker leaving thread
2015-07-29 19:24:59,745 - INFO  [/10.10.34.13:3888:QuorumCnxManager$Listener@493] - Received connection request /10.10.34.12:47657
2015-07-29 19:24:59,746 - WARN  [RecvWorker:188978561024:QuorumCnxManager$RecvWorker@762] - Connection broken for id 188978561024, my id = 3, error = 
2015-07-29 19:24:59,746 - WARN  [RecvWorker:188978561024:QuorumCnxManager$RecvWorker@765] - Interrupting SendWorker
2015-07-29 19:24:59,746 - WARN  [SendWorker:188978561024:QuorumCnxManager$SendWorker@679] - Interrupted while waiting for message on queue
2015-07-29 19:24:59,747 - INFO  [/10.10.34.13:3888:QuorumCnxManager$Listener@493] - Received connection request /10.10.34.12:47659
2015-07-29 19:24:59,747 - WARN  [SendWorker:188978561024:QuorumCnxManager$SendWorker@688] - Send worker leaving thread
2015-07-29 19:24:59,747 - WARN  [RecvWorker:188978561024:QuorumCnxManager$RecvWorker@762] - Connection broken for id 188978561024, my id = 3, error = 
2015-07-29 19:24:59,748 - WARN  [RecvWorker:188978561024:QuorumCnxManager$RecvWorker@765] - Interrupting SendWorker
2015-07-29 19:24:59,748 - WARN  [SendWorker:188978561024:QuorumCnxManager$SendWorker@679] - Interrupted while waiting for message on queue
2015-07-29 19:24:59,748 - WARN  [SendWorker:188978561024:QuorumCnxManager$SendWorker@688] - Send worker leaving thread
2015-07-29 19:24:59,821 - INFO  [/10.10.34.13:3888:QuorumCnxManager$Listener@493] - Received connection request /10.10.34.13:44921
2015-07-29 19:24:59,822 - WARN  [RecvWorker:188978561024:QuorumCnxManager$RecvWorker@762] - Connection broken for id 188978561024, my id = 3, error = 
2015-07-29 19:24:59,822 - WARN  [RecvWorker:188978561024:QuorumCnxManager$RecvWorker@765] - Interrupting SendWorker
2015-07-29 19:24:59,822 - WARN  [SendWorker:188978561024:QuorumCnxManager$SendWorker@679] - Interrupted while waiting for message on queue
2015-07-29 19:24:59,822 - WARN  [SendWorker:188978561024:QuorumCnxManager$SendWorker@688] - Send worker leaving thread
2015-07-29 19:24:59,832 - INFO  [/10.10.34.13:3888:QuorumCnxManager$Listener@493] - Received connection request /10.10.34.13:44924
2015-07-29 19:24:59,832 - WARN  [RecvWorker:188978561024:QuorumCnxManager$RecvWorker@762] - Connection broken for id 188978561024, my id = 3, error = 
2015-07-29 19:24:59,832 - WARN  [RecvWorker:188978561024:QuorumCnxManager$RecvWorker@765] - Interrupting SendWorker
2015-07-29 19:24:59,833 - WARN  [SendWorker:188978561024:QuorumCnxManager$SendWorker@679] - Interrupted while waiting for message on queue
2015-07-29 19:24:59,833 - WARN  [SendWorker:188978561024:QuorumCnxManager$SendWorker@688] - Send worker leaving thread
2015-07-29 19:24:59,836 - INFO  [/10.10.34.13:3888:QuorumCnxManager$Listener@493] - Received connection request /10.10.34.13:44927
2015-07-29 19:24:59,836 - WARN  [RecvWorker:188978561024:QuorumCnxManager$RecvWorker@762] - Connection broken for id 188978561024, my id = 3, error = 
2015-07-29 19:24:59,837 - WARN  [RecvWorker:188978561024:QuorumCnxManager$RecvWorker@765] - Interrupting SendWorker
2015-07-29 19:24:59,837 - WARN  [SendWorker:188978561024:QuorumCnxManager$SendWorker@679] - Interrupted while waiting for message on queue
2015-07-29 19:24:59,837 - WARN  [SendWorker:188978561024:QuorumCnxManager$SendWorker@688] - Send worker leaving thread
2015-07-29 19:24:59,838 - INFO  [/10.10.34.13:3888:QuorumCnxManager$Listener@493] - Received connection request /10.10.34.13:44930
2015-07-29 19:24:59,838 - WARN  [RecvWorker:188978561024:QuorumCnxManager$RecvWorker@762] - Connection broken for id 188978561024, my id = 3, error = 
2015-07-29 19:24:59,838 - WARN  [RecvWorker:188978561024:QuorumCnxManager$RecvWorker@765] - Interrupting SendWorker
2015-07-29 19:24:59,839 - WARN  [SendWorker:188978561024:QuorumCnxManager$SendWorker@679] - Interrupted while waiting for message on queue
2015-07-29 19:24:59,839 - WARN  [SendWorker:188978561024:QuorumCnxManager$SendWorker@688] - Send worker leaving thread
2015-07-29 19:25:02,972 - INFO  [/10.10.34.13:3888:QuorumCnxManager$Listener@493] - Received connection request /10.10.34.11:47241
2015-07-29 19:25:02,973 - WARN  [RecvWorker:188978561024:QuorumCnxManager$RecvWorker@762] - Connection broken for id 188978561024, my id = 3, error = 
2015-07-29 19:25:02,973 - WARN  [RecvWorker:188978561024:QuorumCnxManager$RecvWorker@765] - Interrupting SendWorker
2015-07-29 19:25:02,974 - WARN  [SendWorker:188978561024:QuorumCnxManager$SendWorker@679] - Interrupted while waiting for message on queue
2015-07-29 19:25:02,974 - WARN  [SendWorker:188978561024:QuorumCnxManager$SendWorker@688] - Send worker leaving thread
2015-07-29 19:25:02,978 - INFO  [/10.10.34.13:3888:QuorumCnxManager$Listener@493] - Received connection request /10.10.34.11:47245
2015-07-29 19:25:02,979 - WARN  [RecvWorker:188978561024:QuorumCnxManager$RecvWorker@762] - Connection broken for id 188978561024, my id = 3, error = 
2015-07-29 19:25:02,979 - WARN  [RecvWorker:188978561024:QuorumCnxManager$RecvWorker@765] - Interrupting SendWorker
2015-07-29 19:25:02,979 - WARN  [SendWorker:188978561024:QuorumCnxManager$SendWorker@679] - Interrupted while waiting for message on queue
2015-07-29 19:25:02,980 - WARN  [SendWorker:188978561024:QuorumCnxManager$SendWorker@688] - Send worker leaving thread
2015-07-29 19:25:02,986 - INFO  [/10.10.34.13:3888:QuorumCnxManager$Listener@493] - Received connection request /10.10.34.11:47247
2015-07-29 19:25:02,987 - WARN  [RecvWorker:188978561024:QuorumCnxManager$RecvWorker@762] - Connection broken for id 188978561024, my id = 3, error = 
2015-07-29 19:25:02,987 - WARN  [RecvWorker:188978561024:QuorumCnxManager$RecvWorker@765] - Interrupting SendWorker
2015-07-29 19:25:02,987 - WARN  [SendWorker:188978561024:QuorumCnxManager$SendWorker@679] - Interrupted while waiting for message on queue
2015-07-29 19:25:02,988 - WARN  [SendWorker:188978561024:QuorumCnxManager$SendWorker@688] - Send worker leaving thread
2015-07-29 19:25:02,996 - INFO  [/10.10.34.13:3888:QuorumCnxManager$Listener@493] - Received connection request /10.10.34.11:47251
2015-07-29 19:25:02,997 - WARN  [RecvWorker:188978561024:QuorumCnxManager$RecvWorker@762] - Connection broken for id 188978561024, my id = 3, error = 
2015-07-29 19:25:02,997 - WARN  [RecvWorker:188978561024:QuorumCnxManager$RecvWorker@765] - Interrupting SendWorker
2015-07-29 19:25:02,998 - WARN  [SendWorker:188978561024:QuorumCnxManager$SendWorker@679] - Interrupted while waiting for message on queue
2015-07-29 19:25:02,998 - WARN  [SendWorker:188978561024:QuorumCnxManager$SendWorker@688] - Send worker leaving thread
2015-07-29 19:25:03,056 - INFO  [/10.10.34.13:3888:QuorumCnxManager$Listener@493] - Received connection request /10.10.34.12:47661
2015-07-29 19:25:03,057 - WARN  [RecvWorker:188978561024:QuorumCnxManager$RecvWorker@762] - Connection broken for id 188978561024, my id = 3, error = 
2015-07-29 19:25:03,057 - WARN  [RecvWorker:188978561024:QuorumCnxManager$RecvWorker@765] - Interrupting SendWorker
2015-07-29 19:25:03,058 - WARN  [SendWorker:188978561024:QuorumCnxManager$SendWorker@679] - Interrupted while waiting for message on queue
2015-07-29 19:25:03,058 - WARN  [SendWorker:188978561024:QuorumCnxManager$SendWorker@688] - Send worker leaving thread
2015-07-29 19:25:03,067 - INFO  [/10.10.34.13:3888:QuorumCnxManager$Listener@493] - Received connection request /10.10.34.12:47665
2015-07-29 19:25:03,067 - WARN  [RecvWorker:188978561024:QuorumCnxManager$RecvWorker@762] - Connection broken for id 188978561024, my id = 3, error = 
2015-07-29 19:25:03,067 - WARN  [RecvWorker:188978561024:QuorumCnxManager$RecvWorker@765] - Interrupting SendWorker
2015-07-29 19:25:03,068 - WARN  [SendWorker:188978561024:QuorumCnxManager$SendWorker@679] - Interrupted while waiting for message on queue
2015-07-29 19:25:03,068 - WARN  [SendWorker:188978561024:QuorumCnxManager$SendWorker@688] - Send worker leaving thread
2015-07-29 19:25:03,086 - INFO  [/10.10.34.13:3888:QuorumCnxManager$Listener@493] - Received connection request /10.10.34.12:47669
2015-07-29 19:25:03,087 - WARN  [RecvWorker:188978561024:QuorumCnxManager$RecvWorker@762] - Connection broken for id 188978561024, my id = 3, error = 
2015-07-29 19:25:03,087 - WARN  [RecvWorker:188978561024:QuorumCnxManager$RecvWorker@765] - Interrupting SendWorker
2015-07-29 19:25:03,087 - WARN  [SendWorker:188978561024:QuorumCnxManager$SendWorker@679] - Interrupted while waiting for message on queue
2015-07-29 19:25:03,087 - INFO  [/10.10.34.13:3888:QuorumCnxManager$Listener@493] - Received connection request /10.10.34.12:47671
2015-07-29 19:25:03,087 - WARN  [SendWorker:188978561024:QuorumCnxManager$SendWorker@688] - Send worker leaving thread
2015-07-29 19:25:03,088 - WARN  [RecvWorker:188978561024:QuorumCnxManager$RecvWorker@762] - Connection broken for id 188978561024, my id = 3, error = 
2015-07-29 19:25:03,088 - WARN  [RecvWorker:188978561024:QuorumCnxManager$RecvWorker@765] - Interrupting SendWorker
2015-07-29 19:25:03,089 - WARN  [SendWorker:188978561024:QuorumCnxManager$SendWorker@679] - Interrupted while waiting for message on queue
2015-07-29 19:25:03,089 - WARN  [SendWorker:188978561024:QuorumCnxManager$SendWorker@688] - Send worker leaving thread
2015-07-29 19:25:03,161 - INFO  [/10.10.34.13:3888:QuorumCnxManager$Listener@493] - Received connection request /10.10.34.13:44933
2015-07-29 19:25:03,162 - WARN  [RecvWorker:188978561024:QuorumCnxManager$RecvWorker@762] - Connection broken for id 188978561024, my id = 3, error = 
2015-07-29 19:25:03,162 - WARN  [RecvWorker:188978561024:QuorumCnxManager$RecvWorker@765] - Interrupting SendWorker
2015-07-29 19:25:03,163 - WARN  [SendWorker:188978561024:QuorumCnxManager$SendWorker@679] - Interrupted while waiting for message on queue
2015-07-29 19:25:03,163 - WARN  [SendWorker:188978561024:QuorumCnxManager$SendWorker@688] - Send worker leaving thread
2015-07-29 19:25:03,172 - INFO  [/10.10.34.13:3888:QuorumCnxManager$Listener@493] - Received connection request /10.10.34.13:44936
2015-07-29 19:25:03,173 - WARN  [RecvWorker:188978561024:QuorumCnxManager$RecvWorker@762] - Connection broken for id 188978561024, my id = 3, error = 
2015-07-29 19:25:03,173 - WARN  [RecvWorker:188978561024:QuorumCnxManager$RecvWorker@765] - Interrupting SendWorker
2015-07-29 19:25:03,173 - WARN  [SendWorker:188978561024:QuorumCnxManager$SendWorker@679] - Interrupted while waiting for message on queue
2015-07-29 19:25:03,174 - WARN  [SendWorker:188978561024:QuorumCnxManager$SendWorker@688] - Send worker leaving thread
2015-07-29 19:25:03,176 - INFO  [/10.10.34.13:3888:QuorumCnxManager$Listener@493] - Received connection request /10.10.34.13:44939
2015-07-29 19:25:03,177 - WARN  [RecvWorker:188978561024:QuorumCnxManager$RecvWorker@762] - Connection broken for id 188978561024, my id = 3, error = 
2015-07-29 19:25:03,177 - WARN  [RecvWorker:188978561024:QuorumCnxManager$RecvWorker@765] - Interrupting SendWorker
2015-07-29 19:25:03,178 - WARN  [SendWorker:188978561024:QuorumCnxManager$SendWorker@679] - Interrupted while waiting for message on queue
2015-07-29 19:25:03,178 - WARN  [SendWorker:188978561024:QuorumCnxManager$SendWorker@688] - Send worker leaving thread
2015-07-29 19:25:03,178 - INFO  [/10.10.34.13:3888:QuorumCnxManager$Listener@493] - Received connection request /10.10.34.13:44942
2015-07-29 19:25:03,179 - WARN  [RecvWorker:188978561024:QuorumCnxManager$RecvWorker@762] - Connection broken for id 188978561024, my id = 3, error = 
2015-07-29 19:25:03,179 - WARN  [RecvWorker:188978561024:QuorumCnxManager$RecvWorker@765] - Interrupting SendWorker
2015-07-29 19:25:03,179 - WARN  [SendWorker:188978561024:QuorumCnxManager$SendWorker@679] - Interrupted while waiting for message on queue
2015-07-29 19:25:03,180 - WARN  [SendWorker:188978561024:QuorumCnxManager$SendWorker@688] - Send worker leaving thread
2015-07-29 19:25:06,313 - INFO  [/10.10.34.13:3888:QuorumCnxManager$Listener@493] - Received connection request /10.10.34.11:47253
2015-07-29 19:25:06,314 - WARN  [RecvWorker:188978561024:QuorumCnxManager$RecvWorker@762] - Connection broken for id 188978561024, my id = 3, error = 
2015-07-29 19:25:06,314 - WARN  [RecvWorker:188978561024:QuorumCnxManager$RecvWorker@765] - Interrupting SendWorker
2015-07-29 19:25:06,315 - WARN  [SendWorker:188978561024:QuorumCnxManager$SendWorker@679] - Interrupted while waiting for message on queue
2015-07-29 19:25:06,315 - WARN  [SendWorker:188978561024:QuorumCnxManager$SendWorker@688] - Send worker leaving thread
2015-07-29 19:25:06,319 - INFO  [/10.10.34.13:3888:QuorumCnxManager$Listener@493] - Received connection request /10.10.34.11:47257
2015-07-29 19:25:06,320 - WARN  [RecvWorker:188978561024:QuorumCnxManager$RecvWorker@762] - Connection broken for id 188978561024, my id = 3, error = 
2015-07-29 19:25:06,320 - WARN  [RecvWorker:188978561024:QuorumCnxManager$RecvWorker@765] - Interrupting SendWorker
2015-07-29 19:25:06,320 - WARN  [SendWorker:188978561024:QuorumCnxManager$SendWorker@679] - Interrupted while waiting for message on queue
2015-07-29 19:25:06,320 - WARN  [SendWorker:188978561024:QuorumCnxManager$SendWorker@688] - Send worker leaving thread
2015-07-29 19:25:06,327 - INFO  [/10.10.34.13:3888:QuorumCnxManager$Listener@493] - Received connection request /10.10.34.11:47259
2015-07-29 19:25:06,327 - WARN  [RecvWorker:188978561024:QuorumCnxManager$RecvWorker@762] - Connection broken for id 188978561024, my id = 3, error = 
2015-07-29 19:25:06,328 - WARN  [RecvWorker:188978561024:QuorumCnxManager$RecvWorker@765] - Interrupting SendWorker
2015-07-29 19:25:06,328 - WARN  [SendWorker:188978561024:QuorumCnxManager$SendWorker@679] - Interrupted while waiting for message on queue
2015-07-29 19:25:06,328 - WARN  [SendWorker:188978561024:QuorumCnxManager$SendWorker@688] - Send worker leaving thread
2015-07-29 19:25:06,337 - INFO  [/10.10.34.13:3888:QuorumCnxManager$Listener@493] - Received connection request /10.10.34.11:47263
2015-07-29 19:25:06,338 - WARN  [RecvWorker:188978561024:QuorumCnxManager$RecvWorker@762] - Connection broken for id 188978561024, my id = 3, error = 
2015-07-29 19:25:06,338 - WARN  [RecvWorker:188978561024:QuorumCnxManager$RecvWorker@765] - Interrupting SendWorker
2015-07-29 19:25:06,338 - WARN  [SendWorker:188978561024:QuorumCnxManager$SendWorker@679] - Interrupted while waiting for message on queue
2015-07-29 19:25:06,339 - WARN  [SendWorker:188978561024:QuorumCnxManager$SendWorker@688] - Send worker leaving thread
2015-07-29 19:25:06,397 - INFO  [/10.10.34.13:3888:QuorumCnxManager$Listener@493] - Received connection request /10.10.34.12:47673
2015-07-29 19:25:06,398 - WARN  [RecvWorker:188978561024:QuorumCnxManager$RecvWorker@762] - Connection broken for id 188978561024, my id = 3, error = 
2015-07-29 19:25:06,398 - WARN  [RecvWorker:188978561024:QuorumCnxManager$RecvWorker@765] - Interrupting SendWorker
2015-07-29 19:25:06,398 - WARN  [SendWorker:188978561024:QuorumCnxManager$SendWorker@679] - Interrupted while waiting for message on queue
2015-07-29 19:25:06,399 - WARN  [SendWorker:188978561024:QuorumCnxManager$SendWorker@688] - Send worker leaving thread
2015-07-29 19:25:06,407 - INFO  [/10.10.34.13:3888:QuorumCnxManager$Listener@493] - Received connection request /10.10.34.12:47677
2015-07-29 19:25:06,408 - WARN  [RecvWorker:188978561024:QuorumCnxManager$RecvWorker@762] - Connection broken for id 188978561024, my id = 3, error = 
2015-07-29 19:25:06,408 - WARN  [RecvWorker:188978561024:QuorumCnxManager$RecvWorker@765] - Interrupting SendWorker
2015-07-29 19:25:06,408 - WARN  [SendWorker:188978561024:QuorumCnxManager$SendWorker@679] - Interrupted while waiting for message on queue
2015-07-29 19:25:06,409 - WARN  [SendWorker:188978561024:QuorumCnxManager$SendWorker@688] - Send worker leaving thread
2015-07-29 19:25:06,427 - INFO  [/10.10.34.13:3888:QuorumCnxManager$Listener@493] - Received connection request /10.10.34.12:47681
2015-07-29 19:25:06,427 - WARN  [RecvWorker:188978561024:QuorumCnxManager$RecvWorker@762] - Connection broken for id 188978561024, my id = 3, error = 
2015-07-29 19:25:06,428 - WARN  [RecvWorker:188978561024:QuorumCnxManager$RecvWorker@765] - Interrupting SendWorker
2015-07-29 19:25:06,428 - WARN  [SendWorker:188978561024:QuorumCnxManager$SendWorker@679] - Interrupted while waiting for message on queue
2015-07-29 19:25:06,428 - INFO  [/10.10.34.13:3888:QuorumCnxManager$Listener@493] - Received connection request /10.10.34.12:47683
2015-07-29 19:25:06,428 - WARN  [SendWorker:188978561024:QuorumCnxManager$SendWorker@688] - Send worker leaving thread
2015-07-29 19:25:06,429 - WARN  [RecvWorker:188978561024:QuorumCnxManager$RecvWorker@762] - Connection broken for id 188978561024, my id = 3, error = 
2015-07-29 19:25:06,429 - WARN  [RecvWorker:188978561024:QuorumCnxManager$RecvWorker@765] - Interrupting SendWorker
2015-07-29 19:25:06,429 - WARN  [SendWorker:188978561024:QuorumCnxManager$SendWorker@679] - Interrupted while waiting for message on queue
2015-07-29 19:25:06,430 - WARN  [SendWorker:188978561024:QuorumCnxManager$SendWorker@688] - Send worker leaving thread
2015-07-29 19:25:06,502 - INFO  [/10.10.34.13:3888:QuorumCnxManager$Listener@493] - Received connection request /10.10.34.13:44945
2015-07-29 19:25:06,503 - WARN  [RecvWorker:188978561024:QuorumCnxManager$RecvWorker@762] - Connection broken for id 188978561024, my id = 3, error = 
2015-07-29 19:25:06,503 - WARN  [RecvWorker:188978561024:QuorumCnxManager$RecvWorker@765] - Interrupting SendWorker
2015-07-29 19:25:06,504 - WARN  [SendWorker:188978561024:QuorumCnxManager$SendWorker@679] - Interrupted while waiting for message on queue
2015-07-29 19:25:06,504 - WARN  [SendWorker:188978561024:QuorumCnxManager$SendWorker@688] - Send worker leaving thread
2015-07-29 19:25:06,513 - INFO  [/10.10.34.13:3888:QuorumCnxManager$Listener@493] - Received connection request /10.10.34.13:44948
2015-07-29 19:25:06,514 - WARN  [RecvWorker:188978561024:QuorumCnxManager$RecvWorker@762] - Connection broken for id 188978561024, my id = 3, error = 
2015-07-29 19:25:06,514 - WARN  [RecvWorker:188978561024:QuorumCnxManager$RecvWorker@765] - Interrupting SendWorker
2015-07-29 19:25:06,514 - WARN  [SendWorker:188978561024:QuorumCnxManager$SendWorker@679] - Interrupted while waiting for message on queue
2015-07-29 19:25:06,514 - WARN  [SendWorker:188978561024:QuorumCnxManager$SendWorker@688] - Send worker leaving thread
2015-07-29 19:25:06,517 - INFO  [/10.10.34.13:3888:QuorumCnxManager$Listener@493] - Received connection request /10.10.34.13:44951
2015-07-29 19:25:06,517 - WARN  [RecvWorker:188978561024:QuorumCnxManager$RecvWorker@762] - Connection broken for id 188978561024, my id = 3, error = 
2015-07-29 19:25:06,518 - WARN  [RecvWorker:188978561024:QuorumCnxManager$RecvWorker@765] - Interrupting SendWorker
2015-07-29 19:25:06,518 - WARN  [SendWorker:188978561024:QuorumCnxManager$SendWorker@679] - Interrupted while waiting for message on queue
2015-07-29 19:25:06,518 - WARN  [SendWorker:188978561024:QuorumCnxManager$SendWorker@688] - Send worker leaving thread
2015-07-29 19:25:06,519 - INFO  [/10.10.34.13:3888:QuorumCnxManager$Listener@493] - Received connection request /10.10.34.13:44954
2015-07-29 19:25:06,519 - WARN  [RecvWorker:188978561024:QuorumCnxManager$RecvWorker@762] - Connection broken for id 188978561024, my id = 3, error = 
2015-07-29 19:25:06,520 - WARN  [RecvWorker:188978561024:QuorumCnxManager$RecvWorker@765] - Interrupting SendWorker
2015-07-29 19:25:06,520 - WARN  [SendWorker:188978561024:QuorumCnxManager$SendWorker@679] - Interrupted while waiting for message on queue
2015-07-29 19:25:06,520 - WARN  [SendWorker:188978561024:QuorumCnxManager$SendWorker@688] - Send worker leaving thread
2015-07-29 19:25:09,660 - INFO  [/10.10.34.13:3888:QuorumCnxManager$Listener@493] - Received connection request /10.10.34.11:47267
2015-07-29 19:25:09,661 - WARN  [RecvWorker:188978561024:QuorumCnxManager$RecvWorker@762] - Connection broken for id 188978561024, my id = 3, error = 
2015-07-29 19:25:09,661 - WARN  [RecvWorker:188978561024:QuorumCnxManager$RecvWorker@765] - Interrupting SendWorker
2015-07-29 19:25:09,661 - INFO  [/10.10.34.13:3888:QuorumCnxManager$Listener@493] - Received connection request /10.10.34.11:47268
2015-07-29 19:25:09,662 - WARN  [SendWorker:188978561024:QuorumCnxManager$SendWorker@679] - Interrupted while waiting for message on queue
2015-07-29 19:25:09,662 - WARN  [SendWorker:188978561024:QuorumCnxManager$SendWorker@688] - Send worker leaving thread
2015-07-29 19:25:09,662 - WARN  [RecvWorker:188978561024:QuorumCnxManager$RecvWorker@762] - Connection broken for id 188978561024, my id = 3, error = 
2015-07-29 19:25:09,663 - WARN  [RecvWorker:188978561024:QuorumCnxManager$RecvWorker@765] - Interrupting SendWorker
2015-07-29 19:25:09,663 - WARN  [SendWorker:188978561024:QuorumCnxManager$SendWorker@679] - Interrupted while waiting for message on queue
2015-07-29 19:25:09,663 - WARN  [SendWorker:188978561024:QuorumCnxManager$SendWorker@688] - Send worker leaving thread
2015-07-29 19:25:09,667 - INFO  [/10.10.34.13:3888:QuorumCnxManager$Listener@493] - Received connection request /10.10.34.11:47271
2015-07-29 19:25:09,668 - WARN  [RecvWorker:188978561024:QuorumCnxManager$RecvWorker@762] - Connection broken for id 188978561024, my id = 3, error = 
2015-07-29 19:25:09,668 - WARN  [RecvWorker:188978561024:QuorumCnxManager$RecvWorker@765] - Interrupting SendWorker
2015-07-29 19:25:09,668 - WARN  [SendWorker:188978561024:QuorumCnxManager$SendWorker@679] - Interrupted while waiting for message on queue
2015-07-29 19:25:09,669 - WARN  [SendWorker:188978561024:QuorumCnxManager$SendWorker@688] - Send worker leaving thread
2015-07-29 19:25:09,678 - INFO  [/10.10.34.13:3888:QuorumCnxManager$Listener@493] - Received connection request /10.10.34.11:47275
2015-07-29 19:25:09,678 - WARN  [RecvWorker:188978561024:QuorumCnxManager$RecvWorker@762] - Connection broken for id 188978561024, my id = 3, error = 
2015-07-29 19:25:09,679 - WARN  [RecvWorker:188978561024:QuorumCnxManager$RecvWorker@765] - Interrupting SendWorker
2015-07-29 19:25:09,679 - WARN  [SendWorker:188978561024:QuorumCnxManager$SendWorker@679] - Interrupted while waiting for message on queue
2015-07-29 19:25:09,679 - WARN  [SendWorker:188978561024:QuorumCnxManager$SendWorker@688] - Send worker leaving thread
2015-07-29 19:25:09,738 - INFO  [/10.10.34.13:3888:QuorumCnxManager$Listener@493] - Received connection request /10.10.34.12:47685
2015-07-29 19:25:09,738 - WARN  [RecvWorker:188978561024:QuorumCnxManager$RecvWorker@762] - Connection broken for id 188978561024, my id = 3, error = 
2015-07-29 19:25:09,739 - WARN  [RecvWorker:188978561024:QuorumCnxManager$RecvWorker@765] - Interrupting SendWorker
2015-07-29 19:25:09,739 - WARN  [SendWorker:188978561024:QuorumCnxManager$SendWorker@679] - Interrupted while waiting for message on queue
2015-07-29 19:25:09,739 - WARN  [SendWorker:188978561024:QuorumCnxManager$SendWorker@688] - Send worker leaving thread
2015-07-29 19:25:09,748 - INFO  [/10.10.34.13:3888:QuorumCnxManager$Listener@493] - Received connection request /10.10.34.12:47689
2015-07-29 19:25:09,748 - WARN  [RecvWorker:188978561024:QuorumCnxManager$RecvWorker@762] - Connection broken for id 188978561024, my id = 3, error = 
2015-07-29 19:25:09,749 - WARN  [RecvWorker:188978561024:QuorumCnxManager$RecvWorker@765] - Interrupting SendWorker
2015-07-29 19:25:09,749 - WARN  [SendWorker:188978561024:QuorumCnxManager$SendWorker@679] - Interrupted while waiting for message on queue
2015-07-29 19:25:09,749 - WARN  [SendWorker:188978561024:QuorumCnxManager$SendWorker@688] - Send worker leaving thread
2015-07-29 19:25:09,767 - INFO  [/10.10.34.13:3888:QuorumCnxManager$Listener@493] - Received connection request /10.10.34.12:47693
2015-07-29 19:25:09,768 - WARN  [RecvWorker:188978561024:QuorumCnxManager$RecvWorker@762] - Connection broken for id 188978561024, my id = 3, error = 
2015-07-29 19:25:09,768 - WARN  [RecvWorker:188978561024:QuorumCnxManager$RecvWorker@765] - Interrupting SendWorker
2015-07-29 19:25:09,768 - WARN  [SendWorker:188978561024:QuorumCnxManager$SendWorker@679] - Interrupted while waiting for message on queue
2015-07-29 19:25:09,769 - INFO  [/10.10.34.13:3888:QuorumCnxManager$Listener@493] - Received connection request /10.10.34.12:47695
2015-07-29 19:25:09,769 - WARN  [SendWorker:188978561024:QuorumCnxManager$SendWorker@688] - Send worker leaving thread
2015-07-29 19:25:09,769 - WARN  [RecvWorker:188978561024:QuorumCnxManager$RecvWorker@762] - Connection broken for id 188978561024, my id = 3, error = 
2015-07-29 19:25:09,770 - WARN  [RecvWorker:188978561024:QuorumCnxManager$RecvWorker@765] - Interrupting SendWorker
2015-07-29 19:25:09,770 - WARN  [SendWorker:188978561024:QuorumCnxManager$SendWorker@679] - Interrupted while waiting for message on queue
2015-07-29 19:25:09,770 - WARN  [SendWorker:188978561024:QuorumCnxManager$SendWorker@688] - Send worker leaving thread
2015-07-29 19:25:09,843 - INFO  [/10.10.34.13:3888:QuorumCnxManager$Listener@493] - Received connection request /10.10.34.13:44957
2015-07-29 19:25:09,844 - WARN  [RecvWorker:188978561024:QuorumCnxManager$RecvWorker@762] - Connection broken for id 188978561024, my id = 3, error = 
2015-07-29 19:25:09,844 - WARN  [RecvWorker:188978561024:QuorumCnxManager$RecvWorker@765] - Interrupting SendWorker
2015-07-29 19:25:09,844 - WARN  [SendWorker:188978561024:QuorumCnxManager$SendWorker@679] - Interrupted while waiting for message on queue
2015-07-29 19:25:09,845 - WARN  [SendWorker:188978561024:QuorumCnxManager$SendWorker@688] - Send worker leaving thread
2015-07-29 19:25:09,854 - INFO  [/10.10.34.13:3888:QuorumCnxManager$Listener@493] - Received connection request /10.10.34.13:44960
2015-07-29 19:25:09,854 - WARN  [RecvWorker:188978561024:QuorumCnxManager$RecvWorker@762] - Connection broken for id 188978561024, my id = 3, error = 
2015-07-29 19:25:09,854 - WARN  [RecvWorker:188978561024:QuorumCnxManager$RecvWorker@765] - Interrupting SendWorker
2015-07-29 19:25:09,855 - WARN  [SendWorker:188978561024:QuorumCnxManager$SendWorker@679] - Interrupted while waiting for message on queue
2015-07-29 19:25:09,855 - WARN  [SendWorker:188978561024:QuorumCnxManager$SendWorker@688] - Send worker leaving thread
2015-07-29 19:25:09,857 - INFO  [/10.10.34.13:3888:QuorumCnxManager$Listener@493] - Received connection request /10.10.34.13:44963
2015-07-29 19:25:09,858 - WARN  [RecvWorker:188978561024:QuorumCnxManager$RecvWorker@762] - Connection broken for id 188978561024, my id = 3, error = 
2015-07-29 19:25:09,858 - WARN  [RecvWorker:188978561024:QuorumCnxManager$RecvWorker@765] - Interrupting SendWorker
2015-07-29 19:25:09,859 - WARN  [SendWorker:188978561024:QuorumCnxManager$SendWorker@679] - Interrupted while waiting for message on queue
2015-07-29 19:25:09,859 - WARN  [SendWorker:188978561024:QuorumCnxManager$SendWorker@688] - Send worker leaving thread
2015-07-29 19:25:09,859 - INFO  [/10.10.34.13:3888:QuorumCnxManager$Listener@493] - Received connection request /10.10.34.13:44966
2015-07-29 19:25:09,860 - WARN  [RecvWorker:188978561024:QuorumCnxManager$RecvWorker@762] - Connection broken for id 188978561024, my id = 3, error = 
2015-07-29 19:25:09,860 - WARN  [RecvWorker:188978561024:QuorumCnxManager$RecvWorker@765] - Interrupting SendWorker
2015-07-29 19:25:09,860 - WARN  [SendWorker:188978561024:QuorumCnxManager$SendWorker@679] - Interrupted while waiting for message on queue
2015-07-29 19:25:09,861 - WARN  [SendWorker:188978561024:QuorumCnxManager$SendWorker@688] - Send worker leaving thread
2015-07-29 19:25:13,001 - INFO  [/10.10.34.13:3888:QuorumCnxManager$Listener@493] - Received connection request /10.10.34.11:47279
2015-07-29 19:25:13,002 - WARN  [RecvWorker:188978561024:QuorumCnxManager$RecvWorker@762] - Connection broken for id 188978561024, my id = 3, error = 
2015-07-29 19:25:13,002 - WARN  [RecvWorker:188978561024:QuorumCnxManager$RecvWorker@765] - Interrupting SendWorker
2015-07-29 19:25:13,003 - WARN  [SendWorker:188978561024:QuorumCnxManager$SendWorker@679] - Interrupted while waiting for message on queue
2015-07-29 19:25:13,003 - WARN  [SendWorker:188978561024:QuorumCnxManager$SendWorker@688] - Send worker leaving thread
2015-07-29 19:25:13,003 - INFO  [/10.10.34.13:3888:QuorumCnxManager$Listener@493] - Received connection request /10.10.34.11:47280
2015-07-29 19:25:13,004 - WARN  [RecvWorker:188978561024:QuorumCnxManager$RecvWorker@762] - Connection broken for id 188978561024, my id = 3, error = 
2015-07-29 19:25:13,004 - WARN  [RecvWorker:188978561024:QuorumCnxManager$RecvWorker@765] - Interrupting SendWorker
2015-07-29 19:25:13,004 - WARN  [SendWorker:188978561024:QuorumCnxManager$SendWorker@679] - Interrupted while waiting for message on queue
2015-07-29 19:25:13,005 - WARN  [SendWorker:188978561024:QuorumCnxManager$SendWorker@688] - Send worker leaving thread
2015-07-29 19:25:13,008 - INFO  [/10.10.34.13:3888:QuorumCnxManager$Listener@493] - Received connection request /10.10.34.11:47283
2015-07-29 19:25:13,008 - WARN  [RecvWorker:188978561024:QuorumCnxManager$RecvWorker@762] - Connection broken for id 188978561024, my id = 3, error = 
2015-07-29 19:25:13,009 - WARN  [RecvWorker:188978561024:QuorumCnxManager$RecvWorker@765] - Interrupting SendWorker
2015-07-29 19:25:13,009 - WARN  [SendWorker:188978561024:QuorumCnxManager$SendWorker@679] - Interrupted while waiting for message on queue
2015-07-29 19:25:13,009 - WARN  [SendWorker:188978561024:QuorumCnxManager$SendWorker@688] - Send worker leaving thread
2015-07-29 19:25:13,018 - INFO  [/10.10.34.13:3888:QuorumCnxManager$Listener@493] - Received connection request /10.10.34.11:47287
2015-07-29 19:25:13,019 - WARN  [RecvWorker:188978561024:QuorumCnxManager$RecvWorker@762] - Connection broken for id 188978561024, my id = 3, error = 
2015-07-29 19:25:13,019 - WARN  [RecvWorker:188978561024:QuorumCnxManager$RecvWorker@765] - Interrupting SendWorker
2015-07-29 19:25:13,019 - WARN  [SendWorker:188978561024:QuorumCnxManager$SendWorker@679] - Interrupted while waiting for message on queue
2015-07-29 19:25:13,020 - WARN  [SendWorker:188978561024:QuorumCnxManager$SendWorker@688] - Send worker leaving thread
2015-07-29 19:25:13,079 - INFO  [/10.10.34.13:3888:QuorumCnxManager$Listener@493] - Received connection request /10.10.34.12:47697
2015-07-29 19:25:13,079 - WARN  [RecvWorker:188978561024:QuorumCnxManager$RecvWorker@762] - Connection broken for id 188978561024, my id = 3, error = 
2015-07-29 19:25:13,079 - WARN  [RecvWorker:188978561024:QuorumCnxManager$RecvWorker@765] - Interrupting SendWorker
2015-07-29 19:25:13,080 - WARN  [SendWorker:188978561024:QuorumCnxManager$SendWorker@679] - Interrupted while waiting for message on queue
2015-07-29 19:25:13,080 - WARN  [SendWorker:188978561024:QuorumCnxManager$SendWorker@688] - Send worker leaving thread
2015-07-29 19:25:13,089 - INFO  [/10.10.34.13:3888:QuorumCnxManager$Listener@493] - Received connection request /10.10.34.12:47701
2015-07-29 19:25:13,089 - WARN  [RecvWorker:188978561024:QuorumCnxManager$RecvWorker@762] - Connection broken for id 188978561024, my id = 3, error = 
2015-07-29 19:25:13,090 - WARN  [RecvWorker:188978561024:QuorumCnxManager$RecvWorker@765] - Interrupting SendWorker
2015-07-29 19:25:13,090 - WARN  [SendWorker:188978561024:QuorumCnxManager$SendWorker@679] - Interrupted while waiting for message on queue
2015-07-29 19:25:13,090 - WARN  [SendWorker:188978561024:QuorumCnxManager$SendWorker@688] - Send worker leaving thread
2015-07-29 19:25:13,108 - INFO  [/10.10.34.13:3888:QuorumCnxManager$Listener@493] - Received connection request /10.10.34.12:47705
2015-07-29 19:25:13,109 - WARN  [RecvWorker:188978561024:QuorumCnxManager$RecvWorker@762] - Connection broken for id 188978561024, my id = 3, error = 
2015-07-29 19:25:13,109 - WARN  [RecvWorker:188978561024:QuorumCnxManager$RecvWorker@765] - Interrupting SendWorker
2015-07-29 19:25:13,109 - WARN  [SendWorker:188978561024:QuorumCnxManager$SendWorker@679] - Interrupted while waiting for message on queue
2015-07-29 19:25:13,109 - WARN  [SendWorker:188978561024:QuorumCnxManager$SendWorker@688] - Send worker leaving thread
2015-07-29 19:25:13,109 - INFO  [/10.10.34.13:3888:QuorumCnxManager$Listener@493] - Received connection request /10.10.34.12:47707
2015-07-29 19:25:13,110 - WARN  [RecvWorker:188978561024:QuorumCnxManager$RecvWorker@762] - Connection broken for id 188978561024, my id = 3, error = 
2015-07-29 19:25:13,110 - WARN  [RecvWorker:188978561024:QuorumCnxManager$RecvWorker@765] - Interrupting SendWorker
2015-07-29 19:25:13,111 - WARN  [SendWorker:188978561024:QuorumCnxManager$SendWorker@679] - Interrupted while waiting for message on queue
2015-07-29 19:25:13,111 - WARN  [SendWorker:188978561024:QuorumCnxManager$SendWorker@688] - Send worker leaving thread
2015-07-29 19:25:13,184 - INFO  [/10.10.34.13:3888:QuorumCnxManager$Listener@493] - Received connection request /10.10.34.13:44969
2015-07-29 19:25:13,184 - WARN  [RecvWorker:188978561024:QuorumCnxManager$RecvWorker@762] - Connection broken for id 188978561024, my id = 3, error = 
2015-07-29 19:25:13,185 - WARN  [RecvWorker:188978561024:QuorumCnxManager$RecvWorker@765] - Interrupting SendWorker
2015-07-29 19:25:13,185 - WARN  [SendWorker:188978561024:QuorumCnxManager$SendWorker@679] - Interrupted while waiting for message on queue
2015-07-29 19:25:13,185 - WARN  [SendWorker:188978561024:QuorumCnxManager$SendWorker@688] - Send worker leaving thread
2015-07-29 19:25:13,194 - INFO  [/10.10.34.13:3888:QuorumCnxManager$Listener@493] - Received connection request /10.10.34.13:44972
2015-07-29 19:25:13,195 - WARN  [RecvWorker:188978561024:QuorumCnxManager$RecvWorker@762] - Connection broken for id 188978561024, my id = 3, error = 
2015-07-29 19:25:13,195 - WARN  [RecvWorker:188978561024:QuorumCnxManager$RecvWorker@765] - Interrupting SendWorker
2015-07-29 19:25:13,195 - WARN  [SendWorker:188978561024:QuorumCnxManager$SendWorker@679] - Interrupted while waiting for message on queue
2015-07-29 19:25:13,196 - WARN  [SendWorker:188978561024:QuorumCnxManager$SendWorker@688] - Send worker leaving thread
2015-07-29 19:25:13,198 - INFO  [/10.10.34.13:3888:QuorumCnxManager$Listener@493] - Received connection request /10.10.34.13:44975
2015-07-29 19:25:13,199 - WARN  [RecvWorker:188978561024:QuorumCnxManager$RecvWorker@762] - Connection broken for id 188978561024, my id = 3, error = 
2015-07-29 19:25:13,199 - WARN  [RecvWorker:188978561024:QuorumCnxManager$RecvWorker@765] - Interrupting SendWorker
2015-07-29 19:25:13,199 - WARN  [SendWorker:188978561024:QuorumCnxManager$SendWorker@679] - Interrupted while waiting for message on queue
2015-07-29 19:25:13,199 - WARN  [SendWorker:188978561024:QuorumCnxManager$SendWorker@688] - Send worker leaving thread
2015-07-29 19:25:13,200 - INFO  [/10.10.34.13:3888:QuorumCnxManager$Listener@493] - Received connection request /10.10.34.13:44978
2015-07-29 19:25:13,200 - WARN  [RecvWorker:188978561024:QuorumCnxManager$RecvWorker@762] - Connection broken for id 188978561024, my id = 3, error = 
2015-07-29 19:25:13,201 - WARN  [RecvWorker:188978561024:QuorumCnxManager$RecvWorker@765] - Interrupting SendWorker
2015-07-29 19:25:13,201 - WARN  [SendWorker:188978561024:QuorumCnxManager$SendWorker@679] - Interrupted while waiting for message on queue
2015-07-29 19:25:13,201 - WARN  [SendWorker:188978561024:QuorumCnxManager$SendWorker@688] - Send worker leaving thread
2015-07-29 19:25:16,342 - INFO  [/10.10.34.13:3888:QuorumCnxManager$Listener@493] - Received connection request /10.10.34.11:47290
2015-07-29 19:25:16,343 - WARN  [RecvWorker:188978561024:QuorumCnxManager$RecvWorker@762] - Connection broken for id 188978561024, my id = 3, error = 
2015-07-29 19:25:16,343 - WARN  [RecvWorker:188978561024:QuorumCnxManager$RecvWorker@765] - Interrupting SendWorker
2015-07-29 19:25:16,343 - WARN  [SendWorker:188978561024:QuorumCnxManager$SendWorker@679] - Interrupted while waiting for message on queue
2015-07-29 19:25:16,344 - INFO  [/10.10.34.13:3888:QuorumCnxManager$Listener@493] - Received connection request /10.10.34.11:47292
2015-07-29 19:25:16,344 - WARN  [SendWorker:188978561024:QuorumCnxManager$SendWorker@688] - Send worker leaving thread
2015-07-29 19:25:16,344 - WARN  [RecvWorker:188978561024:QuorumCnxManager$RecvWorker@762] - Connection broken for id 188978561024, my id = 3, error = 
2015-07-29 19:25:16,345 - WARN  [RecvWorker:188978561024:QuorumCnxManager$RecvWorker@765] - Interrupting SendWorker
2015-07-29 19:25:16,345 - WARN  [SendWorker:188978561024:QuorumCnxManager$SendWorker@679] - Interrupted while waiting for message on queue
2015-07-29 19:25:16,345 - WARN  [SendWorker:188978561024:QuorumCnxManager$SendWorker@688] - Send worker leaving thread
2015-07-29 19:25:16,348 - INFO  [/10.10.34.13:3888:QuorumCnxManager$Listener@493] - Received connection request /10.10.34.11:47295
2015-07-29 19:25:16,349 - WARN  [RecvWorker:188978561024:QuorumCnxManager$RecvWorker@762] - Connection broken for id 188978561024, my id = 3, error = 
2015-07-29 19:25:16,349 - WARN  [RecvWorker:188978561024:QuorumCnxManager$RecvWorker@765] - Interrupting SendWorker
2015-07-29 19:25:16,349 - WARN  [SendWorker:188978561024:QuorumCnxManager$SendWorker@679] - Interrupted while waiting for message on queue
2015-07-29 19:25:16,350 - WARN  [SendWorker:188978561024:QuorumCnxManager$SendWorker@688] - Send worker leaving thread
2015-07-29 19:25:16,359 - INFO  [/10.10.34.13:3888:QuorumCnxManager$Listener@493] - Received connection request /10.10.34.11:47299
2015-07-29 19:25:16,360 - WARN  [RecvWorker:188978561024:QuorumCnxManager$RecvWorker@762] - Connection broken for id 188978561024, my id = 3, error = 
2015-07-29 19:25:16,360 - WARN  [RecvWorker:188978561024:QuorumCnxManager$RecvWorker@765] - Interrupting SendWorker
2015-07-29 19:25:16,360 - WARN  [SendWorker:188978561024:QuorumCnxManager$SendWorker@679] - Interrupted while waiting for message on queue
2015-07-29 19:25:16,360 - WARN  [SendWorker:188978561024:QuorumCnxManager$SendWorker@688] - Send worker leaving thread
2015-07-29 19:25:16,419 - INFO  [/10.10.34.13:3888:QuorumCnxManager$Listener@493] - Received connection request /10.10.34.12:47709
2015-07-29 19:25:16,420 - WARN  [RecvWorker:188978561024:QuorumCnxManager$RecvWorker@762] - Connection broken for id 188978561024, my id = 3, error = 
2015-07-29 19:25:16,420 - WARN  [RecvWorker:188978561024:QuorumCnxManager$RecvWorker@765] - Interrupting SendWorker
2015-07-29 19:25:16,420 - WARN  [SendWorker:188978561024:QuorumCnxManager$SendWorker@679] - Interrupted while waiting for message on queue
2015-07-29 19:25:16,421 - WARN  [SendWorker:188978561024:QuorumCnxManager$SendWorker@688] - Send worker leaving thread
2015-07-29 19:25:16,429 - INFO  [/10.10.34.13:3888:QuorumCnxManager$Listener@493] - Received connection request /10.10.34.12:47713
2015-07-29 19:25:16,430 - WARN  [RecvWorker:188978561024:QuorumCnxManager$RecvWorker@762] - Connection broken for id 188978561024, my id = 3, error = 
2015-07-29 19:25:16,430 - WARN  [RecvWorker:188978561024:QuorumCnxManager$RecvWorker@765] - Interrupting SendWorker
2015-07-29 19:25:16,431 - WARN  [SendWorker:188978561024:QuorumCnxManager$SendWorker@679] - Interrupted while waiting for message on queue
2015-07-29 19:25:16,431 - WARN  [SendWorker:188978561024:QuorumCnxManager$SendWorker@688] - Send worker leaving thread
2015-07-29 19:25:16,448 - INFO  [/10.10.34.13:3888:QuorumCnxManager$Listener@493] - Received connection request /10.10.34.12:47717
2015-07-29 19:25:16,449 - WARN  [RecvWorker:188978561024:QuorumCnxManager$RecvWorker@762] - Connection broken for id 188978561024, my id = 3, error = 
2015-07-29 19:25:16,449 - WARN  [RecvWorker:188978561024:QuorumCnxManager$RecvWorker@765] - Interrupting SendWorker
2015-07-29 19:25:16,450 - WARN  [SendWorker:188978561024:QuorumCnxManager$SendWorker@679] - Interrupted while waiting for message on queue
2015-07-29 19:25:16,450 - WARN  [SendWorker:188978561024:QuorumCnxManager$SendWorker@688] - Send worker leaving thread
2015-07-29 19:25:16,450 - INFO  [/10.10.34.13:3888:QuorumCnxManager$Listener@493] - Received connection request /10.10.34.12:47719
2015-07-29 19:25:16,451 - WARN  [RecvWorker:188978561024:QuorumCnxManager$RecvWorker@762] - Connection broken for id 188978561024, my id = 3, error = 
2015-07-29 19:25:16,451 - WARN  [RecvWorker:188978561024:QuorumCnxManager$RecvWorker@765] - Interrupting SendWorker
2015-07-29 19:25:16,451 - WARN  [SendWorker:188978561024:QuorumCnxManager$SendWorker@679] - Interrupted while waiting for message on queue
2015-07-29 19:25:16,452 - WARN  [SendWorker:188978561024:QuorumCnxManager$SendWorker@688] - Send worker leaving thread
2015-07-29 19:25:16,524 - INFO  [/10.10.34.13:3888:QuorumCnxManager$Listener@493] - Received connection request /10.10.34.13:44981
2015-07-29 19:25:16,525 - WARN  [RecvWorker:188978561024:QuorumCnxManager$RecvWorker@762] - Connection broken for id 188978561024, my id = 3, error = 
2015-07-29 19:25:16,529 - WARN  [RecvWorker:188978561024:QuorumCnxManager$RecvWorker@765] - Interrupting SendWorker
2015-07-29 19:25:16,529 - WARN  [SendWorker:188978561024:QuorumCnxManager$SendWorker@679] - Interrupted while waiting for message on queue
2015-07-29 19:25:16,530 - WARN  [SendWorker:188978561024:QuorumCnxManager$SendWorker@688] - Send worker leaving thread
2015-07-29 19:25:16,535 - INFO  [/10.10.34.13:3888:QuorumCnxManager$Listener@493] - Received connection request /10.10.34.13:44984
2015-07-29 19:25:16,536 - WARN  [RecvWorker:188978561024:QuorumCnxManager$RecvWorker@762] - Connection broken for id 188978561024, my id = 3, error = 
2015-07-29 19:25:16,536 - WARN  [RecvWorker:188978561024:QuorumCnxManager$RecvWorker@765] - Interrupting SendWorker
2015-07-29 19:25:16,536 - WARN  [SendWorker:188978561024:QuorumCnxManager$SendWorker@679] - Interrupted while waiting for message on queue
2015-07-29 19:25:16,536 - WARN  [SendWorker:188978561024:QuorumCnxManager$SendWorker@688] - Send worker leaving thread
2015-07-29 19:25:16,538 - INFO  [/10.10.34.13:3888:QuorumCnxManager$Listener@493] - Received connection request /10.10.34.13:44987
2015-07-29 19:25:16,539 - WARN  [RecvWorker:188978561024:QuorumCnxManager$RecvWorker@762] - Connection broken for id 188978561024, my id = 3, error = 
2015-07-29 19:25:16,539 - WARN  [RecvWorker:188978561024:QuorumCnxManager$RecvWorker@765] - Interrupting SendWorker
2015-07-29 19:25:16,539 - WARN  [SendWorker:188978561024:QuorumCnxManager$SendWorker@679] - Interrupted while waiting for message on queue
2015-07-29 19:25:16,540 - WARN  [SendWorker:188978561024:QuorumCnxManager$SendWorker@688] - Send worker leaving thread
2015-07-29 19:25:16,540 - INFO  [/10.10.34.13:3888:QuorumCnxManager$Listener@493] - Received connection request /10.10.34.13:44990
2015-07-29 19:25:16,541 - WARN  [RecvWorker:188978561024:QuorumCnxManager$RecvWorker@762] - Connection broken for id 188978561024, my id = 3, error = 
2015-07-29 19:25:16,541 - WARN  [RecvWorker:188978561024:QuorumCnxManager$RecvWorker@765] - Interrupting SendWorker
2015-07-29 19:25:16,542 - WARN  [SendWorker:188978561024:QuorumCnxManager$SendWorker@679] - Interrupted while waiting for message on queue
2015-07-29 19:25:16,542 - WARN  [SendWorker:188978561024:QuorumCnxManager$SendWorker@688] - Send worker leaving thread
2015-07-29 19:25:19,683 - INFO  [/10.10.34.13:3888:QuorumCnxManager$Listener@493] - Received connection request /10.10.34.11:47302
2015-07-29 19:25:19,683 - WARN  [RecvWorker:188978561024:QuorumCnxManager$RecvWorker@762] - Connection broken for id 188978561024, my id = 3, error = 
2015-07-29 19:25:19,684 - WARN  [RecvWorker:188978561024:QuorumCnxManager$RecvWorker@765] - Interrupting SendWorker
2015-07-29 19:25:19,684 - WARN  [SendWorker:188978561024:QuorumCnxManager$SendWorker@679] - Interrupted while waiting for message on queue
2015-07-29 19:25:19,684 - WARN  [SendWorker:188978561024:QuorumCnxManager$SendWorker@688] - Send worker leaving thread
2015-07-29 19:25:19,684 - INFO  [/10.10.34.13:3888:QuorumCnxManager$Listener@493] - Received connection request /10.10.34.11:47305
2015-07-29 19:25:19,685 - WARN  [RecvWorker:188978561024:QuorumCnxManager$RecvWorker@762] - Connection broken for id 188978561024, my id = 3, error = 
2015-07-29 19:25:19,685 - WARN  [RecvWorker:188978561024:QuorumCnxManager$RecvWorker@765] - Interrupting SendWorker
2015-07-29 19:25:19,686 - WARN  [SendWorker:188978561024:QuorumCnxManager$SendWorker@679] - Interrupted while waiting for message on queue
2015-07-29 19:25:19,686 - WARN  [SendWorker:188978561024:QuorumCnxManager$SendWorker@688] - Send worker leaving thread
2015-07-29 19:25:19,689 - INFO  [/10.10.34.13:3888:QuorumCnxManager$Listener@493] - Received connection request /10.10.34.11:47307
2015-07-29 19:25:19,690 - WARN  [RecvWorker:188978561024:QuorumCnxManager$RecvWorker@762] - Connection broken for id 188978561024, my id = 3, error = 
2015-07-29 19:25:19,690 - WARN  [RecvWorker:188978561024:QuorumCnxManager$RecvWorker@765] - Interrupting SendWorker
2015-07-29 19:25:19,690 - WARN  [SendWorker:188978561024:QuorumCnxManager$SendWorker@679] - Interrupted while waiting for message on queue
2015-07-29 19:25:19,690 - WARN  [SendWorker:188978561024:QuorumCnxManager$SendWorker@688] - Send worker leaving thread
2015-07-29 19:25:19,700 - INFO  [/10.10.34.13:3888:QuorumCnxManager$Listener@493] - Received connection request /10.10.34.11:47311
2015-07-29 19:25:19,700 - WARN  [RecvWorker:188978561024:QuorumCnxManager$RecvWorker@762] - Connection broken for id 188978561024, my id = 3, error = 
2015-07-29 19:25:19,700 - WARN  [RecvWorker:188978561024:QuorumCnxManager$RecvWorker@765] - Interrupting SendWorker
2015-07-29 19:25:19,701 - WARN  [SendWorker:188978561024:QuorumCnxManager$SendWorker@679] - Interrupted while waiting for message on queue
2015-07-29 19:25:19,701 - WARN  [SendWorker:188978561024:QuorumCnxManager$SendWorker@688] - Send worker leaving thread
2015-07-29 19:25:19,760 - INFO  [/10.10.34.13:3888:QuorumCnxManager$Listener@493] - Received connection request /10.10.34.12:47721
2015-07-29 19:25:19,761 - WARN  [RecvWorker:188978561024:QuorumCnxManager$RecvWorker@762] - Connection broken for id 188978561024, my id = 3, error = 
2015-07-29 19:25:19,761 - WARN  [RecvWorker:188978561024:QuorumCnxManager$RecvWorker@765] - Interrupting SendWorker
2015-07-29 19:25:19,761 - WARN  [SendWorker:188978561024:QuorumCnxManager$SendWorker@679] - Interrupted while waiting for message on queue
2015-07-29 19:25:19,762 - WARN  [SendWorker:188978561024:QuorumCnxManager$SendWorker@688] - Send worker leaving thread
2015-07-29 19:25:19,770 - INFO  [/10.10.34.13:3888:QuorumCnxManager$Listener@493] - Received connection request /10.10.34.12:47725
2015-07-29 19:25:19,771 - WARN  [RecvWorker:188978561024:QuorumCnxManager$RecvWorker@762] - Connection broken for id 188978561024, my id = 3, error = 
2015-07-29 19:25:19,771 - WARN  [RecvWorker:188978561024:QuorumCnxManager$RecvWorker@765] - Interrupting SendWorker
2015-07-29 19:25:19,771 - WARN  [SendWorker:188978561024:QuorumCnxManager$SendWorker@679] - Interrupted while waiting for message on queue
2015-07-29 19:25:19,772 - WARN  [SendWorker:188978561024:QuorumCnxManager$SendWorker@688] - Send worker leaving thread
2015-07-29 19:25:19,789 - INFO  [/10.10.34.13:3888:QuorumCnxManager$Listener@493] - Received connection request /10.10.34.12:47729
2015-07-29 19:25:19,790 - WARN  [RecvWorker:188978561024:QuorumCnxManager$RecvWorker@762] - Connection broken for id 188978561024, my id = 3, error = 
2015-07-29 19:25:19,790 - WARN  [RecvWorker:188978561024:QuorumCnxManager$RecvWorker@765] - Interrupting SendWorker
2015-07-29 19:25:19,790 - WARN  [SendWorker:188978561024:QuorumCnxManager$SendWorker@679] - Interrupted while waiting for message on queue
2015-07-29 19:25:19,791 - WARN  [SendWorker:188978561024:QuorumCnxManager$SendWorker@688] - Send worker leaving thread
2015-07-29 19:25:19,791 - INFO  [/10.10.34.13:3888:QuorumCnxManager$Listener@493] - Received connection request /10.10.34.12:47731
2015-07-29 19:25:19,791 - WARN  [RecvWorker:188978561024:QuorumCnxManager$RecvWorker@762] - Connection broken for id 188978561024, my id = 3, error = 
2015-07-29 19:25:19,792 - WARN  [RecvWorker:188978561024:QuorumCnxManager$RecvWorker@765] - Interrupting SendWorker
2015-07-29 19:25:19,792 - WARN  [SendWorker:188978561024:QuorumCnxManager$SendWorker@679] - Interrupted while waiting for message on queue
2015-07-29 19:25:19,792 - WARN  [SendWorker:188978561024:QuorumCnxManager$SendWorker@688] - Send worker leaving thread
2015-07-29 19:25:19,869 - INFO  [/10.10.34.13:3888:QuorumCnxManager$Listener@493] - Received connection request /10.10.34.13:44993
2015-07-29 19:25:19,870 - WARN  [RecvWorker:188978561024:QuorumCnxManager$RecvWorker@762] - Connection broken for id 188978561024, my id = 3, error = 
2015-07-29 19:25:19,870 - WARN  [RecvWorker:188978561024:QuorumCnxManager$RecvWorker@765] - Interrupting SendWorker
2015-07-29 19:25:19,870 - WARN  [SendWorker:188978561024:QuorumCnxManager$SendWorker@679] - Interrupted while waiting for message on queue
2015-07-29 19:25:19,871 - WARN  [SendWorker:188978561024:QuorumCnxManager$SendWorker@688] - Send worker leaving thread
2015-07-29 19:25:19,875 - INFO  [/10.10.34.13:3888:QuorumCnxManager$Listener@493] - Received connection request /10.10.34.13:44996
2015-07-29 19:25:19,876 - WARN  [RecvWorker:188978561024:QuorumCnxManager$RecvWorker@762] - Connection broken for id 188978561024, my id = 3, error = 
2015-07-29 19:25:19,876 - WARN  [RecvWorker:188978561024:QuorumCnxManager$RecvWorker@765] - Interrupting SendWorker
2015-07-29 19:25:19,877 - WARN  [SendWorker:188978561024:QuorumCnxManager$SendWorker@679] - Interrupted while waiting for message on queue
2015-07-29 19:25:19,877 - WARN  [SendWorker:188978561024:QuorumCnxManager$SendWorker@688] - Send worker leaving thread
2015-07-29 19:25:19,879 - INFO  [/10.10.34.13:3888:QuorumCnxManager$Listener@493] - Received connection request /10.10.34.13:44999
2015-07-29 19:25:19,879 - WARN  [RecvWorker:188978561024:QuorumCnxManager$RecvWorker@762] - Connection broken for id 188978561024, my id = 3, error = 
2015-07-29 19:25:19,880 - WARN  [RecvWorker:188978561024:QuorumCnxManager$RecvWorker@765] - Interrupting SendWorker
2015-07-29 19:25:19,880 - WARN  [SendWorker:188978561024:QuorumCnxManager$SendWorker@679] - Interrupted while waiting for message on queue
2015-07-29 19:25:19,880 - WARN  [SendWorker:188978561024:QuorumCnxManager$SendWorker@688] - Send worker leaving thread
2015-07-29 19:25:19,881 - INFO  [/10.10.34.13:3888:QuorumCnxManager$Listener@493] - Received connection request /10.10.34.13:45002
2015-07-29 19:25:19,882 - WARN  [RecvWorker:188978561024:QuorumCnxManager$RecvWorker@762] - Connection broken for id 188978561024, my id = 3, error = 
2015-07-29 19:25:19,882 - WARN  [RecvWorker:188978561024:QuorumCnxManager$RecvWorker@765] - Interrupting SendWorker
2015-07-29 19:25:19,882 - WARN  [SendWorker:188978561024:QuorumCnxManager$SendWorker@679] - Interrupted while waiting for message on queue
2015-07-29 19:25:19,882 - WARN  [SendWorker:188978561024:QuorumCnxManager$SendWorker@688] - Send worker leaving thread
2015-07-29 19:25:23,023 - INFO  [/10.10.34.13:3888:QuorumCnxManager$Listener@493] - Received connection request /10.10.34.11:47314
2015-07-29 19:25:23,024 - WARN  [RecvWorker:188978561024:QuorumCnxManager$RecvWorker@762] - Connection broken for id 188978561024, my id = 3, error = 
2015-07-29 19:25:23,024 - WARN  [RecvWorker:188978561024:QuorumCnxManager$RecvWorker@765] - Interrupting SendWorker
2015-07-29 19:25:23,025 - WARN  [SendWorker:188978561024:QuorumCnxManager$SendWorker@679] - Interrupted while waiting for message on queue
2015-07-29 19:25:23,025 - WARN  [SendWorker:188978561024:QuorumCnxManager$SendWorker@688] - Send worker leaving thread
2015-07-29 19:25:23,025 - INFO  [/10.10.34.13:3888:QuorumCnxManager$Listener@493] - Received connection request /10.10.34.11:47317
2015-07-29 19:25:23,026 - WARN  [RecvWorker:188978561024:QuorumCnxManager$RecvWorker@762] - Connection broken for id 188978561024, my id = 3, error = 
2015-07-29 19:25:23,026 - WARN  [RecvWorker:188978561024:QuorumCnxManager$RecvWorker@765] - Interrupting SendWorker
2015-07-29 19:25:23,026 - WARN  [SendWorker:188978561024:QuorumCnxManager$SendWorker@679] - Interrupted while waiting for message on queue
2015-07-29 19:25:23,027 - WARN  [SendWorker:188978561024:QuorumCnxManager$SendWorker@688] - Send worker leaving thread
2015-07-29 19:25:23,029 - INFO  [/10.10.34.13:3888:QuorumCnxManager$Listener@493] - Received connection request /10.10.34.11:47319
2015-07-29 19:25:23,030 - WARN  [RecvWorker:188978561024:QuorumCnxManager$RecvWorker@762] - Connection broken for id 188978561024, my id = 3, error = 
2015-07-29 19:25:23,030 - WARN  [RecvWorker:188978561024:QuorumCnxManager$RecvWorker@765] - Interrupting SendWorker
2015-07-29 19:25:23,031 - WARN  [SendWorker:188978561024:QuorumCnxManager$SendWorker@679] - Interrupted while waiting for message on queue
2015-07-29 19:25:23,031 - WARN  [SendWorker:188978561024:QuorumCnxManager$SendWorker@688] - Send worker leaving thread
2015-07-29 19:25:23,040 - INFO  [/10.10.34.13:3888:QuorumCnxManager$Listener@493] - Received connection request /10.10.34.11:47323
2015-07-29 19:25:23,041 - WARN  [RecvWorker:188978561024:QuorumCnxManager$RecvWorker@762] - Connection broken for id 188978561024, my id = 3, error = 
2015-07-29 19:25:23,041 - WARN  [RecvWorker:188978561024:QuorumCnxManager$RecvWorker@765] - Interrupting SendWorker
2015-07-29 19:25:23,041 - WARN  [SendWorker:188978561024:QuorumCnxManager$SendWorker@679] - Interrupted while waiting for message on queue
2015-07-29 19:25:23,042 - WARN  [SendWorker:188978561024:QuorumCnxManager$SendWorker@688] - Send worker leaving thread
2015-07-29 19:25:23,101 - INFO  [/10.10.34.13:3888:QuorumCnxManager$Listener@493] - Received connection request /10.10.34.12:47733
2015-07-29 19:25:23,101 - WARN  [RecvWorker:188978561024:QuorumCnxManager$RecvWorker@762] - Connection broken for id 188978561024, my id = 3, error = 
2015-07-29 19:25:23,102 - WARN  [RecvWorker:188978561024:QuorumCnxManager$RecvWorker@765] - Interrupting SendWorker
2015-07-29 19:25:23,102 - WARN  [SendWorker:188978561024:QuorumCnxManager$SendWorker@679] - Interrupted while waiting for message on queue
2015-07-29 19:25:23,102 - WARN  [SendWorker:188978561024:QuorumCnxManager$SendWorker@688] - Send worker leaving thread
2015-07-29 19:25:23,111 - INFO  [/10.10.34.13:3888:QuorumCnxManager$Listener@493] - Received connection request /10.10.34.12:47737
2015-07-29 19:25:23,111 - WARN  [RecvWorker:188978561024:QuorumCnxManager$RecvWorker@762] - Connection broken for id 188978561024, my id = 3, error = 
2015-07-29 19:25:23,112 - WARN  [RecvWorker:188978561024:QuorumCnxManager$RecvWorker@765] - Interrupting SendWorker
2015-07-29 19:25:23,112 - WARN  [SendWorker:188978561024:QuorumCnxManager$SendWorker@679] - Interrupted while waiting for message on queue
2015-07-29 19:25:23,112 - WARN  [SendWorker:188978561024:QuorumCnxManager$SendWorker@688] - Send worker leaving thread
2015-07-29 19:25:23,130 - INFO  [/10.10.34.13:3888:QuorumCnxManager$Listener@493] - Received connection request /10.10.34.12:47741
2015-07-29 19:25:23,130 - WARN  [RecvWorker:188978561024:QuorumCnxManager$RecvWorker@762] - Connection broken for id 188978561024, my id = 3, error = 
2015-07-29 19:25:23,131 - WARN  [RecvWorker:188978561024:QuorumCnxManager$RecvWorker@765] - Interrupting SendWorker
2015-07-29 19:25:23,131 - WARN  [SendWorker:188978561024:QuorumCnxManager$SendWorker@679] - Interrupted while waiting for message on queue
2015-07-29 19:25:23,131 - WARN  [SendWorker:188978561024:QuorumCnxManager$SendWorker@688] - Send worker leaving thread
2015-07-29 19:25:23,131 - INFO  [/10.10.34.13:3888:QuorumCnxManager$Listener@493] - Received connection request /10.10.34.12:47743
2015-07-29 19:25:23,132 - WARN  [RecvWorker:188978561024:QuorumCnxManager$RecvWorker@762] - Connection broken for id 188978561024, my id = 3, error = 
2015-07-29 19:25:23,132 - WARN  [RecvWorker:188978561024:QuorumCnxManager$RecvWorker@765] - Interrupting SendWorker
2015-07-29 19:25:23,133 - WARN  [SendWorker:188978561024:QuorumCnxManager$SendWorker@679] - Interrupted while waiting for message on queue
2015-07-29 19:25:23,133 - WARN  [SendWorker:188978561024:QuorumCnxManager$SendWorker@688] - Send worker leaving thread
2015-07-29 19:25:23,210 - INFO  [/10.10.34.13:3888:QuorumCnxManager$Listener@493] - Received connection request /10.10.34.13:45005
2015-07-29 19:25:23,210 - WARN  [RecvWorker:188978561024:QuorumCnxManager$RecvWorker@762] - Connection broken for id 188978561024, my id = 3, error = 
2015-07-29 19:25:23,211 - WARN  [RecvWorker:188978561024:QuorumCnxManager$RecvWorker@765] - Interrupting SendWorker
2015-07-29 19:25:23,211 - WARN  [SendWorker:188978561024:QuorumCnxManager$SendWorker@679] - Interrupted while waiting for message on queue
2015-07-29 19:25:23,211 - WARN  [SendWorker:188978561024:QuorumCnxManager$SendWorker@688] - Send worker leaving thread
2015-07-29 19:25:23,216 - INFO  [/10.10.34.13:3888:QuorumCnxManager$Listener@493] - Received connection request /10.10.34.13:45008
2015-07-29 19:25:23,217 - WARN  [RecvWorker:188978561024:QuorumCnxManager$RecvWorker@762] - Connection broken for id 188978561024, my id = 3, error = 
2015-07-29 19:25:23,217 - WARN  [RecvWorker:188978561024:QuorumCnxManager$RecvWorker@765] - Interrupting SendWorker
2015-07-29 19:25:23,217 - WARN  [SendWorker:188978561024:QuorumCnxManager$SendWorker@679] - Interrupted while waiting for message on queue
2015-07-29 19:25:23,217 - WARN  [SendWorker:188978561024:QuorumCnxManager$SendWorker@688] - Send worker leaving thread
2015-07-29 19:25:23,219 - INFO  [/10.10.34.13:3888:QuorumCnxManager$Listener@493] - Received connection request /10.10.34.13:45011
2015-07-29 19:25:23,220 - WARN  [RecvWorker:188978561024:QuorumCnxManager$RecvWorker@762] - Connection broken for id 188978561024, my id = 3, error = 
2015-07-29 19:25:23,220 - WARN  [RecvWorker:188978561024:QuorumCnxManager$RecvWorker@765] - Interrupting SendWorker
2015-07-29 19:25:23,220 - WARN  [SendWorker:188978561024:QuorumCnxManager$SendWorker@679] - Interrupted while waiting for message on queue
2015-07-29 19:25:23,221 - WARN  [SendWorker:188978561024:QuorumCnxManager$SendWorker@688] - Send worker leaving thread
2015-07-29 19:25:23,221 - INFO  [/10.10.34.13:3888:QuorumCnxManager$Listener@493] - Received connection request /10.10.34.13:45014
2015-07-29 19:25:23,222 - WARN  [RecvWorker:188978561024:QuorumCnxManager$RecvWorker@762] - Connection broken for id 188978561024, my id = 3, error = 
2015-07-29 19:25:23,222 - WARN  [RecvWorker:188978561024:QuorumCnxManager$RecvWorker@765] - Interrupting SendWorker
2015-07-29 19:25:23,223 - WARN  [SendWorker:188978561024:QuorumCnxManager$SendWorker@679] - Interrupted while waiting for message on queue
2015-07-29 19:25:23,223 - WARN  [SendWorker:188978561024:QuorumCnxManager$SendWorker@688] - Send worker leaving thread
2015-07-29 19:25:26,364 - INFO  [/10.10.34.13:3888:QuorumCnxManager$Listener@493] - Received connection request /10.10.34.11:47326
2015-07-29 19:25:26,365 - WARN  [RecvWorker:188978561024:QuorumCnxManager$RecvWorker@762] - Connection broken for id 188978561024, my id = 3, error = 
2015-07-29 19:25:26,365 - WARN  [RecvWorker:188978561024:QuorumCnxManager$RecvWorker@765] - Interrupting SendWorker
2015-07-29 19:25:26,365 - WARN  [SendWorker:188978561024:QuorumCnxManager$SendWorker@679] - Interrupted while waiting for message on queue
2015-07-29 19:25:26,366 - WARN  [SendWorker:188978561024:QuorumCnxManager$SendWorker@688] - Send worker leaving thread
2015-07-29 19:25:26,366 - INFO  [/10.10.34.13:3888:QuorumCnxManager$Listener@493] - Received connection request /10.10.34.11:47329
2015-07-29 19:25:26,367 - WARN  [RecvWorker:188978561024:QuorumCnxManager$RecvWorker@762] - Connection broken for id 188978561024, my id = 3, error = 
2015-07-29 19:25:26,367 - WARN  [RecvWorker:188978561024:QuorumCnxManager$RecvWorker@765] - Interrupting SendWorker
2015-07-29 19:25:26,367 - WARN  [SendWorker:188978561024:QuorumCnxManager$SendWorker@679] - Interrupted while waiting for message on queue
2015-07-29 19:25:26,367 - WARN  [SendWorker:188978561024:QuorumCnxManager$SendWorker@688] - Send worker leaving thread
2015-07-29 19:25:26,370 - INFO  [/10.10.34.13:3888:QuorumCnxManager$Listener@493] - Received connection request /10.10.34.11:47331
2015-07-29 19:25:26,371 - WARN  [RecvWorker:188978561024:QuorumCnxManager$RecvWorker@762] - Connection broken for id 188978561024, my id = 3, error = 
2015-07-29 19:25:26,371 - WARN  [RecvWorker:188978561024:QuorumCnxManager$RecvWorker@765] - Interrupting SendWorker
2015-07-29 19:25:26,371 - WARN  [SendWorker:188978561024:QuorumCnxManager$SendWorker@679] - Interrupted while waiting for message on queue
2015-07-29 19:25:26,372 - WARN  [SendWorker:188978561024:QuorumCnxManager$SendWorker@688] - Send worker leaving thread
2015-07-29 19:25:26,381 - INFO  [/10.10.34.13:3888:QuorumCnxManager$Listener@493] - Received connection request /10.10.34.11:47335
2015-07-29 19:25:26,382 - WARN  [RecvWorker:188978561024:QuorumCnxManager$RecvWorker@762] - Connection broken for id 188978561024, my id = 3, error = 
2015-07-29 19:25:26,382 - WARN  [RecvWorker:188978561024:QuorumCnxManager$RecvWorker@765] - Interrupting SendWorker
2015-07-29 19:25:26,382 - WARN  [SendWorker:188978561024:QuorumCnxManager$SendWorker@679] - Interrupted while waiting for message on queue
2015-07-29 19:25:26,382 - WARN  [SendWorker:188978561024:QuorumCnxManager$SendWorker@688] - Send worker leaving thread
2015-07-29 19:25:26,441 - INFO  [/10.10.34.13:3888:QuorumCnxManager$Listener@493] - Received connection request /10.10.34.12:47745
2015-07-29 19:25:26,442 - WARN  [RecvWorker:188978561024:QuorumCnxManager$RecvWorker@762] - Connection broken for id 188978561024, my id = 3, error = 
2015-07-29 19:25:26,442 - WARN  [RecvWorker:188978561024:QuorumCnxManager$RecvWorker@765] - Interrupting SendWorker
2015-07-29 19:25:26,442 - WARN  [SendWorker:188978561024:QuorumCnxManager$SendWorker@679] - Interrupted while waiting for message on queue
2015-07-29 19:25:26,443 - WARN  [SendWorker:188978561024:QuorumCnxManager$SendWorker@688] - Send worker leaving thread
2015-07-29 19:25:26,451 - INFO  [/10.10.34.13:3888:QuorumCnxManager$Listener@493] - Received connection request /10.10.34.12:47749
2015-07-29 19:25:26,452 - WARN  [RecvWorker:188978561024:QuorumCnxManager$RecvWorker@762] - Connection broken for id 188978561024, my id = 3, error = 
2015-07-29 19:25:26,452 - WARN  [RecvWorker:188978561024:QuorumCnxManager$RecvWorker@765] - Interrupting SendWorker
2015-07-29 19:25:26,452 - WARN  [SendWorker:188978561024:QuorumCnxManager$SendWorker@679] - Interrupted while waiting for message on queue
2015-07-29 19:25:26,453 - WARN  [SendWorker:188978561024:QuorumCnxManager$SendWorker@688] - Send worker leaving thread
2015-07-29 19:25:26,470 - INFO  [/10.10.34.13:3888:QuorumCnxManager$Listener@493] - Received connection request /10.10.34.12:47753
2015-07-29 19:25:26,471 - WARN  [RecvWorker:188978561024:QuorumCnxManager$RecvWorker@762] - Connection broken for id 188978561024, my id = 3, error = 
2015-07-29 19:25:26,471 - WARN  [RecvWorker:188978561024:QuorumCnxManager$RecvWorker@765] - Interrupting SendWorker
2015-07-29 19:25:26,471 - WARN  [SendWorker:188978561024:QuorumCnxManager$SendWorker@679] - Interrupted while waiting for message on queue
2015-07-29 19:25:26,472 - WARN  [SendWorker:188978561024:QuorumCnxManager$SendWorker@688] - Send worker leaving thread
2015-07-29 19:25:26,472 - INFO  [/10.10.34.13:3888:QuorumCnxManager$Listener@493] - Received connection request /10.10.34.12:47755
2015-07-29 19:25:26,473 - WARN  [RecvWorker:188978561024:QuorumCnxManager$RecvWorker@762] - Connection broken for id 188978561024, my id = 3, error = 
2015-07-29 19:25:26,473 - WARN  [RecvWorker:188978561024:QuorumCnxManager$RecvWorker@765] - Interrupting SendWorker
2015-07-29 19:25:26,473 - WARN  [SendWorker:188978561024:QuorumCnxManager$SendWorker@679] - Interrupted while waiting for message on queue
2015-07-29 19:25:26,473 - WARN  [SendWorker:188978561024:QuorumCnxManager$SendWorker@688] - Send worker leaving thread
2015-07-29 19:25:26,550 - INFO  [/10.10.34.13:3888:QuorumCnxManager$Listener@493] - Received connection request /10.10.34.13:45017
2015-07-29 19:25:26,551 - WARN  [RecvWorker:188978561024:QuorumCnxManager$RecvWorker@762] - Connection broken for id 188978561024, my id = 3, error = 
2015-07-29 19:25:26,551 - WARN  [RecvWorker:188978561024:QuorumCnxManager$RecvWorker@765] - Interrupting SendWorker
2015-07-29 19:25:26,552 - WARN  [SendWorker:188978561024:QuorumCnxManager$SendWorker@679] - Interrupted while waiting for message on queue
2015-07-29 19:25:26,552 - WARN  [SendWorker:188978561024:QuorumCnxManager$SendWorker@688] - Send worker leaving thread
2015-07-29 19:25:26,556 - INFO  [/10.10.34.13:3888:QuorumCnxManager$Listener@493] - Received connection request /10.10.34.13:45020
2015-07-29 19:25:26,557 - WARN  [RecvWorker:188978561024:QuorumCnxManager$RecvWorker@762] - Connection broken for id 188978561024, my id = 3, error = 
2015-07-29 19:25:26,557 - WARN  [RecvWorker:188978561024:QuorumCnxManager$RecvWorker@765] - Interrupting SendWorker
2015-07-29 19:25:26,558 - WARN  [SendWorker:188978561024:QuorumCnxManager$SendWorker@679] - Interrupted while waiting for message on queue
2015-07-29 19:25:26,558 - WARN  [SendWorker:188978561024:QuorumCnxManager$SendWorker@688] - Send worker leaving thread
2015-07-29 19:25:26,560 - INFO  [/10.10.34.13:3888:QuorumCnxManager$Listener@493] - Received connection request /10.10.34.13:45023
2015-07-29 19:25:26,560 - WARN  [RecvWorker:188978561024:QuorumCnxManager$RecvWorker@762] - Connection broken for id 188978561024, my id = 3, error = 
2015-07-29 19:25:26,561 - WARN  [RecvWorker:188978561024:QuorumCnxManager$RecvWorker@765] - Interrupting SendWorker
2015-07-29 19:25:26,561 - WARN  [SendWorker:188978561024:QuorumCnxManager$SendWorker@679] - Interrupted while waiting for message on queue
2015-07-29 19:25:26,561 - WARN  [SendWorker:188978561024:QuorumCnxManager$SendWorker@688] - Send worker leaving thread
2015-07-29 19:25:26,562 - INFO  [/10.10.34.13:3888:QuorumCnxManager$Listener@493] - Received connection request /10.10.34.13:45026
2015-07-29 19:25:26,563 - WARN  [RecvWorker:188978561024:QuorumCnxManager$RecvWorker@762] - Connection broken for id 188978561024, my id = 3, error = 
2015-07-29 19:25:26,563 - WARN  [RecvWorker:188978561024:QuorumCnxManager$RecvWorker@765] - Interrupting SendWorker
2015-07-29 19:25:26,563 - WARN  [SendWorker:188978561024:QuorumCnxManager$SendWorker@679] - Interrupted while waiting for message on queue
2015-07-29 19:25:26,564 - WARN  [SendWorker:188978561024:QuorumCnxManager$SendWorker@688] - Send worker leaving thread
2015-07-29 19:25:29,705 - INFO  [/10.10.34.13:3888:QuorumCnxManager$Listener@493] - Received connection request /10.10.34.11:47338
2015-07-29 19:25:29,706 - WARN  [RecvWorker:188978561024:QuorumCnxManager$RecvWorker@762] - Connection broken for id 188978561024, my id = 3, error = 
2015-07-29 19:25:29,706 - WARN  [RecvWorker:188978561024:QuorumCnxManager$RecvWorker@765] - Interrupting SendWorker
2015-07-29 19:25:29,706 - WARN  [SendWorker:188978561024:QuorumCnxManager$SendWorker@679] - Interrupted while waiting for message on queue
2015-07-29 19:25:29,706 - WARN  [SendWorker:188978561024:QuorumCnxManager$SendWorker@688] - Send worker leaving thread
2015-07-29 19:25:29,707 - INFO  [/10.10.34.13:3888:QuorumCnxManager$Listener@493] - Received connection request /10.10.34.11:47341
2015-07-29 19:25:29,707 - WARN  [RecvWorker:188978561024:QuorumCnxManager$RecvWorker@762] - Connection broken for id 188978561024, my id = 3, error = 
2015-07-29 19:25:29,707 - WARN  [RecvWorker:188978561024:QuorumCnxManager$RecvWorker@765] - Interrupting SendWorker
2015-07-29 19:25:29,708 - WARN  [SendWorker:188978561024:QuorumCnxManager$SendWorker@679] - Interrupted while waiting for message on queue
2015-07-29 19:25:29,708 - WARN  [SendWorker:188978561024:QuorumCnxManager$SendWorker@688] - Send worker leaving thread
2015-07-29 19:25:29,711 - INFO  [/10.10.34.13:3888:QuorumCnxManager$Listener@493] - Received connection request /10.10.34.11:47343
2015-07-29 19:25:29,712 - WARN  [RecvWorker:188978561024:QuorumCnxManager$RecvWorker@762] - Connection broken for id 188978561024, my id = 3, error = 
2015-07-29 19:25:29,712 - WARN  [RecvWorker:188978561024:QuorumCnxManager$RecvWorker@765] - Interrupting SendWorker
2015-07-29 19:25:29,712 - WARN  [SendWorker:188978561024:QuorumCnxManager$SendWorker@679] - Interrupted while waiting for message on queue
2015-07-29 19:25:29,712 - WARN  [SendWorker:188978561024:QuorumCnxManager$SendWorker@688] - Send worker leaving thread
2015-07-29 19:25:29,721 - INFO  [/10.10.34.13:3888:QuorumCnxManager$Listener@493] - Received connection request /10.10.34.11:47347
2015-07-29 19:25:29,722 - WARN  [RecvWorker:188978561024:QuorumCnxManager$RecvWorker@762] - Connection broken for id 188978561024, my id = 3, error = 
2015-07-29 19:25:29,722 - WARN  [RecvWorker:188978561024:QuorumCnxManager$RecvWorker@765] - Interrupting SendWorker
2015-07-29 19:25:29,723 - WARN  [SendWorker:188978561024:QuorumCnxManager$SendWorker@679] - Interrupted while waiting for message on queue
2015-07-29 19:25:29,723 - WARN  [SendWorker:188978561024:QuorumCnxManager$SendWorker@688] - Send worker leaving thread
2015-07-29 19:25:29,782 - INFO  [/10.10.34.13:3888:QuorumCnxManager$Listener@493] - Received connection request /10.10.34.12:47757
2015-07-29 19:25:29,782 - WARN  [RecvWorker:188978561024:QuorumCnxManager$RecvWorker@762] - Connection broken for id 188978561024, my id = 3, error = 
2015-07-29 19:25:29,783 - WARN  [RecvWorker:188978561024:QuorumCnxManager$RecvWorker@765] - Interrupting SendWorker
2015-07-29 19:25:29,783 - WARN  [SendWorker:188978561024:QuorumCnxManager$SendWorker@679] - Interrupted while waiting for message on queue
2015-07-29 19:25:29,783 - WARN  [SendWorker:188978561024:QuorumCnxManager$SendWorker@688] - Send worker leaving thread
2015-07-29 19:25:29,792 - INFO  [/10.10.34.13:3888:QuorumCnxManager$Listener@493] - Received connection request /10.10.34.12:47761
2015-07-29 19:25:29,792 - WARN  [RecvWorker:188978561024:QuorumCnxManager$RecvWorker@762] - Connection broken for id 188978561024, my id = 3, error = 
2015-07-29 19:25:29,793 - WARN  [RecvWorker:188978561024:QuorumCnxManager$RecvWorker@765] - Interrupting SendWorker
2015-07-29 19:25:29,793 - WARN  [SendWorker:188978561024:QuorumCnxManager$SendWorker@679] - Interrupted while waiting for message on queue
2015-07-29 19:25:29,793 - WARN  [SendWorker:188978561024:QuorumCnxManager$SendWorker@688] - Send worker leaving thread
2015-07-29 19:25:29,811 - INFO  [/10.10.34.13:3888:QuorumCnxManager$Listener@493] - Received connection request /10.10.34.12:47765
2015-07-29 19:25:29,811 - WARN  [RecvWorker:188978561024:QuorumCnxManager$RecvWorker@762] - Connection broken for id 188978561024, my id = 3, error = 
2015-07-29 19:25:29,812 - WARN  [RecvWorker:188978561024:QuorumCnxManager$RecvWorker@765] - Interrupting SendWorker
2015-07-29 19:25:29,812 - WARN  [SendWorker:188978561024:QuorumCnxManager$SendWorker@679] - Interrupted while waiting for message on queue
2015-07-29 19:25:29,812 - WARN  [SendWorker:188978561024:QuorumCnxManager$SendWorker@688] - Send worker leaving thread
2015-07-29 19:25:29,812 - INFO  [/10.10.34.13:3888:QuorumCnxManager$Listener@493] - Received connection request /10.10.34.12:47767
2015-07-29 19:25:29,813 - WARN  [RecvWorker:188978561024:QuorumCnxManager$RecvWorker@762] - Connection broken for id 188978561024, my id = 3, error = 
2015-07-29 19:25:29,813 - WARN  [RecvWorker:188978561024:QuorumCnxManager$RecvWorker@765] - Interrupting SendWorker
2015-07-29 19:25:29,814 - WARN  [SendWorker:188978561024:QuorumCnxManager$SendWorker@679] - Interrupted while waiting for message on queue
2015-07-29 19:25:29,814 - WARN  [SendWorker:188978561024:QuorumCnxManager$SendWorker@688] - Send worker leaving thread
2015-07-29 19:25:29,891 - INFO  [/10.10.34.13:3888:QuorumCnxManager$Listener@493] - Received connection request /10.10.34.13:45029
2015-07-29 19:25:29,892 - WARN  [RecvWorker:188978561024:QuorumCnxManager$RecvWorker@762] - Connection broken for id 188978561024, my id = 3, error = 
2015-07-29 19:25:29,892 - WARN  [RecvWorker:188978561024:QuorumCnxManager$RecvWorker@765] - Interrupting SendWorker
2015-07-29 19:25:29,892 - WARN  [SendWorker:188978561024:QuorumCnxManager$SendWorker@679] - Interrupted while waiting for message on queue
2015-07-29 19:25:29,892 - WARN  [SendWorker:188978561024:QuorumCnxManager$SendWorker@688] - Send worker leaving thread
2015-07-29 19:25:29,897 - INFO  [/10.10.34.13:3888:QuorumCnxManager$Listener@493] - Received connection request /10.10.34.13:45032
2015-07-29 19:25:29,898 - WARN  [RecvWorker:188978561024:QuorumCnxManager$RecvWorker@762] - Connection broken for id 188978561024, my id = 3, error = 
2015-07-29 19:25:29,898 - WARN  [RecvWorker:188978561024:QuorumCnxManager$RecvWorker@765] - Interrupting SendWorker
2015-07-29 19:25:29,898 - WARN  [SendWorker:188978561024:QuorumCnxManager$SendWorker@679] - Interrupted while waiting for message on queue
2015-07-29 19:25:29,899 - WARN  [SendWorker:188978561024:QuorumCnxManager$SendWorker@688] - Send worker leaving thread
2015-07-29 19:25:29,900 - INFO  [/10.10.34.13:3888:QuorumCnxManager$Listener@493] - Received connection request /10.10.34.13:45035
2015-07-29 19:25:29,901 - WARN  [RecvWorker:188978561024:QuorumCnxManager$RecvWorker@762] - Connection broken for id 188978561024, my id = 3, error = 
2015-07-29 19:25:29,901 - WARN  [RecvWorker:188978561024:QuorumCnxManager$RecvWorker@765] - Interrupting SendWorker
2015-07-29 19:25:29,901 - WARN  [SendWorker:188978561024:QuorumCnxManager$SendWorker@679] - Interrupted while waiting for message on queue
2015-07-29 19:25:29,902 - WARN  [SendWorker:188978561024:QuorumCnxManager$SendWorker@688] - Send worker leaving thread
2015-07-29 19:25:29,903 - INFO  [/10.10.34.13:3888:QuorumCnxManager$Listener@493] - Received connection request /10.10.34.13:45038
2015-07-29 19:25:29,903 - WARN  [RecvWorker:188978561024:QuorumCnxManager$RecvWorker@762] - Connection broken for id 188978561024, my id = 3, error = 
2015-07-29 19:25:29,904 - WARN  [RecvWorker:188978561024:QuorumCnxManager$RecvWorker@765] - Interrupting SendWorker
2015-07-29 19:25:29,904 - WARN  [SendWorker:188978561024:QuorumCnxManager$SendWorker@679] - Interrupted while waiting for message on queue
2015-07-29 19:25:29,904 - WARN  [SendWorker:188978561024:QuorumCnxManager$SendWorker@688] - Send worker leaving thread
2015-07-29 19:25:33,045 - INFO  [/10.10.34.13:3888:QuorumCnxManager$Listener@493] - Received connection request /10.10.34.11:47350
2015-07-29 19:25:33,046 - WARN  [RecvWorker:188978561024:QuorumCnxManager$RecvWorker@762] - Connection broken for id 188978561024, my id = 3, error = 
2015-07-29 19:25:33,046 - WARN  [RecvWorker:188978561024:QuorumCnxManager$RecvWorker@765] - Interrupting SendWorker
2015-07-29 19:25:33,047 - WARN  [SendWorker:188978561024:QuorumCnxManager$SendWorker@679] - Interrupted while waiting for message on queue
2015-07-29 19:25:33,047 - WARN  [SendWorker:188978561024:QuorumCnxManager$SendWorker@688] - Send worker leaving thread
2015-07-29 19:25:33,047 - INFO  [/10.10.34.13:3888:QuorumCnxManager$Listener@493] - Received connection request /10.10.34.11:47353
2015-07-29 19:25:33,048 - WARN  [RecvWorker:188978561024:QuorumCnxManager$RecvWorker@762] - Connection broken for id 188978561024, my id = 3, error = 
2015-07-29 19:25:33,048 - WARN  [RecvWorker:188978561024:QuorumCnxManager$RecvWorker@765] - Interrupting SendWorker
2015-07-29 19:25:33,048 - WARN  [SendWorker:188978561024:QuorumCnxManager$SendWorker@679] - Interrupted while waiting for message on queue
2015-07-29 19:25:33,049 - WARN  [SendWorker:188978561024:QuorumCnxManager$SendWorker@688] - Send worker leaving thread
2015-07-29 19:25:33,051 - INFO  [/10.10.34.13:3888:QuorumCnxManager$Listener@493] - Received connection request /10.10.34.11:47355
2015-07-29 19:25:33,052 - WARN  [RecvWorker:188978561024:QuorumCnxManager$RecvWorker@762] - Connection broken for id 188978561024, my id = 3, error = 
2015-07-29 19:25:33,052 - WARN  [RecvWorker:188978561024:QuorumCnxManager$RecvWorker@765] - Interrupting SendWorker
2015-07-29 19:25:33,053 - WARN  [SendWorker:188978561024:QuorumCnxManager$SendWorker@679] - Interrupted while waiting for message on queue
2015-07-29 19:25:33,053 - WARN  [SendWorker:188978561024:QuorumCnxManager$SendWorker@688] - Send worker leaving thread
2015-07-29 19:25:33,062 - INFO  [/10.10.34.13:3888:QuorumCnxManager$Listener@493] - Received connection request /10.10.34.11:47359
2015-07-29 19:25:33,063 - WARN  [RecvWorker:188978561024:QuorumCnxManager$RecvWorker@762] - Connection broken for id 188978561024, my id = 3, error = 
2015-07-29 19:25:33,063 - WARN  [RecvWorker:188978561024:QuorumCnxManager$RecvWorker@765] - Interrupting SendWorker
2015-07-29 19:25:33,063 - WARN  [SendWorker:188978561024:QuorumCnxManager$SendWorker@679] - Interrupted while waiting for message on queue
2015-07-29 19:25:33,064 - WARN  [SendWorker:188978561024:QuorumCnxManager$SendWorker@688] - Send worker leaving thread
2015-07-29 19:25:33,123 - INFO  [/10.10.34.13:3888:QuorumCnxManager$Listener@493] - Received connection request /10.10.34.12:47769
2015-07-29 19:25:33,123 - WARN  [RecvWorker:188978561024:QuorumCnxManager$RecvWorker@762] - Connection broken for id 188978561024, my id = 3, error = 
2015-07-29 19:25:33,123 - WARN  [RecvWorker:188978561024:QuorumCnxManager$RecvWorker@765] - Interrupting SendWorker
2015-07-29 19:25:33,124 - WARN  [SendWorker:188978561024:QuorumCnxManager$SendWorker@679] - Interrupted while waiting for message on queue
2015-07-29 19:25:33,124 - WARN  [SendWorker:188978561024:QuorumCnxManager$SendWorker@688] - Send worker leaving thread
2015-07-29 19:25:33,133 - INFO  [/10.10.34.13:3888:QuorumCnxManager$Listener@493] - Received connection request /10.10.34.12:47773
2015-07-29 19:25:33,133 - WARN  [RecvWorker:188978561024:QuorumCnxManager$RecvWorker@762] - Connection broken for id 188978561024, my id = 3, error = 
2015-07-29 19:25:33,133 - WARN  [RecvWorker:188978561024:QuorumCnxManager$RecvWorker@765] - Interrupting SendWorker
2015-07-29 19:25:33,134 - WARN  [SendWorker:188978561024:QuorumCnxManager$SendWorker@679] - Interrupted while waiting for message on queue
2015-07-29 19:25:33,134 - WARN  [SendWorker:188978561024:QuorumCnxManager$SendWorker@688] - Send worker leaving thread
2015-07-29 19:25:33,151 - INFO  [/10.10.34.13:3888:QuorumCnxManager$Listener@493] - Received connection request /10.10.34.12:47777
2015-07-29 19:25:33,152 - WARN  [RecvWorker:188978561024:QuorumCnxManager$RecvWorker@762] - Connection broken for id 188978561024, my id = 3, error = 
2015-07-29 19:25:33,152 - WARN  [RecvWorker:188978561024:QuorumCnxManager$RecvWorker@765] - Interrupting SendWorker
2015-07-29 19:25:33,152 - WARN  [SendWorker:188978561024:QuorumCnxManager$SendWorker@679] - Interrupted while waiting for message on queue
2015-07-29 19:25:33,153 - WARN  [SendWorker:188978561024:QuorumCnxManager$SendWorker@688] - Send worker leaving thread
2015-07-29 19:25:33,153 - INFO  [/10.10.34.13:3888:QuorumCnxManager$Listener@493] - Received connection request /10.10.34.12:47779
2015-07-29 19:25:33,154 - WARN  [RecvWorker:188978561024:QuorumCnxManager$RecvWorker@762] - Connection broken for id 188978561024, my id = 3, error = 
2015-07-29 19:25:33,154 - WARN  [RecvWorker:188978561024:QuorumCnxManager$RecvWorker@765] - Interrupting SendWorker
2015-07-29 19:25:33,154 - WARN  [SendWorker:188978561024:QuorumCnxManager$SendWorker@679] - Interrupted while waiting for message on queue
2015-07-29 19:25:33,154 - WARN  [SendWorker:188978561024:QuorumCnxManager$SendWorker@688] - Send worker leaving thread
2015-07-29 19:25:33,232 - INFO  [/10.10.34.13:3888:QuorumCnxManager$Listener@493] - Received connection request /10.10.34.13:45041
2015-07-29 19:25:33,232 - WARN  [RecvWorker:188978561024:QuorumCnxManager$RecvWorker@762] - Connection broken for id 188978561024, my id = 3, error = 
2015-07-29 19:25:33,232 - WARN  [RecvWorker:188978561024:QuorumCnxManager$RecvWorker@765] - Interrupting SendWorker
2015-07-29 19:25:33,233 - WARN  [SendWorker:188978561024:QuorumCnxManager$SendWorker@679] - Interrupted while waiting for message on queue
2015-07-29 19:25:33,233 - WARN  [SendWorker:188978561024:QuorumCnxManager$SendWorker@688] - Send worker leaving thread
2015-07-29 19:25:33,238 - INFO  [/10.10.34.13:3888:QuorumCnxManager$Listener@493] - Received connection request /10.10.34.13:45044
2015-07-29 19:25:33,238 - WARN  [RecvWorker:188978561024:QuorumCnxManager$RecvWorker@762] - Connection broken for id 188978561024, my id = 3, error = 
2015-07-29 19:25:33,238 - WARN  [RecvWorker:188978561024:QuorumCnxManager$RecvWorker@765] - Interrupting SendWorker
2015-07-29 19:25:33,239 - WARN  [SendWorker:188978561024:QuorumCnxManager$SendWorker@679] - Interrupted while waiting for message on queue
2015-07-29 19:25:33,239 - WARN  [SendWorker:188978561024:QuorumCnxManager$SendWorker@688] - Send worker leaving thread
2015-07-29 19:25:33,241 - INFO  [/10.10.34.13:3888:QuorumCnxManager$Listener@493] - Received connection request /10.10.34.13:45047
2015-07-29 19:25:33,241 - WARN  [RecvWorker:188978561024:QuorumCnxManager$RecvWorker@762] - Connection broken for id 188978561024, my id = 3, error = 
2015-07-29 19:25:33,241 - WARN  [RecvWorker:188978561024:QuorumCnxManager$RecvWorker@765] - Interrupting SendWorker
2015-07-29 19:25:33,242 - WARN  [SendWorker:188978561024:QuorumCnxManager$SendWorker@679] - Interrupted while waiting for message on queue
2015-07-29 19:25:33,242 - WARN  [SendWorker:188978561024:QuorumCnxManager$SendWorker@688] - Send worker leaving thread
2015-07-29 19:25:33,243 - INFO  [/10.10.34.13:3888:QuorumCnxManager$Listener@493] - Received connection request /10.10.34.13:45050
2015-07-29 19:25:33,244 - WARN  [RecvWorker:188978561024:QuorumCnxManager$RecvWorker@762] - Connection broken for id 188978561024, my id = 3, error = 
2015-07-29 19:25:33,244 - WARN  [RecvWorker:188978561024:QuorumCnxManager$RecvWorker@765] - Interrupting SendWorker
2015-07-29 19:25:33,244 - WARN  [SendWorker:188978561024:QuorumCnxManager$SendWorker@679] - Interrupted while waiting for message on queue
2015-07-29 19:25:33,245 - WARN  [SendWorker:188978561024:QuorumCnxManager$SendWorker@688] - Send worker leaving thread
2015-07-29 19:25:36,386 - INFO  [/10.10.34.13:3888:QuorumCnxManager$Listener@493] - Received connection request /10.10.34.11:47362
2015-07-29 19:25:36,387 - WARN  [RecvWorker:188978561024:QuorumCnxManager$RecvWorker@762] - Connection broken for id 188978561024, my id = 3, error = 
2015-07-29 19:25:36,387 - WARN  [RecvWorker:188978561024:QuorumCnxManager$RecvWorker@765] - Interrupting SendWorker
2015-07-29 19:25:36,387 - WARN  [SendWorker:188978561024:QuorumCnxManager$SendWorker@679] - Interrupted while waiting for message on queue
2015-07-29 19:25:36,388 - INFO  [/10.10.34.13:3888:QuorumCnxManager$Listener@493] - Received connection request /10.10.34.11:47364
2015-07-29 19:25:36,388 - WARN  [SendWorker:188978561024:QuorumCnxManager$SendWorker@688] - Send worker leaving thread
2015-07-29 19:25:36,389 - WARN  [RecvWorker:188978561024:QuorumCnxManager$RecvWorker@762] - Connection broken for id 188978561024, my id = 3, error = 
2015-07-29 19:25:36,389 - WARN  [RecvWorker:188978561024:QuorumCnxManager$RecvWorker@765] - Interrupting SendWorker
2015-07-29 19:25:36,389 - WARN  [SendWorker:188978561024:QuorumCnxManager$SendWorker@679] - Interrupted while waiting for message on queue
2015-07-29 19:25:36,389 - WARN  [SendWorker:188978561024:QuorumCnxManager$SendWorker@688] - Send worker leaving thread
2015-07-29 19:25:36,392 - INFO  [/10.10.34.13:3888:QuorumCnxManager$Listener@493] - Received connection request /10.10.34.11:47367
2015-07-29 19:25:36,393 - WARN  [RecvWorker:188978561024:QuorumCnxManager$RecvWorker@762] - Connection broken for id 188978561024, my id = 3, error = 
2015-07-29 19:25:36,393 - WARN  [RecvWorker:188978561024:QuorumCnxManager$RecvWorker@765] - Interrupting SendWorker
2015-07-29 19:25:36,393 - WARN  [SendWorker:188978561024:QuorumCnxManager$SendWorker@679] - Interrupted while waiting for message on queue
2015-07-29 19:25:36,393 - WARN  [SendWorker:188978561024:QuorumCnxManager$SendWorker@688] - Send worker leaving thread
2015-07-29 19:25:36,403 - INFO  [/10.10.34.13:3888:QuorumCnxManager$Listener@493] - Received connection request /10.10.34.11:47371
2015-07-29 19:25:36,403 - WARN  [RecvWorker:188978561024:QuorumCnxManager$RecvWorker@762] - Connection broken for id 188978561024, my id = 3, error = 
2015-07-29 19:25:36,404 - WARN  [RecvWorker:188978561024:QuorumCnxManager$RecvWorker@765] - Interrupting SendWorker
2015-07-29 19:25:36,404 - WARN  [SendWorker:188978561024:QuorumCnxManager$SendWorker@679] - Interrupted while waiting for message on queue
2015-07-29 19:25:36,404 - WARN  [SendWorker:188978561024:QuorumCnxManager$SendWorker@688] - Send worker leaving thread
2015-07-29 19:25:36,463 - INFO  [/10.10.34.13:3888:QuorumCnxManager$Listener@493] - Received connection request /10.10.34.12:47781
2015-07-29 19:25:36,464 - WARN  [RecvWorker:188978561024:QuorumCnxManager$RecvWorker@762] - Connection broken for id 188978561024, my id = 3, error = 
2015-07-29 19:25:36,464 - WARN  [RecvWorker:188978561024:QuorumCnxManager$RecvWorker@765] - Interrupting SendWorker
2015-07-29 19:25:36,464 - WARN  [SendWorker:188978561024:QuorumCnxManager$SendWorker@679] - Interrupted while waiting for message on queue
2015-07-29 19:25:36,465 - WARN  [SendWorker:188978561024:QuorumCnxManager$SendWorker@688] - Send worker leaving thread
2015-07-29 19:25:36,473 - INFO  [/10.10.34.13:3888:QuorumCnxManager$Listener@493] - Received connection request /10.10.34.12:47785
2015-07-29 19:25:36,474 - WARN  [RecvWorker:188978561024:QuorumCnxManager$RecvWorker@762] - Connection broken for id 188978561024, my id = 3, error = 
2015-07-29 19:25:36,474 - WARN  [RecvWorker:188978561024:QuorumCnxManager$RecvWorker@765] - Interrupting SendWorker
2015-07-29 19:25:36,474 - WARN  [SendWorker:188978561024:QuorumCnxManager$SendWorker@679] - Interrupted while waiting for message on queue
2015-07-29 19:25:36,475 - WARN  [SendWorker:188978561024:QuorumCnxManager$SendWorker@688] - Send worker leaving thread
2015-07-29 19:25:36,492 - INFO  [/10.10.34.13:3888:QuorumCnxManager$Listener@493] - Received connection request /10.10.34.12:47789
2015-07-29 19:25:36,493 - WARN  [RecvWorker:188978561024:QuorumCnxManager$RecvWorker@762] - Connection broken for id 188978561024, my id = 3, error = 
2015-07-29 19:25:36,493 - WARN  [RecvWorker:188978561024:QuorumCnxManager$RecvWorker@765] - Interrupting SendWorker
2015-07-29 19:25:36,493 - WARN  [SendWorker:188978561024:QuorumCnxManager$SendWorker@679] - Interrupted while waiting for message on queue
2015-07-29 19:25:36,493 - WARN  [SendWorker:188978561024:QuorumCnxManager$SendWorker@688] - Send worker leaving thread
2015-07-29 19:25:36,493 - INFO  [/10.10.34.13:3888:QuorumCnxManager$Listener@493] - Received connection request /10.10.34.12:47791
2015-07-29 19:25:36,494 - WARN  [RecvWorker:188978561024:QuorumCnxManager$RecvWorker@762] - Connection broken for id 188978561024, my id = 3, error = 
2015-07-29 19:25:36,494 - WARN  [RecvWorker:188978561024:QuorumCnxManager$RecvWorker@765] - Interrupting SendWorker
2015-07-29 19:25:36,495 - WARN  [SendWorker:188978561024:QuorumCnxManager$SendWorker@679] - Interrupted while waiting for message on queue
2015-07-29 19:25:36,495 - WARN  [SendWorker:188978561024:QuorumCnxManager$SendWorker@688] - Send worker leaving thread
2015-07-29 19:25:36,572 - INFO  [/10.10.34.13:3888:QuorumCnxManager$Listener@493] - Received connection request /10.10.34.13:45053
2015-07-29 19:25:36,573 - WARN  [RecvWorker:188978561024:QuorumCnxManager$RecvWorker@762] - Connection broken for id 188978561024, my id = 3, error = 
2015-07-29 19:25:36,573 - WARN  [RecvWorker:188978561024:QuorumCnxManager$RecvWorker@765] - Interrupting SendWorker
2015-07-29 19:25:36,573 - WARN  [SendWorker:188978561024:QuorumCnxManager$SendWorker@679] - Interrupted while waiting for message on queue
2015-07-29 19:25:36,574 - WARN  [SendWorker:188978561024:QuorumCnxManager$SendWorker@688] - Send worker leaving thread
2015-07-29 19:25:36,578 - INFO  [/10.10.34.13:3888:QuorumCnxManager$Listener@493] - Received connection request /10.10.34.13:45056
2015-07-29 19:25:36,579 - INFO  [/10.10.34.13:3888:QuorumCnxManager$Listener@493] - Received connection request /10.10.34.13:45057
2015-07-29 19:25:36,579 - WARN  [RecvWorker:188978561024:QuorumCnxManager$RecvWorker@762] - Connection broken for id 188978561024, my id = 3, error = 
2015-07-29 19:25:36,579 - WARN  [SendWorker:188978561024:QuorumCnxManager$SendWorker@679] - Interrupted while waiting for message on queue
2015-07-29 19:25:36,579 - WARN  [RecvWorker:188978561024:QuorumCnxManager$RecvWorker@762] - Connection broken for id 188978561024, my id = 3, error = 
2015-07-29 19:25:36,580 - WARN  [RecvWorker:188978561024:QuorumCnxManager$RecvWorker@765] - Interrupting SendWorker
2015-07-29 19:25:36,579 - WARN  [RecvWorker:188978561024:QuorumCnxManager$RecvWorker@765] - Interrupting SendWorker
2015-07-29 19:25:36,580 - WARN  [SendWorker:188978561024:QuorumCnxManager$SendWorker@679] - Interrupted while waiting for message on queue
2015-07-29 19:25:36,580 - WARN  [SendWorker:188978561024:QuorumCnxManager$SendWorker@688] - Send worker leaving thread
2015-07-29 19:25:36,580 - WARN  [SendWorker:188978561024:QuorumCnxManager$SendWorker@688] - Send worker leaving thread
2015-07-29 19:25:36,584 - INFO  [/10.10.34.13:3888:QuorumCnxManager$Listener@493] - Received connection request /10.10.34.13:45063
2015-07-29 19:25:36,585 - WARN  [RecvWorker:188978561024:QuorumCnxManager$RecvWorker@762] - Connection broken for id 188978561024, my id = 3, error = 
2015-07-29 19:25:36,585 - WARN  [RecvWorker:188978561024:QuorumCnxManager$RecvWorker@765] - Interrupting SendWorker
2015-07-29 19:25:36,585 - WARN  [SendWorker:188978561024:QuorumCnxManager$SendWorker@679] - Interrupted while waiting for message on queue
2015-07-29 19:25:36,585 - WARN  [SendWorker:188978561024:QuorumCnxManager$SendWorker@688] - Send worker leaving thread
2015-07-29 19:25:39,727 - INFO  [/10.10.34.13:3888:QuorumCnxManager$Listener@493] - Received connection request /10.10.34.11:47374
2015-07-29 19:25:39,728 - WARN  [RecvWorker:188978561024:QuorumCnxManager$RecvWorker@762] - Connection broken for id 188978561024, my id = 3, error = 
2015-07-29 19:25:39,728 - WARN  [RecvWorker:188978561024:QuorumCnxManager$RecvWorker@765] - Interrupting SendWorker
2015-07-29 19:25:39,728 - WARN  [SendWorker:188978561024:QuorumCnxManager$SendWorker@679] - Interrupted while waiting for message on queue
2015-07-29 19:25:39,728 - INFO  [/10.10.34.13:3888:QuorumCnxManager$Listener@493] - Received connection request /10.10.34.11:47377
2015-07-29 19:25:39,729 - WARN  [SendWorker:188978561024:QuorumCnxManager$SendWorker@688] - Send worker leaving thread
2015-07-29 19:25:39,729 - WARN  [RecvWorker:188978561024:QuorumCnxManager$RecvWorker@762] - Connection broken for id 188978561024, my id = 3, error = 
2015-07-29 19:25:39,729 - WARN  [RecvWorker:188978561024:QuorumCnxManager$RecvWorker@765] - Interrupting SendWorker
2015-07-29 19:25:39,730 - WARN  [SendWorker:188978561024:QuorumCnxManager$SendWorker@679] - Interrupted while waiting for message on queue
2015-07-29 19:25:39,730 - WARN  [SendWorker:188978561024:QuorumCnxManager$SendWorker@688] - Send worker leaving thread
2015-07-29 19:25:39,733 - INFO  [/10.10.34.13:3888:QuorumCnxManager$Listener@493] - Received connection request /10.10.34.11:47379
2015-07-29 19:25:39,733 - WARN  [RecvWorker:188978561024:QuorumCnxManager$RecvWorker@762] - Connection broken for id 188978561024, my id = 3, error = 
2015-07-29 19:25:39,734 - WARN  [RecvWorker:188978561024:QuorumCnxManager$RecvWorker@765] - Interrupting SendWorker
2015-07-29 19:25:39,734 - WARN  [SendWorker:188978561024:QuorumCnxManager$SendWorker@679] - Interrupted while waiting for message on queue
2015-07-29 19:25:39,734 - WARN  [SendWorker:188978561024:QuorumCnxManager$SendWorker@688] - Send worker leaving thread
2015-07-29 19:25:39,743 - INFO  [/10.10.34.13:3888:QuorumCnxManager$Listener@493] - Received connection request /10.10.34.11:47383
2015-07-29 19:25:39,744 - WARN  [RecvWorker:188978561024:QuorumCnxManager$RecvWorker@762] - Connection broken for id 188978561024, my id = 3, error = 
2015-07-29 19:25:39,744 - WARN  [RecvWorker:188978561024:QuorumCnxManager$RecvWorker@765] - Interrupting SendWorker
2015-07-29 19:25:39,745 - WARN  [SendWorker:188978561024:QuorumCnxManager$SendWorker@679] - Interrupted while waiting for message on queue
2015-07-29 19:25:39,745 - WARN  [SendWorker:188978561024:QuorumCnxManager$SendWorker@688] - Send worker leaving thread
2015-07-29 19:25:39,804 - INFO  [/10.10.34.13:3888:QuorumCnxManager$Listener@493] - Received connection request /10.10.34.12:47793
2015-07-29 19:25:39,804 - WARN  [RecvWorker:188978561024:QuorumCnxManager$RecvWorker@762] - Connection broken for id 188978561024, my id = 3, error = 
2015-07-29 19:25:39,805 - WARN  [RecvWorker:188978561024:QuorumCnxManager$RecvWorker@765] - Interrupting SendWorker
2015-07-29 19:25:39,805 - WARN  [SendWorker:188978561024:QuorumCnxManager$SendWorker@679] - Interrupted while waiting for message on queue
2015-07-29 19:25:39,805 - WARN  [SendWorker:188978561024:QuorumCnxManager$SendWorker@688] - Send worker leaving thread
2015-07-29 19:25:39,814 - INFO  [/10.10.34.13:3888:QuorumCnxManager$Listener@493] - Received connection request /10.10.34.12:47797
2015-07-29 19:25:39,814 - WARN  [RecvWorker:188978561024:QuorumCnxManager$RecvWorker@762] - Connection broken for id 188978561024, my id = 3, error = 
2015-07-29 19:25:39,814 - WARN  [RecvWorker:188978561024:QuorumCnxManager$RecvWorker@765] - Interrupting SendWorker
2015-07-29 19:25:39,815 - WARN  [SendWorker:188978561024:QuorumCnxManager$SendWorker@679] - Interrupted while waiting for message on queue
2015-07-29 19:25:39,815 - WARN  [SendWorker:188978561024:QuorumCnxManager$SendWorker@688] - Send worker leaving thread
2015-07-29 19:25:39,832 - INFO  [/10.10.34.13:3888:QuorumCnxManager$Listener@493] - Received connection request /10.10.34.12:47801
2015-07-29 19:25:39,833 - WARN  [RecvWorker:188978561024:QuorumCnxManager$RecvWorker@762] - Connection broken for id 188978561024, my id = 3, error = 
2015-07-29 19:25:39,833 - WARN  [RecvWorker:188978561024:QuorumCnxManager$RecvWorker@765] - Interrupting SendWorker
2015-07-29 19:25:39,834 - WARN  [SendWorker:188978561024:QuorumCnxManager$SendWorker@679] - Interrupted while waiting for message on queue
2015-07-29 19:25:39,834 - WARN  [SendWorker:188978561024:QuorumCnxManager$SendWorker@688] - Send worker leaving thread
2015-07-29 19:25:39,834 - INFO  [/10.10.34.13:3888:QuorumCnxManager$Listener@493] - Received connection request /10.10.34.12:47803
2015-07-29 19:25:39,835 - WARN  [RecvWorker:188978561024:QuorumCnxManager$RecvWorker@762] - Connection broken for id 188978561024, my id = 3, error = 
2015-07-29 19:25:39,835 - WARN  [RecvWorker:188978561024:QuorumCnxManager$RecvWorker@765] - Interrupting SendWorker
2015-07-29 19:25:39,835 - WARN  [SendWorker:188978561024:QuorumCnxManager$SendWorker@679] - Interrupted while waiting for message on queue
2015-07-29 19:25:39,836 - WARN  [SendWorker:188978561024:QuorumCnxManager$SendWorker@688] - Send worker leaving thread
2015-07-29 19:25:39,913 - INFO  [/10.10.34.13:3888:QuorumCnxManager$Listener@493] - Received connection request /10.10.34.13:45065
2015-07-29 19:25:39,914 - WARN  [RecvWorker:188978561024:QuorumCnxManager$RecvWorker@762] - Connection broken for id 188978561024, my id = 3, error = 
2015-07-29 19:25:39,914 - WARN  [RecvWorker:188978561024:QuorumCnxManager$RecvWorker@765] - Interrupting SendWorker
2015-07-29 19:25:39,914 - WARN  [SendWorker:188978561024:QuorumCnxManager$SendWorker@679] - Interrupted while waiting for message on queue
2015-07-29 19:25:39,914 - WARN  [SendWorker:188978561024:QuorumCnxManager$SendWorker@688] - Send worker leaving thread
2015-07-29 19:25:39,918 - INFO  [/10.10.34.13:3888:QuorumCnxManager$Listener@493] - Received connection request /10.10.34.13:45068
2015-07-29 19:25:39,919 - WARN  [RecvWorker:188978561024:QuorumCnxManager$RecvWorker@762] - Connection broken for id 188978561024, my id = 3, error = 
2015-07-29 19:25:39,919 - WARN  [RecvWorker:188978561024:QuorumCnxManager$RecvWorker@765] - Interrupting SendWorker
2015-07-29 19:25:39,919 - INFO  [/10.10.34.13:3888:QuorumCnxManager$Listener@493] - Received connection request /10.10.34.13:45069
2015-07-29 19:25:39,920 - WARN  [SendWorker:188978561024:QuorumCnxManager$SendWorker@679] - Interrupted while waiting for message on queue
2015-07-29 19:25:39,920 - WARN  [SendWorker:188978561024:QuorumCnxManager$SendWorker@688] - Send worker leaving thread
2015-07-29 19:25:39,920 - WARN  [RecvWorker:188978561024:QuorumCnxManager$RecvWorker@762] - Connection broken for id 188978561024, my id = 3, error = 
2015-07-29 19:25:39,920 - WARN  [RecvWorker:188978561024:QuorumCnxManager$RecvWorker@765] - Interrupting SendWorker
2015-07-29 19:25:39,921 - WARN  [SendWorker:188978561024:QuorumCnxManager$SendWorker@679] - Interrupted while waiting for message on queue
2015-07-29 19:25:39,921 - WARN  [SendWorker:188978561024:QuorumCnxManager$SendWorker@688] - Send worker leaving thread
2015-07-29 19:25:39,925 - INFO  [/10.10.34.13:3888:QuorumCnxManager$Listener@493] - Received connection request /10.10.34.13:45075
2015-07-29 19:25:39,925 - WARN  [RecvWorker:188978561024:QuorumCnxManager$RecvWorker@762] - Connection broken for id 188978561024, my id = 3, error = 
2015-07-29 19:25:39,926 - WARN  [RecvWorker:188978561024:QuorumCnxManager$RecvWorker@765] - Interrupting SendWorker
2015-07-29 19:25:39,926 - WARN  [SendWorker:188978561024:QuorumCnxManager$SendWorker@679] - Interrupted while waiting for message on queue
2015-07-29 19:25:39,926 - WARN  [SendWorker:188978561024:QuorumCnxManager$SendWorker@688] - Send worker leaving thread
2015-07-29 19:25:43,068 - INFO  [/10.10.34.13:3888:QuorumCnxManager$Listener@493] - Received connection request /10.10.34.11:47386
2015-07-29 19:25:43,068 - WARN  [RecvWorker:188978561024:QuorumCnxManager$RecvWorker@762] - Connection broken for id 188978561024, my id = 3, error = 
2015-07-29 19:25:43,069 - WARN  [RecvWorker:188978561024:QuorumCnxManager$RecvWorker@765] - Interrupting SendWorker
2015-07-29 19:25:43,069 - WARN  [SendWorker:188978561024:QuorumCnxManager$SendWorker@679] - Interrupted while waiting for message on queue
2015-07-29 19:25:43,069 - WARN  [SendWorker:188978561024:QuorumCnxManager$SendWorker@688] - Send worker leaving thread
2015-07-29 19:25:43,069 - INFO  [/10.10.34.13:3888:QuorumCnxManager$Listener@493] - Received connection request /10.10.34.11:47389
2015-07-29 19:25:43,070 - WARN  [RecvWorker:188978561024:QuorumCnxManager$RecvWorker@762] - Connection broken for id 188978561024, my id = 3, error = 
2015-07-29 19:25:43,070 - WARN  [RecvWorker:188978561024:QuorumCnxManager$RecvWorker@765] - Interrupting SendWorker
2015-07-29 19:25:43,071 - WARN  [SendWorker:188978561024:QuorumCnxManager$SendWorker@679] - Interrupted while waiting for message on queue
2015-07-29 19:25:43,071 - WARN  [SendWorker:188978561024:QuorumCnxManager$SendWorker@688] - Send worker leaving thread
2015-07-29 19:25:43,073 - INFO  [/10.10.34.13:3888:QuorumCnxManager$Listener@493] - Received connection request /10.10.34.11:47391
2015-07-29 19:25:43,074 - WARN  [RecvWorker:188978561024:QuorumCnxManager$RecvWorker@762] - Connection broken for id 188978561024, my id = 3, error = 
2015-07-29 19:25:43,074 - WARN  [RecvWorker:188978561024:QuorumCnxManager$RecvWorker@765] - Interrupting SendWorker
2015-07-29 19:25:43,074 - WARN  [SendWorker:188978561024:QuorumCnxManager$SendWorker@679] - Interrupted while waiting for message on queue
2015-07-29 19:25:43,075 - WARN  [SendWorker:188978561024:QuorumCnxManager$SendWorker@688] - Send worker leaving thread
2015-07-29 19:25:43,084 - INFO  [/10.10.34.13:3888:QuorumCnxManager$Listener@493] - Received connection request /10.10.34.11:47395
2015-07-29 19:25:43,085 - WARN  [RecvWorker:188978561024:QuorumCnxManager$RecvWorker@762] - Connection broken for id 188978561024, my id = 3, error = 
2015-07-29 19:25:43,085 - WARN  [RecvWorker:188978561024:QuorumCnxManager$RecvWorker@765] - Interrupting SendWorker
2015-07-29 19:25:43,085 - WARN  [SendWorker:188978561024:QuorumCnxManager$SendWorker@679] - Interrupted while waiting for message on queue
2015-07-29 19:25:43,086 - WARN  [SendWorker:188978561024:QuorumCnxManager$SendWorker@688] - Send worker leaving thread
2015-07-29 19:25:43,144 - INFO  [/10.10.34.13:3888:QuorumCnxManager$Listener@493] - Received connection request /10.10.34.12:47805
2015-07-29 19:25:43,145 - WARN  [RecvWorker:188978561024:QuorumCnxManager$RecvWorker@762] - Connection broken for id 188978561024, my id = 3, error = 
2015-07-29 19:25:43,145 - WARN  [RecvWorker:188978561024:QuorumCnxManager$RecvWorker@765] - Interrupting SendWorker
2015-07-29 19:25:43,145 - WARN  [SendWorker:188978561024:QuorumCnxManager$SendWorker@679] - Interrupted while waiting for message on queue
2015-07-29 19:25:43,146 - WARN  [SendWorker:188978561024:QuorumCnxManager$SendWorker@688] - Send worker leaving thread
2015-07-29 19:25:43,154 - INFO  [/10.10.34.13:3888:QuorumCnxManager$Listener@493] - Received connection request /10.10.34.12:47809
2015-07-29 19:25:43,155 - WARN  [RecvWorker:188978561024:QuorumCnxManager$RecvWorker@762] - Connection broken for id 188978561024, my id = 3, error = 
2015-07-29 19:25:43,155 - WARN  [RecvWorker:188978561024:QuorumCnxManager$RecvWorker@765] - Interrupting SendWorker
2015-07-29 19:25:43,155 - WARN  [SendWorker:188978561024:QuorumCnxManager$SendWorker@679] - Interrupted while waiting for message on queue
2015-07-29 19:25:43,156 - WARN  [SendWorker:188978561024:QuorumCnxManager$SendWorker@688] - Send worker leaving thread
2015-07-29 19:25:43,173 - INFO  [/10.10.34.13:3888:QuorumCnxManager$Listener@493] - Received connection request /10.10.34.12:47813
2015-07-29 19:25:43,174 - WARN  [RecvWorker:188978561024:QuorumCnxManager$RecvWorker@762] - Connection broken for id 188978561024, my id = 3, error = 
2015-07-29 19:25:43,174 - WARN  [RecvWorker:188978561024:QuorumCnxManager$RecvWorker@765] - Interrupting SendWorker
2015-07-29 19:25:43,174 - WARN  [SendWorker:188978561024:QuorumCnxManager$SendWorker@679] - Interrupted while waiting for message on queue
2015-07-29 19:25:43,174 - WARN  [SendWorker:188978561024:QuorumCnxManager$SendWorker@688] - Send worker leaving thread
2015-07-29 19:25:43,175 - INFO  [/10.10.34.13:3888:QuorumCnxManager$Listener@493] - Received connection request /10.10.34.12:47815
2015-07-29 19:25:43,175 - WARN  [RecvWorker:188978561024:QuorumCnxManager$RecvWorker@762] - Connection broken for id 188978561024, my id = 3, error = 
2015-07-29 19:25:43,176 - WARN  [RecvWorker:188978561024:QuorumCnxManager$RecvWorker@765] - Interrupting SendWorker
2015-07-29 19:25:43,176 - WARN  [SendWorker:188978561024:QuorumCnxManager$SendWorker@679] - Interrupted while waiting for message on queue
2015-07-29 19:25:43,176 - WARN  [SendWorker:188978561024:QuorumCnxManager$SendWorker@688] - Send worker leaving thread
2015-07-29 19:25:43,254 - INFO  [/10.10.34.13:3888:QuorumCnxManager$Listener@493] - Received connection request /10.10.34.13:45077
2015-07-29 19:25:43,254 - WARN  [RecvWorker:188978561024:QuorumCnxManager$RecvWorker@762] - Connection broken for id 188978561024, my id = 3, error = 
2015-07-29 19:25:43,255 - WARN  [RecvWorker:188978561024:QuorumCnxManager$RecvWorker@765] - Interrupting SendWorker
2015-07-29 19:25:43,255 - WARN  [SendWorker:188978561024:QuorumCnxManager$SendWorker@679] - Interrupted while waiting for message on queue
2015-07-29 19:25:43,255 - WARN  [SendWorker:188978561024:QuorumCnxManager$SendWorker@688] - Send worker leaving thread
2015-07-29 19:25:43,259 - INFO  [/10.10.34.13:3888:QuorumCnxManager$Listener@493] - Received connection request /10.10.34.13:45080
2015-07-29 19:25:43,260 - WARN  [RecvWorker:188978561024:QuorumCnxManager$RecvWorker@762] - Connection broken for id 188978561024, my id = 3, error = 
2015-07-29 19:25:43,260 - WARN  [RecvWorker:188978561024:QuorumCnxManager$RecvWorker@765] - Interrupting SendWorker
2015-07-29 19:25:43,260 - WARN  [SendWorker:188978561024:QuorumCnxManager$SendWorker@679] - Interrupted while waiting for message on queue
2015-07-29 19:25:43,260 - INFO  [/10.10.34.13:3888:QuorumCnxManager$Listener@493] - Received connection request /10.10.34.13:45082
2015-07-29 19:25:43,260 - WARN  [SendWorker:188978561024:QuorumCnxManager$SendWorker@688] - Send worker leaving thread
2015-07-29 19:25:43,261 - WARN  [RecvWorker:188978561024:QuorumCnxManager$RecvWorker@762] - Connection broken for id 188978561024, my id = 3, error = 
2015-07-29 19:25:43,261 - WARN  [RecvWorker:188978561024:QuorumCnxManager$RecvWorker@765] - Interrupting SendWorker
2015-07-29 19:25:43,262 - WARN  [SendWorker:188978561024:QuorumCnxManager$SendWorker@679] - Interrupted while waiting for message on queue
2015-07-29 19:25:43,262 - WARN  [SendWorker:188978561024:QuorumCnxManager$SendWorker@688] - Send worker leaving thread
2015-07-29 19:25:43,265 - INFO  [/10.10.34.13:3888:QuorumCnxManager$Listener@493] - Received connection request /10.10.34.13:45087
2015-07-29 19:25:43,266 - WARN  [RecvWorker:188978561024:QuorumCnxManager$RecvWorker@762] - Connection broken for id 188978561024, my id = 3, error = 
2015-07-29 19:25:43,266 - WARN  [RecvWorker:188978561024:QuorumCnxManager$RecvWorker@765] - Interrupting SendWorker
2015-07-29 19:25:43,267 - WARN  [SendWorker:188978561024:QuorumCnxManager$SendWorker@679] - Interrupted while waiting for message on queue
2015-07-29 19:25:43,267 - WARN  [SendWorker:188978561024:QuorumCnxManager$SendWorker@688] - Send worker leaving thread
2015-07-29 19:25:46,408 - INFO  [/10.10.34.13:3888:QuorumCnxManager$Listener@493] - Received connection request /10.10.34.11:47398
2015-07-29 19:25:46,409 - WARN  [RecvWorker:188978561024:QuorumCnxManager$RecvWorker@762] - Connection broken for id 188978561024, my id = 3, error = 
2015-07-29 19:25:46,409 - WARN  [RecvWorker:188978561024:QuorumCnxManager$RecvWorker@765] - Interrupting SendWorker
2015-07-29 19:25:46,410 - WARN  [SendWorker:188978561024:QuorumCnxManager$SendWorker@679] - Interrupted while waiting for message on queue
2015-07-29 19:25:46,410 - INFO  [/10.10.34.13:3888:QuorumCnxManager$Listener@493] - Received connection request /10.10.34.11:47400
2015-07-29 19:25:46,410 - WARN  [SendWorker:188978561024:QuorumCnxManager$SendWorker@688] - Send worker leaving thread
2015-07-29 19:25:46,411 - WARN  [RecvWorker:188978561024:QuorumCnxManager$RecvWorker@762] - Connection broken for id 188978561024, my id = 3, error = 
2015-07-29 19:25:46,411 - WARN  [RecvWorker:188978561024:QuorumCnxManager$RecvWorker@765] - Interrupting SendWorker
2015-07-29 19:25:46,412 - WARN  [SendWorker:188978561024:QuorumCnxManager$SendWorker@679] - Interrupted while waiting for message on queue
2015-07-29 19:25:46,412 - WARN  [SendWorker:188978561024:QuorumCnxManager$SendWorker@688] - Send worker leaving thread
2015-07-29 19:25:46,414 - INFO  [/10.10.34.13:3888:QuorumCnxManager$Listener@493] - Received connection request /10.10.34.11:47403
2015-07-29 19:25:46,415 - WARN  [RecvWorker:188978561024:QuorumCnxManager$RecvWorker@762] - Connection broken for id 188978561024, my id = 3, error = 
2015-07-29 19:25:46,415 - WARN  [RecvWorker:188978561024:QuorumCnxManager$RecvWorker@765] - Interrupting SendWorker
2015-07-29 19:25:46,415 - WARN  [SendWorker:188978561024:QuorumCnxManager$SendWorker@679] - Interrupted while waiting for message on queue
2015-07-29 19:25:46,416 - WARN  [SendWorker:188978561024:QuorumCnxManager$SendWorker@688] - Send worker leaving thread
2015-07-29 19:25:46,425 - INFO  [/10.10.34.13:3888:QuorumCnxManager$Listener@493] - Received connection request /10.10.34.11:47407
2015-07-29 19:25:46,425 - WARN  [RecvWorker:188978561024:QuorumCnxManager$RecvWorker@762] - Connection broken for id 188978561024, my id = 3, error = 
2015-07-29 19:25:46,426 - WARN  [RecvWorker:188978561024:QuorumCnxManager$RecvWorker@765] - Interrupting SendWorker
2015-07-29 19:25:46,426 - WARN  [SendWorker:188978561024:QuorumCnxManager$SendWorker@679] - Interrupted while waiting for message on queue
2015-07-29 19:25:46,426 - WARN  [SendWorker:188978561024:QuorumCnxManager$SendWorker@688] - Send worker leaving thread
2015-07-29 19:25:46,485 - INFO  [/10.10.34.13:3888:QuorumCnxManager$Listener@493] - Received connection request /10.10.34.12:47817
2015-07-29 19:25:46,486 - WARN  [RecvWorker:188978561024:QuorumCnxManager$RecvWorker@762] - Connection broken for id 188978561024, my id = 3, error = 
2015-07-29 19:25:46,486 - WARN  [RecvWorker:188978561024:QuorumCnxManager$RecvWorker@765] - Interrupting SendWorker
2015-07-29 19:25:46,486 - WARN  [SendWorker:188978561024:QuorumCnxManager$SendWorker@679] - Interrupted while waiting for message on queue
2015-07-29 19:25:46,486 - WARN  [SendWorker:188978561024:QuorumCnxManager$SendWorker@688] - Send worker leaving thread
2015-07-29 19:25:46,495 - INFO  [/10.10.34.13:3888:QuorumCnxManager$Listener@493] - Received connection request /10.10.34.12:47821
2015-07-29 19:25:46,495 - WARN  [RecvWorker:188978561024:QuorumCnxManager$RecvWorker@762] - Connection broken for id 188978561024, my id = 3, error = 
2015-07-29 19:25:46,496 - WARN  [RecvWorker:188978561024:QuorumCnxManager$RecvWorker@765] - Interrupting SendWorker
2015-07-29 19:25:46,496 - WARN  [SendWorker:188978561024:QuorumCnxManager$SendWorker@679] - Interrupted while waiting for message on queue
2015-07-29 19:25:46,496 - WARN  [SendWorker:188978561024:QuorumCnxManager$SendWorker@688] - Send worker leaving thread
2015-07-29 19:25:46,513 - INFO  [/10.10.34.13:3888:QuorumCnxManager$Listener@493] - Received connection request /10.10.34.12:47825
2015-07-29 19:25:46,514 - WARN  [RecvWorker:188978561024:QuorumCnxManager$RecvWorker@762] - Connection broken for id 188978561024, my id = 3, error = 
2015-07-29 19:25:46,514 - WARN  [RecvWorker:188978561024:QuorumCnxManager$RecvWorker@765] - Interrupting SendWorker
2015-07-29 19:25:46,515 - WARN  [SendWorker:188978561024:QuorumCnxManager$SendWorker@679] - Interrupted while waiting for message on queue
2015-07-29 19:25:46,515 - WARN  [SendWorker:188978561024:QuorumCnxManager$SendWorker@688] - Send worker leaving thread
2015-07-29 19:25:46,515 - INFO  [/10.10.34.13:3888:QuorumCnxManager$Listener@493] - Received connection request /10.10.34.12:47827
2015-07-29 19:25:46,516 - WARN  [RecvWorker:188978561024:QuorumCnxManager$RecvWorker@762] - Connection broken for id 188978561024, my id = 3, error = 
2015-07-29 19:25:46,516 - WARN  [RecvWorker:188978561024:QuorumCnxManager$RecvWorker@765] - Interrupting SendWorker
2015-07-29 19:25:46,516 - WARN  [SendWorker:188978561024:QuorumCnxManager$SendWorker@679] - Interrupted while waiting for message on queue
2015-07-29 19:25:46,517 - WARN  [SendWorker:188978561024:QuorumCnxManager$SendWorker@688] - Send worker leaving thread
2015-07-29 19:25:46,594 - INFO  [/10.10.34.13:3888:QuorumCnxManager$Listener@493] - Received connection request /10.10.34.13:45089
2015-07-29 19:25:46,595 - WARN  [RecvWorker:188978561024:QuorumCnxManager$RecvWorker@762] - Connection broken for id 188978561024, my id = 3, error = 
2015-07-29 19:25:46,595 - WARN  [RecvWorker:188978561024:QuorumCnxManager$RecvWorker@765] - Interrupting SendWorker
2015-07-29 19:25:46,595 - WARN  [SendWorker:188978561024:QuorumCnxManager$SendWorker@679] - Interrupted while waiting for message on queue
2015-07-29 19:25:46,596 - WARN  [SendWorker:188978561024:QuorumCnxManager$SendWorker@688] - Send worker leaving thread
2015-07-29 19:25:46,599 - INFO  [/10.10.34.13:3888:QuorumCnxManager$Listener@493] - Received connection request /10.10.34.13:45092
2015-07-29 19:25:46,600 - WARN  [RecvWorker:188978561024:QuorumCnxManager$RecvWorker@762] - Connection broken for id 188978561024, my id = 3, error = 
2015-07-29 19:25:46,600 - WARN  [RecvWorker:188978561024:QuorumCnxManager$RecvWorker@765] - Interrupting SendWorker
2015-07-29 19:25:46,601 - WARN  [SendWorker:188978561024:QuorumCnxManager$SendWorker@679] - Interrupted while waiting for message on queue
2015-07-29 19:25:46,601 - INFO  [/10.10.34.13:3888:QuorumCnxManager$Listener@493] - Received connection request /10.10.34.13:45094
2015-07-29 19:25:46,601 - WARN  [SendWorker:188978561024:QuorumCnxManager$SendWorker@688] - Send worker leaving thread
2015-07-29 19:25:46,602 - WARN  [RecvWorker:188978561024:QuorumCnxManager$RecvWorker@762] - Connection broken for id 188978561024, my id = 3, error = 
2015-07-29 19:25:46,602 - WARN  [RecvWorker:188978561024:QuorumCnxManager$RecvWorker@765] - Interrupting SendWorker
2015-07-29 19:25:46,602 - WARN  [SendWorker:188978561024:QuorumCnxManager$SendWorker@679] - Interrupted while waiting for message on queue
2015-07-29 19:25:46,602 - WARN  [SendWorker:188978561024:QuorumCnxManager$SendWorker@688] - Send worker leaving thread
2015-07-29 19:25:46,606 - INFO  [/10.10.34.13:3888:QuorumCnxManager$Listener@493] - Received connection request /10.10.34.13:45099
2015-07-29 19:25:46,607 - WARN  [RecvWorker:188978561024:QuorumCnxManager$RecvWorker@762] - Connection broken for id 188978561024, my id = 3, error = 
2015-07-29 19:25:46,607 - WARN  [RecvWorker:188978561024:QuorumCnxManager$RecvWorker@765] - Interrupting SendWorker
2015-07-29 19:25:46,607 - WARN  [SendWorker:188978561024:QuorumCnxManager$SendWorker@679] - Interrupted while waiting for message on queue
2015-07-29 19:25:46,608 - WARN  [SendWorker:188978561024:QuorumCnxManager$SendWorker@688] - Send worker leaving thread
2015-07-29 19:25:49,749 - INFO  [/10.10.34.13:3888:QuorumCnxManager$Listener@493] - Received connection request /10.10.34.11:47410
2015-07-29 19:25:49,750 - WARN  [RecvWorker:188978561024:QuorumCnxManager$RecvWorker@762] - Connection broken for id 188978561024, my id = 3, error = 
2015-07-29 19:25:49,750 - WARN  [RecvWorker:188978561024:QuorumCnxManager$RecvWorker@765] - Interrupting SendWorker
2015-07-29 19:25:49,751 - WARN  [SendWorker:188978561024:QuorumCnxManager$SendWorker@679] - Interrupted while waiting for message on queue
2015-07-29 19:25:49,751 - WARN  [SendWorker:188978561024:QuorumCnxManager$SendWorker@688] - Send worker leaving thread
2015-07-29 19:25:49,751 - INFO  [/10.10.34.13:3888:QuorumCnxManager$Listener@493] - Received connection request /10.10.34.11:47413
2015-07-29 19:25:49,752 - WARN  [RecvWorker:188978561024:QuorumCnxManager$RecvWorker@762] - Connection broken for id 188978561024, my id = 3, error = 
2015-07-29 19:25:49,752 - WARN  [RecvWorker:188978561024:QuorumCnxManager$RecvWorker@765] - Interrupting SendWorker
2015-07-29 19:25:49,752 - WARN  [SendWorker:188978561024:QuorumCnxManager$SendWorker@679] - Interrupted while waiting for message on queue
2015-07-29 19:25:49,753 - WARN  [SendWorker:188978561024:QuorumCnxManager$SendWorker@688] - Send worker leaving thread
2015-07-29 19:25:49,755 - INFO  [/10.10.34.13:3888:QuorumCnxManager$Listener@493] - Received connection request /10.10.34.11:47415
2015-07-29 19:25:49,755 - WARN  [RecvWorker:188978561024:QuorumCnxManager$RecvWorker@762] - Connection broken for id 188978561024, my id = 3, error = 
2015-07-29 19:25:49,756 - WARN  [RecvWorker:188978561024:QuorumCnxManager$RecvWorker@765] - Interrupting SendWorker
2015-07-29 19:25:49,756 - WARN  [SendWorker:188978561024:QuorumCnxManager$SendWorker@679] - Interrupted while waiting for message on queue
2015-07-29 19:25:49,756 - WARN  [SendWorker:188978561024:QuorumCnxManager$SendWorker@688] - Send worker leaving thread
2015-07-29 19:25:49,772 - INFO  [/10.10.34.13:3888:QuorumCnxManager$Listener@493] - Received connection request /10.10.34.11:47419
2015-07-29 19:25:49,773 - WARN  [RecvWorker:188978561024:QuorumCnxManager$RecvWorker@762] - Connection broken for id 188978561024, my id = 3, error = 
2015-07-29 19:25:49,773 - WARN  [RecvWorker:188978561024:QuorumCnxManager$RecvWorker@765] - Interrupting SendWorker
2015-07-29 19:25:49,773 - WARN  [SendWorker:188978561024:QuorumCnxManager$SendWorker@679] - Interrupted while waiting for message on queue
2015-07-29 19:25:49,774 - WARN  [SendWorker:188978561024:QuorumCnxManager$SendWorker@688] - Send worker leaving thread
2015-07-29 19:25:49,825 - INFO  [/10.10.34.13:3888:QuorumCnxManager$Listener@493] - Received connection request /10.10.34.12:47829
2015-07-29 19:25:49,826 - WARN  [RecvWorker:188978561024:QuorumCnxManager$RecvWorker@762] - Connection broken for id 188978561024, my id = 3, error = 
2015-07-29 19:25:49,826 - WARN  [RecvWorker:188978561024:QuorumCnxManager$RecvWorker@765] - Interrupting SendWorker
2015-07-29 19:25:49,827 - WARN  [SendWorker:188978561024:QuorumCnxManager$SendWorker@679] - Interrupted while waiting for message on queue
2015-07-29 19:25:49,827 - WARN  [SendWorker:188978561024:QuorumCnxManager$SendWorker@688] - Send worker leaving thread
2015-07-29 19:25:49,835 - INFO  [/10.10.34.13:3888:QuorumCnxManager$Listener@493] - Received connection request /10.10.34.12:47833
2015-07-29 19:25:49,836 - WARN  [RecvWorker:188978561024:QuorumCnxManager$RecvWorker@762] - Connection broken for id 188978561024, my id = 3, error = 
2015-07-29 19:25:49,836 - WARN  [RecvWorker:188978561024:QuorumCnxManager$RecvWorker@765] - Interrupting SendWorker
2015-07-29 19:25:49,836 - WARN  [SendWorker:188978561024:QuorumCnxManager$SendWorker@679] - Interrupted while waiting for message on queue
2015-07-29 19:25:49,837 - WARN  [SendWorker:188978561024:QuorumCnxManager$SendWorker@688] - Send worker leaving thread
2015-07-29 19:25:49,853 - INFO  [/10.10.34.13:3888:QuorumCnxManager$Listener@493] - Received connection request /10.10.34.12:47837
2015-07-29 19:25:49,853 - WARN  [RecvWorker:188978561024:QuorumCnxManager$RecvWorker@762] - Connection broken for id 188978561024, my id = 3, error = 
2015-07-29 19:25:49,853 - WARN  [RecvWorker:188978561024:QuorumCnxManager$RecvWorker@765] - Interrupting SendWorker
2015-07-29 19:25:49,854 - WARN  [SendWorker:188978561024:QuorumCnxManager$SendWorker@679] - Interrupted while waiting for message on queue
2015-07-29 19:25:49,854 - WARN  [SendWorker:188978561024:QuorumCnxManager$SendWorker@688] - Send worker leaving thread
2015-07-29 19:25:49,860 - INFO  [/10.10.34.13:3888:QuorumCnxManager$Listener@493] - Received connection request /10.10.34.12:47840
2015-07-29 19:25:49,860 - WARN  [RecvWorker:188978561024:QuorumCnxManager$RecvWorker@762] - Connection broken for id 188978561024, my id = 3, error = 
2015-07-29 19:25:49,860 - WARN  [RecvWorker:188978561024:QuorumCnxManager$RecvWorker@765] - Interrupting SendWorker
2015-07-29 19:25:49,861 - WARN  [SendWorker:188978561024:QuorumCnxManager$SendWorker@679] - Interrupted while waiting for message on queue
2015-07-29 19:25:49,861 - WARN  [SendWorker:188978561024:QuorumCnxManager$SendWorker@688] - Send worker leaving thread
2015-07-29 19:25:49,935 - INFO  [/10.10.34.13:3888:QuorumCnxManager$Listener@493] - Received connection request /10.10.34.13:45101
2015-07-29 19:25:49,935 - WARN  [RecvWorker:188978561024:QuorumCnxManager$RecvWorker@762] - Connection broken for id 188978561024, my id = 3, error = 
2015-07-29 19:25:49,936 - WARN  [RecvWorker:188978561024:QuorumCnxManager$RecvWorker@765] - Interrupting SendWorker
2015-07-29 19:25:49,936 - WARN  [SendWorker:188978561024:QuorumCnxManager$SendWorker@679] - Interrupted while waiting for message on queue
2015-07-29 19:25:49,936 - WARN  [SendWorker:188978561024:QuorumCnxManager$SendWorker@688] - Send worker leaving thread
2015-07-29 19:25:49,940 - INFO  [/10.10.34.13:3888:QuorumCnxManager$Listener@493] - Received connection request /10.10.34.13:45104
2015-07-29 19:25:49,941 - WARN  [RecvWorker:188978561024:QuorumCnxManager$RecvWorker@762] - Connection broken for id 188978561024, my id = 3, error = 
2015-07-29 19:25:49,941 - WARN  [RecvWorker:188978561024:QuorumCnxManager$RecvWorker@765] - Interrupting SendWorker
2015-07-29 19:25:49,941 - WARN  [SendWorker:188978561024:QuorumCnxManager$SendWorker@679] - Interrupted while waiting for message on queue
2015-07-29 19:25:49,941 - WARN  [SendWorker:188978561024:QuorumCnxManager$SendWorker@688] - Send worker leaving thread
2015-07-29 19:25:49,942 - INFO  [/10.10.34.13:3888:QuorumCnxManager$Listener@493] - Received connection request /10.10.34.13:45106
2015-07-29 19:25:49,942 - WARN  [RecvWorker:188978561024:QuorumCnxManager$RecvWorker@762] - Connection broken for id 188978561024, my id = 3, error = 
2015-07-29 19:25:49,942 - WARN  [RecvWorker:188978561024:QuorumCnxManager$RecvWorker@765] - Interrupting SendWorker
2015-07-29 19:25:49,943 - WARN  [SendWorker:188978561024:QuorumCnxManager$SendWorker@679] - Interrupted while waiting for message on queue
2015-07-29 19:25:49,943 - WARN  [SendWorker:188978561024:QuorumCnxManager$SendWorker@688] - Send worker leaving thread
2015-07-29 19:25:49,947 - INFO  [/10.10.34.13:3888:QuorumCnxManager$Listener@493] - Received connection request /10.10.34.13:45111
2015-07-29 19:25:49,947 - WARN  [RecvWorker:188978561024:QuorumCnxManager$RecvWorker@762] - Connection broken for id 188978561024, my id = 3, error = 
2015-07-29 19:25:49,948 - WARN  [RecvWorker:188978561024:QuorumCnxManager$RecvWorker@765] - Interrupting SendWorker
2015-07-29 19:25:49,948 - WARN  [SendWorker:188978561024:QuorumCnxManager$SendWorker@679] - Interrupted while waiting for message on queue
2015-07-29 19:25:49,948 - WARN  [SendWorker:188978561024:QuorumCnxManager$SendWorker@688] - Send worker leaving thread
2015-07-29 19:25:55,054 - INFO  [/10.10.34.13:3888:QuorumCnxManager$Listener@493] - Received connection request /10.10.34.11:47426
2015-07-29 19:25:55,055 - WARN  [RecvWorker:188978561024:QuorumCnxManager$RecvWorker@762] - Connection broken for id 188978561024, my id = 3, error = 
2015-07-29 19:25:55,055 - WARN  [RecvWorker:188978561024:QuorumCnxManager$RecvWorker@765] - Interrupting SendWorker
2015-07-29 19:25:55,056 - WARN  [SendWorker:188978561024:QuorumCnxManager$SendWorker@679] - Interrupted while waiting for message on queue
2015-07-29 19:25:55,056 - INFO  [/10.10.34.13:3888:QuorumCnxManager$Listener@493] - Received connection request /10.10.34.11:47432
2015-07-29 19:25:55,056 - WARN  [SendWorker:188978561024:QuorumCnxManager$SendWorker@688] - Send worker leaving thread
2015-07-29 19:25:55,057 - WARN  [RecvWorker:188978561024:QuorumCnxManager$RecvWorker@762] - Connection broken for id 188978561024, my id = 3, error = 
2015-07-29 19:25:55,057 - WARN  [RecvWorker:188978561024:QuorumCnxManager$RecvWorker@765] - Interrupting SendWorker
2015-07-29 19:25:55,057 - INFO  [/10.10.34.13:3888:QuorumCnxManager$Listener@493] - Received connection request /10.10.34.11:47433
2015-07-29 19:25:55,057 - WARN  [SendWorker:188978561024:QuorumCnxManager$SendWorker@679] - Interrupted while waiting for message on queue
2015-07-29 19:25:55,058 - WARN  [SendWorker:188978561024:QuorumCnxManager$SendWorker@688] - Send worker leaving thread
2015-07-29 19:25:55,058 - INFO  [/10.10.34.13:3888:QuorumCnxManager$Listener@493] - Received connection request /10.10.34.11:47434
2015-07-29 19:25:55,058 - WARN  [RecvWorker:188978561024:QuorumCnxManager$RecvWorker@762] - Connection broken for id 188978561024, my id = 3, error = 
2015-07-29 19:25:55,058 - WARN  [RecvWorker:188978561024:QuorumCnxManager$RecvWorker@765] - Interrupting SendWorker
2015-07-29 19:25:55,058 - WARN  [SendWorker:188978561024:QuorumCnxManager$SendWorker@679] - Interrupted while waiting for message on queue
2015-07-29 19:25:55,059 - WARN  [RecvWorker:188978561024:QuorumCnxManager$RecvWorker@762] - Connection broken for id 188978561024, my id = 3, error = 
2015-07-29 19:25:55,059 - WARN  [RecvWorker:188978561024:QuorumCnxManager$RecvWorker@765] - Interrupting SendWorker
2015-07-29 19:25:55,059 - WARN  [SendWorker:188978561024:QuorumCnxManager$SendWorker@688] - Send worker leaving thread
2015-07-29 19:25:55,059 - WARN  [SendWorker:188978561024:QuorumCnxManager$SendWorker@679] - Interrupted while waiting for message on queue
2015-07-29 19:25:55,060 - WARN  [SendWorker:188978561024:QuorumCnxManager$SendWorker@688] - Send worker leaving thread
2015-07-29 19:25:55,155 - INFO  [/10.10.34.13:3888:QuorumCnxManager$Listener@493] - Received connection request /10.10.34.12:47841
2015-07-29 19:25:55,155 - WARN  [RecvWorker:188978561024:QuorumCnxManager$RecvWorker@762] - Connection broken for id 188978561024, my id = 3, error = 
2015-07-29 19:25:55,156 - WARN  [RecvWorker:188978561024:QuorumCnxManager$RecvWorker@765] - Interrupting SendWorker
2015-07-29 19:25:55,156 - WARN  [SendWorker:188978561024:QuorumCnxManager$SendWorker@679] - Interrupted while waiting for message on queue
2015-07-29 19:25:55,156 - WARN  [SendWorker:188978561024:QuorumCnxManager$SendWorker@688] - Send worker leaving thread
2015-07-29 19:25:55,157 - INFO  [/10.10.34.13:3888:QuorumCnxManager$Listener@493] - Received connection request /10.10.34.12:47847
2015-07-29 19:25:55,157 - INFO  [/10.10.34.13:3888:QuorumCnxManager$Listener@493] - Received connection request /10.10.34.12:47848
2015-07-29 19:25:55,157 - WARN  [RecvWorker:188978561024:QuorumCnxManager$RecvWorker@762] - Connection broken for id 188978561024, my id = 3, error = 
2015-07-29 19:25:55,157 - WARN  [SendWorker:188978561024:QuorumCnxManager$SendWorker@679] - Interrupted while waiting for message on queue
2015-07-29 19:25:55,158 - WARN  [RecvWorker:188978561024:QuorumCnxManager$RecvWorker@762] - Connection broken for id 188978561024, my id = 3, error = 
2015-07-29 19:25:55,158 - WARN  [RecvWorker:188978561024:QuorumCnxManager$RecvWorker@765] - Interrupting SendWorker
2015-07-29 19:25:55,158 - INFO  [/10.10.34.13:3888:QuorumCnxManager$Listener@493] - Received connection request /10.10.34.12:47850
2015-07-29 19:25:55,158 - WARN  [SendWorker:188978561024:QuorumCnxManager$SendWorker@679] - Interrupted while waiting for message on queue
2015-07-29 19:25:55,159 - WARN  [SendWorker:188978561024:QuorumCnxManager$SendWorker@688] - Send worker leaving thread
2015-07-29 19:25:55,157 - WARN  [RecvWorker:188978561024:QuorumCnxManager$RecvWorker@765] - Interrupting SendWorker
2015-07-29 19:25:55,159 - WARN  [RecvWorker:188978561024:QuorumCnxManager$RecvWorker@762] - Connection broken for id 188978561024, my id = 3, error = 
2015-07-29 19:25:55,159 - WARN  [RecvWorker:188978561024:QuorumCnxManager$RecvWorker@765] - Interrupting SendWorker
2015-07-29 19:25:55,158 - WARN  [SendWorker:188978561024:QuorumCnxManager$SendWorker@688] - Send worker leaving thread
2015-07-29 19:25:55,159 - WARN  [SendWorker:188978561024:QuorumCnxManager$SendWorker@679] - Interrupted while waiting for message on queue
2015-07-29 19:25:55,160 - WARN  [SendWorker:188978561024:QuorumCnxManager$SendWorker@688] - Send worker leaving thread
2015-07-29 19:25:55,265 - INFO  [/10.10.34.13:3888:QuorumCnxManager$Listener@493] - Received connection request /10.10.34.13:45113
2015-07-29 19:25:55,266 - WARN  [RecvWorker:188978561024:QuorumCnxManager$RecvWorker@762] - Connection broken for id 188978561024, my id = 3, error = 
2015-07-29 19:25:55,266 - WARN  [RecvWorker:188978561024:QuorumCnxManager$RecvWorker@765] - Interrupting SendWorker
2015-07-29 19:25:55,266 - WARN  [SendWorker:188978561024:QuorumCnxManager$SendWorker@679] - Interrupted while waiting for message on queue
2015-07-29 19:25:55,267 - INFO  [/10.10.34.13:3888:QuorumCnxManager$Listener@493] - Received connection request /10.10.34.13:45120
2015-07-29 19:25:55,267 - WARN  [SendWorker:188978561024:QuorumCnxManager$SendWorker@688] - Send worker leaving thread
2015-07-29 19:25:55,267 - WARN  [RecvWorker:188978561024:QuorumCnxManager$RecvWorker@762] - Connection broken for id 188978561024, my id = 3, error = 
2015-07-29 19:25:55,268 - WARN  [RecvWorker:188978561024:QuorumCnxManager$RecvWorker@765] - Interrupting SendWorker
2015-07-29 19:25:55,268 - INFO  [/10.10.34.13:3888:QuorumCnxManager$Listener@493] - Received connection request /10.10.34.13:45122
2015-07-29 19:25:55,268 - WARN  [SendWorker:188978561024:QuorumCnxManager$SendWorker@679] - Interrupted while waiting for message on queue
2015-07-29 19:25:55,268 - WARN  [SendWorker:188978561024:QuorumCnxManager$SendWorker@688] - Send worker leaving thread
2015-07-29 19:25:55,268 - WARN  [RecvWorker:188978561024:QuorumCnxManager$RecvWorker@762] - Connection broken for id 188978561024, my id = 3, error = 
2015-07-29 19:25:55,268 - WARN  [RecvWorker:188978561024:QuorumCnxManager$RecvWorker@765] - Interrupting SendWorker
2015-07-29 19:25:55,268 - INFO  [/10.10.34.13:3888:QuorumCnxManager$Listener@493] - Received connection request /10.10.34.13:45123
2015-07-29 19:25:55,269 - WARN  [SendWorker:188978561024:QuorumCnxManager$SendWorker@679] - Interrupted while waiting for message on queue
2015-07-29 19:25:55,269 - WARN  [SendWorker:188978561024:QuorumCnxManager$SendWorker@688] - Send worker leaving thread
2015-07-29 19:25:55,269 - WARN  [RecvWorker:188978561024:QuorumCnxManager$RecvWorker@762] - Connection broken for id 188978561024, my id = 3, error = 
2015-07-29 19:25:55,269 - WARN  [RecvWorker:188978561024:QuorumCnxManager$RecvWorker@765] - Interrupting SendWorker
2015-07-29 19:25:55,270 - WARN  [SendWorker:188978561024:QuorumCnxManager$SendWorker@679] - Interrupted while waiting for message on queue
2015-07-29 19:25:55,270 - WARN  [SendWorker:188978561024:QuorumCnxManager$SendWorker@688] - Send worker leaving thread
2015-07-29 19:25:58,395 - INFO  [/10.10.34.13:3888:QuorumCnxManager$Listener@493] - Received connection request /10.10.34.11:47440
2015-07-29 19:25:58,396 - INFO  [/10.10.34.13:3888:QuorumCnxManager$Listener@493] - Received connection request /10.10.34.11:47442
2015-07-29 19:25:58,396 - WARN  [RecvWorker:188978561024:QuorumCnxManager$RecvWorker@762] - Connection broken for id 188978561024, my id = 3, error = 
2015-07-29 19:25:58,396 - WARN  [RecvWorker:188978561024:QuorumCnxManager$RecvWorker@765] - Interrupting SendWorker
2015-07-29 19:25:58,396 - WARN  [SendWorker:188978561024:QuorumCnxManager$SendWorker@679] - Interrupted while waiting for message on queue
2015-07-29 19:25:58,397 - WARN  [RecvWorker:188978561024:QuorumCnxManager$RecvWorker@762] - Connection broken for id 188978561024, my id = 3, error = 
2015-07-29 19:25:58,397 - WARN  [RecvWorker:188978561024:QuorumCnxManager$RecvWorker@765] - Interrupting SendWorker
2015-07-29 19:25:58,397 - INFO  [/10.10.34.13:3888:QuorumCnxManager$Listener@493] - Received connection request /10.10.34.11:47445
2015-07-29 19:25:58,397 - WARN  [SendWorker:188978561024:QuorumCnxManager$SendWorker@688] - Send worker leaving thread
2015-07-29 19:25:58,397 - WARN  [SendWorker:188978561024:QuorumCnxManager$SendWorker@679] - Interrupted while waiting for message on queue
2015-07-29 19:25:58,398 - WARN  [RecvWorker:188978561024:QuorumCnxManager$RecvWorker@762] - Connection broken for id 188978561024, my id = 3, error = 
2015-07-29 19:25:58,398 - INFO  [/10.10.34.13:3888:QuorumCnxManager$Listener@493] - Received connection request /10.10.34.11:47446
2015-07-29 19:25:58,398 - WARN  [RecvWorker:188978561024:QuorumCnxManager$RecvWorker@765] - Interrupting SendWorker
2015-07-29 19:25:58,398 - WARN  [SendWorker:188978561024:QuorumCnxManager$SendWorker@688] - Send worker leaving thread
2015-07-29 19:25:58,398 - WARN  [SendWorker:188978561024:QuorumCnxManager$SendWorker@679] - Interrupted while waiting for message on queue
2015-07-29 19:25:58,399 - WARN  [RecvWorker:188978561024:QuorumCnxManager$RecvWorker@762] - Connection broken for id 188978561024, my id = 3, error = 
2015-07-29 19:25:58,399 - WARN  [RecvWorker:188978561024:QuorumCnxManager$RecvWorker@765] - Interrupting SendWorker
2015-07-29 19:25:58,399 - WARN  [SendWorker:188978561024:QuorumCnxManager$SendWorker@688] - Send worker leaving thread
2015-07-29 19:25:58,399 - WARN  [SendWorker:188978561024:QuorumCnxManager$SendWorker@679] - Interrupted while waiting for message on queue
2015-07-29 19:25:58,400 - WARN  [SendWorker:188978561024:QuorumCnxManager$SendWorker@688] - Send worker leaving thread
2015-07-29 19:25:58,495 - INFO  [/10.10.34.13:3888:QuorumCnxManager$Listener@493] - Received connection request /10.10.34.12:47853
2015-07-29 19:25:58,495 - WARN  [RecvWorker:188978561024:QuorumCnxManager$RecvWorker@762] - Connection broken for id 188978561024, my id = 3, error = 
2015-07-29 19:25:58,496 - WARN  [RecvWorker:188978561024:QuorumCnxManager$RecvWorker@765] - Interrupting SendWorker
2015-07-29 19:25:58,496 - WARN  [SendWorker:188978561024:QuorumCnxManager$SendWorker@679] - Interrupted while waiting for message on queue
2015-07-29 19:25:58,496 - INFO  [/10.10.34.13:3888:QuorumCnxManager$Listener@493] - Received connection request /10.10.34.12:47857
2015-07-29 19:25:58,496 - WARN  [SendWorker:188978561024:QuorumCnxManager$SendWorker@688] - Send worker leaving thread
2015-07-29 19:25:58,497 - INFO  [/10.10.34.13:3888:QuorumCnxManager$Listener@493] - Received connection request /10.10.34.12:47859
2015-07-29 19:25:58,497 - WARN  [RecvWorker:188978561024:QuorumCnxManager$RecvWorker@762] - Connection broken for id 188978561024, my id = 3, error = 
2015-07-29 19:25:58,497 - WARN  [RecvWorker:188978561024:QuorumCnxManager$RecvWorker@765] - Interrupting SendWorker
2015-07-29 19:25:58,497 - WARN  [SendWorker:188978561024:QuorumCnxManager$SendWorker@679] - Interrupted while waiting for message on queue
2015-07-29 19:25:58,497 - WARN  [RecvWorker:188978561024:QuorumCnxManager$RecvWorker@762] - Connection broken for id 188978561024, my id = 3, error = 
2015-07-29 19:25:58,497 - INFO  [/10.10.34.13:3888:QuorumCnxManager$Listener@493] - Received connection request /10.10.34.12:47862
2015-07-29 19:25:58,498 - WARN  [RecvWorker:188978561024:QuorumCnxManager$RecvWorker@765] - Interrupting SendWorker
2015-07-29 19:25:58,498 - WARN  [SendWorker:188978561024:QuorumCnxManager$SendWorker@688] - Send worker leaving thread
2015-07-29 19:25:58,498 - WARN  [SendWorker:188978561024:QuorumCnxManager$SendWorker@679] - Interrupted while waiting for message on queue
2015-07-29 19:25:58,498 - WARN  [RecvWorker:188978561024:QuorumCnxManager$RecvWorker@762] - Connection broken for id 188978561024, my id = 3, error = 
2015-07-29 19:25:58,499 - WARN  [RecvWorker:188978561024:QuorumCnxManager$RecvWorker@765] - Interrupting SendWorker
2015-07-29 19:25:58,499 - WARN  [SendWorker:188978561024:QuorumCnxManager$SendWorker@688] - Send worker leaving thread
2015-07-29 19:25:58,499 - WARN  [SendWorker:188978561024:QuorumCnxManager$SendWorker@679] - Interrupted while waiting for message on queue
2015-07-29 19:25:58,499 - WARN  [SendWorker:188978561024:QuorumCnxManager$SendWorker@688] - Send worker leaving thread
2015-07-29 19:25:58,605 - INFO  [/10.10.34.13:3888:QuorumCnxManager$Listener@493] - Received connection request /10.10.34.13:45127
2015-07-29 19:25:58,606 - INFO  [/10.10.34.13:3888:QuorumCnxManager$Listener@493] - Received connection request /10.10.34.13:45129
2015-07-29 19:25:58,606 - WARN  [RecvWorker:188978561024:QuorumCnxManager$RecvWorker@762] - Connection broken for id 188978561024, my id = 3, error = 
2015-07-29 19:25:58,606 - WARN  [RecvWorker:188978561024:QuorumCnxManager$RecvWorker@765] - Interrupting SendWorker
2015-07-29 19:25:58,606 - WARN  [SendWorker:188978561024:QuorumCnxManager$SendWorker@679] - Interrupted while waiting for message on queue
2015-07-29 19:25:58,606 - WARN  [RecvWorker:188978561024:QuorumCnxManager$RecvWorker@762] - Connection broken for id 188978561024, my id = 3, error = 
2015-07-29 19:25:58,607 - WARN  [SendWorker:188978561024:QuorumCnxManager$SendWorker@688] - Send worker leaving thread
2015-07-29 19:25:58,607 - WARN  [RecvWorker:188978561024:QuorumCnxManager$RecvWorker@765] - Interrupting SendWorker
2015-07-29 19:25:58,607 - INFO  [/10.10.34.13:3888:QuorumCnxManager$Listener@493] - Received connection request /10.10.34.13:45134
2015-07-29 19:25:58,607 - WARN  [SendWorker:188978561024:QuorumCnxManager$SendWorker@679] - Interrupted while waiting for message on queue
2015-07-29 19:25:58,607 - WARN  [SendWorker:188978561024:QuorumCnxManager$SendWorker@688] - Send worker leaving thread
2015-07-29 19:25:58,608 - WARN  [RecvWorker:188978561024:QuorumCnxManager$RecvWorker@762] - Connection broken for id 188978561024, my id = 3, error = 
2015-07-29 19:25:58,608 - WARN  [RecvWorker:188978561024:QuorumCnxManager$RecvWorker@765] - Interrupting SendWorker
2015-07-29 19:25:58,608 - WARN  [SendWorker:188978561024:QuorumCnxManager$SendWorker@679] - Interrupted while waiting for message on queue
2015-07-29 19:25:58,608 - WARN  [SendWorker:188978561024:QuorumCnxManager$SendWorker@688] - Send worker leaving thread
2015-07-29 19:25:58,608 - INFO  [/10.10.34.13:3888:QuorumCnxManager$Listener@493] - Received connection request /10.10.34.13:45136
2015-07-29 19:25:58,609 - WARN  [RecvWorker:188978561024:QuorumCnxManager$RecvWorker@762] - Connection broken for id 188978561024, my id = 3, error = 
2015-07-29 19:25:58,609 - WARN  [RecvWorker:188978561024:QuorumCnxManager$RecvWorker@765] - Interrupting SendWorker
2015-07-29 19:25:58,609 - WARN  [SendWorker:188978561024:QuorumCnxManager$SendWorker@679] - Interrupted while waiting for message on queue
2015-07-29 19:25:58,610 - WARN  [SendWorker:188978561024:QuorumCnxManager$SendWorker@688] - Send worker leaving thread
2015-07-29 19:26:01,735 - INFO  [/10.10.34.13:3888:QuorumCnxManager$Listener@493] - Received connection request /10.10.34.11:47451
2015-07-29 19:26:01,736 - INFO  [/10.10.34.13:3888:QuorumCnxManager$Listener@493] - Received connection request /10.10.34.11:47454
2015-07-29 19:26:01,736 - WARN  [RecvWorker:188978561024:QuorumCnxManager$RecvWorker@762] - Connection broken for id 188978561024, my id = 3, error = 
2015-07-29 19:26:01,736 - WARN  [RecvWorker:188978561024:QuorumCnxManager$RecvWorker@765] - Interrupting SendWorker
2015-07-29 19:26:01,736 - WARN  [SendWorker:188978561024:QuorumCnxManager$SendWorker@679] - Interrupted while waiting for message on queue
2015-07-29 19:26:01,736 - WARN  [RecvWorker:188978561024:QuorumCnxManager$RecvWorker@762] - Connection broken for id 188978561024, my id = 3, error = 
2015-07-29 19:26:01,737 - WARN  [RecvWorker:188978561024:QuorumCnxManager$RecvWorker@765] - Interrupting SendWorker
2015-07-29 19:26:01,736 - WARN  [SendWorker:188978561024:QuorumCnxManager$SendWorker@688] - Send worker leaving thread
2015-07-29 19:26:01,737 - INFO  [/10.10.34.13:3888:QuorumCnxManager$Listener@493] - Received connection request /10.10.34.11:47457
2015-07-29 19:26:01,737 - WARN  [SendWorker:188978561024:QuorumCnxManager$SendWorker@679] - Interrupted while waiting for message on queue
2015-07-29 19:26:01,737 - WARN  [SendWorker:188978561024:QuorumCnxManager$SendWorker@688] - Send worker leaving thread
2015-07-29 19:26:01,738 - WARN  [RecvWorker:188978561024:QuorumCnxManager$RecvWorker@762] - Connection broken for id 188978561024, my id = 3, error = 
2015-07-29 19:26:01,738 - WARN  [RecvWorker:188978561024:QuorumCnxManager$RecvWorker@765] - Interrupting SendWorker
2015-07-29 19:26:01,738 - INFO  [/10.10.34.13:3888:QuorumCnxManager$Listener@493] - Received connection request /10.10.34.11:47458
2015-07-29 19:26:01,738 - WARN  [SendWorker:188978561024:QuorumCnxManager$SendWorker@679] - Interrupted while waiting for message on queue
2015-07-29 19:26:01,738 - WARN  [SendWorker:188978561024:QuorumCnxManager$SendWorker@688] - Send worker leaving thread
2015-07-29 19:26:01,739 - WARN  [RecvWorker:188978561024:QuorumCnxManager$RecvWorker@762] - Connection broken for id 188978561024, my id = 3, error = 
2015-07-29 19:26:01,739 - WARN  [RecvWorker:188978561024:QuorumCnxManager$RecvWorker@765] - Interrupting SendWorker
2015-07-29 19:26:01,739 - WARN  [SendWorker:188978561024:QuorumCnxManager$SendWorker@679] - Interrupted while waiting for message on queue
2015-07-29 19:26:01,739 - WARN  [SendWorker:188978561024:QuorumCnxManager$SendWorker@688] - Send worker leaving thread
2015-07-29 19:26:01,835 - INFO  [/10.10.34.13:3888:QuorumCnxManager$Listener@493] - Received connection request /10.10.34.12:47865
2015-07-29 19:26:01,835 - WARN  [RecvWorker:188978561024:QuorumCnxManager$RecvWorker@762] - Connection broken for id 188978561024, my id = 3, error = 
2015-07-29 19:26:01,835 - WARN  [RecvWorker:188978561024:QuorumCnxManager$RecvWorker@765] - Interrupting SendWorker
2015-07-29 19:26:01,836 - INFO  [/10.10.34.13:3888:QuorumCnxManager$Listener@493] - Received connection request /10.10.34.12:47868
2015-07-29 19:26:01,836 - WARN  [SendWorker:188978561024:QuorumCnxManager$SendWorker@679] - Interrupted while waiting for message on queue
2015-07-29 19:26:01,836 - WARN  [SendWorker:188978561024:QuorumCnxManager$SendWorker@688] - Send worker leaving thread
2015-07-29 19:26:01,836 - WARN  [RecvWorker:188978561024:QuorumCnxManager$RecvWorker@762] - Connection broken for id 188978561024, my id = 3, error = 
2015-07-29 19:26:01,836 - WARN  [RecvWorker:188978561024:QuorumCnxManager$RecvWorker@765] - Interrupting SendWorker
2015-07-29 19:26:01,836 - INFO  [/10.10.34.13:3888:QuorumCnxManager$Listener@493] - Received connection request /10.10.34.12:47871
2015-07-29 19:26:01,837 - WARN  [SendWorker:188978561024:QuorumCnxManager$SendWorker@679] - Interrupted while waiting for message on queue
2015-07-29 19:26:01,837 - WARN  [SendWorker:188978561024:QuorumCnxManager$SendWorker@688] - Send worker leaving thread
2015-07-29 19:26:01,837 - WARN  [RecvWorker:188978561024:QuorumCnxManager$RecvWorker@762] - Connection broken for id 188978561024, my id = 3, error = 
2015-07-29 19:26:01,837 - WARN  [RecvWorker:188978561024:QuorumCnxManager$RecvWorker@765] - Interrupting SendWorker
2015-07-29 19:26:01,837 - INFO  [/10.10.34.13:3888:QuorumCnxManager$Listener@493] - Received connection request /10.10.34.12:47875
2015-07-29 19:26:01,838 - WARN  [SendWorker:188978561024:QuorumCnxManager$SendWorker@679] - Interrupted while waiting for message on queue
2015-07-29 19:26:01,838 - WARN  [SendWorker:188978561024:QuorumCnxManager$SendWorker@688] - Send worker leaving thread
2015-07-29 19:26:01,838 - WARN  [RecvWorker:188978561024:QuorumCnxManager$RecvWorker@762] - Connection broken for id 188978561024, my id = 3, error = 
2015-07-29 19:26:01,838 - WARN  [RecvWorker:188978561024:QuorumCnxManager$RecvWorker@765] - Interrupting SendWorker
2015-07-29 19:26:01,839 - WARN  [SendWorker:188978561024:QuorumCnxManager$SendWorker@679] - Interrupted while waiting for message on queue
2015-07-29 19:26:01,839 - WARN  [SendWorker:188978561024:QuorumCnxManager$SendWorker@688] - Send worker leaving thread
2015-07-29 19:26:01,944 - INFO  [/10.10.34.13:3888:QuorumCnxManager$Listener@493] - Received connection request /10.10.34.13:45139
2015-07-29 19:26:01,945 - WARN  [RecvWorker:188978561024:QuorumCnxManager$RecvWorker@762] - Connection broken for id 188978561024, my id = 3, error = 
2015-07-29 19:26:01,945 - WARN  [RecvWorker:188978561024:QuorumCnxManager$RecvWorker@765] - Interrupting SendWorker
2015-07-29 19:26:01,945 - WARN  [SendWorker:188978561024:QuorumCnxManager$SendWorker@679] - Interrupted while waiting for message on queue
2015-07-29 19:26:01,945 - INFO  [/10.10.34.13:3888:QuorumCnxManager$Listener@493] - Received connection request /10.10.34.13:45141
2015-07-29 19:26:01,945 - WARN  [SendWorker:188978561024:QuorumCnxManager$SendWorker@688] - Send worker leaving thread
2015-07-29 19:26:01,946 - WARN  [RecvWorker:188978561024:QuorumCnxManager$RecvWorker@762] - Connection broken for id 188978561024, my id = 3, error = 
2015-07-29 19:26:01,946 - WARN  [RecvWorker:188978561024:QuorumCnxManager$RecvWorker@765] - Interrupting SendWorker
2015-07-29 19:26:01,946 - INFO  [/10.10.34.13:3888:QuorumCnxManager$Listener@493] - Received connection request /10.10.34.13:45145
2015-07-29 19:26:01,947 - WARN  [SendWorker:188978561024:QuorumCnxManager$SendWorker@679] - Interrupted while waiting for message on queue
2015-07-29 19:26:01,947 - WARN  [SendWorker:188978561024:QuorumCnxManager$SendWorker@688] - Send worker leaving thread
2015-07-29 19:26:01,947 - WARN  [RecvWorker:188978561024:QuorumCnxManager$RecvWorker@762] - Connection broken for id 188978561024, my id = 3, error = 
2015-07-29 19:26:01,947 - WARN  [RecvWorker:188978561024:QuorumCnxManager$RecvWorker@765] - Interrupting SendWorker
2015-07-29 19:26:01,948 - WARN  [SendWorker:188978561024:QuorumCnxManager$SendWorker@679] - Interrupted while waiting for message on queue
2015-07-29 19:26:01,948 - INFO  [/10.10.34.13:3888:QuorumCnxManager$Listener@493] - Received connection request /10.10.34.13:45148
2015-07-29 19:26:01,948 - WARN  [SendWorker:188978561024:QuorumCnxManager$SendWorker@688] - Send worker leaving thread
2015-07-29 19:26:01,949 - WARN  [RecvWorker:188978561024:QuorumCnxManager$RecvWorker@762] - Connection broken for id 188978561024, my id = 3, error = 
2015-07-29 19:26:01,949 - WARN  [RecvWorker:188978561024:QuorumCnxManager$RecvWorker@765] - Interrupting SendWorker
2015-07-29 19:26:01,949 - WARN  [SendWorker:188978561024:QuorumCnxManager$SendWorker@679] - Interrupted while waiting for message on queue
2015-07-29 19:26:01,949 - WARN  [SendWorker:188978561024:QuorumCnxManager$SendWorker@688] - Send worker leaving thread
2015-07-29 19:26:05,075 - INFO  [/10.10.34.13:3888:QuorumCnxManager$Listener@493] - Received connection request /10.10.34.11:47465
2015-07-29 19:26:05,076 - INFO  [/10.10.34.13:3888:QuorumCnxManager$Listener@493] - Received connection request /10.10.34.11:47466
2015-07-29 19:26:05,076 - WARN  [RecvWorker:188978561024:QuorumCnxManager$RecvWorker@762] - Connection broken for id 188978561024, my id = 3, error = 
2015-07-29 19:26:05,076 - WARN  [RecvWorker:188978561024:QuorumCnxManager$RecvWorker@765] - Interrupting SendWorker
2015-07-29 19:26:05,076 - WARN  [SendWorker:188978561024:QuorumCnxManager$SendWorker@679] - Interrupted while waiting for message on queue
2015-07-29 19:26:05,077 - WARN  [RecvWorker:188978561024:QuorumCnxManager$RecvWorker@762] - Connection broken for id 188978561024, my id = 3, error = 
2015-07-29 19:26:05,077 - WARN  [RecvWorker:188978561024:QuorumCnxManager$RecvWorker@765] - Interrupting SendWorker
2015-07-29 19:26:05,077 - INFO  [/10.10.34.13:3888:QuorumCnxManager$Listener@493] - Received connection request /10.10.34.11:47468
2015-07-29 19:26:05,077 - WARN  [SendWorker:188978561024:QuorumCnxManager$SendWorker@679] - Interrupted while waiting for message on queue
2015-07-29 19:26:05,078 - WARN  [SendWorker:188978561024:QuorumCnxManager$SendWorker@688] - Send worker leaving thread
2015-07-29 19:26:05,077 - WARN  [SendWorker:188978561024:QuorumCnxManager$SendWorker@688] - Send worker leaving thread
2015-07-29 19:26:05,078 - WARN  [RecvWorker:188978561024:QuorumCnxManager$RecvWorker@762] - Connection broken for id 188978561024, my id = 3, error = 
2015-07-29 19:26:05,078 - INFO  [/10.10.34.13:3888:QuorumCnxManager$Listener@493] - Received connection request /10.10.34.11:47469
2015-07-29 19:26:05,078 - WARN  [RecvWorker:188978561024:QuorumCnxManager$RecvWorker@765] - Interrupting SendWorker
2015-07-29 19:26:05,078 - WARN  [SendWorker:188978561024:QuorumCnxManager$SendWorker@679] - Interrupted while waiting for message on queue
2015-07-29 19:26:05,079 - WARN  [RecvWorker:188978561024:QuorumCnxManager$RecvWorker@762] - Connection broken for id 188978561024, my id = 3, error = 
2015-07-29 19:26:05,079 - WARN  [RecvWorker:188978561024:QuorumCnxManager$RecvWorker@765] - Interrupting SendWorker
2015-07-29 19:26:05,079 - WARN  [SendWorker:188978561024:QuorumCnxManager$SendWorker@688] - Send worker leaving thread
2015-07-29 19:26:05,079 - WARN  [SendWorker:188978561024:QuorumCnxManager$SendWorker@679] - Interrupted while waiting for message on queue
2015-07-29 19:26:05,080 - WARN  [SendWorker:188978561024:QuorumCnxManager$SendWorker@688] - Send worker leaving thread
2015-07-29 19:26:05,174 - INFO  [/10.10.34.13:3888:QuorumCnxManager$Listener@493] - Received connection request /10.10.34.12:47879
2015-07-29 19:26:05,175 - INFO  [/10.10.34.13:3888:QuorumCnxManager$Listener@493] - Received connection request /10.10.34.12:47877
2015-07-29 19:26:05,175 - WARN  [RecvWorker:188978561024:QuorumCnxManager$RecvWorker@762] - Connection broken for id 188978561024, my id = 3, error = 
2015-07-29 19:26:05,175 - WARN  [SendWorker:188978561024:QuorumCnxManager$SendWorker@679] - Interrupted while waiting for message on queue
2015-07-29 19:26:05,175 - WARN  [RecvWorker:188978561024:QuorumCnxManager$RecvWorker@762] - Connection broken for id 188978561024, my id = 3, error = 
2015-07-29 19:26:05,176 - WARN  [RecvWorker:188978561024:QuorumCnxManager$RecvWorker@765] - Interrupting SendWorker
2015-07-29 19:26:05,176 - INFO  [/10.10.34.13:3888:QuorumCnxManager$Listener@493] - Received connection request /10.10.34.12:47883
2015-07-29 19:26:05,175 - WARN  [RecvWorker:188978561024:QuorumCnxManager$RecvWorker@765] - Interrupting SendWorker
2015-07-29 19:26:05,176 - WARN  [SendWorker:188978561024:QuorumCnxManager$SendWorker@679] - Interrupted while waiting for message on queue
2015-07-29 19:26:05,176 - WARN  [SendWorker:188978561024:QuorumCnxManager$SendWorker@688] - Send worker leaving thread
2015-07-29 19:26:05,176 - WARN  [SendWorker:188978561024:QuorumCnxManager$SendWorker@688] - Send worker leaving thread
2015-07-29 19:26:05,176 - WARN  [RecvWorker:188978561024:QuorumCnxManager$RecvWorker@762] - Connection broken for id 188978561024, my id = 3, error = 
2015-07-29 19:26:05,177 - WARN  [RecvWorker:188978561024:QuorumCnxManager$RecvWorker@765] - Interrupting SendWorker
2015-07-29 19:26:05,177 - INFO  [/10.10.34.13:3888:QuorumCnxManager$Listener@493] - Received connection request /10.10.34.12:47887
2015-07-29 19:26:05,177 - WARN  [SendWorker:188978561024:QuorumCnxManager$SendWorker@679] - Interrupted while waiting for message on queue
2015-07-29 19:26:05,178 - WARN  [SendWorker:188978561024:QuorumCnxManager$SendWorker@688] - Send worker leaving thread
2015-07-29 19:26:05,178 - WARN  [RecvWorker:188978561024:QuorumCnxManager$RecvWorker@762] - Connection broken for id 188978561024, my id = 3, error = 
2015-07-29 19:26:05,178 - WARN  [RecvWorker:188978561024:QuorumCnxManager$RecvWorker@765] - Interrupting SendWorker
2015-07-29 19:26:05,178 - WARN  [SendWorker:188978561024:QuorumCnxManager$SendWorker@679] - Interrupted while waiting for message on queue
2015-07-29 19:26:05,179 - WARN  [SendWorker:188978561024:QuorumCnxManager$SendWorker@688] - Send worker leaving thread
2015-07-29 19:26:05,283 - INFO  [/10.10.34.13:3888:QuorumCnxManager$Listener@493] - Received connection request /10.10.34.13:45150
2015-07-29 19:26:05,284 - WARN  [RecvWorker:188978561024:QuorumCnxManager$RecvWorker@762] - Connection broken for id 188978561024, my id = 3, error = 
2015-07-29 19:26:05,284 - WARN  [RecvWorker:188978561024:QuorumCnxManager$RecvWorker@765] - Interrupting SendWorker
2015-07-29 19:26:05,284 - WARN  [SendWorker:188978561024:QuorumCnxManager$SendWorker@679] - Interrupted while waiting for message on queue
2015-07-29 19:26:05,285 - WARN  [SendWorker:188978561024:QuorumCnxManager$SendWorker@688] - Send worker leaving thread
2015-07-29 19:26:05,285 - INFO  [/10.10.34.13:3888:QuorumCnxManager$Listener@493] - Received connection request /10.10.34.13:45154
2015-07-29 19:26:05,286 - WARN  [RecvWorker:188978561024:QuorumCnxManager$RecvWorker@762] - Connection broken for id 188978561024, my id = 3, error = 
2015-07-29 19:26:05,286 - WARN  [RecvWorker:188978561024:QuorumCnxManager$RecvWorker@765] - Interrupting SendWorker
2015-07-29 19:26:05,286 - INFO  [/10.10.34.13:3888:QuorumCnxManager$Listener@493] - Received connection request /10.10.34.13:45157
2015-07-29 19:26:05,286 - WARN  [SendWorker:188978561024:QuorumCnxManager$SendWorker@679] - Interrupted while waiting for message on queue
2015-07-29 19:26:05,286 - WARN  [SendWorker:188978561024:QuorumCnxManager$SendWorker@688] - Send worker leaving thread
2015-07-29 19:26:05,286 - WARN  [RecvWorker:188978561024:QuorumCnxManager$RecvWorker@762] - Connection broken for id 188978561024, my id = 3, error = 
2015-07-29 19:26:05,287 - WARN  [RecvWorker:188978561024:QuorumCnxManager$RecvWorker@765] - Interrupting SendWorker
2015-07-29 19:26:05,287 - WARN  [SendWorker:188978561024:QuorumCnxManager$SendWorker@679] - Interrupted while waiting for message on queue
2015-07-29 19:26:05,287 - WARN  [SendWorker:188978561024:QuorumCnxManager$SendWorker@688] - Send worker leaving thread
2015-07-29 19:26:05,288 - INFO  [/10.10.34.13:3888:QuorumCnxManager$Listener@493] - Received connection request /10.10.34.13:45160
2015-07-29 19:26:05,288 - WARN  [RecvWorker:188978561024:QuorumCnxManager$RecvWorker@762] - Connection broken for id 188978561024, my id = 3, error = 
2015-07-29 19:26:05,289 - WARN  [RecvWorker:188978561024:QuorumCnxManager$RecvWorker@765] - Interrupting SendWorker
2015-07-29 19:26:05,289 - WARN  [SendWorker:188978561024:QuorumCnxManager$SendWorker@679] - Interrupted while waiting for message on queue
2015-07-29 19:26:05,289 - WARN  [SendWorker:188978561024:QuorumCnxManager$SendWorker@688] - Send worker leaving thread
2015-07-29 19:26:08,415 - INFO  [/10.10.34.13:3888:QuorumCnxManager$Listener@493] - Received connection request /10.10.34.11:47476
2015-07-29 19:26:08,415 - INFO  [/10.10.34.13:3888:QuorumCnxManager$Listener@493] - Received connection request /10.10.34.11:47478
2015-07-29 19:26:08,416 - WARN  [RecvWorker:188978561024:QuorumCnxManager$RecvWorker@762] - Connection broken for id 188978561024, my id = 3, error = 
2015-07-29 19:26:08,416 - WARN  [SendWorker:188978561024:QuorumCnxManager$SendWorker@679] - Interrupted while waiting for message on queue
2015-07-29 19:26:08,416 - WARN  [RecvWorker:188978561024:QuorumCnxManager$RecvWorker@762] - Connection broken for id 188978561024, my id = 3, error = 
2015-07-29 19:26:08,416 - WARN  [RecvWorker:188978561024:QuorumCnxManager$RecvWorker@765] - Interrupting SendWorker
2015-07-29 19:26:08,416 - WARN  [RecvWorker:188978561024:QuorumCnxManager$RecvWorker@765] - Interrupting SendWorker
2015-07-29 19:26:08,416 - WARN  [SendWorker:188978561024:QuorumCnxManager$SendWorker@688] - Send worker leaving thread
2015-07-29 19:26:08,417 - WARN  [SendWorker:188978561024:QuorumCnxManager$SendWorker@679] - Interrupted while waiting for message on queue
2015-07-29 19:26:08,417 - WARN  [SendWorker:188978561024:QuorumCnxManager$SendWorker@688] - Send worker leaving thread
2015-07-29 19:26:08,417 - INFO  [/10.10.34.13:3888:QuorumCnxManager$Listener@493] - Received connection request /10.10.34.11:47480
2015-07-29 19:26:08,418 - INFO  [/10.10.34.13:3888:QuorumCnxManager$Listener@493] - Received connection request /10.10.34.11:47482
2015-07-29 19:26:08,418 - WARN  [RecvWorker:188978561024:QuorumCnxManager$RecvWorker@762] - Connection broken for id 188978561024, my id = 3, error = 
2015-07-29 19:26:08,418 - WARN  [RecvWorker:188978561024:QuorumCnxManager$RecvWorker@765] - Interrupting SendWorker
2015-07-29 19:26:08,418 - WARN  [SendWorker:188978561024:QuorumCnxManager$SendWorker@679] - Interrupted while waiting for message on queue
2015-07-29 19:26:08,418 - WARN  [RecvWorker:188978561024:QuorumCnxManager$RecvWorker@762] - Connection broken for id 188978561024, my id = 3, error = 
2015-07-29 19:26:08,419 - WARN  [RecvWorker:188978561024:QuorumCnxManager$RecvWorker@765] - Interrupting SendWorker
2015-07-29 19:26:08,419 - WARN  [SendWorker:188978561024:QuorumCnxManager$SendWorker@688] - Send worker leaving thread
2015-07-29 19:26:08,419 - WARN  [SendWorker:188978561024:QuorumCnxManager$SendWorker@679] - Interrupted while waiting for message on queue
2015-07-29 19:26:08,419 - WARN  [SendWorker:188978561024:QuorumCnxManager$SendWorker@688] - Send worker leaving thread
2015-07-29 19:26:08,514 - INFO  [/10.10.34.13:3888:QuorumCnxManager$Listener@493] - Received connection request /10.10.34.12:47890
2015-07-29 19:26:08,515 - WARN  [RecvWorker:188978561024:QuorumCnxManager$RecvWorker@762] - Connection broken for id 188978561024, my id = 3, error = 
2015-07-29 19:26:08,515 - WARN  [RecvWorker:188978561024:QuorumCnxManager$RecvWorker@765] - Interrupting SendWorker
2015-07-29 19:26:08,515 - INFO  [/10.10.34.13:3888:QuorumCnxManager$Listener@493] - Received connection request /10.10.34.12:47892
2015-07-29 19:26:08,515 - WARN  [SendWorker:188978561024:QuorumCnxManager$SendWorker@679] - Interrupted while waiting for message on queue
2015-07-29 19:26:08,515 - WARN  [SendWorker:188978561024:QuorumCnxManager$SendWorker@688] - Send worker leaving thread
2015-07-29 19:26:08,515 - INFO  [/10.10.34.13:3888:QuorumCnxManager$Listener@493] - Received connection request /10.10.34.12:47895
2015-07-29 19:26:08,515 - WARN  [RecvWorker:188978561024:QuorumCnxManager$RecvWorker@762] - Connection broken for id 188978561024, my id = 3, error = 
2015-07-29 19:26:08,516 - WARN  [RecvWorker:188978561024:QuorumCnxManager$RecvWorker@765] - Interrupting SendWorker
2015-07-29 19:26:08,516 - WARN  [SendWorker:188978561024:QuorumCnxManager$SendWorker@679] - Interrupted while waiting for message on queue
2015-07-29 19:26:08,516 - WARN  [RecvWorker:188978561024:QuorumCnxManager$RecvWorker@762] - Connection broken for id 188978561024, my id = 3, error = 
2015-07-29 19:26:08,516 - WARN  [RecvWorker:188978561024:QuorumCnxManager$RecvWorker@765] - Interrupting SendWorker
2015-07-29 19:26:08,516 - INFO  [/10.10.34.13:3888:QuorumCnxManager$Listener@493] - Received connection request /10.10.34.12:47899
2015-07-29 19:26:08,517 - WARN  [SendWorker:188978561024:QuorumCnxManager$SendWorker@679] - Interrupted while waiting for message on queue
2015-07-29 19:26:08,516 - WARN  [SendWorker:188978561024:QuorumCnxManager$SendWorker@688] - Send worker leaving thread
2015-07-29 19:26:08,517 - WARN  [RecvWorker:188978561024:QuorumCnxManager$RecvWorker@762] - Connection broken for id 188978561024, my id = 3, error = 
2015-07-29 19:26:08,517 - WARN  [SendWorker:188978561024:QuorumCnxManager$SendWorker@688] - Send worker leaving thread
2015-07-29 19:26:08,517 - WARN  [RecvWorker:188978561024:QuorumCnxManager$RecvWorker@765] - Interrupting SendWorker
2015-07-29 19:26:08,518 - WARN  [SendWorker:188978561024:QuorumCnxManager$SendWorker@679] - Interrupted while waiting for message on queue
2015-07-29 19:26:08,518 - WARN  [SendWorker:188978561024:QuorumCnxManager$SendWorker@688] - Send worker leaving thread
2015-07-29 19:26:08,623 - INFO  [/10.10.34.13:3888:QuorumCnxManager$Listener@493] - Received connection request /10.10.34.13:45163
2015-07-29 19:26:08,624 - WARN  [RecvWorker:188978561024:QuorumCnxManager$RecvWorker@762] - Connection broken for id 188978561024, my id = 3, error = 
2015-07-29 19:26:08,624 - WARN  [RecvWorker:188978561024:QuorumCnxManager$RecvWorker@765] - Interrupting SendWorker
2015-07-29 19:26:08,624 - WARN  [SendWorker:188978561024:QuorumCnxManager$SendWorker@679] - Interrupted while waiting for message on queue
2015-07-29 19:26:08,624 - INFO  [/10.10.34.13:3888:QuorumCnxManager$Listener@493] - Received connection request /10.10.34.13:45165
2015-07-29 19:26:08,624 - WARN  [SendWorker:188978561024:QuorumCnxManager$SendWorker@688] - Send worker leaving thread
2015-07-29 19:26:08,625 - WARN  [RecvWorker:188978561024:QuorumCnxManager$RecvWorker@762] - Connection broken for id 188978561024, my id = 3, error = 
2015-07-29 19:26:08,625 - INFO  [/10.10.34.13:3888:QuorumCnxManager$Listener@493] - Received connection request /10.10.34.13:45168
2015-07-29 19:26:08,625 - WARN  [RecvWorker:188978561024:QuorumCnxManager$RecvWorker@765] - Interrupting SendWorker
2015-07-29 19:26:08,626 - WARN  [SendWorker:188978561024:QuorumCnxManager$SendWorker@679] - Interrupted while waiting for message on queue
2015-07-29 19:26:08,626 - WARN  [SendWorker:188978561024:QuorumCnxManager$SendWorker@688] - Send worker leaving thread
2015-07-29 19:26:08,626 - WARN  [RecvWorker:188978561024:QuorumCnxManager$RecvWorker@762] - Connection broken for id 188978561024, my id = 3, error = 
2015-07-29 19:26:08,626 - WARN  [RecvWorker:188978561024:QuorumCnxManager$RecvWorker@765] - Interrupting SendWorker
2015-07-29 19:26:08,627 - WARN  [SendWorker:188978561024:QuorumCnxManager$SendWorker@679] - Interrupted while waiting for message on queue
2015-07-29 19:26:08,627 - WARN  [SendWorker:188978561024:QuorumCnxManager$SendWorker@688] - Send worker leaving thread
2015-07-29 19:26:08,627 - INFO  [/10.10.34.13:3888:QuorumCnxManager$Listener@493] - Received connection request /10.10.34.13:45172
2015-07-29 19:26:08,628 - WARN  [RecvWorker:188978561024:QuorumCnxManager$RecvWorker@762] - Connection broken for id 188978561024, my id = 3, error = 
2015-07-29 19:26:08,628 - WARN  [RecvWorker:188978561024:QuorumCnxManager$RecvWorker@765] - Interrupting SendWorker
2015-07-29 19:26:08,628 - WARN  [SendWorker:188978561024:QuorumCnxManager$SendWorker@679] - Interrupted while waiting for message on queue
2015-07-29 19:26:08,629 - WARN  [SendWorker:188978561024:QuorumCnxManager$SendWorker@688] - Send worker leaving thread
2015-07-29 19:26:11,754 - INFO  [/10.10.34.13:3888:QuorumCnxManager$Listener@493] - Received connection request /10.10.34.11:47488
2015-07-29 19:26:11,755 - WARN  [RecvWorker:188978561024:QuorumCnxManager$RecvWorker@762] - Connection broken for id 188978561024, my id = 3, error = 
2015-07-29 19:26:11,755 - WARN  [RecvWorker:188978561024:QuorumCnxManager$RecvWorker@765] - Interrupting SendWorker
2015-07-29 19:26:11,755 - INFO  [/10.10.34.13:3888:QuorumCnxManager$Listener@493] - Received connection request /10.10.34.11:47490
2015-07-29 19:26:11,755 - WARN  [SendWorker:188978561024:QuorumCnxManager$SendWorker@679] - Interrupted while waiting for message on queue
2015-07-29 19:26:11,756 - WARN  [SendWorker:188978561024:QuorumCnxManager$SendWorker@688] - Send worker leaving thread
2015-07-29 19:26:11,756 - WARN  [RecvWorker:188978561024:QuorumCnxManager$RecvWorker@762] - Connection broken for id 188978561024, my id = 3, error = 
2015-07-29 19:26:11,756 - WARN  [RecvWorker:188978561024:QuorumCnxManager$RecvWorker@765] - Interrupting SendWorker
2015-07-29 19:26:11,756 - INFO  [/10.10.34.13:3888:QuorumCnxManager$Listener@493] - Received connection request /10.10.34.11:47492
2015-07-29 19:26:11,756 - WARN  [SendWorker:188978561024:QuorumCnxManager$SendWorker@679] - Interrupted while waiting for message on queue
2015-07-29 19:26:11,757 - WARN  [SendWorker:188978561024:QuorumCnxManager$SendWorker@688] - Send worker leaving thread
2015-07-29 19:26:11,757 - WARN  [RecvWorker:188978561024:QuorumCnxManager$RecvWorker@762] - Connection broken for id 188978561024, my id = 3, error = 
2015-07-29 19:26:11,757 - WARN  [RecvWorker:188978561024:QuorumCnxManager$RecvWorker@765] - Interrupting SendWorker
2015-07-29 19:26:11,757 - INFO  [/10.10.34.13:3888:QuorumCnxManager$Listener@493] - Received connection request /10.10.34.11:47494
2015-07-29 19:26:11,757 - WARN  [SendWorker:188978561024:QuorumCnxManager$SendWorker@679] - Interrupted while waiting for message on queue
2015-07-29 19:26:11,758 - WARN  [SendWorker:188978561024:QuorumCnxManager$SendWorker@688] - Send worker leaving thread
2015-07-29 19:26:11,758 - WARN  [RecvWorker:188978561024:QuorumCnxManager$RecvWorker@762] - Connection broken for id 188978561024, my id = 3, error = 
2015-07-29 19:26:11,758 - WARN  [RecvWorker:188978561024:QuorumCnxManager$RecvWorker@765] - Interrupting SendWorker
2015-07-29 19:26:11,758 - WARN  [SendWorker:188978561024:QuorumCnxManager$SendWorker@679] - Interrupted while waiting for message on queue
2015-07-29 19:26:11,759 - WARN  [SendWorker:188978561024:QuorumCnxManager$SendWorker@688] - Send worker leaving thread
2015-07-29 19:26:11,854 - INFO  [/10.10.34.13:3888:QuorumCnxManager$Listener@493] - Received connection request /10.10.34.12:47903
2015-07-29 19:26:11,854 - WARN  [RecvWorker:188978561024:QuorumCnxManager$RecvWorker@762] - Connection broken for id 188978561024, my id = 3, error = 
2015-07-29 19:26:11,855 - WARN  [RecvWorker:188978561024:QuorumCnxManager$RecvWorker@765] - Interrupting SendWorker
2015-07-29 19:26:11,855 - INFO  [/10.10.34.13:3888:QuorumCnxManager$Listener@493] - Received connection request /10.10.34.12:47905
2015-07-29 19:26:11,855 - WARN  [SendWorker:188978561024:QuorumCnxManager$SendWorker@679] - Interrupted while waiting for message on queue
2015-07-29 19:26:11,855 - WARN  [SendWorker:188978561024:QuorumCnxManager$SendWorker@688] - Send worker leaving thread
2015-07-29 19:26:11,855 - INFO  [/10.10.34.13:3888:QuorumCnxManager$Listener@493] - Received connection request /10.10.34.12:47906
2015-07-29 19:26:11,855 - WARN  [RecvWorker:188978561024:QuorumCnxManager$RecvWorker@762] - Connection broken for id 188978561024, my id = 3, error = 
2015-07-29 19:26:11,856 - WARN  [RecvWorker:188978561024:QuorumCnxManager$RecvWorker@765] - Interrupting SendWorker
2015-07-29 19:26:11,856 - WARN  [SendWorker:188978561024:QuorumCnxManager$SendWorker@679] - Interrupted while waiting for message on queue
2015-07-29 19:26:11,856 - INFO  [/10.10.34.13:3888:QuorumCnxManager$Listener@493] - Received connection request /10.10.34.12:47909
2015-07-29 19:26:11,856 - WARN  [RecvWorker:188978561024:QuorumCnxManager$RecvWorker@762] - Connection broken for id 188978561024, my id = 3, error = 
2015-07-29 19:26:11,856 - WARN  [SendWorker:188978561024:QuorumCnxManager$SendWorker@688] - Send worker leaving thread
2015-07-29 19:26:11,856 - WARN  [SendWorker:188978561024:QuorumCnxManager$SendWorker@679] - Interrupted while waiting for message on queue
2015-07-29 19:26:11,857 - WARN  [SendWorker:188978561024:QuorumCnxManager$SendWorker@688] - Send worker leaving thread
2015-07-29 19:26:11,856 - WARN  [RecvWorker:188978561024:QuorumCnxManager$RecvWorker@765] - Interrupting SendWorker
2015-07-29 19:26:11,857 - WARN  [RecvWorker:188978561024:QuorumCnxManager$RecvWorker@762] - Connection broken for id 188978561024, my id = 3, error = 
2015-07-29 19:26:11,857 - WARN  [RecvWorker:188978561024:QuorumCnxManager$RecvWorker@765] - Interrupting SendWorker
2015-07-29 19:26:11,858 - WARN  [SendWorker:188978561024:QuorumCnxManager$SendWorker@679] - Interrupted while waiting for message on queue
2015-07-29 19:26:11,858 - WARN  [SendWorker:188978561024:QuorumCnxManager$SendWorker@688] - Send worker leaving thread
2015-07-29 19:26:11,962 - INFO  [/10.10.34.13:3888:QuorumCnxManager$Listener@493] - Received connection request /10.10.34.13:45175
2015-07-29 19:26:11,963 - WARN  [RecvWorker:188978561024:QuorumCnxManager$RecvWorker@762] - Connection broken for id 188978561024, my id = 3, error = 
2015-07-29 19:26:11,963 - WARN  [RecvWorker:188978561024:QuorumCnxManager$RecvWorker@765] - Interrupting SendWorker
2015-07-29 19:26:11,964 - WARN  [SendWorker:188978561024:QuorumCnxManager$SendWorker@679] - Interrupted while waiting for message on queue
2015-07-29 19:26:11,964 - INFO  [/10.10.34.13:3888:QuorumCnxManager$Listener@493] - Received connection request /10.10.34.13:45178
2015-07-29 19:26:11,964 - WARN  [SendWorker:188978561024:QuorumCnxManager$SendWorker@688] - Send worker leaving thread
2015-07-29 19:26:11,964 - WARN  [RecvWorker:188978561024:QuorumCnxManager$RecvWorker@762] - Connection broken for id 188978561024, my id = 3, error = 
2015-07-29 19:26:11,965 - INFO  [/10.10.34.13:3888:QuorumCnxManager$Listener@493] - Received connection request /10.10.34.13:45180
2015-07-29 19:26:11,965 - WARN  [RecvWorker:188978561024:QuorumCnxManager$RecvWorker@765] - Interrupting SendWorker
2015-07-29 19:26:11,965 - WARN  [SendWorker:188978561024:QuorumCnxManager$SendWorker@679] - Interrupted while waiting for message on queue
2015-07-29 19:26:11,965 - WARN  [RecvWorker:188978561024:QuorumCnxManager$RecvWorker@762] - Connection broken for id 188978561024, my id = 3, error = 
2015-07-29 19:26:11,966 - WARN  [RecvWorker:188978561024:QuorumCnxManager$RecvWorker@765] - Interrupting SendWorker
2015-07-29 19:26:11,965 - WARN  [SendWorker:188978561024:QuorumCnxManager$SendWorker@688] - Send worker leaving thread
2015-07-29 19:26:11,966 - WARN  [SendWorker:188978561024:QuorumCnxManager$SendWorker@679] - Interrupted while waiting for message on queue
2015-07-29 19:26:11,966 - WARN  [SendWorker:188978561024:QuorumCnxManager$SendWorker@688] - Send worker leaving thread
2015-07-29 19:26:11,966 - INFO  [/10.10.34.13:3888:QuorumCnxManager$Listener@493] - Received connection request /10.10.34.13:45184
2015-07-29 19:26:11,967 - WARN  [RecvWorker:188978561024:QuorumCnxManager$RecvWorker@762] - Connection broken for id 188978561024, my id = 3, error = 
2015-07-29 19:26:11,967 - WARN  [RecvWorker:188978561024:QuorumCnxManager$RecvWorker@765] - Interrupting SendWorker
2015-07-29 19:26:11,967 - WARN  [SendWorker:188978561024:QuorumCnxManager$SendWorker@679] - Interrupted while waiting for message on queue
2015-07-29 19:26:11,968 - WARN  [SendWorker:188978561024:QuorumCnxManager$SendWorker@688] - Send worker leaving thread
2015-07-29 19:26:15,094 - INFO  [/10.10.34.13:3888:QuorumCnxManager$Listener@493] - Received connection request /10.10.34.11:47500
2015-07-29 19:26:15,094 - WARN  [RecvWorker:188978561024:QuorumCnxManager$RecvWorker@762] - Connection broken for id 188978561024, my id = 3, error = 
2015-07-29 19:26:15,094 - WARN  [RecvWorker:188978561024:QuorumCnxManager$RecvWorker@765] - Interrupting SendWorker
2015-07-29 19:26:15,094 - INFO  [/10.10.34.13:3888:QuorumCnxManager$Listener@493] - Received connection request /10.10.34.11:47502
2015-07-29 19:26:15,095 - WARN  [SendWorker:188978561024:QuorumCnxManager$SendWorker@679] - Interrupted while waiting for message on queue
2015-07-29 19:26:15,095 - WARN  [SendWorker:188978561024:QuorumCnxManager$SendWorker@688] - Send worker leaving thread
2015-07-29 19:26:15,095 - WARN  [RecvWorker:188978561024:QuorumCnxManager$RecvWorker@762] - Connection broken for id 188978561024, my id = 3, error = 
2015-07-29 19:26:15,095 - WARN  [RecvWorker:188978561024:QuorumCnxManager$RecvWorker@765] - Interrupting SendWorker
2015-07-29 19:26:15,096 - INFO  [/10.10.34.13:3888:QuorumCnxManager$Listener@493] - Received connection request /10.10.34.11:47504
2015-07-29 19:26:15,096 - WARN  [SendWorker:188978561024:QuorumCnxManager$SendWorker@679] - Interrupted while waiting for message on queue
2015-07-29 19:26:15,096 - WARN  [SendWorker:188978561024:QuorumCnxManager$SendWorker@688] - Send worker leaving thread
2015-07-29 19:26:15,096 - WARN  [RecvWorker:188978561024:QuorumCnxManager$RecvWorker@762] - Connection broken for id 188978561024, my id = 3, error = 
2015-07-29 19:26:15,096 - WARN  [RecvWorker:188978561024:QuorumCnxManager$RecvWorker@765] - Interrupting SendWorker
2015-07-29 19:26:15,097 - INFO  [/10.10.34.13:3888:QuorumCnxManager$Listener@493] - Received connection request /10.10.34.11:47506
2015-07-29 19:26:15,097 - WARN  [SendWorker:188978561024:QuorumCnxManager$SendWorker@679] - Interrupted while waiting for message on queue
2015-07-29 19:26:15,097 - WARN  [SendWorker:188978561024:QuorumCnxManager$SendWorker@688] - Send worker leaving thread
2015-07-29 19:26:15,101 - WARN  [RecvWorker:188978561024:QuorumCnxManager$RecvWorker@762] - Connection broken for id 188978561024, my id = 3, error = 
2015-07-29 19:26:15,101 - WARN  [RecvWorker:188978561024:QuorumCnxManager$RecvWorker@765] - Interrupting SendWorker
2015-07-29 19:26:15,101 - WARN  [SendWorker:188978561024:QuorumCnxManager$SendWorker@679] - Interrupted while waiting for message on queue
2015-07-29 19:26:15,102 - WARN  [SendWorker:188978561024:QuorumCnxManager$SendWorker@688] - Send worker leaving thread
2015-07-29 19:26:15,193 - INFO  [/10.10.34.13:3888:QuorumCnxManager$Listener@493] - Received connection request /10.10.34.12:47913
2015-07-29 19:26:15,194 - INFO  [/10.10.34.13:3888:QuorumCnxManager$Listener@493] - Received connection request /10.10.34.12:47916
2015-07-29 19:26:15,194 - WARN  [RecvWorker:188978561024:QuorumCnxManager$RecvWorker@762] - Connection broken for id 188978561024, my id = 3, error = 
2015-07-29 19:26:15,194 - WARN  [SendWorker:188978561024:QuorumCnxManager$SendWorker@679] - Interrupted while waiting for message on queue
2015-07-29 19:26:15,194 - WARN  [RecvWorker:188978561024:QuorumCnxManager$RecvWorker@762] - Connection broken for id 188978561024, my id = 3, error = 
2015-07-29 19:26:15,194 - WARN  [RecvWorker:188978561024:QuorumCnxManager$RecvWorker@765] - Interrupting SendWorker
2015-07-29 19:26:15,195 - WARN  [RecvWorker:188978561024:QuorumCnxManager$RecvWorker@765] - Interrupting SendWorker
2015-07-29 19:26:15,195 - INFO  [/10.10.34.13:3888:QuorumCnxManager$Listener@493] - Received connection request /10.10.34.12:47919
2015-07-29 19:26:15,195 - WARN  [SendWorker:188978561024:QuorumCnxManager$SendWorker@688] - Send worker leaving thread
2015-07-29 19:26:15,195 - WARN  [SendWorker:188978561024:QuorumCnxManager$SendWorker@679] - Interrupted while waiting for message on queue
2015-07-29 19:26:15,196 - INFO  [/10.10.34.13:3888:QuorumCnxManager$Listener@493] - Received connection request /10.10.34.12:47922
2015-07-29 19:26:15,196 - WARN  [RecvWorker:188978561024:QuorumCnxManager$RecvWorker@762] - Connection broken for id 188978561024, my id = 3, error = 
2015-07-29 19:26:15,196 - WARN  [SendWorker:188978561024:QuorumCnxManager$SendWorker@679] - Interrupted while waiting for message on queue
2015-07-29 19:26:15,196 - WARN  [RecvWorker:188978561024:QuorumCnxManager$RecvWorker@762] - Connection broken for id 188978561024, my id = 3, error = 
2015-07-29 19:26:15,196 - WARN  [SendWorker:188978561024:QuorumCnxManager$SendWorker@688] - Send worker leaving thread
2015-07-29 19:26:15,196 - WARN  [RecvWorker:188978561024:QuorumCnxManager$RecvWorker@765] - Interrupting SendWorker
2015-07-29 19:26:15,196 - WARN  [SendWorker:188978561024:QuorumCnxManager$SendWorker@688] - Send worker leaving thread
2015-07-29 19:26:15,196 - WARN  [RecvWorker:188978561024:QuorumCnxManager$RecvWorker@765] - Interrupting SendWorker
2015-07-29 19:26:15,197 - WARN  [SendWorker:188978561024:QuorumCnxManager$SendWorker@679] - Interrupted while waiting for message on queue
2015-07-29 19:26:15,197 - WARN  [SendWorker:188978561024:QuorumCnxManager$SendWorker@688] - Send worker leaving thread
2015-07-29 19:26:15,302 - INFO  [/10.10.34.13:3888:QuorumCnxManager$Listener@493] - Received connection request /10.10.34.13:45186
2015-07-29 19:26:15,302 - WARN  [RecvWorker:188978561024:QuorumCnxManager$RecvWorker@762] - Connection broken for id 188978561024, my id = 3, error = 
2015-07-29 19:26:15,303 - WARN  [RecvWorker:188978561024:QuorumCnxManager$RecvWorker@765] - Interrupting SendWorker
2015-07-29 19:26:15,303 - WARN  [SendWorker:188978561024:QuorumCnxManager$SendWorker@679] - Interrupted while waiting for message on queue
2015-07-29 19:26:15,303 - INFO  [/10.10.34.13:3888:QuorumCnxManager$Listener@493] - Received connection request /10.10.34.13:45190
2015-07-29 19:26:15,303 - WARN  [SendWorker:188978561024:QuorumCnxManager$SendWorker@688] - Send worker leaving thread
2015-07-29 19:26:15,304 - WARN  [RecvWorker:188978561024:QuorumCnxManager$RecvWorker@762] - Connection broken for id 188978561024, my id = 3, error = 
2015-07-29 19:26:15,304 - WARN  [RecvWorker:188978561024:QuorumCnxManager$RecvWorker@765] - Interrupting SendWorker
2015-07-29 19:26:15,304 - INFO  [/10.10.34.13:3888:QuorumCnxManager$Listener@493] - Received connection request /10.10.34.13:45193
2015-07-29 19:26:15,304 - WARN  [SendWorker:188978561024:QuorumCnxManager$SendWorker@679] - Interrupted while waiting for message on queue
2015-07-29 19:26:15,305 - WARN  [SendWorker:188978561024:QuorumCnxManager$SendWorker@688] - Send worker leaving thread
2015-07-29 19:26:15,305 - WARN  [RecvWorker:188978561024:QuorumCnxManager$RecvWorker@762] - Connection broken for id 188978561024, my id = 3, error = 
2015-07-29 19:26:15,305 - WARN  [RecvWorker:188978561024:QuorumCnxManager$RecvWorker@765] - Interrupting SendWorker
2015-07-29 19:26:15,305 - WARN  [SendWorker:188978561024:QuorumCnxManager$SendWorker@679] - Interrupted while waiting for message on queue
2015-07-29 19:26:15,305 - WARN  [SendWorker:188978561024:QuorumCnxManager$SendWorker@688] - Send worker leaving thread
2015-07-29 19:26:15,306 - INFO  [/10.10.34.13:3888:QuorumCnxManager$Listener@493] - Received connection request /10.10.34.13:45196
2015-07-29 19:26:15,307 - WARN  [RecvWorker:188978561024:QuorumCnxManager$RecvWorker@762] - Connection broken for id 188978561024, my id = 3, error = 
2015-07-29 19:26:15,307 - WARN  [RecvWorker:188978561024:QuorumCnxManager$RecvWorker@765] - Interrupting SendWorker
2015-07-29 19:26:15,307 - WARN  [SendWorker:188978561024:QuorumCnxManager$SendWorker@679] - Interrupted while waiting for message on queue
2015-07-29 19:26:15,307 - WARN  [SendWorker:188978561024:QuorumCnxManager$SendWorker@688] - Send worker leaving thread
2015-07-29 19:26:16,412 - INFO  [/10.10.34.13:3888:QuorumCnxManager$Listener@493] - Received connection request /10.10.34.11:47512
2015-07-29 19:26:16,412 - WARN  [RecvWorker:188978561024:QuorumCnxManager$RecvWorker@762] - Connection broken for id 188978561024, my id = 3, error = 
2015-07-29 19:26:16,413 - WARN  [RecvWorker:188978561024:QuorumCnxManager$RecvWorker@765] - Interrupting SendWorker
2015-07-29 19:26:16,413 - WARN  [SendWorker:188978561024:QuorumCnxManager$SendWorker@679] - Interrupted while waiting for message on queue
2015-07-29 19:26:16,413 - WARN  [SendWorker:188978561024:QuorumCnxManager$SendWorker@688] - Send worker leaving thread
2015-07-29 19:26:18,433 - INFO  [/10.10.34.13:3888:QuorumCnxManager$Listener@493] - Received connection request /10.10.34.11:47515
2015-07-29 19:26:18,434 - WARN  [RecvWorker:188978561024:QuorumCnxManager$RecvWorker@762] - Connection broken for id 188978561024, my id = 3, error = 
2015-07-29 19:26:18,434 - WARN  [RecvWorker:188978561024:QuorumCnxManager$RecvWorker@765] - Interrupting SendWorker
2015-07-29 19:26:18,434 - INFO  [/10.10.34.13:3888:QuorumCnxManager$Listener@493] - Received connection request /10.10.34.11:47517
2015-07-29 19:26:18,434 - WARN  [SendWorker:188978561024:QuorumCnxManager$SendWorker@679] - Interrupted while waiting for message on queue
2015-07-29 19:26:18,435 - WARN  [SendWorker:188978561024:QuorumCnxManager$SendWorker@688] - Send worker leaving thread
2015-07-29 19:26:18,435 - INFO  [/10.10.34.13:3888:QuorumCnxManager$Listener@493] - Received connection request /10.10.34.11:47518
2015-07-29 19:26:18,435 - WARN  [RecvWorker:188978561024:QuorumCnxManager$RecvWorker@762] - Connection broken for id 188978561024, my id = 3, error = 
2015-07-29 19:26:18,435 - WARN  [SendWorker:188978561024:QuorumCnxManager$SendWorker@679] - Interrupted while waiting for message on queue
2015-07-29 19:26:18,436 - WARN  [RecvWorker:188978561024:QuorumCnxManager$RecvWorker@762] - Connection broken for id 188978561024, my id = 3, error = 
2015-07-29 19:26:18,436 - WARN  [RecvWorker:188978561024:QuorumCnxManager$RecvWorker@765] - Interrupting SendWorker
2015-07-29 19:26:18,435 - WARN  [RecvWorker:188978561024:QuorumCnxManager$RecvWorker@765] - Interrupting SendWorker
2015-07-29 19:26:18,436 - WARN  [SendWorker:188978561024:QuorumCnxManager$SendWorker@679] - Interrupted while waiting for message on queue
2015-07-29 19:26:18,436 - WARN  [SendWorker:188978561024:QuorumCnxManager$SendWorker@688] - Send worker leaving thread
2015-07-29 19:26:18,436 - WARN  [SendWorker:188978561024:QuorumCnxManager$SendWorker@688] - Send worker leaving thread
2015-07-29 19:26:18,440 - INFO  [/10.10.34.13:3888:QuorumCnxManager$Listener@493] - Received connection request /10.10.34.11:47523
2015-07-29 19:26:18,440 - WARN  [RecvWorker:188978561024:QuorumCnxManager$RecvWorker@762] - Connection broken for id 188978561024, my id = 3, error = 
2015-07-29 19:26:18,440 - WARN  [RecvWorker:188978561024:QuorumCnxManager$RecvWorker@765] - Interrupting SendWorker
2015-07-29 19:26:18,441 - WARN  [SendWorker:188978561024:QuorumCnxManager$SendWorker@679] - Interrupted while waiting for message on queue
2015-07-29 19:26:18,441 - WARN  [SendWorker:188978561024:QuorumCnxManager$SendWorker@688] - Send worker leaving thread
2015-07-29 19:26:18,533 - INFO  [/10.10.34.13:3888:QuorumCnxManager$Listener@493] - Received connection request /10.10.34.12:47926
2015-07-29 19:26:18,533 - INFO  [/10.10.34.13:3888:QuorumCnxManager$Listener@493] - Received connection request /10.10.34.12:47927
2015-07-29 19:26:18,533 - WARN  [RecvWorker:188978561024:QuorumCnxManager$RecvWorker@762] - Connection broken for id 188978561024, my id = 3, error = 
2015-07-29 19:26:18,534 - WARN  [RecvWorker:188978561024:QuorumCnxManager$RecvWorker@765] - Interrupting SendWorker
2015-07-29 19:26:18,534 - WARN  [SendWorker:188978561024:QuorumCnxManager$SendWorker@679] - Interrupted while waiting for message on queue
2015-07-29 19:26:18,534 - INFO  [/10.10.34.13:3888:QuorumCnxManager$Listener@493] - Received connection request /10.10.34.12:47931
2015-07-29 19:26:18,534 - WARN  [RecvWorker:188978561024:QuorumCnxManager$RecvWorker@762] - Connection broken for id 188978561024, my id = 3, error = 
2015-07-29 19:26:18,535 - WARN  [SendWorker:188978561024:QuorumCnxManager$SendWorker@679] - Interrupted while waiting for message on queue
2015-07-29 19:26:18,535 - WARN  [SendWorker:188978561024:QuorumCnxManager$SendWorker@688] - Send worker leaving thread
2015-07-29 19:26:18,534 - WARN  [SendWorker:188978561024:QuorumCnxManager$SendWorker@688] - Send worker leaving thread
2015-07-29 19:26:18,535 - WARN  [RecvWorker:188978561024:QuorumCnxManager$RecvWorker@762] - Connection broken for id 188978561024, my id = 3, error = 
2015-07-29 19:26:18,535 - WARN  [RecvWorker:188978561024:QuorumCnxManager$RecvWorker@765] - Interrupting SendWorker
2015-07-29 19:26:18,535 - WARN  [RecvWorker:188978561024:QuorumCnxManager$RecvWorker@765] - Interrupting SendWorker
2015-07-29 19:26:18,536 - WARN  [SendWorker:188978561024:QuorumCnxManager$SendWorker@679] - Interrupted while waiting for message on queue
2015-07-29 19:26:18,536 - WARN  [SendWorker:188978561024:QuorumCnxManager$SendWorker@688] - Send worker leaving thread
2015-07-29 19:26:18,535 - INFO  [/10.10.34.13:3888:QuorumCnxManager$Listener@493] - Received connection request /10.10.34.12:47935
2015-07-29 19:26:18,537 - WARN  [RecvWorker:188978561024:QuorumCnxManager$RecvWorker@762] - Connection broken for id 188978561024, my id = 3, error = 
2015-07-29 19:26:18,537 - WARN  [RecvWorker:188978561024:QuorumCnxManager$RecvWorker@765] - Interrupting SendWorker
2015-07-29 19:26:18,537 - WARN  [SendWorker:188978561024:QuorumCnxManager$SendWorker@679] - Interrupted while waiting for message on queue
2015-07-29 19:26:18,538 - WARN  [SendWorker:188978561024:QuorumCnxManager$SendWorker@688] - Send worker leaving thread
2015-07-29 19:26:18,642 - INFO  [/10.10.34.13:3888:QuorumCnxManager$Listener@493] - Received connection request /10.10.34.13:45200
2015-07-29 19:26:18,642 - INFO  [/10.10.34.13:3888:QuorumCnxManager$Listener@493] - Received connection request /10.10.34.13:45201
2015-07-29 19:26:18,642 - WARN  [RecvWorker:188978561024:QuorumCnxManager$RecvWorker@762] - Connection broken for id 188978561024, my id = 3, error = 
2015-07-29 19:26:18,643 - WARN  [RecvWorker:188978561024:QuorumCnxManager$RecvWorker@765] - Interrupting SendWorker
2015-07-29 19:26:18,643 - WARN  [SendWorker:188978561024:QuorumCnxManager$SendWorker@679] - Interrupted while waiting for message on queue
2015-07-29 19:26:18,643 - WARN  [RecvWorker:188978561024:QuorumCnxManager$RecvWorker@762] - Connection broken for id 188978561024, my id = 3, error = 
2015-07-29 19:26:18,643 - WARN  [RecvWorker:188978561024:QuorumCnxManager$RecvWorker@765] - Interrupting SendWorker
2015-07-29 19:26:18,643 - INFO  [/10.10.34.13:3888:QuorumCnxManager$Listener@493] - Received connection request /10.10.34.13:45204
2015-07-29 19:26:18,643 - WARN  [SendWorker:188978561024:QuorumCnxManager$SendWorker@688] - Send worker leaving thread
2015-07-29 19:26:18,644 - WARN  [SendWorker:188978561024:QuorumCnxManager$SendWorker@679] - Interrupted while waiting for message on queue
2015-07-29 19:26:18,644 - WARN  [SendWorker:188978561024:QuorumCnxManager$SendWorker@688] - Send worker leaving thread
2015-07-29 19:26:18,644 - WARN  [RecvWorker:188978561024:QuorumCnxManager$RecvWorker@762] - Connection broken for id 188978561024, my id = 3, error = 
2015-07-29 19:26:18,644 - WARN  [RecvWorker:188978561024:QuorumCnxManager$RecvWorker@765] - Interrupting SendWorker
2015-07-29 19:26:18,645 - WARN  [SendWorker:188978561024:QuorumCnxManager$SendWorker@679] - Interrupted while waiting for message on queue
2015-07-29 19:26:18,645 - WARN  [SendWorker:188978561024:QuorumCnxManager$SendWorker@688] - Send worker leaving thread
2015-07-29 19:26:18,645 - INFO  [/10.10.34.13:3888:QuorumCnxManager$Listener@493] - Received connection request /10.10.34.13:45208
2015-07-29 19:26:18,646 - WARN  [RecvWorker:188978561024:QuorumCnxManager$RecvWorker@762] - Connection broken for id 188978561024, my id = 3, error = 
2015-07-29 19:26:18,646 - WARN  [RecvWorker:188978561024:QuorumCnxManager$RecvWorker@765] - Interrupting SendWorker
2015-07-29 19:26:18,646 - WARN  [SendWorker:188978561024:QuorumCnxManager$SendWorker@679] - Interrupted while waiting for message on queue
2015-07-29 19:26:18,647 - WARN  [SendWorker:188978561024:QuorumCnxManager$SendWorker@688] - Send worker leaving thread
2015-07-29 19:26:19,751 - INFO  [/10.10.34.13:3888:QuorumCnxManager$Listener@493] - Received connection request /10.10.34.11:47527
2015-07-29 19:26:19,752 - WARN  [RecvWorker:188978561024:QuorumCnxManager$RecvWorker@762] - Connection broken for id 188978561024, my id = 3, error = 
2015-07-29 19:26:19,752 - WARN  [RecvWorker:188978561024:QuorumCnxManager$RecvWorker@765] - Interrupting SendWorker
2015-07-29 19:26:19,753 - WARN  [SendWorker:188978561024:QuorumCnxManager$SendWorker@679] - Interrupted while waiting for message on queue
2015-07-29 19:26:19,753 - WARN  [SendWorker:188978561024:QuorumCnxManager$SendWorker@688] - Send worker leaving thread
2015-07-29 19:26:21,773 - INFO  [/10.10.34.13:3888:QuorumCnxManager$Listener@493] - Received connection request /10.10.34.11:47530
2015-07-29 19:26:21,773 - WARN  [RecvWorker:188978561024:QuorumCnxManager$RecvWorker@762] - Connection broken for id 188978561024, my id = 3, error = 
2015-07-29 19:26:21,774 - WARN  [RecvWorker:188978561024:QuorumCnxManager$RecvWorker@765] - Interrupting SendWorker
2015-07-29 19:26:21,773 - INFO  [/10.10.34.13:3888:QuorumCnxManager$Listener@493] - Received connection request /10.10.34.11:47532
2015-07-29 19:26:21,774 - WARN  [SendWorker:188978561024:QuorumCnxManager$SendWorker@679] - Interrupted while waiting for message on queue
2015-07-29 19:26:21,774 - WARN  [SendWorker:188978561024:QuorumCnxManager$SendWorker@688] - Send worker leaving thread
2015-07-29 19:26:21,774 - INFO  [/10.10.34.13:3888:QuorumCnxManager$Listener@493] - Received connection request /10.10.34.11:47533
2015-07-29 19:26:21,774 - WARN  [RecvWorker:188978561024:QuorumCnxManager$RecvWorker@762] - Connection broken for id 188978561024, my id = 3, error = 
2015-07-29 19:26:21,775 - WARN  [RecvWorker:188978561024:QuorumCnxManager$RecvWorker@765] - Interrupting SendWorker
2015-07-29 19:26:21,775 - WARN  [SendWorker:188978561024:QuorumCnxManager$SendWorker@679] - Interrupted while waiting for message on queue
2015-07-29 19:26:21,775 - WARN  [RecvWorker:188978561024:QuorumCnxManager$RecvWorker@762] - Connection broken for id 188978561024, my id = 3, error = 
2015-07-29 19:26:21,776 - WARN  [RecvWorker:188978561024:QuorumCnxManager$RecvWorker@765] - Interrupting SendWorker
2015-07-29 19:26:21,775 - WARN  [SendWorker:188978561024:QuorumCnxManager$SendWorker@688] - Send worker leaving thread
2015-07-29 19:26:21,776 - WARN  [SendWorker:188978561024:QuorumCnxManager$SendWorker@679] - Interrupted while waiting for message on queue
2015-07-29 19:26:21,776 - WARN  [SendWorker:188978561024:QuorumCnxManager$SendWorker@688] - Send worker leaving thread
2015-07-29 19:26:21,779 - INFO  [/10.10.34.13:3888:QuorumCnxManager$Listener@493] - Received connection request /10.10.34.11:47538
2015-07-29 19:26:21,780 - WARN  [RecvWorker:188978561024:QuorumCnxManager$RecvWorker@762] - Connection broken for id 188978561024, my id = 3, error = 
2015-07-29 19:26:21,780 - WARN  [RecvWorker:188978561024:QuorumCnxManager$RecvWorker@765] - Interrupting SendWorker
2015-07-29 19:26:21,780 - WARN  [SendWorker:188978561024:QuorumCnxManager$SendWorker@679] - Interrupted while waiting for message on queue
2015-07-29 19:26:21,780 - WARN  [SendWorker:188978561024:QuorumCnxManager$SendWorker@688] - Send worker leaving thread
2015-07-29 19:26:21,872 - INFO  [/10.10.34.13:3888:QuorumCnxManager$Listener@493] - Received connection request /10.10.34.12:47937
2015-07-29 19:26:21,873 - WARN  [RecvWorker:188978561024:QuorumCnxManager$RecvWorker@762] - Connection broken for id 188978561024, my id = 3, error = 
2015-07-29 19:26:21,873 - WARN  [RecvWorker:188978561024:QuorumCnxManager$RecvWorker@765] - Interrupting SendWorker
2015-07-29 19:26:21,873 - INFO  [/10.10.34.13:3888:QuorumCnxManager$Listener@493] - Received connection request /10.10.34.12:47940
2015-07-29 19:26:21,873 - WARN  [SendWorker:188978561024:QuorumCnxManager$SendWorker@679] - Interrupted while waiting for message on queue
2015-07-29 19:26:21,874 - WARN  [SendWorker:188978561024:QuorumCnxManager$SendWorker@688] - Send worker leaving thread
2015-07-29 19:26:21,874 - WARN  [RecvWorker:188978561024:QuorumCnxManager$RecvWorker@762] - Connection broken for id 188978561024, my id = 3, error = 
2015-07-29 19:26:21,874 - WARN  [RecvWorker:188978561024:QuorumCnxManager$RecvWorker@765] - Interrupting SendWorker
2015-07-29 19:26:21,874 - INFO  [/10.10.34.13:3888:QuorumCnxManager$Listener@493] - Received connection request /10.10.34.12:47943
2015-07-29 19:26:21,874 - WARN  [SendWorker:188978561024:QuorumCnxManager$SendWorker@679] - Interrupted while waiting for message on queue
2015-07-29 19:26:21,875 - WARN  [SendWorker:188978561024:QuorumCnxManager$SendWorker@688] - Send worker leaving thread
2015-07-29 19:26:21,875 - WARN  [RecvWorker:188978561024:QuorumCnxManager$RecvWorker@762] - Connection broken for id 188978561024, my id = 3, error = 
2015-07-29 19:26:21,875 - WARN  [RecvWorker:188978561024:QuorumCnxManager$RecvWorker@765] - Interrupting SendWorker
2015-07-29 19:26:21,875 - WARN  [SendWorker:188978561024:QuorumCnxManager$SendWorker@679] - Interrupted while waiting for message on queue
2015-07-29 19:26:21,875 - INFO  [/10.10.34.13:3888:QuorumCnxManager$Listener@493] - Received connection request /10.10.34.12:47947
2015-07-29 19:26:21,876 - WARN  [SendWorker:188978561024:QuorumCnxManager$SendWorker@688] - Send worker leaving thread
2015-07-29 19:26:21,876 - WARN  [RecvWorker:188978561024:QuorumCnxManager$RecvWorker@762] - Connection broken for id 188978561024, my id = 3, error = 
2015-07-29 19:26:21,876 - WARN  [RecvWorker:188978561024:QuorumCnxManager$RecvWorker@765] - Interrupting SendWorker
2015-07-29 19:26:21,877 - WARN  [SendWorker:188978561024:QuorumCnxManager$SendWorker@679] - Interrupted while waiting for message on queue
2015-07-29 19:26:21,877 - WARN  [SendWorker:188978561024:QuorumCnxManager$SendWorker@688] - Send worker leaving thread
2015-07-29 19:26:21,981 - INFO  [/10.10.34.13:3888:QuorumCnxManager$Listener@493] - Received connection request /10.10.34.13:45211
2015-07-29 19:26:21,982 - WARN  [RecvWorker:188978561024:QuorumCnxManager$RecvWorker@762] - Connection broken for id 188978561024, my id = 3, error = 
2015-07-29 19:26:21,982 - INFO  [/10.10.34.13:3888:QuorumCnxManager$Listener@493] - Received connection request /10.10.34.13:45213
2015-07-29 19:26:21,982 - WARN  [RecvWorker:188978561024:QuorumCnxManager$RecvWorker@765] - Interrupting SendWorker
2015-07-29 19:26:21,982 - WARN  [SendWorker:188978561024:QuorumCnxManager$SendWorker@679] - Interrupted while waiting for message on queue
2015-07-29 19:26:21,983 - WARN  [SendWorker:188978561024:QuorumCnxManager$SendWorker@688] - Send worker leaving thread
2015-07-29 19:26:21,983 - WARN  [RecvWorker:188978561024:QuorumCnxManager$RecvWorker@762] - Connection broken for id 188978561024, my id = 3, error = 
2015-07-29 19:26:21,983 - WARN  [RecvWorker:188978561024:QuorumCnxManager$RecvWorker@765] - Interrupting SendWorker
2015-07-29 19:26:21,983 - INFO  [/10.10.34.13:3888:QuorumCnxManager$Listener@493] - Received connection request /10.10.34.13:45218
2015-07-29 19:26:21,983 - WARN  [SendWorker:188978561024:QuorumCnxManager$SendWorker@679] - Interrupted while waiting for message on queue
2015-07-29 19:26:21,984 - WARN  [SendWorker:188978561024:QuorumCnxManager$SendWorker@688] - Send worker leaving thread
2015-07-29 19:26:21,984 - WARN  [RecvWorker:188978561024:QuorumCnxManager$RecvWorker@762] - Connection broken for id 188978561024, my id = 3, error = 
2015-07-29 19:26:21,984 - WARN  [RecvWorker:188978561024:QuorumCnxManager$RecvWorker@765] - Interrupting SendWorker
2015-07-29 19:26:21,984 - WARN  [SendWorker:188978561024:QuorumCnxManager$SendWorker@679] - Interrupted while waiting for message on queue
2015-07-29 19:26:21,985 - WARN  [SendWorker:188978561024:QuorumCnxManager$SendWorker@688] - Send worker leaving thread
2015-07-29 19:26:21,985 - INFO  [/10.10.34.13:3888:QuorumCnxManager$Listener@493] - Received connection request /10.10.34.13:45220
2015-07-29 19:26:21,985 - WARN  [RecvWorker:188978561024:QuorumCnxManager$RecvWorker@762] - Connection broken for id 188978561024, my id = 3, error = 
2015-07-29 19:26:21,986 - WARN  [RecvWorker:188978561024:QuorumCnxManager$RecvWorker@765] - Interrupting SendWorker
2015-07-29 19:26:21,986 - WARN  [SendWorker:188978561024:QuorumCnxManager$SendWorker@679] - Interrupted while waiting for message on queue
2015-07-29 19:26:21,986 - WARN  [SendWorker:188978561024:QuorumCnxManager$SendWorker@688] - Send worker leaving thread
2015-07-29 19:26:23,091 - INFO  [/10.10.34.13:3888:QuorumCnxManager$Listener@493] - Received connection request /10.10.34.11:47542
2015-07-29 19:26:23,092 - WARN  [RecvWorker:188978561024:QuorumCnxManager$RecvWorker@762] - Connection broken for id 188978561024, my id = 3, error = 
2015-07-29 19:26:23,092 - WARN  [RecvWorker:188978561024:QuorumCnxManager$RecvWorker@765] - Interrupting SendWorker
2015-07-29 19:26:23,092 - WARN  [SendWorker:188978561024:QuorumCnxManager$SendWorker@679] - Interrupted while waiting for message on queue
2015-07-29 19:26:23,092 - WARN  [SendWorker:188978561024:QuorumCnxManager$SendWorker@688] - Send worker leaving thread
2015-07-29 19:26:25,112 - INFO  [/10.10.34.13:3888:QuorumCnxManager$Listener@493] - Received connection request /10.10.34.11:47545
2015-07-29 19:26:25,113 - WARN  [RecvWorker:188978561024:QuorumCnxManager$RecvWorker@762] - Connection broken for id 188978561024, my id = 3, error = 
2015-07-29 19:26:25,113 - WARN  [RecvWorker:188978561024:QuorumCnxManager$RecvWorker@765] - Interrupting SendWorker
2015-07-29 19:26:25,113 - INFO  [/10.10.34.13:3888:QuorumCnxManager$Listener@493] - Received connection request /10.10.34.11:47547
2015-07-29 19:26:25,114 - WARN  [SendWorker:188978561024:QuorumCnxManager$SendWorker@679] - Interrupted while waiting for message on queue
2015-07-29 19:26:25,114 - WARN  [SendWorker:188978561024:QuorumCnxManager$SendWorker@688] - Send worker leaving thread
2015-07-29 19:26:25,114 - INFO  [/10.10.34.13:3888:QuorumCnxManager$Listener@493] - Received connection request /10.10.34.11:47548
2015-07-29 19:26:25,114 - WARN  [RecvWorker:188978561024:QuorumCnxManager$RecvWorker@762] - Connection broken for id 188978561024, my id = 3, error = 
2015-07-29 19:26:25,114 - WARN  [RecvWorker:188978561024:QuorumCnxManager$RecvWorker@765] - Interrupting SendWorker
2015-07-29 19:26:25,114 - WARN  [SendWorker:188978561024:QuorumCnxManager$SendWorker@679] - Interrupted while waiting for message on queue
2015-07-29 19:26:25,115 - WARN  [RecvWorker:188978561024:QuorumCnxManager$RecvWorker@762] - Connection broken for id 188978561024, my id = 3, error = 
2015-07-29 19:26:25,115 - WARN  [RecvWorker:188978561024:QuorumCnxManager$RecvWorker@765] - Interrupting SendWorker
2015-07-29 19:26:25,115 - WARN  [SendWorker:188978561024:QuorumCnxManager$SendWorker@688] - Send worker leaving thread
2015-07-29 19:26:25,115 - WARN  [SendWorker:188978561024:QuorumCnxManager$SendWorker@679] - Interrupted while waiting for message on queue
2015-07-29 19:26:25,116 - WARN  [SendWorker:188978561024:QuorumCnxManager$SendWorker@688] - Send worker leaving thread
2015-07-29 19:26:25,118 - INFO  [/10.10.34.13:3888:QuorumCnxManager$Listener@493] - Received connection request /10.10.34.11:47553
2015-07-29 19:26:25,119 - WARN  [RecvWorker:188978561024:QuorumCnxManager$RecvWorker@762] - Connection broken for id 188978561024, my id = 3, error = 
2015-07-29 19:26:25,119 - WARN  [RecvWorker:188978561024:QuorumCnxManager$RecvWorker@765] - Interrupting SendWorker
2015-07-29 19:26:25,119 - WARN  [SendWorker:188978561024:QuorumCnxManager$SendWorker@679] - Interrupted while waiting for message on queue
2015-07-29 19:26:25,120 - WARN  [SendWorker:188978561024:QuorumCnxManager$SendWorker@688] - Send worker leaving thread
2015-07-29 19:26:25,212 - INFO  [/10.10.34.13:3888:QuorumCnxManager$Listener@493] - Received connection request /10.10.34.12:47950
2015-07-29 19:26:25,213 - WARN  [RecvWorker:188978561024:QuorumCnxManager$RecvWorker@762] - Connection broken for id 188978561024, my id = 3, error = 
2015-07-29 19:26:25,213 - WARN  [RecvWorker:188978561024:QuorumCnxManager$RecvWorker@765] - Interrupting SendWorker
2015-07-29 19:26:25,213 - INFO  [/10.10.34.13:3888:QuorumCnxManager$Listener@493] - Received connection request /10.10.34.12:47952
2015-07-29 19:26:25,213 - WARN  [SendWorker:188978561024:QuorumCnxManager$SendWorker@679] - Interrupted while waiting for message on queue
2015-07-29 19:26:25,214 - WARN  [SendWorker:188978561024:QuorumCnxManager$SendWorker@688] - Send worker leaving thread
2015-07-29 19:26:25,214 - INFO  [/10.10.34.13:3888:QuorumCnxManager$Listener@493] - Received connection request /10.10.34.12:47954
2015-07-29 19:26:25,214 - WARN  [RecvWorker:188978561024:QuorumCnxManager$RecvWorker@762] - Connection broken for id 188978561024, my id = 3, error = 
2015-07-29 19:26:25,214 - WARN  [RecvWorker:188978561024:QuorumCnxManager$RecvWorker@765] - Interrupting SendWorker
2015-07-29 19:26:25,214 - WARN  [SendWorker:188978561024:QuorumCnxManager$SendWorker@679] - Interrupted while waiting for message on queue
2015-07-29 19:26:25,214 - WARN  [RecvWorker:188978561024:QuorumCnxManager$RecvWorker@762] - Connection broken for id 188978561024, my id = 3, error = 
2015-07-29 19:26:25,215 - WARN  [RecvWorker:188978561024:QuorumCnxManager$RecvWorker@765] - Interrupting SendWorker
2015-07-29 19:26:25,215 - WARN  [SendWorker:188978561024:QuorumCnxManager$SendWorker@688] - Send worker leaving thread
2015-07-29 19:26:25,215 - INFO  [/10.10.34.13:3888:QuorumCnxManager$Listener@493] - Received connection request /10.10.34.12:47959
2015-07-29 19:26:25,215 - WARN  [SendWorker:188978561024:QuorumCnxManager$SendWorker@679] - Interrupted while waiting for message on queue
2015-07-29 19:26:25,216 - WARN  [SendWorker:188978561024:QuorumCnxManager$SendWorker@688] - Send worker leaving thread
2015-07-29 19:26:25,216 - WARN  [RecvWorker:188978561024:QuorumCnxManager$RecvWorker@762] - Connection broken for id 188978561024, my id = 3, error = 
2015-07-29 19:26:25,216 - WARN  [RecvWorker:188978561024:QuorumCnxManager$RecvWorker@765] - Interrupting SendWorker
2015-07-29 19:26:25,216 - WARN  [SendWorker:188978561024:QuorumCnxManager$SendWorker@679] - Interrupted while waiting for message on queue
2015-07-29 19:26:25,216 - WARN  [SendWorker:188978561024:QuorumCnxManager$SendWorker@688] - Send worker leaving thread
2015-07-29 19:26:25,320 - INFO  [/10.10.34.13:3888:QuorumCnxManager$Listener@493] - Received connection request /10.10.34.13:45222
2015-07-29 19:26:25,320 - WARN  [RecvWorker:188978561024:QuorumCnxManager$RecvWorker@762] - Connection broken for id 188978561024, my id = 3, error = 
2015-07-29 19:26:25,321 - WARN  [RecvWorker:188978561024:QuorumCnxManager$RecvWorker@765] - Interrupting SendWorker
2015-07-29 19:26:25,321 - WARN  [SendWorker:188978561024:QuorumCnxManager$SendWorker@679] - Interrupted while waiting for message on queue
2015-07-29 19:26:25,321 - WARN  [SendWorker:188978561024:QuorumCnxManager$SendWorker@688] - Send worker leaving thread
2015-07-29 19:26:25,322 - INFO  [/10.10.34.13:3888:QuorumCnxManager$Listener@493] - Received connection request /10.10.34.13:45226
2015-07-29 19:26:25,322 - WARN  [RecvWorker:188978561024:QuorumCnxManager$RecvWorker@762] - Connection broken for id 188978561024, my id = 3, error = 
2015-07-29 19:26:25,323 - WARN  [RecvWorker:188978561024:QuorumCnxManager$RecvWorker@765] - Interrupting SendWorker
2015-07-29 19:26:25,323 - INFO  [/10.10.34.13:3888:QuorumCnxManager$Listener@493] - Received connection request /10.10.34.13:45229
2015-07-29 19:26:25,323 - WARN  [SendWorker:188978561024:QuorumCnxManager$SendWorker@679] - Interrupted while waiting for message on queue
2015-07-29 19:26:25,323 - WARN  [SendWorker:188978561024:QuorumCnxManager$SendWorker@688] - Send worker leaving thread
2015-07-29 19:26:25,323 - WARN  [RecvWorker:188978561024:QuorumCnxManager$RecvWorker@762] - Connection broken for id 188978561024, my id = 3, error = 
2015-07-29 19:26:25,324 - WARN  [RecvWorker:188978561024:QuorumCnxManager$RecvWorker@765] - Interrupting SendWorker
2015-07-29 19:26:25,324 - WARN  [SendWorker:188978561024:QuorumCnxManager$SendWorker@679] - Interrupted while waiting for message on queue
2015-07-29 19:26:25,324 - WARN  [SendWorker:188978561024:QuorumCnxManager$SendWorker@688] - Send worker leaving thread
2015-07-29 19:26:25,324 - INFO  [/10.10.34.13:3888:QuorumCnxManager$Listener@493] - Received connection request /10.10.34.13:45232
2015-07-29 19:26:25,325 - WARN  [RecvWorker:188978561024:QuorumCnxManager$RecvWorker@762] - Connection broken for id 188978561024, my id = 3, error = 
2015-07-29 19:26:25,325 - WARN  [RecvWorker:188978561024:QuorumCnxManager$RecvWorker@765] - Interrupting SendWorker
2015-07-29 19:26:25,325 - WARN  [SendWorker:188978561024:QuorumCnxManager$SendWorker@679] - Interrupted while waiting for message on queue
2015-07-29 19:26:25,326 - WARN  [SendWorker:188978561024:QuorumCnxManager$SendWorker@688] - Send worker leaving thread
2015-07-29 19:26:26,430 - INFO  [/10.10.34.13:3888:QuorumCnxManager$Listener@493] - Received connection request /10.10.34.11:47557
2015-07-29 19:26:26,431 - WARN  [RecvWorker:188978561024:QuorumCnxManager$RecvWorker@762] - Connection broken for id 188978561024, my id = 3, error = 
2015-07-29 19:26:26,431 - WARN  [RecvWorker:188978561024:QuorumCnxManager$RecvWorker@765] - Interrupting SendWorker
2015-07-29 19:26:26,432 - WARN  [SendWorker:188978561024:QuorumCnxManager$SendWorker@679] - Interrupted while waiting for message on queue
2015-07-29 19:26:26,432 - WARN  [SendWorker:188978561024:QuorumCnxManager$SendWorker@688] - Send worker leaving thread
2015-07-29 19:26:28,452 - INFO  [/10.10.34.13:3888:QuorumCnxManager$Listener@493] - Received connection request /10.10.34.11:47560
2015-07-29 19:26:28,453 - INFO  [/10.10.34.13:3888:QuorumCnxManager$Listener@493] - Received connection request /10.10.34.11:47562
2015-07-29 19:26:28,453 - WARN  [RecvWorker:188978561024:QuorumCnxManager$RecvWorker@762] - Connection broken for id 188978561024, my id = 3, error = 
2015-07-29 19:26:28,453 - WARN  [SendWorker:188978561024:QuorumCnxManager$SendWorker@679] - Interrupted while waiting for message on queue
2015-07-29 19:26:28,453 - WARN  [RecvWorker:188978561024:QuorumCnxManager$RecvWorker@762] - Connection broken for id 188978561024, my id = 3, error = 
2015-07-29 19:26:28,453 - WARN  [RecvWorker:188978561024:QuorumCnxManager$RecvWorker@765] - Interrupting SendWorker
2015-07-29 19:26:28,453 - WARN  [RecvWorker:188978561024:QuorumCnxManager$RecvWorker@765] - Interrupting SendWorker
2015-07-29 19:26:28,454 - WARN  [SendWorker:188978561024:QuorumCnxManager$SendWorker@679] - Interrupted while waiting for message on queue
2015-07-29 19:26:28,454 - WARN  [SendWorker:188978561024:QuorumCnxManager$SendWorker@688] - Send worker leaving thread
2015-07-29 19:26:28,453 - INFO  [/10.10.34.13:3888:QuorumCnxManager$Listener@493] - Received connection request /10.10.34.11:47563
2015-07-29 19:26:28,453 - WARN  [SendWorker:188978561024:QuorumCnxManager$SendWorker@688] - Send worker leaving thread
2015-07-29 19:26:28,455 - WARN  [RecvWorker:188978561024:QuorumCnxManager$RecvWorker@762] - Connection broken for id 188978561024, my id = 3, error = 
2015-07-29 19:26:28,455 - WARN  [RecvWorker:188978561024:QuorumCnxManager$RecvWorker@765] - Interrupting SendWorker
2015-07-29 19:26:28,455 - WARN  [SendWorker:188978561024:QuorumCnxManager$SendWorker@679] - Interrupted while waiting for message on queue
2015-07-29 19:26:28,456 - WARN  [SendWorker:188978561024:QuorumCnxManager$SendWorker@688] - Send worker leaving thread
2015-07-29 19:26:28,457 - INFO  [/10.10.34.13:3888:QuorumCnxManager$Listener@493] - Received connection request /10.10.34.11:47568
2015-07-29 19:26:28,458 - WARN  [RecvWorker:188978561024:QuorumCnxManager$RecvWorker@762] - Connection broken for id 188978561024, my id = 3, error = 
2015-07-29 19:26:28,458 - WARN  [RecvWorker:188978561024:QuorumCnxManager$RecvWorker@765] - Interrupting SendWorker
2015-07-29 19:26:28,459 - WARN  [SendWorker:188978561024:QuorumCnxManager$SendWorker@679] - Interrupted while waiting for message on queue
2015-07-29 19:26:28,459 - WARN  [SendWorker:188978561024:QuorumCnxManager$SendWorker@688] - Send worker leaving thread
2015-07-29 19:26:28,552 - INFO  [/10.10.34.13:3888:QuorumCnxManager$Listener@493] - Received connection request /10.10.34.12:47962
2015-07-29 19:26:28,553 - WARN  [RecvWorker:188978561024:QuorumCnxManager$RecvWorker@762] - Connection broken for id 188978561024, my id = 3, error = 
2015-07-29 19:26:28,553 - WARN  [RecvWorker:188978561024:QuorumCnxManager$RecvWorker@765] - Interrupting SendWorker
2015-07-29 19:26:28,553 - INFO  [/10.10.34.13:3888:QuorumCnxManager$Listener@493] - Received connection request /10.10.34.12:47965
2015-07-29 19:26:28,553 - WARN  [SendWorker:188978561024:QuorumCnxManager$SendWorker@679] - Interrupted while waiting for message on queue
2015-07-29 19:26:28,553 - WARN  [SendWorker:188978561024:QuorumCnxManager$SendWorker@688] - Send worker leaving thread
2015-07-29 19:26:28,553 - WARN  [RecvWorker:188978561024:QuorumCnxManager$RecvWorker@762] - Connection broken for id 188978561024, my id = 3, error = 
2015-07-29 19:26:28,553 - INFO  [/10.10.34.13:3888:QuorumCnxManager$Listener@493] - Received connection request /10.10.34.12:47966
2015-07-29 19:26:28,554 - WARN  [RecvWorker:188978561024:QuorumCnxManager$RecvWorker@765] - Interrupting SendWorker
2015-07-29 19:26:28,554 - WARN  [SendWorker:188978561024:QuorumCnxManager$SendWorker@679] - Interrupted while waiting for message on queue
2015-07-29 19:26:28,554 - INFO  [/10.10.34.13:3888:QuorumCnxManager$Listener@493] - Received connection request /10.10.34.12:47971
2015-07-29 19:26:28,554 - WARN  [RecvWorker:188978561024:QuorumCnxManager$RecvWorker@762] - Connection broken for id 188978561024, my id = 3, error = 
2015-07-29 19:26:28,555 - WARN  [SendWorker:188978561024:QuorumCnxManager$SendWorker@679] - Interrupted while waiting for message on queue
2015-07-29 19:26:28,555 - WARN  [RecvWorker:188978561024:QuorumCnxManager$RecvWorker@762] - Connection broken for id 188978561024, my id = 3, error = 
2015-07-29 19:26:28,555 - WARN  [RecvWorker:188978561024:QuorumCnxManager$RecvWorker@765] - Interrupting SendWorker
2015-07-29 19:26:28,554 - WARN  [SendWorker:188978561024:QuorumCnxManager$SendWorker@688] - Send worker leaving thread
2015-07-29 19:26:28,556 - WARN  [SendWorker:188978561024:QuorumCnxManager$SendWorker@679] - Interrupted while waiting for message on queue
2015-07-29 19:26:28,556 - WARN  [SendWorker:188978561024:QuorumCnxManager$SendWorker@688] - Send worker leaving thread
2015-07-29 19:26:28,555 - WARN  [SendWorker:188978561024:QuorumCnxManager$SendWorker@688] - Send worker leaving thread
2015-07-29 19:26:28,555 - WARN  [RecvWorker:188978561024:QuorumCnxManager$RecvWorker@765] - Interrupting SendWorker
2015-07-29 19:26:28,660 - INFO  [/10.10.34.13:3888:QuorumCnxManager$Listener@493] - Received connection request /10.10.34.13:45235
2015-07-29 19:26:28,661 - WARN  [RecvWorker:188978561024:QuorumCnxManager$RecvWorker@762] - Connection broken for id 188978561024, my id = 3, error = 
2015-07-29 19:26:28,661 - WARN  [RecvWorker:188978561024:QuorumCnxManager$RecvWorker@765] - Interrupting SendWorker
2015-07-29 19:26:28,661 - INFO  [/10.10.34.13:3888:QuorumCnxManager$Listener@493] - Received connection request /10.10.34.13:45239
2015-07-29 19:26:28,661 - WARN  [SendWorker:188978561024:QuorumCnxManager$SendWorker@679] - Interrupted while waiting for message on queue
2015-07-29 19:26:28,662 - WARN  [SendWorker:188978561024:QuorumCnxManager$SendWorker@688] - Send worker leaving thread
2015-07-29 19:26:28,662 - WARN  [RecvWorker:188978561024:QuorumCnxManager$RecvWorker@762] - Connection broken for id 188978561024, my id = 3, error = 
2015-07-29 19:26:28,662 - INFO  [/10.10.34.13:3888:QuorumCnxManager$Listener@493] - Received connection request /10.10.34.13:45241
2015-07-29 19:26:28,662 - WARN  [RecvWorker:188978561024:QuorumCnxManager$RecvWorker@765] - Interrupting SendWorker
2015-07-29 19:26:28,662 - WARN  [SendWorker:188978561024:QuorumCnxManager$SendWorker@679] - Interrupted while waiting for message on queue
2015-07-29 19:26:28,663 - WARN  [RecvWorker:188978561024:QuorumCnxManager$RecvWorker@762] - Connection broken for id 188978561024, my id = 3, error = 
2015-07-29 19:26:28,663 - WARN  [RecvWorker:188978561024:QuorumCnxManager$RecvWorker@765] - Interrupting SendWorker
2015-07-29 19:26:28,663 - WARN  [SendWorker:188978561024:QuorumCnxManager$SendWorker@688] - Send worker leaving thread
2015-07-29 19:26:28,663 - INFO  [/10.10.34.13:3888:QuorumCnxManager$Listener@493] - Received connection request /10.10.34.13:45243
2015-07-29 19:26:28,663 - WARN  [SendWorker:188978561024:QuorumCnxManager$SendWorker@679] - Interrupted while waiting for message on queue
2015-07-29 19:26:28,663 - WARN  [SendWorker:188978561024:QuorumCnxManager$SendWorker@688] - Send worker leaving thread
2015-07-29 19:26:28,664 - WARN  [RecvWorker:188978561024:QuorumCnxManager$RecvWorker@762] - Connection broken for id 188978561024, my id = 3, error = 
2015-07-29 19:26:28,664 - WARN  [RecvWorker:188978561024:QuorumCnxManager$RecvWorker@765] - Interrupting SendWorker
2015-07-29 19:26:28,664 - WARN  [SendWorker:188978561024:QuorumCnxManager$SendWorker@679] - Interrupted while waiting for message on queue
2015-07-29 19:26:28,664 - WARN  [SendWorker:188978561024:QuorumCnxManager$SendWorker@688] - Send worker leaving thread
2015-07-29 19:26:29,770 - INFO  [/10.10.34.13:3888:QuorumCnxManager$Listener@493] - Received connection request /10.10.34.11:47572
2015-07-29 19:26:29,771 - WARN  [RecvWorker:188978561024:QuorumCnxManager$RecvWorker@762] - Connection broken for id 188978561024, my id = 3, error = 
2015-07-29 19:26:29,771 - WARN  [RecvWorker:188978561024:QuorumCnxManager$RecvWorker@765] - Interrupting SendWorker
2015-07-29 19:26:29,771 - WARN  [SendWorker:188978561024:QuorumCnxManager$SendWorker@679] - Interrupted while waiting for message on queue
2015-07-29 19:26:29,772 - WARN  [SendWorker:188978561024:QuorumCnxManager$SendWorker@688] - Send worker leaving thread
2015-07-29 19:26:31,791 - INFO  [/10.10.34.13:3888:QuorumCnxManager$Listener@493] - Received connection request /10.10.34.11:47575
2015-07-29 19:26:31,792 - INFO  [/10.10.34.13:3888:QuorumCnxManager$Listener@493] - Received connection request /10.10.34.11:47576
2015-07-29 19:26:31,792 - WARN  [RecvWorker:188978561024:QuorumCnxManager$RecvWorker@762] - Connection broken for id 188978561024, my id = 3, error = 
2015-07-29 19:26:31,792 - WARN  [SendWorker:188978561024:QuorumCnxManager$SendWorker@679] - Interrupted while waiting for message on queue
2015-07-29 19:26:31,792 - WARN  [RecvWorker:188978561024:QuorumCnxManager$RecvWorker@762] - Connection broken for id 188978561024, my id = 3, error = 
2015-07-29 19:26:31,792 - WARN  [RecvWorker:188978561024:QuorumCnxManager$RecvWorker@765] - Interrupting SendWorker
2015-07-29 19:26:31,793 - WARN  [RecvWorker:188978561024:QuorumCnxManager$RecvWorker@765] - Interrupting SendWorker
2015-07-29 19:26:31,792 - WARN  [SendWorker:188978561024:QuorumCnxManager$SendWorker@688] - Send worker leaving thread
2015-07-29 19:26:31,793 - WARN  [SendWorker:188978561024:QuorumCnxManager$SendWorker@679] - Interrupted while waiting for message on queue
2015-07-29 19:26:31,793 - WARN  [SendWorker:188978561024:QuorumCnxManager$SendWorker@688] - Send worker leaving thread
2015-07-29 19:26:31,794 - INFO  [/10.10.34.13:3888:QuorumCnxManager$Listener@493] - Received connection request /10.10.34.11:47579
2015-07-29 19:26:31,794 - WARN  [RecvWorker:188978561024:QuorumCnxManager$RecvWorker@762] - Connection broken for id 188978561024, my id = 3, error = 
2015-07-29 19:26:31,794 - WARN  [RecvWorker:188978561024:QuorumCnxManager$RecvWorker@765] - Interrupting SendWorker
2015-07-29 19:26:31,795 - WARN  [SendWorker:188978561024:QuorumCnxManager$SendWorker@679] - Interrupted while waiting for message on queue
2015-07-29 19:26:31,795 - WARN  [SendWorker:188978561024:QuorumCnxManager$SendWorker@688] - Send worker leaving thread
2015-07-29 19:26:31,797 - INFO  [/10.10.34.13:3888:QuorumCnxManager$Listener@493] - Received connection request /10.10.34.11:47583
2015-07-29 19:26:31,797 - WARN  [RecvWorker:188978561024:QuorumCnxManager$RecvWorker@762] - Connection broken for id 188978561024, my id = 3, error = 
2015-07-29 19:26:31,798 - WARN  [RecvWorker:188978561024:QuorumCnxManager$RecvWorker@765] - Interrupting SendWorker
2015-07-29 19:26:31,798 - WARN  [SendWorker:188978561024:QuorumCnxManager$SendWorker@679] - Interrupted while waiting for message on queue
2015-07-29 19:26:31,798 - WARN  [SendWorker:188978561024:QuorumCnxManager$SendWorker@688] - Send worker leaving thread
2015-07-29 19:26:31,891 - INFO  [/10.10.34.13:3888:QuorumCnxManager$Listener@493] - Received connection request /10.10.34.12:47973
2015-07-29 19:26:31,892 - WARN  [RecvWorker:188978561024:QuorumCnxManager$RecvWorker@762] - Connection broken for id 188978561024, my id = 3, error = 
2015-07-29 19:26:31,892 - WARN  [RecvWorker:188978561024:QuorumCnxManager$RecvWorker@765] - Interrupting SendWorker
2015-07-29 19:26:31,893 - WARN  [SendWorker:188978561024:QuorumCnxManager$SendWorker@679] - Interrupted while waiting for message on queue
2015-07-29 19:26:31,893 - WARN  [SendWorker:188978561024:QuorumCnxManager$SendWorker@688] - Send worker leaving thread
2015-07-29 19:26:31,893 - INFO  [/10.10.34.13:3888:QuorumCnxManager$Listener@493] - Received connection request /10.10.34.12:47977
2015-07-29 19:26:31,894 - INFO  [/10.10.34.13:3888:QuorumCnxManager$Listener@493] - Received connection request /10.10.34.12:47978
2015-07-29 19:26:31,894 - WARN  [RecvWorker:188978561024:QuorumCnxManager$RecvWorker@762] - Connection broken for id 188978561024, my id = 3, error = 
2015-07-29 19:26:31,894 - WARN  [RecvWorker:188978561024:QuorumCnxManager$RecvWorker@765] - Interrupting SendWorker
2015-07-29 19:26:31,894 - WARN  [SendWorker:188978561024:QuorumCnxManager$SendWorker@679] - Interrupted while waiting for message on queue
2015-07-29 19:26:31,894 - WARN  [RecvWorker:188978561024:QuorumCnxManager$RecvWorker@762] - Connection broken for id 188978561024, my id = 3, error = 
2015-07-29 19:26:31,894 - INFO  [/10.10.34.13:3888:QuorumCnxManager$Listener@493] - Received connection request /10.10.34.12:47982
2015-07-29 19:26:31,895 - WARN  [RecvWorker:188978561024:QuorumCnxManager$RecvWorker@765] - Interrupting SendWorker
2015-07-29 19:26:31,894 - WARN  [SendWorker:188978561024:QuorumCnxManager$SendWorker@688] - Send worker leaving thread
2015-07-29 19:26:31,895 - WARN  [SendWorker:188978561024:QuorumCnxManager$SendWorker@679] - Interrupted while waiting for message on queue
2015-07-29 19:26:31,895 - WARN  [RecvWorker:188978561024:QuorumCnxManager$RecvWorker@762] - Connection broken for id 188978561024, my id = 3, error = 
2015-07-29 19:26:31,896 - WARN  [RecvWorker:188978561024:QuorumCnxManager$RecvWorker@765] - Interrupting SendWorker
2015-07-29 19:26:31,895 - WARN  [SendWorker:188978561024:QuorumCnxManager$SendWorker@688] - Send worker leaving thread
2015-07-29 19:26:31,896 - WARN  [SendWorker:188978561024:QuorumCnxManager$SendWorker@679] - Interrupted while waiting for message on queue
2015-07-29 19:26:31,896 - WARN  [SendWorker:188978561024:QuorumCnxManager$SendWorker@688] - Send worker leaving thread
2015-07-29 19:26:32,000 - INFO  [/10.10.34.13:3888:QuorumCnxManager$Listener@493] - Received connection request /10.10.34.13:45248
2015-07-29 19:26:32,001 - INFO  [/10.10.34.13:3888:QuorumCnxManager$Listener@493] - Received connection request /10.10.34.13:45250
2015-07-29 19:26:32,001 - WARN  [RecvWorker:188978561024:QuorumCnxManager$RecvWorker@762] - Connection broken for id 188978561024, my id = 3, error = 
2015-07-29 19:26:32,001 - WARN  [RecvWorker:188978561024:QuorumCnxManager$RecvWorker@765] - Interrupting SendWorker
2015-07-29 19:26:32,001 - WARN  [SendWorker:188978561024:QuorumCnxManager$SendWorker@679] - Interrupted while waiting for message on queue
2015-07-29 19:26:32,001 - WARN  [RecvWorker:188978561024:QuorumCnxManager$RecvWorker@762] - Connection broken for id 188978561024, my id = 3, error = 
2015-07-29 19:26:32,001 - INFO  [/10.10.34.13:3888:QuorumCnxManager$Listener@493] - Received connection request /10.10.34.13:45253
2015-07-29 19:26:32,001 - WARN  [SendWorker:188978561024:QuorumCnxManager$SendWorker@688] - Send worker leaving thread
2015-07-29 19:26:32,002 - WARN  [RecvWorker:188978561024:QuorumCnxManager$RecvWorker@765] - Interrupting SendWorker
2015-07-29 19:26:32,002 - WARN  [SendWorker:188978561024:QuorumCnxManager$SendWorker@679] - Interrupted while waiting for message on queue
2015-07-29 19:26:32,002 - WARN  [RecvWorker:188978561024:QuorumCnxManager$RecvWorker@762] - Connection broken for id 188978561024, my id = 3, error = 
2015-07-29 19:26:32,002 - INFO  [/10.10.34.13:3888:QuorumCnxManager$Listener@493] - Received connection request /10.10.34.13:45255
2015-07-29 19:26:32,002 - WARN  [SendWorker:188978561024:QuorumCnxManager$SendWorker@688] - Send worker leaving thread
2015-07-29 19:26:32,003 - WARN  [RecvWorker:188978561024:QuorumCnxManager$RecvWorker@765] - Interrupting SendWorker
2015-07-29 19:26:32,003 - WARN  [SendWorker:188978561024:QuorumCnxManager$SendWorker@679] - Interrupted while waiting for message on queue
2015-07-29 19:26:32,003 - WARN  [RecvWorker:188978561024:QuorumCnxManager$RecvWorker@762] - Connection broken for id 188978561024, my id = 3, error = 
2015-07-29 19:26:32,004 - WARN  [RecvWorker:188978561024:QuorumCnxManager$RecvWorker@765] - Interrupting SendWorker
2015-07-29 19:26:32,003 - WARN  [SendWorker:188978561024:QuorumCnxManager$SendWorker@688] - Send worker leaving thread
2015-07-29 19:26:32,004 - WARN  [SendWorker:188978561024:QuorumCnxManager$SendWorker@679] - Interrupted while waiting for message on queue
2015-07-29 19:26:32,004 - WARN  [SendWorker:188978561024:QuorumCnxManager$SendWorker@688] - Send worker leaving thread
2015-07-29 19:26:33,110 - INFO  [/10.10.34.13:3888:QuorumCnxManager$Listener@493] - Received connection request /10.10.34.11:47587
2015-07-29 19:26:33,111 - WARN  [RecvWorker:188978561024:QuorumCnxManager$RecvWorker@762] - Connection broken for id 188978561024, my id = 3, error = 
2015-07-29 19:26:33,111 - WARN  [RecvWorker:188978561024:QuorumCnxManager$RecvWorker@765] - Interrupting SendWorker
2015-07-29 19:26:33,111 - WARN  [SendWorker:188978561024:QuorumCnxManager$SendWorker@679] - Interrupted while waiting for message on queue
2015-07-29 19:26:33,111 - WARN  [SendWorker:188978561024:QuorumCnxManager$SendWorker@688] - Send worker leaving thread
2015-07-29 19:26:35,131 - INFO  [/10.10.34.13:3888:QuorumCnxManager$Listener@493] - Received connection request /10.10.34.11:47590
2015-07-29 19:26:35,131 - WARN  [RecvWorker:188978561024:QuorumCnxManager$RecvWorker@762] - Connection broken for id 188978561024, my id = 3, error = 
2015-07-29 19:26:35,132 - WARN  [RecvWorker:188978561024:QuorumCnxManager$RecvWorker@765] - Interrupting SendWorker
2015-07-29 19:26:35,131 - INFO  [/10.10.34.13:3888:QuorumCnxManager$Listener@493] - Received connection request /10.10.34.11:47591
2015-07-29 19:26:35,132 - WARN  [SendWorker:188978561024:QuorumCnxManager$SendWorker@679] - Interrupted while waiting for message on queue
2015-07-29 19:26:35,132 - WARN  [SendWorker:188978561024:QuorumCnxManager$SendWorker@688] - Send worker leaving thread
2015-07-29 19:26:35,132 - WARN  [RecvWorker:188978561024:QuorumCnxManager$RecvWorker@762] - Connection broken for id 188978561024, my id = 3, error = 
2015-07-29 19:26:35,133 - WARN  [RecvWorker:188978561024:QuorumCnxManager$RecvWorker@765] - Interrupting SendWorker
2015-07-29 19:26:35,133 - INFO  [/10.10.34.13:3888:QuorumCnxManager$Listener@493] - Received connection request /10.10.34.11:47593
2015-07-29 19:26:35,133 - WARN  [SendWorker:188978561024:QuorumCnxManager$SendWorker@679] - Interrupted while waiting for message on queue
2015-07-29 19:26:35,133 - WARN  [SendWorker:188978561024:QuorumCnxManager$SendWorker@688] - Send worker leaving thread
2015-07-29 19:26:35,134 - WARN  [RecvWorker:188978561024:QuorumCnxManager$RecvWorker@762] - Connection broken for id 188978561024, my id = 3, error = 
2015-07-29 19:26:35,134 - WARN  [RecvWorker:188978561024:QuorumCnxManager$RecvWorker@765] - Interrupting SendWorker
2015-07-29 19:26:35,134 - WARN  [SendWorker:188978561024:QuorumCnxManager$SendWorker@679] - Interrupted while waiting for message on queue
2015-07-29 19:26:35,134 - WARN  [SendWorker:188978561024:QuorumCnxManager$SendWorker@688] - Send worker leaving thread
2015-07-29 19:26:35,136 - INFO  [/10.10.34.13:3888:QuorumCnxManager$Listener@493] - Received connection request /10.10.34.11:47598
2015-07-29 19:26:35,137 - WARN  [RecvWorker:188978561024:QuorumCnxManager$RecvWorker@762] - Connection broken for id 188978561024, my id = 3, error = 
2015-07-29 19:26:35,137 - WARN  [RecvWorker:188978561024:QuorumCnxManager$RecvWorker@765] - Interrupting SendWorker
2015-07-29 19:26:35,137 - WARN  [SendWorker:188978561024:QuorumCnxManager$SendWorker@679] - Interrupted while waiting for message on queue
2015-07-29 19:26:35,137 - WARN  [SendWorker:188978561024:QuorumCnxManager$SendWorker@688] - Send worker leaving thread
2015-07-29 19:26:35,231 - INFO  [/10.10.34.13:3888:QuorumCnxManager$Listener@493] - Received connection request /10.10.34.12:47985
2015-07-29 19:26:35,232 - WARN  [RecvWorker:188978561024:QuorumCnxManager$RecvWorker@762] - Connection broken for id 188978561024, my id = 3, error = 
2015-07-29 19:26:35,232 - WARN  [RecvWorker:188978561024:QuorumCnxManager$RecvWorker@765] - Interrupting SendWorker
2015-07-29 19:26:35,232 - WARN  [SendWorker:188978561024:QuorumCnxManager$SendWorker@679] - Interrupted while waiting for message on queue
2015-07-29 19:26:35,232 - INFO  [/10.10.34.13:3888:QuorumCnxManager$Listener@493] - Received connection request /10.10.34.12:47988
2015-07-29 19:26:35,232 - WARN  [SendWorker:188978561024:QuorumCnxManager$SendWorker@688] - Send worker leaving thread
2015-07-29 19:26:35,233 - WARN  [RecvWorker:188978561024:QuorumCnxManager$RecvWorker@762] - Connection broken for id 188978561024, my id = 3, error = 
2015-07-29 19:26:35,233 - WARN  [RecvWorker:188978561024:QuorumCnxManager$RecvWorker@765] - Interrupting SendWorker
2015-07-29 19:26:35,233 - INFO  [/10.10.34.13:3888:QuorumCnxManager$Listener@493] - Received connection request /10.10.34.12:47992
2015-07-29 19:26:35,233 - WARN  [SendWorker:188978561024:QuorumCnxManager$SendWorker@679] - Interrupted while waiting for message on queue
2015-07-29 19:26:35,234 - WARN  [SendWorker:188978561024:QuorumCnxManager$SendWorker@688] - Send worker leaving thread
2015-07-29 19:26:35,234 - WARN  [RecvWorker:188978561024:QuorumCnxManager$RecvWorker@762] - Connection broken for id 188978561024, my id = 3, error = 
2015-07-29 19:26:35,234 - WARN  [RecvWorker:188978561024:QuorumCnxManager$RecvWorker@765] - Interrupting SendWorker
2015-07-29 19:26:35,234 - WARN  [SendWorker:188978561024:QuorumCnxManager$SendWorker@679] - Interrupted while waiting for message on queue
2015-07-29 19:26:35,234 - INFO  [/10.10.34.13:3888:QuorumCnxManager$Listener@493] - Received connection request /10.10.34.12:47995
2015-07-29 19:26:35,234 - WARN  [SendWorker:188978561024:QuorumCnxManager$SendWorker@688] - Send worker leaving thread
2015-07-29 19:26:35,235 - WARN  [RecvWorker:188978561024:QuorumCnxManager$RecvWorker@762] - Connection broken for id 188978561024, my id = 3, error = 
2015-07-29 19:26:35,235 - WARN  [RecvWorker:188978561024:QuorumCnxManager$RecvWorker@765] - Interrupting SendWorker
2015-07-29 19:26:35,236 - WARN  [SendWorker:188978561024:QuorumCnxManager$SendWorker@679] - Interrupted while waiting for message on queue
2015-07-29 19:26:35,236 - WARN  [SendWorker:188978561024:QuorumCnxManager$SendWorker@688] - Send worker leaving thread
2015-07-29 19:26:35,340 - INFO  [/10.10.34.13:3888:QuorumCnxManager$Listener@493] - Received connection request /10.10.34.13:45262
2015-07-29 19:26:35,340 - INFO  [/10.10.34.13:3888:QuorumCnxManager$Listener@493] - Received connection request /10.10.34.13:45263
2015-07-29 19:26:35,340 - WARN  [RecvWorker:188978561024:QuorumCnxManager$RecvWorker@762] - Connection broken for id 188978561024, my id = 3, error = 
2015-07-29 19:26:35,341 - WARN  [RecvWorker:188978561024:QuorumCnxManager$RecvWorker@765] - Interrupting SendWorker
2015-07-29 19:26:35,341 - WARN  [SendWorker:188978561024:QuorumCnxManager$SendWorker@679] - Interrupted while waiting for message on queue
2015-07-29 19:26:35,341 - INFO  [/10.10.34.13:3888:QuorumCnxManager$Listener@493] - Received connection request /10.10.34.13:45266
2015-07-29 19:26:35,341 - WARN  [RecvWorker:188978561024:QuorumCnxManager$RecvWorker@762] - Connection broken for id 188978561024, my id = 3, error = 
2015-07-29 19:26:35,341 - WARN  [RecvWorker:188978561024:QuorumCnxManager$RecvWorker@765] - Interrupting SendWorker
2015-07-29 19:26:35,341 - WARN  [SendWorker:188978561024:QuorumCnxManager$SendWorker@688] - Send worker leaving thread
2015-07-29 19:26:35,342 - INFO  [/10.10.34.13:3888:QuorumCnxManager$Listener@493] - Received connection request /10.10.34.13:45267
2015-07-29 19:26:35,341 - WARN  [SendWorker:188978561024:QuorumCnxManager$SendWorker@679] - Interrupted while waiting for message on queue
2015-07-29 19:26:35,342 - WARN  [SendWorker:188978561024:QuorumCnxManager$SendWorker@679] - Interrupted while waiting for message on queue
2015-07-29 19:26:35,342 - WARN  [RecvWorker:188978561024:QuorumCnxManager$RecvWorker@762] - Connection broken for id 188978561024, my id = 3, error = 
2015-07-29 19:26:35,342 - WARN  [SendWorker:188978561024:QuorumCnxManager$SendWorker@688] - Send worker leaving thread
2015-07-29 19:26:35,342 - WARN  [RecvWorker:188978561024:QuorumCnxManager$RecvWorker@762] - Connection broken for id 188978561024, my id = 3, error = 
2015-07-29 19:26:35,342 - WARN  [SendWorker:188978561024:QuorumCnxManager$SendWorker@688] - Send worker leaving thread
2015-07-29 19:26:35,343 - WARN  [RecvWorker:188978561024:QuorumCnxManager$RecvWorker@765] - Interrupting SendWorker
2015-07-29 19:26:35,343 - WARN  [RecvWorker:188978561024:QuorumCnxManager$RecvWorker@765] - Interrupting SendWorker
2015-07-29 19:26:35,343 - WARN  [SendWorker:188978561024:QuorumCnxManager$SendWorker@679] - Interrupted while waiting for message on queue
2015-07-29 19:26:35,344 - WARN  [SendWorker:188978561024:QuorumCnxManager$SendWorker@688] - Send worker leaving thread
2015-07-29 19:26:36,450 - INFO  [/10.10.34.13:3888:QuorumCnxManager$Listener@493] - Received connection request /10.10.34.11:47602
2015-07-29 19:26:36,450 - WARN  [RecvWorker:188978561024:QuorumCnxManager$RecvWorker@762] - Connection broken for id 188978561024, my id = 3, error = 
2015-07-29 19:26:36,450 - WARN  [RecvWorker:188978561024:QuorumCnxManager$RecvWorker@765] - Interrupting SendWorker
2015-07-29 19:26:36,451 - WARN  [SendWorker:188978561024:QuorumCnxManager$SendWorker@679] - Interrupted while waiting for message on queue
2015-07-29 19:26:36,451 - WARN  [SendWorker:188978561024:QuorumCnxManager$SendWorker@688] - Send worker leaving thread
2015-07-29 19:26:38,470 - INFO  [/10.10.34.13:3888:QuorumCnxManager$Listener@493] - Received connection request /10.10.34.11:47605
2015-07-29 19:26:38,471 - INFO  [/10.10.34.13:3888:QuorumCnxManager$Listener@493] - Received connection request /10.10.34.11:47607
2015-07-29 19:26:38,471 - WARN  [RecvWorker:188978561024:QuorumCnxManager$RecvWorker@762] - Connection broken for id 188978561024, my id = 3, error = 
2015-07-29 19:26:38,471 - WARN  [RecvWorker:188978561024:QuorumCnxManager$RecvWorker@765] - Interrupting SendWorker
2015-07-29 19:26:38,471 - WARN  [SendWorker:188978561024:QuorumCnxManager$SendWorker@679] - Interrupted while waiting for message on queue
2015-07-29 19:26:38,472 - WARN  [SendWorker:188978561024:QuorumCnxManager$SendWorker@688] - Send worker leaving thread
2015-07-29 19:26:38,472 - WARN  [RecvWorker:188978561024:QuorumCnxManager$RecvWorker@762] - Connection broken for id 188978561024, my id = 3, error = 
2015-07-29 19:26:38,472 - WARN  [RecvWorker:188978561024:QuorumCnxManager$RecvWorker@765] - Interrupting SendWorker
2015-07-29 19:26:38,472 - INFO  [/10.10.34.13:3888:QuorumCnxManager$Listener@493] - Received connection request /10.10.34.11:47608
2015-07-29 19:26:38,472 - WARN  [SendWorker:188978561024:QuorumCnxManager$SendWorker@679] - Interrupted while waiting for message on queue
2015-07-29 19:26:38,473 - WARN  [SendWorker:188978561024:QuorumCnxManager$SendWorker@688] - Send worker leaving thread
2015-07-29 19:26:38,473 - WARN  [RecvWorker:188978561024:QuorumCnxManager$RecvWorker@762] - Connection broken for id 188978561024, my id = 3, error = 
2015-07-29 19:26:38,473 - WARN  [RecvWorker:188978561024:QuorumCnxManager$RecvWorker@765] - Interrupting SendWorker
2015-07-29 19:26:38,473 - WARN  [SendWorker:188978561024:QuorumCnxManager$SendWorker@679] - Interrupted while waiting for message on queue
2015-07-29 19:26:38,473 - WARN  [SendWorker:188978561024:QuorumCnxManager$SendWorker@688] - Send worker leaving thread
2015-07-29 19:26:38,476 - INFO  [/10.10.34.13:3888:QuorumCnxManager$Listener@493] - Received connection request /10.10.34.11:47613
2015-07-29 19:26:38,476 - WARN  [RecvWorker:188978561024:QuorumCnxManager$RecvWorker@762] - Connection broken for id 188978561024, my id = 3, error = 
2015-07-29 19:26:38,476 - WARN  [RecvWorker:188978561024:QuorumCnxManager$RecvWorker@765] - Interrupting SendWorker
2015-07-29 19:26:38,477 - WARN  [SendWorker:188978561024:QuorumCnxManager$SendWorker@679] - Interrupted while waiting for message on queue
2015-07-29 19:26:38,477 - WARN  [SendWorker:188978561024:QuorumCnxManager$SendWorker@688] - Send worker leaving thread
2015-07-29 19:26:38,571 - INFO  [/10.10.34.13:3888:QuorumCnxManager$Listener@493] - Received connection request /10.10.34.12:47999
2015-07-29 19:26:38,572 - WARN  [RecvWorker:188978561024:QuorumCnxManager$RecvWorker@762] - Connection broken for id 188978561024, my id = 3, error = 
2015-07-29 19:26:38,572 - WARN  [RecvWorker:188978561024:QuorumCnxManager$RecvWorker@765] - Interrupting SendWorker
2015-07-29 19:26:38,572 - INFO  [/10.10.34.13:3888:QuorumCnxManager$Listener@493] - Received connection request /10.10.34.12:48001
2015-07-29 19:26:38,572 - WARN  [SendWorker:188978561024:QuorumCnxManager$SendWorker@679] - Interrupted while waiting for message on queue
2015-07-29 19:26:38,573 - WARN  [SendWorker:188978561024:QuorumCnxManager$SendWorker@688] - Send worker leaving thread
2015-07-29 19:26:38,573 - INFO  [/10.10.34.13:3888:QuorumCnxManager$Listener@493] - Received connection request /10.10.34.12:48002
2015-07-29 19:26:38,573 - WARN  [RecvWorker:188978561024:QuorumCnxManager$RecvWorker@762] - Connection broken for id 188978561024, my id = 3, error = 
2015-07-29 19:26:38,573 - WARN  [RecvWorker:188978561024:QuorumCnxManager$RecvWorker@765] - Interrupting SendWorker
2015-07-29 19:26:38,573 - WARN  [SendWorker:188978561024:QuorumCnxManager$SendWorker@679] - Interrupted while waiting for message on queue
2015-07-29 19:26:38,574 - WARN  [RecvWorker:188978561024:QuorumCnxManager$RecvWorker@762] - Connection broken for id 188978561024, my id = 3, error = 
2015-07-29 19:26:38,574 - WARN  [RecvWorker:188978561024:QuorumCnxManager$RecvWorker@765] - Interrupting SendWorker
2015-07-29 19:26:38,574 - INFO  [/10.10.34.13:3888:QuorumCnxManager$Listener@493] - Received connection request /10.10.34.12:48006
2015-07-29 19:26:38,574 - WARN  [SendWorker:188978561024:QuorumCnxManager$SendWorker@679] - Interrupted while waiting for message on queue
2015-07-29 19:26:38,574 - WARN  [SendWorker:188978561024:QuorumCnxManager$SendWorker@688] - Send worker leaving thread
2015-07-29 19:26:38,574 - WARN  [SendWorker:188978561024:QuorumCnxManager$SendWorker@688] - Send worker leaving thread
2015-07-29 19:26:38,575 - WARN  [RecvWorker:188978561024:QuorumCnxManager$RecvWorker@762] - Connection broken for id 188978561024, my id = 3, error = 
2015-07-29 19:26:38,575 - WARN  [RecvWorker:188978561024:QuorumCnxManager$RecvWorker@765] - Interrupting SendWorker
2015-07-29 19:26:38,575 - WARN  [SendWorker:188978561024:QuorumCnxManager$SendWorker@679] - Interrupted while waiting for message on queue
2015-07-29 19:26:38,575 - WARN  [SendWorker:188978561024:QuorumCnxManager$SendWorker@688] - Send worker leaving thread
2015-07-29 19:26:38,679 - INFO  [/10.10.34.13:3888:QuorumCnxManager$Listener@493] - Received connection request /10.10.34.13:45272
2015-07-29 19:26:38,679 - WARN  [RecvWorker:188978561024:QuorumCnxManager$RecvWorker@762] - Connection broken for id 188978561024, my id = 3, error = 
2015-07-29 19:26:38,679 - WARN  [RecvWorker:188978561024:QuorumCnxManager$RecvWorker@765] - Interrupting SendWorker
2015-07-29 19:26:38,680 - INFO  [/10.10.34.13:3888:QuorumCnxManager$Listener@493] - Received connection request /10.10.34.13:45273
2015-07-29 19:26:38,680 - WARN  [SendWorker:188978561024:QuorumCnxManager$SendWorker@679] - Interrupted while waiting for message on queue
2015-07-29 19:26:38,680 - WARN  [SendWorker:188978561024:QuorumCnxManager$SendWorker@688] - Send worker leaving thread
2015-07-29 19:26:38,680 - WARN  [RecvWorker:188978561024:QuorumCnxManager$RecvWorker@762] - Connection broken for id 188978561024, my id = 3, error = 
2015-07-29 19:26:38,680 - WARN  [RecvWorker:188978561024:QuorumCnxManager$RecvWorker@765] - Interrupting SendWorker
2015-07-29 19:26:38,681 - WARN  [SendWorker:188978561024:QuorumCnxManager$SendWorker@679] - Interrupted while waiting for message on queue
2015-07-29 19:26:38,681 - INFO  [/10.10.34.13:3888:QuorumCnxManager$Listener@493] - Received connection request /10.10.34.13:45278
2015-07-29 19:26:38,681 - WARN  [SendWorker:188978561024:QuorumCnxManager$SendWorker@688] - Send worker leaving thread
2015-07-29 19:26:38,682 - WARN  [RecvWorker:188978561024:QuorumCnxManager$RecvWorker@762] - Connection broken for id 188978561024, my id = 3, error = 
2015-07-29 19:26:38,682 - WARN  [RecvWorker:188978561024:QuorumCnxManager$RecvWorker@765] - Interrupting SendWorker
2015-07-29 19:26:38,682 - INFO  [/10.10.34.13:3888:QuorumCnxManager$Listener@493] - Received connection request /10.10.34.13:45280
2015-07-29 19:26:38,682 - WARN  [SendWorker:188978561024:QuorumCnxManager$SendWorker@679] - Interrupted while waiting for message on queue
2015-07-29 19:26:38,682 - WARN  [SendWorker:188978561024:QuorumCnxManager$SendWorker@688] - Send worker leaving thread
2015-07-29 19:26:38,683 - WARN  [RecvWorker:188978561024:QuorumCnxManager$RecvWorker@762] - Connection broken for id 188978561024, my id = 3, error = 
2015-07-29 19:26:38,683 - WARN  [RecvWorker:188978561024:QuorumCnxManager$RecvWorker@765] - Interrupting SendWorker
2015-07-29 19:26:38,683 - WARN  [SendWorker:188978561024:QuorumCnxManager$SendWorker@679] - Interrupted while waiting for message on queue
2015-07-29 19:26:38,683 - WARN  [SendWorker:188978561024:QuorumCnxManager$SendWorker@688] - Send worker leaving thread
2015-07-29 19:26:39,789 - INFO  [/10.10.34.13:3888:QuorumCnxManager$Listener@493] - Received connection request /10.10.34.11:47617
2015-07-29 19:26:39,790 - WARN  [RecvWorker:188978561024:QuorumCnxManager$RecvWorker@762] - Connection broken for id 188978561024, my id = 3, error = 
2015-07-29 19:26:39,790 - WARN  [RecvWorker:188978561024:QuorumCnxManager$RecvWorker@765] - Interrupting SendWorker
2015-07-29 19:26:39,791 - WARN  [SendWorker:188978561024:QuorumCnxManager$SendWorker@679] - Interrupted while waiting for message on queue
2015-07-29 19:26:39,791 - WARN  [SendWorker:188978561024:QuorumCnxManager$SendWorker@688] - Send worker leaving thread
2015-07-29 19:26:41,810 - INFO  [/10.10.34.13:3888:QuorumCnxManager$Listener@493] - Received connection request /10.10.34.11:47620
2015-07-29 19:26:41,810 - INFO  [/10.10.34.13:3888:QuorumCnxManager$Listener@493] - Received connection request /10.10.34.11:47622
2015-07-29 19:26:41,810 - WARN  [RecvWorker:188978561024:QuorumCnxManager$RecvWorker@762] - Connection broken for id 188978561024, my id = 3, error = 
2015-07-29 19:26:41,811 - WARN  [RecvWorker:188978561024:QuorumCnxManager$RecvWorker@765] - Interrupting SendWorker
2015-07-29 19:26:41,811 - WARN  [SendWorker:188978561024:QuorumCnxManager$SendWorker@679] - Interrupted while waiting for message on queue
2015-07-29 19:26:41,811 - WARN  [SendWorker:188978561024:QuorumCnxManager$SendWorker@688] - Send worker leaving thread
2015-07-29 19:26:41,811 - WARN  [RecvWorker:188978561024:QuorumCnxManager$RecvWorker@762] - Connection broken for id 188978561024, my id = 3, error = 
2015-07-29 19:26:41,811 - WARN  [RecvWorker:188978561024:QuorumCnxManager$RecvWorker@765] - Interrupting SendWorker
2015-07-29 19:26:41,811 - INFO  [/10.10.34.13:3888:QuorumCnxManager$Listener@493] - Received connection request /10.10.34.11:47623
2015-07-29 19:26:41,812 - WARN  [SendWorker:188978561024:QuorumCnxManager$SendWorker@679] - Interrupted while waiting for message on queue
2015-07-29 19:26:41,812 - WARN  [SendWorker:188978561024:QuorumCnxManager$SendWorker@688] - Send worker leaving thread
2015-07-29 19:26:41,812 - WARN  [RecvWorker:188978561024:QuorumCnxManager$RecvWorker@762] - Connection broken for id 188978561024, my id = 3, error = 
2015-07-29 19:26:41,812 - WARN  [RecvWorker:188978561024:QuorumCnxManager$RecvWorker@765] - Interrupting SendWorker
2015-07-29 19:26:41,813 - WARN  [SendWorker:188978561024:QuorumCnxManager$SendWorker@679] - Interrupted while waiting for message on queue
2015-07-29 19:26:41,813 - WARN  [SendWorker:188978561024:QuorumCnxManager$SendWorker@688] - Send worker leaving thread
2015-07-29 19:26:41,815 - INFO  [/10.10.34.13:3888:QuorumCnxManager$Listener@493] - Received connection request /10.10.34.11:47628
2015-07-29 19:26:41,815 - WARN  [RecvWorker:188978561024:QuorumCnxManager$RecvWorker@762] - Connection broken for id 188978561024, my id = 3, error = 
2015-07-29 19:26:41,815 - WARN  [RecvWorker:188978561024:QuorumCnxManager$RecvWorker@765] - Interrupting SendWorker
2015-07-29 19:26:41,816 - WARN  [SendWorker:188978561024:QuorumCnxManager$SendWorker@679] - Interrupted while waiting for message on queue
2015-07-29 19:26:41,816 - WARN  [SendWorker:188978561024:QuorumCnxManager$SendWorker@688] - Send worker leaving thread
2015-07-29 19:26:41,911 - INFO  [/10.10.34.13:3888:QuorumCnxManager$Listener@493] - Received connection request /10.10.34.12:48011
2015-07-29 19:26:41,911 - INFO  [/10.10.34.13:3888:QuorumCnxManager$Listener@493] - Received connection request /10.10.34.12:48013
2015-07-29 19:26:41,911 - WARN  [RecvWorker:188978561024:QuorumCnxManager$RecvWorker@762] - Connection broken for id 188978561024, my id = 3, error = 
2015-07-29 19:26:41,912 - WARN  [RecvWorker:188978561024:QuorumCnxManager$RecvWorker@765] - Interrupting SendWorker
2015-07-29 19:26:41,912 - WARN  [SendWorker:188978561024:QuorumCnxManager$SendWorker@679] - Interrupted while waiting for message on queue
2015-07-29 19:26:41,912 - WARN  [RecvWorker:188978561024:QuorumCnxManager$RecvWorker@762] - Connection broken for id 188978561024, my id = 3, error = 
2015-07-29 19:26:41,912 - INFO  [/10.10.34.13:3888:QuorumCnxManager$Listener@493] - Received connection request /10.10.34.12:48016
2015-07-29 19:26:41,912 - WARN  [SendWorker:188978561024:QuorumCnxManager$SendWorker@688] - Send worker leaving thread
2015-07-29 19:26:41,912 - WARN  [RecvWorker:188978561024:QuorumCnxManager$RecvWorker@765] - Interrupting SendWorker
2015-07-29 19:26:41,913 - WARN  [SendWorker:188978561024:QuorumCnxManager$SendWorker@679] - Interrupted while waiting for message on queue
2015-07-29 19:26:41,913 - INFO  [/10.10.34.13:3888:QuorumCnxManager$Listener@493] - Received connection request /10.10.34.12:48018
2015-07-29 19:26:41,913 - WARN  [RecvWorker:188978561024:QuorumCnxManager$RecvWorker@762] - Connection broken for id 188978561024, my id = 3, error = 
2015-07-29 19:26:41,913 - WARN  [RecvWorker:188978561024:QuorumCnxManager$RecvWorker@765] - Interrupting SendWorker
2015-07-29 19:26:41,913 - WARN  [SendWorker:188978561024:QuorumCnxManager$SendWorker@688] - Send worker leaving thread
2015-07-29 19:26:41,913 - WARN  [SendWorker:188978561024:QuorumCnxManager$SendWorker@679] - Interrupted while waiting for message on queue
2015-07-29 19:26:41,914 - WARN  [RecvWorker:188978561024:QuorumCnxManager$RecvWorker@762] - Connection broken for id 188978561024, my id = 3, error = 
2015-07-29 19:26:41,914 - WARN  [RecvWorker:188978561024:QuorumCnxManager$RecvWorker@765] - Interrupting SendWorker
2015-07-29 19:26:41,914 - WARN  [SendWorker:188978561024:QuorumCnxManager$SendWorker@688] - Send worker leaving thread
2015-07-29 19:26:41,914 - WARN  [SendWorker:188978561024:QuorumCnxManager$SendWorker@679] - Interrupted while waiting for message on queue
2015-07-29 19:26:41,914 - WARN  [SendWorker:188978561024:QuorumCnxManager$SendWorker@688] - Send worker leaving thread
2015-07-29 19:26:42,018 - INFO  [/10.10.34.13:3888:QuorumCnxManager$Listener@493] - Received connection request /10.10.34.13:45283
2015-07-29 19:26:42,018 - WARN  [RecvWorker:188978561024:QuorumCnxManager$RecvWorker@762] - Connection broken for id 188978561024, my id = 3, error = 
2015-07-29 19:26:42,019 - WARN  [RecvWorker:188978561024:QuorumCnxManager$RecvWorker@765] - Interrupting SendWorker
2015-07-29 19:26:42,019 - WARN  [SendWorker:188978561024:QuorumCnxManager$SendWorker@679] - Interrupted while waiting for message on queue
2015-07-29 19:26:42,019 - INFO  [/10.10.34.13:3888:QuorumCnxManager$Listener@493] - Received connection request /10.10.34.13:45285
2015-07-29 19:26:42,019 - WARN  [SendWorker:188978561024:QuorumCnxManager$SendWorker@688] - Send worker leaving thread
2015-07-29 19:26:42,020 - WARN  [RecvWorker:188978561024:QuorumCnxManager$RecvWorker@762] - Connection broken for id 188978561024, my id = 3, error = 
2015-07-29 19:26:42,020 - WARN  [RecvWorker:188978561024:QuorumCnxManager$RecvWorker@765] - Interrupting SendWorker
2015-07-29 19:26:42,020 - WARN  [SendWorker:188978561024:QuorumCnxManager$SendWorker@679] - Interrupted while waiting for message on queue
2015-07-29 19:26:42,020 - INFO  [/10.10.34.13:3888:QuorumCnxManager$Listener@493] - Received connection request /10.10.34.13:45290
2015-07-29 19:26:42,020 - WARN  [SendWorker:188978561024:QuorumCnxManager$SendWorker@688] - Send worker leaving thread
2015-07-29 19:26:42,021 - WARN  [RecvWorker:188978561024:QuorumCnxManager$RecvWorker@762] - Connection broken for id 188978561024, my id = 3, error = 
2015-07-29 19:26:42,021 - WARN  [RecvWorker:188978561024:QuorumCnxManager$RecvWorker@765] - Interrupting SendWorker
2015-07-29 19:26:42,022 - WARN  [SendWorker:188978561024:QuorumCnxManager$SendWorker@679] - Interrupted while waiting for message on queue
2015-07-29 19:26:42,022 - WARN  [SendWorker:188978561024:QuorumCnxManager$SendWorker@688] - Send worker leaving thread
2015-07-29 19:26:42,022 - INFO  [/10.10.34.13:3888:QuorumCnxManager$Listener@493] - Received connection request /10.10.34.13:45292
2015-07-29 19:26:42,022 - WARN  [RecvWorker:188978561024:QuorumCnxManager$RecvWorker@762] - Connection broken for id 188978561024, my id = 3, error = 
2015-07-29 19:26:42,023 - WARN  [RecvWorker:188978561024:QuorumCnxManager$RecvWorker@765] - Interrupting SendWorker
2015-07-29 19:26:42,023 - WARN  [SendWorker:188978561024:QuorumCnxManager$SendWorker@679] - Interrupted while waiting for message on queue
2015-07-29 19:26:42,023 - WARN  [SendWorker:188978561024:QuorumCnxManager$SendWorker@688] - Send worker leaving thread
2015-07-29 19:26:43,129 - INFO  [/10.10.34.13:3888:QuorumCnxManager$Listener@493] - Received connection request /10.10.34.11:47632
2015-07-29 19:26:43,130 - WARN  [RecvWorker:188978561024:QuorumCnxManager$RecvWorker@762] - Connection broken for id 188978561024, my id = 3, error = 
2015-07-29 19:26:43,130 - WARN  [RecvWorker:188978561024:QuorumCnxManager$RecvWorker@765] - Interrupting SendWorker
2015-07-29 19:26:43,130 - WARN  [SendWorker:188978561024:QuorumCnxManager$SendWorker@679] - Interrupted while waiting for message on queue
2015-07-29 19:26:43,131 - WARN  [SendWorker:188978561024:QuorumCnxManager$SendWorker@688] - Send worker leaving thread
2015-07-29 19:26:45,149 - INFO  [/10.10.34.13:3888:QuorumCnxManager$Listener@493] - Received connection request /10.10.34.11:47635
2015-07-29 19:26:45,150 - INFO  [/10.10.34.13:3888:QuorumCnxManager$Listener@493] - Received connection request /10.10.34.11:47637
2015-07-29 19:26:45,150 - WARN  [RecvWorker:188978561024:QuorumCnxManager$RecvWorker@762] - Connection broken for id 188978561024, my id = 3, error = 
2015-07-29 19:26:45,150 - WARN  [RecvWorker:188978561024:QuorumCnxManager$RecvWorker@765] - Interrupting SendWorker
2015-07-29 19:26:45,150 - WARN  [SendWorker:188978561024:QuorumCnxManager$SendWorker@679] - Interrupted while waiting for message on queue
2015-07-29 19:26:45,151 - WARN  [SendWorker:188978561024:QuorumCnxManager$SendWorker@688] - Send worker leaving thread
2015-07-29 19:26:45,151 - INFO  [/10.10.34.13:3888:QuorumCnxManager$Listener@493] - Received connection request /10.10.34.11:47638
2015-07-29 19:26:45,151 - WARN  [RecvWorker:188978561024:QuorumCnxManager$RecvWorker@762] - Connection broken for id 188978561024, my id = 3, error = 
2015-07-29 19:26:45,151 - WARN  [RecvWorker:188978561024:QuorumCnxManager$RecvWorker@765] - Interrupting SendWorker
2015-07-29 19:26:45,151 - WARN  [SendWorker:188978561024:QuorumCnxManager$SendWorker@679] - Interrupted while waiting for message on queue
2015-07-29 19:26:45,151 - WARN  [RecvWorker:188978561024:QuorumCnxManager$RecvWorker@762] - Connection broken for id 188978561024, my id = 3, error = 
2015-07-29 19:26:45,151 - WARN  [SendWorker:188978561024:QuorumCnxManager$SendWorker@688] - Send worker leaving thread
2015-07-29 19:26:45,152 - WARN  [RecvWorker:188978561024:QuorumCnxManager$RecvWorker@765] - Interrupting SendWorker
2015-07-29 19:26:45,152 - WARN  [SendWorker:188978561024:QuorumCnxManager$SendWorker@679] - Interrupted while waiting for message on queue
2015-07-29 19:26:45,152 - WARN  [SendWorker:188978561024:QuorumCnxManager$SendWorker@688] - Send worker leaving thread
2015-07-29 19:26:45,154 - INFO  [/10.10.34.13:3888:QuorumCnxManager$Listener@493] - Received connection request /10.10.34.11:47643
2015-07-29 19:26:45,154 - WARN  [RecvWorker:188978561024:QuorumCnxManager$RecvWorker@762] - Connection broken for id 188978561024, my id = 3, error = 
2015-07-29 19:26:45,155 - WARN  [RecvWorker:188978561024:QuorumCnxManager$RecvWorker@765] - Interrupting SendWorker
2015-07-29 19:26:45,155 - WARN  [SendWorker:188978561024:QuorumCnxManager$SendWorker@679] - Interrupted while waiting for message on queue
2015-07-29 19:26:45,155 - WARN  [SendWorker:188978561024:QuorumCnxManager$SendWorker@688] - Send worker leaving thread
2015-07-29 19:26:45,250 - INFO  [/10.10.34.13:3888:QuorumCnxManager$Listener@493] - Received connection request /10.10.34.12:48023
2015-07-29 19:26:45,250 - WARN  [RecvWorker:188978561024:QuorumCnxManager$RecvWorker@762] - Connection broken for id 188978561024, my id = 3, error = 
2015-07-29 19:26:45,251 - WARN  [RecvWorker:188978561024:QuorumCnxManager$RecvWorker@765] - Interrupting SendWorker
2015-07-29 19:26:45,251 - INFO  [/10.10.34.13:3888:QuorumCnxManager$Listener@493] - Received connection request /10.10.34.12:48024
2015-07-29 19:26:45,251 - WARN  [SendWorker:188978561024:QuorumCnxManager$SendWorker@679] - Interrupted while waiting for message on queue
2015-07-29 19:26:45,251 - WARN  [SendWorker:188978561024:QuorumCnxManager$SendWorker@688] - Send worker leaving thread
2015-07-29 19:26:45,251 - INFO  [/10.10.34.13:3888:QuorumCnxManager$Listener@493] - Received connection request /10.10.34.12:48027
2015-07-29 19:26:45,252 - WARN  [RecvWorker:188978561024:QuorumCnxManager$RecvWorker@762] - Connection broken for id 188978561024, my id = 3, error = 
2015-07-29 19:26:45,252 - WARN  [RecvWorker:188978561024:QuorumCnxManager$RecvWorker@765] - Interrupting SendWorker
2015-07-29 19:26:45,252 - WARN  [SendWorker:188978561024:QuorumCnxManager$SendWorker@679] - Interrupted while waiting for message on queue
2015-07-29 19:26:45,252 - WARN  [RecvWorker:188978561024:QuorumCnxManager$RecvWorker@762] - Connection broken for id 188978561024, my id = 3, error = 
2015-07-29 19:26:45,252 - WARN  [RecvWorker:188978561024:QuorumCnxManager$RecvWorker@765] - Interrupting SendWorker
2015-07-29 19:26:45,252 - INFO  [/10.10.34.13:3888:QuorumCnxManager$Listener@493] - Received connection request /10.10.34.12:48030
2015-07-29 19:26:45,253 - WARN  [SendWorker:188978561024:QuorumCnxManager$SendWorker@679] - Interrupted while waiting for message on queue
2015-07-29 19:26:45,252 - WARN  [SendWorker:188978561024:QuorumCnxManager$SendWorker@688] - Send worker leaving thread
2015-07-29 19:26:45,253 - WARN  [SendWorker:188978561024:QuorumCnxManager$SendWorker@688] - Send worker leaving thread
2015-07-29 19:26:45,253 - WARN  [RecvWorker:188978561024:QuorumCnxManager$RecvWorker@762] - Connection broken for id 188978561024, my id = 3, error = 
2015-07-29 19:26:45,253 - WARN  [RecvWorker:188978561024:QuorumCnxManager$RecvWorker@765] - Interrupting SendWorker
2015-07-29 19:26:45,254 - WARN  [SendWorker:188978561024:QuorumCnxManager$SendWorker@679] - Interrupted while waiting for message on queue
2015-07-29 19:26:45,254 - WARN  [SendWorker:188978561024:QuorumCnxManager$SendWorker@688] - Send worker leaving thread
2015-07-29 19:26:45,358 - INFO  [/10.10.34.13:3888:QuorumCnxManager$Listener@493] - Received connection request /10.10.34.13:45295
2015-07-29 19:26:45,358 - WARN  [RecvWorker:188978561024:QuorumCnxManager$RecvWorker@762] - Connection broken for id 188978561024, my id = 3, error = 
2015-07-29 19:26:45,358 - WARN  [RecvWorker:188978561024:QuorumCnxManager$RecvWorker@765] - Interrupting SendWorker
2015-07-29 19:26:45,358 - INFO  [/10.10.34.13:3888:QuorumCnxManager$Listener@493] - Received connection request /10.10.34.13:45297
2015-07-29 19:26:45,359 - WARN  [SendWorker:188978561024:QuorumCnxManager$SendWorker@679] - Interrupted while waiting for message on queue
2015-07-29 19:26:45,359 - WARN  [SendWorker:188978561024:QuorumCnxManager$SendWorker@688] - Send worker leaving thread
2015-07-29 19:26:45,359 - WARN  [RecvWorker:188978561024:QuorumCnxManager$RecvWorker@762] - Connection broken for id 188978561024, my id = 3, error = 
2015-07-29 19:26:45,359 - WARN  [RecvWorker:188978561024:QuorumCnxManager$RecvWorker@765] - Interrupting SendWorker
2015-07-29 19:26:45,360 - WARN  [SendWorker:188978561024:QuorumCnxManager$SendWorker@679] - Interrupted while waiting for message on queue
2015-07-29 19:26:45,360 - INFO  [/10.10.34.13:3888:QuorumCnxManager$Listener@493] - Received connection request /10.10.34.13:45302
2015-07-29 19:26:45,360 - WARN  [SendWorker:188978561024:QuorumCnxManager$SendWorker@688] - Send worker leaving thread
2015-07-29 19:26:45,361 - WARN  [RecvWorker:188978561024:QuorumCnxManager$RecvWorker@762] - Connection broken for id 188978561024, my id = 3, error = 
2015-07-29 19:26:45,361 - WARN  [RecvWorker:188978561024:QuorumCnxManager$RecvWorker@765] - Interrupting SendWorker
2015-07-29 19:26:45,361 - WARN  [SendWorker:188978561024:QuorumCnxManager$SendWorker@679] - Interrupted while waiting for message on queue
2015-07-29 19:26:45,361 - INFO  [/10.10.34.13:3888:QuorumCnxManager$Listener@493] - Received connection request /10.10.34.13:45304
2015-07-29 19:26:45,361 - WARN  [SendWorker:188978561024:QuorumCnxManager$SendWorker@688] - Send worker leaving thread
2015-07-29 19:26:45,362 - WARN  [RecvWorker:188978561024:QuorumCnxManager$RecvWorker@762] - Connection broken for id 188978561024, my id = 3, error = 
2015-07-29 19:26:45,362 - WARN  [RecvWorker:188978561024:QuorumCnxManager$RecvWorker@765] - Interrupting SendWorker
2015-07-29 19:26:45,362 - WARN  [SendWorker:188978561024:QuorumCnxManager$SendWorker@679] - Interrupted while waiting for message on queue
2015-07-29 19:26:45,363 - WARN  [SendWorker:188978561024:QuorumCnxManager$SendWorker@688] - Send worker leaving thread
2015-07-29 19:26:46,469 - INFO  [/10.10.34.13:3888:QuorumCnxManager$Listener@493] - Received connection request /10.10.34.11:47647
2015-07-29 19:26:46,469 - WARN  [RecvWorker:188978561024:QuorumCnxManager$RecvWorker@762] - Connection broken for id 188978561024, my id = 3, error = 
2015-07-29 19:26:46,470 - WARN  [RecvWorker:188978561024:QuorumCnxManager$RecvWorker@765] - Interrupting SendWorker
2015-07-29 19:26:46,470 - WARN  [SendWorker:188978561024:QuorumCnxManager$SendWorker@679] - Interrupted while waiting for message on queue
2015-07-29 19:26:46,470 - WARN  [SendWorker:188978561024:QuorumCnxManager$SendWorker@688] - Send worker leaving thread
2015-07-29 19:26:48,489 - INFO  [/10.10.34.13:3888:QuorumCnxManager$Listener@493] - Received connection request /10.10.34.11:47650
2015-07-29 19:26:48,489 - INFO  [/10.10.34.13:3888:QuorumCnxManager$Listener@493] - Received connection request /10.10.34.11:47652
2015-07-29 19:26:48,489 - WARN  [RecvWorker:188978561024:QuorumCnxManager$RecvWorker@762] - Connection broken for id 188978561024, my id = 3, error = 
2015-07-29 19:26:48,490 - WARN  [RecvWorker:188978561024:QuorumCnxManager$RecvWorker@765] - Interrupting SendWorker
2015-07-29 19:26:48,490 - WARN  [SendWorker:188978561024:QuorumCnxManager$SendWorker@679] - Interrupted while waiting for message on queue
2015-07-29 19:26:48,490 - WARN  [RecvWorker:188978561024:QuorumCnxManager$RecvWorker@762] - Connection broken for id 188978561024, my id = 3, error = 
2015-07-29 19:26:48,490 - WARN  [RecvWorker:188978561024:QuorumCnxManager$RecvWorker@765] - Interrupting SendWorker
2015-07-29 19:26:48,490 - WARN  [SendWorker:188978561024:QuorumCnxManager$SendWorker@688] - Send worker leaving thread
2015-07-29 19:26:48,490 - INFO  [/10.10.34.13:3888:QuorumCnxManager$Listener@493] - Received connection request /10.10.34.11:47653
2015-07-29 19:26:48,490 - WARN  [SendWorker:188978561024:QuorumCnxManager$SendWorker@679] - Interrupted while waiting for message on queue
2015-07-29 19:26:48,491 - WARN  [SendWorker:188978561024:QuorumCnxManager$SendWorker@688] - Send worker leaving thread
2015-07-29 19:26:48,491 - WARN  [RecvWorker:188978561024:QuorumCnxManager$RecvWorker@762] - Connection broken for id 188978561024, my id = 3, error = 
2015-07-29 19:26:48,491 - WARN  [RecvWorker:188978561024:QuorumCnxManager$RecvWorker@765] - Interrupting SendWorker
2015-07-29 19:26:48,492 - WARN  [SendWorker:188978561024:QuorumCnxManager$SendWorker@679] - Interrupted while waiting for message on queue
2015-07-29 19:26:48,492 - WARN  [SendWorker:188978561024:QuorumCnxManager$SendWorker@688] - Send worker leaving thread
2015-07-29 19:26:48,493 - INFO  [/10.10.34.13:3888:QuorumCnxManager$Listener@493] - Received connection request /10.10.34.11:47658
2015-07-29 19:26:48,494 - WARN  [RecvWorker:188978561024:QuorumCnxManager$RecvWorker@762] - Connection broken for id 188978561024, my id = 3, error = 
2015-07-29 19:26:48,494 - WARN  [RecvWorker:188978561024:QuorumCnxManager$RecvWorker@765] - Interrupting SendWorker
2015-07-29 19:26:48,494 - WARN  [SendWorker:188978561024:QuorumCnxManager$SendWorker@679] - Interrupted while waiting for message on queue
2015-07-29 19:26:48,495 - WARN  [SendWorker:188978561024:QuorumCnxManager$SendWorker@688] - Send worker leaving thread
2015-07-29 19:26:48,589 - INFO  [/10.10.34.13:3888:QuorumCnxManager$Listener@493] - Received connection request /10.10.34.12:48035
2015-07-29 19:26:48,590 - WARN  [RecvWorker:188978561024:QuorumCnxManager$RecvWorker@762] - Connection broken for id 188978561024, my id = 3, error = 
2015-07-29 19:26:48,590 - WARN  [RecvWorker:188978561024:QuorumCnxManager$RecvWorker@765] - Interrupting SendWorker
2015-07-29 19:26:48,590 - INFO  [/10.10.34.13:3888:QuorumCnxManager$Listener@493] - Received connection request /10.10.34.12:48036
2015-07-29 19:26:48,590 - WARN  [SendWorker:188978561024:QuorumCnxManager$SendWorker@679] - Interrupted while waiting for message on queue
2015-07-29 19:26:48,591 - WARN  [SendWorker:188978561024:QuorumCnxManager$SendWorker@688] - Send worker leaving thread
2015-07-29 19:26:48,591 - INFO  [/10.10.34.13:3888:QuorumCnxManager$Listener@493] - Received connection request /10.10.34.12:48040
2015-07-29 19:26:48,591 - WARN  [RecvWorker:188978561024:QuorumCnxManager$RecvWorker@762] - Connection broken for id 188978561024, my id = 3, error = 
2015-07-29 19:26:48,591 - WARN  [RecvWorker:188978561024:QuorumCnxManager$RecvWorker@765] - Interrupting SendWorker
2015-07-29 19:26:48,591 - WARN  [SendWorker:188978561024:QuorumCnxManager$SendWorker@679] - Interrupted while waiting for message on queue
2015-07-29 19:26:48,591 - WARN  [SendWorker:188978561024:QuorumCnxManager$SendWorker@688] - Send worker leaving thread
2015-07-29 19:26:48,591 - INFO  [/10.10.34.13:3888:QuorumCnxManager$Listener@493] - Received connection request /10.10.34.12:48042
2015-07-29 19:26:48,591 - WARN  [RecvWorker:188978561024:QuorumCnxManager$RecvWorker@762] - Connection broken for id 188978561024, my id = 3, error = 
2015-07-29 19:26:48,592 - WARN  [RecvWorker:188978561024:QuorumCnxManager$RecvWorker@765] - Interrupting SendWorker
2015-07-29 19:26:48,592 - WARN  [SendWorker:188978561024:QuorumCnxManager$SendWorker@679] - Interrupted while waiting for message on queue
2015-07-29 19:26:48,592 - WARN  [RecvWorker:188978561024:QuorumCnxManager$RecvWorker@762] - Connection broken for id 188978561024, my id = 3, error = 
2015-07-29 19:26:48,593 - WARN  [RecvWorker:188978561024:QuorumCnxManager$RecvWorker@765] - Interrupting SendWorker
2015-07-29 19:26:48,592 - WARN  [SendWorker:188978561024:QuorumCnxManager$SendWorker@688] - Send worker leaving thread
2015-07-29 19:26:48,593 - WARN  [SendWorker:188978561024:QuorumCnxManager$SendWorker@679] - Interrupted while waiting for message on queue
2015-07-29 19:26:48,593 - WARN  [SendWorker:188978561024:QuorumCnxManager$SendWorker@688] - Send worker leaving thread
2015-07-29 19:26:48,697 - INFO  [/10.10.34.13:3888:QuorumCnxManager$Listener@493] - Received connection request /10.10.34.13:45307
2015-07-29 19:26:48,697 - WARN  [RecvWorker:188978561024:QuorumCnxManager$RecvWorker@762] - Connection broken for id 188978561024, my id = 3, error = 
2015-07-29 19:26:48,698 - INFO  [/10.10.34.13:3888:QuorumCnxManager$Listener@493] - Received connection request /10.10.34.13:45309
2015-07-29 19:26:48,698 - WARN  [RecvWorker:188978561024:QuorumCnxManager$RecvWorker@765] - Interrupting SendWorker
2015-07-29 19:26:48,698 - WARN  [SendWorker:188978561024:QuorumCnxManager$SendWorker@679] - Interrupted while waiting for message on queue
2015-07-29 19:26:48,698 - WARN  [RecvWorker:188978561024:QuorumCnxManager$RecvWorker@762] - Connection broken for id 188978561024, my id = 3, error = 
2015-07-29 19:26:48,699 - WARN  [RecvWorker:188978561024:QuorumCnxManager$RecvWorker@765] - Interrupting SendWorker
2015-07-29 19:26:48,698 - WARN  [SendWorker:188978561024:QuorumCnxManager$SendWorker@688] - Send worker leaving thread
2015-07-29 19:26:48,699 - INFO  [/10.10.34.13:3888:QuorumCnxManager$Listener@493] - Received connection request /10.10.34.13:45312
2015-07-29 19:26:48,699 - WARN  [SendWorker:188978561024:QuorumCnxManager$SendWorker@679] - Interrupted while waiting for message on queue
2015-07-29 19:26:48,699 - WARN  [SendWorker:188978561024:QuorumCnxManager$SendWorker@688] - Send worker leaving thread
2015-07-29 19:26:48,699 - WARN  [RecvWorker:188978561024:QuorumCnxManager$RecvWorker@762] - Connection broken for id 188978561024, my id = 3, error = 
2015-07-29 19:26:48,700 - WARN  [RecvWorker:188978561024:QuorumCnxManager$RecvWorker@765] - Interrupting SendWorker
2015-07-29 19:26:48,700 - WARN  [SendWorker:188978561024:QuorumCnxManager$SendWorker@679] - Interrupted while waiting for message on queue
2015-07-29 19:26:48,700 - WARN  [SendWorker:188978561024:QuorumCnxManager$SendWorker@688] - Send worker leaving thread
2015-07-29 19:26:48,700 - INFO  [/10.10.34.13:3888:QuorumCnxManager$Listener@493] - Received connection request /10.10.34.13:45316
2015-07-29 19:26:48,701 - WARN  [RecvWorker:188978561024:QuorumCnxManager$RecvWorker@762] - Connection broken for id 188978561024, my id = 3, error = 
2015-07-29 19:26:48,701 - WARN  [RecvWorker:188978561024:QuorumCnxManager$RecvWorker@765] - Interrupting SendWorker
2015-07-29 19:26:48,701 - WARN  [SendWorker:188978561024:QuorumCnxManager$SendWorker@679] - Interrupted while waiting for message on queue
2015-07-29 19:26:48,702 - WARN  [SendWorker:188978561024:QuorumCnxManager$SendWorker@688] - Send worker leaving thread
2015-07-29 19:26:49,808 - INFO  [/10.10.34.13:3888:QuorumCnxManager$Listener@493] - Received connection request /10.10.34.11:47662
2015-07-29 19:26:49,809 - WARN  [RecvWorker:188978561024:QuorumCnxManager$RecvWorker@762] - Connection broken for id 188978561024, my id = 3, error = 
2015-07-29 19:26:49,809 - WARN  [RecvWorker:188978561024:QuorumCnxManager$RecvWorker@765] - Interrupting SendWorker
2015-07-29 19:26:49,809 - WARN  [SendWorker:188978561024:QuorumCnxManager$SendWorker@679] - Interrupted while waiting for message on queue
2015-07-29 19:26:49,810 - WARN  [SendWorker:188978561024:QuorumCnxManager$SendWorker@688] - Send worker leaving thread
2015-07-29 19:26:51,828 - INFO  [/10.10.34.13:3888:QuorumCnxManager$Listener@493] - Received connection request /10.10.34.11:47665
2015-07-29 19:26:51,829 - INFO  [/10.10.34.13:3888:QuorumCnxManager$Listener@493] - Received connection request /10.10.34.11:47667
2015-07-29 19:26:51,829 - WARN  [RecvWorker:188978561024:QuorumCnxManager$RecvWorker@762] - Connection broken for id 188978561024, my id = 3, error = 
2015-07-29 19:26:51,829 - WARN  [RecvWorker:188978561024:QuorumCnxManager$RecvWorker@765] - Interrupting SendWorker
2015-07-29 19:26:51,829 - WARN  [SendWorker:188978561024:QuorumCnxManager$SendWorker@679] - Interrupted while waiting for message on queue
2015-07-29 19:26:51,829 - WARN  [RecvWorker:188978561024:QuorumCnxManager$RecvWorker@762] - Connection broken for id 188978561024, my id = 3, error = 
2015-07-29 19:26:51,830 - WARN  [RecvWorker:188978561024:QuorumCnxManager$RecvWorker@765] - Interrupting SendWorker
2015-07-29 19:26:51,829 - WARN  [SendWorker:188978561024:QuorumCnxManager$SendWorker@688] - Send worker leaving thread
2015-07-29 19:26:51,830 - WARN  [SendWorker:188978561024:QuorumCnxManager$SendWorker@679] - Interrupted while waiting for message on queue
2015-07-29 19:26:51,830 - INFO  [/10.10.34.13:3888:QuorumCnxManager$Listener@493] - Received connection request /10.10.34.11:47668
2015-07-29 19:26:51,830 - WARN  [SendWorker:188978561024:QuorumCnxManager$SendWorker@688] - Send worker leaving thread
2015-07-29 19:26:51,831 - WARN  [RecvWorker:188978561024:QuorumCnxManager$RecvWorker@762] - Connection broken for id 188978561024, my id = 3, error = 
2015-07-29 19:26:51,831 - WARN  [RecvWorker:188978561024:QuorumCnxManager$RecvWorker@765] - Interrupting SendWorker
2015-07-29 19:26:51,831 - WARN  [SendWorker:188978561024:QuorumCnxManager$SendWorker@679] - Interrupted while waiting for message on queue
2015-07-29 19:26:51,831 - WARN  [SendWorker:188978561024:QuorumCnxManager$SendWorker@688] - Send worker leaving thread
2015-07-29 19:26:51,833 - INFO  [/10.10.34.13:3888:QuorumCnxManager$Listener@493] - Received connection request /10.10.34.11:47673
2015-07-29 19:26:51,833 - WARN  [RecvWorker:188978561024:QuorumCnxManager$RecvWorker@762] - Connection broken for id 188978561024, my id = 3, error = 
2015-07-29 19:26:51,833 - WARN  [RecvWorker:188978561024:QuorumCnxManager$RecvWorker@765] - Interrupting SendWorker
2015-07-29 19:26:51,834 - WARN  [SendWorker:188978561024:QuorumCnxManager$SendWorker@679] - Interrupted while waiting for message on queue
2015-07-29 19:26:51,834 - WARN  [SendWorker:188978561024:QuorumCnxManager$SendWorker@688] - Send worker leaving thread
2015-07-29 19:26:51,929 - INFO  [/10.10.34.13:3888:QuorumCnxManager$Listener@493] - Received connection request /10.10.34.12:48047
2015-07-29 19:26:51,929 - WARN  [RecvWorker:188978561024:QuorumCnxManager$RecvWorker@762] - Connection broken for id 188978561024, my id = 3, error = 
2015-07-29 19:26:51,929 - WARN  [RecvWorker:188978561024:QuorumCnxManager$RecvWorker@765] - Interrupting SendWorker
2015-07-29 19:26:51,929 - INFO  [/10.10.34.13:3888:QuorumCnxManager$Listener@493] - Received connection request /10.10.34.12:48048
2015-07-29 19:26:51,930 - WARN  [SendWorker:188978561024:QuorumCnxManager$SendWorker@679] - Interrupted while waiting for message on queue
2015-07-29 19:26:51,930 - WARN  [SendWorker:188978561024:QuorumCnxManager$SendWorker@688] - Send worker leaving thread
2015-07-29 19:26:51,930 - INFO  [/10.10.34.13:3888:QuorumCnxManager$Listener@493] - Received connection request /10.10.34.12:48050
2015-07-29 19:26:51,930 - WARN  [RecvWorker:188978561024:QuorumCnxManager$RecvWorker@762] - Connection broken for id 188978561024, my id = 3, error = 
2015-07-29 19:26:51,930 - WARN  [RecvWorker:188978561024:QuorumCnxManager$RecvWorker@765] - Interrupting SendWorker
2015-07-29 19:26:51,931 - WARN  [SendWorker:188978561024:QuorumCnxManager$SendWorker@679] - Interrupted while waiting for message on queue
2015-07-29 19:26:51,931 - WARN  [RecvWorker:188978561024:QuorumCnxManager$RecvWorker@762] - Connection broken for id 188978561024, my id = 3, error = 
2015-07-29 19:26:51,931 - WARN  [RecvWorker:188978561024:QuorumCnxManager$RecvWorker@765] - Interrupting SendWorker
2015-07-29 19:26:51,931 - INFO  [/10.10.34.13:3888:QuorumCnxManager$Listener@493] - Received connection request /10.10.34.12:48054
2015-07-29 19:26:51,931 - WARN  [SendWorker:188978561024:QuorumCnxManager$SendWorker@688] - Send worker leaving thread
2015-07-29 19:26:51,931 - WARN  [SendWorker:188978561024:QuorumCnxManager$SendWorker@679] - Interrupted while waiting for message on queue
2015-07-29 19:26:51,932 - WARN  [SendWorker:188978561024:QuorumCnxManager$SendWorker@688] - Send worker leaving thread
2015-07-29 19:26:51,932 - WARN  [RecvWorker:188978561024:QuorumCnxManager$RecvWorker@762] - Connection broken for id 188978561024, my id = 3, error = 
2015-07-29 19:26:51,932 - WARN  [RecvWorker:188978561024:QuorumCnxManager$RecvWorker@765] - Interrupting SendWorker
2015-07-29 19:26:51,932 - WARN  [SendWorker:188978561024:QuorumCnxManager$SendWorker@679] - Interrupted while waiting for message on queue
2015-07-29 19:26:51,933 - WARN  [SendWorker:188978561024:QuorumCnxManager$SendWorker@688] - Send worker leaving thread
2015-07-29 19:26:52,036 - INFO  [/10.10.34.13:3888:QuorumCnxManager$Listener@493] - Received connection request /10.10.34.13:45319
2015-07-29 19:26:52,037 - WARN  [RecvWorker:188978561024:QuorumCnxManager$RecvWorker@762] - Connection broken for id 188978561024, my id = 3, error = 
2015-07-29 19:26:52,037 - INFO  [/10.10.34.13:3888:QuorumCnxManager$Listener@493] - Received connection request /10.10.34.13:45321
2015-07-29 19:26:52,037 - WARN  [RecvWorker:188978561024:QuorumCnxManager$RecvWorker@765] - Interrupting SendWorker
2015-07-29 19:26:52,037 - WARN  [SendWorker:188978561024:QuorumCnxManager$SendWorker@679] - Interrupted while waiting for message on queue
2015-07-29 19:26:52,038 - WARN  [SendWorker:188978561024:QuorumCnxManager$SendWorker@688] - Send worker leaving thread
2015-07-29 19:26:52,038 - WARN  [RecvWorker:188978561024:QuorumCnxManager$RecvWorker@762] - Connection broken for id 188978561024, my id = 3, error = 
2015-07-29 19:26:52,038 - WARN  [RecvWorker:188978561024:QuorumCnxManager$RecvWorker@765] - Interrupting SendWorker
2015-07-29 19:26:52,038 - INFO  [/10.10.34.13:3888:QuorumCnxManager$Listener@493] - Received connection request /10.10.34.13:45325
2015-07-29 19:26:52,038 - WARN  [SendWorker:188978561024:QuorumCnxManager$SendWorker@679] - Interrupted while waiting for message on queue
2015-07-29 19:26:52,039 - WARN  [SendWorker:188978561024:QuorumCnxManager$SendWorker@688] - Send worker leaving thread
2015-07-29 19:26:52,039 - WARN  [RecvWorker:188978561024:QuorumCnxManager$RecvWorker@762] - Connection broken for id 188978561024, my id = 3, error = 
2015-07-29 19:26:52,039 - WARN  [RecvWorker:188978561024:QuorumCnxManager$RecvWorker@765] - Interrupting SendWorker
2015-07-29 19:26:52,039 - WARN  [SendWorker:188978561024:QuorumCnxManager$SendWorker@679] - Interrupted while waiting for message on queue
2015-07-29 19:26:52,040 - WARN  [SendWorker:188978561024:QuorumCnxManager$SendWorker@688] - Send worker leaving thread
2015-07-29 19:26:52,040 - INFO  [/10.10.34.13:3888:QuorumCnxManager$Listener@493] - Received connection request /10.10.34.13:45328
2015-07-29 19:26:52,041 - WARN  [RecvWorker:188978561024:QuorumCnxManager$RecvWorker@762] - Connection broken for id 188978561024, my id = 3, error = 
2015-07-29 19:26:52,041 - WARN  [RecvWorker:188978561024:QuorumCnxManager$RecvWorker@765] - Interrupting SendWorker
2015-07-29 19:26:52,041 - WARN  [SendWorker:188978561024:QuorumCnxManager$SendWorker@679] - Interrupted while waiting for message on queue
2015-07-29 19:26:52,041 - WARN  [SendWorker:188978561024:QuorumCnxManager$SendWorker@688] - Send worker leaving thread
2015-07-29 19:26:53,148 - INFO  [/10.10.34.13:3888:QuorumCnxManager$Listener@493] - Received connection request /10.10.34.11:47677
2015-07-29 19:26:53,149 - WARN  [RecvWorker:188978561024:QuorumCnxManager$RecvWorker@762] - Connection broken for id 188978561024, my id = 3, error = 
2015-07-29 19:26:53,149 - WARN  [RecvWorker:188978561024:QuorumCnxManager$RecvWorker@765] - Interrupting SendWorker
2015-07-29 19:26:53,149 - WARN  [SendWorker:188978561024:QuorumCnxManager$SendWorker@679] - Interrupted while waiting for message on queue
2015-07-29 19:26:53,149 - WARN  [SendWorker:188978561024:QuorumCnxManager$SendWorker@688] - Send worker leaving thread
2015-07-29 19:26:55,168 - INFO  [/10.10.34.13:3888:QuorumCnxManager$Listener@493] - Received connection request /10.10.34.11:47680
2015-07-29 19:26:55,168 - INFO  [/10.10.34.13:3888:QuorumCnxManager$Listener@493] - Received connection request /10.10.34.11:47682
2015-07-29 19:26:55,168 - WARN  [RecvWorker:188978561024:QuorumCnxManager$RecvWorker@762] - Connection broken for id 188978561024, my id = 3, error = 
2015-07-29 19:26:55,169 - WARN  [RecvWorker:188978561024:QuorumCnxManager$RecvWorker@765] - Interrupting SendWorker
2015-07-29 19:26:55,169 - WARN  [SendWorker:188978561024:QuorumCnxManager$SendWorker@679] - Interrupted while waiting for message on queue
2015-07-29 19:26:55,169 - WARN  [SendWorker:188978561024:QuorumCnxManager$SendWorker@688] - Send worker leaving thread
2015-07-29 19:26:55,169 - WARN  [RecvWorker:188978561024:QuorumCnxManager$RecvWorker@762] - Connection broken for id 188978561024, my id = 3, error = 
2015-07-29 19:26:55,169 - WARN  [RecvWorker:188978561024:QuorumCnxManager$RecvWorker@765] - Interrupting SendWorker
2015-07-29 19:26:55,169 - INFO  [/10.10.34.13:3888:QuorumCnxManager$Listener@493] - Received connection request /10.10.34.11:47683
2015-07-29 19:26:55,170 - WARN  [SendWorker:188978561024:QuorumCnxManager$SendWorker@679] - Interrupted while waiting for message on queue
2015-07-29 19:26:55,170 - WARN  [SendWorker:188978561024:QuorumCnxManager$SendWorker@688] - Send worker leaving thread
2015-07-29 19:26:55,170 - WARN  [RecvWorker:188978561024:QuorumCnxManager$RecvWorker@762] - Connection broken for id 188978561024, my id = 3, error = 
2015-07-29 19:26:55,170 - WARN  [RecvWorker:188978561024:QuorumCnxManager$RecvWorker@765] - Interrupting SendWorker
2015-07-29 19:26:55,171 - WARN  [SendWorker:188978561024:QuorumCnxManager$SendWorker@679] - Interrupted while waiting for message on queue
2015-07-29 19:26:55,171 - WARN  [SendWorker:188978561024:QuorumCnxManager$SendWorker@688] - Send worker leaving thread
2015-07-29 19:26:55,172 - INFO  [/10.10.34.13:3888:QuorumCnxManager$Listener@493] - Received connection request /10.10.34.11:47688
2015-07-29 19:26:55,173 - WARN  [RecvWorker:188978561024:QuorumCnxManager$RecvWorker@762] - Connection broken for id 188978561024, my id = 3, error = 
2015-07-29 19:26:55,173 - WARN  [RecvWorker:188978561024:QuorumCnxManager$RecvWorker@765] - Interrupting SendWorker
2015-07-29 19:26:55,173 - WARN  [SendWorker:188978561024:QuorumCnxManager$SendWorker@679] - Interrupted while waiting for message on queue
2015-07-29 19:26:55,173 - WARN  [SendWorker:188978561024:QuorumCnxManager$SendWorker@688] - Send worker leaving thread
2015-07-29 19:26:55,268 - INFO  [/10.10.34.13:3888:QuorumCnxManager$Listener@493] - Received connection request /10.10.34.12:48059
2015-07-29 19:26:55,269 - WARN  [RecvWorker:188978561024:QuorumCnxManager$RecvWorker@762] - Connection broken for id 188978561024, my id = 3, error = 
2015-07-29 19:26:55,269 - WARN  [RecvWorker:188978561024:QuorumCnxManager$RecvWorker@765] - Interrupting SendWorker
2015-07-29 19:26:55,269 - INFO  [/10.10.34.13:3888:QuorumCnxManager$Listener@493] - Received connection request /10.10.34.12:48060
2015-07-29 19:26:55,269 - WARN  [SendWorker:188978561024:QuorumCnxManager$SendWorker@679] - Interrupted while waiting for message on queue
2015-07-29 19:26:55,269 - WARN  [SendWorker:188978561024:QuorumCnxManager$SendWorker@688] - Send worker leaving thread
2015-07-29 19:26:55,269 - WARN  [RecvWorker:188978561024:QuorumCnxManager$RecvWorker@762] - Connection broken for id 188978561024, my id = 3, error = 
2015-07-29 19:26:55,270 - WARN  [RecvWorker:188978561024:QuorumCnxManager$RecvWorker@765] - Interrupting SendWorker
2015-07-29 19:26:55,269 - INFO  [/10.10.34.13:3888:QuorumCnxManager$Listener@493] - Received connection request /10.10.34.12:48063
2015-07-29 19:26:55,270 - WARN  [SendWorker:188978561024:QuorumCnxManager$SendWorker@679] - Interrupted while waiting for message on queue
2015-07-29 19:26:55,270 - WARN  [SendWorker:188978561024:QuorumCnxManager$SendWorker@688] - Send worker leaving thread
2015-07-29 19:26:55,270 - INFO  [/10.10.34.13:3888:QuorumCnxManager$Listener@493] - Received connection request /10.10.34.12:48066
2015-07-29 19:26:55,270 - WARN  [RecvWorker:188978561024:QuorumCnxManager$RecvWorker@762] - Connection broken for id 188978561024, my id = 3, error = 
2015-07-29 19:26:55,271 - WARN  [RecvWorker:188978561024:QuorumCnxManager$RecvWorker@765] - Interrupting SendWorker
2015-07-29 19:26:55,271 - WARN  [SendWorker:188978561024:QuorumCnxManager$SendWorker@679] - Interrupted while waiting for message on queue
2015-07-29 19:26:55,271 - WARN  [RecvWorker:188978561024:QuorumCnxManager$RecvWorker@762] - Connection broken for id 188978561024, my id = 3, error = 
2015-07-29 19:26:55,271 - WARN  [RecvWorker:188978561024:QuorumCnxManager$RecvWorker@765] - Interrupting SendWorker
2015-07-29 19:26:55,271 - WARN  [SendWorker:188978561024:QuorumCnxManager$SendWorker@688] - Send worker leaving thread
2015-07-29 19:26:55,272 - WARN  [SendWorker:188978561024:QuorumCnxManager$SendWorker@679] - Interrupted while waiting for message on queue
2015-07-29 19:26:55,272 - WARN  [SendWorker:188978561024:QuorumCnxManager$SendWorker@688] - Send worker leaving thread
2015-07-29 19:26:55,376 - INFO  [/10.10.34.13:3888:QuorumCnxManager$Listener@493] - Received connection request /10.10.34.13:45331
2015-07-29 19:26:55,376 - WARN  [RecvWorker:188978561024:QuorumCnxManager$RecvWorker@762] - Connection broken for id 188978561024, my id = 3, error = 
2015-07-29 19:26:55,376 - WARN  [RecvWorker:188978561024:QuorumCnxManager$RecvWorker@765] - Interrupting SendWorker
2015-07-29 19:26:55,376 - INFO  [/10.10.34.13:3888:QuorumCnxManager$Listener@493] - Received connection request /10.10.34.13:45333
2015-07-29 19:26:55,377 - WARN  [SendWorker:188978561024:QuorumCnxManager$SendWorker@679] - Interrupted while waiting for message on queue
2015-07-29 19:26:55,377 - WARN  [SendWorker:188978561024:QuorumCnxManager$SendWorker@688] - Send worker leaving thread
2015-07-29 19:26:55,377 - WARN  [RecvWorker:188978561024:QuorumCnxManager$RecvWorker@762] - Connection broken for id 188978561024, my id = 3, error = 
2015-07-29 19:26:55,377 - WARN  [RecvWorker:188978561024:QuorumCnxManager$RecvWorker@765] - Interrupting SendWorker
2015-07-29 19:26:55,377 - WARN  [SendWorker:188978561024:QuorumCnxManager$SendWorker@679] - Interrupted while waiting for message on queue
2015-07-29 19:26:55,378 - INFO  [/10.10.34.13:3888:QuorumCnxManager$Listener@493] - Received connection request /10.10.34.13:45337
2015-07-29 19:26:55,378 - WARN  [SendWorker:188978561024:QuorumCnxManager$SendWorker@688] - Send worker leaving thread
2015-07-29 19:26:55,378 - WARN  [RecvWorker:188978561024:QuorumCnxManager$RecvWorker@762] - Connection broken for id 188978561024, my id = 3, error = 
2015-07-29 19:26:55,379 - WARN  [RecvWorker:188978561024:QuorumCnxManager$RecvWorker@765] - Interrupting SendWorker
2015-07-29 19:26:55,379 - WARN  [SendWorker:188978561024:QuorumCnxManager$SendWorker@679] - Interrupted while waiting for message on queue
2015-07-29 19:26:55,379 - WARN  [SendWorker:188978561024:QuorumCnxManager$SendWorker@688] - Send worker leaving thread
2015-07-29 19:26:55,379 - INFO  [/10.10.34.13:3888:QuorumCnxManager$Listener@493] - Received connection request /10.10.34.13:45340
2015-07-29 19:26:55,380 - WARN  [RecvWorker:188978561024:QuorumCnxManager$RecvWorker@762] - Connection broken for id 188978561024, my id = 3, error = 
2015-07-29 19:26:55,380 - WARN  [RecvWorker:188978561024:QuorumCnxManager$RecvWorker@765] - Interrupting SendWorker
2015-07-29 19:26:55,380 - WARN  [SendWorker:188978561024:QuorumCnxManager$SendWorker@679] - Interrupted while waiting for message on queue
2015-07-29 19:26:55,381 - WARN  [SendWorker:188978561024:QuorumCnxManager$SendWorker@688] - Send worker leaving thread
2015-07-29 19:26:56,487 - INFO  [/10.10.34.13:3888:QuorumCnxManager$Listener@493] - Received connection request /10.10.34.11:47692
2015-07-29 19:26:56,488 - WARN  [RecvWorker:188978561024:QuorumCnxManager$RecvWorker@762] - Connection broken for id 188978561024, my id = 3, error = 
2015-07-29 19:26:56,488 - WARN  [RecvWorker:188978561024:QuorumCnxManager$RecvWorker@765] - Interrupting SendWorker
2015-07-29 19:26:56,489 - WARN  [SendWorker:188978561024:QuorumCnxManager$SendWorker@679] - Interrupted while waiting for message on queue
2015-07-29 19:26:56,489 - WARN  [SendWorker:188978561024:QuorumCnxManager$SendWorker@688] - Send worker leaving thread
2015-07-29 19:26:58,507 - INFO  [/10.10.34.13:3888:QuorumCnxManager$Listener@493] - Received connection request /10.10.34.11:47695
2015-07-29 19:26:58,508 - INFO  [/10.10.34.13:3888:QuorumCnxManager$Listener@493] - Received connection request /10.10.34.11:47697
2015-07-29 19:26:58,508 - WARN  [RecvWorker:188978561024:QuorumCnxManager$RecvWorker@762] - Connection broken for id 188978561024, my id = 3, error = 
2015-07-29 19:26:58,508 - WARN  [RecvWorker:188978561024:QuorumCnxManager$RecvWorker@765] - Interrupting SendWorker
2015-07-29 19:26:58,508 - WARN  [SendWorker:188978561024:QuorumCnxManager$SendWorker@679] - Interrupted while waiting for message on queue
2015-07-29 19:26:58,508 - WARN  [SendWorker:188978561024:QuorumCnxManager$SendWorker@688] - Send worker leaving thread
2015-07-29 19:26:58,508 - WARN  [RecvWorker:188978561024:QuorumCnxManager$RecvWorker@762] - Connection broken for id 188978561024, my id = 3, error = 
2015-07-29 19:26:58,509 - WARN  [RecvWorker:188978561024:QuorumCnxManager$RecvWorker@765] - Interrupting SendWorker
2015-07-29 19:26:58,509 - INFO  [/10.10.34.13:3888:QuorumCnxManager$Listener@493] - Received connection request /10.10.34.11:47698
2015-07-29 19:26:58,509 - WARN  [SendWorker:188978561024:QuorumCnxManager$SendWorker@679] - Interrupted while waiting for message on queue
2015-07-29 19:26:58,509 - WARN  [SendWorker:188978561024:QuorumCnxManager$SendWorker@688] - Send worker leaving thread
2015-07-29 19:26:58,509 - WARN  [RecvWorker:188978561024:QuorumCnxManager$RecvWorker@762] - Connection broken for id 188978561024, my id = 3, error = 
2015-07-29 19:26:58,510 - WARN  [RecvWorker:188978561024:QuorumCnxManager$RecvWorker@765] - Interrupting SendWorker
2015-07-29 19:26:58,510 - WARN  [SendWorker:188978561024:QuorumCnxManager$SendWorker@679] - Interrupted while waiting for message on queue
2015-07-29 19:26:58,510 - WARN  [SendWorker:188978561024:QuorumCnxManager$SendWorker@688] - Send worker leaving thread
2015-07-29 19:26:58,511 - INFO  [/10.10.34.13:3888:QuorumCnxManager$Listener@493] - Received connection request /10.10.34.11:47703
2015-07-29 19:26:58,512 - WARN  [RecvWorker:188978561024:QuorumCnxManager$RecvWorker@762] - Connection broken for id 188978561024, my id = 3, error = 
2015-07-29 19:26:58,512 - WARN  [RecvWorker:188978561024:QuorumCnxManager$RecvWorker@765] - Interrupting SendWorker
2015-07-29 19:26:58,513 - WARN  [SendWorker:188978561024:QuorumCnxManager$SendWorker@679] - Interrupted while waiting for message on queue
2015-07-29 19:26:58,513 - WARN  [SendWorker:188978561024:QuorumCnxManager$SendWorker@688] - Send worker leaving thread
2015-07-29 19:26:58,607 - INFO  [/10.10.34.13:3888:QuorumCnxManager$Listener@493] - Received connection request /10.10.34.12:48071
2015-07-29 19:26:58,608 - INFO  [/10.10.34.13:3888:QuorumCnxManager$Listener@493] - Received connection request /10.10.34.12:48072
2015-07-29 19:26:58,608 - WARN  [RecvWorker:188978561024:QuorumCnxManager$RecvWorker@762] - Connection broken for id 188978561024, my id = 3, error = 
2015-07-29 19:26:58,608 - WARN  [RecvWorker:188978561024:QuorumCnxManager$RecvWorker@765] - Interrupting SendWorker
2015-07-29 19:26:58,608 - WARN  [SendWorker:188978561024:QuorumCnxManager$SendWorker@679] - Interrupted while waiting for message on queue
2015-07-29 19:26:58,608 - WARN  [RecvWorker:188978561024:QuorumCnxManager$RecvWorker@762] - Connection broken for id 188978561024, my id = 3, error = 
2015-07-29 19:26:58,609 - WARN  [RecvWorker:188978561024:QuorumCnxManager$RecvWorker@765] - Interrupting SendWorker
2015-07-29 19:26:58,609 - WARN  [SendWorker:188978561024:QuorumCnxManager$SendWorker@688] - Send worker leaving thread
2015-07-29 19:26:58,609 - INFO  [/10.10.34.13:3888:QuorumCnxManager$Listener@493] - Received connection request /10.10.34.12:48076
2015-07-29 19:26:58,609 - WARN  [SendWorker:188978561024:QuorumCnxManager$SendWorker@679] - Interrupted while waiting for message on queue
2015-07-29 19:26:58,609 - WARN  [SendWorker:188978561024:QuorumCnxManager$SendWorker@688] - Send worker leaving thread
2015-07-29 19:26:58,610 - INFO  [/10.10.34.13:3888:QuorumCnxManager$Listener@493] - Received connection request /10.10.34.12:48078
2015-07-29 19:26:58,610 - WARN  [RecvWorker:188978561024:QuorumCnxManager$RecvWorker@762] - Connection broken for id 188978561024, my id = 3, error = 
2015-07-29 19:26:58,610 - WARN  [RecvWorker:188978561024:QuorumCnxManager$RecvWorker@765] - Interrupting SendWorker
2015-07-29 19:26:58,610 - WARN  [SendWorker:188978561024:QuorumCnxManager$SendWorker@679] - Interrupted while waiting for message on queue
2015-07-29 19:26:58,610 - WARN  [RecvWorker:188978561024:QuorumCnxManager$RecvWorker@762] - Connection broken for id 188978561024, my id = 3, error = 
2015-07-29 19:26:58,611 - WARN  [RecvWorker:188978561024:QuorumCnxManager$RecvWorker@765] - Interrupting SendWorker
2015-07-29 19:26:58,611 - WARN  [SendWorker:188978561024:QuorumCnxManager$SendWorker@688] - Send worker leaving thread
2015-07-29 19:26:58,611 - WARN  [SendWorker:188978561024:QuorumCnxManager$SendWorker@679] - Interrupted while waiting for message on queue
2015-07-29 19:26:58,611 - WARN  [SendWorker:188978561024:QuorumCnxManager$SendWorker@688] - Send worker leaving thread
2015-07-29 19:26:58,715 - INFO  [/10.10.34.13:3888:QuorumCnxManager$Listener@493] - Received connection request /10.10.34.13:45343
2015-07-29 19:26:58,716 - INFO  [/10.10.34.13:3888:QuorumCnxManager$Listener@493] - Received connection request /10.10.34.13:45345
2015-07-29 19:26:58,716 - WARN  [RecvWorker:188978561024:QuorumCnxManager$RecvWorker@762] - Connection broken for id 188978561024, my id = 3, error = 
2015-07-29 19:26:58,716 - WARN  [SendWorker:188978561024:QuorumCnxManager$SendWorker@679] - Interrupted while waiting for message on queue
2015-07-29 19:26:58,716 - WARN  [RecvWorker:188978561024:QuorumCnxManager$RecvWorker@765] - Interrupting SendWorker
2015-07-29 19:26:58,716 - WARN  [RecvWorker:188978561024:QuorumCnxManager$RecvWorker@762] - Connection broken for id 188978561024, my id = 3, error = 
2015-07-29 19:26:58,717 - WARN  [RecvWorker:188978561024:QuorumCnxManager$RecvWorker@765] - Interrupting SendWorker
2015-07-29 19:26:58,716 - WARN  [SendWorker:188978561024:QuorumCnxManager$SendWorker@688] - Send worker leaving thread
2015-07-29 19:26:58,717 - WARN  [SendWorker:188978561024:QuorumCnxManager$SendWorker@679] - Interrupted while waiting for message on queue
2015-07-29 19:26:58,717 - INFO  [/10.10.34.13:3888:QuorumCnxManager$Listener@493] - Received connection request /10.10.34.13:45349
2015-07-29 19:26:58,717 - WARN  [SendWorker:188978561024:QuorumCnxManager$SendWorker@688] - Send worker leaving thread
2015-07-29 19:26:58,718 - WARN  [RecvWorker:188978561024:QuorumCnxManager$RecvWorker@762] - Connection broken for id 188978561024, my id = 3, error = 
2015-07-29 19:26:58,718 - WARN  [RecvWorker:188978561024:QuorumCnxManager$RecvWorker@765] - Interrupting SendWorker
2015-07-29 19:26:58,718 - WARN  [SendWorker:188978561024:QuorumCnxManager$SendWorker@679] - Interrupted while waiting for message on queue
2015-07-29 19:26:58,718 - WARN  [SendWorker:188978561024:QuorumCnxManager$SendWorker@688] - Send worker leaving thread
2015-07-29 19:26:58,719 - INFO  [/10.10.34.13:3888:QuorumCnxManager$Listener@493] - Received connection request /10.10.34.13:45352
2015-07-29 19:26:58,719 - WARN  [RecvWorker:188978561024:QuorumCnxManager$RecvWorker@762] - Connection broken for id 188978561024, my id = 3, error = 
2015-07-29 19:26:58,719 - WARN  [RecvWorker:188978561024:QuorumCnxManager$RecvWorker@765] - Interrupting SendWorker
2015-07-29 19:26:58,720 - WARN  [SendWorker:188978561024:QuorumCnxManager$SendWorker@679] - Interrupted while waiting for message on queue
2015-07-29 19:26:58,720 - WARN  [SendWorker:188978561024:QuorumCnxManager$SendWorker@688] - Send worker leaving thread
2015-07-29 19:26:59,827 - INFO  [/10.10.34.13:3888:QuorumCnxManager$Listener@493] - Received connection request /10.10.34.11:47707
2015-07-29 19:26:59,828 - WARN  [RecvWorker:188978561024:QuorumCnxManager$RecvWorker@762] - Connection broken for id 188978561024, my id = 3, error = 
2015-07-29 19:26:59,828 - WARN  [RecvWorker:188978561024:QuorumCnxManager$RecvWorker@765] - Interrupting SendWorker
2015-07-29 19:26:59,828 - WARN  [SendWorker:188978561024:QuorumCnxManager$SendWorker@679] - Interrupted while waiting for message on queue
2015-07-29 19:26:59,828 - WARN  [SendWorker:188978561024:QuorumCnxManager$SendWorker@688] - Send worker leaving thread
2015-07-29 19:27:01,846 - INFO  [/10.10.34.13:3888:QuorumCnxManager$Listener@493] - Received connection request /10.10.34.11:47710
2015-07-29 19:27:01,847 - INFO  [/10.10.34.13:3888:QuorumCnxManager$Listener@493] - Received connection request /10.10.34.11:47712
2015-07-29 19:27:01,847 - WARN  [RecvWorker:188978561024:QuorumCnxManager$RecvWorker@762] - Connection broken for id 188978561024, my id = 3, error = 
2015-07-29 19:27:01,847 - WARN  [RecvWorker:188978561024:QuorumCnxManager$RecvWorker@765] - Interrupting SendWorker
2015-07-29 19:27:01,847 - WARN  [SendWorker:188978561024:QuorumCnxManager$SendWorker@679] - Interrupted while waiting for message on queue
2015-07-29 19:27:01,848 - WARN  [SendWorker:188978561024:QuorumCnxManager$SendWorker@688] - Send worker leaving thread
2015-07-29 19:27:01,848 - WARN  [RecvWorker:188978561024:QuorumCnxManager$RecvWorker@762] - Connection broken for id 188978561024, my id = 3, error = 
2015-07-29 19:27:01,848 - WARN  [RecvWorker:188978561024:QuorumCnxManager$RecvWorker@765] - Interrupting SendWorker
2015-07-29 19:27:01,848 - INFO  [/10.10.34.13:3888:QuorumCnxManager$Listener@493] - Received connection request /10.10.34.11:47713
2015-07-29 19:27:01,848 - WARN  [SendWorker:188978561024:QuorumCnxManager$SendWorker@679] - Interrupted while waiting for message on queue
2015-07-29 19:27:01,849 - WARN  [SendWorker:188978561024:QuorumCnxManager$SendWorker@688] - Send worker leaving thread
2015-07-29 19:27:01,849 - WARN  [RecvWorker:188978561024:QuorumCnxManager$RecvWorker@762] - Connection broken for id 188978561024, my id = 3, error = 
2015-07-29 19:27:01,849 - WARN  [RecvWorker:188978561024:QuorumCnxManager$RecvWorker@765] - Interrupting SendWorker
2015-07-29 19:27:01,849 - WARN  [SendWorker:188978561024:QuorumCnxManager$SendWorker@679] - Interrupted while waiting for message on queue
2015-07-29 19:27:01,850 - WARN  [SendWorker:188978561024:QuorumCnxManager$SendWorker@688] - Send worker leaving thread
2015-07-29 19:27:01,851 - INFO  [/10.10.34.13:3888:QuorumCnxManager$Listener@493] - Received connection request /10.10.34.11:47718
2015-07-29 19:27:01,852 - WARN  [RecvWorker:188978561024:QuorumCnxManager$RecvWorker@762] - Connection broken for id 188978561024, my id = 3, error = 
2015-07-29 19:27:01,852 - WARN  [RecvWorker:188978561024:QuorumCnxManager$RecvWorker@765] - Interrupting SendWorker
2015-07-29 19:27:01,852 - WARN  [SendWorker:188978561024:QuorumCnxManager$SendWorker@679] - Interrupted while waiting for message on queue
2015-07-29 19:27:01,852 - WARN  [SendWorker:188978561024:QuorumCnxManager$SendWorker@688] - Send worker leaving thread
2015-07-29 19:27:01,946 - INFO  [/10.10.34.13:3888:QuorumCnxManager$Listener@493] - Received connection request /10.10.34.12:48083
2015-07-29 19:27:01,947 - WARN  [RecvWorker:188978561024:QuorumCnxManager$RecvWorker@762] - Connection broken for id 188978561024, my id = 3, error = 
2015-07-29 19:27:01,947 - WARN  [RecvWorker:188978561024:QuorumCnxManager$RecvWorker@765] - Interrupting SendWorker
2015-07-29 19:27:01,947 - INFO  [/10.10.34.13:3888:QuorumCnxManager$Listener@493] - Received connection request /10.10.34.12:48084
2015-07-29 19:27:01,947 - WARN  [SendWorker:188978561024:QuorumCnxManager$SendWorker@679] - Interrupted while waiting for message on queue
2015-07-29 19:27:01,948 - WARN  [SendWorker:188978561024:QuorumCnxManager$SendWorker@688] - Send worker leaving thread
2015-07-29 19:27:01,948 - WARN  [RecvWorker:188978561024:QuorumCnxManager$RecvWorker@762] - Connection broken for id 188978561024, my id = 3, error = 
2015-07-29 19:27:01,948 - WARN  [RecvWorker:188978561024:QuorumCnxManager$RecvWorker@765] - Interrupting SendWorker
2015-07-29 19:27:01,948 - INFO  [/10.10.34.13:3888:QuorumCnxManager$Listener@493] - Received connection request /10.10.34.12:48088
2015-07-29 19:27:01,948 - WARN  [SendWorker:188978561024:QuorumCnxManager$SendWorker@679] - Interrupted while waiting for message on queue
2015-07-29 19:27:01,949 - WARN  [SendWorker:188978561024:QuorumCnxManager$SendWorker@688] - Send worker leaving thread
2015-07-29 19:27:01,949 - WARN  [RecvWorker:188978561024:QuorumCnxManager$RecvWorker@762] - Connection broken for id 188978561024, my id = 3, error = 
2015-07-29 19:27:01,949 - WARN  [RecvWorker:188978561024:QuorumCnxManager$RecvWorker@765] - Interrupting SendWorker
2015-07-29 19:27:01,949 - INFO  [/10.10.34.13:3888:QuorumCnxManager$Listener@493] - Received connection request /10.10.34.12:48090
2015-07-29 19:27:01,949 - WARN  [SendWorker:188978561024:QuorumCnxManager$SendWorker@679] - Interrupted while waiting for message on queue
2015-07-29 19:27:01,949 - WARN  [SendWorker:188978561024:QuorumCnxManager$SendWorker@688] - Send worker leaving thread
2015-07-29 19:27:01,950 - WARN  [RecvWorker:188978561024:QuorumCnxManager$RecvWorker@762] - Connection broken for id 188978561024, my id = 3, error = 
2015-07-29 19:27:01,950 - WARN  [RecvWorker:188978561024:QuorumCnxManager$RecvWorker@765] - Interrupting SendWorker
2015-07-29 19:27:01,950 - WARN  [SendWorker:188978561024:QuorumCnxManager$SendWorker@679] - Interrupted while waiting for message on queue
2015-07-29 19:27:01,950 - WARN  [SendWorker:188978561024:QuorumCnxManager$SendWorker@688] - Send worker leaving thread
2015-07-29 19:27:02,054 - INFO  [/10.10.34.13:3888:QuorumCnxManager$Listener@493] - Received connection request /10.10.34.13:45355
2015-07-29 19:27:02,055 - INFO  [/10.10.34.13:3888:QuorumCnxManager$Listener@493] - Received connection request /10.10.34.13:45357
2015-07-29 19:27:02,055 - WARN  [RecvWorker:188978561024:QuorumCnxManager$RecvWorker@762] - Connection broken for id 188978561024, my id = 3, error = 
2015-07-29 19:27:02,055 - WARN  [RecvWorker:188978561024:QuorumCnxManager$RecvWorker@765] - Interrupting SendWorker
2015-07-29 19:27:02,055 - WARN  [SendWorker:188978561024:QuorumCnxManager$SendWorker@679] - Interrupted while waiting for message on queue
2015-07-29 19:27:02,056 - WARN  [SendWorker:188978561024:QuorumCnxManager$SendWorker@688] - Send worker leaving thread
2015-07-29 19:27:02,056 - WARN  [RecvWorker:188978561024:QuorumCnxManager$RecvWorker@762] - Connection broken for id 188978561024, my id = 3, error = 
2015-07-29 19:27:02,056 - WARN  [RecvWorker:188978561024:QuorumCnxManager$RecvWorker@765] - Interrupting SendWorker
2015-07-29 19:27:02,056 - WARN  [SendWorker:188978561024:QuorumCnxManager$SendWorker@679] - Interrupted while waiting for message on queue
2015-07-29 19:27:02,056 - INFO  [/10.10.34.13:3888:QuorumCnxManager$Listener@493] - Received connection request /10.10.34.13:45361
2015-07-29 19:27:02,056 - WARN  [SendWorker:188978561024:QuorumCnxManager$SendWorker@688] - Send worker leaving thread
2015-07-29 19:27:02,057 - WARN  [RecvWorker:188978561024:QuorumCnxManager$RecvWorker@762] - Connection broken for id 188978561024, my id = 3, error = 
2015-07-29 19:27:02,057 - WARN  [RecvWorker:188978561024:QuorumCnxManager$RecvWorker@765] - Interrupting SendWorker
2015-07-29 19:27:02,057 - WARN  [SendWorker:188978561024:QuorumCnxManager$SendWorker@679] - Interrupted while waiting for message on queue
2015-07-29 19:27:02,058 - WARN  [SendWorker:188978561024:QuorumCnxManager$SendWorker@688] - Send worker leaving thread
2015-07-29 19:27:02,058 - INFO  [/10.10.34.13:3888:QuorumCnxManager$Listener@493] - Received connection request /10.10.34.13:45364
2015-07-29 19:27:02,059 - WARN  [RecvWorker:188978561024:QuorumCnxManager$RecvWorker@762] - Connection broken for id 188978561024, my id = 3, error = 
2015-07-29 19:27:02,059 - WARN  [RecvWorker:188978561024:QuorumCnxManager$RecvWorker@765] - Interrupting SendWorker
2015-07-29 19:27:02,059 - WARN  [SendWorker:188978561024:QuorumCnxManager$SendWorker@679] - Interrupted while waiting for message on queue
2015-07-29 19:27:02,059 - WARN  [SendWorker:188978561024:QuorumCnxManager$SendWorker@688] - Send worker leaving thread
2015-07-29 19:27:03,166 - INFO  [/10.10.34.13:3888:QuorumCnxManager$Listener@493] - Received connection request /10.10.34.11:47722
2015-07-29 19:27:03,167 - WARN  [RecvWorker:188978561024:QuorumCnxManager$RecvWorker@762] - Connection broken for id 188978561024, my id = 3, error = 
2015-07-29 19:27:03,167 - WARN  [RecvWorker:188978561024:QuorumCnxManager$RecvWorker@765] - Interrupting SendWorker
2015-07-29 19:27:03,168 - WARN  [SendWorker:188978561024:QuorumCnxManager$SendWorker@679] - Interrupted while waiting for message on queue
2015-07-29 19:27:03,168 - WARN  [SendWorker:188978561024:QuorumCnxManager$SendWorker@688] - Send worker leaving thread
2015-07-29 19:27:05,186 - INFO  [/10.10.34.13:3888:QuorumCnxManager$Listener@493] - Received connection request /10.10.34.11:47725
2015-07-29 19:27:05,187 - INFO  [/10.10.34.13:3888:QuorumCnxManager$Listener@493] - Received connection request /10.10.34.11:47727
2015-07-29 19:27:05,187 - WARN  [RecvWorker:188978561024:QuorumCnxManager$RecvWorker@762] - Connection broken for id 188978561024, my id = 3, error = 
2015-07-29 19:27:05,187 - WARN  [RecvWorker:188978561024:QuorumCnxManager$RecvWorker@765] - Interrupting SendWorker
2015-07-29 19:27:05,187 - WARN  [SendWorker:188978561024:QuorumCnxManager$SendWorker@679] - Interrupted while waiting for message on queue
2015-07-29 19:27:05,187 - WARN  [RecvWorker:188978561024:QuorumCnxManager$RecvWorker@762] - Connection broken for id 188978561024, my id = 3, error = 
2015-07-29 19:27:05,188 - WARN  [RecvWorker:188978561024:QuorumCnxManager$RecvWorker@765] - Interrupting SendWorker
2015-07-29 19:27:05,187 - INFO  [/10.10.34.13:3888:QuorumCnxManager$Listener@493] - Received connection request /10.10.34.11:47728
2015-07-29 19:27:05,187 - WARN  [SendWorker:188978561024:QuorumCnxManager$SendWorker@688] - Send worker leaving thread
2015-07-29 19:27:05,188 - WARN  [SendWorker:188978561024:QuorumCnxManager$SendWorker@679] - Interrupted while waiting for message on queue
2015-07-29 19:27:05,188 - WARN  [SendWorker:188978561024:QuorumCnxManager$SendWorker@688] - Send worker leaving thread
2015-07-29 19:27:05,188 - WARN  [RecvWorker:188978561024:QuorumCnxManager$RecvWorker@762] - Connection broken for id 188978561024, my id = 3, error = 
2015-07-29 19:27:05,189 - WARN  [RecvWorker:188978561024:QuorumCnxManager$RecvWorker@765] - Interrupting SendWorker
2015-07-29 19:27:05,189 - WARN  [SendWorker:188978561024:QuorumCnxManager$SendWorker@679] - Interrupted while waiting for message on queue
2015-07-29 19:27:05,189 - WARN  [SendWorker:188978561024:QuorumCnxManager$SendWorker@688] - Send worker leaving thread
2015-07-29 19:27:05,190 - INFO  [/10.10.34.13:3888:QuorumCnxManager$Listener@493] - Received connection request /10.10.34.11:47733
2015-07-29 19:27:05,191 - WARN  [RecvWorker:188978561024:QuorumCnxManager$RecvWorker@762] - Connection broken for id 188978561024, my id = 3, error = 
2015-07-29 19:27:05,191 - WARN  [RecvWorker:188978561024:QuorumCnxManager$RecvWorker@765] - Interrupting SendWorker
2015-07-29 19:27:05,191 - WARN  [SendWorker:188978561024:QuorumCnxManager$SendWorker@679] - Interrupted while waiting for message on queue
2015-07-29 19:27:05,192 - WARN  [SendWorker:188978561024:QuorumCnxManager$SendWorker@688] - Send worker leaving thread
2015-07-29 19:27:05,286 - INFO  [/10.10.34.13:3888:QuorumCnxManager$Listener@493] - Received connection request /10.10.34.12:48095
2015-07-29 19:27:05,286 - INFO  [/10.10.34.13:3888:QuorumCnxManager$Listener@493] - Received connection request /10.10.34.12:48096
2015-07-29 19:27:05,287 - WARN  [RecvWorker:188978561024:QuorumCnxManager$RecvWorker@762] - Connection broken for id 188978561024, my id = 3, error = 
2015-07-29 19:27:05,287 - WARN  [RecvWorker:188978561024:QuorumCnxManager$RecvWorker@765] - Interrupting SendWorker
2015-07-29 19:27:05,287 - WARN  [SendWorker:188978561024:QuorumCnxManager$SendWorker@679] - Interrupted while waiting for message on queue
2015-07-29 19:27:05,287 - WARN  [SendWorker:188978561024:QuorumCnxManager$SendWorker@688] - Send worker leaving thread
2015-07-29 19:27:05,287 - WARN  [RecvWorker:188978561024:QuorumCnxManager$RecvWorker@762] - Connection broken for id 188978561024, my id = 3, error = 
2015-07-29 19:27:05,287 - INFO  [/10.10.34.13:3888:QuorumCnxManager$Listener@493] - Received connection request /10.10.34.12:48100
2015-07-29 19:27:05,287 - WARN  [RecvWorker:188978561024:QuorumCnxManager$RecvWorker@765] - Interrupting SendWorker
2015-07-29 19:27:05,288 - WARN  [SendWorker:188978561024:QuorumCnxManager$SendWorker@679] - Interrupted while waiting for message on queue
2015-07-29 19:27:05,288 - INFO  [/10.10.34.13:3888:QuorumCnxManager$Listener@493] - Received connection request /10.10.34.12:48102
2015-07-29 19:27:05,288 - WARN  [RecvWorker:188978561024:QuorumCnxManager$RecvWorker@762] - Connection broken for id 188978561024, my id = 3, error = 
2015-07-29 19:27:05,288 - WARN  [RecvWorker:188978561024:QuorumCnxManager$RecvWorker@765] - Interrupting SendWorker
2015-07-29 19:27:05,288 - WARN  [SendWorker:188978561024:QuorumCnxManager$SendWorker@688] - Send worker leaving thread
2015-07-29 19:27:05,288 - WARN  [SendWorker:188978561024:QuorumCnxManager$SendWorker@679] - Interrupted while waiting for message on queue
2015-07-29 19:27:05,289 - WARN  [RecvWorker:188978561024:QuorumCnxManager$RecvWorker@762] - Connection broken for id 188978561024, my id = 3, error = 
2015-07-29 19:27:05,289 - WARN  [RecvWorker:188978561024:QuorumCnxManager$RecvWorker@765] - Interrupting SendWorker
2015-07-29 19:27:05,289 - WARN  [SendWorker:188978561024:QuorumCnxManager$SendWorker@688] - Send worker leaving thread
2015-07-29 19:27:05,289 - WARN  [SendWorker:188978561024:QuorumCnxManager$SendWorker@679] - Interrupted while waiting for message on queue
2015-07-29 19:27:05,290 - WARN  [SendWorker:188978561024:QuorumCnxManager$SendWorker@688] - Send worker leaving thread
2015-07-29 19:27:05,394 - INFO  [/10.10.34.13:3888:QuorumCnxManager$Listener@493] - Received connection request /10.10.34.13:45367
2015-07-29 19:27:05,397 - WARN  [RecvWorker:188978561024:QuorumCnxManager$RecvWorker@762] - Connection broken for id 188978561024, my id = 3, error = 
2015-07-29 19:27:05,397 - WARN  [RecvWorker:188978561024:QuorumCnxManager$RecvWorker@765] - Interrupting SendWorker
2015-07-29 19:27:05,397 - INFO  [/10.10.34.13:3888:QuorumCnxManager$Listener@493] - Received connection request /10.10.34.13:45369
2015-07-29 19:27:05,397 - WARN  [SendWorker:188978561024:QuorumCnxManager$SendWorker@679] - Interrupted while waiting for message on queue
2015-07-29 19:27:05,398 - WARN  [SendWorker:188978561024:QuorumCnxManager$SendWorker@688] - Send worker leaving thread
2015-07-29 19:27:05,398 - INFO  [/10.10.34.13:3888:QuorumCnxManager$Listener@493] - Received connection request /10.10.34.13:45373
2015-07-29 19:27:05,398 - WARN  [RecvWorker:188978561024:QuorumCnxManager$RecvWorker@762] - Connection broken for id 188978561024, my id = 3, error = 
2015-07-29 19:27:05,398 - WARN  [RecvWorker:188978561024:QuorumCnxManager$RecvWorker@765] - Interrupting SendWorker
2015-07-29 19:27:05,398 - WARN  [SendWorker:188978561024:QuorumCnxManager$SendWorker@679] - Interrupted while waiting for message on queue
2015-07-29 19:27:05,398 - WARN  [RecvWorker:188978561024:QuorumCnxManager$RecvWorker@762] - Connection broken for id 188978561024, my id = 3, error = 
2015-07-29 19:27:05,399 - WARN  [RecvWorker:188978561024:QuorumCnxManager$RecvWorker@765] - Interrupting SendWorker
2015-07-29 19:27:05,398 - INFO  [/10.10.34.13:3888:QuorumCnxManager$Listener@493] - Received connection request /10.10.34.13:45374
2015-07-29 19:27:05,399 - WARN  [SendWorker:188978561024:QuorumCnxManager$SendWorker@679] - Interrupted while waiting for message on queue
2015-07-29 19:27:05,398 - WARN  [SendWorker:188978561024:QuorumCnxManager$SendWorker@688] - Send worker leaving thread
2015-07-29 19:27:05,399 - WARN  [SendWorker:188978561024:QuorumCnxManager$SendWorker@688] - Send worker leaving thread
2015-07-29 19:27:05,399 - WARN  [RecvWorker:188978561024:QuorumCnxManager$RecvWorker@762] - Connection broken for id 188978561024, my id = 3, error = 
2015-07-29 19:27:05,400 - WARN  [RecvWorker:188978561024:QuorumCnxManager$RecvWorker@765] - Interrupting SendWorker
2015-07-29 19:27:05,400 - WARN  [SendWorker:188978561024:QuorumCnxManager$SendWorker@679] - Interrupted while waiting for message on queue
2015-07-29 19:27:05,400 - WARN  [SendWorker:188978561024:QuorumCnxManager$SendWorker@688] - Send worker leaving thread
2015-07-29 19:27:06,506 - INFO  [/10.10.34.13:3888:QuorumCnxManager$Listener@493] - Received connection request /10.10.34.11:47737
2015-07-29 19:27:06,507 - WARN  [RecvWorker:188978561024:QuorumCnxManager$RecvWorker@762] - Connection broken for id 188978561024, my id = 3, error = 
2015-07-29 19:27:06,507 - WARN  [RecvWorker:188978561024:QuorumCnxManager$RecvWorker@765] - Interrupting SendWorker
2015-07-29 19:27:06,507 - WARN  [SendWorker:188978561024:QuorumCnxManager$SendWorker@679] - Interrupted while waiting for message on queue
2015-07-29 19:27:06,508 - WARN  [SendWorker:188978561024:QuorumCnxManager$SendWorker@688] - Send worker leaving thread
2015-07-29 19:27:08,525 - INFO  [/10.10.34.13:3888:QuorumCnxManager$Listener@493] - Received connection request /10.10.34.11:47740
2015-07-29 19:27:08,526 - INFO  [/10.10.34.13:3888:QuorumCnxManager$Listener@493] - Received connection request /10.10.34.11:47742
2015-07-29 19:27:08,526 - WARN  [RecvWorker:188978561024:QuorumCnxManager$RecvWorker@762] - Connection broken for id 188978561024, my id = 3, error = 
2015-07-29 19:27:08,526 - WARN  [SendWorker:188978561024:QuorumCnxManager$SendWorker@679] - Interrupted while waiting for message on queue
2015-07-29 19:27:08,527 - WARN  [SendWorker:188978561024:QuorumCnxManager$SendWorker@688] - Send worker leaving thread
2015-07-29 19:27:08,526 - WARN  [RecvWorker:188978561024:QuorumCnxManager$RecvWorker@765] - Interrupting SendWorker
2015-07-29 19:27:08,527 - INFO  [/10.10.34.13:3888:QuorumCnxManager$Listener@493] - Received connection request /10.10.34.11:47743
2015-07-29 19:27:08,527 - WARN  [RecvWorker:188978561024:QuorumCnxManager$RecvWorker@762] - Connection broken for id 188978561024, my id = 3, error = 
2015-07-29 19:27:08,527 - WARN  [SendWorker:188978561024:QuorumCnxManager$SendWorker@679] - Interrupted while waiting for message on queue
2015-07-29 19:27:08,527 - WARN  [RecvWorker:188978561024:QuorumCnxManager$RecvWorker@765] - Interrupting SendWorker
2015-07-29 19:27:08,528 - WARN  [RecvWorker:188978561024:QuorumCnxManager$RecvWorker@762] - Connection broken for id 188978561024, my id = 3, error = 
2015-07-29 19:27:08,528 - WARN  [RecvWorker:188978561024:QuorumCnxManager$RecvWorker@765] - Interrupting SendWorker
2015-07-29 19:27:08,528 - WARN  [SendWorker:188978561024:QuorumCnxManager$SendWorker@688] - Send worker leaving thread
2015-07-29 19:27:08,528 - WARN  [SendWorker:188978561024:QuorumCnxManager$SendWorker@679] - Interrupted while waiting for message on queue
2015-07-29 19:27:08,529 - WARN  [SendWorker:188978561024:QuorumCnxManager$SendWorker@688] - Send worker leaving thread
2015-07-29 19:27:08,530 - INFO  [/10.10.34.13:3888:QuorumCnxManager$Listener@493] - Received connection request /10.10.34.11:47748
2015-07-29 19:27:08,531 - WARN  [RecvWorker:188978561024:QuorumCnxManager$RecvWorker@762] - Connection broken for id 188978561024, my id = 3, error = 
2015-07-29 19:27:08,531 - WARN  [RecvWorker:188978561024:QuorumCnxManager$RecvWorker@765] - Interrupting SendWorker
2015-07-29 19:27:08,531 - WARN  [SendWorker:188978561024:QuorumCnxManager$SendWorker@679] - Interrupted while waiting for message on queue
2015-07-29 19:27:08,531 - WARN  [SendWorker:188978561024:QuorumCnxManager$SendWorker@688] - Send worker leaving thread
2015-07-29 19:27:08,625 - INFO  [/10.10.34.13:3888:QuorumCnxManager$Listener@493] - Received connection request /10.10.34.12:48107
2015-07-29 19:27:08,626 - WARN  [RecvWorker:188978561024:QuorumCnxManager$RecvWorker@762] - Connection broken for id 188978561024, my id = 3, error = 
2015-07-29 19:27:08,626 - WARN  [RecvWorker:188978561024:QuorumCnxManager$RecvWorker@765] - Interrupting SendWorker
2015-07-29 19:27:08,626 - INFO  [/10.10.34.13:3888:QuorumCnxManager$Listener@493] - Received connection request /10.10.34.12:48108
2015-07-29 19:27:08,626 - WARN  [SendWorker:188978561024:QuorumCnxManager$SendWorker@679] - Interrupted while waiting for message on queue
2015-07-29 19:27:08,627 - WARN  [SendWorker:188978561024:QuorumCnxManager$SendWorker@688] - Send worker leaving thread
2015-07-29 19:27:08,627 - INFO  [/10.10.34.13:3888:QuorumCnxManager$Listener@493] - Received connection request /10.10.34.12:48111
2015-07-29 19:27:08,627 - WARN  [RecvWorker:188978561024:QuorumCnxManager$RecvWorker@762] - Connection broken for id 188978561024, my id = 3, error = 
2015-07-29 19:27:08,627 - WARN  [RecvWorker:188978561024:QuorumCnxManager$RecvWorker@765] - Interrupting SendWorker
2015-07-29 19:27:08,627 - WARN  [SendWorker:188978561024:QuorumCnxManager$SendWorker@679] - Interrupted while waiting for message on queue
2015-07-29 19:27:08,627 - WARN  [SendWorker:188978561024:QuorumCnxManager$SendWorker@688] - Send worker leaving thread
2015-07-29 19:27:08,627 - WARN  [RecvWorker:188978561024:QuorumCnxManager$RecvWorker@762] - Connection broken for id 188978561024, my id = 3, error = 
2015-07-29 19:27:08,628 - WARN  [RecvWorker:188978561024:QuorumCnxManager$RecvWorker@765] - Interrupting SendWorker
2015-07-29 19:27:08,628 - INFO  [/10.10.34.13:3888:QuorumCnxManager$Listener@493] - Received connection request /10.10.34.12:48114
2015-07-29 19:27:08,628 - WARN  [SendWorker:188978561024:QuorumCnxManager$SendWorker@679] - Interrupted while waiting for message on queue
2015-07-29 19:27:08,628 - WARN  [SendWorker:188978561024:QuorumCnxManager$SendWorker@688] - Send worker leaving thread
2015-07-29 19:27:08,629 - WARN  [RecvWorker:188978561024:QuorumCnxManager$RecvWorker@762] - Connection broken for id 188978561024, my id = 3, error = 
2015-07-29 19:27:08,629 - WARN  [RecvWorker:188978561024:QuorumCnxManager$RecvWorker@765] - Interrupting SendWorker
2015-07-29 19:27:08,629 - WARN  [SendWorker:188978561024:QuorumCnxManager$SendWorker@679] - Interrupted while waiting for message on queue
2015-07-29 19:27:08,629 - WARN  [SendWorker:188978561024:QuorumCnxManager$SendWorker@688] - Send worker leaving thread
2015-07-29 19:27:08,735 - INFO  [/10.10.34.13:3888:QuorumCnxManager$Listener@493] - Received connection request /10.10.34.13:45379
2015-07-29 19:27:08,736 - INFO  [/10.10.34.13:3888:QuorumCnxManager$Listener@493] - Received connection request /10.10.34.13:45383
2015-07-29 19:27:08,736 - WARN  [RecvWorker:188978561024:QuorumCnxManager$RecvWorker@762] - Connection broken for id 188978561024, my id = 3, error = 
2015-07-29 19:27:08,736 - WARN  [RecvWorker:188978561024:QuorumCnxManager$RecvWorker@765] - Interrupting SendWorker
2015-07-29 19:27:08,736 - WARN  [SendWorker:188978561024:QuorumCnxManager$SendWorker@679] - Interrupted while waiting for message on queue
2015-07-29 19:27:08,737 - WARN  [SendWorker:188978561024:QuorumCnxManager$SendWorker@688] - Send worker leaving thread
2015-07-29 19:27:08,737 - WARN  [RecvWorker:188978561024:QuorumCnxManager$RecvWorker@762] - Connection broken for id 188978561024, my id = 3, error = 
2015-07-29 19:27:08,737 - WARN  [RecvWorker:188978561024:QuorumCnxManager$RecvWorker@765] - Interrupting SendWorker
2015-07-29 19:27:08,737 - INFO  [/10.10.34.13:3888:QuorumCnxManager$Listener@493] - Received connection request /10.10.34.13:45386
2015-07-29 19:27:08,737 - WARN  [SendWorker:188978561024:QuorumCnxManager$SendWorker@679] - Interrupted while waiting for message on queue
2015-07-29 19:27:08,738 - WARN  [SendWorker:188978561024:QuorumCnxManager$SendWorker@688] - Send worker leaving thread
2015-07-29 19:27:08,738 - INFO  [/10.10.34.13:3888:QuorumCnxManager$Listener@493] - Received connection request /10.10.34.13:45387
2015-07-29 19:27:08,738 - WARN  [RecvWorker:188978561024:QuorumCnxManager$RecvWorker@762] - Connection broken for id 188978561024, my id = 3, error = 
2015-07-29 19:27:08,738 - WARN  [RecvWorker:188978561024:QuorumCnxManager$RecvWorker@765] - Interrupting SendWorker
2015-07-29 19:27:08,738 - WARN  [SendWorker:188978561024:QuorumCnxManager$SendWorker@679] - Interrupted while waiting for message on queue
2015-07-29 19:27:08,739 - WARN  [RecvWorker:188978561024:QuorumCnxManager$RecvWorker@762] - Connection broken for id 188978561024, my id = 3, error = 
2015-07-29 19:27:08,739 - WARN  [SendWorker:188978561024:QuorumCnxManager$SendWorker@688] - Send worker leaving thread
2015-07-29 19:27:08,739 - WARN  [RecvWorker:188978561024:QuorumCnxManager$RecvWorker@765] - Interrupting SendWorker
2015-07-29 19:27:08,739 - WARN  [SendWorker:188978561024:QuorumCnxManager$SendWorker@679] - Interrupted while waiting for message on queue
2015-07-29 19:27:08,739 - WARN  [SendWorker:188978561024:QuorumCnxManager$SendWorker@688] - Send worker leaving thread
2015-07-29 19:27:09,846 - INFO  [/10.10.34.13:3888:QuorumCnxManager$Listener@493] - Received connection request /10.10.34.11:47752
2015-07-29 19:27:09,846 - WARN  [RecvWorker:188978561024:QuorumCnxManager$RecvWorker@762] - Connection broken for id 188978561024, my id = 3, error = 
2015-07-29 19:27:09,847 - WARN  [RecvWorker:188978561024:QuorumCnxManager$RecvWorker@765] - Interrupting SendWorker
2015-07-29 19:27:09,847 - WARN  [SendWorker:188978561024:QuorumCnxManager$SendWorker@679] - Interrupted while waiting for message on queue
2015-07-29 19:27:09,847 - WARN  [SendWorker:188978561024:QuorumCnxManager$SendWorker@688] - Send worker leaving thread
2015-07-29 19:27:11,865 - INFO  [/10.10.34.13:3888:QuorumCnxManager$Listener@493] - Received connection request /10.10.34.11:47755
2015-07-29 19:27:11,866 - INFO  [/10.10.34.13:3888:QuorumCnxManager$Listener@493] - Received connection request /10.10.34.11:47757
2015-07-29 19:27:11,866 - WARN  [RecvWorker:188978561024:QuorumCnxManager$RecvWorker@762] - Connection broken for id 188978561024, my id = 3, error = 
2015-07-29 19:27:11,866 - WARN  [RecvWorker:188978561024:QuorumCnxManager$RecvWorker@765] - Interrupting SendWorker
2015-07-29 19:27:11,866 - WARN  [SendWorker:188978561024:QuorumCnxManager$SendWorker@679] - Interrupted while waiting for message on queue
2015-07-29 19:27:11,866 - WARN  [RecvWorker:188978561024:QuorumCnxManager$RecvWorker@762] - Connection broken for id 188978561024, my id = 3, error = 
2015-07-29 19:27:11,866 - INFO  [/10.10.34.13:3888:QuorumCnxManager$Listener@493] - Received connection request /10.10.34.11:47758
2015-07-29 19:27:11,866 - WARN  [SendWorker:188978561024:QuorumCnxManager$SendWorker@688] - Send worker leaving thread
2015-07-29 19:27:11,866 - WARN  [RecvWorker:188978561024:QuorumCnxManager$RecvWorker@765] - Interrupting SendWorker
2015-07-29 19:27:11,867 - WARN  [SendWorker:188978561024:QuorumCnxManager$SendWorker@679] - Interrupted while waiting for message on queue
2015-07-29 19:27:11,867 - WARN  [RecvWorker:188978561024:QuorumCnxManager$RecvWorker@762] - Connection broken for id 188978561024, my id = 3, error = 
2015-07-29 19:27:11,867 - WARN  [RecvWorker:188978561024:QuorumCnxManager$RecvWorker@765] - Interrupting SendWorker
2015-07-29 19:27:11,867 - WARN  [SendWorker:188978561024:QuorumCnxManager$SendWorker@688] - Send worker leaving thread
2015-07-29 19:27:11,868 - WARN  [SendWorker:188978561024:QuorumCnxManager$SendWorker@679] - Interrupted while waiting for message on queue
2015-07-29 19:27:11,868 - WARN  [SendWorker:188978561024:QuorumCnxManager$SendWorker@688] - Send worker leaving thread
2015-07-29 19:27:11,869 - INFO  [/10.10.34.13:3888:QuorumCnxManager$Listener@493] - Received connection request /10.10.34.11:47763
2015-07-29 19:27:11,870 - WARN  [RecvWorker:188978561024:QuorumCnxManager$RecvWorker@762] - Connection broken for id 188978561024, my id = 3, error = 
2015-07-29 19:27:11,870 - WARN  [RecvWorker:188978561024:QuorumCnxManager$RecvWorker@765] - Interrupting SendWorker
2015-07-29 19:27:11,870 - WARN  [SendWorker:188978561024:QuorumCnxManager$SendWorker@679] - Interrupted while waiting for message on queue
2015-07-29 19:27:11,871 - WARN  [SendWorker:188978561024:QuorumCnxManager$SendWorker@688] - Send worker leaving thread
2015-07-29 19:27:11,965 - INFO  [/10.10.34.13:3888:QuorumCnxManager$Listener@493] - Received connection request /10.10.34.12:48119
2015-07-29 19:27:11,965 - WARN  [RecvWorker:188978561024:QuorumCnxManager$RecvWorker@762] - Connection broken for id 188978561024, my id = 3, error = 
2015-07-29 19:27:11,965 - WARN  [RecvWorker:188978561024:QuorumCnxManager$RecvWorker@765] - Interrupting SendWorker
2015-07-29 19:27:11,965 - INFO  [/10.10.34.13:3888:QuorumCnxManager$Listener@493] - Received connection request /10.10.34.12:48120
2015-07-29 19:27:11,966 - WARN  [SendWorker:188978561024:QuorumCnxManager$SendWorker@679] - Interrupted while waiting for message on queue
2015-07-29 19:27:11,966 - WARN  [SendWorker:188978561024:QuorumCnxManager$SendWorker@688] - Send worker leaving thread
2015-07-29 19:27:11,966 - INFO  [/10.10.34.13:3888:QuorumCnxManager$Listener@493] - Received connection request /10.10.34.12:48124
2015-07-29 19:27:11,966 - WARN  [RecvWorker:188978561024:QuorumCnxManager$RecvWorker@762] - Connection broken for id 188978561024, my id = 3, error = 
2015-07-29 19:27:11,966 - WARN  [RecvWorker:188978561024:QuorumCnxManager$RecvWorker@765] - Interrupting SendWorker
2015-07-29 19:27:11,966 - WARN  [SendWorker:188978561024:QuorumCnxManager$SendWorker@679] - Interrupted while waiting for message on queue
2015-07-29 19:27:11,967 - WARN  [SendWorker:188978561024:QuorumCnxManager$SendWorker@688] - Send worker leaving thread
2015-07-29 19:27:11,967 - INFO  [/10.10.34.13:3888:QuorumCnxManager$Listener@493] - Received connection request /10.10.34.12:48126
2015-07-29 19:27:11,967 - WARN  [RecvWorker:188978561024:QuorumCnxManager$RecvWorker@762] - Connection broken for id 188978561024, my id = 3, error = 
2015-07-29 19:27:11,967 - WARN  [RecvWorker:188978561024:QuorumCnxManager$RecvWorker@765] - Interrupting SendWorker
2015-07-29 19:27:11,967 - WARN  [SendWorker:188978561024:QuorumCnxManager$SendWorker@679] - Interrupted while waiting for message on queue
2015-07-29 19:27:11,968 - WARN  [RecvWorker:188978561024:QuorumCnxManager$RecvWorker@762] - Connection broken for id 188978561024, my id = 3, error = 
2015-07-29 19:27:11,968 - WARN  [SendWorker:188978561024:QuorumCnxManager$SendWorker@688] - Send worker leaving thread
2015-07-29 19:27:11,968 - WARN  [RecvWorker:188978561024:QuorumCnxManager$RecvWorker@765] - Interrupting SendWorker
2015-07-29 19:27:11,968 - WARN  [SendWorker:188978561024:QuorumCnxManager$SendWorker@679] - Interrupted while waiting for message on queue
2015-07-29 19:27:11,968 - WARN  [SendWorker:188978561024:QuorumCnxManager$SendWorker@688] - Send worker leaving thread
2015-07-29 19:27:12,075 - INFO  [/10.10.34.13:3888:QuorumCnxManager$Listener@493] - Received connection request /10.10.34.13:45392
2015-07-29 19:27:12,076 - INFO  [/10.10.34.13:3888:QuorumCnxManager$Listener@493] - Received connection request /10.10.34.13:45393
2015-07-29 19:27:12,076 - WARN  [RecvWorker:188978561024:QuorumCnxManager$RecvWorker@762] - Connection broken for id 188978561024, my id = 3, error = 
2015-07-29 19:27:12,076 - WARN  [SendWorker:188978561024:QuorumCnxManager$SendWorker@679] - Interrupted while waiting for message on queue
2015-07-29 19:27:12,077 - INFO  [/10.10.34.13:3888:QuorumCnxManager$Listener@493] - Received connection request /10.10.34.13:45398
2015-07-29 19:27:12,076 - WARN  [RecvWorker:188978561024:QuorumCnxManager$RecvWorker@765] - Interrupting SendWorker
2015-07-29 19:27:12,077 - WARN  [RecvWorker:188978561024:QuorumCnxManager$RecvWorker@762] - Connection broken for id 188978561024, my id = 3, error = 
2015-07-29 19:27:12,077 - WARN  [RecvWorker:188978561024:QuorumCnxManager$RecvWorker@765] - Interrupting SendWorker
2015-07-29 19:27:12,077 - WARN  [SendWorker:188978561024:QuorumCnxManager$SendWorker@688] - Send worker leaving thread
2015-07-29 19:27:12,077 - WARN  [RecvWorker:188978561024:QuorumCnxManager$RecvWorker@762] - Connection broken for id 188978561024, my id = 3, error = 
2015-07-29 19:27:12,077 - INFO  [/10.10.34.13:3888:QuorumCnxManager$Listener@493] - Received connection request /10.10.34.13:45399
2015-07-29 19:27:12,077 - WARN  [SendWorker:188978561024:QuorumCnxManager$SendWorker@679] - Interrupted while waiting for message on queue
2015-07-29 19:27:12,078 - WARN  [SendWorker:188978561024:QuorumCnxManager$SendWorker@679] - Interrupted while waiting for message on queue
2015-07-29 19:27:12,078 - WARN  [RecvWorker:188978561024:QuorumCnxManager$RecvWorker@765] - Interrupting SendWorker
2015-07-29 19:27:12,078 - WARN  [SendWorker:188978561024:QuorumCnxManager$SendWorker@688] - Send worker leaving thread
2015-07-29 19:27:12,078 - WARN  [RecvWorker:188978561024:QuorumCnxManager$RecvWorker@762] - Connection broken for id 188978561024, my id = 3, error = 
2015-07-29 19:27:12,079 - WARN  [RecvWorker:188978561024:QuorumCnxManager$RecvWorker@765] - Interrupting SendWorker
2015-07-29 19:27:12,078 - WARN  [SendWorker:188978561024:QuorumCnxManager$SendWorker@688] - Send worker leaving thread
2015-07-29 19:27:12,079 - WARN  [SendWorker:188978561024:QuorumCnxManager$SendWorker@679] - Interrupted while waiting for message on queue
2015-07-29 19:27:12,079 - WARN  [SendWorker:188978561024:QuorumCnxManager$SendWorker@688] - Send worker leaving thread
2015-07-29 19:27:13,185 - INFO  [/10.10.34.13:3888:QuorumCnxManager$Listener@493] - Received connection request /10.10.34.11:47767
2015-07-29 19:27:13,186 - WARN  [RecvWorker:188978561024:QuorumCnxManager$RecvWorker@762] - Connection broken for id 188978561024, my id = 3, error = 
2015-07-29 19:27:13,186 - WARN  [RecvWorker:188978561024:QuorumCnxManager$RecvWorker@765] - Interrupting SendWorker
2015-07-29 19:27:13,187 - WARN  [SendWorker:188978561024:QuorumCnxManager$SendWorker@679] - Interrupted while waiting for message on queue
2015-07-29 19:27:13,187 - WARN  [SendWorker:188978561024:QuorumCnxManager$SendWorker@688] - Send worker leaving thread
2015-07-29 19:27:15,204 - INFO  [/10.10.34.13:3888:QuorumCnxManager$Listener@493] - Received connection request /10.10.34.11:47770
2015-07-29 19:27:15,205 - INFO  [/10.10.34.13:3888:QuorumCnxManager$Listener@493] - Received connection request /10.10.34.11:47772
2015-07-29 19:27:15,205 - WARN  [RecvWorker:188978561024:QuorumCnxManager$RecvWorker@762] - Connection broken for id 188978561024, my id = 3, error = 
2015-07-29 19:27:15,205 - WARN  [RecvWorker:188978561024:QuorumCnxManager$RecvWorker@765] - Interrupting SendWorker
2015-07-29 19:27:15,205 - WARN  [SendWorker:188978561024:QuorumCnxManager$SendWorker@679] - Interrupted while waiting for message on queue
2015-07-29 19:27:15,206 - INFO  [/10.10.34.13:3888:QuorumCnxManager$Listener@493] - Received connection request /10.10.34.11:47773
2015-07-29 19:27:15,206 - WARN  [RecvWorker:188978561024:QuorumCnxManager$RecvWorker@762] - Connection broken for id 188978561024, my id = 3, error = 
2015-07-29 19:27:15,206 - WARN  [RecvWorker:188978561024:QuorumCnxManager$RecvWorker@765] - Interrupting SendWorker
2015-07-29 19:27:15,206 - WARN  [SendWorker:188978561024:QuorumCnxManager$SendWorker@688] - Send worker leaving thread
2015-07-29 19:27:15,206 - WARN  [SendWorker:188978561024:QuorumCnxManager$SendWorker@679] - Interrupted while waiting for message on queue
2015-07-29 19:27:15,206 - WARN  [RecvWorker:188978561024:QuorumCnxManager$RecvWorker@762] - Connection broken for id 188978561024, my id = 3, error = 
2015-07-29 19:27:15,207 - WARN  [RecvWorker:188978561024:QuorumCnxManager$RecvWorker@765] - Interrupting SendWorker
2015-07-29 19:27:15,207 - WARN  [SendWorker:188978561024:QuorumCnxManager$SendWorker@688] - Send worker leaving thread
2015-07-29 19:27:15,207 - WARN  [SendWorker:188978561024:QuorumCnxManager$SendWorker@679] - Interrupted while waiting for message on queue
2015-07-29 19:27:15,207 - WARN  [SendWorker:188978561024:QuorumCnxManager$SendWorker@688] - Send worker leaving thread
2015-07-29 19:27:15,209 - INFO  [/10.10.34.13:3888:QuorumCnxManager$Listener@493] - Received connection request /10.10.34.11:47778
2015-07-29 19:27:15,209 - WARN  [RecvWorker:188978561024:QuorumCnxManager$RecvWorker@762] - Connection broken for id 188978561024, my id = 3, error = 
2015-07-29 19:27:15,210 - WARN  [RecvWorker:188978561024:QuorumCnxManager$RecvWorker@765] - Interrupting SendWorker
2015-07-29 19:27:15,210 - WARN  [SendWorker:188978561024:QuorumCnxManager$SendWorker@679] - Interrupted while waiting for message on queue
2015-07-29 19:27:15,210 - WARN  [SendWorker:188978561024:QuorumCnxManager$SendWorker@688] - Send worker leaving thread
2015-07-29 19:27:15,304 - INFO  [/10.10.34.13:3888:QuorumCnxManager$Listener@493] - Received connection request /10.10.34.12:48131
2015-07-29 19:27:15,304 - WARN  [RecvWorker:188978561024:QuorumCnxManager$RecvWorker@762] - Connection broken for id 188978561024, my id = 3, error = 
2015-07-29 19:27:15,305 - WARN  [RecvWorker:188978561024:QuorumCnxManager$RecvWorker@765] - Interrupting SendWorker
2015-07-29 19:27:15,305 - INFO  [/10.10.34.13:3888:QuorumCnxManager$Listener@493] - Received connection request /10.10.34.12:48132
2015-07-29 19:27:15,305 - WARN  [SendWorker:188978561024:QuorumCnxManager$SendWorker@679] - Interrupted while waiting for message on queue
2015-07-29 19:27:15,305 - WARN  [SendWorker:188978561024:QuorumCnxManager$SendWorker@688] - Send worker leaving thread
2015-07-29 19:27:15,305 - INFO  [/10.10.34.13:3888:QuorumCnxManager$Listener@493] - Received connection request /10.10.34.12:48135
2015-07-29 19:27:15,305 - WARN  [RecvWorker:188978561024:QuorumCnxManager$RecvWorker@762] - Connection broken for id 188978561024, my id = 3, error = 
2015-07-29 19:27:15,306 - WARN  [RecvWorker:188978561024:QuorumCnxManager$RecvWorker@765] - Interrupting SendWorker
2015-07-29 19:27:15,306 - WARN  [SendWorker:188978561024:QuorumCnxManager$SendWorker@679] - Interrupted while waiting for message on queue
2015-07-29 19:27:15,306 - WARN  [RecvWorker:188978561024:QuorumCnxManager$RecvWorker@762] - Connection broken for id 188978561024, my id = 3, error = 
2015-07-29 19:27:15,306 - WARN  [RecvWorker:188978561024:QuorumCnxManager$RecvWorker@765] - Interrupting SendWorker
2015-07-29 19:27:15,306 - WARN  [SendWorker:188978561024:QuorumCnxManager$SendWorker@688] - Send worker leaving thread
2015-07-29 19:27:15,306 - INFO  [/10.10.34.13:3888:QuorumCnxManager$Listener@493] - Received connection request /10.10.34.12:48138
2015-07-29 19:27:15,306 - WARN  [SendWorker:188978561024:QuorumCnxManager$SendWorker@679] - Interrupted while waiting for message on queue
2015-07-29 19:27:15,307 - WARN  [SendWorker:188978561024:QuorumCnxManager$SendWorker@688] - Send worker leaving thread
2015-07-29 19:27:15,307 - WARN  [RecvWorker:188978561024:QuorumCnxManager$RecvWorker@762] - Connection broken for id 188978561024, my id = 3, error = 
2015-07-29 19:27:15,307 - WARN  [RecvWorker:188978561024:QuorumCnxManager$RecvWorker@765] - Interrupting SendWorker
2015-07-29 19:27:15,308 - WARN  [SendWorker:188978561024:QuorumCnxManager$SendWorker@679] - Interrupted while waiting for message on queue
2015-07-29 19:27:15,308 - WARN  [SendWorker:188978561024:QuorumCnxManager$SendWorker@688] - Send worker leaving thread
2015-07-29 19:27:15,415 - INFO  [/10.10.34.13:3888:QuorumCnxManager$Listener@493] - Received connection request /10.10.34.13:45404
2015-07-29 19:27:15,415 - INFO  [/10.10.34.13:3888:QuorumCnxManager$Listener@493] - Received connection request /10.10.34.13:45405
2015-07-29 19:27:15,415 - WARN  [RecvWorker:188978561024:QuorumCnxManager$RecvWorker@762] - Connection broken for id 188978561024, my id = 3, error = 
2015-07-29 19:27:15,416 - WARN  [SendWorker:188978561024:QuorumCnxManager$SendWorker@679] - Interrupted while waiting for message on queue
2015-07-29 19:27:15,416 - WARN  [SendWorker:188978561024:QuorumCnxManager$SendWorker@688] - Send worker leaving thread
2015-07-29 19:27:15,416 - WARN  [RecvWorker:188978561024:QuorumCnxManager$RecvWorker@765] - Interrupting SendWorker
2015-07-29 19:27:15,416 - WARN  [RecvWorker:188978561024:QuorumCnxManager$RecvWorker@762] - Connection broken for id 188978561024, my id = 3, error = 
2015-07-29 19:27:15,416 - WARN  [RecvWorker:188978561024:QuorumCnxManager$RecvWorker@765] - Interrupting SendWorker
2015-07-29 19:27:15,417 - INFO  [/10.10.34.13:3888:QuorumCnxManager$Listener@493] - Received connection request /10.10.34.13:45410
2015-07-29 19:27:15,417 - WARN  [SendWorker:188978561024:QuorumCnxManager$SendWorker@679] - Interrupted while waiting for message on queue
2015-07-29 19:27:15,417 - WARN  [SendWorker:188978561024:QuorumCnxManager$SendWorker@688] - Send worker leaving thread
2015-07-29 19:27:15,417 - WARN  [RecvWorker:188978561024:QuorumCnxManager$RecvWorker@762] - Connection broken for id 188978561024, my id = 3, error = 
2015-07-29 19:27:15,417 - WARN  [RecvWorker:188978561024:QuorumCnxManager$RecvWorker@765] - Interrupting SendWorker
2015-07-29 19:27:15,418 - WARN  [SendWorker:188978561024:QuorumCnxManager$SendWorker@679] - Interrupted while waiting for message on queue
2015-07-29 19:27:15,418 - WARN  [SendWorker:188978561024:QuorumCnxManager$SendWorker@688] - Send worker leaving thread
2015-07-29 19:27:15,418 - INFO  [/10.10.34.13:3888:QuorumCnxManager$Listener@493] - Received connection request /10.10.34.13:45412
2015-07-29 19:27:15,419 - WARN  [RecvWorker:188978561024:QuorumCnxManager$RecvWorker@762] - Connection broken for id 188978561024, my id = 3, error = 
2015-07-29 19:27:15,419 - WARN  [RecvWorker:188978561024:QuorumCnxManager$RecvWorker@765] - Interrupting SendWorker
2015-07-29 19:27:15,419 - WARN  [SendWorker:188978561024:QuorumCnxManager$SendWorker@679] - Interrupted while waiting for message on queue
2015-07-29 19:27:15,419 - WARN  [SendWorker:188978561024:QuorumCnxManager$SendWorker@688] - Send worker leaving thread
2015-07-29 19:27:16,525 - INFO  [/10.10.34.13:3888:QuorumCnxManager$Listener@493] - Received connection request /10.10.34.11:47782
2015-07-29 19:27:16,526 - WARN  [RecvWorker:188978561024:QuorumCnxManager$RecvWorker@762] - Connection broken for id 188978561024, my id = 3, error = 
2015-07-29 19:27:16,526 - WARN  [RecvWorker:188978561024:QuorumCnxManager$RecvWorker@765] - Interrupting SendWorker
2015-07-29 19:27:16,526 - WARN  [SendWorker:188978561024:QuorumCnxManager$SendWorker@679] - Interrupted while waiting for message on queue
2015-07-29 19:27:16,526 - WARN  [SendWorker:188978561024:QuorumCnxManager$SendWorker@688] - Send worker leaving thread
2015-07-29 19:27:18,544 - INFO  [/10.10.34.13:3888:QuorumCnxManager$Listener@493] - Received connection request /10.10.34.11:47785
2015-07-29 19:27:18,544 - INFO  [/10.10.34.13:3888:QuorumCnxManager$Listener@493] - Received connection request /10.10.34.11:47787
2015-07-29 19:27:18,545 - WARN  [RecvWorker:188978561024:QuorumCnxManager$RecvWorker@762] - Connection broken for id 188978561024, my id = 3, error = 
2015-07-29 19:27:18,545 - WARN  [RecvWorker:188978561024:QuorumCnxManager$RecvWorker@765] - Interrupting SendWorker
2015-07-29 19:27:18,545 - WARN  [SendWorker:188978561024:QuorumCnxManager$SendWorker@679] - Interrupted while waiting for message on queue
2015-07-29 19:27:18,545 - INFO  [/10.10.34.13:3888:QuorumCnxManager$Listener@493] - Received connection request /10.10.34.11:47788
2015-07-29 19:27:18,545 - WARN  [RecvWorker:188978561024:QuorumCnxManager$RecvWorker@762] - Connection broken for id 188978561024, my id = 3, error = 
2015-07-29 19:27:18,546 - WARN  [RecvWorker:188978561024:QuorumCnxManager$RecvWorker@765] - Interrupting SendWorker
2015-07-29 19:27:18,546 - WARN  [SendWorker:188978561024:QuorumCnxManager$SendWorker@679] - Interrupted while waiting for message on queue
2015-07-29 19:27:18,545 - WARN  [SendWorker:188978561024:QuorumCnxManager$SendWorker@688] - Send worker leaving thread
2015-07-29 19:27:18,546 - WARN  [RecvWorker:188978561024:QuorumCnxManager$RecvWorker@762] - Connection broken for id 188978561024, my id = 3, error = 
2015-07-29 19:27:18,546 - WARN  [RecvWorker:188978561024:QuorumCnxManager$RecvWorker@765] - Interrupting SendWorker
2015-07-29 19:27:18,546 - WARN  [SendWorker:188978561024:QuorumCnxManager$SendWorker@688] - Send worker leaving thread
2015-07-29 19:27:18,547 - WARN  [SendWorker:188978561024:QuorumCnxManager$SendWorker@679] - Interrupted while waiting for message on queue
2015-07-29 19:27:18,547 - WARN  [SendWorker:188978561024:QuorumCnxManager$SendWorker@688] - Send worker leaving thread
2015-07-29 19:27:18,548 - INFO  [/10.10.34.13:3888:QuorumCnxManager$Listener@493] - Received connection request /10.10.34.11:47793
2015-07-29 19:27:18,549 - WARN  [RecvWorker:188978561024:QuorumCnxManager$RecvWorker@762] - Connection broken for id 188978561024, my id = 3, error = 
2015-07-29 19:27:18,549 - WARN  [RecvWorker:188978561024:QuorumCnxManager$RecvWorker@765] - Interrupting SendWorker
2015-07-29 19:27:18,549 - WARN  [SendWorker:188978561024:QuorumCnxManager$SendWorker@679] - Interrupted while waiting for message on queue
2015-07-29 19:27:18,549 - WARN  [SendWorker:188978561024:QuorumCnxManager$SendWorker@688] - Send worker leaving thread
2015-07-29 19:27:18,643 - INFO  [/10.10.34.13:3888:QuorumCnxManager$Listener@493] - Received connection request /10.10.34.12:48143
2015-07-29 19:27:18,644 - INFO  [/10.10.34.13:3888:QuorumCnxManager$Listener@493] - Received connection request /10.10.34.12:48144
2015-07-29 19:27:18,644 - WARN  [RecvWorker:188978561024:QuorumCnxManager$RecvWorker@762] - Connection broken for id 188978561024, my id = 3, error = 
2015-07-29 19:27:18,644 - WARN  [SendWorker:188978561024:QuorumCnxManager$SendWorker@679] - Interrupted while waiting for message on queue
2015-07-29 19:27:18,644 - INFO  [/10.10.34.13:3888:QuorumCnxManager$Listener@493] - Received connection request /10.10.34.12:48147
2015-07-29 19:27:18,644 - WARN  [RecvWorker:188978561024:QuorumCnxManager$RecvWorker@765] - Interrupting SendWorker
2015-07-29 19:27:18,644 - WARN  [RecvWorker:188978561024:QuorumCnxManager$RecvWorker@762] - Connection broken for id 188978561024, my id = 3, error = 
2015-07-29 19:27:18,644 - WARN  [SendWorker:188978561024:QuorumCnxManager$SendWorker@688] - Send worker leaving thread
2015-07-29 19:27:18,645 - WARN  [RecvWorker:188978561024:QuorumCnxManager$RecvWorker@762] - Connection broken for id 188978561024, my id = 3, error = 
2015-07-29 19:27:18,645 - INFO  [/10.10.34.13:3888:QuorumCnxManager$Listener@493] - Received connection request /10.10.34.12:48150
2015-07-29 19:27:18,645 - WARN  [RecvWorker:188978561024:QuorumCnxManager$RecvWorker@765] - Interrupting SendWorker
2015-07-29 19:27:18,645 - WARN  [SendWorker:188978561024:QuorumCnxManager$SendWorker@679] - Interrupted while waiting for message on queue
2015-07-29 19:27:18,646 - WARN  [SendWorker:188978561024:QuorumCnxManager$SendWorker@679] - Interrupted while waiting for message on queue
2015-07-29 19:27:18,645 - WARN  [RecvWorker:188978561024:QuorumCnxManager$RecvWorker@765] - Interrupting SendWorker
2015-07-29 19:27:18,646 - WARN  [SendWorker:188978561024:QuorumCnxManager$SendWorker@688] - Send worker leaving thread
2015-07-29 19:27:18,646 - WARN  [RecvWorker:188978561024:QuorumCnxManager$RecvWorker@762] - Connection broken for id 188978561024, my id = 3, error = 
2015-07-29 19:27:18,647 - WARN  [RecvWorker:188978561024:QuorumCnxManager$RecvWorker@765] - Interrupting SendWorker
2015-07-29 19:27:18,646 - WARN  [SendWorker:188978561024:QuorumCnxManager$SendWorker@688] - Send worker leaving thread
2015-07-29 19:27:18,647 - WARN  [SendWorker:188978561024:QuorumCnxManager$SendWorker@679] - Interrupted while waiting for message on queue
2015-07-29 19:27:18,647 - WARN  [SendWorker:188978561024:QuorumCnxManager$SendWorker@688] - Send worker leaving thread
2015-07-29 19:27:18,754 - INFO  [/10.10.34.13:3888:QuorumCnxManager$Listener@493] - Received connection request /10.10.34.13:45415
2015-07-29 19:27:18,754 - WARN  [RecvWorker:188978561024:QuorumCnxManager$RecvWorker@762] - Connection broken for id 188978561024, my id = 3, error = 
2015-07-29 19:27:18,755 - WARN  [RecvWorker:188978561024:QuorumCnxManager$RecvWorker@765] - Interrupting SendWorker
2015-07-29 19:27:18,755 - WARN  [SendWorker:188978561024:QuorumCnxManager$SendWorker@679] - Interrupted while waiting for message on queue
2015-07-29 19:27:18,755 - INFO  [/10.10.34.13:3888:QuorumCnxManager$Listener@493] - Received connection request /10.10.34.13:45418
2015-07-29 19:27:18,755 - WARN  [SendWorker:188978561024:QuorumCnxManager$SendWorker@688] - Send worker leaving thread
2015-07-29 19:27:18,756 - WARN  [RecvWorker:188978561024:QuorumCnxManager$RecvWorker@762] - Connection broken for id 188978561024, my id = 3, error = 
2015-07-29 19:27:18,756 - WARN  [RecvWorker:188978561024:QuorumCnxManager$RecvWorker@765] - Interrupting SendWorker
2015-07-29 19:27:18,756 - INFO  [/10.10.34.13:3888:QuorumCnxManager$Listener@493] - Received connection request /10.10.34.13:45421
2015-07-29 19:27:18,756 - WARN  [SendWorker:188978561024:QuorumCnxManager$SendWorker@679] - Interrupted while waiting for message on queue
2015-07-29 19:27:18,756 - WARN  [SendWorker:188978561024:QuorumCnxManager$SendWorker@688] - Send worker leaving thread
2015-07-29 19:27:18,757 - WARN  [RecvWorker:188978561024:QuorumCnxManager$RecvWorker@762] - Connection broken for id 188978561024, my id = 3, error = 
2015-07-29 19:27:18,757 - WARN  [RecvWorker:188978561024:QuorumCnxManager$RecvWorker@765] - Interrupting SendWorker
2015-07-29 19:27:18,757 - WARN  [SendWorker:188978561024:QuorumCnxManager$SendWorker@679] - Interrupted while waiting for message on queue
2015-07-29 19:27:18,757 - WARN  [SendWorker:188978561024:QuorumCnxManager$SendWorker@688] - Send worker leaving thread
2015-07-29 19:27:18,758 - INFO  [/10.10.34.13:3888:QuorumCnxManager$Listener@493] - Received connection request /10.10.34.13:45424
2015-07-29 19:27:18,758 - WARN  [RecvWorker:188978561024:QuorumCnxManager$RecvWorker@762] - Connection broken for id 188978561024, my id = 3, error = 
2015-07-29 19:27:18,758 - WARN  [RecvWorker:188978561024:QuorumCnxManager$RecvWorker@765] - Interrupting SendWorker
2015-07-29 19:27:18,759 - WARN  [SendWorker:188978561024:QuorumCnxManager$SendWorker@679] - Interrupted while waiting for message on queue
2015-07-29 19:27:18,759 - WARN  [SendWorker:188978561024:QuorumCnxManager$SendWorker@688] - Send worker leaving thread
2015-07-29 19:27:19,865 - INFO  [/10.10.34.13:3888:QuorumCnxManager$Listener@493] - Received connection request /10.10.34.11:47797
2015-07-29 19:27:19,865 - WARN  [RecvWorker:188978561024:QuorumCnxManager$RecvWorker@762] - Connection broken for id 188978561024, my id = 3, error = 
2015-07-29 19:27:19,865 - WARN  [RecvWorker:188978561024:QuorumCnxManager$RecvWorker@765] - Interrupting SendWorker
2015-07-29 19:27:19,866 - WARN  [SendWorker:188978561024:QuorumCnxManager$SendWorker@679] - Interrupted while waiting for message on queue
2015-07-29 19:27:19,866 - WARN  [SendWorker:188978561024:QuorumCnxManager$SendWorker@688] - Send worker leaving thread
2015-07-29 19:27:21,884 - INFO  [/10.10.34.13:3888:QuorumCnxManager$Listener@493] - Received connection request /10.10.34.11:47800
2015-07-29 19:27:21,884 - WARN  [RecvWorker:188978561024:QuorumCnxManager$RecvWorker@762] - Connection broken for id 188978561024, my id = 3, error = 
2015-07-29 19:27:21,885 - WARN  [RecvWorker:188978561024:QuorumCnxManager$RecvWorker@765] - Interrupting SendWorker
2015-07-29 19:27:21,885 - WARN  [SendWorker:188978561024:QuorumCnxManager$SendWorker@679] - Interrupted while waiting for message on queue
2015-07-29 19:27:21,885 - WARN  [SendWorker:188978561024:QuorumCnxManager$SendWorker@688] - Send worker leaving thread
2015-07-29 19:27:21,892 - INFO  [/10.10.34.13:3888:QuorumCnxManager$Listener@493] - Received connection request /10.10.34.11:47804
2015-07-29 19:27:21,892 - WARN  [RecvWorker:188978561024:QuorumCnxManager$RecvWorker@762] - Connection broken for id 188978561024, my id = 3, error = 
2015-07-29 19:27:21,893 - WARN  [RecvWorker:188978561024:QuorumCnxManager$RecvWorker@765] - Interrupting SendWorker
2015-07-29 19:27:21,893 - INFO  [/10.10.34.13:3888:QuorumCnxManager$Listener@493] - Received connection request /10.10.34.11:47805
2015-07-29 19:27:21,893 - WARN  [SendWorker:188978561024:QuorumCnxManager$SendWorker@679] - Interrupted while waiting for message on queue
2015-07-29 19:27:21,893 - WARN  [SendWorker:188978561024:QuorumCnxManager$SendWorker@688] - Send worker leaving thread
2015-07-29 19:27:21,893 - WARN  [RecvWorker:188978561024:QuorumCnxManager$RecvWorker@762] - Connection broken for id 188978561024, my id = 3, error = 
2015-07-29 19:27:21,894 - WARN  [RecvWorker:188978561024:QuorumCnxManager$RecvWorker@765] - Interrupting SendWorker
2015-07-29 19:27:21,894 - WARN  [SendWorker:188978561024:QuorumCnxManager$SendWorker@679] - Interrupted while waiting for message on queue
2015-07-29 19:27:21,894 - WARN  [SendWorker:188978561024:QuorumCnxManager$SendWorker@688] - Send worker leaving thread
2015-07-29 19:27:21,895 - INFO  [/10.10.34.13:3888:QuorumCnxManager$Listener@493] - Received connection request /10.10.34.11:47808
2015-07-29 19:27:21,895 - WARN  [RecvWorker:188978561024:QuorumCnxManager$RecvWorker@762] - Connection broken for id 188978561024, my id = 3, error = 
2015-07-29 19:27:21,895 - WARN  [RecvWorker:188978561024:QuorumCnxManager$RecvWorker@765] - Interrupting SendWorker
2015-07-29 19:27:21,896 - WARN  [SendWorker:188978561024:QuorumCnxManager$SendWorker@679] - Interrupted while waiting for message on queue
2015-07-29 19:27:21,896 - WARN  [SendWorker:188978561024:QuorumCnxManager$SendWorker@688] - Send worker leaving thread
2015-07-29 19:27:21,982 - INFO  [/10.10.34.13:3888:QuorumCnxManager$Listener@493] - Received connection request /10.10.34.12:48156
2015-07-29 19:27:21,983 - INFO  [/10.10.34.13:3888:QuorumCnxManager$Listener@493] - Received connection request /10.10.34.12:48158
2015-07-29 19:27:21,983 - WARN  [RecvWorker:188978561024:QuorumCnxManager$RecvWorker@762] - Connection broken for id 188978561024, my id = 3, error = 
2015-07-29 19:27:21,983 - WARN  [RecvWorker:188978561024:QuorumCnxManager$RecvWorker@765] - Interrupting SendWorker
2015-07-29 19:27:21,983 - WARN  [SendWorker:188978561024:QuorumCnxManager$SendWorker@679] - Interrupted while waiting for message on queue
2015-07-29 19:27:21,984 - WARN  [RecvWorker:188978561024:QuorumCnxManager$RecvWorker@762] - Connection broken for id 188978561024, my id = 3, error = 
2015-07-29 19:27:21,983 - INFO  [/10.10.34.13:3888:QuorumCnxManager$Listener@493] - Received connection request /10.10.34.12:48159
2015-07-29 19:27:21,984 - WARN  [RecvWorker:188978561024:QuorumCnxManager$RecvWorker@765] - Interrupting SendWorker
2015-07-29 19:27:21,984 - WARN  [SendWorker:188978561024:QuorumCnxManager$SendWorker@688] - Send worker leaving thread
2015-07-29 19:27:21,984 - WARN  [SendWorker:188978561024:QuorumCnxManager$SendWorker@679] - Interrupted while waiting for message on queue
2015-07-29 19:27:21,984 - WARN  [RecvWorker:188978561024:QuorumCnxManager$RecvWorker@762] - Connection broken for id 188978561024, my id = 3, error = 
2015-07-29 19:27:21,984 - INFO  [/10.10.34.13:3888:QuorumCnxManager$Listener@493] - Received connection request /10.10.34.12:48160
2015-07-29 19:27:21,985 - WARN  [RecvWorker:188978561024:QuorumCnxManager$RecvWorker@765] - Interrupting SendWorker
2015-07-29 19:27:21,985 - WARN  [SendWorker:188978561024:QuorumCnxManager$SendWorker@688] - Send worker leaving thread
2015-07-29 19:27:21,985 - WARN  [SendWorker:188978561024:QuorumCnxManager$SendWorker@679] - Interrupted while waiting for message on queue
2015-07-29 19:27:21,985 - WARN  [RecvWorker:188978561024:QuorumCnxManager$RecvWorker@762] - Connection broken for id 188978561024, my id = 3, error = 
2015-07-29 19:27:21,986 - WARN  [RecvWorker:188978561024:QuorumCnxManager$RecvWorker@765] - Interrupting SendWorker
2015-07-29 19:27:21,985 - WARN  [SendWorker:188978561024:QuorumCnxManager$SendWorker@688] - Send worker leaving thread
2015-07-29 19:27:21,986 - WARN  [SendWorker:188978561024:QuorumCnxManager$SendWorker@679] - Interrupted while waiting for message on queue
2015-07-29 19:27:21,986 - WARN  [SendWorker:188978561024:QuorumCnxManager$SendWorker@688] - Send worker leaving thread
2015-07-29 19:27:22,093 - INFO  [/10.10.34.13:3888:QuorumCnxManager$Listener@493] - Received connection request /10.10.34.13:45427
2015-07-29 19:27:22,094 - WARN  [RecvWorker:188978561024:QuorumCnxManager$RecvWorker@762] - Connection broken for id 188978561024, my id = 3, error = 
2015-07-29 19:27:22,094 - WARN  [RecvWorker:188978561024:QuorumCnxManager$RecvWorker@765] - Interrupting SendWorker
2015-07-29 19:27:22,094 - INFO  [/10.10.34.13:3888:QuorumCnxManager$Listener@493] - Received connection request /10.10.34.13:45429
2015-07-29 19:27:22,094 - WARN  [SendWorker:188978561024:QuorumCnxManager$SendWorker@679] - Interrupted while waiting for message on queue
2015-07-29 19:27:22,095 - WARN  [SendWorker:188978561024:QuorumCnxManager$SendWorker@688] - Send worker leaving thread
2015-07-29 19:27:22,095 - WARN  [RecvWorker:188978561024:QuorumCnxManager$RecvWorker@762] - Connection broken for id 188978561024, my id = 3, error = 
2015-07-29 19:27:22,095 - WARN  [RecvWorker:188978561024:QuorumCnxManager$RecvWorker@765] - Interrupting SendWorker
2015-07-29 19:27:22,095 - INFO  [/10.10.34.13:3888:QuorumCnxManager$Listener@493] - Received connection request /10.10.34.13:45433
2015-07-29 19:27:22,095 - WARN  [SendWorker:188978561024:QuorumCnxManager$SendWorker@679] - Interrupted while waiting for message on queue
2015-07-29 19:27:22,096 - WARN  [SendWorker:188978561024:QuorumCnxManager$SendWorker@688] - Send worker leaving thread
2015-07-29 19:27:22,096 - WARN  [RecvWorker:188978561024:QuorumCnxManager$RecvWorker@762] - Connection broken for id 188978561024, my id = 3, error = 
2015-07-29 19:27:22,096 - WARN  [RecvWorker:188978561024:QuorumCnxManager$RecvWorker@765] - Interrupting SendWorker
2015-07-29 19:27:22,096 - WARN  [SendWorker:188978561024:QuorumCnxManager$SendWorker@679] - Interrupted while waiting for message on queue
2015-07-29 19:27:22,097 - WARN  [SendWorker:188978561024:QuorumCnxManager$SendWorker@688] - Send worker leaving thread
2015-07-29 19:27:22,097 - INFO  [/10.10.34.13:3888:QuorumCnxManager$Listener@493] - Received connection request /10.10.34.13:45436
2015-07-29 19:27:22,098 - WARN  [RecvWorker:188978561024:QuorumCnxManager$RecvWorker@762] - Connection broken for id 188978561024, my id = 3, error = 
2015-07-29 19:27:22,098 - WARN  [RecvWorker:188978561024:QuorumCnxManager$RecvWorker@765] - Interrupting SendWorker
2015-07-29 19:27:22,098 - WARN  [SendWorker:188978561024:QuorumCnxManager$SendWorker@679] - Interrupted while waiting for message on queue
2015-07-29 19:27:22,098 - WARN  [SendWorker:188978561024:QuorumCnxManager$SendWorker@688] - Send worker leaving thread
2015-07-29 19:27:23,204 - INFO  [/10.10.34.13:3888:QuorumCnxManager$Listener@493] - Received connection request /10.10.34.11:47812
2015-07-29 19:27:23,205 - WARN  [RecvWorker:188978561024:QuorumCnxManager$RecvWorker@762] - Connection broken for id 188978561024, my id = 3, error = 
2015-07-29 19:27:23,205 - WARN  [RecvWorker:188978561024:QuorumCnxManager$RecvWorker@765] - Interrupting SendWorker
2015-07-29 19:27:23,205 - WARN  [SendWorker:188978561024:QuorumCnxManager$SendWorker@679] - Interrupted while waiting for message on queue
2015-07-29 19:27:23,206 - WARN  [SendWorker:188978561024:QuorumCnxManager$SendWorker@688] - Send worker leaving thread
2015-07-29 19:27:25,230 - INFO  [/10.10.34.13:3888:QuorumCnxManager$Listener@493] - Received connection request /10.10.34.11:47814
2015-07-29 19:27:25,231 - WARN  [RecvWorker:188978561024:QuorumCnxManager$RecvWorker@762] - Connection broken for id 188978561024, my id = 3, error = 
2015-07-29 19:27:25,231 - WARN  [RecvWorker:188978561024:QuorumCnxManager$RecvWorker@765] - Interrupting SendWorker
2015-07-29 19:27:25,231 - WARN  [SendWorker:188978561024:QuorumCnxManager$SendWorker@679] - Interrupted while waiting for message on queue
2015-07-29 19:27:25,231 - INFO  [/10.10.34.13:3888:QuorumCnxManager$Listener@493] - Received connection request /10.10.34.11:47817
2015-07-29 19:27:25,231 - WARN  [SendWorker:188978561024:QuorumCnxManager$SendWorker@688] - Send worker leaving thread
2015-07-29 19:27:25,232 - INFO  [/10.10.34.13:3888:QuorumCnxManager$Listener@493] - Received connection request /10.10.34.11:47819
2015-07-29 19:27:25,232 - WARN  [RecvWorker:188978561024:QuorumCnxManager$RecvWorker@762] - Connection broken for id 188978561024, my id = 3, error = 
2015-07-29 19:27:25,232 - WARN  [RecvWorker:188978561024:QuorumCnxManager$RecvWorker@765] - Interrupting SendWorker
2015-07-29 19:27:25,232 - WARN  [SendWorker:188978561024:QuorumCnxManager$SendWorker@679] - Interrupted while waiting for message on queue
2015-07-29 19:27:25,233 - WARN  [SendWorker:188978561024:QuorumCnxManager$SendWorker@688] - Send worker leaving thread
2015-07-29 19:27:25,233 - WARN  [RecvWorker:188978561024:QuorumCnxManager$RecvWorker@762] - Connection broken for id 188978561024, my id = 3, error = 
2015-07-29 19:27:25,233 - WARN  [RecvWorker:188978561024:QuorumCnxManager$RecvWorker@765] - Interrupting SendWorker
2015-07-29 19:27:25,233 - WARN  [SendWorker:188978561024:QuorumCnxManager$SendWorker@679] - Interrupted while waiting for message on queue
2015-07-29 19:27:25,233 - WARN  [SendWorker:188978561024:QuorumCnxManager$SendWorker@688] - Send worker leaving thread
2015-07-29 19:27:25,234 - INFO  [/10.10.34.13:3888:QuorumCnxManager$Listener@493] - Received connection request /10.10.34.11:47823
2015-07-29 19:27:25,234 - WARN  [RecvWorker:188978561024:QuorumCnxManager$RecvWorker@762] - Connection broken for id 188978561024, my id = 3, error = 
2015-07-29 19:27:25,235 - WARN  [RecvWorker:188978561024:QuorumCnxManager$RecvWorker@765] - Interrupting SendWorker
2015-07-29 19:27:25,235 - WARN  [SendWorker:188978561024:QuorumCnxManager$SendWorker@679] - Interrupted while waiting for message on queue
2015-07-29 19:27:25,235 - WARN  [SendWorker:188978561024:QuorumCnxManager$SendWorker@688] - Send worker leaving thread
2015-07-29 19:27:25,321 - INFO  [/10.10.34.13:3888:QuorumCnxManager$Listener@493] - Received connection request /10.10.34.12:48166
2015-07-29 19:27:25,322 - WARN  [RecvWorker:188978561024:QuorumCnxManager$RecvWorker@762] - Connection broken for id 188978561024, my id = 3, error = 
2015-07-29 19:27:25,322 - WARN  [RecvWorker:188978561024:QuorumCnxManager$RecvWorker@765] - Interrupting SendWorker
2015-07-29 19:27:25,322 - WARN  [SendWorker:188978561024:QuorumCnxManager$SendWorker@679] - Interrupted while waiting for message on queue
2015-07-29 19:27:25,322 - INFO  [/10.10.34.13:3888:QuorumCnxManager$Listener@493] - Received connection request /10.10.34.12:48168
2015-07-29 19:27:25,322 - WARN  [SendWorker:188978561024:QuorumCnxManager$SendWorker@688] - Send worker leaving thread
2015-07-29 19:27:25,323 - INFO  [/10.10.34.13:3888:QuorumCnxManager$Listener@493] - Received connection request /10.10.34.12:48173
2015-07-29 19:27:25,323 - WARN  [RecvWorker:188978561024:QuorumCnxManager$RecvWorker@762] - Connection broken for id 188978561024, my id = 3, error = 
2015-07-29 19:27:25,323 - WARN  [RecvWorker:188978561024:QuorumCnxManager$RecvWorker@765] - Interrupting SendWorker
2015-07-29 19:27:25,327 - WARN  [SendWorker:188978561024:QuorumCnxManager$SendWorker@679] - Interrupted while waiting for message on queue
2015-07-29 19:27:25,327 - WARN  [RecvWorker:188978561024:QuorumCnxManager$RecvWorker@762] - Connection broken for id 188978561024, my id = 3, error = 
2015-07-29 19:27:25,327 - WARN  [RecvWorker:188978561024:QuorumCnxManager$RecvWorker@765] - Interrupting SendWorker
2015-07-29 19:27:25,327 - INFO  [/10.10.34.13:3888:QuorumCnxManager$Listener@493] - Received connection request /10.10.34.12:48174
2015-07-29 19:27:25,328 - WARN  [SendWorker:188978561024:QuorumCnxManager$SendWorker@679] - Interrupted while waiting for message on queue
2015-07-29 19:27:25,328 - WARN  [SendWorker:188978561024:QuorumCnxManager$SendWorker@688] - Send worker leaving thread
2015-07-29 19:27:25,327 - WARN  [SendWorker:188978561024:QuorumCnxManager$SendWorker@688] - Send worker leaving thread
2015-07-29 19:27:25,328 - WARN  [RecvWorker:188978561024:QuorumCnxManager$RecvWorker@762] - Connection broken for id 188978561024, my id = 3, error = 
2015-07-29 19:27:25,328 - WARN  [RecvWorker:188978561024:QuorumCnxManager$RecvWorker@765] - Interrupting SendWorker
2015-07-29 19:27:25,329 - WARN  [SendWorker:188978561024:QuorumCnxManager$SendWorker@679] - Interrupted while waiting for message on queue
2015-07-29 19:27:25,329 - WARN  [SendWorker:188978561024:QuorumCnxManager$SendWorker@688] - Send worker leaving thread
2015-07-29 19:27:25,433 - INFO  [/10.10.34.13:3888:QuorumCnxManager$Listener@493] - Received connection request /10.10.34.13:45439
2015-07-29 19:27:25,433 - WARN  [RecvWorker:188978561024:QuorumCnxManager$RecvWorker@762] - Connection broken for id 188978561024, my id = 3, error = 
2015-07-29 19:27:25,434 - INFO  [/10.10.34.13:3888:QuorumCnxManager$Listener@493] - Received connection request /10.10.34.13:45441
2015-07-29 19:27:25,434 - WARN  [RecvWorker:188978561024:QuorumCnxManager$RecvWorker@765] - Interrupting SendWorker
2015-07-29 19:27:25,434 - WARN  [SendWorker:188978561024:QuorumCnxManager$SendWorker@679] - Interrupted while waiting for message on queue
2015-07-29 19:27:25,434 - WARN  [RecvWorker:188978561024:QuorumCnxManager$RecvWorker@762] - Connection broken for id 188978561024, my id = 3, error = 
2015-07-29 19:27:25,435 - WARN  [RecvWorker:188978561024:QuorumCnxManager$RecvWorker@765] - Interrupting SendWorker
2015-07-29 19:27:25,434 - WARN  [SendWorker:188978561024:QuorumCnxManager$SendWorker@688] - Send worker leaving thread
2015-07-29 19:27:25,435 - WARN  [SendWorker:188978561024:QuorumCnxManager$SendWorker@679] - Interrupted while waiting for message on queue
2015-07-29 19:27:25,435 - INFO  [/10.10.34.13:3888:QuorumCnxManager$Listener@493] - Received connection request /10.10.34.13:45445
2015-07-29 19:27:25,435 - WARN  [SendWorker:188978561024:QuorumCnxManager$SendWorker@688] - Send worker leaving thread
2015-07-29 19:27:25,436 - WARN  [RecvWorker:188978561024:QuorumCnxManager$RecvWorker@762] - Connection broken for id 188978561024, my id = 3, error = 
2015-07-29 19:27:25,436 - WARN  [RecvWorker:188978561024:QuorumCnxManager$RecvWorker@765] - Interrupting SendWorker
2015-07-29 19:27:25,436 - WARN  [SendWorker:188978561024:QuorumCnxManager$SendWorker@679] - Interrupted while waiting for message on queue
2015-07-29 19:27:25,436 - WARN  [SendWorker:188978561024:QuorumCnxManager$SendWorker@688] - Send worker leaving thread
2015-07-29 19:27:25,436 - INFO  [/10.10.34.13:3888:QuorumCnxManager$Listener@493] - Received connection request /10.10.34.13:45448
2015-07-29 19:27:25,437 - WARN  [RecvWorker:188978561024:QuorumCnxManager$RecvWorker@762] - Connection broken for id 188978561024, my id = 3, error = 
2015-07-29 19:27:25,437 - WARN  [RecvWorker:188978561024:QuorumCnxManager$RecvWorker@765] - Interrupting SendWorker
2015-07-29 19:27:25,437 - WARN  [SendWorker:188978561024:QuorumCnxManager$SendWorker@679] - Interrupted while waiting for message on queue
2015-07-29 19:27:25,438 - WARN  [SendWorker:188978561024:QuorumCnxManager$SendWorker@688] - Send worker leaving thread
2015-07-29 19:27:26,544 - INFO  [/10.10.34.13:3888:QuorumCnxManager$Listener@493] - Received connection request /10.10.34.11:47827
2015-07-29 19:27:26,544 - WARN  [RecvWorker:188978561024:QuorumCnxManager$RecvWorker@762] - Connection broken for id 188978561024, my id = 3, error = 
2015-07-29 19:27:26,545 - WARN  [RecvWorker:188978561024:QuorumCnxManager$RecvWorker@765] - Interrupting SendWorker
2015-07-29 19:27:26,545 - WARN  [SendWorker:188978561024:QuorumCnxManager$SendWorker@679] - Interrupted while waiting for message on queue
2015-07-29 19:27:26,545 - WARN  [SendWorker:188978561024:QuorumCnxManager$SendWorker@688] - Send worker leaving thread
2015-07-29 19:27:28,570 - INFO  [/10.10.34.13:3888:QuorumCnxManager$Listener@493] - Received connection request /10.10.34.11:47829
2015-07-29 19:27:28,570 - WARN  [RecvWorker:188978561024:QuorumCnxManager$RecvWorker@762] - Connection broken for id 188978561024, my id = 3, error = 
2015-07-29 19:27:28,570 - WARN  [RecvWorker:188978561024:QuorumCnxManager$RecvWorker@765] - Interrupting SendWorker
2015-07-29 19:27:28,571 - INFO  [/10.10.34.13:3888:QuorumCnxManager$Listener@493] - Received connection request /10.10.34.11:47832
2015-07-29 19:27:28,571 - WARN  [SendWorker:188978561024:QuorumCnxManager$SendWorker@679] - Interrupted while waiting for message on queue
2015-07-29 19:27:28,571 - WARN  [SendWorker:188978561024:QuorumCnxManager$SendWorker@688] - Send worker leaving thread
2015-07-29 19:27:28,571 - WARN  [RecvWorker:188978561024:QuorumCnxManager$RecvWorker@762] - Connection broken for id 188978561024, my id = 3, error = 
2015-07-29 19:27:28,572 - WARN  [RecvWorker:188978561024:QuorumCnxManager$RecvWorker@765] - Interrupting SendWorker
2015-07-29 19:27:28,572 - INFO  [/10.10.34.13:3888:QuorumCnxManager$Listener@493] - Received connection request /10.10.34.11:47834
2015-07-29 19:27:28,572 - WARN  [SendWorker:188978561024:QuorumCnxManager$SendWorker@679] - Interrupted while waiting for message on queue
2015-07-29 19:27:28,572 - WARN  [SendWorker:188978561024:QuorumCnxManager$SendWorker@688] - Send worker leaving thread
2015-07-29 19:27:28,572 - WARN  [RecvWorker:188978561024:QuorumCnxManager$RecvWorker@762] - Connection broken for id 188978561024, my id = 3, error = 
2015-07-29 19:27:28,573 - WARN  [RecvWorker:188978561024:QuorumCnxManager$RecvWorker@765] - Interrupting SendWorker
2015-07-29 19:27:28,573 - WARN  [SendWorker:188978561024:QuorumCnxManager$SendWorker@679] - Interrupted while waiting for message on queue
2015-07-29 19:27:28,573 - WARN  [SendWorker:188978561024:QuorumCnxManager$SendWorker@688] - Send worker leaving thread
2015-07-29 19:27:28,574 - INFO  [/10.10.34.13:3888:QuorumCnxManager$Listener@493] - Received connection request /10.10.34.11:47838
2015-07-29 19:27:28,574 - WARN  [RecvWorker:188978561024:QuorumCnxManager$RecvWorker@762] - Connection broken for id 188978561024, my id = 3, error = 
2015-07-29 19:27:28,574 - WARN  [RecvWorker:188978561024:QuorumCnxManager$RecvWorker@765] - Interrupting SendWorker
2015-07-29 19:27:28,575 - WARN  [SendWorker:188978561024:QuorumCnxManager$SendWorker@679] - Interrupted while waiting for message on queue
2015-07-29 19:27:28,575 - WARN  [SendWorker:188978561024:QuorumCnxManager$SendWorker@688] - Send worker leaving thread
2015-07-29 19:27:28,660 - INFO  [/10.10.34.13:3888:QuorumCnxManager$Listener@493] - Received connection request /10.10.34.12:48178
2015-07-29 19:27:28,661 - WARN  [RecvWorker:188978561024:QuorumCnxManager$RecvWorker@762] - Connection broken for id 188978561024, my id = 3, error = 
2015-07-29 19:27:28,661 - WARN  [RecvWorker:188978561024:QuorumCnxManager$RecvWorker@765] - Interrupting SendWorker
2015-07-29 19:27:28,661 - WARN  [SendWorker:188978561024:QuorumCnxManager$SendWorker@679] - Interrupted while waiting for message on queue
2015-07-29 19:27:28,661 - WARN  [SendWorker:188978561024:QuorumCnxManager$SendWorker@688] - Send worker leaving thread
2015-07-29 19:27:28,661 - INFO  [/10.10.34.13:3888:QuorumCnxManager$Listener@493] - Received connection request /10.10.34.12:48181
2015-07-29 19:27:28,662 - WARN  [RecvWorker:188978561024:QuorumCnxManager$RecvWorker@762] - Connection broken for id 188978561024, my id = 3, error = 
2015-07-29 19:27:28,662 - WARN  [RecvWorker:188978561024:QuorumCnxManager$RecvWorker@765] - Interrupting SendWorker
2015-07-29 19:27:28,663 - WARN  [SendWorker:188978561024:QuorumCnxManager$SendWorker@679] - Interrupted while waiting for message on queue
2015-07-29 19:27:28,663 - WARN  [SendWorker:188978561024:QuorumCnxManager$SendWorker@688] - Send worker leaving thread
2015-07-29 19:27:28,666 - INFO  [/10.10.34.13:3888:QuorumCnxManager$Listener@493] - Received connection request /10.10.34.12:48185
2015-07-29 19:27:28,666 - WARN  [RecvWorker:188978561024:QuorumCnxManager$RecvWorker@762] - Connection broken for id 188978561024, my id = 3, error = 
2015-07-29 19:27:28,667 - WARN  [RecvWorker:188978561024:QuorumCnxManager$RecvWorker@765] - Interrupting SendWorker
2015-07-29 19:27:28,667 - WARN  [SendWorker:188978561024:QuorumCnxManager$SendWorker@679] - Interrupted while waiting for message on queue
2015-07-29 19:27:28,667 - WARN  [SendWorker:188978561024:QuorumCnxManager$SendWorker@688] - Send worker leaving thread
2015-07-29 19:27:28,667 - INFO  [/10.10.34.13:3888:QuorumCnxManager$Listener@493] - Received connection request /10.10.34.12:48186
2015-07-29 19:27:28,668 - WARN  [RecvWorker:188978561024:QuorumCnxManager$RecvWorker@762] - Connection broken for id 188978561024, my id = 3, error = 
2015-07-29 19:27:28,668 - WARN  [RecvWorker:188978561024:QuorumCnxManager$RecvWorker@765] - Interrupting SendWorker
2015-07-29 19:27:28,668 - WARN  [SendWorker:188978561024:QuorumCnxManager$SendWorker@679] - Interrupted while waiting for message on queue
2015-07-29 19:27:28,669 - WARN  [SendWorker:188978561024:QuorumCnxManager$SendWorker@688] - Send worker leaving thread
2015-07-29 19:27:28,772 - INFO  [/10.10.34.13:3888:QuorumCnxManager$Listener@493] - Received connection request /10.10.34.13:45451
2015-07-29 19:27:28,773 - WARN  [RecvWorker:188978561024:QuorumCnxManager$RecvWorker@762] - Connection broken for id 188978561024, my id = 3, error = 
2015-07-29 19:27:28,773 - WARN  [RecvWorker:188978561024:QuorumCnxManager$RecvWorker@765] - Interrupting SendWorker
2015-07-29 19:27:28,773 - INFO  [/10.10.34.13:3888:QuorumCnxManager$Listener@493] - Received connection request /10.10.34.13:45453
2015-07-29 19:27:28,773 - WARN  [SendWorker:188978561024:QuorumCnxManager$SendWorker@679] - Interrupted while waiting for message on queue
2015-07-29 19:27:28,774 - WARN  [SendWorker:188978561024:QuorumCnxManager$SendWorker@688] - Send worker leaving thread
2015-07-29 19:27:28,774 - WARN  [RecvWorker:188978561024:QuorumCnxManager$RecvWorker@762] - Connection broken for id 188978561024, my id = 3, error = 
2015-07-29 19:27:28,774 - WARN  [RecvWorker:188978561024:QuorumCnxManager$RecvWorker@765] - Interrupting SendWorker
2015-07-29 19:27:28,774 - WARN  [SendWorker:188978561024:QuorumCnxManager$SendWorker@679] - Interrupted while waiting for message on queue
2015-07-29 19:27:28,774 - INFO  [/10.10.34.13:3888:QuorumCnxManager$Listener@493] - Received connection request /10.10.34.13:45458
2015-07-29 19:27:28,775 - WARN  [SendWorker:188978561024:QuorumCnxManager$SendWorker@688] - Send worker leaving thread
2015-07-29 19:27:28,775 - WARN  [RecvWorker:188978561024:QuorumCnxManager$RecvWorker@762] - Connection broken for id 188978561024, my id = 3, error = 
2015-07-29 19:27:28,775 - WARN  [RecvWorker:188978561024:QuorumCnxManager$RecvWorker@765] - Interrupting SendWorker
2015-07-29 19:27:28,776 - WARN  [SendWorker:188978561024:QuorumCnxManager$SendWorker@679] - Interrupted while waiting for message on queue
2015-07-29 19:27:28,776 - INFO  [/10.10.34.13:3888:QuorumCnxManager$Listener@493] - Received connection request /10.10.34.13:45460
2015-07-29 19:27:28,776 - WARN  [SendWorker:188978561024:QuorumCnxManager$SendWorker@688] - Send worker leaving thread
2015-07-29 19:27:28,777 - WARN  [RecvWorker:188978561024:QuorumCnxManager$RecvWorker@762] - Connection broken for id 188978561024, my id = 3, error = 
2015-07-29 19:27:28,777 - WARN  [RecvWorker:188978561024:QuorumCnxManager$RecvWorker@765] - Interrupting SendWorker
2015-07-29 19:27:28,777 - WARN  [SendWorker:188978561024:QuorumCnxManager$SendWorker@679] - Interrupted while waiting for message on queue
2015-07-29 19:27:28,777 - WARN  [SendWorker:188978561024:QuorumCnxManager$SendWorker@688] - Send worker leaving thread
2015-07-29 19:27:29,883 - INFO  [/10.10.34.13:3888:QuorumCnxManager$Listener@493] - Received connection request /10.10.34.11:47842
2015-07-29 19:27:29,884 - WARN  [RecvWorker:188978561024:QuorumCnxManager$RecvWorker@762] - Connection broken for id 188978561024, my id = 3, error = 
2015-07-29 19:27:29,884 - WARN  [RecvWorker:188978561024:QuorumCnxManager$RecvWorker@765] - Interrupting SendWorker
2015-07-29 19:27:29,885 - WARN  [SendWorker:188978561024:QuorumCnxManager$SendWorker@679] - Interrupted while waiting for message on queue
2015-07-29 19:27:29,885 - WARN  [SendWorker:188978561024:QuorumCnxManager$SendWorker@688] - Send worker leaving thread
2015-07-29 19:27:31,909 - INFO  [/10.10.34.13:3888:QuorumCnxManager$Listener@493] - Received connection request /10.10.34.11:47844
2015-07-29 19:27:31,910 - WARN  [RecvWorker:188978561024:QuorumCnxManager$RecvWorker@762] - Connection broken for id 188978561024, my id = 3, error = 
2015-07-29 19:27:31,910 - WARN  [RecvWorker:188978561024:QuorumCnxManager$RecvWorker@765] - Interrupting SendWorker
2015-07-29 19:27:31,910 - INFO  [/10.10.34.13:3888:QuorumCnxManager$Listener@493] - Received connection request /10.10.34.11:47847
2015-07-29 19:27:31,910 - WARN  [SendWorker:188978561024:QuorumCnxManager$SendWorker@679] - Interrupted while waiting for message on queue
2015-07-29 19:27:31,910 - WARN  [SendWorker:188978561024:QuorumCnxManager$SendWorker@688] - Send worker leaving thread
2015-07-29 19:27:31,911 - INFO  [/10.10.34.13:3888:QuorumCnxManager$Listener@493] - Received connection request /10.10.34.11:47849
2015-07-29 19:27:31,911 - WARN  [RecvWorker:188978561024:QuorumCnxManager$RecvWorker@762] - Connection broken for id 188978561024, my id = 3, error = 
2015-07-29 19:27:31,911 - WARN  [RecvWorker:188978561024:QuorumCnxManager$RecvWorker@765] - Interrupting SendWorker
2015-07-29 19:27:31,911 - WARN  [SendWorker:188978561024:QuorumCnxManager$SendWorker@679] - Interrupted while waiting for message on queue
2015-07-29 19:27:31,912 - WARN  [SendWorker:188978561024:QuorumCnxManager$SendWorker@688] - Send worker leaving thread
2015-07-29 19:27:31,912 - WARN  [RecvWorker:188978561024:QuorumCnxManager$RecvWorker@762] - Connection broken for id 188978561024, my id = 3, error = 
2015-07-29 19:27:31,912 - WARN  [RecvWorker:188978561024:QuorumCnxManager$RecvWorker@765] - Interrupting SendWorker
2015-07-29 19:27:31,912 - WARN  [SendWorker:188978561024:QuorumCnxManager$SendWorker@679] - Interrupted while waiting for message on queue
2015-07-29 19:27:31,912 - WARN  [SendWorker:188978561024:QuorumCnxManager$SendWorker@688] - Send worker leaving thread
2015-07-29 19:27:31,913 - INFO  [/10.10.34.13:3888:QuorumCnxManager$Listener@493] - Received connection request /10.10.34.11:47853
2015-07-29 19:27:31,913 - WARN  [RecvWorker:188978561024:QuorumCnxManager$RecvWorker@762] - Connection broken for id 188978561024, my id = 3, error = 
2015-07-29 19:27:31,914 - WARN  [RecvWorker:188978561024:QuorumCnxManager$RecvWorker@765] - Interrupting SendWorker
2015-07-29 19:27:31,914 - WARN  [SendWorker:188978561024:QuorumCnxManager$SendWorker@679] - Interrupted while waiting for message on queue
2015-07-29 19:27:31,914 - WARN  [SendWorker:188978561024:QuorumCnxManager$SendWorker@688] - Send worker leaving thread
2015-07-29 19:27:31,999 - INFO  [/10.10.34.13:3888:QuorumCnxManager$Listener@493] - Received connection request /10.10.34.12:48190
2015-07-29 19:27:32,000 - WARN  [RecvWorker:188978561024:QuorumCnxManager$RecvWorker@762] - Connection broken for id 188978561024, my id = 3, error = 
2015-07-29 19:27:32,000 - WARN  [RecvWorker:188978561024:QuorumCnxManager$RecvWorker@765] - Interrupting SendWorker
2015-07-29 19:27:32,000 - WARN  [SendWorker:188978561024:QuorumCnxManager$SendWorker@679] - Interrupted while waiting for message on queue
2015-07-29 19:27:32,001 - INFO  [/10.10.34.13:3888:QuorumCnxManager$Listener@493] - Received connection request /10.10.34.12:48193
2015-07-29 19:27:32,001 - WARN  [SendWorker:188978561024:QuorumCnxManager$SendWorker@688] - Send worker leaving thread
2015-07-29 19:27:32,001 - WARN  [RecvWorker:188978561024:QuorumCnxManager$RecvWorker@762] - Connection broken for id 188978561024, my id = 3, error = 
2015-07-29 19:27:32,001 - WARN  [RecvWorker:188978561024:QuorumCnxManager$RecvWorker@765] - Interrupting SendWorker
2015-07-29 19:27:32,002 - WARN  [SendWorker:188978561024:QuorumCnxManager$SendWorker@679] - Interrupted while waiting for message on queue
2015-07-29 19:27:32,002 - WARN  [SendWorker:188978561024:QuorumCnxManager$SendWorker@688] - Send worker leaving thread
2015-07-29 19:27:32,005 - INFO  [/10.10.34.13:3888:QuorumCnxManager$Listener@493] - Received connection request /10.10.34.12:48195
2015-07-29 19:27:32,005 - WARN  [RecvWorker:188978561024:QuorumCnxManager$RecvWorker@762] - Connection broken for id 188978561024, my id = 3, error = 
2015-07-29 19:27:32,006 - WARN  [RecvWorker:188978561024:QuorumCnxManager$RecvWorker@765] - Interrupting SendWorker
2015-07-29 19:27:32,006 - WARN  [SendWorker:188978561024:QuorumCnxManager$SendWorker@679] - Interrupted while waiting for message on queue
2015-07-29 19:27:32,006 - WARN  [SendWorker:188978561024:QuorumCnxManager$SendWorker@688] - Send worker leaving thread
2015-07-29 19:27:32,006 - INFO  [/10.10.34.13:3888:QuorumCnxManager$Listener@493] - Received connection request /10.10.34.12:48199
2015-07-29 19:27:32,007 - WARN  [RecvWorker:188978561024:QuorumCnxManager$RecvWorker@762] - Connection broken for id 188978561024, my id = 3, error = 
2015-07-29 19:27:32,007 - WARN  [RecvWorker:188978561024:QuorumCnxManager$RecvWorker@765] - Interrupting SendWorker
2015-07-29 19:27:32,007 - WARN  [SendWorker:188978561024:QuorumCnxManager$SendWorker@679] - Interrupted while waiting for message on queue
2015-07-29 19:27:32,008 - WARN  [SendWorker:188978561024:QuorumCnxManager$SendWorker@688] - Send worker leaving thread
2015-07-29 19:27:32,112 - INFO  [/10.10.34.13:3888:QuorumCnxManager$Listener@493] - Received connection request /10.10.34.13:45463
2015-07-29 19:27:32,112 - WARN  [RecvWorker:188978561024:QuorumCnxManager$RecvWorker@762] - Connection broken for id 188978561024, my id = 3, error = 
2015-07-29 19:27:32,113 - WARN  [RecvWorker:188978561024:QuorumCnxManager$RecvWorker@765] - Interrupting SendWorker
2015-07-29 19:27:32,112 - INFO  [/10.10.34.13:3888:QuorumCnxManager$Listener@493] - Received connection request /10.10.34.13:45465
2015-07-29 19:27:32,113 - WARN  [SendWorker:188978561024:QuorumCnxManager$SendWorker@679] - Interrupted while waiting for message on queue
2015-07-29 19:27:32,113 - WARN  [SendWorker:188978561024:QuorumCnxManager$SendWorker@688] - Send worker leaving thread
2015-07-29 19:27:32,113 - WARN  [RecvWorker:188978561024:QuorumCnxManager$RecvWorker@762] - Connection broken for id 188978561024, my id = 3, error = 
2015-07-29 19:27:32,113 - WARN  [RecvWorker:188978561024:QuorumCnxManager$RecvWorker@765] - Interrupting SendWorker
2015-07-29 19:27:32,114 - WARN  [SendWorker:188978561024:QuorumCnxManager$SendWorker@679] - Interrupted while waiting for message on queue
2015-07-29 19:27:32,114 - INFO  [/10.10.34.13:3888:QuorumCnxManager$Listener@493] - Received connection request /10.10.34.13:45470
2015-07-29 19:27:32,114 - WARN  [SendWorker:188978561024:QuorumCnxManager$SendWorker@688] - Send worker leaving thread
2015-07-29 19:27:32,114 - WARN  [RecvWorker:188978561024:QuorumCnxManager$RecvWorker@762] - Connection broken for id 188978561024, my id = 3, error = 
2015-07-29 19:27:32,115 - WARN  [RecvWorker:188978561024:QuorumCnxManager$RecvWorker@765] - Interrupting SendWorker
2015-07-29 19:27:32,115 - WARN  [SendWorker:188978561024:QuorumCnxManager$SendWorker@679] - Interrupted while waiting for message on queue
2015-07-29 19:27:32,115 - WARN  [SendWorker:188978561024:QuorumCnxManager$SendWorker@688] - Send worker leaving thread
2015-07-29 19:27:32,115 - INFO  [/10.10.34.13:3888:QuorumCnxManager$Listener@493] - Received connection request /10.10.34.13:45472
2015-07-29 19:27:32,116 - WARN  [RecvWorker:188978561024:QuorumCnxManager$RecvWorker@762] - Connection broken for id 188978561024, my id = 3, error = 
2015-07-29 19:27:32,116 - WARN  [RecvWorker:188978561024:QuorumCnxManager$RecvWorker@765] - Interrupting SendWorker
2015-07-29 19:27:32,116 - WARN  [SendWorker:188978561024:QuorumCnxManager$SendWorker@679] - Interrupted while waiting for message on queue
2015-07-29 19:27:32,117 - WARN  [SendWorker:188978561024:QuorumCnxManager$SendWorker@688] - Send worker leaving thread
2015-07-29 19:27:51,048 - INFO  [/10.10.34.13:3888:QuorumCnxManager$Listener@493] - Received connection request /10.10.34.11:47866
2015-07-29 19:27:51,049 - WARN  [RecvWorker:188978561024:QuorumCnxManager$RecvWorker@762] - Connection broken for id 188978561024, my id = 3, error = 
2015-07-29 19:27:51,049 - WARN  [RecvWorker:188978561024:QuorumCnxManager$RecvWorker@765] - Interrupting SendWorker
2015-07-29 19:27:51,049 - INFO  [/10.10.34.13:3888:QuorumCnxManager$Listener@493] - Received connection request /10.10.34.11:47868
2015-07-29 19:27:51,050 - WARN  [SendWorker:188978561024:QuorumCnxManager$SendWorker@679] - Interrupted while waiting for message on queue
2015-07-29 19:27:51,050 - WARN  [SendWorker:188978561024:QuorumCnxManager$SendWorker@688] - Send worker leaving thread
2015-07-29 19:27:51,050 - INFO  [/10.10.34.13:3888:QuorumCnxManager$Listener@493] - Received connection request /10.10.34.11:47869
2015-07-29 19:27:51,050 - WARN  [RecvWorker:188978561024:QuorumCnxManager$RecvWorker@762] - Connection broken for id 188978561024, my id = 3, error = 
2015-07-29 19:27:51,051 - WARN  [RecvWorker:188978561024:QuorumCnxManager$RecvWorker@765] - Interrupting SendWorker
2015-07-29 19:27:51,051 - WARN  [SendWorker:188978561024:QuorumCnxManager$SendWorker@679] - Interrupted while waiting for message on queue
2015-07-29 19:27:51,051 - INFO  [/10.10.34.13:3888:QuorumCnxManager$Listener@493] - Received connection request /10.10.34.11:47871
2015-07-29 19:27:51,051 - WARN  [RecvWorker:188978561024:QuorumCnxManager$RecvWorker@762] - Connection broken for id 188978561024, my id = 3, error = 
2015-07-29 19:27:51,052 - WARN  [RecvWorker:188978561024:QuorumCnxManager$RecvWorker@765] - Interrupting SendWorker
2015-07-29 19:27:51,052 - WARN  [SendWorker:188978561024:QuorumCnxManager$SendWorker@679] - Interrupted while waiting for message on queue
2015-07-29 19:27:51,051 - WARN  [SendWorker:188978561024:QuorumCnxManager$SendWorker@688] - Send worker leaving thread
2015-07-29 19:27:51,052 - WARN  [RecvWorker:188978561024:QuorumCnxManager$RecvWorker@762] - Connection broken for id 188978561024, my id = 3, error = 
2015-07-29 19:27:51,052 - WARN  [RecvWorker:188978561024:QuorumCnxManager$RecvWorker@765] - Interrupting SendWorker
2015-07-29 19:27:51,052 - WARN  [SendWorker:188978561024:QuorumCnxManager$SendWorker@688] - Send worker leaving thread
2015-07-29 19:27:51,052 - WARN  [SendWorker:188978561024:QuorumCnxManager$SendWorker@679] - Interrupted while waiting for message on queue
2015-07-29 19:27:51,053 - WARN  [SendWorker:188978561024:QuorumCnxManager$SendWorker@688] - Send worker leaving thread
2015-07-29 19:27:51,153 - INFO  [/10.10.34.13:3888:QuorumCnxManager$Listener@493] - Received connection request /10.10.34.12:48201
2015-07-29 19:27:51,153 - WARN  [RecvWorker:188978561024:QuorumCnxManager$RecvWorker@762] - Connection broken for id 188978561024, my id = 3, error = 
2015-07-29 19:27:51,153 - WARN  [RecvWorker:188978561024:QuorumCnxManager$RecvWorker@765] - Interrupting SendWorker
2015-07-29 19:27:51,154 - WARN  [SendWorker:188978561024:QuorumCnxManager$SendWorker@679] - Interrupted while waiting for message on queue
2015-07-29 19:27:51,154 - INFO  [/10.10.34.13:3888:QuorumCnxManager$Listener@493] - Received connection request /10.10.34.12:48204
2015-07-29 19:27:51,154 - WARN  [SendWorker:188978561024:QuorumCnxManager$SendWorker@688] - Send worker leaving thread
2015-07-29 19:27:51,154 - INFO  [/10.10.34.13:3888:QuorumCnxManager$Listener@493] - Received connection request /10.10.34.12:48206
2015-07-29 19:27:51,154 - WARN  [RecvWorker:188978561024:QuorumCnxManager$RecvWorker@762] - Connection broken for id 188978561024, my id = 3, error = 
2015-07-29 19:27:51,155 - WARN  [RecvWorker:188978561024:QuorumCnxManager$RecvWorker@765] - Interrupting SendWorker
2015-07-29 19:27:51,155 - WARN  [SendWorker:188978561024:QuorumCnxManager$SendWorker@679] - Interrupted while waiting for message on queue
2015-07-29 19:27:51,155 - WARN  [RecvWorker:188978561024:QuorumCnxManager$RecvWorker@762] - Connection broken for id 188978561024, my id = 3, error = 
2015-07-29 19:27:51,155 - WARN  [RecvWorker:188978561024:QuorumCnxManager$RecvWorker@765] - Interrupting SendWorker
2015-07-29 19:27:51,155 - WARN  [SendWorker:188978561024:QuorumCnxManager$SendWorker@688] - Send worker leaving thread
2015-07-29 19:27:51,156 - WARN  [SendWorker:188978561024:QuorumCnxManager$SendWorker@679] - Interrupted while waiting for message on queue
2015-07-29 19:27:51,156 - WARN  [SendWorker:188978561024:QuorumCnxManager$SendWorker@688] - Send worker leaving thread
2015-07-29 19:27:51,156 - INFO  [/10.10.34.13:3888:QuorumCnxManager$Listener@493] - Received connection request /10.10.34.12:48212
2015-07-29 19:27:51,156 - WARN  [RecvWorker:188978561024:QuorumCnxManager$RecvWorker@762] - Connection broken for id 188978561024, my id = 3, error = 
2015-07-29 19:27:51,157 - WARN  [RecvWorker:188978561024:QuorumCnxManager$RecvWorker@765] - Interrupting SendWorker
2015-07-29 19:27:51,157 - WARN  [SendWorker:188978561024:QuorumCnxManager$SendWorker@679] - Interrupted while waiting for message on queue
2015-07-29 19:27:51,157 - WARN  [SendWorker:188978561024:QuorumCnxManager$SendWorker@688] - Send worker leaving thread
2015-07-29 19:27:51,253 - INFO  [/10.10.34.13:3888:QuorumCnxManager$Listener@493] - Received connection request /10.10.34.13:45476
2015-07-29 19:27:51,254 - INFO  [/10.10.34.13:3888:QuorumCnxManager$Listener@493] - Received connection request /10.10.34.13:45477
2015-07-29 19:27:51,254 - WARN  [RecvWorker:188978561024:QuorumCnxManager$RecvWorker@762] - Connection broken for id 188978561024, my id = 3, error = 
2015-07-29 19:27:51,254 - WARN  [SendWorker:188978561024:QuorumCnxManager$SendWorker@679] - Interrupted while waiting for message on queue
2015-07-29 19:27:51,255 - WARN  [RecvWorker:188978561024:QuorumCnxManager$RecvWorker@762] - Connection broken for id 188978561024, my id = 3, error = 
2015-07-29 19:27:51,254 - INFO  [/10.10.34.13:3888:QuorumCnxManager$Listener@493] - Received connection request /10.10.34.13:45478
2015-07-29 19:27:51,254 - WARN  [RecvWorker:188978561024:QuorumCnxManager$RecvWorker@765] - Interrupting SendWorker
2015-07-29 19:27:51,255 - WARN  [RecvWorker:188978561024:QuorumCnxManager$RecvWorker@765] - Interrupting SendWorker
2015-07-29 19:27:51,255 - WARN  [SendWorker:188978561024:QuorumCnxManager$SendWorker@688] - Send worker leaving thread
2015-07-29 19:27:51,255 - WARN  [SendWorker:188978561024:QuorumCnxManager$SendWorker@679] - Interrupted while waiting for message on queue
2015-07-29 19:27:51,256 - WARN  [RecvWorker:188978561024:QuorumCnxManager$RecvWorker@762] - Connection broken for id 188978561024, my id = 3, error = 
2015-07-29 19:27:51,256 - INFO  [/10.10.34.13:3888:QuorumCnxManager$Listener@493] - Received connection request /10.10.34.13:45482
2015-07-29 19:27:51,256 - WARN  [SendWorker:188978561024:QuorumCnxManager$SendWorker@688] - Send worker leaving thread
2015-07-29 19:27:51,256 - WARN  [RecvWorker:188978561024:QuorumCnxManager$RecvWorker@765] - Interrupting SendWorker
2015-07-29 19:27:51,256 - WARN  [SendWorker:188978561024:QuorumCnxManager$SendWorker@679] - Interrupted while waiting for message on queue
2015-07-29 19:27:51,257 - WARN  [SendWorker:188978561024:QuorumCnxManager$SendWorker@688] - Send worker leaving thread
2015-07-29 19:27:51,257 - WARN  [RecvWorker:188978561024:QuorumCnxManager$RecvWorker@762] - Connection broken for id 188978561024, my id = 3, error = 
2015-07-29 19:27:51,257 - WARN  [RecvWorker:188978561024:QuorumCnxManager$RecvWorker@765] - Interrupting SendWorker
2015-07-29 19:27:51,257 - WARN  [SendWorker:188978561024:QuorumCnxManager$SendWorker@679] - Interrupted while waiting for message on queue
2015-07-29 19:27:51,257 - WARN  [SendWorker:188978561024:QuorumCnxManager$SendWorker@688] - Send worker leaving thread
2015-07-29 19:27:54,389 - INFO  [/10.10.34.13:3888:QuorumCnxManager$Listener@493] - Received connection request /10.10.34.11:47877
2015-07-29 19:27:54,390 - WARN  [RecvWorker:188978561024:QuorumCnxManager$RecvWorker@762] - Connection broken for id 188978561024, my id = 3, error = 
2015-07-29 19:27:54,390 - WARN  [RecvWorker:188978561024:QuorumCnxManager$RecvWorker@765] - Interrupting SendWorker
2015-07-29 19:27:54,390 - WARN  [SendWorker:188978561024:QuorumCnxManager$SendWorker@679] - Interrupted while waiting for message on queue
2015-07-29 19:27:54,390 - INFO  [/10.10.34.13:3888:QuorumCnxManager$Listener@493] - Received connection request /10.10.34.11:47881
2015-07-29 19:27:54,390 - WARN  [SendWorker:188978561024:QuorumCnxManager$SendWorker@688] - Send worker leaving thread
2015-07-29 19:27:54,391 - INFO  [/10.10.34.13:3888:QuorumCnxManager$Listener@493] - Received connection request /10.10.34.11:47882
2015-07-29 19:27:54,391 - WARN  [RecvWorker:188978561024:QuorumCnxManager$RecvWorker@762] - Connection broken for id 188978561024, my id = 3, error = 
2015-07-29 19:27:54,391 - WARN  [RecvWorker:188978561024:QuorumCnxManager$RecvWorker@765] - Interrupting SendWorker
2015-07-29 19:27:54,391 - WARN  [SendWorker:188978561024:QuorumCnxManager$SendWorker@679] - Interrupted while waiting for message on queue
2015-07-29 19:27:54,392 - WARN  [RecvWorker:188978561024:QuorumCnxManager$RecvWorker@762] - Connection broken for id 188978561024, my id = 3, error = 
2015-07-29 19:27:54,391 - INFO  [/10.10.34.13:3888:QuorumCnxManager$Listener@493] - Received connection request /10.10.34.11:47883
2015-07-29 19:27:54,392 - WARN  [RecvWorker:188978561024:QuorumCnxManager$RecvWorker@765] - Interrupting SendWorker
2015-07-29 19:27:54,392 - WARN  [SendWorker:188978561024:QuorumCnxManager$SendWorker@688] - Send worker leaving thread
2015-07-29 19:27:54,392 - WARN  [SendWorker:188978561024:QuorumCnxManager$SendWorker@679] - Interrupted while waiting for message on queue
2015-07-29 19:27:54,392 - WARN  [RecvWorker:188978561024:QuorumCnxManager$RecvWorker@762] - Connection broken for id 188978561024, my id = 3, error = 
2015-07-29 19:27:54,393 - WARN  [RecvWorker:188978561024:QuorumCnxManager$RecvWorker@765] - Interrupting SendWorker
2015-07-29 19:27:54,393 - WARN  [SendWorker:188978561024:QuorumCnxManager$SendWorker@688] - Send worker leaving thread
2015-07-29 19:27:54,393 - WARN  [SendWorker:188978561024:QuorumCnxManager$SendWorker@679] - Interrupted while waiting for message on queue
2015-07-29 19:27:54,393 - WARN  [SendWorker:188978561024:QuorumCnxManager$SendWorker@688] - Send worker leaving thread
2015-07-29 19:27:54,492 - INFO  [/10.10.34.13:3888:QuorumCnxManager$Listener@493] - Received connection request /10.10.34.12:48214
2015-07-29 19:27:54,493 - WARN  [RecvWorker:188978561024:QuorumCnxManager$RecvWorker@762] - Connection broken for id 188978561024, my id = 3, error = 
2015-07-29 19:27:54,493 - WARN  [RecvWorker:188978561024:QuorumCnxManager$RecvWorker@765] - Interrupting SendWorker
2015-07-29 19:27:54,493 - WARN  [SendWorker:188978561024:QuorumCnxManager$SendWorker@679] - Interrupted while waiting for message on queue
2015-07-29 19:27:54,494 - WARN  [SendWorker:188978561024:QuorumCnxManager$SendWorker@688] - Send worker leaving thread
2015-07-29 19:27:54,494 - INFO  [/10.10.34.13:3888:QuorumCnxManager$Listener@493] - Received connection request /10.10.34.12:48218
2015-07-29 19:27:54,495 - WARN  [RecvWorker:188978561024:QuorumCnxManager$RecvWorker@762] - Connection broken for id 188978561024, my id = 3, error = 
2015-07-29 19:27:54,495 - WARN  [RecvWorker:188978561024:QuorumCnxManager$RecvWorker@765] - Interrupting SendWorker
2015-07-29 19:27:54,495 - WARN  [SendWorker:188978561024:QuorumCnxManager$SendWorker@679] - Interrupted while waiting for message on queue
2015-07-29 19:27:54,496 - INFO  [/10.10.34.13:3888:QuorumCnxManager$Listener@493] - Received connection request /10.10.34.12:48221
2015-07-29 19:27:54,496 - WARN  [SendWorker:188978561024:QuorumCnxManager$SendWorker@688] - Send worker leaving thread
2015-07-29 19:27:54,496 - WARN  [RecvWorker:188978561024:QuorumCnxManager$RecvWorker@762] - Connection broken for id 188978561024, my id = 3, error = 
2015-07-29 19:27:54,496 - WARN  [RecvWorker:188978561024:QuorumCnxManager$RecvWorker@765] - Interrupting SendWorker
2015-07-29 19:27:54,497 - WARN  [SendWorker:188978561024:QuorumCnxManager$SendWorker@679] - Interrupted while waiting for message on queue
2015-07-29 19:27:54,497 - INFO  [/10.10.34.13:3888:QuorumCnxManager$Listener@493] - Received connection request /10.10.34.12:48223
2015-07-29 19:27:54,497 - WARN  [SendWorker:188978561024:QuorumCnxManager$SendWorker@688] - Send worker leaving thread
2015-07-29 19:27:54,497 - WARN  [RecvWorker:188978561024:QuorumCnxManager$RecvWorker@762] - Connection broken for id 188978561024, my id = 3, error = 
2015-07-29 19:27:54,498 - WARN  [RecvWorker:188978561024:QuorumCnxManager$RecvWorker@765] - Interrupting SendWorker
2015-07-29 19:27:54,498 - WARN  [SendWorker:188978561024:QuorumCnxManager$SendWorker@679] - Interrupted while waiting for message on queue
2015-07-29 19:27:54,498 - WARN  [SendWorker:188978561024:QuorumCnxManager$SendWorker@688] - Send worker leaving thread
2015-07-29 19:27:54,592 - INFO  [/10.10.34.13:3888:QuorumCnxManager$Listener@493] - Received connection request /10.10.34.13:45486
2015-07-29 19:27:54,593 - WARN  [RecvWorker:188978561024:QuorumCnxManager$RecvWorker@762] - Connection broken for id 188978561024, my id = 3, error = 
2015-07-29 19:27:54,593 - WARN  [RecvWorker:188978561024:QuorumCnxManager$RecvWorker@765] - Interrupting SendWorker
2015-07-29 19:27:54,593 - WARN  [SendWorker:188978561024:QuorumCnxManager$SendWorker@679] - Interrupted while waiting for message on queue
2015-07-29 19:27:54,593 - WARN  [SendWorker:188978561024:QuorumCnxManager$SendWorker@688] - Send worker leaving thread
2015-07-29 19:27:54,594 - INFO  [/10.10.34.13:3888:QuorumCnxManager$Listener@493] - Received connection request /10.10.34.13:45489
2015-07-29 19:27:54,594 - WARN  [RecvWorker:188978561024:QuorumCnxManager$RecvWorker@762] - Connection broken for id 188978561024, my id = 3, error = 
2015-07-29 19:27:54,594 - WARN  [RecvWorker:188978561024:QuorumCnxManager$RecvWorker@765] - Interrupting SendWorker
2015-07-29 19:27:54,595 - INFO  [/10.10.34.13:3888:QuorumCnxManager$Listener@493] - Received connection request /10.10.34.13:45491
2015-07-29 19:27:54,595 - WARN  [SendWorker:188978561024:QuorumCnxManager$SendWorker@679] - Interrupted while waiting for message on queue
2015-07-29 19:27:54,595 - WARN  [SendWorker:188978561024:QuorumCnxManager$SendWorker@688] - Send worker leaving thread
2015-07-29 19:27:54,595 - WARN  [RecvWorker:188978561024:QuorumCnxManager$RecvWorker@762] - Connection broken for id 188978561024, my id = 3, error = 
2015-07-29 19:27:54,595 - WARN  [RecvWorker:188978561024:QuorumCnxManager$RecvWorker@765] - Interrupting SendWorker
2015-07-29 19:27:54,596 - WARN  [SendWorker:188978561024:QuorumCnxManager$SendWorker@679] - Interrupted while waiting for message on queue
2015-07-29 19:27:54,596 - WARN  [SendWorker:188978561024:QuorumCnxManager$SendWorker@688] - Send worker leaving thread
2015-07-29 19:27:54,597 - INFO  [/10.10.34.13:3888:QuorumCnxManager$Listener@493] - Received connection request /10.10.34.13:45496
2015-07-29 19:27:54,597 - WARN  [RecvWorker:188978561024:QuorumCnxManager$RecvWorker@762] - Connection broken for id 188978561024, my id = 3, error = 
2015-07-29 19:27:54,597 - WARN  [RecvWorker:188978561024:QuorumCnxManager$RecvWorker@765] - Interrupting SendWorker
2015-07-29 19:27:54,598 - WARN  [SendWorker:188978561024:QuorumCnxManager$SendWorker@679] - Interrupted while waiting for message on queue
2015-07-29 19:27:54,598 - WARN  [SendWorker:188978561024:QuorumCnxManager$SendWorker@688] - Send worker leaving thread
2015-07-29 19:27:57,729 - INFO  [/10.10.34.13:3888:QuorumCnxManager$Listener@493] - Received connection request /10.10.34.11:47888
2015-07-29 19:27:57,730 - WARN  [RecvWorker:188978561024:QuorumCnxManager$RecvWorker@762] - Connection broken for id 188978561024, my id = 3, error = 
2015-07-29 19:27:57,730 - WARN  [RecvWorker:188978561024:QuorumCnxManager$RecvWorker@765] - Interrupting SendWorker
2015-07-29 19:27:57,731 - WARN  [SendWorker:188978561024:QuorumCnxManager$SendWorker@679] - Interrupted while waiting for message on queue
2015-07-29 19:27:57,731 - WARN  [SendWorker:188978561024:QuorumCnxManager$SendWorker@688] - Send worker leaving thread
2015-07-29 19:27:57,731 - INFO  [/10.10.34.13:3888:QuorumCnxManager$Listener@493] - Received connection request /10.10.34.11:47893
2015-07-29 19:27:57,732 - WARN  [RecvWorker:188978561024:QuorumCnxManager$RecvWorker@762] - Connection broken for id 188978561024, my id = 3, error = 
2015-07-29 19:27:57,732 - WARN  [RecvWorker:188978561024:QuorumCnxManager$RecvWorker@765] - Interrupting SendWorker
2015-07-29 19:27:57,732 - INFO  [/10.10.34.13:3888:QuorumCnxManager$Listener@493] - Received connection request /10.10.34.11:47894
2015-07-29 19:27:57,732 - WARN  [SendWorker:188978561024:QuorumCnxManager$SendWorker@679] - Interrupted while waiting for message on queue
2015-07-29 19:27:57,732 - WARN  [SendWorker:188978561024:QuorumCnxManager$SendWorker@688] - Send worker leaving thread
2015-07-29 19:27:57,733 - INFO  [/10.10.34.13:3888:QuorumCnxManager$Listener@493] - Received connection request /10.10.34.11:47895
2015-07-29 19:27:57,733 - WARN  [RecvWorker:188978561024:QuorumCnxManager$RecvWorker@762] - Connection broken for id 188978561024, my id = 3, error = 
2015-07-29 19:27:57,733 - WARN  [RecvWorker:188978561024:QuorumCnxManager$RecvWorker@765] - Interrupting SendWorker
2015-07-29 19:27:57,733 - WARN  [SendWorker:188978561024:QuorumCnxManager$SendWorker@679] - Interrupted while waiting for message on queue
2015-07-29 19:27:57,733 - WARN  [RecvWorker:188978561024:QuorumCnxManager$RecvWorker@762] - Connection broken for id 188978561024, my id = 3, error = 
2015-07-29 19:27:57,733 - WARN  [RecvWorker:188978561024:QuorumCnxManager$RecvWorker@765] - Interrupting SendWorker
2015-07-29 19:27:57,733 - WARN  [SendWorker:188978561024:QuorumCnxManager$SendWorker@688] - Send worker leaving thread
2015-07-29 19:27:57,734 - WARN  [SendWorker:188978561024:QuorumCnxManager$SendWorker@679] - Interrupted while waiting for message on queue
2015-07-29 19:27:57,734 - WARN  [SendWorker:188978561024:QuorumCnxManager$SendWorker@688] - Send worker leaving thread
2015-07-29 19:27:57,833 - INFO  [/10.10.34.13:3888:QuorumCnxManager$Listener@493] - Received connection request /10.10.34.12:48226
2015-07-29 19:27:57,833 - WARN  [RecvWorker:188978561024:QuorumCnxManager$RecvWorker@762] - Connection broken for id 188978561024, my id = 3, error = 
2015-07-29 19:27:57,834 - WARN  [RecvWorker:188978561024:QuorumCnxManager$RecvWorker@765] - Interrupting SendWorker
2015-07-29 19:27:57,834 - WARN  [SendWorker:188978561024:QuorumCnxManager$SendWorker@679] - Interrupted while waiting for message on queue
2015-07-29 19:27:57,834 - WARN  [SendWorker:188978561024:QuorumCnxManager$SendWorker@688] - Send worker leaving thread
2015-07-29 19:27:57,835 - INFO  [/10.10.34.13:3888:QuorumCnxManager$Listener@493] - Received connection request /10.10.34.12:48230
2015-07-29 19:27:57,836 - WARN  [RecvWorker:188978561024:QuorumCnxManager$RecvWorker@762] - Connection broken for id 188978561024, my id = 3, error = 
2015-07-29 19:27:57,836 - WARN  [RecvWorker:188978561024:QuorumCnxManager$RecvWorker@765] - Interrupting SendWorker
2015-07-29 19:27:57,836 - WARN  [SendWorker:188978561024:QuorumCnxManager$SendWorker@679] - Interrupted while waiting for message on queue
2015-07-29 19:27:57,836 - WARN  [SendWorker:188978561024:QuorumCnxManager$SendWorker@688] - Send worker leaving thread
2015-07-29 19:27:57,836 - INFO  [/10.10.34.13:3888:QuorumCnxManager$Listener@493] - Received connection request /10.10.34.12:48234
2015-07-29 19:27:57,837 - WARN  [RecvWorker:188978561024:QuorumCnxManager$RecvWorker@762] - Connection broken for id 188978561024, my id = 3, error = 
2015-07-29 19:27:57,837 - WARN  [RecvWorker:188978561024:QuorumCnxManager$RecvWorker@765] - Interrupting SendWorker
2015-07-29 19:27:57,837 - INFO  [/10.10.34.13:3888:QuorumCnxManager$Listener@493] - Received connection request /10.10.34.12:48235
2015-07-29 19:27:57,837 - WARN  [SendWorker:188978561024:QuorumCnxManager$SendWorker@679] - Interrupted while waiting for message on queue
2015-07-29 19:27:57,838 - WARN  [SendWorker:188978561024:QuorumCnxManager$SendWorker@688] - Send worker leaving thread
2015-07-29 19:27:57,838 - WARN  [RecvWorker:188978561024:QuorumCnxManager$RecvWorker@762] - Connection broken for id 188978561024, my id = 3, error = 
2015-07-29 19:27:57,838 - WARN  [RecvWorker:188978561024:QuorumCnxManager$RecvWorker@765] - Interrupting SendWorker
2015-07-29 19:27:57,839 - WARN  [SendWorker:188978561024:QuorumCnxManager$SendWorker@679] - Interrupted while waiting for message on queue
2015-07-29 19:27:57,839 - WARN  [SendWorker:188978561024:QuorumCnxManager$SendWorker@688] - Send worker leaving thread
2015-07-29 19:27:57,934 - INFO  [/10.10.34.13:3888:QuorumCnxManager$Listener@493] - Received connection request /10.10.34.13:45498
2015-07-29 19:27:57,934 - INFO  [/10.10.34.13:3888:QuorumCnxManager$Listener@493] - Received connection request /10.10.34.13:45500
2015-07-29 19:27:57,934 - WARN  [RecvWorker:188978561024:QuorumCnxManager$RecvWorker@762] - Connection broken for id 188978561024, my id = 3, error = 
2015-07-29 19:27:57,935 - WARN  [RecvWorker:188978561024:QuorumCnxManager$RecvWorker@765] - Interrupting SendWorker
2015-07-29 19:27:57,935 - WARN  [SendWorker:188978561024:QuorumCnxManager$SendWorker@679] - Interrupted while waiting for message on queue
2015-07-29 19:27:57,935 - WARN  [SendWorker:188978561024:QuorumCnxManager$SendWorker@688] - Send worker leaving thread
2015-07-29 19:27:57,935 - WARN  [RecvWorker:188978561024:QuorumCnxManager$RecvWorker@762] - Connection broken for id 188978561024, my id = 3, error = 
2015-07-29 19:27:57,935 - WARN  [RecvWorker:188978561024:QuorumCnxManager$RecvWorker@765] - Interrupting SendWorker
2015-07-29 19:27:57,935 - INFO  [/10.10.34.13:3888:QuorumCnxManager$Listener@493] - Received connection request /10.10.34.13:45503
2015-07-29 19:27:57,936 - WARN  [SendWorker:188978561024:QuorumCnxManager$SendWorker@679] - Interrupted while waiting for message on queue
2015-07-29 19:27:57,936 - WARN  [SendWorker:188978561024:QuorumCnxManager$SendWorker@688] - Send worker leaving thread
2015-07-29 19:27:57,936 - WARN  [RecvWorker:188978561024:QuorumCnxManager$RecvWorker@762] - Connection broken for id 188978561024, my id = 3, error = 
2015-07-29 19:27:57,936 - WARN  [RecvWorker:188978561024:QuorumCnxManager$RecvWorker@765] - Interrupting SendWorker
2015-07-29 19:27:57,936 - WARN  [SendWorker:188978561024:QuorumCnxManager$SendWorker@679] - Interrupted while waiting for message on queue
2015-07-29 19:27:57,937 - WARN  [SendWorker:188978561024:QuorumCnxManager$SendWorker@688] - Send worker leaving thread
2015-07-29 19:27:57,938 - INFO  [/10.10.34.13:3888:QuorumCnxManager$Listener@493] - Received connection request /10.10.34.13:45508
2015-07-29 19:27:57,938 - WARN  [RecvWorker:188978561024:QuorumCnxManager$RecvWorker@762] - Connection broken for id 188978561024, my id = 3, error = 
2015-07-29 19:27:57,938 - WARN  [RecvWorker:188978561024:QuorumCnxManager$RecvWorker@765] - Interrupting SendWorker
2015-07-29 19:27:57,939 - WARN  [SendWorker:188978561024:QuorumCnxManager$SendWorker@679] - Interrupted while waiting for message on queue
2015-07-29 19:27:57,939 - WARN  [SendWorker:188978561024:QuorumCnxManager$SendWorker@688] - Send worker leaving thread
2015-07-29 19:27:58,147 - INFO  [/10.10.34.13:3888:QuorumCnxManager$Listener@493] - Received connection request /10.10.34.11:47898
2015-07-29 19:27:58,148 - WARN  [RecvWorker:188978561024:QuorumCnxManager$RecvWorker@762] - Connection broken for id 188978561024, my id = 3, error = 
2015-07-29 19:27:58,148 - WARN  [RecvWorker:188978561024:QuorumCnxManager$RecvWorker@765] - Interrupting SendWorker
2015-07-29 19:27:58,148 - WARN  [SendWorker:188978561024:QuorumCnxManager$SendWorker@679] - Interrupted while waiting for message on queue
2015-07-29 19:27:58,149 - WARN  [SendWorker:188978561024:QuorumCnxManager$SendWorker@688] - Send worker leaving thread
2015-07-29 19:28:01,070 - INFO  [/10.10.34.13:3888:QuorumCnxManager$Listener@493] - Received connection request /10.10.34.11:47903
2015-07-29 19:28:01,071 - WARN  [RecvWorker:188978561024:QuorumCnxManager$RecvWorker@762] - Connection broken for id 188978561024, my id = 3, error = 
2015-07-29 19:28:01,071 - WARN  [RecvWorker:188978561024:QuorumCnxManager$RecvWorker@765] - Interrupting SendWorker
2015-07-29 19:28:01,071 - WARN  [SendWorker:188978561024:QuorumCnxManager$SendWorker@679] - Interrupted while waiting for message on queue
2015-07-29 19:28:01,072 - INFO  [/10.10.34.13:3888:QuorumCnxManager$Listener@493] - Received connection request /10.10.34.11:47907
2015-07-29 19:28:01,072 - WARN  [SendWorker:188978561024:QuorumCnxManager$SendWorker@688] - Send worker leaving thread
2015-07-29 19:28:01,072 - INFO  [/10.10.34.13:3888:QuorumCnxManager$Listener@493] - Received connection request /10.10.34.11:47909
2015-07-29 19:28:01,072 - WARN  [RecvWorker:188978561024:QuorumCnxManager$RecvWorker@762] - Connection broken for id 188978561024, my id = 3, error = 
2015-07-29 19:28:01,073 - WARN  [RecvWorker:188978561024:QuorumCnxManager$RecvWorker@765] - Interrupting SendWorker
2015-07-29 19:28:01,073 - WARN  [SendWorker:188978561024:QuorumCnxManager$SendWorker@679] - Interrupted while waiting for message on queue
2015-07-29 19:28:01,073 - WARN  [SendWorker:188978561024:QuorumCnxManager$SendWorker@688] - Send worker leaving thread
2015-07-29 19:28:01,073 - INFO  [/10.10.34.13:3888:QuorumCnxManager$Listener@493] - Received connection request /10.10.34.11:47910
2015-07-29 19:28:01,073 - WARN  [RecvWorker:188978561024:QuorumCnxManager$RecvWorker@762] - Connection broken for id 188978561024, my id = 3, error = 
2015-07-29 19:28:01,073 - WARN  [RecvWorker:188978561024:QuorumCnxManager$RecvWorker@765] - Interrupting SendWorker
2015-07-29 19:28:01,073 - WARN  [SendWorker:188978561024:QuorumCnxManager$SendWorker@679] - Interrupted while waiting for message on queue
2015-07-29 19:28:01,074 - WARN  [RecvWorker:188978561024:QuorumCnxManager$RecvWorker@762] - Connection broken for id 188978561024, my id = 3, error = 
2015-07-29 19:28:01,074 - WARN  [SendWorker:188978561024:QuorumCnxManager$SendWorker@688] - Send worker leaving thread
2015-07-29 19:28:01,074 - WARN  [RecvWorker:188978561024:QuorumCnxManager$RecvWorker@765] - Interrupting SendWorker
2015-07-29 19:28:01,074 - WARN  [SendWorker:188978561024:QuorumCnxManager$SendWorker@679] - Interrupted while waiting for message on queue
2015-07-29 19:28:01,075 - WARN  [SendWorker:188978561024:QuorumCnxManager$SendWorker@688] - Send worker leaving thread
2015-07-29 19:28:01,173 - INFO  [/10.10.34.13:3888:QuorumCnxManager$Listener@493] - Received connection request /10.10.34.12:48238
2015-07-29 19:28:01,174 - WARN  [RecvWorker:188978561024:QuorumCnxManager$RecvWorker@762] - Connection broken for id 188978561024, my id = 3, error = 
2015-07-29 19:28:01,174 - WARN  [RecvWorker:188978561024:QuorumCnxManager$RecvWorker@765] - Interrupting SendWorker
2015-07-29 19:28:01,174 - WARN  [SendWorker:188978561024:QuorumCnxManager$SendWorker@679] - Interrupted while waiting for message on queue
2015-07-29 19:28:01,175 - WARN  [SendWorker:188978561024:QuorumCnxManager$SendWorker@688] - Send worker leaving thread
2015-07-29 19:28:01,175 - INFO  [/10.10.34.13:3888:QuorumCnxManager$Listener@493] - Received connection request /10.10.34.12:48240
2015-07-29 19:28:01,176 - WARN  [RecvWorker:188978561024:QuorumCnxManager$RecvWorker@762] - Connection broken for id 188978561024, my id = 3, error = 
2015-07-29 19:28:01,176 - WARN  [RecvWorker:188978561024:QuorumCnxManager$RecvWorker@765] - Interrupting SendWorker
2015-07-29 19:28:01,176 - WARN  [SendWorker:188978561024:QuorumCnxManager$SendWorker@679] - Interrupted while waiting for message on queue
2015-07-29 19:28:01,176 - WARN  [SendWorker:188978561024:QuorumCnxManager$SendWorker@688] - Send worker leaving thread
2015-07-29 19:28:01,177 - INFO  [/10.10.34.13:3888:QuorumCnxManager$Listener@493] - Received connection request /10.10.34.12:48246
2015-07-29 19:28:01,177 - WARN  [RecvWorker:188978561024:QuorumCnxManager$RecvWorker@762] - Connection broken for id 188978561024, my id = 3, error = 
2015-07-29 19:28:01,177 - WARN  [RecvWorker:188978561024:QuorumCnxManager$RecvWorker@765] - Interrupting SendWorker
2015-07-29 19:28:01,178 - WARN  [SendWorker:188978561024:QuorumCnxManager$SendWorker@679] - Interrupted while waiting for message on queue
2015-07-29 19:28:01,178 - INFO  [/10.10.34.13:3888:QuorumCnxManager$Listener@493] - Received connection request /10.10.34.12:48247
2015-07-29 19:28:01,178 - WARN  [SendWorker:188978561024:QuorumCnxManager$SendWorker@688] - Send worker leaving thread
2015-07-29 19:28:01,179 - WARN  [RecvWorker:188978561024:QuorumCnxManager$RecvWorker@762] - Connection broken for id 188978561024, my id = 3, error = 
2015-07-29 19:28:01,179 - WARN  [RecvWorker:188978561024:QuorumCnxManager$RecvWorker@765] - Interrupting SendWorker
2015-07-29 19:28:01,179 - WARN  [SendWorker:188978561024:QuorumCnxManager$SendWorker@679] - Interrupted while waiting for message on queue
2015-07-29 19:28:01,179 - WARN  [SendWorker:188978561024:QuorumCnxManager$SendWorker@688] - Send worker leaving thread
2015-07-29 19:28:01,274 - INFO  [/10.10.34.13:3888:QuorumCnxManager$Listener@493] - Received connection request /10.10.34.13:45510
2015-07-29 19:28:01,275 - INFO  [/10.10.34.13:3888:QuorumCnxManager$Listener@493] - Received connection request /10.10.34.13:45512
2015-07-29 19:28:01,275 - WARN  [RecvWorker:188978561024:QuorumCnxManager$RecvWorker@762] - Connection broken for id 188978561024, my id = 3, error = 
2015-07-29 19:28:01,275 - WARN  [RecvWorker:188978561024:QuorumCnxManager$RecvWorker@765] - Interrupting SendWorker
2015-07-29 19:28:01,275 - WARN  [SendWorker:188978561024:QuorumCnxManager$SendWorker@679] - Interrupted while waiting for message on queue
2015-07-29 19:28:01,276 - INFO  [/10.10.34.13:3888:QuorumCnxManager$Listener@493] - Received connection request /10.10.34.13:45515
2015-07-29 19:28:01,276 - WARN  [SendWorker:188978561024:QuorumCnxManager$SendWorker@688] - Send worker leaving thread
2015-07-29 19:28:01,276 - WARN  [RecvWorker:188978561024:QuorumCnxManager$RecvWorker@762] - Connection broken for id 188978561024, my id = 3, error = 
2015-07-29 19:28:01,276 - WARN  [SendWorker:188978561024:QuorumCnxManager$SendWorker@679] - Interrupted while waiting for message on queue
2015-07-29 19:28:01,276 - WARN  [RecvWorker:188978561024:QuorumCnxManager$RecvWorker@762] - Connection broken for id 188978561024, my id = 3, error = 
2015-07-29 19:28:01,277 - WARN  [RecvWorker:188978561024:QuorumCnxManager$RecvWorker@765] - Interrupting SendWorker
2015-07-29 19:28:01,276 - WARN  [RecvWorker:188978561024:QuorumCnxManager$RecvWorker@765] - Interrupting SendWorker
2015-07-29 19:28:01,277 - WARN  [SendWorker:188978561024:QuorumCnxManager$SendWorker@679] - Interrupted while waiting for message on queue
2015-07-29 19:28:01,276 - WARN  [SendWorker:188978561024:QuorumCnxManager$SendWorker@688] - Send worker leaving thread
2015-07-29 19:28:01,277 - WARN  [SendWorker:188978561024:QuorumCnxManager$SendWorker@688] - Send worker leaving thread
2015-07-29 19:28:01,278 - INFO  [/10.10.34.13:3888:QuorumCnxManager$Listener@493] - Received connection request /10.10.34.13:45520
2015-07-29 19:28:01,279 - WARN  [RecvWorker:188978561024:QuorumCnxManager$RecvWorker@762] - Connection broken for id 188978561024, my id = 3, error = 
2015-07-29 19:28:01,279 - WARN  [RecvWorker:188978561024:QuorumCnxManager$RecvWorker@765] - Interrupting SendWorker
2015-07-29 19:28:01,279 - WARN  [SendWorker:188978561024:QuorumCnxManager$SendWorker@679] - Interrupted while waiting for message on queue
2015-07-29 19:28:01,279 - WARN  [SendWorker:188978561024:QuorumCnxManager$SendWorker@688] - Send worker leaving thread
2015-07-29 19:28:01,488 - INFO  [/10.10.34.13:3888:QuorumCnxManager$Listener@493] - Received connection request /10.10.34.11:47913
2015-07-29 19:28:01,488 - WARN  [RecvWorker:188978561024:QuorumCnxManager$RecvWorker@762] - Connection broken for id 188978561024, my id = 3, error = 
2015-07-29 19:28:01,489 - WARN  [RecvWorker:188978561024:QuorumCnxManager$RecvWorker@765] - Interrupting SendWorker
2015-07-29 19:28:01,489 - WARN  [SendWorker:188978561024:QuorumCnxManager$SendWorker@679] - Interrupted while waiting for message on queue
2015-07-29 19:28:01,489 - WARN  [SendWorker:188978561024:QuorumCnxManager$SendWorker@688] - Send worker leaving thread
2015-07-29 19:28:04,410 - INFO  [/10.10.34.13:3888:QuorumCnxManager$Listener@493] - Received connection request /10.10.34.11:47917
2015-07-29 19:28:04,411 - WARN  [RecvWorker:188978561024:QuorumCnxManager$RecvWorker@762] - Connection broken for id 188978561024, my id = 3, error = 
2015-07-29 19:28:04,411 - WARN  [RecvWorker:188978561024:QuorumCnxManager$RecvWorker@765] - Interrupting SendWorker
2015-07-29 19:28:04,411 - WARN  [SendWorker:188978561024:QuorumCnxManager$SendWorker@679] - Interrupted while waiting for message on queue
2015-07-29 19:28:04,411 - WARN  [SendWorker:188978561024:QuorumCnxManager$SendWorker@688] - Send worker leaving thread
2015-07-29 19:28:04,412 - INFO  [/10.10.34.13:3888:QuorumCnxManager$Listener@493] - Received connection request /10.10.34.11:47923
2015-07-29 19:28:04,413 - WARN  [RecvWorker:188978561024:QuorumCnxManager$RecvWorker@762] - Connection broken for id 188978561024, my id = 3, error = 
2015-07-29 19:28:04,413 - WARN  [RecvWorker:188978561024:QuorumCnxManager$RecvWorker@765] - Interrupting SendWorker
2015-07-29 19:28:04,413 - INFO  [/10.10.34.13:3888:QuorumCnxManager$Listener@493] - Received connection request /10.10.34.11:47924
2015-07-29 19:28:04,413 - WARN  [SendWorker:188978561024:QuorumCnxManager$SendWorker@679] - Interrupted while waiting for message on queue
2015-07-29 19:28:04,414 - WARN  [SendWorker:188978561024:QuorumCnxManager$SendWorker@688] - Send worker leaving thread
2015-07-29 19:28:04,414 - INFO  [/10.10.34.13:3888:QuorumCnxManager$Listener@493] - Received connection request /10.10.34.11:47925
2015-07-29 19:28:04,414 - WARN  [RecvWorker:188978561024:QuorumCnxManager$RecvWorker@762] - Connection broken for id 188978561024, my id = 3, error = 
2015-07-29 19:28:04,414 - WARN  [RecvWorker:188978561024:QuorumCnxManager$RecvWorker@765] - Interrupting SendWorker
2015-07-29 19:28:04,414 - WARN  [SendWorker:188978561024:QuorumCnxManager$SendWorker@679] - Interrupted while waiting for message on queue
2015-07-29 19:28:04,415 - WARN  [SendWorker:188978561024:QuorumCnxManager$SendWorker@688] - Send worker leaving thread
2015-07-29 19:28:04,415 - WARN  [RecvWorker:188978561024:QuorumCnxManager$RecvWorker@762] - Connection broken for id 188978561024, my id = 3, error = 
2015-07-29 19:28:04,415 - WARN  [RecvWorker:188978561024:QuorumCnxManager$RecvWorker@765] - Interrupting SendWorker
2015-07-29 19:28:04,415 - WARN  [SendWorker:188978561024:QuorumCnxManager$SendWorker@679] - Interrupted while waiting for message on queue
2015-07-29 19:28:04,415 - WARN  [SendWorker:188978561024:QuorumCnxManager$SendWorker@688] - Send worker leaving thread
2015-07-29 19:28:04,514 - INFO  [/10.10.34.13:3888:QuorumCnxManager$Listener@493] - Received connection request /10.10.34.12:48250
2015-07-29 19:28:04,514 - WARN  [RecvWorker:188978561024:QuorumCnxManager$RecvWorker@762] - Connection broken for id 188978561024, my id = 3, error = 
2015-07-29 19:28:04,515 - WARN  [RecvWorker:188978561024:QuorumCnxManager$RecvWorker@765] - Interrupting SendWorker
2015-07-29 19:28:04,515 - WARN  [SendWorker:188978561024:QuorumCnxManager$SendWorker@679] - Interrupted while waiting for message on queue
2015-07-29 19:28:04,515 - WARN  [SendWorker:188978561024:QuorumCnxManager$SendWorker@688] - Send worker leaving thread
2015-07-29 19:28:04,516 - INFO  [/10.10.34.13:3888:QuorumCnxManager$Listener@493] - Received connection request /10.10.34.12:48254
2015-07-29 19:28:04,516 - WARN  [RecvWorker:188978561024:QuorumCnxManager$RecvWorker@762] - Connection broken for id 188978561024, my id = 3, error = 
2015-07-29 19:28:04,517 - WARN  [RecvWorker:188978561024:QuorumCnxManager$RecvWorker@765] - Interrupting SendWorker
2015-07-29 19:28:04,517 - WARN  [SendWorker:188978561024:QuorumCnxManager$SendWorker@679] - Interrupted while waiting for message on queue
2015-07-29 19:28:04,517 - INFO  [/10.10.34.13:3888:QuorumCnxManager$Listener@493] - Received connection request /10.10.34.12:48257
2015-07-29 19:28:04,517 - WARN  [SendWorker:188978561024:QuorumCnxManager$SendWorker@688] - Send worker leaving thread
2015-07-29 19:28:04,518 - WARN  [RecvWorker:188978561024:QuorumCnxManager$RecvWorker@762] - Connection broken for id 188978561024, my id = 3, error = 
2015-07-29 19:28:04,518 - WARN  [RecvWorker:188978561024:QuorumCnxManager$RecvWorker@765] - Interrupting SendWorker
2015-07-29 19:28:04,518 - WARN  [SendWorker:188978561024:QuorumCnxManager$SendWorker@679] - Interrupted while waiting for message on queue
2015-07-29 19:28:04,518 - WARN  [SendWorker:188978561024:QuorumCnxManager$SendWorker@688] - Send worker leaving thread
2015-07-29 19:28:04,518 - INFO  [/10.10.34.13:3888:QuorumCnxManager$Listener@493] - Received connection request /10.10.34.12:48259
2015-07-29 19:28:04,519 - WARN  [RecvWorker:188978561024:QuorumCnxManager$RecvWorker@762] - Connection broken for id 188978561024, my id = 3, error = 
2015-07-29 19:28:04,519 - WARN  [RecvWorker:188978561024:QuorumCnxManager$RecvWorker@765] - Interrupting SendWorker
2015-07-29 19:28:04,520 - WARN  [SendWorker:188978561024:QuorumCnxManager$SendWorker@679] - Interrupted while waiting for message on queue
2015-07-29 19:28:04,520 - WARN  [SendWorker:188978561024:QuorumCnxManager$SendWorker@688] - Send worker leaving thread
2015-07-29 19:28:04,615 - INFO  [/10.10.34.13:3888:QuorumCnxManager$Listener@493] - Received connection request /10.10.34.13:45522
2015-07-29 19:28:04,615 - INFO  [/10.10.34.13:3888:QuorumCnxManager$Listener@493] - Received connection request /10.10.34.13:45523
2015-07-29 19:28:04,615 - WARN  [RecvWorker:188978561024:QuorumCnxManager$RecvWorker@762] - Connection broken for id 188978561024, my id = 3, error = 
2015-07-29 19:28:04,616 - WARN  [RecvWorker:188978561024:QuorumCnxManager$RecvWorker@765] - Interrupting SendWorker
2015-07-29 19:28:04,616 - WARN  [SendWorker:188978561024:QuorumCnxManager$SendWorker@679] - Interrupted while waiting for message on queue
2015-07-29 19:28:04,616 - WARN  [RecvWorker:188978561024:QuorumCnxManager$RecvWorker@762] - Connection broken for id 188978561024, my id = 3, error = 
2015-07-29 19:28:04,616 - WARN  [RecvWorker:188978561024:QuorumCnxManager$RecvWorker@765] - Interrupting SendWorker
2015-07-29 19:28:04,616 - WARN  [SendWorker:188978561024:QuorumCnxManager$SendWorker@688] - Send worker leaving thread
2015-07-29 19:28:04,617 - WARN  [SendWorker:188978561024:QuorumCnxManager$SendWorker@679] - Interrupted while waiting for message on queue
2015-07-29 19:28:04,617 - INFO  [/10.10.34.13:3888:QuorumCnxManager$Listener@493] - Received connection request /10.10.34.13:45527
2015-07-29 19:28:04,617 - WARN  [SendWorker:188978561024:QuorumCnxManager$SendWorker@688] - Send worker leaving thread
2015-07-29 19:28:04,617 - WARN  [RecvWorker:188978561024:QuorumCnxManager$RecvWorker@762] - Connection broken for id 188978561024, my id = 3, error = 
2015-07-29 19:28:04,618 - WARN  [RecvWorker:188978561024:QuorumCnxManager$RecvWorker@765] - Interrupting SendWorker
2015-07-29 19:28:04,618 - WARN  [SendWorker:188978561024:QuorumCnxManager$SendWorker@679] - Interrupted while waiting for message on queue
2015-07-29 19:28:04,618 - WARN  [SendWorker:188978561024:QuorumCnxManager$SendWorker@688] - Send worker leaving thread
2015-07-29 19:28:04,619 - INFO  [/10.10.34.13:3888:QuorumCnxManager$Listener@493] - Received connection request /10.10.34.13:45532
2015-07-29 19:28:04,619 - WARN  [RecvWorker:188978561024:QuorumCnxManager$RecvWorker@762] - Connection broken for id 188978561024, my id = 3, error = 
2015-07-29 19:28:04,620 - WARN  [RecvWorker:188978561024:QuorumCnxManager$RecvWorker@765] - Interrupting SendWorker
2015-07-29 19:28:04,620 - WARN  [SendWorker:188978561024:QuorumCnxManager$SendWorker@679] - Interrupted while waiting for message on queue
2015-07-29 19:28:04,620 - WARN  [SendWorker:188978561024:QuorumCnxManager$SendWorker@688] - Send worker leaving thread
2015-07-29 19:28:04,828 - INFO  [/10.10.34.13:3888:QuorumCnxManager$Listener@493] - Received connection request /10.10.34.11:47928
2015-07-29 19:28:04,829 - WARN  [RecvWorker:188978561024:QuorumCnxManager$RecvWorker@762] - Connection broken for id 188978561024, my id = 3, error = 
2015-07-29 19:28:04,829 - WARN  [RecvWorker:188978561024:QuorumCnxManager$RecvWorker@765] - Interrupting SendWorker
2015-07-29 19:28:04,829 - WARN  [SendWorker:188978561024:QuorumCnxManager$SendWorker@679] - Interrupted while waiting for message on queue
2015-07-29 19:28:04,830 - WARN  [SendWorker:188978561024:QuorumCnxManager$SendWorker@688] - Send worker leaving thread
2015-07-29 19:28:07,752 - INFO  [/10.10.34.13:3888:QuorumCnxManager$Listener@493] - Received connection request /10.10.34.11:47933
2015-07-29 19:28:07,752 - WARN  [RecvWorker:188978561024:QuorumCnxManager$RecvWorker@762] - Connection broken for id 188978561024, my id = 3, error = 
2015-07-29 19:28:07,753 - WARN  [RecvWorker:188978561024:QuorumCnxManager$RecvWorker@765] - Interrupting SendWorker
2015-07-29 19:28:07,753 - WARN  [SendWorker:188978561024:QuorumCnxManager$SendWorker@679] - Interrupted while waiting for message on queue
2015-07-29 19:28:07,753 - WARN  [SendWorker:188978561024:QuorumCnxManager$SendWorker@688] - Send worker leaving thread
2015-07-29 19:28:07,753 - INFO  [/10.10.34.13:3888:QuorumCnxManager$Listener@493] - Received connection request /10.10.34.11:47937
2015-07-29 19:28:07,754 - INFO  [/10.10.34.13:3888:QuorumCnxManager$Listener@493] - Received connection request /10.10.34.11:47939
2015-07-29 19:28:07,754 - WARN  [RecvWorker:188978561024:QuorumCnxManager$RecvWorker@762] - Connection broken for id 188978561024, my id = 3, error = 
2015-07-29 19:28:07,754 - WARN  [RecvWorker:188978561024:QuorumCnxManager$RecvWorker@765] - Interrupting SendWorker
2015-07-29 19:28:07,754 - WARN  [SendWorker:188978561024:QuorumCnxManager$SendWorker@679] - Interrupted while waiting for message on queue
2015-07-29 19:28:07,755 - WARN  [RecvWorker:188978561024:QuorumCnxManager$RecvWorker@762] - Connection broken for id 188978561024, my id = 3, error = 
2015-07-29 19:28:07,755 - INFO  [/10.10.34.13:3888:QuorumCnxManager$Listener@493] - Received connection request /10.10.34.11:47940
2015-07-29 19:28:07,755 - WARN  [RecvWorker:188978561024:QuorumCnxManager$RecvWorker@765] - Interrupting SendWorker
2015-07-29 19:28:07,755 - WARN  [SendWorker:188978561024:QuorumCnxManager$SendWorker@688] - Send worker leaving thread
2015-07-29 19:28:07,755 - WARN  [SendWorker:188978561024:QuorumCnxManager$SendWorker@679] - Interrupted while waiting for message on queue
2015-07-29 19:28:07,756 - WARN  [SendWorker:188978561024:QuorumCnxManager$SendWorker@688] - Send worker leaving thread
2015-07-29 19:28:07,756 - WARN  [RecvWorker:188978561024:QuorumCnxManager$RecvWorker@762] - Connection broken for id 188978561024, my id = 3, error = 
2015-07-29 19:28:07,756 - WARN  [RecvWorker:188978561024:QuorumCnxManager$RecvWorker@765] - Interrupting SendWorker
2015-07-29 19:28:07,756 - WARN  [SendWorker:188978561024:QuorumCnxManager$SendWorker@679] - Interrupted while waiting for message on queue
2015-07-29 19:28:07,756 - WARN  [SendWorker:188978561024:QuorumCnxManager$SendWorker@688] - Send worker leaving thread
2015-07-29 19:28:07,854 - INFO  [/10.10.34.13:3888:QuorumCnxManager$Listener@493] - Received connection request /10.10.34.12:48262
2015-07-29 19:28:07,857 - WARN  [RecvWorker:188978561024:QuorumCnxManager$RecvWorker@762] - Connection broken for id 188978561024, my id = 3, error = 
2015-07-29 19:28:07,857 - WARN  [RecvWorker:188978561024:QuorumCnxManager$RecvWorker@765] - Interrupting SendWorker
2015-07-29 19:28:07,857 - INFO  [/10.10.34.13:3888:QuorumCnxManager$Listener@493] - Received connection request /10.10.34.12:48263
2015-07-29 19:28:07,858 - WARN  [SendWorker:188978561024:QuorumCnxManager$SendWorker@679] - Interrupted while waiting for message on queue
2015-07-29 19:28:07,858 - WARN  [SendWorker:188978561024:QuorumCnxManager$SendWorker@688] - Send worker leaving thread
2015-07-29 19:28:07,858 - INFO  [/10.10.34.13:3888:QuorumCnxManager$Listener@493] - Received connection request /10.10.34.12:48266
2015-07-29 19:28:07,858 - WARN  [RecvWorker:188978561024:QuorumCnxManager$RecvWorker@762] - Connection broken for id 188978561024, my id = 3, error = 
2015-07-29 19:28:07,858 - WARN  [RecvWorker:188978561024:QuorumCnxManager$RecvWorker@765] - Interrupting SendWorker
2015-07-29 19:28:07,858 - WARN  [SendWorker:188978561024:QuorumCnxManager$SendWorker@679] - Interrupted while waiting for message on queue
2015-07-29 19:28:07,859 - WARN  [RecvWorker:188978561024:QuorumCnxManager$RecvWorker@762] - Connection broken for id 188978561024, my id = 3, error = 
2015-07-29 19:28:07,859 - INFO  [/10.10.34.13:3888:QuorumCnxManager$Listener@493] - Received connection request /10.10.34.12:48269
2015-07-29 19:28:07,859 - WARN  [RecvWorker:188978561024:QuorumCnxManager$RecvWorker@765] - Interrupting SendWorker
2015-07-29 19:28:07,859 - WARN  [SendWorker:188978561024:QuorumCnxManager$SendWorker@688] - Send worker leaving thread
2015-07-29 19:28:07,859 - WARN  [SendWorker:188978561024:QuorumCnxManager$SendWorker@679] - Interrupted while waiting for message on queue
2015-07-29 19:28:07,860 - WARN  [RecvWorker:188978561024:QuorumCnxManager$RecvWorker@762] - Connection broken for id 188978561024, my id = 3, error = 
2015-07-29 19:28:07,860 - WARN  [SendWorker:188978561024:QuorumCnxManager$SendWorker@688] - Send worker leaving thread
2015-07-29 19:28:07,860 - WARN  [RecvWorker:188978561024:QuorumCnxManager$RecvWorker@765] - Interrupting SendWorker
2015-07-29 19:28:07,860 - WARN  [SendWorker:188978561024:QuorumCnxManager$SendWorker@679] - Interrupted while waiting for message on queue
2015-07-29 19:28:07,860 - WARN  [SendWorker:188978561024:QuorumCnxManager$SendWorker@688] - Send worker leaving thread
2015-07-29 19:28:07,955 - INFO  [/10.10.34.13:3888:QuorumCnxManager$Listener@493] - Received connection request /10.10.34.13:45534
2015-07-29 19:28:07,955 - WARN  [RecvWorker:188978561024:QuorumCnxManager$RecvWorker@762] - Connection broken for id 188978561024, my id = 3, error = 
2015-07-29 19:28:07,956 - WARN  [RecvWorker:188978561024:QuorumCnxManager$RecvWorker@765] - Interrupting SendWorker
2015-07-29 19:28:07,956 - WARN  [SendWorker:188978561024:QuorumCnxManager$SendWorker@679] - Interrupted while waiting for message on queue
2015-07-29 19:28:07,956 - WARN  [SendWorker:188978561024:QuorumCnxManager$SendWorker@688] - Send worker leaving thread
2015-07-29 19:28:07,956 - INFO  [/10.10.34.13:3888:QuorumCnxManager$Listener@493] - Received connection request /10.10.34.13:45537
2015-07-29 19:28:07,957 - WARN  [RecvWorker:188978561024:QuorumCnxManager$RecvWorker@762] - Connection broken for id 188978561024, my id = 3, error = 
2015-07-29 19:28:07,957 - WARN  [RecvWorker:188978561024:QuorumCnxManager$RecvWorker@765] - Interrupting SendWorker
2015-07-29 19:28:07,957 - WARN  [SendWorker:188978561024:QuorumCnxManager$SendWorker@679] - Interrupted while waiting for message on queue
2015-07-29 19:28:07,957 - INFO  [/10.10.34.13:3888:QuorumCnxManager$Listener@493] - Received connection request /10.10.34.13:45540
2015-07-29 19:28:07,957 - WARN  [SendWorker:188978561024:QuorumCnxManager$SendWorker@688] - Send worker leaving thread
2015-07-29 19:28:07,958 - WARN  [RecvWorker:188978561024:QuorumCnxManager$RecvWorker@762] - Connection broken for id 188978561024, my id = 3, error = 
2015-07-29 19:28:07,958 - WARN  [RecvWorker:188978561024:QuorumCnxManager$RecvWorker@765] - Interrupting SendWorker
2015-07-29 19:28:07,958 - WARN  [SendWorker:188978561024:QuorumCnxManager$SendWorker@679] - Interrupted while waiting for message on queue
2015-07-29 19:28:07,959 - WARN  [SendWorker:188978561024:QuorumCnxManager$SendWorker@688] - Send worker leaving thread
2015-07-29 19:28:07,959 - INFO  [/10.10.34.13:3888:QuorumCnxManager$Listener@493] - Received connection request /10.10.34.13:45544
2015-07-29 19:28:07,960 - WARN  [RecvWorker:188978561024:QuorumCnxManager$RecvWorker@762] - Connection broken for id 188978561024, my id = 3, error = 
2015-07-29 19:28:07,960 - WARN  [RecvWorker:188978561024:QuorumCnxManager$RecvWorker@765] - Interrupting SendWorker
2015-07-29 19:28:07,960 - WARN  [SendWorker:188978561024:QuorumCnxManager$SendWorker@679] - Interrupted while waiting for message on queue
2015-07-29 19:28:07,961 - WARN  [SendWorker:188978561024:QuorumCnxManager$SendWorker@688] - Send worker leaving thread
2015-07-29 19:28:08,169 - INFO  [/10.10.34.13:3888:QuorumCnxManager$Listener@493] - Received connection request /10.10.34.11:47943
2015-07-29 19:28:08,170 - WARN  [RecvWorker:188978561024:QuorumCnxManager$RecvWorker@762] - Connection broken for id 188978561024, my id = 3, error = 
2015-07-29 19:28:08,170 - WARN  [RecvWorker:188978561024:QuorumCnxManager$RecvWorker@765] - Interrupting SendWorker
2015-07-29 19:28:08,170 - WARN  [SendWorker:188978561024:QuorumCnxManager$SendWorker@679] - Interrupted while waiting for message on queue
2015-07-29 19:28:08,170 - WARN  [SendWorker:188978561024:QuorumCnxManager$SendWorker@688] - Send worker leaving thread
2015-07-29 19:28:11,092 - INFO  [/10.10.34.13:3888:QuorumCnxManager$Listener@493] - Received connection request /10.10.34.11:47948
2015-07-29 19:28:11,093 - WARN  [RecvWorker:188978561024:QuorumCnxManager$RecvWorker@762] - Connection broken for id 188978561024, my id = 3, error = 
2015-07-29 19:28:11,093 - WARN  [RecvWorker:188978561024:QuorumCnxManager$RecvWorker@765] - Interrupting SendWorker
2015-07-29 19:28:11,094 - WARN  [SendWorker:188978561024:QuorumCnxManager$SendWorker@679] - Interrupted while waiting for message on queue
2015-07-29 19:28:11,094 - WARN  [SendWorker:188978561024:QuorumCnxManager$SendWorker@688] - Send worker leaving thread
2015-07-29 19:28:11,094 - INFO  [/10.10.34.13:3888:QuorumCnxManager$Listener@493] - Received connection request /10.10.34.11:47953
2015-07-29 19:28:11,095 - INFO  [/10.10.34.13:3888:QuorumCnxManager$Listener@493] - Received connection request /10.10.34.11:47954
2015-07-29 19:28:11,095 - WARN  [RecvWorker:188978561024:QuorumCnxManager$RecvWorker@762] - Connection broken for id 188978561024, my id = 3, error = 
2015-07-29 19:28:11,095 - WARN  [RecvWorker:188978561024:QuorumCnxManager$RecvWorker@765] - Interrupting SendWorker
2015-07-29 19:28:11,095 - WARN  [SendWorker:188978561024:QuorumCnxManager$SendWorker@679] - Interrupted while waiting for message on queue
2015-07-29 19:28:11,096 - WARN  [RecvWorker:188978561024:QuorumCnxManager$RecvWorker@762] - Connection broken for id 188978561024, my id = 3, error = 
2015-07-29 19:28:11,096 - INFO  [/10.10.34.13:3888:QuorumCnxManager$Listener@493] - Received connection request /10.10.34.11:47956
2015-07-29 19:28:11,096 - WARN  [SendWorker:188978561024:QuorumCnxManager$SendWorker@688] - Send worker leaving thread
2015-07-29 19:28:11,096 - WARN  [RecvWorker:188978561024:QuorumCnxManager$RecvWorker@765] - Interrupting SendWorker
2015-07-29 19:28:11,096 - WARN  [SendWorker:188978561024:QuorumCnxManager$SendWorker@679] - Interrupted while waiting for message on queue
2015-07-29 19:28:11,096 - WARN  [SendWorker:188978561024:QuorumCnxManager$SendWorker@688] - Send worker leaving thread
2015-07-29 19:28:11,096 - WARN  [RecvWorker:188978561024:QuorumCnxManager$RecvWorker@762] - Connection broken for id 188978561024, my id = 3, error = 
2015-07-29 19:28:11,097 - WARN  [RecvWorker:188978561024:QuorumCnxManager$RecvWorker@765] - Interrupting SendWorker
2015-07-29 19:28:11,097 - WARN  [SendWorker:188978561024:QuorumCnxManager$SendWorker@679] - Interrupted while waiting for message on queue
2015-07-29 19:28:11,097 - WARN  [SendWorker:188978561024:QuorumCnxManager$SendWorker@688] - Send worker leaving thread
2015-07-29 19:28:11,197 - INFO  [/10.10.34.13:3888:QuorumCnxManager$Listener@493] - Received connection request /10.10.34.12:48275
2015-07-29 19:28:11,198 - INFO  [/10.10.34.13:3888:QuorumCnxManager$Listener@493] - Received connection request /10.10.34.12:48276
2015-07-29 19:28:11,198 - WARN  [RecvWorker:188978561024:QuorumCnxManager$RecvWorker@762] - Connection broken for id 188978561024, my id = 3, error = 
2015-07-29 19:28:11,198 - WARN  [RecvWorker:188978561024:QuorumCnxManager$RecvWorker@765] - Interrupting SendWorker
2015-07-29 19:28:11,198 - WARN  [SendWorker:188978561024:QuorumCnxManager$SendWorker@679] - Interrupted while waiting for message on queue
2015-07-29 19:28:11,198 - WARN  [RecvWorker:188978561024:QuorumCnxManager$RecvWorker@762] - Connection broken for id 188978561024, my id = 3, error = 
2015-07-29 19:28:11,199 - WARN  [RecvWorker:188978561024:QuorumCnxManager$RecvWorker@765] - Interrupting SendWorker
2015-07-29 19:28:11,198 - WARN  [SendWorker:188978561024:QuorumCnxManager$SendWorker@688] - Send worker leaving thread
2015-07-29 19:28:11,199 - WARN  [SendWorker:188978561024:QuorumCnxManager$SendWorker@679] - Interrupted while waiting for message on queue
2015-07-29 19:28:11,199 - INFO  [/10.10.34.13:3888:QuorumCnxManager$Listener@493] - Received connection request /10.10.34.12:48280
2015-07-29 19:28:11,199 - WARN  [SendWorker:188978561024:QuorumCnxManager$SendWorker@688] - Send worker leaving thread
2015-07-29 19:28:11,200 - WARN  [RecvWorker:188978561024:QuorumCnxManager$RecvWorker@762] - Connection broken for id 188978561024, my id = 3, error = 
2015-07-29 19:28:11,200 - WARN  [RecvWorker:188978561024:QuorumCnxManager$RecvWorker@765] - Interrupting SendWorker
2015-07-29 19:28:11,200 - INFO  [/10.10.34.13:3888:QuorumCnxManager$Listener@493] - Received connection request /10.10.34.12:48282
2015-07-29 19:28:11,200 - WARN  [SendWorker:188978561024:QuorumCnxManager$SendWorker@679] - Interrupted while waiting for message on queue
2015-07-29 19:28:11,200 - WARN  [SendWorker:188978561024:QuorumCnxManager$SendWorker@688] - Send worker leaving thread
2015-07-29 19:28:11,201 - WARN  [RecvWorker:188978561024:QuorumCnxManager$RecvWorker@762] - Connection broken for id 188978561024, my id = 3, error = 
2015-07-29 19:28:11,201 - WARN  [RecvWorker:188978561024:QuorumCnxManager$RecvWorker@765] - Interrupting SendWorker
2015-07-29 19:28:11,201 - WARN  [SendWorker:188978561024:QuorumCnxManager$SendWorker@679] - Interrupted while waiting for message on queue
2015-07-29 19:28:11,201 - WARN  [SendWorker:188978561024:QuorumCnxManager$SendWorker@688] - Send worker leaving thread
2015-07-29 19:28:11,296 - INFO  [/10.10.34.13:3888:QuorumCnxManager$Listener@493] - Received connection request /10.10.34.13:45546
2015-07-29 19:28:11,297 - INFO  [/10.10.34.13:3888:QuorumCnxManager$Listener@493] - Received connection request /10.10.34.13:45548
2015-07-29 19:28:11,297 - WARN  [RecvWorker:188978561024:QuorumCnxManager$RecvWorker@762] - Connection broken for id 188978561024, my id = 3, error = 
2015-07-29 19:28:11,297 - WARN  [RecvWorker:188978561024:QuorumCnxManager$RecvWorker@765] - Interrupting SendWorker
2015-07-29 19:28:11,297 - WARN  [SendWorker:188978561024:QuorumCnxManager$SendWorker@679] - Interrupted while waiting for message on queue
2015-07-29 19:28:11,298 - WARN  [RecvWorker:188978561024:QuorumCnxManager$RecvWorker@762] - Connection broken for id 188978561024, my id = 3, error = 
2015-07-29 19:28:11,298 - WARN  [RecvWorker:188978561024:QuorumCnxManager$RecvWorker@765] - Interrupting SendWorker
2015-07-29 19:28:11,298 - WARN  [SendWorker:188978561024:QuorumCnxManager$SendWorker@688] - Send worker leaving thread
2015-07-29 19:28:11,298 - WARN  [SendWorker:188978561024:QuorumCnxManager$SendWorker@679] - Interrupted while waiting for message on queue
2015-07-29 19:28:11,299 - WARN  [SendWorker:188978561024:QuorumCnxManager$SendWorker@688] - Send worker leaving thread
2015-07-29 19:28:11,298 - INFO  [/10.10.34.13:3888:QuorumCnxManager$Listener@493] - Received connection request /10.10.34.13:45551
2015-07-29 19:28:11,299 - WARN  [RecvWorker:188978561024:QuorumCnxManager$RecvWorker@762] - Connection broken for id 188978561024, my id = 3, error = 
2015-07-29 19:28:11,300 - WARN  [RecvWorker:188978561024:QuorumCnxManager$RecvWorker@765] - Interrupting SendWorker
2015-07-29 19:28:11,300 - WARN  [SendWorker:188978561024:QuorumCnxManager$SendWorker@679] - Interrupted while waiting for message on queue
2015-07-29 19:28:11,300 - WARN  [SendWorker:188978561024:QuorumCnxManager$SendWorker@688] - Send worker leaving thread
2015-07-29 19:28:11,300 - INFO  [/10.10.34.13:3888:QuorumCnxManager$Listener@493] - Received connection request /10.10.34.13:45556
2015-07-29 19:28:11,301 - WARN  [RecvWorker:188978561024:QuorumCnxManager$RecvWorker@762] - Connection broken for id 188978561024, my id = 3, error = 
2015-07-29 19:28:11,301 - WARN  [RecvWorker:188978561024:QuorumCnxManager$RecvWorker@765] - Interrupting SendWorker
2015-07-29 19:28:11,301 - WARN  [SendWorker:188978561024:QuorumCnxManager$SendWorker@679] - Interrupted while waiting for message on queue
2015-07-29 19:28:11,302 - WARN  [SendWorker:188978561024:QuorumCnxManager$SendWorker@688] - Send worker leaving thread
2015-07-29 19:28:11,509 - INFO  [/10.10.34.13:3888:QuorumCnxManager$Listener@493] - Received connection request /10.10.34.11:47958
2015-07-29 19:28:11,510 - WARN  [RecvWorker:188978561024:QuorumCnxManager$RecvWorker@762] - Connection broken for id 188978561024, my id = 3, error = 
2015-07-29 19:28:11,510 - WARN  [RecvWorker:188978561024:QuorumCnxManager$RecvWorker@765] - Interrupting SendWorker
2015-07-29 19:28:11,510 - WARN  [SendWorker:188978561024:QuorumCnxManager$SendWorker@679] - Interrupted while waiting for message on queue
2015-07-29 19:28:11,511 - WARN  [SendWorker:188978561024:QuorumCnxManager$SendWorker@688] - Send worker leaving thread
2015-07-29 19:28:14,434 - INFO  [/10.10.34.13:3888:QuorumCnxManager$Listener@493] - Received connection request /10.10.34.11:47963
2015-07-29 19:28:14,434 - WARN  [RecvWorker:188978561024:QuorumCnxManager$RecvWorker@762] - Connection broken for id 188978561024, my id = 3, error = 
2015-07-29 19:28:14,435 - WARN  [RecvWorker:188978561024:QuorumCnxManager$RecvWorker@765] - Interrupting SendWorker
2015-07-29 19:28:14,435 - WARN  [SendWorker:188978561024:QuorumCnxManager$SendWorker@679] - Interrupted while waiting for message on queue
2015-07-29 19:28:14,435 - WARN  [SendWorker:188978561024:QuorumCnxManager$SendWorker@688] - Send worker leaving thread
2015-07-29 19:28:14,435 - INFO  [/10.10.34.13:3888:QuorumCnxManager$Listener@493] - Received connection request /10.10.34.11:47968
2015-07-29 19:28:14,436 - INFO  [/10.10.34.13:3888:QuorumCnxManager$Listener@493] - Received connection request /10.10.34.11:47969
2015-07-29 19:28:14,436 - WARN  [RecvWorker:188978561024:QuorumCnxManager$RecvWorker@762] - Connection broken for id 188978561024, my id = 3, error = 
2015-07-29 19:28:14,436 - WARN  [RecvWorker:188978561024:QuorumCnxManager$RecvWorker@765] - Interrupting SendWorker
2015-07-29 19:28:14,436 - WARN  [SendWorker:188978561024:QuorumCnxManager$SendWorker@679] - Interrupted while waiting for message on queue
2015-07-29 19:28:14,437 - WARN  [RecvWorker:188978561024:QuorumCnxManager$RecvWorker@762] - Connection broken for id 188978561024, my id = 3, error = 
2015-07-29 19:28:14,436 - INFO  [/10.10.34.13:3888:QuorumCnxManager$Listener@493] - Received connection request /10.10.34.11:47970
2015-07-29 19:28:14,437 - WARN  [RecvWorker:188978561024:QuorumCnxManager$RecvWorker@765] - Interrupting SendWorker
2015-07-29 19:28:14,437 - WARN  [SendWorker:188978561024:QuorumCnxManager$SendWorker@688] - Send worker leaving thread
2015-07-29 19:28:14,437 - WARN  [SendWorker:188978561024:QuorumCnxManager$SendWorker@679] - Interrupted while waiting for message on queue
2015-07-29 19:28:14,437 - WARN  [SendWorker:188978561024:QuorumCnxManager$SendWorker@688] - Send worker leaving thread
2015-07-29 19:28:14,438 - WARN  [RecvWorker:188978561024:QuorumCnxManager$RecvWorker@762] - Connection broken for id 188978561024, my id = 3, error = 
2015-07-29 19:28:14,438 - WARN  [RecvWorker:188978561024:QuorumCnxManager$RecvWorker@765] - Interrupting SendWorker
2015-07-29 19:28:14,438 - WARN  [SendWorker:188978561024:QuorumCnxManager$SendWorker@679] - Interrupted while waiting for message on queue
2015-07-29 19:28:14,438 - WARN  [SendWorker:188978561024:QuorumCnxManager$SendWorker@688] - Send worker leaving thread
2015-07-29 19:28:14,538 - INFO  [/10.10.34.13:3888:QuorumCnxManager$Listener@493] - Received connection request /10.10.34.12:48288
2015-07-29 19:28:14,539 - WARN  [RecvWorker:188978561024:QuorumCnxManager$RecvWorker@762] - Connection broken for id 188978561024, my id = 3, error = 
2015-07-29 19:28:14,539 - WARN  [RecvWorker:188978561024:QuorumCnxManager$RecvWorker@765] - Interrupting SendWorker
2015-07-29 19:28:14,539 - INFO  [/10.10.34.13:3888:QuorumCnxManager$Listener@493] - Received connection request /10.10.34.12:48290
2015-07-29 19:28:14,539 - WARN  [SendWorker:188978561024:QuorumCnxManager$SendWorker@679] - Interrupted while waiting for message on queue
2015-07-29 19:28:14,540 - WARN  [SendWorker:188978561024:QuorumCnxManager$SendWorker@688] - Send worker leaving thread
2015-07-29 19:28:14,540 - INFO  [/10.10.34.13:3888:QuorumCnxManager$Listener@493] - Received connection request /10.10.34.12:48291
2015-07-29 19:28:14,540 - WARN  [RecvWorker:188978561024:QuorumCnxManager$RecvWorker@762] - Connection broken for id 188978561024, my id = 3, error = 
2015-07-29 19:28:14,540 - WARN  [RecvWorker:188978561024:QuorumCnxManager$RecvWorker@765] - Interrupting SendWorker
2015-07-29 19:28:14,540 - WARN  [SendWorker:188978561024:QuorumCnxManager$SendWorker@679] - Interrupted while waiting for message on queue
2015-07-29 19:28:14,540 - INFO  [/10.10.34.13:3888:QuorumCnxManager$Listener@493] - Received connection request /10.10.34.12:48293
2015-07-29 19:28:14,540 - WARN  [SendWorker:188978561024:QuorumCnxManager$SendWorker@688] - Send worker leaving thread
2015-07-29 19:28:14,540 - WARN  [RecvWorker:188978561024:QuorumCnxManager$RecvWorker@762] - Connection broken for id 188978561024, my id = 3, error = 
2015-07-29 19:28:14,541 - WARN  [SendWorker:188978561024:QuorumCnxManager$SendWorker@679] - Interrupted while waiting for message on queue
2015-07-29 19:28:14,541 - WARN  [RecvWorker:188978561024:QuorumCnxManager$RecvWorker@762] - Connection broken for id 188978561024, my id = 3, error = 
2015-07-29 19:28:14,541 - WARN  [RecvWorker:188978561024:QuorumCnxManager$RecvWorker@765] - Interrupting SendWorker
2015-07-29 19:28:14,541 - WARN  [RecvWorker:188978561024:QuorumCnxManager$RecvWorker@765] - Interrupting SendWorker
2015-07-29 19:28:14,541 - WARN  [SendWorker:188978561024:QuorumCnxManager$SendWorker@688] - Send worker leaving thread
2015-07-29 19:28:14,542 - WARN  [SendWorker:188978561024:QuorumCnxManager$SendWorker@679] - Interrupted while waiting for message on queue
2015-07-29 19:28:14,542 - WARN  [SendWorker:188978561024:QuorumCnxManager$SendWorker@688] - Send worker leaving thread
2015-07-29 19:28:14,637 - INFO  [/10.10.34.13:3888:QuorumCnxManager$Listener@493] - Received connection request /10.10.34.13:45558
2015-07-29 19:28:14,637 - INFO  [/10.10.34.13:3888:QuorumCnxManager$Listener@493] - Received connection request /10.10.34.13:45559
2015-07-29 19:28:14,637 - WARN  [RecvWorker:188978561024:QuorumCnxManager$RecvWorker@762] - Connection broken for id 188978561024, my id = 3, error = 
2015-07-29 19:28:14,638 - WARN  [RecvWorker:188978561024:QuorumCnxManager$RecvWorker@765] - Interrupting SendWorker
2015-07-29 19:28:14,638 - WARN  [SendWorker:188978561024:QuorumCnxManager$SendWorker@679] - Interrupted while waiting for message on queue
2015-07-29 19:28:14,638 - WARN  [RecvWorker:188978561024:QuorumCnxManager$RecvWorker@762] - Connection broken for id 188978561024, my id = 3, error = 
2015-07-29 19:28:14,638 - WARN  [RecvWorker:188978561024:QuorumCnxManager$RecvWorker@765] - Interrupting SendWorker
2015-07-29 19:28:14,638 - WARN  [SendWorker:188978561024:QuorumCnxManager$SendWorker@688] - Send worker leaving thread
2015-07-29 19:28:14,639 - WARN  [SendWorker:188978561024:QuorumCnxManager$SendWorker@679] - Interrupted while waiting for message on queue
2015-07-29 19:28:14,639 - WARN  [SendWorker:188978561024:QuorumCnxManager$SendWorker@688] - Send worker leaving thread
2015-07-29 19:28:14,639 - INFO  [/10.10.34.13:3888:QuorumCnxManager$Listener@493] - Received connection request /10.10.34.13:45564
2015-07-29 19:28:14,640 - WARN  [RecvWorker:188978561024:QuorumCnxManager$RecvWorker@762] - Connection broken for id 188978561024, my id = 3, error = 
2015-07-29 19:28:14,640 - WARN  [RecvWorker:188978561024:QuorumCnxManager$RecvWorker@765] - Interrupting SendWorker
2015-07-29 19:28:14,640 - WARN  [SendWorker:188978561024:QuorumCnxManager$SendWorker@679] - Interrupted while waiting for message on queue
2015-07-29 19:28:14,640 - WARN  [SendWorker:188978561024:QuorumCnxManager$SendWorker@688] - Send worker leaving thread
2015-07-29 19:28:14,641 - INFO  [/10.10.34.13:3888:QuorumCnxManager$Listener@493] - Received connection request /10.10.34.13:45568
2015-07-29 19:28:14,642 - WARN  [RecvWorker:188978561024:QuorumCnxManager$RecvWorker@762] - Connection broken for id 188978561024, my id = 3, error = 
2015-07-29 19:28:14,642 - WARN  [RecvWorker:188978561024:QuorumCnxManager$RecvWorker@765] - Interrupting SendWorker
2015-07-29 19:28:14,642 - WARN  [SendWorker:188978561024:QuorumCnxManager$SendWorker@679] - Interrupted while waiting for message on queue
2015-07-29 19:28:14,642 - WARN  [SendWorker:188978561024:QuorumCnxManager$SendWorker@688] - Send worker leaving thread
2015-07-29 19:28:14,850 - INFO  [/10.10.34.13:3888:QuorumCnxManager$Listener@493] - Received connection request /10.10.34.11:47973
2015-07-29 19:28:14,851 - WARN  [RecvWorker:188978561024:QuorumCnxManager$RecvWorker@762] - Connection broken for id 188978561024, my id = 3, error = 
2015-07-29 19:28:14,851 - WARN  [RecvWorker:188978561024:QuorumCnxManager$RecvWorker@765] - Interrupting SendWorker
2015-07-29 19:28:14,851 - WARN  [SendWorker:188978561024:QuorumCnxManager$SendWorker@679] - Interrupted while waiting for message on queue
2015-07-29 19:28:14,851 - WARN  [SendWorker:188978561024:QuorumCnxManager$SendWorker@688] - Send worker leaving thread
2015-07-29 19:28:17,774 - INFO  [/10.10.34.13:3888:QuorumCnxManager$Listener@493] - Received connection request /10.10.34.11:47978
2015-07-29 19:28:17,775 - WARN  [RecvWorker:188978561024:QuorumCnxManager$RecvWorker@762] - Connection broken for id 188978561024, my id = 3, error = 
2015-07-29 19:28:17,775 - WARN  [RecvWorker:188978561024:QuorumCnxManager$RecvWorker@765] - Interrupting SendWorker
2015-07-29 19:28:17,776 - WARN  [SendWorker:188978561024:QuorumCnxManager$SendWorker@679] - Interrupted while waiting for message on queue
2015-07-29 19:28:17,776 - WARN  [SendWorker:188978561024:QuorumCnxManager$SendWorker@688] - Send worker leaving thread
2015-07-29 19:28:17,776 - INFO  [/10.10.34.13:3888:QuorumCnxManager$Listener@493] - Received connection request /10.10.34.11:47983
2015-07-29 19:28:17,777 - INFO  [/10.10.34.13:3888:QuorumCnxManager$Listener@493] - Received connection request /10.10.34.11:47984
2015-07-29 19:28:17,777 - WARN  [RecvWorker:188978561024:QuorumCnxManager$RecvWorker@762] - Connection broken for id 188978561024, my id = 3, error = 
2015-07-29 19:28:17,777 - WARN  [RecvWorker:188978561024:QuorumCnxManager$RecvWorker@765] - Interrupting SendWorker
2015-07-29 19:28:17,777 - WARN  [SendWorker:188978561024:QuorumCnxManager$SendWorker@679] - Interrupted while waiting for message on queue
2015-07-29 19:28:17,777 - WARN  [RecvWorker:188978561024:QuorumCnxManager$RecvWorker@762] - Connection broken for id 188978561024, my id = 3, error = 
2015-07-29 19:28:17,777 - INFO  [/10.10.34.13:3888:QuorumCnxManager$Listener@493] - Received connection request /10.10.34.11:47985
2015-07-29 19:28:17,778 - WARN  [RecvWorker:188978561024:QuorumCnxManager$RecvWorker@765] - Interrupting SendWorker
2015-07-29 19:28:17,777 - WARN  [SendWorker:188978561024:QuorumCnxManager$SendWorker@688] - Send worker leaving thread
2015-07-29 19:28:17,778 - WARN  [SendWorker:188978561024:QuorumCnxManager$SendWorker@679] - Interrupted while waiting for message on queue
2015-07-29 19:28:17,778 - WARN  [RecvWorker:188978561024:QuorumCnxManager$RecvWorker@762] - Connection broken for id 188978561024, my id = 3, error = 
2015-07-29 19:28:17,779 - WARN  [RecvWorker:188978561024:QuorumCnxManager$RecvWorker@765] - Interrupting SendWorker
2015-07-29 19:28:17,778 - WARN  [SendWorker:188978561024:QuorumCnxManager$SendWorker@688] - Send worker leaving thread
2015-07-29 19:28:17,779 - WARN  [SendWorker:188978561024:QuorumCnxManager$SendWorker@679] - Interrupted while waiting for message on queue
2015-07-29 19:28:17,779 - WARN  [SendWorker:188978561024:QuorumCnxManager$SendWorker@688] - Send worker leaving thread
2015-07-29 19:28:17,879 - INFO  [/10.10.34.13:3888:QuorumCnxManager$Listener@493] - Received connection request /10.10.34.12:48300
2015-07-29 19:28:17,879 - WARN  [RecvWorker:188978561024:QuorumCnxManager$RecvWorker@762] - Connection broken for id 188978561024, my id = 3, error = 
2015-07-29 19:28:17,880 - WARN  [RecvWorker:188978561024:QuorumCnxManager$RecvWorker@765] - Interrupting SendWorker
2015-07-29 19:28:17,880 - INFO  [/10.10.34.13:3888:QuorumCnxManager$Listener@493] - Received connection request /10.10.34.12:48301
2015-07-29 19:28:17,880 - WARN  [SendWorker:188978561024:QuorumCnxManager$SendWorker@679] - Interrupted while waiting for message on queue
2015-07-29 19:28:17,880 - WARN  [SendWorker:188978561024:QuorumCnxManager$SendWorker@688] - Send worker leaving thread
2015-07-29 19:28:17,880 - INFO  [/10.10.34.13:3888:QuorumCnxManager$Listener@493] - Received connection request /10.10.34.12:48303
2015-07-29 19:28:17,880 - WARN  [RecvWorker:188978561024:QuorumCnxManager$RecvWorker@762] - Connection broken for id 188978561024, my id = 3, error = 
2015-07-29 19:28:17,881 - WARN  [RecvWorker:188978561024:QuorumCnxManager$RecvWorker@765] - Interrupting SendWorker
2015-07-29 19:28:17,881 - WARN  [SendWorker:188978561024:QuorumCnxManager$SendWorker@679] - Interrupted while waiting for message on queue
2015-07-29 19:28:17,881 - WARN  [SendWorker:188978561024:QuorumCnxManager$SendWorker@688] - Send worker leaving thread
2015-07-29 19:28:17,881 - WARN  [RecvWorker:188978561024:QuorumCnxManager$RecvWorker@762] - Connection broken for id 188978561024, my id = 3, error = 
2015-07-29 19:28:17,881 - WARN  [RecvWorker:188978561024:QuorumCnxManager$RecvWorker@765] - Interrupting SendWorker
2015-07-29 19:28:17,881 - INFO  [/10.10.34.13:3888:QuorumCnxManager$Listener@493] - Received connection request /10.10.34.12:48306
2015-07-29 19:28:17,882 - WARN  [SendWorker:188978561024:QuorumCnxManager$SendWorker@679] - Interrupted while waiting for message on queue
2015-07-29 19:28:17,882 - WARN  [SendWorker:188978561024:QuorumCnxManager$SendWorker@688] - Send worker leaving thread
2015-07-29 19:28:17,882 - WARN  [RecvWorker:188978561024:QuorumCnxManager$RecvWorker@762] - Connection broken for id 188978561024, my id = 3, error = 
2015-07-29 19:28:17,882 - WARN  [RecvWorker:188978561024:QuorumCnxManager$RecvWorker@765] - Interrupting SendWorker
2015-07-29 19:28:17,883 - WARN  [SendWorker:188978561024:QuorumCnxManager$SendWorker@679] - Interrupted while waiting for message on queue
2015-07-29 19:28:17,883 - WARN  [SendWorker:188978561024:QuorumCnxManager$SendWorker@688] - Send worker leaving thread
2015-07-29 19:28:17,978 - INFO  [/10.10.34.13:3888:QuorumCnxManager$Listener@493] - Received connection request /10.10.34.13:45570
2015-07-29 19:28:17,978 - INFO  [/10.10.34.13:3888:QuorumCnxManager$Listener@493] - Received connection request /10.10.34.13:45571
2015-07-29 19:28:17,978 - WARN  [RecvWorker:188978561024:QuorumCnxManager$RecvWorker@762] - Connection broken for id 188978561024, my id = 3, error = 
2015-07-29 19:28:17,979 - WARN  [RecvWorker:188978561024:QuorumCnxManager$RecvWorker@765] - Interrupting SendWorker
2015-07-29 19:28:17,979 - WARN  [SendWorker:188978561024:QuorumCnxManager$SendWorker@679] - Interrupted while waiting for message on queue
2015-07-29 19:28:17,979 - WARN  [RecvWorker:188978561024:QuorumCnxManager$RecvWorker@762] - Connection broken for id 188978561024, my id = 3, error = 
2015-07-29 19:28:17,979 - WARN  [RecvWorker:188978561024:QuorumCnxManager$RecvWorker@765] - Interrupting SendWorker
2015-07-29 19:28:17,979 - WARN  [SendWorker:188978561024:QuorumCnxManager$SendWorker@688] - Send worker leaving thread
2015-07-29 19:28:17,980 - WARN  [SendWorker:188978561024:QuorumCnxManager$SendWorker@679] - Interrupted while waiting for message on queue
2015-07-29 19:28:17,980 - INFO  [/10.10.34.13:3888:QuorumCnxManager$Listener@493] - Received connection request /10.10.34.13:45575
2015-07-29 19:28:17,980 - WARN  [SendWorker:188978561024:QuorumCnxManager$SendWorker@688] - Send worker leaving thread
2015-07-29 19:28:17,980 - WARN  [RecvWorker:188978561024:QuorumCnxManager$RecvWorker@762] - Connection broken for id 188978561024, my id = 3, error = 
2015-07-29 19:28:17,981 - WARN  [RecvWorker:188978561024:QuorumCnxManager$RecvWorker@765] - Interrupting SendWorker
2015-07-29 19:28:17,981 - WARN  [SendWorker:188978561024:QuorumCnxManager$SendWorker@679] - Interrupted while waiting for message on queue
2015-07-29 19:28:17,981 - WARN  [SendWorker:188978561024:QuorumCnxManager$SendWorker@688] - Send worker leaving thread
2015-07-29 19:28:17,982 - INFO  [/10.10.34.13:3888:QuorumCnxManager$Listener@493] - Received connection request /10.10.34.13:45580
2015-07-29 19:28:17,982 - WARN  [RecvWorker:188978561024:QuorumCnxManager$RecvWorker@762] - Connection broken for id 188978561024, my id = 3, error = 
2015-07-29 19:28:17,983 - WARN  [RecvWorker:188978561024:QuorumCnxManager$RecvWorker@765] - Interrupting SendWorker
2015-07-29 19:28:17,983 - WARN  [SendWorker:188978561024:QuorumCnxManager$SendWorker@679] - Interrupted while waiting for message on queue
2015-07-29 19:28:17,983 - WARN  [SendWorker:188978561024:QuorumCnxManager$SendWorker@688] - Send worker leaving thread
2015-07-29 19:28:18,191 - INFO  [/10.10.34.13:3888:QuorumCnxManager$Listener@493] - Received connection request /10.10.34.11:47988
2015-07-29 19:28:18,191 - WARN  [RecvWorker:188978561024:QuorumCnxManager$RecvWorker@762] - Connection broken for id 188978561024, my id = 3, error = 
2015-07-29 19:28:18,191 - WARN  [RecvWorker:188978561024:QuorumCnxManager$RecvWorker@765] - Interrupting SendWorker
2015-07-29 19:28:18,192 - WARN  [SendWorker:188978561024:QuorumCnxManager$SendWorker@679] - Interrupted while waiting for message on queue
2015-07-29 19:28:18,192 - WARN  [SendWorker:188978561024:QuorumCnxManager$SendWorker@688] - Send worker leaving thread
2015-07-29 19:28:21,115 - INFO  [/10.10.34.13:3888:QuorumCnxManager$Listener@493] - Received connection request /10.10.34.11:47993
2015-07-29 19:28:21,116 - WARN  [RecvWorker:188978561024:QuorumCnxManager$RecvWorker@762] - Connection broken for id 188978561024, my id = 3, error = 
2015-07-29 19:28:21,116 - WARN  [RecvWorker:188978561024:QuorumCnxManager$RecvWorker@765] - Interrupting SendWorker
2015-07-29 19:28:21,116 - WARN  [SendWorker:188978561024:QuorumCnxManager$SendWorker@679] - Interrupted while waiting for message on queue
2015-07-29 19:28:21,117 - WARN  [SendWorker:188978561024:QuorumCnxManager$SendWorker@688] - Send worker leaving thread
2015-07-29 19:28:21,117 - INFO  [/10.10.34.13:3888:QuorumCnxManager$Listener@493] - Received connection request /10.10.34.11:47998
2015-07-29 19:28:21,117 - WARN  [RecvWorker:188978561024:QuorumCnxManager$RecvWorker@762] - Connection broken for id 188978561024, my id = 3, error = 
2015-07-29 19:28:21,118 - WARN  [RecvWorker:188978561024:QuorumCnxManager$RecvWorker@765] - Interrupting SendWorker
2015-07-29 19:28:21,117 - INFO  [/10.10.34.13:3888:QuorumCnxManager$Listener@493] - Received connection request /10.10.34.11:47999
2015-07-29 19:28:21,118 - WARN  [SendWorker:188978561024:QuorumCnxManager$SendWorker@679] - Interrupted while waiting for message on queue
2015-07-29 19:28:21,118 - WARN  [SendWorker:188978561024:QuorumCnxManager$SendWorker@688] - Send worker leaving thread
2015-07-29 19:28:21,118 - INFO  [/10.10.34.13:3888:QuorumCnxManager$Listener@493] - Received connection request /10.10.34.11:48000
2015-07-29 19:28:21,118 - WARN  [RecvWorker:188978561024:QuorumCnxManager$RecvWorker@762] - Connection broken for id 188978561024, my id = 3, error = 
2015-07-29 19:28:21,119 - WARN  [RecvWorker:188978561024:QuorumCnxManager$RecvWorker@765] - Interrupting SendWorker
2015-07-29 19:28:21,119 - WARN  [SendWorker:188978561024:QuorumCnxManager$SendWorker@679] - Interrupted while waiting for message on queue
2015-07-29 19:28:21,119 - WARN  [RecvWorker:188978561024:QuorumCnxManager$RecvWorker@762] - Connection broken for id 188978561024, my id = 3, error = 
2015-07-29 19:28:21,119 - WARN  [RecvWorker:188978561024:QuorumCnxManager$RecvWorker@765] - Interrupting SendWorker
2015-07-29 19:28:21,119 - WARN  [SendWorker:188978561024:QuorumCnxManager$SendWorker@688] - Send worker leaving thread
2015-07-29 19:28:21,120 - WARN  [SendWorker:188978561024:QuorumCnxManager$SendWorker@679] - Interrupted while waiting for message on queue
2015-07-29 19:28:21,120 - WARN  [SendWorker:188978561024:QuorumCnxManager$SendWorker@688] - Send worker leaving thread
2015-07-29 19:28:21,219 - INFO  [/10.10.34.13:3888:QuorumCnxManager$Listener@493] - Received connection request /10.10.34.12:48311
2015-07-29 19:28:21,220 - WARN  [RecvWorker:188978561024:QuorumCnxManager$RecvWorker@762] - Connection broken for id 188978561024, my id = 3, error = 
2015-07-29 19:28:21,220 - WARN  [RecvWorker:188978561024:QuorumCnxManager$RecvWorker@765] - Interrupting SendWorker
2015-07-29 19:28:21,220 - WARN  [SendWorker:188978561024:QuorumCnxManager$SendWorker@679] - Interrupted while waiting for message on queue
2015-07-29 19:28:21,221 - INFO  [/10.10.34.13:3888:QuorumCnxManager$Listener@493] - Received connection request /10.10.34.12:48313
2015-07-29 19:28:21,221 - WARN  [SendWorker:188978561024:QuorumCnxManager$SendWorker@688] - Send worker leaving thread
2015-07-29 19:28:21,221 - INFO  [/10.10.34.13:3888:QuorumCnxManager$Listener@493] - Received connection request /10.10.34.12:48316
2015-07-29 19:28:21,221 - WARN  [RecvWorker:188978561024:QuorumCnxManager$RecvWorker@762] - Connection broken for id 188978561024, my id = 3, error = 
2015-07-29 19:28:21,221 - WARN  [RecvWorker:188978561024:QuorumCnxManager$RecvWorker@765] - Interrupting SendWorker
2015-07-29 19:28:21,222 - WARN  [SendWorker:188978561024:QuorumCnxManager$SendWorker@679] - Interrupted while waiting for message on queue
2015-07-29 19:28:21,222 - WARN  [SendWorker:188978561024:QuorumCnxManager$SendWorker@688] - Send worker leaving thread
2015-07-29 19:28:21,222 - WARN  [RecvWorker:188978561024:QuorumCnxManager$RecvWorker@762] - Connection broken for id 188978561024, my id = 3, error = 
2015-07-29 19:28:21,222 - WARN  [RecvWorker:188978561024:QuorumCnxManager$RecvWorker@765] - Interrupting SendWorker
2015-07-29 19:28:21,222 - INFO  [/10.10.34.13:3888:QuorumCnxManager$Listener@493] - Received connection request /10.10.34.12:48319
2015-07-29 19:28:21,222 - WARN  [SendWorker:188978561024:QuorumCnxManager$SendWorker@679] - Interrupted while waiting for message on queue
2015-07-29 19:28:21,223 - WARN  [SendWorker:188978561024:QuorumCnxManager$SendWorker@688] - Send worker leaving thread
2015-07-29 19:28:21,223 - WARN  [RecvWorker:188978561024:QuorumCnxManager$RecvWorker@762] - Connection broken for id 188978561024, my id = 3, error = 
2015-07-29 19:28:21,223 - WARN  [RecvWorker:188978561024:QuorumCnxManager$RecvWorker@765] - Interrupting SendWorker
2015-07-29 19:28:21,223 - WARN  [SendWorker:188978561024:QuorumCnxManager$SendWorker@679] - Interrupted while waiting for message on queue
2015-07-29 19:28:21,224 - WARN  [SendWorker:188978561024:QuorumCnxManager$SendWorker@688] - Send worker leaving thread
2015-07-29 19:28:21,318 - INFO  [/10.10.34.13:3888:QuorumCnxManager$Listener@493] - Received connection request /10.10.34.13:45582
2015-07-29 19:28:21,319 - INFO  [/10.10.34.13:3888:QuorumCnxManager$Listener@493] - Received connection request /10.10.34.13:45583
2015-07-29 19:28:21,319 - WARN  [RecvWorker:188978561024:QuorumCnxManager$RecvWorker@762] - Connection broken for id 188978561024, my id = 3, error = 
2015-07-29 19:28:21,319 - WARN  [RecvWorker:188978561024:QuorumCnxManager$RecvWorker@765] - Interrupting SendWorker
2015-07-29 19:28:21,319 - WARN  [SendWorker:188978561024:QuorumCnxManager$SendWorker@679] - Interrupted while waiting for message on queue
2015-07-29 19:28:21,320 - WARN  [RecvWorker:188978561024:QuorumCnxManager$RecvWorker@762] - Connection broken for id 188978561024, my id = 3, error = 
2015-07-29 19:28:21,320 - WARN  [RecvWorker:188978561024:QuorumCnxManager$RecvWorker@765] - Interrupting SendWorker
2015-07-29 19:28:21,320 - WARN  [SendWorker:188978561024:QuorumCnxManager$SendWorker@688] - Send worker leaving thread
2015-07-29 19:28:21,320 - WARN  [SendWorker:188978561024:QuorumCnxManager$SendWorker@679] - Interrupted while waiting for message on queue
2015-07-29 19:28:21,320 - INFO  [/10.10.34.13:3888:QuorumCnxManager$Listener@493] - Received connection request /10.10.34.13:45587
2015-07-29 19:28:21,321 - WARN  [SendWorker:188978561024:QuorumCnxManager$SendWorker@688] - Send worker leaving thread
2015-07-29 19:28:21,321 - WARN  [RecvWorker:188978561024:QuorumCnxManager$RecvWorker@762] - Connection broken for id 188978561024, my id = 3, error = 
2015-07-29 19:28:21,321 - WARN  [RecvWorker:188978561024:QuorumCnxManager$RecvWorker@765] - Interrupting SendWorker
2015-07-29 19:28:21,322 - WARN  [SendWorker:188978561024:QuorumCnxManager$SendWorker@679] - Interrupted while waiting for message on queue
2015-07-29 19:28:21,322 - WARN  [SendWorker:188978561024:QuorumCnxManager$SendWorker@688] - Send worker leaving thread
2015-07-29 19:28:21,322 - INFO  [/10.10.34.13:3888:QuorumCnxManager$Listener@493] - Received connection request /10.10.34.13:45592
2015-07-29 19:28:21,323 - WARN  [RecvWorker:188978561024:QuorumCnxManager$RecvWorker@762] - Connection broken for id 188978561024, my id = 3, error = 
2015-07-29 19:28:21,323 - WARN  [RecvWorker:188978561024:QuorumCnxManager$RecvWorker@765] - Interrupting SendWorker
2015-07-29 19:28:21,323 - WARN  [SendWorker:188978561024:QuorumCnxManager$SendWorker@679] - Interrupted while waiting for message on queue
2015-07-29 19:28:21,324 - WARN  [SendWorker:188978561024:QuorumCnxManager$SendWorker@688] - Send worker leaving thread
2015-07-29 19:28:21,531 - INFO  [/10.10.34.13:3888:QuorumCnxManager$Listener@493] - Received connection request /10.10.34.11:48003
2015-07-29 19:28:21,532 - WARN  [RecvWorker:188978561024:QuorumCnxManager$RecvWorker@762] - Connection broken for id 188978561024, my id = 3, error = 
2015-07-29 19:28:21,532 - WARN  [RecvWorker:188978561024:QuorumCnxManager$RecvWorker@765] - Interrupting SendWorker
2015-07-29 19:28:21,532 - WARN  [SendWorker:188978561024:QuorumCnxManager$SendWorker@679] - Interrupted while waiting for message on queue
2015-07-29 19:28:21,533 - WARN  [SendWorker:188978561024:QuorumCnxManager$SendWorker@688] - Send worker leaving thread
2015-07-29 19:28:24,456 - INFO  [/10.10.34.13:3888:QuorumCnxManager$Listener@493] - Received connection request /10.10.34.11:48008
2015-07-29 19:28:24,457 - WARN  [RecvWorker:188978561024:QuorumCnxManager$RecvWorker@762] - Connection broken for id 188978561024, my id = 3, error = 
2015-07-29 19:28:24,457 - WARN  [RecvWorker:188978561024:QuorumCnxManager$RecvWorker@765] - Interrupting SendWorker
2015-07-29 19:28:24,457 - WARN  [SendWorker:188978561024:QuorumCnxManager$SendWorker@679] - Interrupted while waiting for message on queue
2015-07-29 19:28:24,457 - WARN  [SendWorker:188978561024:QuorumCnxManager$SendWorker@688] - Send worker leaving thread
2015-07-29 19:28:24,457 - INFO  [/10.10.34.13:3888:QuorumCnxManager$Listener@493] - Received connection request /10.10.34.11:48013
2015-07-29 19:28:24,458 - INFO  [/10.10.34.13:3888:QuorumCnxManager$Listener@493] - Received connection request /10.10.34.11:48014
2015-07-29 19:28:24,458 - WARN  [RecvWorker:188978561024:QuorumCnxManager$RecvWorker@762] - Connection broken for id 188978561024, my id = 3, error = 
2015-07-29 19:28:24,458 - WARN  [RecvWorker:188978561024:QuorumCnxManager$RecvWorker@765] - Interrupting SendWorker
2015-07-29 19:28:24,458 - WARN  [SendWorker:188978561024:QuorumCnxManager$SendWorker@679] - Interrupted while waiting for message on queue
2015-07-29 19:28:24,459 - WARN  [RecvWorker:188978561024:QuorumCnxManager$RecvWorker@762] - Connection broken for id 188978561024, my id = 3, error = 
2015-07-29 19:28:24,459 - INFO  [/10.10.34.13:3888:QuorumCnxManager$Listener@493] - Received connection request /10.10.34.11:48015
2015-07-29 19:28:24,459 - WARN  [RecvWorker:188978561024:QuorumCnxManager$RecvWorker@765] - Interrupting SendWorker
2015-07-29 19:28:24,459 - WARN  [SendWorker:188978561024:QuorumCnxManager$SendWorker@688] - Send worker leaving thread
2015-07-29 19:28:24,459 - WARN  [SendWorker:188978561024:QuorumCnxManager$SendWorker@679] - Interrupted while waiting for message on queue
2015-07-29 19:28:24,460 - WARN  [RecvWorker:188978561024:QuorumCnxManager$RecvWorker@762] - Connection broken for id 188978561024, my id = 3, error = 
2015-07-29 19:28:24,460 - WARN  [RecvWorker:188978561024:QuorumCnxManager$RecvWorker@765] - Interrupting SendWorker
2015-07-29 19:28:24,460 - WARN  [SendWorker:188978561024:QuorumCnxManager$SendWorker@688] - Send worker leaving thread
2015-07-29 19:28:24,460 - WARN  [SendWorker:188978561024:QuorumCnxManager$SendWorker@679] - Interrupted while waiting for message on queue
2015-07-29 19:28:24,460 - WARN  [SendWorker:188978561024:QuorumCnxManager$SendWorker@688] - Send worker leaving thread
2015-07-29 19:28:24,560 - INFO  [/10.10.34.13:3888:QuorumCnxManager$Listener@493] - Received connection request /10.10.34.12:48322
2015-07-29 19:28:24,561 - WARN  [RecvWorker:188978561024:QuorumCnxManager$RecvWorker@762] - Connection broken for id 188978561024, my id = 3, error = 
2015-07-29 19:28:24,561 - WARN  [RecvWorker:188978561024:QuorumCnxManager$RecvWorker@765] - Interrupting SendWorker
2015-07-29 19:28:24,561 - INFO  [/10.10.34.13:3888:QuorumCnxManager$Listener@493] - Received connection request /10.10.34.12:48325
2015-07-29 19:28:24,561 - WARN  [SendWorker:188978561024:QuorumCnxManager$SendWorker@679] - Interrupted while waiting for message on queue
2015-07-29 19:28:24,561 - WARN  [SendWorker:188978561024:QuorumCnxManager$SendWorker@688] - Send worker leaving thread
2015-07-29 19:28:24,562 - INFO  [/10.10.34.13:3888:QuorumCnxManager$Listener@493] - Received connection request /10.10.34.12:48327
2015-07-29 19:28:24,562 - WARN  [RecvWorker:188978561024:QuorumCnxManager$RecvWorker@762] - Connection broken for id 188978561024, my id = 3, error = 
2015-07-29 19:28:24,562 - WARN  [RecvWorker:188978561024:QuorumCnxManager$RecvWorker@765] - Interrupting SendWorker
2015-07-29 19:28:24,562 - WARN  [SendWorker:188978561024:QuorumCnxManager$SendWorker@679] - Interrupted while waiting for message on queue
2015-07-29 19:28:24,562 - WARN  [RecvWorker:188978561024:QuorumCnxManager$RecvWorker@762] - Connection broken for id 188978561024, my id = 3, error = 
2015-07-29 19:28:24,563 - WARN  [RecvWorker:188978561024:QuorumCnxManager$RecvWorker@765] - Interrupting SendWorker
2015-07-29 19:28:24,562 - WARN  [SendWorker:188978561024:QuorumCnxManager$SendWorker@688] - Send worker leaving thread
2015-07-29 19:28:24,563 - WARN  [SendWorker:188978561024:QuorumCnxManager$SendWorker@679] - Interrupted while waiting for message on queue
2015-07-29 19:28:24,563 - WARN  [SendWorker:188978561024:QuorumCnxManager$SendWorker@688] - Send worker leaving thread
2015-07-29 19:28:24,563 - INFO  [/10.10.34.13:3888:QuorumCnxManager$Listener@493] - Received connection request /10.10.34.12:48331
2015-07-29 19:28:24,564 - WARN  [RecvWorker:188978561024:QuorumCnxManager$RecvWorker@762] - Connection broken for id 188978561024, my id = 3, error = 
2015-07-29 19:28:24,564 - WARN  [RecvWorker:188978561024:QuorumCnxManager$RecvWorker@765] - Interrupting SendWorker
2015-07-29 19:28:24,564 - WARN  [SendWorker:188978561024:QuorumCnxManager$SendWorker@679] - Interrupted while waiting for message on queue
2015-07-29 19:28:24,565 - WARN  [SendWorker:188978561024:QuorumCnxManager$SendWorker@688] - Send worker leaving thread
2015-07-29 19:28:24,660 - INFO  [/10.10.34.13:3888:QuorumCnxManager$Listener@493] - Received connection request /10.10.34.13:45594
2015-07-29 19:28:24,660 - INFO  [/10.10.34.13:3888:QuorumCnxManager$Listener@493] - Received connection request /10.10.34.13:45596
2015-07-29 19:28:24,660 - WARN  [RecvWorker:188978561024:QuorumCnxManager$RecvWorker@762] - Connection broken for id 188978561024, my id = 3, error = 
2015-07-29 19:28:24,660 - WARN  [RecvWorker:188978561024:QuorumCnxManager$RecvWorker@765] - Interrupting SendWorker
2015-07-29 19:28:24,660 - WARN  [SendWorker:188978561024:QuorumCnxManager$SendWorker@679] - Interrupted while waiting for message on queue
2015-07-29 19:28:24,661 - WARN  [RecvWorker:188978561024:QuorumCnxManager$RecvWorker@762] - Connection broken for id 188978561024, my id = 3, error = 
2015-07-29 19:28:24,661 - INFO  [/10.10.34.13:3888:QuorumCnxManager$Listener@493] - Received connection request /10.10.34.13:45599
2015-07-29 19:28:24,661 - WARN  [SendWorker:188978561024:QuorumCnxManager$SendWorker@688] - Send worker leaving thread
2015-07-29 19:28:24,661 - WARN  [RecvWorker:188978561024:QuorumCnxManager$RecvWorker@765] - Interrupting SendWorker
2015-07-29 19:28:24,661 - WARN  [SendWorker:188978561024:QuorumCnxManager$SendWorker@679] - Interrupted while waiting for message on queue
2015-07-29 19:28:24,662 - WARN  [RecvWorker:188978561024:QuorumCnxManager$RecvWorker@762] - Connection broken for id 188978561024, my id = 3, error = 
2015-07-29 19:28:24,662 - WARN  [RecvWorker:188978561024:QuorumCnxManager$RecvWorker@765] - Interrupting SendWorker
2015-07-29 19:28:24,662 - WARN  [SendWorker:188978561024:QuorumCnxManager$SendWorker@688] - Send worker leaving thread
2015-07-29 19:28:24,662 - WARN  [SendWorker:188978561024:QuorumCnxManager$SendWorker@679] - Interrupted while waiting for message on queue
2015-07-29 19:28:24,663 - WARN  [SendWorker:188978561024:QuorumCnxManager$SendWorker@688] - Send worker leaving thread
2015-07-29 19:28:24,663 - INFO  [/10.10.34.13:3888:QuorumCnxManager$Listener@493] - Received connection request /10.10.34.13:45604
2015-07-29 19:28:24,664 - WARN  [RecvWorker:188978561024:QuorumCnxManager$RecvWorker@762] - Connection broken for id 188978561024, my id = 3, error = 
2015-07-29 19:28:24,664 - WARN  [RecvWorker:188978561024:QuorumCnxManager$RecvWorker@765] - Interrupting SendWorker
2015-07-29 19:28:24,664 - WARN  [SendWorker:188978561024:QuorumCnxManager$SendWorker@679] - Interrupted while waiting for message on queue
2015-07-29 19:28:24,665 - WARN  [SendWorker:188978561024:QuorumCnxManager$SendWorker@688] - Send worker leaving thread
2015-07-29 19:28:24,872 - INFO  [/10.10.34.13:3888:QuorumCnxManager$Listener@493] - Received connection request /10.10.34.11:48018
2015-07-29 19:28:24,872 - WARN  [RecvWorker:188978561024:QuorumCnxManager$RecvWorker@762] - Connection broken for id 188978561024, my id = 3, error = 
2015-07-29 19:28:24,872 - WARN  [RecvWorker:188978561024:QuorumCnxManager$RecvWorker@765] - Interrupting SendWorker
2015-07-29 19:28:24,873 - WARN  [SendWorker:188978561024:QuorumCnxManager$SendWorker@679] - Interrupted while waiting for message on queue
2015-07-29 19:28:24,873 - WARN  [SendWorker:188978561024:QuorumCnxManager$SendWorker@688] - Send worker leaving thread
2015-07-29 19:28:27,797 - INFO  [/10.10.34.13:3888:QuorumCnxManager$Listener@493] - Received connection request /10.10.34.11:48023
2015-07-29 19:28:27,797 - WARN  [RecvWorker:188978561024:QuorumCnxManager$RecvWorker@762] - Connection broken for id 188978561024, my id = 3, error = 
2015-07-29 19:28:27,798 - WARN  [RecvWorker:188978561024:QuorumCnxManager$RecvWorker@765] - Interrupting SendWorker
2015-07-29 19:28:27,798 - WARN  [SendWorker:188978561024:QuorumCnxManager$SendWorker@679] - Interrupted while waiting for message on queue
2015-07-29 19:28:27,798 - WARN  [SendWorker:188978561024:QuorumCnxManager$SendWorker@688] - Send worker leaving thread
2015-07-29 19:28:27,798 - INFO  [/10.10.34.13:3888:QuorumCnxManager$Listener@493] - Received connection request /10.10.34.11:48028
2015-07-29 19:28:27,799 - WARN  [RecvWorker:188978561024:QuorumCnxManager$RecvWorker@762] - Connection broken for id 188978561024, my id = 3, error = 
2015-07-29 19:28:27,799 - WARN  [RecvWorker:188978561024:QuorumCnxManager$RecvWorker@765] - Interrupting SendWorker
2015-07-29 19:28:27,799 - INFO  [/10.10.34.13:3888:QuorumCnxManager$Listener@493] - Received connection request /10.10.34.11:48029
2015-07-29 19:28:27,803 - WARN  [SendWorker:188978561024:QuorumCnxManager$SendWorker@679] - Interrupted while waiting for message on queue
2015-07-29 19:28:27,803 - WARN  [SendWorker:188978561024:QuorumCnxManager$SendWorker@688] - Send worker leaving thread
2015-07-29 19:28:27,803 - WARN  [RecvWorker:188978561024:QuorumCnxManager$RecvWorker@762] - Connection broken for id 188978561024, my id = 3, error = 
2015-07-29 19:28:27,804 - WARN  [RecvWorker:188978561024:QuorumCnxManager$RecvWorker@765] - Interrupting SendWorker
2015-07-29 19:28:27,804 - WARN  [SendWorker:188978561024:QuorumCnxManager$SendWorker@679] - Interrupted while waiting for message on queue
2015-07-29 19:28:27,804 - WARN  [SendWorker:188978561024:QuorumCnxManager$SendWorker@688] - Send worker leaving thread
2015-07-29 19:28:27,805 - INFO  [/10.10.34.13:3888:QuorumCnxManager$Listener@493] - Received connection request /10.10.34.11:48030
2015-07-29 19:28:27,806 - WARN  [RecvWorker:188978561024:QuorumCnxManager$RecvWorker@762] - Connection broken for id 188978561024, my id = 3, error = 
2015-07-29 19:28:27,806 - WARN  [RecvWorker:188978561024:QuorumCnxManager$RecvWorker@765] - Interrupting SendWorker
2015-07-29 19:28:27,806 - WARN  [SendWorker:188978561024:QuorumCnxManager$SendWorker@679] - Interrupted while waiting for message on queue
2015-07-29 19:28:27,806 - WARN  [SendWorker:188978561024:QuorumCnxManager$SendWorker@688] - Send worker leaving thread
2015-07-29 19:28:27,901 - INFO  [/10.10.34.13:3888:QuorumCnxManager$Listener@493] - Received connection request /10.10.34.12:48336
2015-07-29 19:28:27,902 - INFO  [/10.10.34.13:3888:QuorumCnxManager$Listener@493] - Received connection request /10.10.34.12:48337
2015-07-29 19:28:27,902 - WARN  [RecvWorker:188978561024:QuorumCnxManager$RecvWorker@762] - Connection broken for id 188978561024, my id = 3, error = 
2015-07-29 19:28:27,902 - WARN  [RecvWorker:188978561024:QuorumCnxManager$RecvWorker@765] - Interrupting SendWorker
2015-07-29 19:28:27,902 - WARN  [SendWorker:188978561024:QuorumCnxManager$SendWorker@679] - Interrupted while waiting for message on queue
2015-07-29 19:28:27,902 - WARN  [RecvWorker:188978561024:QuorumCnxManager$RecvWorker@762] - Connection broken for id 188978561024, my id = 3, error = 
2015-07-29 19:28:27,902 - INFO  [/10.10.34.13:3888:QuorumCnxManager$Listener@493] - Received connection request /10.10.34.12:48338
2015-07-29 19:28:27,903 - WARN  [RecvWorker:188978561024:QuorumCnxManager$RecvWorker@765] - Interrupting SendWorker
2015-07-29 19:28:27,902 - WARN  [SendWorker:188978561024:QuorumCnxManager$SendWorker@688] - Send worker leaving thread
2015-07-29 19:28:27,903 - WARN  [SendWorker:188978561024:QuorumCnxManager$SendWorker@679] - Interrupted while waiting for message on queue
2015-07-29 19:28:27,903 - WARN  [SendWorker:188978561024:QuorumCnxManager$SendWorker@688] - Send worker leaving thread
2015-07-29 19:28:27,903 - WARN  [RecvWorker:188978561024:QuorumCnxManager$RecvWorker@762] - Connection broken for id 188978561024, my id = 3, error = 
2015-07-29 19:28:27,904 - WARN  [RecvWorker:188978561024:QuorumCnxManager$RecvWorker@765] - Interrupting SendWorker
2015-07-29 19:28:27,904 - INFO  [/10.10.34.13:3888:QuorumCnxManager$Listener@493] - Received connection request /10.10.34.12:48342
2015-07-29 19:28:27,904 - WARN  [SendWorker:188978561024:QuorumCnxManager$SendWorker@679] - Interrupted while waiting for message on queue
2015-07-29 19:28:27,904 - WARN  [SendWorker:188978561024:QuorumCnxManager$SendWorker@688] - Send worker leaving thread
2015-07-29 19:28:27,905 - WARN  [RecvWorker:188978561024:QuorumCnxManager$RecvWorker@762] - Connection broken for id 188978561024, my id = 3, error = 
2015-07-29 19:28:27,905 - WARN  [RecvWorker:188978561024:QuorumCnxManager$RecvWorker@765] - Interrupting SendWorker
2015-07-29 19:28:27,905 - WARN  [SendWorker:188978561024:QuorumCnxManager$SendWorker@679] - Interrupted while waiting for message on queue
2015-07-29 19:28:27,905 - WARN  [SendWorker:188978561024:QuorumCnxManager$SendWorker@688] - Send worker leaving thread
2015-07-29 19:28:28,000 - INFO  [/10.10.34.13:3888:QuorumCnxManager$Listener@493] - Received connection request /10.10.34.13:45606
2015-07-29 19:28:28,001 - INFO  [/10.10.34.13:3888:QuorumCnxManager$Listener@493] - Received connection request /10.10.34.13:45608
2015-07-29 19:28:28,001 - WARN  [RecvWorker:188978561024:QuorumCnxManager$RecvWorker@762] - Connection broken for id 188978561024, my id = 3, error = 
2015-07-29 19:28:28,001 - WARN  [RecvWorker:188978561024:QuorumCnxManager$RecvWorker@765] - Interrupting SendWorker
2015-07-29 19:28:28,001 - WARN  [SendWorker:188978561024:QuorumCnxManager$SendWorker@679] - Interrupted while waiting for message on queue
2015-07-29 19:28:28,002 - WARN  [SendWorker:188978561024:QuorumCnxManager$SendWorker@688] - Send worker leaving thread
2015-07-29 19:28:28,002 - WARN  [RecvWorker:188978561024:QuorumCnxManager$RecvWorker@762] - Connection broken for id 188978561024, my id = 3, error = 
2015-07-29 19:28:28,002 - WARN  [RecvWorker:188978561024:QuorumCnxManager$RecvWorker@765] - Interrupting SendWorker
2015-07-29 19:28:28,002 - INFO  [/10.10.34.13:3888:QuorumCnxManager$Listener@493] - Received connection request /10.10.34.13:45611
2015-07-29 19:28:28,002 - WARN  [SendWorker:188978561024:QuorumCnxManager$SendWorker@679] - Interrupted while waiting for message on queue
2015-07-29 19:28:28,002 - WARN  [SendWorker:188978561024:QuorumCnxManager$SendWorker@688] - Send worker leaving thread
2015-07-29 19:28:28,003 - WARN  [RecvWorker:188978561024:QuorumCnxManager$RecvWorker@762] - Connection broken for id 188978561024, my id = 3, error = 
2015-07-29 19:28:28,003 - WARN  [RecvWorker:188978561024:QuorumCnxManager$RecvWorker@765] - Interrupting SendWorker
2015-07-29 19:28:28,003 - WARN  [SendWorker:188978561024:QuorumCnxManager$SendWorker@679] - Interrupted while waiting for message on queue
2015-07-29 19:28:28,003 - WARN  [SendWorker:188978561024:QuorumCnxManager$SendWorker@688] - Send worker leaving thread
2015-07-29 19:28:28,004 - INFO  [/10.10.34.13:3888:QuorumCnxManager$Listener@493] - Received connection request /10.10.34.13:45616
2015-07-29 19:28:28,005 - WARN  [RecvWorker:188978561024:QuorumCnxManager$RecvWorker@762] - Connection broken for id 188978561024, my id = 3, error = 
2015-07-29 19:28:28,005 - WARN  [RecvWorker:188978561024:QuorumCnxManager$RecvWorker@765] - Interrupting SendWorker
2015-07-29 19:28:28,005 - WARN  [SendWorker:188978561024:QuorumCnxManager$SendWorker@679] - Interrupted while waiting for message on queue
2015-07-29 19:28:28,005 - WARN  [SendWorker:188978561024:QuorumCnxManager$SendWorker@688] - Send worker leaving thread
2015-07-29 19:28:28,212 - INFO  [/10.10.34.13:3888:QuorumCnxManager$Listener@493] - Received connection request /10.10.34.11:48033
2015-07-29 19:28:28,212 - WARN  [RecvWorker:188978561024:QuorumCnxManager$RecvWorker@762] - Connection broken for id 188978561024, my id = 3, error = 
2015-07-29 19:28:28,213 - WARN  [RecvWorker:188978561024:QuorumCnxManager$RecvWorker@765] - Interrupting SendWorker
2015-07-29 19:28:28,213 - WARN  [SendWorker:188978561024:QuorumCnxManager$SendWorker@679] - Interrupted while waiting for message on queue
2015-07-29 19:28:28,213 - WARN  [SendWorker:188978561024:QuorumCnxManager$SendWorker@688] - Send worker leaving thread
2015-07-29 19:28:31,139 - INFO  [/10.10.34.13:3888:QuorumCnxManager$Listener@493] - Received connection request /10.10.34.11:48037
2015-07-29 19:28:31,140 - WARN  [RecvWorker:188978561024:QuorumCnxManager$RecvWorker@762] - Connection broken for id 188978561024, my id = 3, error = 
2015-07-29 19:28:31,140 - WARN  [RecvWorker:188978561024:QuorumCnxManager$RecvWorker@765] - Interrupting SendWorker
2015-07-29 19:28:31,140 - WARN  [SendWorker:188978561024:QuorumCnxManager$SendWorker@679] - Interrupted while waiting for message on queue
2015-07-29 19:28:31,140 - WARN  [SendWorker:188978561024:QuorumCnxManager$SendWorker@688] - Send worker leaving thread
2015-07-29 19:28:31,143 - INFO  [/10.10.34.13:3888:QuorumCnxManager$Listener@493] - Received connection request /10.10.34.11:48041
2015-07-29 19:28:31,144 - WARN  [RecvWorker:188978561024:QuorumCnxManager$RecvWorker@762] - Connection broken for id 188978561024, my id = 3, error = 
2015-07-29 19:28:31,144 - WARN  [RecvWorker:188978561024:QuorumCnxManager$RecvWorker@765] - Interrupting SendWorker
2015-07-29 19:28:31,144 - WARN  [SendWorker:188978561024:QuorumCnxManager$SendWorker@679] - Interrupted while waiting for message on queue
2015-07-29 19:28:31,145 - INFO  [/10.10.34.13:3888:QuorumCnxManager$Listener@493] - Received connection request /10.10.34.11:48043
2015-07-29 19:28:31,145 - WARN  [SendWorker:188978561024:QuorumCnxManager$SendWorker@688] - Send worker leaving thread
2015-07-29 19:28:31,145 - WARN  [RecvWorker:188978561024:QuorumCnxManager$RecvWorker@762] - Connection broken for id 188978561024, my id = 3, error = 
2015-07-29 19:28:31,145 - WARN  [RecvWorker:188978561024:QuorumCnxManager$RecvWorker@765] - Interrupting SendWorker
2015-07-29 19:28:31,146 - INFO  [/10.10.34.13:3888:QuorumCnxManager$Listener@493] - Received connection request /10.10.34.11:48044
2015-07-29 19:28:31,146 - WARN  [SendWorker:188978561024:QuorumCnxManager$SendWorker@679] - Interrupted while waiting for message on queue
2015-07-29 19:28:31,146 - WARN  [SendWorker:188978561024:QuorumCnxManager$SendWorker@688] - Send worker leaving thread
2015-07-29 19:28:31,146 - WARN  [RecvWorker:188978561024:QuorumCnxManager$RecvWorker@762] - Connection broken for id 188978561024, my id = 3, error = 
2015-07-29 19:28:31,147 - WARN  [RecvWorker:188978561024:QuorumCnxManager$RecvWorker@765] - Interrupting SendWorker
2015-07-29 19:28:31,147 - WARN  [SendWorker:188978561024:QuorumCnxManager$SendWorker@679] - Interrupted while waiting for message on queue
2015-07-29 19:28:31,147 - WARN  [SendWorker:188978561024:QuorumCnxManager$SendWorker@688] - Send worker leaving thread
2015-07-29 19:28:31,242 - INFO  [/10.10.34.13:3888:QuorumCnxManager$Listener@493] - Received connection request /10.10.34.12:48347
2015-07-29 19:28:31,242 - WARN  [RecvWorker:188978561024:QuorumCnxManager$RecvWorker@762] - Connection broken for id 188978561024, my id = 3, error = 
2015-07-29 19:28:31,243 - WARN  [RecvWorker:188978561024:QuorumCnxManager$RecvWorker@765] - Interrupting SendWorker
2015-07-29 19:28:31,242 - INFO  [/10.10.34.13:3888:QuorumCnxManager$Listener@493] - Received connection request /10.10.34.12:48349
2015-07-29 19:28:31,243 - WARN  [SendWorker:188978561024:QuorumCnxManager$SendWorker@679] - Interrupted while waiting for message on queue
2015-07-29 19:28:31,243 - WARN  [SendWorker:188978561024:QuorumCnxManager$SendWorker@688] - Send worker leaving thread
2015-07-29 19:28:31,243 - INFO  [/10.10.34.13:3888:QuorumCnxManager$Listener@493] - Received connection request /10.10.34.12:48350
2015-07-29 19:28:31,243 - WARN  [RecvWorker:188978561024:QuorumCnxManager$RecvWorker@762] - Connection broken for id 188978561024, my id = 3, error = 
2015-07-29 19:28:31,244 - WARN  [RecvWorker:188978561024:QuorumCnxManager$RecvWorker@765] - Interrupting SendWorker
2015-07-29 19:28:31,244 - WARN  [SendWorker:188978561024:QuorumCnxManager$SendWorker@679] - Interrupted while waiting for message on queue
2015-07-29 19:28:31,244 - WARN  [RecvWorker:188978561024:QuorumCnxManager$RecvWorker@762] - Connection broken for id 188978561024, my id = 3, error = 
2015-07-29 19:28:31,244 - WARN  [RecvWorker:188978561024:QuorumCnxManager$RecvWorker@765] - Interrupting SendWorker
2015-07-29 19:28:31,244 - WARN  [SendWorker:188978561024:QuorumCnxManager$SendWorker@688] - Send worker leaving thread
2015-07-29 19:28:31,244 - WARN  [SendWorker:188978561024:QuorumCnxManager$SendWorker@679] - Interrupted while waiting for message on queue
2015-07-29 19:28:31,244 - INFO  [/10.10.34.13:3888:QuorumCnxManager$Listener@493] - Received connection request /10.10.34.12:48354
2015-07-29 19:28:31,245 - WARN  [SendWorker:188978561024:QuorumCnxManager$SendWorker@688] - Send worker leaving thread
2015-07-29 19:28:31,245 - WARN  [RecvWorker:188978561024:QuorumCnxManager$RecvWorker@762] - Connection broken for id 188978561024, my id = 3, error = 
2015-07-29 19:28:31,245 - WARN  [RecvWorker:188978561024:QuorumCnxManager$RecvWorker@765] - Interrupting SendWorker
2015-07-29 19:28:31,246 - WARN  [SendWorker:188978561024:QuorumCnxManager$SendWorker@679] - Interrupted while waiting for message on queue
2015-07-29 19:28:31,246 - WARN  [SendWorker:188978561024:QuorumCnxManager$SendWorker@688] - Send worker leaving thread
2015-07-29 19:28:31,341 - INFO  [/10.10.34.13:3888:QuorumCnxManager$Listener@493] - Received connection request /10.10.34.13:45618
2015-07-29 19:28:31,341 - INFO  [/10.10.34.13:3888:QuorumCnxManager$Listener@493] - Received connection request /10.10.34.13:45620
2015-07-29 19:28:31,341 - WARN  [RecvWorker:188978561024:QuorumCnxManager$RecvWorker@762] - Connection broken for id 188978561024, my id = 3, error = 
2015-07-29 19:28:31,342 - WARN  [SendWorker:188978561024:QuorumCnxManager$SendWorker@679] - Interrupted while waiting for message on queue
2015-07-29 19:28:31,342 - WARN  [RecvWorker:188978561024:QuorumCnxManager$RecvWorker@765] - Interrupting SendWorker
2015-07-29 19:28:31,342 - WARN  [SendWorker:188978561024:QuorumCnxManager$SendWorker@688] - Send worker leaving thread
2015-07-29 19:28:31,342 - WARN  [RecvWorker:188978561024:QuorumCnxManager$RecvWorker@762] - Connection broken for id 188978561024, my id = 3, error = 
2015-07-29 19:28:31,343 - WARN  [RecvWorker:188978561024:QuorumCnxManager$RecvWorker@765] - Interrupting SendWorker
2015-07-29 19:28:31,343 - INFO  [/10.10.34.13:3888:QuorumCnxManager$Listener@493] - Received connection request /10.10.34.13:45623
2015-07-29 19:28:31,343 - WARN  [SendWorker:188978561024:QuorumCnxManager$SendWorker@679] - Interrupted while waiting for message on queue
2015-07-29 19:28:31,343 - WARN  [SendWorker:188978561024:QuorumCnxManager$SendWorker@688] - Send worker leaving thread
2015-07-29 19:28:31,343 - WARN  [RecvWorker:188978561024:QuorumCnxManager$RecvWorker@762] - Connection broken for id 188978561024, my id = 3, error = 
2015-07-29 19:28:31,344 - WARN  [RecvWorker:188978561024:QuorumCnxManager$RecvWorker@765] - Interrupting SendWorker
2015-07-29 19:28:31,344 - WARN  [SendWorker:188978561024:QuorumCnxManager$SendWorker@679] - Interrupted while waiting for message on queue
2015-07-29 19:28:31,344 - WARN  [SendWorker:188978561024:QuorumCnxManager$SendWorker@688] - Send worker leaving thread
2015-07-29 19:28:31,345 - INFO  [/10.10.34.13:3888:QuorumCnxManager$Listener@493] - Received connection request /10.10.34.13:45628
2015-07-29 19:28:31,345 - WARN  [RecvWorker:188978561024:QuorumCnxManager$RecvWorker@762] - Connection broken for id 188978561024, my id = 3, error = 
2015-07-29 19:28:31,345 - WARN  [RecvWorker:188978561024:QuorumCnxManager$RecvWorker@765] - Interrupting SendWorker
2015-07-29 19:28:31,346 - WARN  [SendWorker:188978561024:QuorumCnxManager$SendWorker@679] - Interrupted while waiting for message on queue
2015-07-29 19:28:31,346 - WARN  [SendWorker:188978561024:QuorumCnxManager$SendWorker@688] - Send worker leaving thread
2015-07-29 19:28:31,552 - INFO  [/10.10.34.13:3888:QuorumCnxManager$Listener@493] - Received connection request /10.10.34.11:48048
2015-07-29 19:28:31,553 - WARN  [RecvWorker:188978561024:QuorumCnxManager$RecvWorker@762] - Connection broken for id 188978561024, my id = 3, error = 
2015-07-29 19:28:31,553 - WARN  [RecvWorker:188978561024:QuorumCnxManager$RecvWorker@765] - Interrupting SendWorker
2015-07-29 19:28:31,553 - WARN  [SendWorker:188978561024:QuorumCnxManager$SendWorker@679] - Interrupted while waiting for message on queue
2015-07-29 19:28:31,553 - WARN  [SendWorker:188978561024:QuorumCnxManager$SendWorker@688] - Send worker leaving thread
2015-07-29 19:28:34,480 - INFO  [/10.10.34.13:3888:QuorumCnxManager$Listener@493] - Received connection request /10.10.34.11:48052
2015-07-29 19:28:34,480 - WARN  [RecvWorker:188978561024:QuorumCnxManager$RecvWorker@762] - Connection broken for id 188978561024, my id = 3, error = 
2015-07-29 19:28:34,481 - WARN  [RecvWorker:188978561024:QuorumCnxManager$RecvWorker@765] - Interrupting SendWorker
2015-07-29 19:28:34,481 - WARN  [SendWorker:188978561024:QuorumCnxManager$SendWorker@679] - Interrupted while waiting for message on queue
2015-07-29 19:28:34,481 - WARN  [SendWorker:188978561024:QuorumCnxManager$SendWorker@688] - Send worker leaving thread
2015-07-29 19:28:34,484 - INFO  [/10.10.34.13:3888:QuorumCnxManager$Listener@493] - Received connection request /10.10.34.11:48056
2015-07-29 19:28:34,484 - WARN  [RecvWorker:188978561024:QuorumCnxManager$RecvWorker@762] - Connection broken for id 188978561024, my id = 3, error = 
2015-07-29 19:28:34,484 - WARN  [RecvWorker:188978561024:QuorumCnxManager$RecvWorker@765] - Interrupting SendWorker
2015-07-29 19:28:34,485 - WARN  [SendWorker:188978561024:QuorumCnxManager$SendWorker@679] - Interrupted while waiting for message on queue
2015-07-29 19:28:34,485 - WARN  [SendWorker:188978561024:QuorumCnxManager$SendWorker@688] - Send worker leaving thread
2015-07-29 19:28:34,485 - INFO  [/10.10.34.13:3888:QuorumCnxManager$Listener@493] - Received connection request /10.10.34.11:48057
2015-07-29 19:28:34,486 - WARN  [RecvWorker:188978561024:QuorumCnxManager$RecvWorker@762] - Connection broken for id 188978561024, my id = 3, error = 
2015-07-29 19:28:34,486 - WARN  [RecvWorker:188978561024:QuorumCnxManager$RecvWorker@765] - Interrupting SendWorker
2015-07-29 19:28:34,486 - WARN  [SendWorker:188978561024:QuorumCnxManager$SendWorker@679] - Interrupted while waiting for message on queue
2015-07-29 19:28:34,486 - INFO  [/10.10.34.13:3888:QuorumCnxManager$Listener@493] - Received connection request /10.10.34.11:48059
2015-07-29 19:28:34,486 - WARN  [SendWorker:188978561024:QuorumCnxManager$SendWorker@688] - Send worker leaving thread
2015-07-29 19:28:34,487 - WARN  [RecvWorker:188978561024:QuorumCnxManager$RecvWorker@762] - Connection broken for id 188978561024, my id = 3, error = 
2015-07-29 19:28:34,487 - WARN  [RecvWorker:188978561024:QuorumCnxManager$RecvWorker@765] - Interrupting SendWorker
2015-07-29 19:28:34,488 - WARN  [SendWorker:188978561024:QuorumCnxManager$SendWorker@679] - Interrupted while waiting for message on queue
2015-07-29 19:28:34,488 - WARN  [SendWorker:188978561024:QuorumCnxManager$SendWorker@688] - Send worker leaving thread
2015-07-29 19:28:34,582 - INFO  [/10.10.34.13:3888:QuorumCnxManager$Listener@493] - Received connection request /10.10.34.12:48360
2015-07-29 19:28:34,583 - INFO  [/10.10.34.13:3888:QuorumCnxManager$Listener@493] - Received connection request /10.10.34.12:48361
2015-07-29 19:28:34,583 - WARN  [RecvWorker:188978561024:QuorumCnxManager$RecvWorker@762] - Connection broken for id 188978561024, my id = 3, error = 
2015-07-29 19:28:34,583 - WARN  [RecvWorker:188978561024:QuorumCnxManager$RecvWorker@765] - Interrupting SendWorker
2015-07-29 19:28:34,583 - WARN  [SendWorker:188978561024:QuorumCnxManager$SendWorker@679] - Interrupted while waiting for message on queue
2015-07-29 19:28:34,584 - WARN  [RecvWorker:188978561024:QuorumCnxManager$RecvWorker@762] - Connection broken for id 188978561024, my id = 3, error = 
2015-07-29 19:28:34,584 - WARN  [RecvWorker:188978561024:QuorumCnxManager$RecvWorker@765] - Interrupting SendWorker
2015-07-29 19:28:34,584 - INFO  [/10.10.34.13:3888:QuorumCnxManager$Listener@493] - Received connection request /10.10.34.12:48362
2015-07-29 19:28:34,584 - WARN  [SendWorker:188978561024:QuorumCnxManager$SendWorker@679] - Interrupted while waiting for message on queue
2015-07-29 19:28:34,584 - WARN  [SendWorker:188978561024:QuorumCnxManager$SendWorker@688] - Send worker leaving thread
2015-07-29 19:28:34,585 - WARN  [RecvWorker:188978561024:QuorumCnxManager$RecvWorker@762] - Connection broken for id 188978561024, my id = 3, error = 
2015-07-29 19:28:34,584 - WARN  [SendWorker:188978561024:QuorumCnxManager$SendWorker@688] - Send worker leaving thread
2015-07-29 19:28:34,585 - WARN  [RecvWorker:188978561024:QuorumCnxManager$RecvWorker@765] - Interrupting SendWorker
2015-07-29 19:28:34,585 - INFO  [/10.10.34.13:3888:QuorumCnxManager$Listener@493] - Received connection request /10.10.34.12:48366
2015-07-29 19:28:34,585 - WARN  [SendWorker:188978561024:QuorumCnxManager$SendWorker@679] - Interrupted while waiting for message on queue
2015-07-29 19:28:34,586 - WARN  [SendWorker:188978561024:QuorumCnxManager$SendWorker@688] - Send worker leaving thread
2015-07-29 19:28:34,586 - WARN  [RecvWorker:188978561024:QuorumCnxManager$RecvWorker@762] - Connection broken for id 188978561024, my id = 3, error = 
2015-07-29 19:28:34,586 - WARN  [RecvWorker:188978561024:QuorumCnxManager$RecvWorker@765] - Interrupting SendWorker
2015-07-29 19:28:34,586 - WARN  [SendWorker:188978561024:QuorumCnxManager$SendWorker@679] - Interrupted while waiting for message on queue
2015-07-29 19:28:34,587 - WARN  [SendWorker:188978561024:QuorumCnxManager$SendWorker@688] - Send worker leaving thread
2015-07-29 19:28:34,682 - INFO  [/10.10.34.13:3888:QuorumCnxManager$Listener@493] - Received connection request /10.10.34.13:45630
2015-07-29 19:28:34,682 - INFO  [/10.10.34.13:3888:QuorumCnxManager$Listener@493] - Received connection request /10.10.34.13:45633
2015-07-29 19:28:34,682 - WARN  [RecvWorker:188978561024:QuorumCnxManager$RecvWorker@762] - Connection broken for id 188978561024, my id = 3, error = 
2015-07-29 19:28:34,683 - WARN  [RecvWorker:188978561024:QuorumCnxManager$RecvWorker@765] - Interrupting SendWorker
2015-07-29 19:28:34,683 - WARN  [SendWorker:188978561024:QuorumCnxManager$SendWorker@679] - Interrupted while waiting for message on queue
2015-07-29 19:28:34,683 - WARN  [RecvWorker:188978561024:QuorumCnxManager$RecvWorker@762] - Connection broken for id 188978561024, my id = 3, error = 
2015-07-29 19:28:34,683 - WARN  [RecvWorker:188978561024:QuorumCnxManager$RecvWorker@765] - Interrupting SendWorker
2015-07-29 19:28:34,683 - INFO  [/10.10.34.13:3888:QuorumCnxManager$Listener@493] - Received connection request /10.10.34.13:45635
2015-07-29 19:28:34,684 - WARN  [SendWorker:188978561024:QuorumCnxManager$SendWorker@679] - Interrupted while waiting for message on queue
2015-07-29 19:28:34,683 - WARN  [SendWorker:188978561024:QuorumCnxManager$SendWorker@688] - Send worker leaving thread
2015-07-29 19:28:34,684 - WARN  [RecvWorker:188978561024:QuorumCnxManager$RecvWorker@762] - Connection broken for id 188978561024, my id = 3, error = 
2015-07-29 19:28:34,684 - WARN  [RecvWorker:188978561024:QuorumCnxManager$RecvWorker@765] - Interrupting SendWorker
2015-07-29 19:28:34,684 - WARN  [SendWorker:188978561024:QuorumCnxManager$SendWorker@688] - Send worker leaving thread
2015-07-29 19:28:34,684 - WARN  [SendWorker:188978561024:QuorumCnxManager$SendWorker@679] - Interrupted while waiting for message on queue
2015-07-29 19:28:34,685 - WARN  [SendWorker:188978561024:QuorumCnxManager$SendWorker@688] - Send worker leaving thread
2015-07-29 19:28:34,685 - INFO  [/10.10.34.13:3888:QuorumCnxManager$Listener@493] - Received connection request /10.10.34.13:45640
2015-07-29 19:28:34,686 - WARN  [RecvWorker:188978561024:QuorumCnxManager$RecvWorker@762] - Connection broken for id 188978561024, my id = 3, error = 
2015-07-29 19:28:34,686 - WARN  [RecvWorker:188978561024:QuorumCnxManager$RecvWorker@765] - Interrupting SendWorker
2015-07-29 19:28:34,687 - WARN  [SendWorker:188978561024:QuorumCnxManager$SendWorker@679] - Interrupted while waiting for message on queue
2015-07-29 19:28:34,687 - WARN  [SendWorker:188978561024:QuorumCnxManager$SendWorker@688] - Send worker leaving thread
2015-07-29 19:28:34,893 - INFO  [/10.10.34.13:3888:QuorumCnxManager$Listener@493] - Received connection request /10.10.34.11:48063
2015-07-29 19:28:34,893 - WARN  [RecvWorker:188978561024:QuorumCnxManager$RecvWorker@762] - Connection broken for id 188978561024, my id = 3, error = 
2015-07-29 19:28:34,893 - WARN  [RecvWorker:188978561024:QuorumCnxManager$RecvWorker@765] - Interrupting SendWorker
2015-07-29 19:28:34,894 - WARN  [SendWorker:188978561024:QuorumCnxManager$SendWorker@679] - Interrupted while waiting for message on queue
2015-07-29 19:28:34,894 - WARN  [SendWorker:188978561024:QuorumCnxManager$SendWorker@688] - Send worker leaving thread
2015-07-29 19:28:37,820 - INFO  [/10.10.34.13:3888:QuorumCnxManager$Listener@493] - Received connection request /10.10.34.11:48067
2015-07-29 19:28:37,821 - WARN  [RecvWorker:188978561024:QuorumCnxManager$RecvWorker@762] - Connection broken for id 188978561024, my id = 3, error = 
2015-07-29 19:28:37,821 - WARN  [RecvWorker:188978561024:QuorumCnxManager$RecvWorker@765] - Interrupting SendWorker
2015-07-29 19:28:37,822 - WARN  [SendWorker:188978561024:QuorumCnxManager$SendWorker@679] - Interrupted while waiting for message on queue
2015-07-29 19:28:37,822 - WARN  [SendWorker:188978561024:QuorumCnxManager$SendWorker@688] - Send worker leaving thread
2015-07-29 19:28:37,824 - INFO  [/10.10.34.13:3888:QuorumCnxManager$Listener@493] - Received connection request /10.10.34.11:48070
2015-07-29 19:28:37,825 - WARN  [RecvWorker:188978561024:QuorumCnxManager$RecvWorker@762] - Connection broken for id 188978561024, my id = 3, error = 
2015-07-29 19:28:37,825 - WARN  [RecvWorker:188978561024:QuorumCnxManager$RecvWorker@765] - Interrupting SendWorker
2015-07-29 19:28:37,825 - WARN  [SendWorker:188978561024:QuorumCnxManager$SendWorker@679] - Interrupted while waiting for message on queue
2015-07-29 19:28:37,825 - WARN  [SendWorker:188978561024:QuorumCnxManager$SendWorker@688] - Send worker leaving thread
2015-07-29 19:28:37,826 - INFO  [/10.10.34.13:3888:QuorumCnxManager$Listener@493] - Received connection request /10.10.34.11:48072
2015-07-29 19:28:37,826 - WARN  [RecvWorker:188978561024:QuorumCnxManager$RecvWorker@762] - Connection broken for id 188978561024, my id = 3, error = 
2015-07-29 19:28:37,826 - WARN  [RecvWorker:188978561024:QuorumCnxManager$RecvWorker@765] - Interrupting SendWorker
2015-07-29 19:28:37,827 - WARN  [SendWorker:188978561024:QuorumCnxManager$SendWorker@679] - Interrupted while waiting for message on queue
2015-07-29 19:28:37,827 - INFO  [/10.10.34.13:3888:QuorumCnxManager$Listener@493] - Received connection request /10.10.34.11:48074
2015-07-29 19:28:37,827 - WARN  [SendWorker:188978561024:QuorumCnxManager$SendWorker@688] - Send worker leaving thread
2015-07-29 19:28:37,828 - WARN  [RecvWorker:188978561024:QuorumCnxManager$RecvWorker@762] - Connection broken for id 188978561024, my id = 3, error = 
2015-07-29 19:28:37,828 - WARN  [RecvWorker:188978561024:QuorumCnxManager$RecvWorker@765] - Interrupting SendWorker
2015-07-29 19:28:37,828 - WARN  [SendWorker:188978561024:QuorumCnxManager$SendWorker@679] - Interrupted while waiting for message on queue
2015-07-29 19:28:37,828 - WARN  [SendWorker:188978561024:QuorumCnxManager$SendWorker@688] - Send worker leaving thread
2015-07-29 19:28:37,923 - INFO  [/10.10.34.13:3888:QuorumCnxManager$Listener@493] - Received connection request /10.10.34.12:48372
2015-07-29 19:28:37,924 - WARN  [RecvWorker:188978561024:QuorumCnxManager$RecvWorker@762] - Connection broken for id 188978561024, my id = 3, error = 
2015-07-29 19:28:37,924 - WARN  [RecvWorker:188978561024:QuorumCnxManager$RecvWorker@765] - Interrupting SendWorker
2015-07-29 19:28:37,924 - INFO  [/10.10.34.13:3888:QuorumCnxManager$Listener@493] - Received connection request /10.10.34.12:48373
2015-07-29 19:28:37,924 - WARN  [SendWorker:188978561024:QuorumCnxManager$SendWorker@679] - Interrupted while waiting for message on queue
2015-07-29 19:28:37,925 - WARN  [SendWorker:188978561024:QuorumCnxManager$SendWorker@688] - Send worker leaving thread
2015-07-29 19:28:37,925 - INFO  [/10.10.34.13:3888:QuorumCnxManager$Listener@493] - Received connection request /10.10.34.12:48374
2015-07-29 19:28:37,925 - WARN  [RecvWorker:188978561024:QuorumCnxManager$RecvWorker@762] - Connection broken for id 188978561024, my id = 3, error = 
2015-07-29 19:28:37,925 - WARN  [RecvWorker:188978561024:QuorumCnxManager$RecvWorker@765] - Interrupting SendWorker
2015-07-29 19:28:37,925 - WARN  [SendWorker:188978561024:QuorumCnxManager$SendWorker@679] - Interrupted while waiting for message on queue
2015-07-29 19:28:37,926 - WARN  [SendWorker:188978561024:QuorumCnxManager$SendWorker@688] - Send worker leaving thread
2015-07-29 19:28:37,926 - WARN  [RecvWorker:188978561024:QuorumCnxManager$RecvWorker@762] - Connection broken for id 188978561024, my id = 3, error = 
2015-07-29 19:28:37,926 - WARN  [RecvWorker:188978561024:QuorumCnxManager$RecvWorker@765] - Interrupting SendWorker
2015-07-29 19:28:37,926 - INFO  [/10.10.34.13:3888:QuorumCnxManager$Listener@493] - Received connection request /10.10.34.12:48378
2015-07-29 19:28:37,926 - WARN  [SendWorker:188978561024:QuorumCnxManager$SendWorker@679] - Interrupted while waiting for message on queue
2015-07-29 19:28:37,926 - WARN  [SendWorker:188978561024:QuorumCnxManager$SendWorker@688] - Send worker leaving thread
2015-07-29 19:28:37,927 - WARN  [RecvWorker:188978561024:QuorumCnxManager$RecvWorker@762] - Connection broken for id 188978561024, my id = 3, error = 
2015-07-29 19:28:37,927 - WARN  [RecvWorker:188978561024:QuorumCnxManager$RecvWorker@765] - Interrupting SendWorker
2015-07-29 19:28:37,927 - WARN  [SendWorker:188978561024:QuorumCnxManager$SendWorker@679] - Interrupted while waiting for message on queue
2015-07-29 19:28:37,927 - WARN  [SendWorker:188978561024:QuorumCnxManager$SendWorker@688] - Send worker leaving thread
2015-07-29 19:28:38,022 - INFO  [/10.10.34.13:3888:QuorumCnxManager$Listener@493] - Received connection request /10.10.34.13:45642
2015-07-29 19:28:38,023 - INFO  [/10.10.34.13:3888:QuorumCnxManager$Listener@493] - Received connection request /10.10.34.13:45644
2015-07-29 19:28:38,023 - WARN  [RecvWorker:188978561024:QuorumCnxManager$RecvWorker@762] - Connection broken for id 188978561024, my id = 3, error = 
2015-07-29 19:28:38,023 - WARN  [RecvWorker:188978561024:QuorumCnxManager$RecvWorker@765] - Interrupting SendWorker
2015-07-29 19:28:38,023 - WARN  [SendWorker:188978561024:QuorumCnxManager$SendWorker@679] - Interrupted while waiting for message on queue
2015-07-29 19:28:38,024 - WARN  [SendWorker:188978561024:QuorumCnxManager$SendWorker@688] - Send worker leaving thread
2015-07-29 19:28:38,024 - WARN  [RecvWorker:188978561024:QuorumCnxManager$RecvWorker@762] - Connection broken for id 188978561024, my id = 3, error = 
2015-07-29 19:28:38,024 - WARN  [RecvWorker:188978561024:QuorumCnxManager$RecvWorker@765] - Interrupting SendWorker
2015-07-29 19:28:38,024 - INFO  [/10.10.34.13:3888:QuorumCnxManager$Listener@493] - Received connection request /10.10.34.13:45647
2015-07-29 19:28:38,024 - WARN  [SendWorker:188978561024:QuorumCnxManager$SendWorker@679] - Interrupted while waiting for message on queue
2015-07-29 19:28:38,024 - WARN  [SendWorker:188978561024:QuorumCnxManager$SendWorker@688] - Send worker leaving thread
2015-07-29 19:28:38,025 - WARN  [RecvWorker:188978561024:QuorumCnxManager$RecvWorker@762] - Connection broken for id 188978561024, my id = 3, error = 
2015-07-29 19:28:38,025 - WARN  [RecvWorker:188978561024:QuorumCnxManager$RecvWorker@765] - Interrupting SendWorker
2015-07-29 19:28:38,025 - WARN  [SendWorker:188978561024:QuorumCnxManager$SendWorker@679] - Interrupted while waiting for message on queue
2015-07-29 19:28:38,025 - WARN  [SendWorker:188978561024:QuorumCnxManager$SendWorker@688] - Send worker leaving thread
2015-07-29 19:28:38,026 - INFO  [/10.10.34.13:3888:QuorumCnxManager$Listener@493] - Received connection request /10.10.34.13:45652
2015-07-29 19:28:38,027 - WARN  [RecvWorker:188978561024:QuorumCnxManager$RecvWorker@762] - Connection broken for id 188978561024, my id = 3, error = 
2015-07-29 19:28:38,027 - WARN  [RecvWorker:188978561024:QuorumCnxManager$RecvWorker@765] - Interrupting SendWorker
2015-07-29 19:28:38,027 - WARN  [SendWorker:188978561024:QuorumCnxManager$SendWorker@679] - Interrupted while waiting for message on queue
2015-07-29 19:28:38,027 - WARN  [SendWorker:188978561024:QuorumCnxManager$SendWorker@688] - Send worker leaving thread
2015-07-29 19:28:38,233 - INFO  [/10.10.34.13:3888:QuorumCnxManager$Listener@493] - Received connection request /10.10.34.11:48078
2015-07-29 19:28:38,234 - WARN  [RecvWorker:188978561024:QuorumCnxManager$RecvWorker@762] - Connection broken for id 188978561024, my id = 3, error = 
2015-07-29 19:28:38,234 - WARN  [RecvWorker:188978561024:QuorumCnxManager$RecvWorker@765] - Interrupting SendWorker
2015-07-29 19:28:38,234 - WARN  [SendWorker:188978561024:QuorumCnxManager$SendWorker@679] - Interrupted while waiting for message on queue
2015-07-29 19:28:38,234 - WARN  [SendWorker:188978561024:QuorumCnxManager$SendWorker@688] - Send worker leaving thread
2015-07-29 19:28:41,161 - INFO  [/10.10.34.13:3888:QuorumCnxManager$Listener@493] - Received connection request /10.10.34.11:48082
2015-07-29 19:28:41,162 - WARN  [RecvWorker:188978561024:QuorumCnxManager$RecvWorker@762] - Connection broken for id 188978561024, my id = 3, error = 
2015-07-29 19:28:41,162 - WARN  [RecvWorker:188978561024:QuorumCnxManager$RecvWorker@765] - Interrupting SendWorker
2015-07-29 19:28:41,162 - WARN  [SendWorker:188978561024:QuorumCnxManager$SendWorker@679] - Interrupted while waiting for message on queue
2015-07-29 19:28:41,163 - WARN  [SendWorker:188978561024:QuorumCnxManager$SendWorker@688] - Send worker leaving thread
2015-07-29 19:28:41,165 - INFO  [/10.10.34.13:3888:QuorumCnxManager$Listener@493] - Received connection request /10.10.34.11:48085
2015-07-29 19:28:41,165 - WARN  [RecvWorker:188978561024:QuorumCnxManager$RecvWorker@762] - Connection broken for id 188978561024, my id = 3, error = 
2015-07-29 19:28:41,165 - WARN  [RecvWorker:188978561024:QuorumCnxManager$RecvWorker@765] - Interrupting SendWorker
2015-07-29 19:28:41,166 - WARN  [SendWorker:188978561024:QuorumCnxManager$SendWorker@679] - Interrupted while waiting for message on queue
2015-07-29 19:28:41,166 - WARN  [SendWorker:188978561024:QuorumCnxManager$SendWorker@688] - Send worker leaving thread
2015-07-29 19:28:41,166 - INFO  [/10.10.34.13:3888:QuorumCnxManager$Listener@493] - Received connection request /10.10.34.11:48087
2015-07-29 19:28:41,167 - WARN  [RecvWorker:188978561024:QuorumCnxManager$RecvWorker@762] - Connection broken for id 188978561024, my id = 3, error = 
2015-07-29 19:28:41,167 - WARN  [RecvWorker:188978561024:QuorumCnxManager$RecvWorker@765] - Interrupting SendWorker
2015-07-29 19:28:41,167 - WARN  [SendWorker:188978561024:QuorumCnxManager$SendWorker@679] - Interrupted while waiting for message on queue
2015-07-29 19:28:41,167 - INFO  [/10.10.34.13:3888:QuorumCnxManager$Listener@493] - Received connection request /10.10.34.11:48089
2015-07-29 19:28:41,167 - WARN  [SendWorker:188978561024:QuorumCnxManager$SendWorker@688] - Send worker leaving thread
2015-07-29 19:28:41,168 - WARN  [RecvWorker:188978561024:QuorumCnxManager$RecvWorker@762] - Connection broken for id 188978561024, my id = 3, error = 
2015-07-29 19:28:41,168 - WARN  [RecvWorker:188978561024:QuorumCnxManager$RecvWorker@765] - Interrupting SendWorker
2015-07-29 19:28:41,168 - WARN  [SendWorker:188978561024:QuorumCnxManager$SendWorker@679] - Interrupted while waiting for message on queue
2015-07-29 19:28:41,169 - WARN  [SendWorker:188978561024:QuorumCnxManager$SendWorker@688] - Send worker leaving thread
2015-07-29 19:28:41,264 - INFO  [/10.10.34.13:3888:QuorumCnxManager$Listener@493] - Received connection request /10.10.34.12:48383
2015-07-29 19:28:41,264 - WARN  [RecvWorker:188978561024:QuorumCnxManager$RecvWorker@762] - Connection broken for id 188978561024, my id = 3, error = 
2015-07-29 19:28:41,265 - WARN  [RecvWorker:188978561024:QuorumCnxManager$RecvWorker@765] - Interrupting SendWorker
2015-07-29 19:28:41,265 - INFO  [/10.10.34.13:3888:QuorumCnxManager$Listener@493] - Received connection request /10.10.34.12:48385
2015-07-29 19:28:41,265 - WARN  [SendWorker:188978561024:QuorumCnxManager$SendWorker@679] - Interrupted while waiting for message on queue
2015-07-29 19:28:41,265 - WARN  [SendWorker:188978561024:QuorumCnxManager$SendWorker@688] - Send worker leaving thread
2015-07-29 19:28:41,265 - INFO  [/10.10.34.13:3888:QuorumCnxManager$Listener@493] - Received connection request /10.10.34.12:48387
2015-07-29 19:28:41,266 - WARN  [RecvWorker:188978561024:QuorumCnxManager$RecvWorker@762] - Connection broken for id 188978561024, my id = 3, error = 
2015-07-29 19:28:41,266 - WARN  [RecvWorker:188978561024:QuorumCnxManager$RecvWorker@765] - Interrupting SendWorker
2015-07-29 19:28:41,266 - WARN  [SendWorker:188978561024:QuorumCnxManager$SendWorker@679] - Interrupted while waiting for message on queue
2015-07-29 19:28:41,266 - WARN  [SendWorker:188978561024:QuorumCnxManager$SendWorker@688] - Send worker leaving thread
2015-07-29 19:28:41,266 - WARN  [RecvWorker:188978561024:QuorumCnxManager$RecvWorker@762] - Connection broken for id 188978561024, my id = 3, error = 
2015-07-29 19:28:41,267 - WARN  [RecvWorker:188978561024:QuorumCnxManager$RecvWorker@765] - Interrupting SendWorker
2015-07-29 19:28:41,267 - INFO  [/10.10.34.13:3888:QuorumCnxManager$Listener@493] - Received connection request /10.10.34.12:48390
2015-07-29 19:28:41,267 - WARN  [SendWorker:188978561024:QuorumCnxManager$SendWorker@679] - Interrupted while waiting for message on queue
2015-07-29 19:28:41,267 - WARN  [SendWorker:188978561024:QuorumCnxManager$SendWorker@688] - Send worker leaving thread
2015-07-29 19:28:41,267 - WARN  [RecvWorker:188978561024:QuorumCnxManager$RecvWorker@762] - Connection broken for id 188978561024, my id = 3, error = 
2015-07-29 19:28:41,268 - WARN  [RecvWorker:188978561024:QuorumCnxManager$RecvWorker@765] - Interrupting SendWorker
2015-07-29 19:28:41,268 - WARN  [SendWorker:188978561024:QuorumCnxManager$SendWorker@679] - Interrupted while waiting for message on queue
2015-07-29 19:28:41,268 - WARN  [SendWorker:188978561024:QuorumCnxManager$SendWorker@688] - Send worker leaving thread
2015-07-29 19:28:41,363 - INFO  [/10.10.34.13:3888:QuorumCnxManager$Listener@493] - Received connection request /10.10.34.13:45654
2015-07-29 19:28:41,363 - INFO  [/10.10.34.13:3888:QuorumCnxManager$Listener@493] - Received connection request /10.10.34.13:45655
2015-07-29 19:28:41,364 - WARN  [RecvWorker:188978561024:QuorumCnxManager$RecvWorker@762] - Connection broken for id 188978561024, my id = 3, error = 
2015-07-29 19:28:41,364 - WARN  [RecvWorker:188978561024:QuorumCnxManager$RecvWorker@765] - Interrupting SendWorker
2015-07-29 19:28:41,364 - WARN  [SendWorker:188978561024:QuorumCnxManager$SendWorker@679] - Interrupted while waiting for message on queue
2015-07-29 19:28:41,364 - WARN  [RecvWorker:188978561024:QuorumCnxManager$RecvWorker@762] - Connection broken for id 188978561024, my id = 3, error = 
2015-07-29 19:28:41,364 - WARN  [SendWorker:188978561024:QuorumCnxManager$SendWorker@688] - Send worker leaving thread
2015-07-29 19:28:41,364 - WARN  [RecvWorker:188978561024:QuorumCnxManager$RecvWorker@765] - Interrupting SendWorker
2015-07-29 19:28:41,365 - INFO  [/10.10.34.13:3888:QuorumCnxManager$Listener@493] - Received connection request /10.10.34.13:45659
2015-07-29 19:28:41,365 - WARN  [SendWorker:188978561024:QuorumCnxManager$SendWorker@679] - Interrupted while waiting for message on queue
2015-07-29 19:28:41,365 - WARN  [SendWorker:188978561024:QuorumCnxManager$SendWorker@688] - Send worker leaving thread
2015-07-29 19:28:41,365 - WARN  [RecvWorker:188978561024:QuorumCnxManager$RecvWorker@762] - Connection broken for id 188978561024, my id = 3, error = 
2015-07-29 19:28:41,366 - WARN  [RecvWorker:188978561024:QuorumCnxManager$RecvWorker@765] - Interrupting SendWorker
2015-07-29 19:28:41,366 - WARN  [SendWorker:188978561024:QuorumCnxManager$SendWorker@679] - Interrupted while waiting for message on queue
2015-07-29 19:28:41,366 - WARN  [SendWorker:188978561024:QuorumCnxManager$SendWorker@688] - Send worker leaving thread
2015-07-29 19:28:41,367 - INFO  [/10.10.34.13:3888:QuorumCnxManager$Listener@493] - Received connection request /10.10.34.13:45664
2015-07-29 19:28:41,367 - WARN  [RecvWorker:188978561024:QuorumCnxManager$RecvWorker@762] - Connection broken for id 188978561024, my id = 3, error = 
2015-07-29 19:28:41,368 - WARN  [RecvWorker:188978561024:QuorumCnxManager$RecvWorker@765] - Interrupting SendWorker
2015-07-29 19:28:41,368 - WARN  [SendWorker:188978561024:QuorumCnxManager$SendWorker@679] - Interrupted while waiting for message on queue
2015-07-29 19:28:41,368 - WARN  [SendWorker:188978561024:QuorumCnxManager$SendWorker@688] - Send worker leaving thread
2015-07-29 19:28:41,574 - INFO  [/10.10.34.13:3888:QuorumCnxManager$Listener@493] - Received connection request /10.10.34.11:48093
2015-07-29 19:28:41,574 - WARN  [RecvWorker:188978561024:QuorumCnxManager$RecvWorker@762] - Connection broken for id 188978561024, my id = 3, error = 
2015-07-29 19:28:41,574 - WARN  [RecvWorker:188978561024:QuorumCnxManager$RecvWorker@765] - Interrupting SendWorker
2015-07-29 19:28:41,575 - WARN  [SendWorker:188978561024:QuorumCnxManager$SendWorker@679] - Interrupted while waiting for message on queue
2015-07-29 19:28:41,575 - WARN  [SendWorker:188978561024:QuorumCnxManager$SendWorker@688] - Send worker leaving thread
2015-07-29 19:28:44,502 - INFO  [/10.10.34.13:3888:QuorumCnxManager$Listener@493] - Received connection request /10.10.34.11:48097
2015-07-29 19:28:44,503 - WARN  [RecvWorker:188978561024:QuorumCnxManager$RecvWorker@762] - Connection broken for id 188978561024, my id = 3, error = 
2015-07-29 19:28:44,503 - WARN  [RecvWorker:188978561024:QuorumCnxManager$RecvWorker@765] - Interrupting SendWorker
2015-07-29 19:28:44,503 - WARN  [SendWorker:188978561024:QuorumCnxManager$SendWorker@679] - Interrupted while waiting for message on queue
2015-07-29 19:28:44,504 - WARN  [SendWorker:188978561024:QuorumCnxManager$SendWorker@688] - Send worker leaving thread
2015-07-29 19:28:44,505 - INFO  [/10.10.34.13:3888:QuorumCnxManager$Listener@493] - Received connection request /10.10.34.11:48101
2015-07-29 19:28:44,506 - WARN  [RecvWorker:188978561024:QuorumCnxManager$RecvWorker@762] - Connection broken for id 188978561024, my id = 3, error = 
2015-07-29 19:28:44,506 - WARN  [RecvWorker:188978561024:QuorumCnxManager$RecvWorker@765] - Interrupting SendWorker
2015-07-29 19:28:44,506 - WARN  [SendWorker:188978561024:QuorumCnxManager$SendWorker@679] - Interrupted while waiting for message on queue
2015-07-29 19:28:44,507 - WARN  [SendWorker:188978561024:QuorumCnxManager$SendWorker@688] - Send worker leaving thread
2015-07-29 19:28:44,506 - INFO  [/10.10.34.13:3888:QuorumCnxManager$Listener@493] - Received connection request /10.10.34.11:48102
2015-07-29 19:28:44,507 - WARN  [RecvWorker:188978561024:QuorumCnxManager$RecvWorker@762] - Connection broken for id 188978561024, my id = 3, error = 
2015-07-29 19:28:44,508 - WARN  [RecvWorker:188978561024:QuorumCnxManager$RecvWorker@765] - Interrupting SendWorker
2015-07-29 19:28:44,508 - WARN  [SendWorker:188978561024:QuorumCnxManager$SendWorker@679] - Interrupted while waiting for message on queue
2015-07-29 19:28:44,508 - INFO  [/10.10.34.13:3888:QuorumCnxManager$Listener@493] - Received connection request /10.10.34.11:48104
2015-07-29 19:28:44,508 - WARN  [SendWorker:188978561024:QuorumCnxManager$SendWorker@688] - Send worker leaving thread
2015-07-29 19:28:44,509 - WARN  [RecvWorker:188978561024:QuorumCnxManager$RecvWorker@762] - Connection broken for id 188978561024, my id = 3, error = 
2015-07-29 19:28:44,509 - WARN  [RecvWorker:188978561024:QuorumCnxManager$RecvWorker@765] - Interrupting SendWorker
2015-07-29 19:28:44,509 - WARN  [SendWorker:188978561024:QuorumCnxManager$SendWorker@679] - Interrupted while waiting for message on queue
2015-07-29 19:28:44,509 - WARN  [SendWorker:188978561024:QuorumCnxManager$SendWorker@688] - Send worker leaving thread
2015-07-29 19:28:44,603 - INFO  [/10.10.34.13:3888:QuorumCnxManager$Listener@493] - Received connection request /10.10.34.12:48394
2015-07-29 19:28:44,604 - WARN  [RecvWorker:188978561024:QuorumCnxManager$RecvWorker@762] - Connection broken for id 188978561024, my id = 3, error = 
2015-07-29 19:28:44,604 - WARN  [RecvWorker:188978561024:QuorumCnxManager$RecvWorker@765] - Interrupting SendWorker
2015-07-29 19:28:44,604 - WARN  [SendWorker:188978561024:QuorumCnxManager$SendWorker@679] - Interrupted while waiting for message on queue
2015-07-29 19:28:44,604 - INFO  [/10.10.34.13:3888:QuorumCnxManager$Listener@493] - Received connection request /10.10.34.12:48395
2015-07-29 19:28:44,605 - WARN  [SendWorker:188978561024:QuorumCnxManager$SendWorker@688] - Send worker leaving thread
2015-07-29 19:28:44,605 - WARN  [RecvWorker:188978561024:QuorumCnxManager$RecvWorker@762] - Connection broken for id 188978561024, my id = 3, error = 
2015-07-29 19:28:44,606 - WARN  [RecvWorker:188978561024:QuorumCnxManager$RecvWorker@765] - Interrupting SendWorker
2015-07-29 19:28:44,606 - WARN  [SendWorker:188978561024:QuorumCnxManager$SendWorker@679] - Interrupted while waiting for message on queue
2015-07-29 19:28:44,606 - WARN  [SendWorker:188978561024:QuorumCnxManager$SendWorker@688] - Send worker leaving thread
2015-07-29 19:28:44,607 - INFO  [/10.10.34.13:3888:QuorumCnxManager$Listener@493] - Received connection request /10.10.34.12:48402
2015-07-29 19:28:44,607 - WARN  [RecvWorker:188978561024:QuorumCnxManager$RecvWorker@762] - Connection broken for id 188978561024, my id = 3, error = 
2015-07-29 19:28:44,607 - WARN  [RecvWorker:188978561024:QuorumCnxManager$RecvWorker@765] - Interrupting SendWorker
2015-07-29 19:28:44,607 - INFO  [/10.10.34.13:3888:QuorumCnxManager$Listener@493] - Received connection request /10.10.34.12:48403
2015-07-29 19:28:44,608 - WARN  [SendWorker:188978561024:QuorumCnxManager$SendWorker@679] - Interrupted while waiting for message on queue
2015-07-29 19:28:44,608 - WARN  [SendWorker:188978561024:QuorumCnxManager$SendWorker@688] - Send worker leaving thread
2015-07-29 19:28:44,608 - WARN  [RecvWorker:188978561024:QuorumCnxManager$RecvWorker@762] - Connection broken for id 188978561024, my id = 3, error = 
2015-07-29 19:28:44,608 - WARN  [RecvWorker:188978561024:QuorumCnxManager$RecvWorker@765] - Interrupting SendWorker
2015-07-29 19:28:44,609 - WARN  [SendWorker:188978561024:QuorumCnxManager$SendWorker@679] - Interrupted while waiting for message on queue
2015-07-29 19:28:44,609 - WARN  [SendWorker:188978561024:QuorumCnxManager$SendWorker@688] - Send worker leaving thread
2015-07-29 19:28:44,704 - INFO  [/10.10.34.13:3888:QuorumCnxManager$Listener@493] - Received connection request /10.10.34.13:45666
2015-07-29 19:28:44,704 - INFO  [/10.10.34.13:3888:QuorumCnxManager$Listener@493] - Received connection request /10.10.34.13:45669
2015-07-29 19:28:44,704 - WARN  [RecvWorker:188978561024:QuorumCnxManager$RecvWorker@762] - Connection broken for id 188978561024, my id = 3, error = 
2015-07-29 19:28:44,705 - WARN  [RecvWorker:188978561024:QuorumCnxManager$RecvWorker@765] - Interrupting SendWorker
2015-07-29 19:28:44,705 - WARN  [SendWorker:188978561024:QuorumCnxManager$SendWorker@679] - Interrupted while waiting for message on queue
2015-07-29 19:28:44,705 - WARN  [SendWorker:188978561024:QuorumCnxManager$SendWorker@688] - Send worker leaving thread
2015-07-29 19:28:44,705 - WARN  [RecvWorker:188978561024:QuorumCnxManager$RecvWorker@762] - Connection broken for id 188978561024, my id = 3, error = 
2015-07-29 19:28:44,705 - INFO  [/10.10.34.13:3888:QuorumCnxManager$Listener@493] - Received connection request /10.10.34.13:45671
2015-07-29 19:28:44,705 - WARN  [RecvWorker:188978561024:QuorumCnxManager$RecvWorker@765] - Interrupting SendWorker
2015-07-29 19:28:44,706 - WARN  [SendWorker:188978561024:QuorumCnxManager$SendWorker@679] - Interrupted while waiting for message on queue
2015-07-29 19:28:44,706 - WARN  [SendWorker:188978561024:QuorumCnxManager$SendWorker@688] - Send worker leaving thread
2015-07-29 19:28:44,706 - WARN  [RecvWorker:188978561024:QuorumCnxManager$RecvWorker@762] - Connection broken for id 188978561024, my id = 3, error = 
2015-07-29 19:28:44,706 - WARN  [RecvWorker:188978561024:QuorumCnxManager$RecvWorker@765] - Interrupting SendWorker
2015-07-29 19:28:44,707 - WARN  [SendWorker:188978561024:QuorumCnxManager$SendWorker@679] - Interrupted while waiting for message on queue
2015-07-29 19:28:44,707 - WARN  [SendWorker:188978561024:QuorumCnxManager$SendWorker@688] - Send worker leaving thread
2015-07-29 19:28:44,707 - INFO  [/10.10.34.13:3888:QuorumCnxManager$Listener@493] - Received connection request /10.10.34.13:45676
2015-07-29 19:28:44,708 - WARN  [RecvWorker:188978561024:QuorumCnxManager$RecvWorker@762] - Connection broken for id 188978561024, my id = 3, error = 
2015-07-29 19:28:44,708 - WARN  [RecvWorker:188978561024:QuorumCnxManager$RecvWorker@765] - Interrupting SendWorker
2015-07-29 19:28:44,712 - WARN  [SendWorker:188978561024:QuorumCnxManager$SendWorker@679] - Interrupted while waiting for message on queue
2015-07-29 19:28:44,713 - WARN  [SendWorker:188978561024:QuorumCnxManager$SendWorker@688] - Send worker leaving thread
2015-07-29 19:28:44,914 - INFO  [/10.10.34.13:3888:QuorumCnxManager$Listener@493] - Received connection request /10.10.34.11:48108
2015-07-29 19:28:44,915 - WARN  [RecvWorker:188978561024:QuorumCnxManager$RecvWorker@762] - Connection broken for id 188978561024, my id = 3, error = 
2015-07-29 19:28:44,915 - WARN  [RecvWorker:188978561024:QuorumCnxManager$RecvWorker@765] - Interrupting SendWorker
2015-07-29 19:28:44,915 - WARN  [SendWorker:188978561024:QuorumCnxManager$SendWorker@679] - Interrupted while waiting for message on queue
2015-07-29 19:28:44,916 - WARN  [SendWorker:188978561024:QuorumCnxManager$SendWorker@688] - Send worker leaving thread
2015-07-29 19:28:47,843 - INFO  [/10.10.34.13:3888:QuorumCnxManager$Listener@493] - Received connection request /10.10.34.11:48112
2015-07-29 19:28:47,843 - WARN  [RecvWorker:188978561024:QuorumCnxManager$RecvWorker@762] - Connection broken for id 188978561024, my id = 3, error = 
2015-07-29 19:28:47,844 - WARN  [RecvWorker:188978561024:QuorumCnxManager$RecvWorker@765] - Interrupting SendWorker
2015-07-29 19:28:47,844 - WARN  [SendWorker:188978561024:QuorumCnxManager$SendWorker@679] - Interrupted while waiting for message on queue
2015-07-29 19:28:47,844 - WARN  [SendWorker:188978561024:QuorumCnxManager$SendWorker@688] - Send worker leaving thread
2015-07-29 19:28:47,846 - INFO  [/10.10.34.13:3888:QuorumCnxManager$Listener@493] - Received connection request /10.10.34.11:48116
2015-07-29 19:28:47,847 - WARN  [RecvWorker:188978561024:QuorumCnxManager$RecvWorker@762] - Connection broken for id 188978561024, my id = 3, error = 
2015-07-29 19:28:47,847 - WARN  [RecvWorker:188978561024:QuorumCnxManager$RecvWorker@765] - Interrupting SendWorker
2015-07-29 19:28:47,847 - INFO  [/10.10.34.13:3888:QuorumCnxManager$Listener@493] - Received connection request /10.10.34.11:48117
2015-07-29 19:28:47,847 - WARN  [SendWorker:188978561024:QuorumCnxManager$SendWorker@679] - Interrupted while waiting for message on queue
2015-07-29 19:28:47,847 - WARN  [SendWorker:188978561024:QuorumCnxManager$SendWorker@688] - Send worker leaving thread
2015-07-29 19:28:47,848 - WARN  [RecvWorker:188978561024:QuorumCnxManager$RecvWorker@762] - Connection broken for id 188978561024, my id = 3, error = 
2015-07-29 19:28:47,848 - WARN  [RecvWorker:188978561024:QuorumCnxManager$RecvWorker@765] - Interrupting SendWorker
2015-07-29 19:28:47,848 - WARN  [SendWorker:188978561024:QuorumCnxManager$SendWorker@679] - Interrupted while waiting for message on queue
2015-07-29 19:28:47,848 - WARN  [SendWorker:188978561024:QuorumCnxManager$SendWorker@688] - Send worker leaving thread
2015-07-29 19:28:47,849 - INFO  [/10.10.34.13:3888:QuorumCnxManager$Listener@493] - Received connection request /10.10.34.11:48120
2015-07-29 19:28:47,849 - WARN  [RecvWorker:188978561024:QuorumCnxManager$RecvWorker@762] - Connection broken for id 188978561024, my id = 3, error = 
2015-07-29 19:28:47,849 - WARN  [RecvWorker:188978561024:QuorumCnxManager$RecvWorker@765] - Interrupting SendWorker
2015-07-29 19:28:47,850 - WARN  [SendWorker:188978561024:QuorumCnxManager$SendWorker@679] - Interrupted while waiting for message on queue
2015-07-29 19:28:47,850 - WARN  [SendWorker:188978561024:QuorumCnxManager$SendWorker@688] - Send worker leaving thread
2015-07-29 19:28:47,943 - INFO  [/10.10.34.13:3888:QuorumCnxManager$Listener@493] - Received connection request /10.10.34.12:48406
2015-07-29 19:28:47,944 - WARN  [RecvWorker:188978561024:QuorumCnxManager$RecvWorker@762] - Connection broken for id 188978561024, my id = 3, error = 
2015-07-29 19:28:47,944 - WARN  [RecvWorker:188978561024:QuorumCnxManager$RecvWorker@765] - Interrupting SendWorker
2015-07-29 19:28:47,945 - WARN  [SendWorker:188978561024:QuorumCnxManager$SendWorker@679] - Interrupted while waiting for message on queue
2015-07-29 19:28:47,945 - WARN  [SendWorker:188978561024:QuorumCnxManager$SendWorker@688] - Send worker leaving thread
2015-07-29 19:28:47,945 - INFO  [/10.10.34.13:3888:QuorumCnxManager$Listener@493] - Received connection request /10.10.34.12:48409
2015-07-29 19:28:47,946 - WARN  [RecvWorker:188978561024:QuorumCnxManager$RecvWorker@762] - Connection broken for id 188978561024, my id = 3, error = 
2015-07-29 19:28:47,946 - WARN  [RecvWorker:188978561024:QuorumCnxManager$RecvWorker@765] - Interrupting SendWorker
2015-07-29 19:28:47,947 - WARN  [SendWorker:188978561024:QuorumCnxManager$SendWorker@679] - Interrupted while waiting for message on queue
2015-07-29 19:28:47,947 - WARN  [SendWorker:188978561024:QuorumCnxManager$SendWorker@688] - Send worker leaving thread
2015-07-29 19:28:47,947 - INFO  [/10.10.34.13:3888:QuorumCnxManager$Listener@493] - Received connection request /10.10.34.12:48414
2015-07-29 19:28:47,948 - WARN  [RecvWorker:188978561024:QuorumCnxManager$RecvWorker@762] - Connection broken for id 188978561024, my id = 3, error = 
2015-07-29 19:28:47,948 - WARN  [RecvWorker:188978561024:QuorumCnxManager$RecvWorker@765] - Interrupting SendWorker
2015-07-29 19:28:47,948 - INFO  [/10.10.34.13:3888:QuorumCnxManager$Listener@493] - Received connection request /10.10.34.12:48415
2015-07-29 19:28:47,948 - WARN  [SendWorker:188978561024:QuorumCnxManager$SendWorker@679] - Interrupted while waiting for message on queue
2015-07-29 19:28:47,949 - WARN  [SendWorker:188978561024:QuorumCnxManager$SendWorker@688] - Send worker leaving thread
2015-07-29 19:28:47,949 - WARN  [RecvWorker:188978561024:QuorumCnxManager$RecvWorker@762] - Connection broken for id 188978561024, my id = 3, error = 
2015-07-29 19:28:47,949 - WARN  [RecvWorker:188978561024:QuorumCnxManager$RecvWorker@765] - Interrupting SendWorker
2015-07-29 19:28:47,949 - WARN  [SendWorker:188978561024:QuorumCnxManager$SendWorker@679] - Interrupted while waiting for message on queue
2015-07-29 19:28:47,950 - WARN  [SendWorker:188978561024:QuorumCnxManager$SendWorker@688] - Send worker leaving thread
2015-07-29 19:28:48,045 - INFO  [/10.10.34.13:3888:QuorumCnxManager$Listener@493] - Received connection request /10.10.34.13:45678
2015-07-29 19:28:48,045 - INFO  [/10.10.34.13:3888:QuorumCnxManager$Listener@493] - Received connection request /10.10.34.13:45681
2015-07-29 19:28:48,045 - WARN  [RecvWorker:188978561024:QuorumCnxManager$RecvWorker@762] - Connection broken for id 188978561024, my id = 3, error = 
2015-07-29 19:28:48,046 - WARN  [RecvWorker:188978561024:QuorumCnxManager$RecvWorker@765] - Interrupting SendWorker
2015-07-29 19:28:48,046 - WARN  [SendWorker:188978561024:QuorumCnxManager$SendWorker@679] - Interrupted while waiting for message on queue
2015-07-29 19:28:48,046 - WARN  [RecvWorker:188978561024:QuorumCnxManager$RecvWorker@762] - Connection broken for id 188978561024, my id = 3, error = 
2015-07-29 19:28:48,046 - INFO  [/10.10.34.13:3888:QuorumCnxManager$Listener@493] - Received connection request /10.10.34.13:45683
2015-07-29 19:28:48,046 - WARN  [SendWorker:188978561024:QuorumCnxManager$SendWorker@688] - Send worker leaving thread
2015-07-29 19:28:48,046 - WARN  [RecvWorker:188978561024:QuorumCnxManager$RecvWorker@765] - Interrupting SendWorker
2015-07-29 19:28:48,047 - WARN  [SendWorker:188978561024:QuorumCnxManager$SendWorker@679] - Interrupted while waiting for message on queue
2015-07-29 19:28:48,047 - WARN  [RecvWorker:188978561024:QuorumCnxManager$RecvWorker@762] - Connection broken for id 188978561024, my id = 3, error = 
2015-07-29 19:28:48,047 - WARN  [RecvWorker:188978561024:QuorumCnxManager$RecvWorker@765] - Interrupting SendWorker
2015-07-29 19:28:48,047 - WARN  [SendWorker:188978561024:QuorumCnxManager$SendWorker@688] - Send worker leaving thread
2015-07-29 19:28:48,048 - WARN  [SendWorker:188978561024:QuorumCnxManager$SendWorker@679] - Interrupted while waiting for message on queue
2015-07-29 19:28:48,048 - WARN  [SendWorker:188978561024:QuorumCnxManager$SendWorker@688] - Send worker leaving thread
2015-07-29 19:28:48,048 - INFO  [/10.10.34.13:3888:QuorumCnxManager$Listener@493] - Received connection request /10.10.34.13:45688
2015-07-29 19:28:48,049 - WARN  [RecvWorker:188978561024:QuorumCnxManager$RecvWorker@762] - Connection broken for id 188978561024, my id = 3, error = 
2015-07-29 19:28:48,049 - WARN  [RecvWorker:188978561024:QuorumCnxManager$RecvWorker@765] - Interrupting SendWorker
2015-07-29 19:28:48,049 - WARN  [SendWorker:188978561024:QuorumCnxManager$SendWorker@679] - Interrupted while waiting for message on queue
2015-07-29 19:28:48,050 - WARN  [SendWorker:188978561024:QuorumCnxManager$SendWorker@688] - Send worker leaving thread
2015-07-29 19:28:48,255 - INFO  [/10.10.34.13:3888:QuorumCnxManager$Listener@493] - Received connection request /10.10.34.11:48123
2015-07-29 19:28:48,255 - WARN  [RecvWorker:188978561024:QuorumCnxManager$RecvWorker@762] - Connection broken for id 188978561024, my id = 3, error = 
2015-07-29 19:28:48,255 - WARN  [RecvWorker:188978561024:QuorumCnxManager$RecvWorker@765] - Interrupting SendWorker
2015-07-29 19:28:48,256 - WARN  [SendWorker:188978561024:QuorumCnxManager$SendWorker@679] - Interrupted while waiting for message on queue
2015-07-29 19:28:48,256 - WARN  [SendWorker:188978561024:QuorumCnxManager$SendWorker@688] - Send worker leaving thread
2015-07-29 19:28:51,183 - INFO  [/10.10.34.13:3888:QuorumCnxManager$Listener@493] - Received connection request /10.10.34.11:48128
2015-07-29 19:28:51,184 - WARN  [RecvWorker:188978561024:QuorumCnxManager$RecvWorker@762] - Connection broken for id 188978561024, my id = 3, error = 
2015-07-29 19:28:51,184 - WARN  [RecvWorker:188978561024:QuorumCnxManager$RecvWorker@765] - Interrupting SendWorker
2015-07-29 19:28:51,185 - WARN  [SendWorker:188978561024:QuorumCnxManager$SendWorker@679] - Interrupted while waiting for message on queue
2015-07-29 19:28:51,185 - WARN  [SendWorker:188978561024:QuorumCnxManager$SendWorker@688] - Send worker leaving thread
2015-07-29 19:28:51,186 - INFO  [/10.10.34.13:3888:QuorumCnxManager$Listener@493] - Received connection request /10.10.34.11:48130
2015-07-29 19:28:51,187 - WARN  [RecvWorker:188978561024:QuorumCnxManager$RecvWorker@762] - Connection broken for id 188978561024, my id = 3, error = 
2015-07-29 19:28:51,187 - WARN  [RecvWorker:188978561024:QuorumCnxManager$RecvWorker@765] - Interrupting SendWorker
2015-07-29 19:28:51,187 - WARN  [SendWorker:188978561024:QuorumCnxManager$SendWorker@679] - Interrupted while waiting for message on queue
2015-07-29 19:28:51,188 - WARN  [SendWorker:188978561024:QuorumCnxManager$SendWorker@688] - Send worker leaving thread
2015-07-29 19:28:51,188 - INFO  [/10.10.34.13:3888:QuorumCnxManager$Listener@493] - Received connection request /10.10.34.11:48133
2015-07-29 19:28:51,188 - WARN  [RecvWorker:188978561024:QuorumCnxManager$RecvWorker@762] - Connection broken for id 188978561024, my id = 3, error = 
2015-07-29 19:28:51,188 - WARN  [RecvWorker:188978561024:QuorumCnxManager$RecvWorker@765] - Interrupting SendWorker
2015-07-29 19:28:51,189 - WARN  [SendWorker:188978561024:QuorumCnxManager$SendWorker@679] - Interrupted while waiting for message on queue
2015-07-29 19:28:51,189 - INFO  [/10.10.34.13:3888:QuorumCnxManager$Listener@493] - Received connection request /10.10.34.11:48134
2015-07-29 19:28:51,189 - WARN  [SendWorker:188978561024:QuorumCnxManager$SendWorker@688] - Send worker leaving thread
2015-07-29 19:28:51,190 - WARN  [RecvWorker:188978561024:QuorumCnxManager$RecvWorker@762] - Connection broken for id 188978561024, my id = 3, error = 
2015-07-29 19:28:51,190 - WARN  [RecvWorker:188978561024:QuorumCnxManager$RecvWorker@765] - Interrupting SendWorker
2015-07-29 19:28:51,190 - WARN  [SendWorker:188978561024:QuorumCnxManager$SendWorker@679] - Interrupted while waiting for message on queue
2015-07-29 19:28:51,190 - WARN  [SendWorker:188978561024:QuorumCnxManager$SendWorker@688] - Send worker leaving thread
2015-07-29 19:28:51,284 - INFO  [/10.10.34.13:3888:QuorumCnxManager$Listener@493] - Received connection request /10.10.34.12:48418
2015-07-29 19:28:51,285 - WARN  [RecvWorker:188978561024:QuorumCnxManager$RecvWorker@762] - Connection broken for id 188978561024, my id = 3, error = 
2015-07-29 19:28:51,285 - WARN  [RecvWorker:188978561024:QuorumCnxManager$RecvWorker@765] - Interrupting SendWorker
2015-07-29 19:28:51,285 - WARN  [SendWorker:188978561024:QuorumCnxManager$SendWorker@679] - Interrupted while waiting for message on queue
2015-07-29 19:28:51,285 - WARN  [SendWorker:188978561024:QuorumCnxManager$SendWorker@688] - Send worker leaving thread
2015-07-29 19:28:51,286 - INFO  [/10.10.34.13:3888:QuorumCnxManager$Listener@493] - Received connection request /10.10.34.12:48421
2015-07-29 19:28:51,287 - WARN  [RecvWorker:188978561024:QuorumCnxManager$RecvWorker@762] - Connection broken for id 188978561024, my id = 3, error = 
2015-07-29 19:28:51,287 - WARN  [RecvWorker:188978561024:QuorumCnxManager$RecvWorker@765] - Interrupting SendWorker
2015-07-29 19:28:51,287 - WARN  [SendWorker:188978561024:QuorumCnxManager$SendWorker@679] - Interrupted while waiting for message on queue
2015-07-29 19:28:51,287 - WARN  [SendWorker:188978561024:QuorumCnxManager$SendWorker@688] - Send worker leaving thread
2015-07-29 19:28:51,288 - INFO  [/10.10.34.13:3888:QuorumCnxManager$Listener@493] - Received connection request /10.10.34.12:48426
2015-07-29 19:28:51,288 - WARN  [RecvWorker:188978561024:QuorumCnxManager$RecvWorker@762] - Connection broken for id 188978561024, my id = 3, error = 
2015-07-29 19:28:51,288 - WARN  [RecvWorker:188978561024:QuorumCnxManager$RecvWorker@765] - Interrupting SendWorker
2015-07-29 19:28:51,288 - INFO  [/10.10.34.13:3888:QuorumCnxManager$Listener@493] - Received connection request /10.10.34.12:48427
2015-07-29 19:28:51,289 - WARN  [SendWorker:188978561024:QuorumCnxManager$SendWorker@679] - Interrupted while waiting for message on queue
2015-07-29 19:28:51,289 - WARN  [SendWorker:188978561024:QuorumCnxManager$SendWorker@688] - Send worker leaving thread
2015-07-29 19:28:51,289 - WARN  [RecvWorker:188978561024:QuorumCnxManager$RecvWorker@762] - Connection broken for id 188978561024, my id = 3, error = 
2015-07-29 19:28:51,289 - WARN  [RecvWorker:188978561024:QuorumCnxManager$RecvWorker@765] - Interrupting SendWorker
2015-07-29 19:28:51,289 - WARN  [SendWorker:188978561024:QuorumCnxManager$SendWorker@679] - Interrupted while waiting for message on queue
2015-07-29 19:28:51,290 - WARN  [SendWorker:188978561024:QuorumCnxManager$SendWorker@688] - Send worker leaving thread
2015-07-29 19:28:51,386 - INFO  [/10.10.34.13:3888:QuorumCnxManager$Listener@493] - Received connection request /10.10.34.13:45691
2015-07-29 19:28:51,386 - INFO  [/10.10.34.13:3888:QuorumCnxManager$Listener@493] - Received connection request /10.10.34.13:45693
2015-07-29 19:28:51,386 - WARN  [RecvWorker:188978561024:QuorumCnxManager$RecvWorker@762] - Connection broken for id 188978561024, my id = 3, error = 
2015-07-29 19:28:51,387 - WARN  [RecvWorker:188978561024:QuorumCnxManager$RecvWorker@765] - Interrupting SendWorker
2015-07-29 19:28:51,387 - WARN  [SendWorker:188978561024:QuorumCnxManager$SendWorker@679] - Interrupted while waiting for message on queue
2015-07-29 19:28:51,387 - WARN  [RecvWorker:188978561024:QuorumCnxManager$RecvWorker@762] - Connection broken for id 188978561024, my id = 3, error = 
2015-07-29 19:28:51,387 - WARN  [RecvWorker:188978561024:QuorumCnxManager$RecvWorker@765] - Interrupting SendWorker
2015-07-29 19:28:51,387 - INFO  [/10.10.34.13:3888:QuorumCnxManager$Listener@493] - Received connection request /10.10.34.13:45695
2015-07-29 19:28:51,387 - WARN  [SendWorker:188978561024:QuorumCnxManager$SendWorker@679] - Interrupted while waiting for message on queue
2015-07-29 19:28:51,388 - WARN  [SendWorker:188978561024:QuorumCnxManager$SendWorker@688] - Send worker leaving thread
2015-07-29 19:28:51,387 - WARN  [SendWorker:188978561024:QuorumCnxManager$SendWorker@688] - Send worker leaving thread
2015-07-29 19:28:51,388 - WARN  [RecvWorker:188978561024:QuorumCnxManager$RecvWorker@762] - Connection broken for id 188978561024, my id = 3, error = 
2015-07-29 19:28:51,388 - WARN  [RecvWorker:188978561024:QuorumCnxManager$RecvWorker@765] - Interrupting SendWorker
2015-07-29 19:28:51,388 - WARN  [SendWorker:188978561024:QuorumCnxManager$SendWorker@679] - Interrupted while waiting for message on queue
2015-07-29 19:28:51,389 - WARN  [SendWorker:188978561024:QuorumCnxManager$SendWorker@688] - Send worker leaving thread
2015-07-29 19:28:51,389 - INFO  [/10.10.34.13:3888:QuorumCnxManager$Listener@493] - Received connection request /10.10.34.13:45700
2015-07-29 19:28:51,390 - WARN  [RecvWorker:188978561024:QuorumCnxManager$RecvWorker@762] - Connection broken for id 188978561024, my id = 3, error = 
2015-07-29 19:28:51,390 - WARN  [RecvWorker:188978561024:QuorumCnxManager$RecvWorker@765] - Interrupting SendWorker
2015-07-29 19:28:51,390 - WARN  [SendWorker:188978561024:QuorumCnxManager$SendWorker@679] - Interrupted while waiting for message on queue
2015-07-29 19:28:51,390 - WARN  [SendWorker:188978561024:QuorumCnxManager$SendWorker@688] - Send worker leaving thread
2015-07-29 19:28:51,595 - INFO  [/10.10.34.13:3888:QuorumCnxManager$Listener@493] - Received connection request /10.10.34.11:48138
2015-07-29 19:28:51,596 - WARN  [RecvWorker:188978561024:QuorumCnxManager$RecvWorker@762] - Connection broken for id 188978561024, my id = 3, error = 
2015-07-29 19:28:51,596 - WARN  [RecvWorker:188978561024:QuorumCnxManager$RecvWorker@765] - Interrupting SendWorker
2015-07-29 19:28:51,596 - WARN  [SendWorker:188978561024:QuorumCnxManager$SendWorker@679] - Interrupted while waiting for message on queue
2015-07-29 19:28:51,596 - WARN  [SendWorker:188978561024:QuorumCnxManager$SendWorker@688] - Send worker leaving thread
2015-07-29 19:28:54,524 - INFO  [/10.10.34.13:3888:QuorumCnxManager$Listener@493] - Received connection request /10.10.34.11:48143
2015-07-29 19:28:54,525 - WARN  [RecvWorker:188978561024:QuorumCnxManager$RecvWorker@762] - Connection broken for id 188978561024, my id = 3, error = 
2015-07-29 19:28:54,525 - WARN  [RecvWorker:188978561024:QuorumCnxManager$RecvWorker@765] - Interrupting SendWorker
2015-07-29 19:28:54,525 - WARN  [SendWorker:188978561024:QuorumCnxManager$SendWorker@679] - Interrupted while waiting for message on queue
2015-07-29 19:28:54,526 - WARN  [SendWorker:188978561024:QuorumCnxManager$SendWorker@688] - Send worker leaving thread
2015-07-29 19:28:54,527 - INFO  [/10.10.34.13:3888:QuorumCnxManager$Listener@493] - Received connection request /10.10.34.11:48145
2015-07-29 19:28:54,527 - WARN  [RecvWorker:188978561024:QuorumCnxManager$RecvWorker@762] - Connection broken for id 188978561024, my id = 3, error = 
2015-07-29 19:28:54,527 - WARN  [RecvWorker:188978561024:QuorumCnxManager$RecvWorker@765] - Interrupting SendWorker
2015-07-29 19:28:54,528 - WARN  [SendWorker:188978561024:QuorumCnxManager$SendWorker@679] - Interrupted while waiting for message on queue
2015-07-29 19:28:54,528 - INFO  [/10.10.34.13:3888:QuorumCnxManager$Listener@493] - Received connection request /10.10.34.11:48147
2015-07-29 19:28:54,528 - WARN  [SendWorker:188978561024:QuorumCnxManager$SendWorker@688] - Send worker leaving thread
2015-07-29 19:28:54,529 - WARN  [RecvWorker:188978561024:QuorumCnxManager$RecvWorker@762] - Connection broken for id 188978561024, my id = 3, error = 
2015-07-29 19:28:54,529 - WARN  [RecvWorker:188978561024:QuorumCnxManager$RecvWorker@765] - Interrupting SendWorker
2015-07-29 19:28:54,529 - WARN  [SendWorker:188978561024:QuorumCnxManager$SendWorker@679] - Interrupted while waiting for message on queue
2015-07-29 19:28:54,529 - INFO  [/10.10.34.13:3888:QuorumCnxManager$Listener@493] - Received connection request /10.10.34.11:48149
2015-07-29 19:28:54,529 - WARN  [SendWorker:188978561024:QuorumCnxManager$SendWorker@688] - Send worker leaving thread
2015-07-29 19:28:54,530 - WARN  [RecvWorker:188978561024:QuorumCnxManager$RecvWorker@762] - Connection broken for id 188978561024, my id = 3, error = 
2015-07-29 19:28:54,530 - WARN  [RecvWorker:188978561024:QuorumCnxManager$RecvWorker@765] - Interrupting SendWorker
2015-07-29 19:28:54,530 - WARN  [SendWorker:188978561024:QuorumCnxManager$SendWorker@679] - Interrupted while waiting for message on queue
2015-07-29 19:28:54,531 - WARN  [SendWorker:188978561024:QuorumCnxManager$SendWorker@688] - Send worker leaving thread
2015-07-29 19:28:54,624 - INFO  [/10.10.34.13:3888:QuorumCnxManager$Listener@493] - Received connection request /10.10.34.12:48430
2015-07-29 19:28:54,625 - WARN  [RecvWorker:188978561024:QuorumCnxManager$RecvWorker@762] - Connection broken for id 188978561024, my id = 3, error = 
2015-07-29 19:28:54,625 - WARN  [RecvWorker:188978561024:QuorumCnxManager$RecvWorker@765] - Interrupting SendWorker
2015-07-29 19:28:54,625 - WARN  [SendWorker:188978561024:QuorumCnxManager$SendWorker@679] - Interrupted while waiting for message on queue
2015-07-29 19:28:54,626 - WARN  [SendWorker:188978561024:QuorumCnxManager$SendWorker@688] - Send worker leaving thread
2015-07-29 19:28:54,627 - INFO  [/10.10.34.13:3888:QuorumCnxManager$Listener@493] - Received connection request /10.10.34.12:48434
2015-07-29 19:28:54,628 - WARN  [RecvWorker:188978561024:QuorumCnxManager$RecvWorker@762] - Connection broken for id 188978561024, my id = 3, error = 
2015-07-29 19:28:54,628 - WARN  [RecvWorker:188978561024:QuorumCnxManager$RecvWorker@765] - Interrupting SendWorker
2015-07-29 19:28:54,628 - WARN  [SendWorker:188978561024:QuorumCnxManager$SendWorker@679] - Interrupted while waiting for message on queue
2015-07-29 19:28:54,628 - INFO  [/10.10.34.13:3888:QuorumCnxManager$Listener@493] - Received connection request /10.10.34.12:48437
2015-07-29 19:28:54,628 - WARN  [SendWorker:188978561024:QuorumCnxManager$SendWorker@688] - Send worker leaving thread
2015-07-29 19:28:54,629 - WARN  [RecvWorker:188978561024:QuorumCnxManager$RecvWorker@762] - Connection broken for id 188978561024, my id = 3, error = 
2015-07-29 19:28:54,629 - WARN  [RecvWorker:188978561024:QuorumCnxManager$RecvWorker@765] - Interrupting SendWorker
2015-07-29 19:28:54,629 - INFO  [/10.10.34.13:3888:QuorumCnxManager$Listener@493] - Received connection request /10.10.34.12:48439
2015-07-29 19:28:54,629 - WARN  [SendWorker:188978561024:QuorumCnxManager$SendWorker@679] - Interrupted while waiting for message on queue
2015-07-29 19:28:54,630 - WARN  [SendWorker:188978561024:QuorumCnxManager$SendWorker@688] - Send worker leaving thread
2015-07-29 19:28:54,630 - WARN  [RecvWorker:188978561024:QuorumCnxManager$RecvWorker@762] - Connection broken for id 188978561024, my id = 3, error = 
2015-07-29 19:28:54,630 - WARN  [RecvWorker:188978561024:QuorumCnxManager$RecvWorker@765] - Interrupting SendWorker
2015-07-29 19:28:54,630 - WARN  [SendWorker:188978561024:QuorumCnxManager$SendWorker@679] - Interrupted while waiting for message on queue
2015-07-29 19:28:54,631 - WARN  [SendWorker:188978561024:QuorumCnxManager$SendWorker@688] - Send worker leaving thread
2015-07-29 19:28:54,726 - INFO  [/10.10.34.13:3888:QuorumCnxManager$Listener@493] - Received connection request /10.10.34.13:45702
2015-07-29 19:28:54,727 - INFO  [/10.10.34.13:3888:QuorumCnxManager$Listener@493] - Received connection request /10.10.34.13:45705
2015-07-29 19:28:54,727 - WARN  [RecvWorker:188978561024:QuorumCnxManager$RecvWorker@762] - Connection broken for id 188978561024, my id = 3, error = 
2015-07-29 19:28:54,727 - WARN  [RecvWorker:188978561024:QuorumCnxManager$RecvWorker@765] - Interrupting SendWorker
2015-07-29 19:28:54,727 - WARN  [SendWorker:188978561024:QuorumCnxManager$SendWorker@679] - Interrupted while waiting for message on queue
2015-07-29 19:28:54,727 - WARN  [SendWorker:188978561024:QuorumCnxManager$SendWorker@688] - Send worker leaving thread
2015-07-29 19:28:54,727 - WARN  [RecvWorker:188978561024:QuorumCnxManager$RecvWorker@762] - Connection broken for id 188978561024, my id = 3, error = 
2015-07-29 19:28:54,728 - INFO  [/10.10.34.13:3888:QuorumCnxManager$Listener@493] - Received connection request /10.10.34.13:45707
2015-07-29 19:28:54,728 - WARN  [RecvWorker:188978561024:QuorumCnxManager$RecvWorker@765] - Interrupting SendWorker
2015-07-29 19:28:54,728 - WARN  [SendWorker:188978561024:QuorumCnxManager$SendWorker@679] - Interrupted while waiting for message on queue
2015-07-29 19:28:54,728 - WARN  [SendWorker:188978561024:QuorumCnxManager$SendWorker@688] - Send worker leaving thread
2015-07-29 19:28:54,728 - WARN  [RecvWorker:188978561024:QuorumCnxManager$RecvWorker@762] - Connection broken for id 188978561024, my id = 3, error = 
2015-07-29 19:28:54,729 - WARN  [RecvWorker:188978561024:QuorumCnxManager$RecvWorker@765] - Interrupting SendWorker
2015-07-29 19:28:54,729 - WARN  [SendWorker:188978561024:QuorumCnxManager$SendWorker@679] - Interrupted while waiting for message on queue
2015-07-29 19:28:54,729 - WARN  [SendWorker:188978561024:QuorumCnxManager$SendWorker@688] - Send worker leaving thread
2015-07-29 19:28:54,730 - INFO  [/10.10.34.13:3888:QuorumCnxManager$Listener@493] - Received connection request /10.10.34.13:45712
2015-07-29 19:28:54,730 - WARN  [RecvWorker:188978561024:QuorumCnxManager$RecvWorker@762] - Connection broken for id 188978561024, my id = 3, error = 
2015-07-29 19:28:54,731 - WARN  [RecvWorker:188978561024:QuorumCnxManager$RecvWorker@765] - Interrupting SendWorker
2015-07-29 19:28:54,731 - WARN  [SendWorker:188978561024:QuorumCnxManager$SendWorker@679] - Interrupted while waiting for message on queue
2015-07-29 19:28:54,731 - WARN  [SendWorker:188978561024:QuorumCnxManager$SendWorker@688] - Send worker leaving thread
2015-07-29 19:28:54,935 - INFO  [/10.10.34.13:3888:QuorumCnxManager$Listener@493] - Received connection request /10.10.34.11:48153
2015-07-29 19:28:54,936 - WARN  [RecvWorker:188978561024:QuorumCnxManager$RecvWorker@762] - Connection broken for id 188978561024, my id = 3, error = 
2015-07-29 19:28:54,936 - WARN  [RecvWorker:188978561024:QuorumCnxManager$RecvWorker@765] - Interrupting SendWorker
2015-07-29 19:28:54,936 - WARN  [SendWorker:188978561024:QuorumCnxManager$SendWorker@679] - Interrupted while waiting for message on queue
2015-07-29 19:28:54,937 - WARN  [SendWorker:188978561024:QuorumCnxManager$SendWorker@688] - Send worker leaving thread
2015-07-29 19:28:57,865 - INFO  [/10.10.34.13:3888:QuorumCnxManager$Listener@493] - Received connection request /10.10.34.11:48158
2015-07-29 19:28:57,866 - WARN  [RecvWorker:188978561024:QuorumCnxManager$RecvWorker@762] - Connection broken for id 188978561024, my id = 3, error = 
2015-07-29 19:28:57,866 - WARN  [RecvWorker:188978561024:QuorumCnxManager$RecvWorker@765] - Interrupting SendWorker
2015-07-29 19:28:57,866 - WARN  [SendWorker:188978561024:QuorumCnxManager$SendWorker@679] - Interrupted while waiting for message on queue
2015-07-29 19:28:57,866 - WARN  [SendWorker:188978561024:QuorumCnxManager$SendWorker@688] - Send worker leaving thread
2015-07-29 19:28:57,867 - INFO  [/10.10.34.13:3888:QuorumCnxManager$Listener@493] - Received connection request /10.10.34.11:48160
2015-07-29 19:28:57,868 - WARN  [RecvWorker:188978561024:QuorumCnxManager$RecvWorker@762] - Connection broken for id 188978561024, my id = 3, error = 
2015-07-29 19:28:57,868 - WARN  [RecvWorker:188978561024:QuorumCnxManager$RecvWorker@765] - Interrupting SendWorker
2015-07-29 19:28:57,868 - WARN  [SendWorker:188978561024:QuorumCnxManager$SendWorker@679] - Interrupted while waiting for message on queue
2015-07-29 19:28:57,868 - WARN  [SendWorker:188978561024:QuorumCnxManager$SendWorker@688] - Send worker leaving thread
2015-07-29 19:28:57,868 - INFO  [/10.10.34.13:3888:QuorumCnxManager$Listener@493] - Received connection request /10.10.34.11:48162
2015-07-29 19:28:57,869 - WARN  [RecvWorker:188978561024:QuorumCnxManager$RecvWorker@762] - Connection broken for id 188978561024, my id = 3, error = 
2015-07-29 19:28:57,869 - WARN  [RecvWorker:188978561024:QuorumCnxManager$RecvWorker@765] - Interrupting SendWorker
2015-07-29 19:28:57,870 - WARN  [SendWorker:188978561024:QuorumCnxManager$SendWorker@679] - Interrupted while waiting for message on queue
2015-07-29 19:28:57,870 - INFO  [/10.10.34.13:3888:QuorumCnxManager$Listener@493] - Received connection request /10.10.34.11:48164
2015-07-29 19:28:57,870 - WARN  [SendWorker:188978561024:QuorumCnxManager$SendWorker@688] - Send worker leaving thread
2015-07-29 19:28:57,870 - WARN  [RecvWorker:188978561024:QuorumCnxManager$RecvWorker@762] - Connection broken for id 188978561024, my id = 3, error = 
2015-07-29 19:28:57,871 - WARN  [RecvWorker:188978561024:QuorumCnxManager$RecvWorker@765] - Interrupting SendWorker
2015-07-29 19:28:57,871 - WARN  [SendWorker:188978561024:QuorumCnxManager$SendWorker@679] - Interrupted while waiting for message on queue
2015-07-29 19:28:57,871 - WARN  [SendWorker:188978561024:QuorumCnxManager$SendWorker@688] - Send worker leaving thread
2015-07-29 19:28:57,965 - INFO  [/10.10.34.13:3888:QuorumCnxManager$Listener@493] - Received connection request /10.10.34.12:48442
2015-07-29 19:28:57,966 - WARN  [RecvWorker:188978561024:QuorumCnxManager$RecvWorker@762] - Connection broken for id 188978561024, my id = 3, error = 
2015-07-29 19:28:57,966 - WARN  [RecvWorker:188978561024:QuorumCnxManager$RecvWorker@765] - Interrupting SendWorker
2015-07-29 19:28:57,966 - WARN  [SendWorker:188978561024:QuorumCnxManager$SendWorker@679] - Interrupted while waiting for message on queue
2015-07-29 19:28:57,966 - WARN  [SendWorker:188978561024:QuorumCnxManager$SendWorker@688] - Send worker leaving thread
2015-07-29 19:28:57,967 - INFO  [/10.10.34.13:3888:QuorumCnxManager$Listener@493] - Received connection request /10.10.34.12:48446
2015-07-29 19:28:57,968 - WARN  [RecvWorker:188978561024:QuorumCnxManager$RecvWorker@762] - Connection broken for id 188978561024, my id = 3, error = 
2015-07-29 19:28:57,968 - WARN  [RecvWorker:188978561024:QuorumCnxManager$RecvWorker@765] - Interrupting SendWorker
2015-07-29 19:28:57,969 - WARN  [SendWorker:188978561024:QuorumCnxManager$SendWorker@679] - Interrupted while waiting for message on queue
2015-07-29 19:28:57,969 - WARN  [SendWorker:188978561024:QuorumCnxManager$SendWorker@688] - Send worker leaving thread
2015-07-29 19:28:57,969 - INFO  [/10.10.34.13:3888:QuorumCnxManager$Listener@493] - Received connection request /10.10.34.12:48450
2015-07-29 19:28:57,970 - WARN  [RecvWorker:188978561024:QuorumCnxManager$RecvWorker@762] - Connection broken for id 188978561024, my id = 3, error = 
2015-07-29 19:28:57,970 - WARN  [RecvWorker:188978561024:QuorumCnxManager$RecvWorker@765] - Interrupting SendWorker
2015-07-29 19:28:57,970 - INFO  [/10.10.34.13:3888:QuorumCnxManager$Listener@493] - Received connection request /10.10.34.12:48451
2015-07-29 19:28:57,970 - WARN  [SendWorker:188978561024:QuorumCnxManager$SendWorker@679] - Interrupted while waiting for message on queue
2015-07-29 19:28:57,970 - WARN  [SendWorker:188978561024:QuorumCnxManager$SendWorker@688] - Send worker leaving thread
2015-07-29 19:28:57,971 - WARN  [RecvWorker:188978561024:QuorumCnxManager$RecvWorker@762] - Connection broken for id 188978561024, my id = 3, error = 
2015-07-29 19:28:57,971 - WARN  [RecvWorker:188978561024:QuorumCnxManager$RecvWorker@765] - Interrupting SendWorker
2015-07-29 19:28:57,971 - WARN  [SendWorker:188978561024:QuorumCnxManager$SendWorker@679] - Interrupted while waiting for message on queue
2015-07-29 19:28:57,971 - WARN  [SendWorker:188978561024:QuorumCnxManager$SendWorker@688] - Send worker leaving thread
2015-07-29 19:28:58,067 - INFO  [/10.10.34.13:3888:QuorumCnxManager$Listener@493] - Received connection request /10.10.34.13:45714
2015-07-29 19:28:58,068 - INFO  [/10.10.34.13:3888:QuorumCnxManager$Listener@493] - Received connection request /10.10.34.13:45717
2015-07-29 19:28:58,068 - WARN  [RecvWorker:188978561024:QuorumCnxManager$RecvWorker@762] - Connection broken for id 188978561024, my id = 3, error = 
2015-07-29 19:28:58,068 - WARN  [RecvWorker:188978561024:QuorumCnxManager$RecvWorker@765] - Interrupting SendWorker
2015-07-29 19:28:58,068 - WARN  [SendWorker:188978561024:QuorumCnxManager$SendWorker@679] - Interrupted while waiting for message on queue
2015-07-29 19:28:58,068 - WARN  [RecvWorker:188978561024:QuorumCnxManager$RecvWorker@762] - Connection broken for id 188978561024, my id = 3, error = 
2015-07-29 19:28:58,068 - INFO  [/10.10.34.13:3888:QuorumCnxManager$Listener@493] - Received connection request /10.10.34.13:45719
2015-07-29 19:28:58,068 - WARN  [SendWorker:188978561024:QuorumCnxManager$SendWorker@688] - Send worker leaving thread
2015-07-29 19:28:58,069 - WARN  [RecvWorker:188978561024:QuorumCnxManager$RecvWorker@765] - Interrupting SendWorker
2015-07-29 19:28:58,069 - WARN  [SendWorker:188978561024:QuorumCnxManager$SendWorker@679] - Interrupted while waiting for message on queue
2015-07-29 19:28:58,069 - WARN  [SendWorker:188978561024:QuorumCnxManager$SendWorker@688] - Send worker leaving thread
2015-07-29 19:28:58,069 - WARN  [RecvWorker:188978561024:QuorumCnxManager$RecvWorker@762] - Connection broken for id 188978561024, my id = 3, error = 
2015-07-29 19:28:58,070 - WARN  [RecvWorker:188978561024:QuorumCnxManager$RecvWorker@765] - Interrupting SendWorker
2015-07-29 19:28:58,070 - WARN  [SendWorker:188978561024:QuorumCnxManager$SendWorker@679] - Interrupted while waiting for message on queue
2015-07-29 19:28:58,070 - WARN  [SendWorker:188978561024:QuorumCnxManager$SendWorker@688] - Send worker leaving thread
2015-07-29 19:28:58,071 - INFO  [/10.10.34.13:3888:QuorumCnxManager$Listener@493] - Received connection request /10.10.34.13:45724
2015-07-29 19:28:58,072 - WARN  [RecvWorker:188978561024:QuorumCnxManager$RecvWorker@762] - Connection broken for id 188978561024, my id = 3, error = 
2015-07-29 19:28:58,072 - WARN  [RecvWorker:188978561024:QuorumCnxManager$RecvWorker@765] - Interrupting SendWorker
2015-07-29 19:28:58,072 - WARN  [SendWorker:188978561024:QuorumCnxManager$SendWorker@679] - Interrupted while waiting for message on queue
2015-07-29 19:28:58,072 - WARN  [SendWorker:188978561024:QuorumCnxManager$SendWorker@688] - Send worker leaving thread
2015-07-29 19:28:58,276 - INFO  [/10.10.34.13:3888:QuorumCnxManager$Listener@493] - Received connection request /10.10.34.11:48168
2015-07-29 19:28:58,277 - WARN  [RecvWorker:188978561024:QuorumCnxManager$RecvWorker@762] - Connection broken for id 188978561024, my id = 3, error = 
2015-07-29 19:28:58,277 - WARN  [RecvWorker:188978561024:QuorumCnxManager$RecvWorker@765] - Interrupting SendWorker
2015-07-29 19:28:58,277 - WARN  [SendWorker:188978561024:QuorumCnxManager$SendWorker@679] - Interrupted while waiting for message on queue
2015-07-29 19:28:58,277 - WARN  [SendWorker:188978561024:QuorumCnxManager$SendWorker@688] - Send worker leaving thread
2015-07-29 19:29:01,206 - INFO  [/10.10.34.13:3888:QuorumCnxManager$Listener@493] - Received connection request /10.10.34.11:48173
2015-07-29 19:29:01,206 - WARN  [RecvWorker:188978561024:QuorumCnxManager$RecvWorker@762] - Connection broken for id 188978561024, my id = 3, error = 
2015-07-29 19:29:01,207 - WARN  [RecvWorker:188978561024:QuorumCnxManager$RecvWorker@765] - Interrupting SendWorker
2015-07-29 19:29:01,207 - WARN  [SendWorker:188978561024:QuorumCnxManager$SendWorker@679] - Interrupted while waiting for message on queue
2015-07-29 19:29:01,207 - WARN  [SendWorker:188978561024:QuorumCnxManager$SendWorker@688] - Send worker leaving thread
2015-07-29 19:29:01,207 - INFO  [/10.10.34.13:3888:QuorumCnxManager$Listener@493] - Received connection request /10.10.34.11:48175
2015-07-29 19:29:01,208 - WARN  [RecvWorker:188978561024:QuorumCnxManager$RecvWorker@762] - Connection broken for id 188978561024, my id = 3, error = 
2015-07-29 19:29:01,208 - WARN  [RecvWorker:188978561024:QuorumCnxManager$RecvWorker@765] - Interrupting SendWorker
2015-07-29 19:29:01,208 - WARN  [SendWorker:188978561024:QuorumCnxManager$SendWorker@679] - Interrupted while waiting for message on queue
2015-07-29 19:29:01,209 - WARN  [SendWorker:188978561024:QuorumCnxManager$SendWorker@688] - Send worker leaving thread
2015-07-29 19:29:01,209 - INFO  [/10.10.34.13:3888:QuorumCnxManager$Listener@493] - Received connection request /10.10.34.11:48177
2015-07-29 19:29:01,209 - WARN  [RecvWorker:188978561024:QuorumCnxManager$RecvWorker@762] - Connection broken for id 188978561024, my id = 3, error = 
2015-07-29 19:29:01,210 - WARN  [RecvWorker:188978561024:QuorumCnxManager$RecvWorker@765] - Interrupting SendWorker
2015-07-29 19:29:01,210 - WARN  [SendWorker:188978561024:QuorumCnxManager$SendWorker@679] - Interrupted while waiting for message on queue
2015-07-29 19:29:01,210 - INFO  [/10.10.34.13:3888:QuorumCnxManager$Listener@493] - Received connection request /10.10.34.11:48179
2015-07-29 19:29:01,210 - WARN  [SendWorker:188978561024:QuorumCnxManager$SendWorker@688] - Send worker leaving thread
2015-07-29 19:29:01,211 - WARN  [RecvWorker:188978561024:QuorumCnxManager$RecvWorker@762] - Connection broken for id 188978561024, my id = 3, error = 
2015-07-29 19:29:01,211 - WARN  [RecvWorker:188978561024:QuorumCnxManager$RecvWorker@765] - Interrupting SendWorker
2015-07-29 19:29:01,211 - WARN  [SendWorker:188978561024:QuorumCnxManager$SendWorker@679] - Interrupted while waiting for message on queue
2015-07-29 19:29:01,212 - WARN  [SendWorker:188978561024:QuorumCnxManager$SendWorker@688] - Send worker leaving thread
2015-07-29 19:29:01,306 - INFO  [/10.10.34.13:3888:QuorumCnxManager$Listener@493] - Received connection request /10.10.34.12:48454
2015-07-29 19:29:01,307 - WARN  [RecvWorker:188978561024:QuorumCnxManager$RecvWorker@762] - Connection broken for id 188978561024, my id = 3, error = 
2015-07-29 19:29:01,307 - WARN  [RecvWorker:188978561024:QuorumCnxManager$RecvWorker@765] - Interrupting SendWorker
2015-07-29 19:29:01,307 - WARN  [SendWorker:188978561024:QuorumCnxManager$SendWorker@679] - Interrupted while waiting for message on queue
2015-07-29 19:29:01,307 - WARN  [SendWorker:188978561024:QuorumCnxManager$SendWorker@688] - Send worker leaving thread
2015-07-29 19:29:01,308 - INFO  [/10.10.34.13:3888:QuorumCnxManager$Listener@493] - Received connection request /10.10.34.12:48457
2015-07-29 19:29:01,308 - WARN  [RecvWorker:188978561024:QuorumCnxManager$RecvWorker@762] - Connection broken for id 188978561024, my id = 3, error = 
2015-07-29 19:29:01,309 - WARN  [RecvWorker:188978561024:QuorumCnxManager$RecvWorker@765] - Interrupting SendWorker
2015-07-29 19:29:01,309 - WARN  [SendWorker:188978561024:QuorumCnxManager$SendWorker@679] - Interrupted while waiting for message on queue
2015-07-29 19:29:01,309 - WARN  [SendWorker:188978561024:QuorumCnxManager$SendWorker@688] - Send worker leaving thread
2015-07-29 19:29:01,310 - INFO  [/10.10.34.13:3888:QuorumCnxManager$Listener@493] - Received connection request /10.10.34.12:48462
2015-07-29 19:29:01,310 - WARN  [RecvWorker:188978561024:QuorumCnxManager$RecvWorker@762] - Connection broken for id 188978561024, my id = 3, error = 
2015-07-29 19:29:01,310 - WARN  [RecvWorker:188978561024:QuorumCnxManager$RecvWorker@765] - Interrupting SendWorker
2015-07-29 19:29:01,311 - INFO  [/10.10.34.13:3888:QuorumCnxManager$Listener@493] - Received connection request /10.10.34.12:48463
2015-07-29 19:29:01,311 - WARN  [SendWorker:188978561024:QuorumCnxManager$SendWorker@679] - Interrupted while waiting for message on queue
2015-07-29 19:29:01,311 - WARN  [SendWorker:188978561024:QuorumCnxManager$SendWorker@688] - Send worker leaving thread
2015-07-29 19:29:01,311 - WARN  [RecvWorker:188978561024:QuorumCnxManager$RecvWorker@762] - Connection broken for id 188978561024, my id = 3, error = 
2015-07-29 19:29:01,311 - WARN  [RecvWorker:188978561024:QuorumCnxManager$RecvWorker@765] - Interrupting SendWorker
2015-07-29 19:29:01,312 - WARN  [SendWorker:188978561024:QuorumCnxManager$SendWorker@679] - Interrupted while waiting for message on queue
2015-07-29 19:29:01,312 - WARN  [SendWorker:188978561024:QuorumCnxManager$SendWorker@688] - Send worker leaving thread
2015-07-29 19:29:01,410 - INFO  [/10.10.34.13:3888:QuorumCnxManager$Listener@493] - Received connection request /10.10.34.13:45727
2015-07-29 19:29:01,410 - WARN  [RecvWorker:188978561024:QuorumCnxManager$RecvWorker@762] - Connection broken for id 188978561024, my id = 3, error = 
2015-07-29 19:29:01,410 - WARN  [RecvWorker:188978561024:QuorumCnxManager$RecvWorker@765] - Interrupting SendWorker
2015-07-29 19:29:01,411 - WARN  [SendWorker:188978561024:QuorumCnxManager$SendWorker@679] - Interrupted while waiting for message on queue
2015-07-29 19:29:01,411 - WARN  [SendWorker:188978561024:QuorumCnxManager$SendWorker@688] - Send worker leaving thread
2015-07-29 19:29:01,412 - INFO  [/10.10.34.13:3888:QuorumCnxManager$Listener@493] - Received connection request /10.10.34.13:45730
2015-07-29 19:29:01,412 - WARN  [RecvWorker:188978561024:QuorumCnxManager$RecvWorker@762] - Connection broken for id 188978561024, my id = 3, error = 
2015-07-29 19:29:01,413 - WARN  [RecvWorker:188978561024:QuorumCnxManager$RecvWorker@765] - Interrupting SendWorker
2015-07-29 19:29:01,413 - WARN  [SendWorker:188978561024:QuorumCnxManager$SendWorker@679] - Interrupted while waiting for message on queue
2015-07-29 19:29:01,413 - WARN  [SendWorker:188978561024:QuorumCnxManager$SendWorker@688] - Send worker leaving thread
2015-07-29 19:29:01,415 - INFO  [/10.10.34.13:3888:QuorumCnxManager$Listener@493] - Received connection request /10.10.34.13:45732
2015-07-29 19:29:01,416 - INFO  [/10.10.34.13:3888:QuorumCnxManager$Listener@493] - Received connection request /10.10.34.13:45733
2015-07-29 19:29:01,416 - WARN  [RecvWorker:188978561024:QuorumCnxManager$RecvWorker@762] - Connection broken for id 188978561024, my id = 3, error = 
2015-07-29 19:29:01,416 - WARN  [RecvWorker:188978561024:QuorumCnxManager$RecvWorker@765] - Interrupting SendWorker
2015-07-29 19:29:01,416 - WARN  [SendWorker:188978561024:QuorumCnxManager$SendWorker@679] - Interrupted while waiting for message on queue
2015-07-29 19:29:01,417 - WARN  [SendWorker:188978561024:QuorumCnxManager$SendWorker@688] - Send worker leaving thread
2015-07-29 19:29:01,417 - WARN  [RecvWorker:188978561024:QuorumCnxManager$RecvWorker@762] - Connection broken for id 188978561024, my id = 3, error = 
2015-07-29 19:29:01,417 - WARN  [RecvWorker:188978561024:QuorumCnxManager$RecvWorker@765] - Interrupting SendWorker
2015-07-29 19:29:01,417 - WARN  [SendWorker:188978561024:QuorumCnxManager$SendWorker@679] - Interrupted while waiting for message on queue
2015-07-29 19:29:01,417 - WARN  [SendWorker:188978561024:QuorumCnxManager$SendWorker@688] - Send worker leaving thread
2015-07-29 19:29:01,616 - INFO  [/10.10.34.13:3888:QuorumCnxManager$Listener@493] - Received connection request /10.10.34.11:48183
2015-07-29 19:29:01,617 - WARN  [RecvWorker:188978561024:QuorumCnxManager$RecvWorker@762] - Connection broken for id 188978561024, my id = 3, error = 
2015-07-29 19:29:01,617 - WARN  [RecvWorker:188978561024:QuorumCnxManager$RecvWorker@765] - Interrupting SendWorker
2015-07-29 19:29:01,618 - WARN  [SendWorker:188978561024:QuorumCnxManager$SendWorker@679] - Interrupted while waiting for message on queue
2015-07-29 19:29:01,618 - WARN  [SendWorker:188978561024:QuorumCnxManager$SendWorker@688] - Send worker leaving thread
2015-07-29 19:29:04,546 - INFO  [/10.10.34.13:3888:QuorumCnxManager$Listener@493] - Received connection request /10.10.34.11:48189
2015-07-29 19:29:04,547 - WARN  [RecvWorker:188978561024:QuorumCnxManager$RecvWorker@762] - Connection broken for id 188978561024, my id = 3, error = 
2015-07-29 19:29:04,547 - WARN  [RecvWorker:188978561024:QuorumCnxManager$RecvWorker@765] - Interrupting SendWorker
2015-07-29 19:29:04,547 - WARN  [SendWorker:188978561024:QuorumCnxManager$SendWorker@679] - Interrupted while waiting for message on queue
2015-07-29 19:29:04,548 - INFO  [/10.10.34.13:3888:QuorumCnxManager$Listener@493] - Received connection request /10.10.34.11:48190
2015-07-29 19:29:04,548 - WARN  [SendWorker:188978561024:QuorumCnxManager$SendWorker@688] - Send worker leaving thread
2015-07-29 19:29:04,548 - WARN  [RecvWorker:188978561024:QuorumCnxManager$RecvWorker@762] - Connection broken for id 188978561024, my id = 3, error = 
2015-07-29 19:29:04,549 - WARN  [RecvWorker:188978561024:QuorumCnxManager$RecvWorker@765] - Interrupting SendWorker
2015-07-29 19:29:04,549 - WARN  [SendWorker:188978561024:QuorumCnxManager$SendWorker@679] - Interrupted while waiting for message on queue
2015-07-29 19:29:04,549 - WARN  [SendWorker:188978561024:QuorumCnxManager$SendWorker@688] - Send worker leaving thread
2015-07-29 19:29:04,549 - INFO  [/10.10.34.13:3888:QuorumCnxManager$Listener@493] - Received connection request /10.10.34.11:48193
2015-07-29 19:29:04,550 - WARN  [RecvWorker:188978561024:QuorumCnxManager$RecvWorker@762] - Connection broken for id 188978561024, my id = 3, error = 
2015-07-29 19:29:04,550 - WARN  [RecvWorker:188978561024:QuorumCnxManager$RecvWorker@765] - Interrupting SendWorker
2015-07-29 19:29:04,551 - INFO  [/10.10.34.13:3888:QuorumCnxManager$Listener@493] - Received connection request /10.10.34.11:48194
2015-07-29 19:29:04,551 - WARN  [SendWorker:188978561024:QuorumCnxManager$SendWorker@679] - Interrupted while waiting for message on queue
2015-07-29 19:29:04,551 - WARN  [SendWorker:188978561024:QuorumCnxManager$SendWorker@688] - Send worker leaving thread
2015-07-29 19:29:04,551 - WARN  [RecvWorker:188978561024:QuorumCnxManager$RecvWorker@762] - Connection broken for id 188978561024, my id = 3, error = 
2015-07-29 19:29:04,551 - WARN  [RecvWorker:188978561024:QuorumCnxManager$RecvWorker@765] - Interrupting SendWorker
2015-07-29 19:29:04,552 - WARN  [SendWorker:188978561024:QuorumCnxManager$SendWorker@679] - Interrupted while waiting for message on queue
2015-07-29 19:29:04,552 - WARN  [SendWorker:188978561024:QuorumCnxManager$SendWorker@688] - Send worker leaving thread
2015-07-29 19:29:04,646 - INFO  [/10.10.34.13:3888:QuorumCnxManager$Listener@493] - Received connection request /10.10.34.12:48466
2015-07-29 19:29:04,647 - WARN  [RecvWorker:188978561024:QuorumCnxManager$RecvWorker@762] - Connection broken for id 188978561024, my id = 3, error = 
2015-07-29 19:29:04,647 - WARN  [RecvWorker:188978561024:QuorumCnxManager$RecvWorker@765] - Interrupting SendWorker
2015-07-29 19:29:04,647 - WARN  [SendWorker:188978561024:QuorumCnxManager$SendWorker@679] - Interrupted while waiting for message on queue
2015-07-29 19:29:04,648 - WARN  [SendWorker:188978561024:QuorumCnxManager$SendWorker@688] - Send worker leaving thread
2015-07-29 19:29:04,648 - INFO  [/10.10.34.13:3888:QuorumCnxManager$Listener@493] - Received connection request /10.10.34.12:48469
2015-07-29 19:29:04,649 - WARN  [RecvWorker:188978561024:QuorumCnxManager$RecvWorker@762] - Connection broken for id 188978561024, my id = 3, error = 
2015-07-29 19:29:04,649 - WARN  [RecvWorker:188978561024:QuorumCnxManager$RecvWorker@765] - Interrupting SendWorker
2015-07-29 19:29:04,649 - WARN  [SendWorker:188978561024:QuorumCnxManager$SendWorker@679] - Interrupted while waiting for message on queue
2015-07-29 19:29:04,650 - WARN  [SendWorker:188978561024:QuorumCnxManager$SendWorker@688] - Send worker leaving thread
2015-07-29 19:29:04,650 - INFO  [/10.10.34.13:3888:QuorumCnxManager$Listener@493] - Received connection request /10.10.34.12:48474
2015-07-29 19:29:04,651 - WARN  [RecvWorker:188978561024:QuorumCnxManager$RecvWorker@762] - Connection broken for id 188978561024, my id = 3, error = 
2015-07-29 19:29:04,651 - WARN  [RecvWorker:188978561024:QuorumCnxManager$RecvWorker@765] - Interrupting SendWorker
2015-07-29 19:29:04,651 - WARN  [SendWorker:188978561024:QuorumCnxManager$SendWorker@679] - Interrupted while waiting for message on queue
2015-07-29 19:29:04,651 - WARN  [SendWorker:188978561024:QuorumCnxManager$SendWorker@688] - Send worker leaving thread
2015-07-29 19:29:04,651 - INFO  [/10.10.34.13:3888:QuorumCnxManager$Listener@493] - Received connection request /10.10.34.12:48477
2015-07-29 19:29:04,652 - WARN  [RecvWorker:188978561024:QuorumCnxManager$RecvWorker@762] - Connection broken for id 188978561024, my id = 3, error = 
2015-07-29 19:29:04,652 - WARN  [RecvWorker:188978561024:QuorumCnxManager$RecvWorker@765] - Interrupting SendWorker
2015-07-29 19:29:04,652 - WARN  [SendWorker:188978561024:QuorumCnxManager$SendWorker@679] - Interrupted while waiting for message on queue
2015-07-29 19:29:04,653 - WARN  [SendWorker:188978561024:QuorumCnxManager$SendWorker@688] - Send worker leaving thread
2015-07-29 19:29:04,750 - INFO  [/10.10.34.13:3888:QuorumCnxManager$Listener@493] - Received connection request /10.10.34.13:45739
2015-07-29 19:29:04,751 - WARN  [RecvWorker:188978561024:QuorumCnxManager$RecvWorker@762] - Connection broken for id 188978561024, my id = 3, error = 
2015-07-29 19:29:04,751 - WARN  [RecvWorker:188978561024:QuorumCnxManager$RecvWorker@765] - Interrupting SendWorker
2015-07-29 19:29:04,755 - WARN  [SendWorker:188978561024:QuorumCnxManager$SendWorker@679] - Interrupted while waiting for message on queue
2015-07-29 19:29:04,755 - INFO  [/10.10.34.13:3888:QuorumCnxManager$Listener@493] - Received connection request /10.10.34.13:45742
2015-07-29 19:29:04,755 - WARN  [SendWorker:188978561024:QuorumCnxManager$SendWorker@688] - Send worker leaving thread
2015-07-29 19:29:04,756 - WARN  [RecvWorker:188978561024:QuorumCnxManager$RecvWorker@762] - Connection broken for id 188978561024, my id = 3, error = 
2015-07-29 19:29:04,756 - WARN  [RecvWorker:188978561024:QuorumCnxManager$RecvWorker@765] - Interrupting SendWorker
2015-07-29 19:29:04,756 - INFO  [/10.10.34.13:3888:QuorumCnxManager$Listener@493] - Received connection request /10.10.34.13:45744
2015-07-29 19:29:04,756 - WARN  [SendWorker:188978561024:QuorumCnxManager$SendWorker@679] - Interrupted while waiting for message on queue
2015-07-29 19:29:04,756 - WARN  [SendWorker:188978561024:QuorumCnxManager$SendWorker@688] - Send worker leaving thread
2015-07-29 19:29:04,757 - WARN  [RecvWorker:188978561024:QuorumCnxManager$RecvWorker@762] - Connection broken for id 188978561024, my id = 3, error = 
2015-07-29 19:29:04,757 - WARN  [RecvWorker:188978561024:QuorumCnxManager$RecvWorker@765] - Interrupting SendWorker
2015-07-29 19:29:04,757 - INFO  [/10.10.34.13:3888:QuorumCnxManager$Listener@493] - Received connection request /10.10.34.13:45745
2015-07-29 19:29:04,757 - WARN  [SendWorker:188978561024:QuorumCnxManager$SendWorker@679] - Interrupted while waiting for message on queue
2015-07-29 19:29:04,757 - WARN  [SendWorker:188978561024:QuorumCnxManager$SendWorker@688] - Send worker leaving thread
2015-07-29 19:29:04,757 - WARN  [RecvWorker:188978561024:QuorumCnxManager$RecvWorker@762] - Connection broken for id 188978561024, my id = 3, error = 
2015-07-29 19:29:04,758 - WARN  [RecvWorker:188978561024:QuorumCnxManager$RecvWorker@765] - Interrupting SendWorker
2015-07-29 19:29:04,758 - WARN  [SendWorker:188978561024:QuorumCnxManager$SendWorker@679] - Interrupted while waiting for message on queue
2015-07-29 19:29:04,758 - WARN  [SendWorker:188978561024:QuorumCnxManager$SendWorker@688] - Send worker leaving thread
2015-07-29 19:29:04,957 - INFO  [/10.10.34.13:3888:QuorumCnxManager$Listener@493] - Received connection request /10.10.34.11:48198
2015-07-29 19:29:04,958 - WARN  [RecvWorker:188978561024:QuorumCnxManager$RecvWorker@762] - Connection broken for id 188978561024, my id = 3, error = 
2015-07-29 19:29:04,958 - WARN  [RecvWorker:188978561024:QuorumCnxManager$RecvWorker@765] - Interrupting SendWorker
2015-07-29 19:29:04,958 - WARN  [SendWorker:188978561024:QuorumCnxManager$SendWorker@679] - Interrupted while waiting for message on queue
2015-07-29 19:29:04,958 - WARN  [SendWorker:188978561024:QuorumCnxManager$SendWorker@688] - Send worker leaving thread
2015-07-29 19:29:07,887 - INFO  [/10.10.34.13:3888:QuorumCnxManager$Listener@493] - Received connection request /10.10.34.11:48204
2015-07-29 19:29:07,888 - WARN  [RecvWorker:188978561024:QuorumCnxManager$RecvWorker@762] - Connection broken for id 188978561024, my id = 3, error = 
2015-07-29 19:29:07,888 - WARN  [RecvWorker:188978561024:QuorumCnxManager$RecvWorker@765] - Interrupting SendWorker
2015-07-29 19:29:07,888 - WARN  [SendWorker:188978561024:QuorumCnxManager$SendWorker@679] - Interrupted while waiting for message on queue
2015-07-29 19:29:07,888 - WARN  [SendWorker:188978561024:QuorumCnxManager$SendWorker@688] - Send worker leaving thread
2015-07-29 19:29:07,888 - INFO  [/10.10.34.13:3888:QuorumCnxManager$Listener@493] - Received connection request /10.10.34.11:48206
2015-07-29 19:29:07,889 - WARN  [RecvWorker:188978561024:QuorumCnxManager$RecvWorker@762] - Connection broken for id 188978561024, my id = 3, error = 
2015-07-29 19:29:07,889 - WARN  [RecvWorker:188978561024:QuorumCnxManager$RecvWorker@765] - Interrupting SendWorker
2015-07-29 19:29:07,889 - WARN  [SendWorker:188978561024:QuorumCnxManager$SendWorker@679] - Interrupted while waiting for message on queue
2015-07-29 19:29:07,890 - WARN  [SendWorker:188978561024:QuorumCnxManager$SendWorker@688] - Send worker leaving thread
2015-07-29 19:29:07,890 - INFO  [/10.10.34.13:3888:QuorumCnxManager$Listener@493] - Received connection request /10.10.34.11:48208
2015-07-29 19:29:07,891 - WARN  [RecvWorker:188978561024:QuorumCnxManager$RecvWorker@762] - Connection broken for id 188978561024, my id = 3, error = 
2015-07-29 19:29:07,891 - WARN  [RecvWorker:188978561024:QuorumCnxManager$RecvWorker@765] - Interrupting SendWorker
2015-07-29 19:29:07,891 - INFO  [/10.10.34.13:3888:QuorumCnxManager$Listener@493] - Received connection request /10.10.34.11:48209
2015-07-29 19:29:07,891 - WARN  [SendWorker:188978561024:QuorumCnxManager$SendWorker@679] - Interrupted while waiting for message on queue
2015-07-29 19:29:07,891 - WARN  [SendWorker:188978561024:QuorumCnxManager$SendWorker@688] - Send worker leaving thread
2015-07-29 19:29:07,892 - WARN  [RecvWorker:188978561024:QuorumCnxManager$RecvWorker@762] - Connection broken for id 188978561024, my id = 3, error = 
2015-07-29 19:29:07,892 - WARN  [RecvWorker:188978561024:QuorumCnxManager$RecvWorker@765] - Interrupting SendWorker
2015-07-29 19:29:07,892 - WARN  [SendWorker:188978561024:QuorumCnxManager$SendWorker@679] - Interrupted while waiting for message on queue
2015-07-29 19:29:07,892 - WARN  [SendWorker:188978561024:QuorumCnxManager$SendWorker@688] - Send worker leaving thread
2015-07-29 19:29:07,987 - INFO  [/10.10.34.13:3888:QuorumCnxManager$Listener@493] - Received connection request /10.10.34.12:48478
2015-07-29 19:29:07,988 - WARN  [RecvWorker:188978561024:QuorumCnxManager$RecvWorker@762] - Connection broken for id 188978561024, my id = 3, error = 
2015-07-29 19:29:07,988 - WARN  [RecvWorker:188978561024:QuorumCnxManager$RecvWorker@765] - Interrupting SendWorker
2015-07-29 19:29:07,988 - WARN  [SendWorker:188978561024:QuorumCnxManager$SendWorker@679] - Interrupted while waiting for message on queue
2015-07-29 19:29:07,988 - WARN  [SendWorker:188978561024:QuorumCnxManager$SendWorker@688] - Send worker leaving thread
2015-07-29 19:29:07,989 - INFO  [/10.10.34.13:3888:QuorumCnxManager$Listener@493] - Received connection request /10.10.34.12:48481
2015-07-29 19:29:07,990 - WARN  [RecvWorker:188978561024:QuorumCnxManager$RecvWorker@762] - Connection broken for id 188978561024, my id = 3, error = 
2015-07-29 19:29:07,990 - WARN  [RecvWorker:188978561024:QuorumCnxManager$RecvWorker@765] - Interrupting SendWorker
2015-07-29 19:29:07,990 - WARN  [SendWorker:188978561024:QuorumCnxManager$SendWorker@679] - Interrupted while waiting for message on queue
2015-07-29 19:29:07,990 - INFO  [/10.10.34.13:3888:QuorumCnxManager$Listener@493] - Received connection request /10.10.34.12:48484
2015-07-29 19:29:07,990 - WARN  [SendWorker:188978561024:QuorumCnxManager$SendWorker@688] - Send worker leaving thread
2015-07-29 19:29:07,991 - WARN  [RecvWorker:188978561024:QuorumCnxManager$RecvWorker@762] - Connection broken for id 188978561024, my id = 3, error = 
2015-07-29 19:29:07,991 - WARN  [RecvWorker:188978561024:QuorumCnxManager$RecvWorker@765] - Interrupting SendWorker
2015-07-29 19:29:07,991 - WARN  [SendWorker:188978561024:QuorumCnxManager$SendWorker@679] - Interrupted while waiting for message on queue
2015-07-29 19:29:07,992 - INFO  [/10.10.34.13:3888:QuorumCnxManager$Listener@493] - Received connection request /10.10.34.12:48487
2015-07-29 19:29:07,992 - WARN  [SendWorker:188978561024:QuorumCnxManager$SendWorker@688] - Send worker leaving thread
2015-07-29 19:29:07,992 - WARN  [RecvWorker:188978561024:QuorumCnxManager$RecvWorker@762] - Connection broken for id 188978561024, my id = 3, error = 
2015-07-29 19:29:07,993 - WARN  [RecvWorker:188978561024:QuorumCnxManager$RecvWorker@765] - Interrupting SendWorker
2015-07-29 19:29:07,993 - WARN  [SendWorker:188978561024:QuorumCnxManager$SendWorker@679] - Interrupted while waiting for message on queue
2015-07-29 19:29:07,993 - WARN  [SendWorker:188978561024:QuorumCnxManager$SendWorker@688] - Send worker leaving thread
2015-07-29 19:29:08,093 - INFO  [/10.10.34.13:3888:QuorumCnxManager$Listener@493] - Received connection request /10.10.34.13:45751
2015-07-29 19:29:08,094 - WARN  [RecvWorker:188978561024:QuorumCnxManager$RecvWorker@762] - Connection broken for id 188978561024, my id = 3, error = 
2015-07-29 19:29:08,094 - WARN  [RecvWorker:188978561024:QuorumCnxManager$RecvWorker@765] - Interrupting SendWorker
2015-07-29 19:29:08,094 - INFO  [/10.10.34.13:3888:QuorumCnxManager$Listener@493] - Received connection request /10.10.34.13:45752
2015-07-29 19:29:08,095 - WARN  [SendWorker:188978561024:QuorumCnxManager$SendWorker@679] - Interrupted while waiting for message on queue
2015-07-29 19:29:08,095 - WARN  [SendWorker:188978561024:QuorumCnxManager$SendWorker@688] - Send worker leaving thread
2015-07-29 19:29:08,095 - WARN  [RecvWorker:188978561024:QuorumCnxManager$RecvWorker@762] - Connection broken for id 188978561024, my id = 3, error = 
2015-07-29 19:29:08,095 - WARN  [RecvWorker:188978561024:QuorumCnxManager$RecvWorker@765] - Interrupting SendWorker
2015-07-29 19:29:08,096 - INFO  [/10.10.34.13:3888:QuorumCnxManager$Listener@493] - Received connection request /10.10.34.13:45756
2015-07-29 19:29:08,096 - WARN  [SendWorker:188978561024:QuorumCnxManager$SendWorker@679] - Interrupted while waiting for message on queue
2015-07-29 19:29:08,096 - WARN  [SendWorker:188978561024:QuorumCnxManager$SendWorker@688] - Send worker leaving thread
2015-07-29 19:29:08,096 - WARN  [RecvWorker:188978561024:QuorumCnxManager$RecvWorker@762] - Connection broken for id 188978561024, my id = 3, error = 
2015-07-29 19:29:08,096 - WARN  [RecvWorker:188978561024:QuorumCnxManager$RecvWorker@765] - Interrupting SendWorker
2015-07-29 19:29:08,097 - WARN  [SendWorker:188978561024:QuorumCnxManager$SendWorker@679] - Interrupted while waiting for message on queue
2015-07-29 19:29:08,097 - WARN  [SendWorker:188978561024:QuorumCnxManager$SendWorker@688] - Send worker leaving thread
2015-07-29 19:29:08,097 - INFO  [/10.10.34.13:3888:QuorumCnxManager$Listener@493] - Received connection request /10.10.34.13:45758
2015-07-29 19:29:08,098 - WARN  [RecvWorker:188978561024:QuorumCnxManager$RecvWorker@762] - Connection broken for id 188978561024, my id = 3, error = 
2015-07-29 19:29:08,098 - WARN  [RecvWorker:188978561024:QuorumCnxManager$RecvWorker@765] - Interrupting SendWorker
2015-07-29 19:29:08,098 - WARN  [SendWorker:188978561024:QuorumCnxManager$SendWorker@679] - Interrupted while waiting for message on queue
2015-07-29 19:29:08,099 - WARN  [SendWorker:188978561024:QuorumCnxManager$SendWorker@688] - Send worker leaving thread
2015-07-29 19:29:08,297 - INFO  [/10.10.34.13:3888:QuorumCnxManager$Listener@493] - Received connection request /10.10.34.11:48213
2015-07-29 19:29:08,298 - WARN  [RecvWorker:188978561024:QuorumCnxManager$RecvWorker@762] - Connection broken for id 188978561024, my id = 3, error = 
2015-07-29 19:29:08,298 - WARN  [RecvWorker:188978561024:QuorumCnxManager$RecvWorker@765] - Interrupting SendWorker
2015-07-29 19:29:08,299 - WARN  [SendWorker:188978561024:QuorumCnxManager$SendWorker@679] - Interrupted while waiting for message on queue
2015-07-29 19:29:08,299 - WARN  [SendWorker:188978561024:QuorumCnxManager$SendWorker@688] - Send worker leaving thread
2015-07-29 19:29:11,227 - INFO  [/10.10.34.13:3888:QuorumCnxManager$Listener@493] - Received connection request /10.10.34.11:48218
2015-07-29 19:29:11,228 - WARN  [RecvWorker:188978561024:QuorumCnxManager$RecvWorker@762] - Connection broken for id 188978561024, my id = 3, error = 
2015-07-29 19:29:11,228 - WARN  [RecvWorker:188978561024:QuorumCnxManager$RecvWorker@765] - Interrupting SendWorker
2015-07-29 19:29:11,228 - WARN  [SendWorker:188978561024:QuorumCnxManager$SendWorker@679] - Interrupted while waiting for message on queue
2015-07-29 19:29:11,229 - WARN  [SendWorker:188978561024:QuorumCnxManager$SendWorker@688] - Send worker leaving thread
2015-07-29 19:29:11,229 - INFO  [/10.10.34.13:3888:QuorumCnxManager$Listener@493] - Received connection request /10.10.34.11:48221
2015-07-29 19:29:11,229 - WARN  [RecvWorker:188978561024:QuorumCnxManager$RecvWorker@762] - Connection broken for id 188978561024, my id = 3, error = 
2015-07-29 19:29:11,230 - WARN  [RecvWorker:188978561024:QuorumCnxManager$RecvWorker@765] - Interrupting SendWorker
2015-07-29 19:29:11,230 - WARN  [SendWorker:188978561024:QuorumCnxManager$SendWorker@679] - Interrupted while waiting for message on queue
2015-07-29 19:29:11,230 - WARN  [SendWorker:188978561024:QuorumCnxManager$SendWorker@688] - Send worker leaving thread
2015-07-29 19:29:11,230 - INFO  [/10.10.34.13:3888:QuorumCnxManager$Listener@493] - Received connection request /10.10.34.11:48223
2015-07-29 19:29:11,231 - WARN  [RecvWorker:188978561024:QuorumCnxManager$RecvWorker@762] - Connection broken for id 188978561024, my id = 3, error = 
2015-07-29 19:29:11,231 - WARN  [RecvWorker:188978561024:QuorumCnxManager$RecvWorker@765] - Interrupting SendWorker
2015-07-29 19:29:11,231 - WARN  [SendWorker:188978561024:QuorumCnxManager$SendWorker@679] - Interrupted while waiting for message on queue
2015-07-29 19:29:11,231 - WARN  [SendWorker:188978561024:QuorumCnxManager$SendWorker@688] - Send worker leaving thread
2015-07-29 19:29:11,232 - INFO  [/10.10.34.13:3888:QuorumCnxManager$Listener@493] - Received connection request /10.10.34.11:48224
2015-07-29 19:29:11,232 - WARN  [RecvWorker:188978561024:QuorumCnxManager$RecvWorker@762] - Connection broken for id 188978561024, my id = 3, error = 
2015-07-29 19:29:11,232 - WARN  [RecvWorker:188978561024:QuorumCnxManager$RecvWorker@765] - Interrupting SendWorker
2015-07-29 19:29:11,233 - WARN  [SendWorker:188978561024:QuorumCnxManager$SendWorker@679] - Interrupted while waiting for message on queue
2015-07-29 19:29:11,233 - WARN  [SendWorker:188978561024:QuorumCnxManager$SendWorker@688] - Send worker leaving thread
2015-07-29 19:29:11,327 - INFO  [/10.10.34.13:3888:QuorumCnxManager$Listener@493] - Received connection request /10.10.34.12:48490
2015-07-29 19:29:11,328 - WARN  [RecvWorker:188978561024:QuorumCnxManager$RecvWorker@762] - Connection broken for id 188978561024, my id = 3, error = 
2015-07-29 19:29:11,328 - WARN  [RecvWorker:188978561024:QuorumCnxManager$RecvWorker@765] - Interrupting SendWorker
2015-07-29 19:29:11,329 - WARN  [SendWorker:188978561024:QuorumCnxManager$SendWorker@679] - Interrupted while waiting for message on queue
2015-07-29 19:29:11,329 - WARN  [SendWorker:188978561024:QuorumCnxManager$SendWorker@688] - Send worker leaving thread
2015-07-29 19:29:11,329 - INFO  [/10.10.34.13:3888:QuorumCnxManager$Listener@493] - Received connection request /10.10.34.12:48492
2015-07-29 19:29:11,330 - WARN  [RecvWorker:188978561024:QuorumCnxManager$RecvWorker@762] - Connection broken for id 188978561024, my id = 3, error = 
2015-07-29 19:29:11,330 - WARN  [RecvWorker:188978561024:QuorumCnxManager$RecvWorker@765] - Interrupting SendWorker
2015-07-29 19:29:11,330 - WARN  [SendWorker:188978561024:QuorumCnxManager$SendWorker@679] - Interrupted while waiting for message on queue
2015-07-29 19:29:11,330 - WARN  [SendWorker:188978561024:QuorumCnxManager$SendWorker@688] - Send worker leaving thread
2015-07-29 19:29:11,331 - INFO  [/10.10.34.13:3888:QuorumCnxManager$Listener@493] - Received connection request /10.10.34.12:48498
2015-07-29 19:29:11,332 - WARN  [RecvWorker:188978561024:QuorumCnxManager$RecvWorker@762] - Connection broken for id 188978561024, my id = 3, error = 
2015-07-29 19:29:11,332 - WARN  [RecvWorker:188978561024:QuorumCnxManager$RecvWorker@765] - Interrupting SendWorker
2015-07-29 19:29:11,332 - INFO  [/10.10.34.13:3888:QuorumCnxManager$Listener@493] - Received connection request /10.10.34.12:48499
2015-07-29 19:29:11,332 - WARN  [SendWorker:188978561024:QuorumCnxManager$SendWorker@679] - Interrupted while waiting for message on queue
2015-07-29 19:29:11,332 - WARN  [SendWorker:188978561024:QuorumCnxManager$SendWorker@688] - Send worker leaving thread
2015-07-29 19:29:11,333 - WARN  [RecvWorker:188978561024:QuorumCnxManager$RecvWorker@762] - Connection broken for id 188978561024, my id = 3, error = 
2015-07-29 19:29:11,333 - WARN  [RecvWorker:188978561024:QuorumCnxManager$RecvWorker@765] - Interrupting SendWorker
2015-07-29 19:29:11,333 - WARN  [SendWorker:188978561024:QuorumCnxManager$SendWorker@679] - Interrupted while waiting for message on queue
2015-07-29 19:29:11,333 - WARN  [SendWorker:188978561024:QuorumCnxManager$SendWorker@688] - Send worker leaving thread
2015-07-29 19:29:11,434 - INFO  [/10.10.34.13:3888:QuorumCnxManager$Listener@493] - Received connection request /10.10.34.13:45763
2015-07-29 19:29:11,435 - WARN  [RecvWorker:188978561024:QuorumCnxManager$RecvWorker@762] - Connection broken for id 188978561024, my id = 3, error = 
2015-07-29 19:29:11,435 - WARN  [RecvWorker:188978561024:QuorumCnxManager$RecvWorker@765] - Interrupting SendWorker
2015-07-29 19:29:11,435 - WARN  [SendWorker:188978561024:QuorumCnxManager$SendWorker@679] - Interrupted while waiting for message on queue
2015-07-29 19:29:11,436 - WARN  [SendWorker:188978561024:QuorumCnxManager$SendWorker@688] - Send worker leaving thread
2015-07-29 19:29:11,436 - INFO  [/10.10.34.13:3888:QuorumCnxManager$Listener@493] - Received connection request /10.10.34.13:45766
2015-07-29 19:29:11,436 - INFO  [/10.10.34.13:3888:QuorumCnxManager$Listener@493] - Received connection request /10.10.34.13:45767
2015-07-29 19:29:11,437 - WARN  [RecvWorker:188978561024:QuorumCnxManager$RecvWorker@762] - Connection broken for id 188978561024, my id = 3, error = 
2015-07-29 19:29:11,437 - WARN  [RecvWorker:188978561024:QuorumCnxManager$RecvWorker@765] - Interrupting SendWorker
2015-07-29 19:29:11,437 - WARN  [SendWorker:188978561024:QuorumCnxManager$SendWorker@679] - Interrupted while waiting for message on queue
2015-07-29 19:29:11,437 - WARN  [RecvWorker:188978561024:QuorumCnxManager$RecvWorker@762] - Connection broken for id 188978561024, my id = 3, error = 
2015-07-29 19:29:11,437 - WARN  [RecvWorker:188978561024:QuorumCnxManager$RecvWorker@765] - Interrupting SendWorker
2015-07-29 19:29:11,437 - WARN  [SendWorker:188978561024:QuorumCnxManager$SendWorker@688] - Send worker leaving thread
2015-07-29 19:29:11,438 - WARN  [SendWorker:188978561024:QuorumCnxManager$SendWorker@679] - Interrupted while waiting for message on queue
2015-07-29 19:29:11,438 - WARN  [SendWorker:188978561024:QuorumCnxManager$SendWorker@688] - Send worker leaving thread
2015-07-29 19:29:11,438 - INFO  [/10.10.34.13:3888:QuorumCnxManager$Listener@493] - Received connection request /10.10.34.13:45770
2015-07-29 19:29:11,439 - WARN  [RecvWorker:188978561024:QuorumCnxManager$RecvWorker@762] - Connection broken for id 188978561024, my id = 3, error = 
2015-07-29 19:29:11,439 - WARN  [RecvWorker:188978561024:QuorumCnxManager$RecvWorker@765] - Interrupting SendWorker
2015-07-29 19:29:11,439 - WARN  [SendWorker:188978561024:QuorumCnxManager$SendWorker@679] - Interrupted while waiting for message on queue
2015-07-29 19:29:11,439 - WARN  [SendWorker:188978561024:QuorumCnxManager$SendWorker@688] - Send worker leaving thread
2015-07-29 19:29:11,638 - INFO  [/10.10.34.13:3888:QuorumCnxManager$Listener@493] - Received connection request /10.10.34.11:48228
2015-07-29 19:29:11,639 - WARN  [RecvWorker:188978561024:QuorumCnxManager$RecvWorker@762] - Connection broken for id 188978561024, my id = 3, error = 
2015-07-29 19:29:11,639 - WARN  [RecvWorker:188978561024:QuorumCnxManager$RecvWorker@765] - Interrupting SendWorker
2015-07-29 19:29:11,639 - WARN  [SendWorker:188978561024:QuorumCnxManager$SendWorker@679] - Interrupted while waiting for message on queue
2015-07-29 19:29:11,639 - WARN  [SendWorker:188978561024:QuorumCnxManager$SendWorker@688] - Send worker leaving thread
2015-07-29 19:29:14,568 - INFO  [/10.10.34.13:3888:QuorumCnxManager$Listener@493] - Received connection request /10.10.34.11:48234
2015-07-29 19:29:14,569 - WARN  [RecvWorker:188978561024:QuorumCnxManager$RecvWorker@762] - Connection broken for id 188978561024, my id = 3, error = 
2015-07-29 19:29:14,569 - WARN  [RecvWorker:188978561024:QuorumCnxManager$RecvWorker@765] - Interrupting SendWorker
2015-07-29 19:29:14,569 - WARN  [SendWorker:188978561024:QuorumCnxManager$SendWorker@679] - Interrupted while waiting for message on queue
2015-07-29 19:29:14,569 - WARN  [SendWorker:188978561024:QuorumCnxManager$SendWorker@688] - Send worker leaving thread
2015-07-29 19:29:14,569 - INFO  [/10.10.34.13:3888:QuorumCnxManager$Listener@493] - Received connection request /10.10.34.11:48236
2015-07-29 19:29:14,570 - WARN  [RecvWorker:188978561024:QuorumCnxManager$RecvWorker@762] - Connection broken for id 188978561024, my id = 3, error = 
2015-07-29 19:29:14,570 - WARN  [RecvWorker:188978561024:QuorumCnxManager$RecvWorker@765] - Interrupting SendWorker
2015-07-29 19:29:14,571 - WARN  [SendWorker:188978561024:QuorumCnxManager$SendWorker@679] - Interrupted while waiting for message on queue
2015-07-29 19:29:14,571 - INFO  [/10.10.34.13:3888:QuorumCnxManager$Listener@493] - Received connection request /10.10.34.11:48237
2015-07-29 19:29:14,571 - WARN  [SendWorker:188978561024:QuorumCnxManager$SendWorker@688] - Send worker leaving thread
2015-07-29 19:29:14,571 - WARN  [RecvWorker:188978561024:QuorumCnxManager$RecvWorker@762] - Connection broken for id 188978561024, my id = 3, error = 
2015-07-29 19:29:14,572 - WARN  [RecvWorker:188978561024:QuorumCnxManager$RecvWorker@765] - Interrupting SendWorker
2015-07-29 19:29:14,572 - WARN  [SendWorker:188978561024:QuorumCnxManager$SendWorker@679] - Interrupted while waiting for message on queue
2015-07-29 19:29:14,572 - WARN  [SendWorker:188978561024:QuorumCnxManager$SendWorker@688] - Send worker leaving thread
2015-07-29 19:29:14,572 - INFO  [/10.10.34.13:3888:QuorumCnxManager$Listener@493] - Received connection request /10.10.34.11:48239
2015-07-29 19:29:14,573 - WARN  [RecvWorker:188978561024:QuorumCnxManager$RecvWorker@762] - Connection broken for id 188978561024, my id = 3, error = 
2015-07-29 19:29:14,573 - WARN  [RecvWorker:188978561024:QuorumCnxManager$RecvWorker@765] - Interrupting SendWorker
2015-07-29 19:29:14,573 - WARN  [SendWorker:188978561024:QuorumCnxManager$SendWorker@679] - Interrupted while waiting for message on queue
2015-07-29 19:29:14,574 - WARN  [SendWorker:188978561024:QuorumCnxManager$SendWorker@688] - Send worker leaving thread
2015-07-29 19:29:14,668 - INFO  [/10.10.34.13:3888:QuorumCnxManager$Listener@493] - Received connection request /10.10.34.12:48502
2015-07-29 19:29:14,669 - WARN  [RecvWorker:188978561024:QuorumCnxManager$RecvWorker@762] - Connection broken for id 188978561024, my id = 3, error = 
2015-07-29 19:29:14,669 - WARN  [RecvWorker:188978561024:QuorumCnxManager$RecvWorker@765] - Interrupting SendWorker
2015-07-29 19:29:14,669 - WARN  [SendWorker:188978561024:QuorumCnxManager$SendWorker@679] - Interrupted while waiting for message on queue
2015-07-29 19:29:14,669 - WARN  [SendWorker:188978561024:QuorumCnxManager$SendWorker@688] - Send worker leaving thread
2015-07-29 19:29:14,670 - INFO  [/10.10.34.13:3888:QuorumCnxManager$Listener@493] - Received connection request /10.10.34.12:48505
2015-07-29 19:29:14,671 - WARN  [RecvWorker:188978561024:QuorumCnxManager$RecvWorker@762] - Connection broken for id 188978561024, my id = 3, error = 
2015-07-29 19:29:14,671 - WARN  [RecvWorker:188978561024:QuorumCnxManager$RecvWorker@765] - Interrupting SendWorker
2015-07-29 19:29:14,671 - WARN  [SendWorker:188978561024:QuorumCnxManager$SendWorker@679] - Interrupted while waiting for message on queue
2015-07-29 19:29:14,671 - WARN  [SendWorker:188978561024:QuorumCnxManager$SendWorker@688] - Send worker leaving thread
2015-07-29 19:29:14,672 - INFO  [/10.10.34.13:3888:QuorumCnxManager$Listener@493] - Received connection request /10.10.34.12:48510
2015-07-29 19:29:14,672 - WARN  [RecvWorker:188978561024:QuorumCnxManager$RecvWorker@762] - Connection broken for id 188978561024, my id = 3, error = 
2015-07-29 19:29:14,673 - INFO  [/10.10.34.13:3888:QuorumCnxManager$Listener@493] - Received connection request /10.10.34.12:48511
2015-07-29 19:29:14,673 - WARN  [RecvWorker:188978561024:QuorumCnxManager$RecvWorker@765] - Interrupting SendWorker
2015-07-29 19:29:14,673 - WARN  [SendWorker:188978561024:QuorumCnxManager$SendWorker@679] - Interrupted while waiting for message on queue
2015-07-29 19:29:14,673 - WARN  [SendWorker:188978561024:QuorumCnxManager$SendWorker@688] - Send worker leaving thread
2015-07-29 19:29:14,673 - WARN  [RecvWorker:188978561024:QuorumCnxManager$RecvWorker@762] - Connection broken for id 188978561024, my id = 3, error = 
2015-07-29 19:29:14,674 - WARN  [RecvWorker:188978561024:QuorumCnxManager$RecvWorker@765] - Interrupting SendWorker
2015-07-29 19:29:14,674 - WARN  [SendWorker:188978561024:QuorumCnxManager$SendWorker@679] - Interrupted while waiting for message on queue
2015-07-29 19:29:14,674 - WARN  [SendWorker:188978561024:QuorumCnxManager$SendWorker@688] - Send worker leaving thread
2015-07-29 19:29:14,775 - INFO  [/10.10.34.13:3888:QuorumCnxManager$Listener@493] - Received connection request /10.10.34.13:45775
2015-07-29 19:29:14,776 - WARN  [RecvWorker:188978561024:QuorumCnxManager$RecvWorker@762] - Connection broken for id 188978561024, my id = 3, error = 
2015-07-29 19:29:14,776 - WARN  [RecvWorker:188978561024:QuorumCnxManager$RecvWorker@765] - Interrupting SendWorker
2015-07-29 19:29:14,776 - WARN  [SendWorker:188978561024:QuorumCnxManager$SendWorker@679] - Interrupted while waiting for message on queue
2015-07-29 19:29:14,776 - WARN  [SendWorker:188978561024:QuorumCnxManager$SendWorker@688] - Send worker leaving thread
2015-07-29 19:29:14,776 - INFO  [/10.10.34.13:3888:QuorumCnxManager$Listener@493] - Received connection request /10.10.34.13:45778
2015-07-29 19:29:14,777 - INFO  [/10.10.34.13:3888:QuorumCnxManager$Listener@493] - Received connection request /10.10.34.13:45779
2015-07-29 19:29:14,777 - WARN  [RecvWorker:188978561024:QuorumCnxManager$RecvWorker@762] - Connection broken for id 188978561024, my id = 3, error = 
2015-07-29 19:29:14,777 - WARN  [RecvWorker:188978561024:QuorumCnxManager$RecvWorker@765] - Interrupting SendWorker
2015-07-29 19:29:14,777 - WARN  [SendWorker:188978561024:QuorumCnxManager$SendWorker@679] - Interrupted while waiting for message on queue
2015-07-29 19:29:14,778 - WARN  [SendWorker:188978561024:QuorumCnxManager$SendWorker@688] - Send worker leaving thread
2015-07-29 19:29:14,778 - WARN  [RecvWorker:188978561024:QuorumCnxManager$RecvWorker@762] - Connection broken for id 188978561024, my id = 3, error = 
2015-07-29 19:29:14,778 - WARN  [RecvWorker:188978561024:QuorumCnxManager$RecvWorker@765] - Interrupting SendWorker
2015-07-29 19:29:14,778 - WARN  [SendWorker:188978561024:QuorumCnxManager$SendWorker@679] - Interrupted while waiting for message on queue
2015-07-29 19:29:14,779 - WARN  [SendWorker:188978561024:QuorumCnxManager$SendWorker@688] - Send worker leaving thread
2015-07-29 19:29:14,779 - INFO  [/10.10.34.13:3888:QuorumCnxManager$Listener@493] - Received connection request /10.10.34.13:45782
2015-07-29 19:29:14,779 - WARN  [RecvWorker:188978561024:QuorumCnxManager$RecvWorker@762] - Connection broken for id 188978561024, my id = 3, error = 
2015-07-29 19:29:14,780 - WARN  [RecvWorker:188978561024:QuorumCnxManager$RecvWorker@765] - Interrupting SendWorker
2015-07-29 19:29:14,780 - WARN  [SendWorker:188978561024:QuorumCnxManager$SendWorker@679] - Interrupted while waiting for message on queue
2015-07-29 19:29:14,780 - WARN  [SendWorker:188978561024:QuorumCnxManager$SendWorker@688] - Send worker leaving thread
2015-07-29 19:29:14,978 - INFO  [/10.10.34.13:3888:QuorumCnxManager$Listener@493] - Received connection request /10.10.34.11:48243
2015-07-29 19:29:14,979 - WARN  [RecvWorker:188978561024:QuorumCnxManager$RecvWorker@762] - Connection broken for id 188978561024, my id = 3, error = 
2015-07-29 19:29:14,979 - WARN  [RecvWorker:188978561024:QuorumCnxManager$RecvWorker@765] - Interrupting SendWorker
2015-07-29 19:29:14,979 - WARN  [SendWorker:188978561024:QuorumCnxManager$SendWorker@679] - Interrupted while waiting for message on queue
2015-07-29 19:29:14,979 - WARN  [SendWorker:188978561024:QuorumCnxManager$SendWorker@688] - Send worker leaving thread
2015-07-29 19:29:17,908 - INFO  [/10.10.34.13:3888:QuorumCnxManager$Listener@493] - Received connection request /10.10.34.11:48248
2015-07-29 19:29:17,909 - WARN  [RecvWorker:188978561024:QuorumCnxManager$RecvWorker@762] - Connection broken for id 188978561024, my id = 3, error = 
2015-07-29 19:29:17,909 - WARN  [RecvWorker:188978561024:QuorumCnxManager$RecvWorker@765] - Interrupting SendWorker
2015-07-29 19:29:17,910 - WARN  [SendWorker:188978561024:QuorumCnxManager$SendWorker@679] - Interrupted while waiting for message on queue
2015-07-29 19:29:17,910 - WARN  [SendWorker:188978561024:QuorumCnxManager$SendWorker@688] - Send worker leaving thread
2015-07-29 19:29:17,910 - INFO  [/10.10.34.13:3888:QuorumCnxManager$Listener@493] - Received connection request /10.10.34.11:48250
2015-07-29 19:29:17,911 - WARN  [RecvWorker:188978561024:QuorumCnxManager$RecvWorker@762] - Connection broken for id 188978561024, my id = 3, error = 
2015-07-29 19:29:17,911 - WARN  [RecvWorker:188978561024:QuorumCnxManager$RecvWorker@765] - Interrupting SendWorker
2015-07-29 19:29:17,911 - WARN  [SendWorker:188978561024:QuorumCnxManager$SendWorker@679] - Interrupted while waiting for message on queue
2015-07-29 19:29:17,911 - INFO  [/10.10.34.13:3888:QuorumCnxManager$Listener@493] - Received connection request /10.10.34.11:48252
2015-07-29 19:29:17,911 - WARN  [SendWorker:188978561024:QuorumCnxManager$SendWorker@688] - Send worker leaving thread
2015-07-29 19:29:17,912 - WARN  [RecvWorker:188978561024:QuorumCnxManager$RecvWorker@762] - Connection broken for id 188978561024, my id = 3, error = 
2015-07-29 19:29:17,912 - WARN  [RecvWorker:188978561024:QuorumCnxManager$RecvWorker@765] - Interrupting SendWorker
2015-07-29 19:29:17,913 - WARN  [SendWorker:188978561024:QuorumCnxManager$SendWorker@679] - Interrupted while waiting for message on queue
2015-07-29 19:29:17,913 - INFO  [/10.10.34.13:3888:QuorumCnxManager$Listener@493] - Received connection request /10.10.34.11:48254
2015-07-29 19:29:17,913 - WARN  [SendWorker:188978561024:QuorumCnxManager$SendWorker@688] - Send worker leaving thread
2015-07-29 19:29:17,913 - WARN  [RecvWorker:188978561024:QuorumCnxManager$RecvWorker@762] - Connection broken for id 188978561024, my id = 3, error = 
2015-07-29 19:29:17,914 - WARN  [RecvWorker:188978561024:QuorumCnxManager$RecvWorker@765] - Interrupting SendWorker
2015-07-29 19:29:17,914 - WARN  [SendWorker:188978561024:QuorumCnxManager$SendWorker@679] - Interrupted while waiting for message on queue
2015-07-29 19:29:17,914 - WARN  [SendWorker:188978561024:QuorumCnxManager$SendWorker@688] - Send worker leaving thread
2015-07-29 19:29:18,008 - INFO  [/10.10.34.13:3888:QuorumCnxManager$Listener@493] - Received connection request /10.10.34.12:48514
2015-07-29 19:29:18,009 - WARN  [RecvWorker:188978561024:QuorumCnxManager$RecvWorker@762] - Connection broken for id 188978561024, my id = 3, error = 
2015-07-29 19:29:18,009 - WARN  [RecvWorker:188978561024:QuorumCnxManager$RecvWorker@765] - Interrupting SendWorker
2015-07-29 19:29:18,010 - WARN  [SendWorker:188978561024:QuorumCnxManager$SendWorker@679] - Interrupted while waiting for message on queue
2015-07-29 19:29:18,010 - WARN  [SendWorker:188978561024:QuorumCnxManager$SendWorker@688] - Send worker leaving thread
2015-07-29 19:29:18,010 - INFO  [/10.10.34.13:3888:QuorumCnxManager$Listener@493] - Received connection request /10.10.34.12:48517
2015-07-29 19:29:18,011 - WARN  [RecvWorker:188978561024:QuorumCnxManager$RecvWorker@762] - Connection broken for id 188978561024, my id = 3, error = 
2015-07-29 19:29:18,011 - WARN  [RecvWorker:188978561024:QuorumCnxManager$RecvWorker@765] - Interrupting SendWorker
2015-07-29 19:29:18,012 - WARN  [SendWorker:188978561024:QuorumCnxManager$SendWorker@679] - Interrupted while waiting for message on queue
2015-07-29 19:29:18,012 - WARN  [SendWorker:188978561024:QuorumCnxManager$SendWorker@688] - Send worker leaving thread
2015-07-29 19:29:18,012 - INFO  [/10.10.34.13:3888:QuorumCnxManager$Listener@493] - Received connection request /10.10.34.12:48522
2015-07-29 19:29:18,013 - WARN  [RecvWorker:188978561024:QuorumCnxManager$RecvWorker@762] - Connection broken for id 188978561024, my id = 3, error = 
2015-07-29 19:29:18,013 - WARN  [RecvWorker:188978561024:QuorumCnxManager$RecvWorker@765] - Interrupting SendWorker
2015-07-29 19:29:18,013 - INFO  [/10.10.34.13:3888:QuorumCnxManager$Listener@493] - Received connection request /10.10.34.12:48523
2015-07-29 19:29:18,013 - WARN  [SendWorker:188978561024:QuorumCnxManager$SendWorker@679] - Interrupted while waiting for message on queue
2015-07-29 19:29:18,014 - WARN  [SendWorker:188978561024:QuorumCnxManager$SendWorker@688] - Send worker leaving thread
2015-07-29 19:29:18,014 - WARN  [RecvWorker:188978561024:QuorumCnxManager$RecvWorker@762] - Connection broken for id 188978561024, my id = 3, error = 
2015-07-29 19:29:18,014 - WARN  [RecvWorker:188978561024:QuorumCnxManager$RecvWorker@765] - Interrupting SendWorker
2015-07-29 19:29:18,014 - WARN  [SendWorker:188978561024:QuorumCnxManager$SendWorker@679] - Interrupted while waiting for message on queue
2015-07-29 19:29:18,015 - WARN  [SendWorker:188978561024:QuorumCnxManager$SendWorker@688] - Send worker leaving thread
2015-07-29 19:29:18,116 - INFO  [/10.10.34.13:3888:QuorumCnxManager$Listener@493] - Received connection request /10.10.34.13:45787
2015-07-29 19:29:18,116 - WARN  [RecvWorker:188978561024:QuorumCnxManager$RecvWorker@762] - Connection broken for id 188978561024, my id = 3, error = 
2015-07-29 19:29:18,116 - WARN  [RecvWorker:188978561024:QuorumCnxManager$RecvWorker@765] - Interrupting SendWorker
2015-07-29 19:29:18,117 - WARN  [SendWorker:188978561024:QuorumCnxManager$SendWorker@679] - Interrupted while waiting for message on queue
2015-07-29 19:29:18,117 - WARN  [SendWorker:188978561024:QuorumCnxManager$SendWorker@688] - Send worker leaving thread
2015-07-29 19:29:18,117 - INFO  [/10.10.34.13:3888:QuorumCnxManager$Listener@493] - Received connection request /10.10.34.13:45790
2015-07-29 19:29:18,118 - WARN  [RecvWorker:188978561024:QuorumCnxManager$RecvWorker@762] - Connection broken for id 188978561024, my id = 3, error = 
2015-07-29 19:29:18,118 - WARN  [RecvWorker:188978561024:QuorumCnxManager$RecvWorker@765] - Interrupting SendWorker
2015-07-29 19:29:18,118 - INFO  [/10.10.34.13:3888:QuorumCnxManager$Listener@493] - Received connection request /10.10.34.13:45791
2015-07-29 19:29:18,118 - WARN  [SendWorker:188978561024:QuorumCnxManager$SendWorker@679] - Interrupted while waiting for message on queue
2015-07-29 19:29:18,118 - WARN  [SendWorker:188978561024:QuorumCnxManager$SendWorker@688] - Send worker leaving thread
2015-07-29 19:29:18,119 - WARN  [RecvWorker:188978561024:QuorumCnxManager$RecvWorker@762] - Connection broken for id 188978561024, my id = 3, error = 
2015-07-29 19:29:18,119 - WARN  [RecvWorker:188978561024:QuorumCnxManager$RecvWorker@765] - Interrupting SendWorker
2015-07-29 19:29:18,119 - WARN  [SendWorker:188978561024:QuorumCnxManager$SendWorker@679] - Interrupted while waiting for message on queue
2015-07-29 19:29:18,119 - WARN  [SendWorker:188978561024:QuorumCnxManager$SendWorker@688] - Send worker leaving thread
2015-07-29 19:29:18,120 - INFO  [/10.10.34.13:3888:QuorumCnxManager$Listener@493] - Received connection request /10.10.34.13:45794
2015-07-29 19:29:18,120 - WARN  [RecvWorker:188978561024:QuorumCnxManager$RecvWorker@762] - Connection broken for id 188978561024, my id = 3, error = 
2015-07-29 19:29:18,120 - WARN  [RecvWorker:188978561024:QuorumCnxManager$RecvWorker@765] - Interrupting SendWorker
2015-07-29 19:29:18,121 - WARN  [SendWorker:188978561024:QuorumCnxManager$SendWorker@679] - Interrupted while waiting for message on queue
2015-07-29 19:29:18,121 - WARN  [SendWorker:188978561024:QuorumCnxManager$SendWorker@688] - Send worker leaving thread
2015-07-29 19:29:18,319 - INFO  [/10.10.34.13:3888:QuorumCnxManager$Listener@493] - Received connection request /10.10.34.11:48258
2015-07-29 19:29:18,319 - WARN  [RecvWorker:188978561024:QuorumCnxManager$RecvWorker@762] - Connection broken for id 188978561024, my id = 3, error = 
2015-07-29 19:29:18,319 - WARN  [RecvWorker:188978561024:QuorumCnxManager$RecvWorker@765] - Interrupting SendWorker
2015-07-29 19:29:18,320 - WARN  [SendWorker:188978561024:QuorumCnxManager$SendWorker@679] - Interrupted while waiting for message on queue
2015-07-29 19:29:18,320 - WARN  [SendWorker:188978561024:QuorumCnxManager$SendWorker@688] - Send worker leaving thread
2015-07-29 19:29:21,249 - INFO  [/10.10.34.13:3888:QuorumCnxManager$Listener@493] - Received connection request /10.10.34.11:48264
2015-07-29 19:29:21,250 - WARN  [RecvWorker:188978561024:QuorumCnxManager$RecvWorker@762] - Connection broken for id 188978561024, my id = 3, error = 
2015-07-29 19:29:21,250 - WARN  [RecvWorker:188978561024:QuorumCnxManager$RecvWorker@765] - Interrupting SendWorker
2015-07-29 19:29:21,250 - WARN  [SendWorker:188978561024:QuorumCnxManager$SendWorker@679] - Interrupted while waiting for message on queue
2015-07-29 19:29:21,251 - INFO  [/10.10.34.13:3888:QuorumCnxManager$Listener@493] - Received connection request /10.10.34.11:48266
2015-07-29 19:29:21,251 - WARN  [SendWorker:188978561024:QuorumCnxManager$SendWorker@688] - Send worker leaving thread
2015-07-29 19:29:21,251 - WARN  [RecvWorker:188978561024:QuorumCnxManager$RecvWorker@762] - Connection broken for id 188978561024, my id = 3, error = 
2015-07-29 19:29:21,252 - WARN  [RecvWorker:188978561024:QuorumCnxManager$RecvWorker@765] - Interrupting SendWorker
2015-07-29 19:29:21,252 - WARN  [SendWorker:188978561024:QuorumCnxManager$SendWorker@679] - Interrupted while waiting for message on queue
2015-07-29 19:29:21,252 - INFO  [/10.10.34.13:3888:QuorumCnxManager$Listener@493] - Received connection request /10.10.34.11:48267
2015-07-29 19:29:21,252 - WARN  [SendWorker:188978561024:QuorumCnxManager$SendWorker@688] - Send worker leaving thread
2015-07-29 19:29:21,253 - WARN  [RecvWorker:188978561024:QuorumCnxManager$RecvWorker@762] - Connection broken for id 188978561024, my id = 3, error = 
2015-07-29 19:29:21,253 - WARN  [RecvWorker:188978561024:QuorumCnxManager$RecvWorker@765] - Interrupting SendWorker
2015-07-29 19:29:21,253 - WARN  [SendWorker:188978561024:QuorumCnxManager$SendWorker@679] - Interrupted while waiting for message on queue
2015-07-29 19:29:21,253 - INFO  [/10.10.34.13:3888:QuorumCnxManager$Listener@493] - Received connection request /10.10.34.11:48269
2015-07-29 19:29:21,253 - WARN  [SendWorker:188978561024:QuorumCnxManager$SendWorker@688] - Send worker leaving thread
2015-07-29 19:29:21,254 - WARN  [RecvWorker:188978561024:QuorumCnxManager$RecvWorker@762] - Connection broken for id 188978561024, my id = 3, error = 
2015-07-29 19:29:21,254 - WARN  [RecvWorker:188978561024:QuorumCnxManager$RecvWorker@765] - Interrupting SendWorker
2015-07-29 19:29:21,254 - WARN  [SendWorker:188978561024:QuorumCnxManager$SendWorker@679] - Interrupted while waiting for message on queue
2015-07-29 19:29:21,255 - WARN  [SendWorker:188978561024:QuorumCnxManager$SendWorker@688] - Send worker leaving thread
2015-07-29 19:29:21,349 - INFO  [/10.10.34.13:3888:QuorumCnxManager$Listener@493] - Received connection request /10.10.34.12:48526
2015-07-29 19:29:21,349 - WARN  [RecvWorker:188978561024:QuorumCnxManager$RecvWorker@762] - Connection broken for id 188978561024, my id = 3, error = 
2015-07-29 19:29:21,350 - WARN  [RecvWorker:188978561024:QuorumCnxManager$RecvWorker@765] - Interrupting SendWorker
2015-07-29 19:29:21,350 - WARN  [SendWorker:188978561024:QuorumCnxManager$SendWorker@679] - Interrupted while waiting for message on queue
2015-07-29 19:29:21,350 - WARN  [SendWorker:188978561024:QuorumCnxManager$SendWorker@688] - Send worker leaving thread
2015-07-29 19:29:21,351 - INFO  [/10.10.34.13:3888:QuorumCnxManager$Listener@493] - Received connection request /10.10.34.12:48528
2015-07-29 19:29:21,352 - WARN  [RecvWorker:188978561024:QuorumCnxManager$RecvWorker@762] - Connection broken for id 188978561024, my id = 3, error = 
2015-07-29 19:29:21,352 - WARN  [RecvWorker:188978561024:QuorumCnxManager$RecvWorker@765] - Interrupting SendWorker
2015-07-29 19:29:21,352 - WARN  [SendWorker:188978561024:QuorumCnxManager$SendWorker@679] - Interrupted while waiting for message on queue
2015-07-29 19:29:21,352 - WARN  [SendWorker:188978561024:QuorumCnxManager$SendWorker@688] - Send worker leaving thread
2015-07-29 19:29:21,353 - INFO  [/10.10.34.13:3888:QuorumCnxManager$Listener@493] - Received connection request /10.10.34.12:48534
2015-07-29 19:29:21,353 - WARN  [RecvWorker:188978561024:QuorumCnxManager$RecvWorker@762] - Connection broken for id 188978561024, my id = 3, error = 
2015-07-29 19:29:21,353 - WARN  [RecvWorker:188978561024:QuorumCnxManager$RecvWorker@765] - Interrupting SendWorker
2015-07-29 19:29:21,354 - WARN  [SendWorker:188978561024:QuorumCnxManager$SendWorker@679] - Interrupted while waiting for message on queue
2015-07-29 19:29:21,354 - WARN  [SendWorker:188978561024:QuorumCnxManager$SendWorker@688] - Send worker leaving thread
2015-07-29 19:29:21,354 - INFO  [/10.10.34.13:3888:QuorumCnxManager$Listener@493] - Received connection request /10.10.34.12:48536
2015-07-29 19:29:21,355 - WARN  [RecvWorker:188978561024:QuorumCnxManager$RecvWorker@762] - Connection broken for id 188978561024, my id = 3, error = 
2015-07-29 19:29:21,355 - WARN  [RecvWorker:188978561024:QuorumCnxManager$RecvWorker@765] - Interrupting SendWorker
2015-07-29 19:29:21,355 - WARN  [SendWorker:188978561024:QuorumCnxManager$SendWorker@679] - Interrupted while waiting for message on queue
2015-07-29 19:29:21,355 - WARN  [SendWorker:188978561024:QuorumCnxManager$SendWorker@688] - Send worker leaving thread
2015-07-29 19:29:21,456 - INFO  [/10.10.34.13:3888:QuorumCnxManager$Listener@493] - Received connection request /10.10.34.13:45799
2015-07-29 19:29:21,457 - WARN  [RecvWorker:188978561024:QuorumCnxManager$RecvWorker@762] - Connection broken for id 188978561024, my id = 3, error = 
2015-07-29 19:29:21,457 - WARN  [RecvWorker:188978561024:QuorumCnxManager$RecvWorker@765] - Interrupting SendWorker
2015-07-29 19:29:21,457 - WARN  [SendWorker:188978561024:QuorumCnxManager$SendWorker@679] - Interrupted while waiting for message on queue
2015-07-29 19:29:21,458 - WARN  [SendWorker:188978561024:QuorumCnxManager$SendWorker@688] - Send worker leaving thread
2015-07-29 19:29:21,458 - INFO  [/10.10.34.13:3888:QuorumCnxManager$Listener@493] - Received connection request /10.10.34.13:45802
2015-07-29 19:29:21,459 - INFO  [/10.10.34.13:3888:QuorumCnxManager$Listener@493] - Received connection request /10.10.34.13:45803
2015-07-29 19:29:21,459 - WARN  [RecvWorker:188978561024:QuorumCnxManager$RecvWorker@762] - Connection broken for id 188978561024, my id = 3, error = 
2015-07-29 19:29:21,459 - WARN  [RecvWorker:188978561024:QuorumCnxManager$RecvWorker@765] - Interrupting SendWorker
2015-07-29 19:29:21,459 - WARN  [SendWorker:188978561024:QuorumCnxManager$SendWorker@679] - Interrupted while waiting for message on queue
2015-07-29 19:29:21,459 - WARN  [RecvWorker:188978561024:QuorumCnxManager$RecvWorker@762] - Connection broken for id 188978561024, my id = 3, error = 
2015-07-29 19:29:21,459 - WARN  [SendWorker:188978561024:QuorumCnxManager$SendWorker@688] - Send worker leaving thread
2015-07-29 19:29:21,460 - WARN  [RecvWorker:188978561024:QuorumCnxManager$RecvWorker@765] - Interrupting SendWorker
2015-07-29 19:29:21,460 - WARN  [SendWorker:188978561024:QuorumCnxManager$SendWorker@679] - Interrupted while waiting for message on queue
2015-07-29 19:29:21,460 - WARN  [SendWorker:188978561024:QuorumCnxManager$SendWorker@688] - Send worker leaving thread
2015-07-29 19:29:21,460 - INFO  [/10.10.34.13:3888:QuorumCnxManager$Listener@493] - Received connection request /10.10.34.13:45806
2015-07-29 19:29:21,461 - WARN  [RecvWorker:188978561024:QuorumCnxManager$RecvWorker@762] - Connection broken for id 188978561024, my id = 3, error = 
2015-07-29 19:29:21,461 - WARN  [RecvWorker:188978561024:QuorumCnxManager$RecvWorker@765] - Interrupting SendWorker
2015-07-29 19:29:21,461 - WARN  [SendWorker:188978561024:QuorumCnxManager$SendWorker@679] - Interrupted while waiting for message on queue
2015-07-29 19:29:21,461 - WARN  [SendWorker:188978561024:QuorumCnxManager$SendWorker@688] - Send worker leaving thread
2015-07-29 19:29:21,659 - INFO  [/10.10.34.13:3888:QuorumCnxManager$Listener@493] - Received connection request /10.10.34.11:48273
2015-07-29 19:29:21,660 - WARN  [RecvWorker:188978561024:QuorumCnxManager$RecvWorker@762] - Connection broken for id 188978561024, my id = 3, error = 
2015-07-29 19:29:21,660 - WARN  [RecvWorker:188978561024:QuorumCnxManager$RecvWorker@765] - Interrupting SendWorker
2015-07-29 19:29:21,660 - WARN  [SendWorker:188978561024:QuorumCnxManager$SendWorker@679] - Interrupted while waiting for message on queue
2015-07-29 19:29:21,660 - WARN  [SendWorker:188978561024:QuorumCnxManager$SendWorker@688] - Send worker leaving thread
2015-07-29 19:29:24,590 - INFO  [/10.10.34.13:3888:QuorumCnxManager$Listener@493] - Received connection request /10.10.34.11:48279
2015-07-29 19:29:24,591 - WARN  [RecvWorker:188978561024:QuorumCnxManager$RecvWorker@762] - Connection broken for id 188978561024, my id = 3, error = 
2015-07-29 19:29:24,591 - WARN  [RecvWorker:188978561024:QuorumCnxManager$RecvWorker@765] - Interrupting SendWorker
2015-07-29 19:29:24,591 - WARN  [SendWorker:188978561024:QuorumCnxManager$SendWorker@679] - Interrupted while waiting for message on queue
2015-07-29 19:29:24,591 - INFO  [/10.10.34.13:3888:QuorumCnxManager$Listener@493] - Received connection request /10.10.34.11:48281
2015-07-29 19:29:24,591 - WARN  [SendWorker:188978561024:QuorumCnxManager$SendWorker@688] - Send worker leaving thread
2015-07-29 19:29:24,592 - WARN  [RecvWorker:188978561024:QuorumCnxManager$RecvWorker@762] - Connection broken for id 188978561024, my id = 3, error = 
2015-07-29 19:29:24,592 - WARN  [RecvWorker:188978561024:QuorumCnxManager$RecvWorker@765] - Interrupting SendWorker
2015-07-29 19:29:24,592 - INFO  [/10.10.34.13:3888:QuorumCnxManager$Listener@493] - Received connection request /10.10.34.11:48282
2015-07-29 19:29:24,592 - WARN  [SendWorker:188978561024:QuorumCnxManager$SendWorker@679] - Interrupted while waiting for message on queue
2015-07-29 19:29:24,593 - WARN  [SendWorker:188978561024:QuorumCnxManager$SendWorker@688] - Send worker leaving thread
2015-07-29 19:29:24,593 - WARN  [RecvWorker:188978561024:QuorumCnxManager$RecvWorker@762] - Connection broken for id 188978561024, my id = 3, error = 
2015-07-29 19:29:24,593 - WARN  [RecvWorker:188978561024:QuorumCnxManager$RecvWorker@765] - Interrupting SendWorker
2015-07-29 19:29:24,593 - WARN  [SendWorker:188978561024:QuorumCnxManager$SendWorker@679] - Interrupted while waiting for message on queue
2015-07-29 19:29:24,594 - WARN  [SendWorker:188978561024:QuorumCnxManager$SendWorker@688] - Send worker leaving thread
2015-07-29 19:29:24,594 - INFO  [/10.10.34.13:3888:QuorumCnxManager$Listener@493] - Received connection request /10.10.34.11:48285
2015-07-29 19:29:24,595 - WARN  [RecvWorker:188978561024:QuorumCnxManager$RecvWorker@762] - Connection broken for id 188978561024, my id = 3, error = 
2015-07-29 19:29:24,595 - WARN  [RecvWorker:188978561024:QuorumCnxManager$RecvWorker@765] - Interrupting SendWorker
2015-07-29 19:29:24,595 - WARN  [SendWorker:188978561024:QuorumCnxManager$SendWorker@679] - Interrupted while waiting for message on queue
2015-07-29 19:29:24,595 - WARN  [SendWorker:188978561024:QuorumCnxManager$SendWorker@688] - Send worker leaving thread
2015-07-29 19:29:24,689 - INFO  [/10.10.34.13:3888:QuorumCnxManager$Listener@493] - Received connection request /10.10.34.12:48539
2015-07-29 19:29:24,690 - WARN  [RecvWorker:188978561024:QuorumCnxManager$RecvWorker@762] - Connection broken for id 188978561024, my id = 3, error = 
2015-07-29 19:29:24,690 - WARN  [RecvWorker:188978561024:QuorumCnxManager$RecvWorker@765] - Interrupting SendWorker
2015-07-29 19:29:24,690 - WARN  [SendWorker:188978561024:QuorumCnxManager$SendWorker@679] - Interrupted while waiting for message on queue
2015-07-29 19:29:24,691 - WARN  [SendWorker:188978561024:QuorumCnxManager$SendWorker@688] - Send worker leaving thread
2015-07-29 19:29:24,691 - INFO  [/10.10.34.13:3888:QuorumCnxManager$Listener@493] - Received connection request /10.10.34.12:48542
2015-07-29 19:29:24,692 - INFO  [/10.10.34.13:3888:QuorumCnxManager$Listener@493] - Received connection request /10.10.34.12:48544
2015-07-29 19:29:24,692 - WARN  [RecvWorker:188978561024:QuorumCnxManager$RecvWorker@762] - Connection broken for id 188978561024, my id = 3, error = 
2015-07-29 19:29:24,692 - WARN  [RecvWorker:188978561024:QuorumCnxManager$RecvWorker@765] - Interrupting SendWorker
2015-07-29 19:29:24,695 - INFO  [/10.10.34.13:3888:QuorumCnxManager$Listener@493] - Received connection request /10.10.34.12:48546
2015-07-29 19:29:24,695 - WARN  [SendWorker:188978561024:QuorumCnxManager$SendWorker@679] - Interrupted while waiting for message on queue
2015-07-29 19:29:24,695 - WARN  [SendWorker:188978561024:QuorumCnxManager$SendWorker@679] - Interrupted while waiting for message on queue
2015-07-29 19:29:24,695 - WARN  [RecvWorker:188978561024:QuorumCnxManager$RecvWorker@762] - Connection broken for id 188978561024, my id = 3, error = 
2015-07-29 19:29:24,696 - WARN  [SendWorker:188978561024:QuorumCnxManager$SendWorker@688] - Send worker leaving thread
2015-07-29 19:29:24,696 - WARN  [RecvWorker:188978561024:QuorumCnxManager$RecvWorker@762] - Connection broken for id 188978561024, my id = 3, error = 
2015-07-29 19:29:24,696 - WARN  [RecvWorker:188978561024:QuorumCnxManager$RecvWorker@765] - Interrupting SendWorker
2015-07-29 19:29:24,695 - WARN  [SendWorker:188978561024:QuorumCnxManager$SendWorker@688] - Send worker leaving thread
2015-07-29 19:29:24,697 - WARN  [SendWorker:188978561024:QuorumCnxManager$SendWorker@679] - Interrupted while waiting for message on queue
2015-07-29 19:29:24,696 - WARN  [RecvWorker:188978561024:QuorumCnxManager$RecvWorker@765] - Interrupting SendWorker
2015-07-29 19:29:24,697 - WARN  [SendWorker:188978561024:QuorumCnxManager$SendWorker@688] - Send worker leaving thread
2015-07-29 19:29:24,797 - INFO  [/10.10.34.13:3888:QuorumCnxManager$Listener@493] - Received connection request /10.10.34.13:45811
2015-07-29 19:29:24,798 - WARN  [RecvWorker:188978561024:QuorumCnxManager$RecvWorker@762] - Connection broken for id 188978561024, my id = 3, error = 
2015-07-29 19:29:24,798 - WARN  [RecvWorker:188978561024:QuorumCnxManager$RecvWorker@765] - Interrupting SendWorker
2015-07-29 19:29:24,798 - WARN  [SendWorker:188978561024:QuorumCnxManager$SendWorker@679] - Interrupted while waiting for message on queue
2015-07-29 19:29:24,799 - WARN  [SendWorker:188978561024:QuorumCnxManager$SendWorker@688] - Send worker leaving thread
2015-07-29 19:29:24,799 - INFO  [/10.10.34.13:3888:QuorumCnxManager$Listener@493] - Received connection request /10.10.34.13:45814
2015-07-29 19:29:24,799 - INFO  [/10.10.34.13:3888:QuorumCnxManager$Listener@493] - Received connection request /10.10.34.13:45815
2015-07-29 19:29:24,799 - WARN  [RecvWorker:188978561024:QuorumCnxManager$RecvWorker@762] - Connection broken for id 188978561024, my id = 3, error = 
2015-07-29 19:29:24,800 - WARN  [RecvWorker:188978561024:QuorumCnxManager$RecvWorker@765] - Interrupting SendWorker
2015-07-29 19:29:24,800 - WARN  [SendWorker:188978561024:QuorumCnxManager$SendWorker@679] - Interrupted while waiting for message on queue
2015-07-29 19:29:24,800 - WARN  [RecvWorker:188978561024:QuorumCnxManager$RecvWorker@762] - Connection broken for id 188978561024, my id = 3, error = 
2015-07-29 19:29:24,800 - WARN  [RecvWorker:188978561024:QuorumCnxManager$RecvWorker@765] - Interrupting SendWorker
2015-07-29 19:29:24,800 - WARN  [SendWorker:188978561024:QuorumCnxManager$SendWorker@688] - Send worker leaving thread
2015-07-29 19:29:24,801 - WARN  [SendWorker:188978561024:QuorumCnxManager$SendWorker@679] - Interrupted while waiting for message on queue
2015-07-29 19:29:24,801 - WARN  [SendWorker:188978561024:QuorumCnxManager$SendWorker@688] - Send worker leaving thread
2015-07-29 19:29:24,801 - INFO  [/10.10.34.13:3888:QuorumCnxManager$Listener@493] - Received connection request /10.10.34.13:45818
2015-07-29 19:29:24,802 - WARN  [RecvWorker:188978561024:QuorumCnxManager$RecvWorker@762] - Connection broken for id 188978561024, my id = 3, error = 
2015-07-29 19:29:24,802 - WARN  [RecvWorker:188978561024:QuorumCnxManager$RecvWorker@765] - Interrupting SendWorker
2015-07-29 19:29:24,802 - WARN  [SendWorker:188978561024:QuorumCnxManager$SendWorker@679] - Interrupted while waiting for message on queue
2015-07-29 19:29:24,802 - WARN  [SendWorker:188978561024:QuorumCnxManager$SendWorker@688] - Send worker leaving thread
2015-07-29 19:29:24,999 - INFO  [/10.10.34.13:3888:QuorumCnxManager$Listener@493] - Received connection request /10.10.34.11:48288
2015-07-29 19:29:25,000 - WARN  [RecvWorker:188978561024:QuorumCnxManager$RecvWorker@762] - Connection broken for id 188978561024, my id = 3, error = 
2015-07-29 19:29:25,000 - WARN  [RecvWorker:188978561024:QuorumCnxManager$RecvWorker@765] - Interrupting SendWorker
2015-07-29 19:29:25,001 - WARN  [SendWorker:188978561024:QuorumCnxManager$SendWorker@679] - Interrupted while waiting for message on queue
2015-07-29 19:29:25,001 - WARN  [SendWorker:188978561024:QuorumCnxManager$SendWorker@688] - Send worker leaving thread
2015-07-29 19:29:27,930 - INFO  [/10.10.34.13:3888:QuorumCnxManager$Listener@493] - Received connection request /10.10.34.11:48294
2015-07-29 19:29:27,931 - WARN  [RecvWorker:188978561024:QuorumCnxManager$RecvWorker@762] - Connection broken for id 188978561024, my id = 3, error = 
2015-07-29 19:29:27,931 - WARN  [RecvWorker:188978561024:QuorumCnxManager$RecvWorker@765] - Interrupting SendWorker
2015-07-29 19:29:27,932 - WARN  [SendWorker:188978561024:QuorumCnxManager$SendWorker@679] - Interrupted while waiting for message on queue
2015-07-29 19:29:27,932 - WARN  [SendWorker:188978561024:QuorumCnxManager$SendWorker@688] - Send worker leaving thread
2015-07-29 19:29:27,932 - INFO  [/10.10.34.13:3888:QuorumCnxManager$Listener@493] - Received connection request /10.10.34.11:48296
2015-07-29 19:29:27,933 - WARN  [RecvWorker:188978561024:QuorumCnxManager$RecvWorker@762] - Connection broken for id 188978561024, my id = 3, error = 
2015-07-29 19:29:27,933 - WARN  [RecvWorker:188978561024:QuorumCnxManager$RecvWorker@765] - Interrupting SendWorker
2015-07-29 19:29:27,933 - WARN  [SendWorker:188978561024:QuorumCnxManager$SendWorker@679] - Interrupted while waiting for message on queue
2015-07-29 19:29:27,933 - INFO  [/10.10.34.13:3888:QuorumCnxManager$Listener@493] - Received connection request /10.10.34.11:48297
2015-07-29 19:29:27,933 - WARN  [SendWorker:188978561024:QuorumCnxManager$SendWorker@688] - Send worker leaving thread
2015-07-29 19:29:27,934 - WARN  [RecvWorker:188978561024:QuorumCnxManager$RecvWorker@762] - Connection broken for id 188978561024, my id = 3, error = 
2015-07-29 19:29:27,934 - WARN  [RecvWorker:188978561024:QuorumCnxManager$RecvWorker@765] - Interrupting SendWorker
2015-07-29 19:29:27,934 - WARN  [SendWorker:188978561024:QuorumCnxManager$SendWorker@679] - Interrupted while waiting for message on queue
2015-07-29 19:29:27,935 - WARN  [SendWorker:188978561024:QuorumCnxManager$SendWorker@688] - Send worker leaving thread
2015-07-29 19:29:27,935 - INFO  [/10.10.34.13:3888:QuorumCnxManager$Listener@493] - Received connection request /10.10.34.11:48299
2015-07-29 19:29:27,935 - WARN  [RecvWorker:188978561024:QuorumCnxManager$RecvWorker@762] - Connection broken for id 188978561024, my id = 3, error = 
2015-07-29 19:29:27,936 - WARN  [RecvWorker:188978561024:QuorumCnxManager$RecvWorker@765] - Interrupting SendWorker
2015-07-29 19:29:27,936 - WARN  [SendWorker:188978561024:QuorumCnxManager$SendWorker@679] - Interrupted while waiting for message on queue
2015-07-29 19:29:27,936 - WARN  [SendWorker:188978561024:QuorumCnxManager$SendWorker@688] - Send worker leaving thread
2015-07-29 19:29:28,029 - INFO  [/10.10.34.13:3888:QuorumCnxManager$Listener@493] - Received connection request /10.10.34.12:48551
2015-07-29 19:29:28,030 - WARN  [RecvWorker:188978561024:QuorumCnxManager$RecvWorker@762] - Connection broken for id 188978561024, my id = 3, error = 
2015-07-29 19:29:28,030 - WARN  [RecvWorker:188978561024:QuorumCnxManager$RecvWorker@765] - Interrupting SendWorker
2015-07-29 19:29:28,030 - WARN  [SendWorker:188978561024:QuorumCnxManager$SendWorker@679] - Interrupted while waiting for message on queue
2015-07-29 19:29:28,030 - WARN  [SendWorker:188978561024:QuorumCnxManager$SendWorker@688] - Send worker leaving thread
2015-07-29 19:29:28,031 - INFO  [/10.10.34.13:3888:QuorumCnxManager$Listener@493] - Received connection request /10.10.34.12:48554
2015-07-29 19:29:28,032 - WARN  [RecvWorker:188978561024:QuorumCnxManager$RecvWorker@762] - Connection broken for id 188978561024, my id = 3, error = 
2015-07-29 19:29:28,032 - WARN  [RecvWorker:188978561024:QuorumCnxManager$RecvWorker@765] - Interrupting SendWorker
2015-07-29 19:29:28,032 - WARN  [SendWorker:188978561024:QuorumCnxManager$SendWorker@679] - Interrupted while waiting for message on queue
2015-07-29 19:29:28,033 - WARN  [SendWorker:188978561024:QuorumCnxManager$SendWorker@688] - Send worker leaving thread
2015-07-29 19:29:28,035 - INFO  [/10.10.34.13:3888:QuorumCnxManager$Listener@493] - Received connection request /10.10.34.12:48557
2015-07-29 19:29:28,035 - WARN  [RecvWorker:188978561024:QuorumCnxManager$RecvWorker@762] - Connection broken for id 188978561024, my id = 3, error = 
2015-07-29 19:29:28,036 - WARN  [RecvWorker:188978561024:QuorumCnxManager$RecvWorker@765] - Interrupting SendWorker
2015-07-29 19:29:28,036 - WARN  [SendWorker:188978561024:QuorumCnxManager$SendWorker@679] - Interrupted while waiting for message on queue
2015-07-29 19:29:28,036 - INFO  [/10.10.34.13:3888:QuorumCnxManager$Listener@493] - Received connection request /10.10.34.12:48558
2015-07-29 19:29:28,036 - WARN  [SendWorker:188978561024:QuorumCnxManager$SendWorker@688] - Send worker leaving thread
2015-07-29 19:29:28,037 - WARN  [RecvWorker:188978561024:QuorumCnxManager$RecvWorker@762] - Connection broken for id 188978561024, my id = 3, error = 
2015-07-29 19:29:28,037 - WARN  [RecvWorker:188978561024:QuorumCnxManager$RecvWorker@765] - Interrupting SendWorker
2015-07-29 19:29:28,037 - WARN  [SendWorker:188978561024:QuorumCnxManager$SendWorker@679] - Interrupted while waiting for message on queue
2015-07-29 19:29:28,037 - WARN  [SendWorker:188978561024:QuorumCnxManager$SendWorker@688] - Send worker leaving thread
2015-07-29 19:29:28,138 - INFO  [/10.10.34.13:3888:QuorumCnxManager$Listener@493] - Received connection request /10.10.34.13:45823
2015-07-29 19:29:28,139 - WARN  [RecvWorker:188978561024:QuorumCnxManager$RecvWorker@762] - Connection broken for id 188978561024, my id = 3, error = 
2015-07-29 19:29:28,139 - WARN  [RecvWorker:188978561024:QuorumCnxManager$RecvWorker@765] - Interrupting SendWorker
2015-07-29 19:29:28,139 - WARN  [SendWorker:188978561024:QuorumCnxManager$SendWorker@679] - Interrupted while waiting for message on queue
2015-07-29 19:29:28,139 - WARN  [SendWorker:188978561024:QuorumCnxManager$SendWorker@688] - Send worker leaving thread
2015-07-29 19:29:28,140 - INFO  [/10.10.34.13:3888:QuorumCnxManager$Listener@493] - Received connection request /10.10.34.13:45827
2015-07-29 19:29:28,140 - INFO  [/10.10.34.13:3888:QuorumCnxManager$Listener@493] - Received connection request /10.10.34.13:45828
2015-07-29 19:29:28,140 - WARN  [RecvWorker:188978561024:QuorumCnxManager$RecvWorker@762] - Connection broken for id 188978561024, my id = 3, error = 
2015-07-29 19:29:28,140 - WARN  [RecvWorker:188978561024:QuorumCnxManager$RecvWorker@765] - Interrupting SendWorker
2015-07-29 19:29:28,140 - WARN  [SendWorker:188978561024:QuorumCnxManager$SendWorker@679] - Interrupted while waiting for message on queue
2015-07-29 19:29:28,141 - WARN  [RecvWorker:188978561024:QuorumCnxManager$RecvWorker@762] - Connection broken for id 188978561024, my id = 3, error = 
2015-07-29 19:29:28,141 - INFO  [/10.10.34.13:3888:QuorumCnxManager$Listener@493] - Received connection request /10.10.34.13:45830
2015-07-29 19:29:28,141 - WARN  [RecvWorker:188978561024:QuorumCnxManager$RecvWorker@765] - Interrupting SendWorker
2015-07-29 19:29:28,141 - WARN  [SendWorker:188978561024:QuorumCnxManager$SendWorker@688] - Send worker leaving thread
2015-07-29 19:29:28,141 - WARN  [SendWorker:188978561024:QuorumCnxManager$SendWorker@679] - Interrupted while waiting for message on queue
2015-07-29 19:29:28,142 - WARN  [SendWorker:188978561024:QuorumCnxManager$SendWorker@688] - Send worker leaving thread
2015-07-29 19:29:28,142 - WARN  [RecvWorker:188978561024:QuorumCnxManager$RecvWorker@762] - Connection broken for id 188978561024, my id = 3, error = 
2015-07-29 19:29:28,142 - WARN  [RecvWorker:188978561024:QuorumCnxManager$RecvWorker@765] - Interrupting SendWorker
2015-07-29 19:29:28,142 - WARN  [SendWorker:188978561024:QuorumCnxManager$SendWorker@679] - Interrupted while waiting for message on queue
2015-07-29 19:29:28,142 - WARN  [SendWorker:188978561024:QuorumCnxManager$SendWorker@688] - Send worker leaving thread
2015-07-29 19:29:28,340 - INFO  [/10.10.34.13:3888:QuorumCnxManager$Listener@493] - Received connection request /10.10.34.11:48303
2015-07-29 19:29:28,340 - WARN  [RecvWorker:188978561024:QuorumCnxManager$RecvWorker@762] - Connection broken for id 188978561024, my id = 3, error = 
2015-07-29 19:29:28,341 - WARN  [RecvWorker:188978561024:QuorumCnxManager$RecvWorker@765] - Interrupting SendWorker
2015-07-29 19:29:28,341 - WARN  [SendWorker:188978561024:QuorumCnxManager$SendWorker@679] - Interrupted while waiting for message on queue
2015-07-29 19:29:28,341 - WARN  [SendWorker:188978561024:QuorumCnxManager$SendWorker@688] - Send worker leaving thread
2015-07-29 19:29:31,271 - INFO  [/10.10.34.13:3888:QuorumCnxManager$Listener@493] - Received connection request /10.10.34.11:48308
2015-07-29 19:29:31,272 - WARN  [RecvWorker:188978561024:QuorumCnxManager$RecvWorker@762] - Connection broken for id 188978561024, my id = 3, error = 
2015-07-29 19:29:31,272 - WARN  [RecvWorker:188978561024:QuorumCnxManager$RecvWorker@765] - Interrupting SendWorker
2015-07-29 19:29:31,272 - WARN  [SendWorker:188978561024:QuorumCnxManager$SendWorker@679] - Interrupted while waiting for message on queue
2015-07-29 19:29:31,272 - WARN  [SendWorker:188978561024:QuorumCnxManager$SendWorker@688] - Send worker leaving thread
2015-07-29 19:29:31,272 - INFO  [/10.10.34.13:3888:QuorumCnxManager$Listener@493] - Received connection request /10.10.34.11:48310
2015-07-29 19:29:31,273 - WARN  [RecvWorker:188978561024:QuorumCnxManager$RecvWorker@762] - Connection broken for id 188978561024, my id = 3, error = 
2015-07-29 19:29:31,273 - WARN  [RecvWorker:188978561024:QuorumCnxManager$RecvWorker@765] - Interrupting SendWorker
2015-07-29 19:29:31,273 - WARN  [SendWorker:188978561024:QuorumCnxManager$SendWorker@679] - Interrupted while waiting for message on queue
2015-07-29 19:29:31,274 - WARN  [SendWorker:188978561024:QuorumCnxManager$SendWorker@688] - Send worker leaving thread
2015-07-29 19:29:31,274 - INFO  [/10.10.34.13:3888:QuorumCnxManager$Listener@493] - Received connection request /10.10.34.11:48313
2015-07-29 19:29:31,274 - WARN  [RecvWorker:188978561024:QuorumCnxManager$RecvWorker@762] - Connection broken for id 188978561024, my id = 3, error = 
2015-07-29 19:29:31,275 - WARN  [RecvWorker:188978561024:QuorumCnxManager$RecvWorker@765] - Interrupting SendWorker
2015-07-29 19:29:31,275 - WARN  [SendWorker:188978561024:QuorumCnxManager$SendWorker@679] - Interrupted while waiting for message on queue
2015-07-29 19:29:31,275 - INFO  [/10.10.34.13:3888:QuorumCnxManager$Listener@493] - Received connection request /10.10.34.11:48314
2015-07-29 19:29:31,275 - WARN  [SendWorker:188978561024:QuorumCnxManager$SendWorker@688] - Send worker leaving thread
2015-07-29 19:29:31,276 - WARN  [RecvWorker:188978561024:QuorumCnxManager$RecvWorker@762] - Connection broken for id 188978561024, my id = 3, error = 
2015-07-29 19:29:31,276 - WARN  [RecvWorker:188978561024:QuorumCnxManager$RecvWorker@765] - Interrupting SendWorker
2015-07-29 19:29:31,276 - WARN  [SendWorker:188978561024:QuorumCnxManager$SendWorker@679] - Interrupted while waiting for message on queue
2015-07-29 19:29:31,277 - WARN  [SendWorker:188978561024:QuorumCnxManager$SendWorker@688] - Send worker leaving thread
2015-07-29 19:29:31,370 - INFO  [/10.10.34.13:3888:QuorumCnxManager$Listener@493] - Received connection request /10.10.34.12:48563
2015-07-29 19:29:31,371 - WARN  [RecvWorker:188978561024:QuorumCnxManager$RecvWorker@762] - Connection broken for id 188978561024, my id = 3, error = 
2015-07-29 19:29:31,371 - WARN  [RecvWorker:188978561024:QuorumCnxManager$RecvWorker@765] - Interrupting SendWorker
2015-07-29 19:29:31,371 - WARN  [SendWorker:188978561024:QuorumCnxManager$SendWorker@679] - Interrupted while waiting for message on queue
2015-07-29 19:29:31,371 - WARN  [SendWorker:188978561024:QuorumCnxManager$SendWorker@688] - Send worker leaving thread
2015-07-29 19:29:31,372 - INFO  [/10.10.34.13:3888:QuorumCnxManager$Listener@493] - Received connection request /10.10.34.12:48566
2015-07-29 19:29:31,373 - WARN  [RecvWorker:188978561024:QuorumCnxManager$RecvWorker@762] - Connection broken for id 188978561024, my id = 3, error = 
2015-07-29 19:29:31,373 - WARN  [RecvWorker:188978561024:QuorumCnxManager$RecvWorker@765] - Interrupting SendWorker
2015-07-29 19:29:31,373 - WARN  [SendWorker:188978561024:QuorumCnxManager$SendWorker@679] - Interrupted while waiting for message on queue
2015-07-29 19:29:31,373 - WARN  [SendWorker:188978561024:QuorumCnxManager$SendWorker@688] - Send worker leaving thread
2015-07-29 19:29:31,375 - INFO  [/10.10.34.13:3888:QuorumCnxManager$Listener@493] - Received connection request /10.10.34.12:48568
2015-07-29 19:29:31,376 - WARN  [RecvWorker:188978561024:QuorumCnxManager$RecvWorker@762] - Connection broken for id 188978561024, my id = 3, error = 
2015-07-29 19:29:31,376 - WARN  [RecvWorker:188978561024:QuorumCnxManager$RecvWorker@765] - Interrupting SendWorker
2015-07-29 19:29:31,376 - WARN  [SendWorker:188978561024:QuorumCnxManager$SendWorker@679] - Interrupted while waiting for message on queue
2015-07-29 19:29:31,376 - WARN  [SendWorker:188978561024:QuorumCnxManager$SendWorker@688] - Send worker leaving thread
2015-07-29 19:29:31,376 - INFO  [/10.10.34.13:3888:QuorumCnxManager$Listener@493] - Received connection request /10.10.34.12:48570
2015-07-29 19:29:31,377 - WARN  [RecvWorker:188978561024:QuorumCnxManager$RecvWorker@762] - Connection broken for id 188978561024, my id = 3, error = 
2015-07-29 19:29:31,377 - WARN  [RecvWorker:188978561024:QuorumCnxManager$RecvWorker@765] - Interrupting SendWorker
2015-07-29 19:29:31,378 - WARN  [SendWorker:188978561024:QuorumCnxManager$SendWorker@679] - Interrupted while waiting for message on queue
2015-07-29 19:29:31,378 - WARN  [SendWorker:188978561024:QuorumCnxManager$SendWorker@688] - Send worker leaving thread
2015-07-29 19:29:31,479 - INFO  [/10.10.34.13:3888:QuorumCnxManager$Listener@493] - Received connection request /10.10.34.13:45837
2015-07-29 19:29:31,480 - INFO  [/10.10.34.13:3888:QuorumCnxManager$Listener@493] - Received connection request /10.10.34.13:45838
2015-07-29 19:29:31,480 - WARN  [RecvWorker:188978561024:QuorumCnxManager$RecvWorker@762] - Connection broken for id 188978561024, my id = 3, error = 
2015-07-29 19:29:31,480 - WARN  [RecvWorker:188978561024:QuorumCnxManager$RecvWorker@765] - Interrupting SendWorker
2015-07-29 19:29:31,480 - WARN  [SendWorker:188978561024:QuorumCnxManager$SendWorker@679] - Interrupted while waiting for message on queue
2015-07-29 19:29:31,481 - WARN  [RecvWorker:188978561024:QuorumCnxManager$RecvWorker@762] - Connection broken for id 188978561024, my id = 3, error = 
2015-07-29 19:29:31,481 - INFO  [/10.10.34.13:3888:QuorumCnxManager$Listener@493] - Received connection request /10.10.34.13:45841
2015-07-29 19:29:31,481 - WARN  [RecvWorker:188978561024:QuorumCnxManager$RecvWorker@765] - Interrupting SendWorker
2015-07-29 19:29:31,481 - WARN  [SendWorker:188978561024:QuorumCnxManager$SendWorker@688] - Send worker leaving thread
2015-07-29 19:29:31,481 - WARN  [SendWorker:188978561024:QuorumCnxManager$SendWorker@679] - Interrupted while waiting for message on queue
2015-07-29 19:29:31,481 - INFO  [/10.10.34.13:3888:QuorumCnxManager$Listener@493] - Received connection request /10.10.34.13:45842
2015-07-29 19:29:31,482 - WARN  [RecvWorker:188978561024:QuorumCnxManager$RecvWorker@762] - Connection broken for id 188978561024, my id = 3, error = 
2015-07-29 19:29:31,482 - WARN  [RecvWorker:188978561024:QuorumCnxManager$RecvWorker@765] - Interrupting SendWorker
2015-07-29 19:29:31,482 - WARN  [SendWorker:188978561024:QuorumCnxManager$SendWorker@688] - Send worker leaving thread
2015-07-29 19:29:31,482 - WARN  [RecvWorker:188978561024:QuorumCnxManager$RecvWorker@762] - Connection broken for id 188978561024, my id = 3, error = 
2015-07-29 19:29:31,482 - WARN  [RecvWorker:188978561024:QuorumCnxManager$RecvWorker@765] - Interrupting SendWorker
2015-07-29 19:29:31,482 - WARN  [SendWorker:188978561024:QuorumCnxManager$SendWorker@679] - Interrupted while waiting for message on queue
2015-07-29 19:29:31,483 - WARN  [SendWorker:188978561024:QuorumCnxManager$SendWorker@679] - Interrupted while waiting for message on queue
2015-07-29 19:29:31,483 - WARN  [SendWorker:188978561024:QuorumCnxManager$SendWorker@688] - Send worker leaving thread
2015-07-29 19:29:31,483 - WARN  [SendWorker:188978561024:QuorumCnxManager$SendWorker@688] - Send worker leaving thread
2015-07-29 19:29:31,680 - INFO  [/10.10.34.13:3888:QuorumCnxManager$Listener@493] - Received connection request /10.10.34.11:48318
2015-07-29 19:29:31,681 - WARN  [RecvWorker:188978561024:QuorumCnxManager$RecvWorker@762] - Connection broken for id 188978561024, my id = 3, error = 
2015-07-29 19:29:31,681 - WARN  [RecvWorker:188978561024:QuorumCnxManager$RecvWorker@765] - Interrupting SendWorker
2015-07-29 19:29:31,682 - WARN  [SendWorker:188978561024:QuorumCnxManager$SendWorker@679] - Interrupted while waiting for message on queue
2015-07-29 19:29:31,682 - WARN  [SendWorker:188978561024:QuorumCnxManager$SendWorker@688] - Send worker leaving thread
2015-07-29 19:29:34,612 - INFO  [/10.10.34.13:3888:QuorumCnxManager$Listener@493] - Received connection request /10.10.34.11:48324
2015-07-29 19:29:34,612 - WARN  [RecvWorker:188978561024:QuorumCnxManager$RecvWorker@762] - Connection broken for id 188978561024, my id = 3, error = 
2015-07-29 19:29:34,613 - WARN  [RecvWorker:188978561024:QuorumCnxManager$RecvWorker@765] - Interrupting SendWorker
2015-07-29 19:29:34,613 - WARN  [SendWorker:188978561024:QuorumCnxManager$SendWorker@679] - Interrupted while waiting for message on queue
2015-07-29 19:29:34,613 - WARN  [SendWorker:188978561024:QuorumCnxManager$SendWorker@688] - Send worker leaving thread
2015-07-29 19:29:34,613 - INFO  [/10.10.34.13:3888:QuorumCnxManager$Listener@493] - Received connection request /10.10.34.11:48326
2015-07-29 19:29:34,614 - WARN  [RecvWorker:188978561024:QuorumCnxManager$RecvWorker@762] - Connection broken for id 188978561024, my id = 3, error = 
2015-07-29 19:29:34,614 - WARN  [RecvWorker:188978561024:QuorumCnxManager$RecvWorker@765] - Interrupting SendWorker
2015-07-29 19:29:34,614 - WARN  [SendWorker:188978561024:QuorumCnxManager$SendWorker@679] - Interrupted while waiting for message on queue
2015-07-29 19:29:34,614 - WARN  [SendWorker:188978561024:QuorumCnxManager$SendWorker@688] - Send worker leaving thread
2015-07-29 19:29:34,614 - INFO  [/10.10.34.13:3888:QuorumCnxManager$Listener@493] - Received connection request /10.10.34.11:48327
2015-07-29 19:29:34,615 - WARN  [RecvWorker:188978561024:QuorumCnxManager$RecvWorker@762] - Connection broken for id 188978561024, my id = 3, error = 
2015-07-29 19:29:34,615 - WARN  [RecvWorker:188978561024:QuorumCnxManager$RecvWorker@765] - Interrupting SendWorker
2015-07-29 19:29:34,616 - WARN  [SendWorker:188978561024:QuorumCnxManager$SendWorker@679] - Interrupted while waiting for message on queue
2015-07-29 19:29:34,616 - WARN  [SendWorker:188978561024:QuorumCnxManager$SendWorker@688] - Send worker leaving thread
2015-07-29 19:29:34,616 - INFO  [/10.10.34.13:3888:QuorumCnxManager$Listener@493] - Received connection request /10.10.34.11:48329
2015-07-29 19:29:34,617 - WARN  [RecvWorker:188978561024:QuorumCnxManager$RecvWorker@762] - Connection broken for id 188978561024, my id = 3, error = 
2015-07-29 19:29:34,617 - WARN  [RecvWorker:188978561024:QuorumCnxManager$RecvWorker@765] - Interrupting SendWorker
2015-07-29 19:29:34,617 - WARN  [SendWorker:188978561024:QuorumCnxManager$SendWorker@679] - Interrupted while waiting for message on queue
2015-07-29 19:29:34,617 - WARN  [SendWorker:188978561024:QuorumCnxManager$SendWorker@688] - Send worker leaving thread
2015-07-29 19:29:34,711 - INFO  [/10.10.34.13:3888:QuorumCnxManager$Listener@493] - Received connection request /10.10.34.12:48575
2015-07-29 19:29:34,711 - WARN  [RecvWorker:188978561024:QuorumCnxManager$RecvWorker@762] - Connection broken for id 188978561024, my id = 3, error = 
2015-07-29 19:29:34,711 - WARN  [RecvWorker:188978561024:QuorumCnxManager$RecvWorker@765] - Interrupting SendWorker
2015-07-29 19:29:34,712 - WARN  [SendWorker:188978561024:QuorumCnxManager$SendWorker@679] - Interrupted while waiting for message on queue
2015-07-29 19:29:34,712 - WARN  [SendWorker:188978561024:QuorumCnxManager$SendWorker@688] - Send worker leaving thread
2015-07-29 19:29:34,712 - INFO  [/10.10.34.13:3888:QuorumCnxManager$Listener@493] - Received connection request /10.10.34.12:48578
2015-07-29 19:29:34,713 - INFO  [/10.10.34.13:3888:QuorumCnxManager$Listener@493] - Received connection request /10.10.34.12:48579
2015-07-29 19:29:34,713 - WARN  [RecvWorker:188978561024:QuorumCnxManager$RecvWorker@762] - Connection broken for id 188978561024, my id = 3, error = 
2015-07-29 19:29:34,713 - WARN  [RecvWorker:188978561024:QuorumCnxManager$RecvWorker@765] - Interrupting SendWorker
2015-07-29 19:29:34,713 - WARN  [SendWorker:188978561024:QuorumCnxManager$SendWorker@679] - Interrupted while waiting for message on queue
2015-07-29 19:29:34,714 - WARN  [RecvWorker:188978561024:QuorumCnxManager$RecvWorker@762] - Connection broken for id 188978561024, my id = 3, error = 
2015-07-29 19:29:34,714 - WARN  [RecvWorker:188978561024:QuorumCnxManager$RecvWorker@765] - Interrupting SendWorker
2015-07-29 19:29:34,714 - WARN  [SendWorker:188978561024:QuorumCnxManager$SendWorker@688] - Send worker leaving thread
2015-07-29 19:29:34,714 - WARN  [SendWorker:188978561024:QuorumCnxManager$SendWorker@679] - Interrupted while waiting for message on queue
2015-07-29 19:29:34,714 - WARN  [SendWorker:188978561024:QuorumCnxManager$SendWorker@688] - Send worker leaving thread
2015-07-29 19:29:34,717 - INFO  [/10.10.34.13:3888:QuorumCnxManager$Listener@493] - Received connection request /10.10.34.12:48584
2015-07-29 19:29:34,717 - WARN  [RecvWorker:188978561024:QuorumCnxManager$RecvWorker@762] - Connection broken for id 188978561024, my id = 3, error = 
2015-07-29 19:29:34,717 - WARN  [RecvWorker:188978561024:QuorumCnxManager$RecvWorker@765] - Interrupting SendWorker
2015-07-29 19:29:34,718 - WARN  [SendWorker:188978561024:QuorumCnxManager$SendWorker@679] - Interrupted while waiting for message on queue
2015-07-29 19:29:34,718 - WARN  [SendWorker:188978561024:QuorumCnxManager$SendWorker@688] - Send worker leaving thread
2015-07-29 19:29:34,819 - INFO  [/10.10.34.13:3888:QuorumCnxManager$Listener@493] - Received connection request /10.10.34.13:45848
2015-07-29 19:29:34,820 - INFO  [/10.10.34.13:3888:QuorumCnxManager$Listener@493] - Received connection request /10.10.34.13:45850
2015-07-29 19:29:34,820 - WARN  [RecvWorker:188978561024:QuorumCnxManager$RecvWorker@762] - Connection broken for id 188978561024, my id = 3, error = 
2015-07-29 19:29:34,820 - WARN  [RecvWorker:188978561024:QuorumCnxManager$RecvWorker@765] - Interrupting SendWorker
2015-07-29 19:29:34,820 - WARN  [SendWorker:188978561024:QuorumCnxManager$SendWorker@679] - Interrupted while waiting for message on queue
2015-07-29 19:29:34,820 - INFO  [/10.10.34.13:3888:QuorumCnxManager$Listener@493] - Received connection request /10.10.34.13:45852
2015-07-29 19:29:34,820 - WARN  [RecvWorker:188978561024:QuorumCnxManager$RecvWorker@762] - Connection broken for id 188978561024, my id = 3, error = 
2015-07-29 19:29:34,821 - WARN  [RecvWorker:188978561024:QuorumCnxManager$RecvWorker@765] - Interrupting SendWorker
2015-07-29 19:29:34,821 - WARN  [SendWorker:188978561024:QuorumCnxManager$SendWorker@679] - Interrupted while waiting for message on queue
2015-07-29 19:29:34,821 - WARN  [SendWorker:188978561024:QuorumCnxManager$SendWorker@688] - Send worker leaving thread
2015-07-29 19:29:34,821 - WARN  [SendWorker:188978561024:QuorumCnxManager$SendWorker@688] - Send worker leaving thread
2015-07-29 19:29:34,821 - WARN  [RecvWorker:188978561024:QuorumCnxManager$RecvWorker@762] - Connection broken for id 188978561024, my id = 3, error = 
2015-07-29 19:29:34,822 - WARN  [RecvWorker:188978561024:QuorumCnxManager$RecvWorker@765] - Interrupting SendWorker
2015-07-29 19:29:34,822 - WARN  [SendWorker:188978561024:QuorumCnxManager$SendWorker@679] - Interrupted while waiting for message on queue
2015-07-29 19:29:34,822 - WARN  [SendWorker:188978561024:QuorumCnxManager$SendWorker@688] - Send worker leaving thread
2015-07-29 19:29:34,822 - INFO  [/10.10.34.13:3888:QuorumCnxManager$Listener@493] - Received connection request /10.10.34.13:45857
2015-07-29 19:29:34,823 - WARN  [RecvWorker:188978561024:QuorumCnxManager$RecvWorker@762] - Connection broken for id 188978561024, my id = 3, error = 
2015-07-29 19:29:34,823 - WARN  [RecvWorker:188978561024:QuorumCnxManager$RecvWorker@765] - Interrupting SendWorker
2015-07-29 19:29:34,823 - WARN  [SendWorker:188978561024:QuorumCnxManager$SendWorker@679] - Interrupted while waiting for message on queue
2015-07-29 19:29:34,824 - WARN  [SendWorker:188978561024:QuorumCnxManager$SendWorker@688] - Send worker leaving thread
2015-07-29 19:29:35,021 - INFO  [/10.10.34.13:3888:QuorumCnxManager$Listener@493] - Received connection request /10.10.34.11:48333
2015-07-29 19:29:35,021 - WARN  [RecvWorker:188978561024:QuorumCnxManager$RecvWorker@762] - Connection broken for id 188978561024, my id = 3, error = 
2015-07-29 19:29:35,022 - WARN  [RecvWorker:188978561024:QuorumCnxManager$RecvWorker@765] - Interrupting SendWorker
2015-07-29 19:29:35,022 - WARN  [SendWorker:188978561024:QuorumCnxManager$SendWorker@679] - Interrupted while waiting for message on queue
2015-07-29 19:29:35,022 - WARN  [SendWorker:188978561024:QuorumCnxManager$SendWorker@688] - Send worker leaving thread
2015-07-29 19:29:37,952 - INFO  [/10.10.34.13:3888:QuorumCnxManager$Listener@493] - Received connection request /10.10.34.11:48338
2015-07-29 19:29:37,953 - WARN  [RecvWorker:188978561024:QuorumCnxManager$RecvWorker@762] - Connection broken for id 188978561024, my id = 3, error = 
2015-07-29 19:29:37,953 - WARN  [RecvWorker:188978561024:QuorumCnxManager$RecvWorker@765] - Interrupting SendWorker
2015-07-29 19:29:37,953 - WARN  [SendWorker:188978561024:QuorumCnxManager$SendWorker@679] - Interrupted while waiting for message on queue
2015-07-29 19:29:37,954 - WARN  [SendWorker:188978561024:QuorumCnxManager$SendWorker@688] - Send worker leaving thread
2015-07-29 19:29:37,954 - INFO  [/10.10.34.13:3888:QuorumCnxManager$Listener@493] - Received connection request /10.10.34.11:48340
2015-07-29 19:29:37,954 - WARN  [RecvWorker:188978561024:QuorumCnxManager$RecvWorker@762] - Connection broken for id 188978561024, my id = 3, error = 
2015-07-29 19:29:37,954 - WARN  [RecvWorker:188978561024:QuorumCnxManager$RecvWorker@765] - Interrupting SendWorker
2015-07-29 19:29:37,955 - WARN  [SendWorker:188978561024:QuorumCnxManager$SendWorker@679] - Interrupted while waiting for message on queue
2015-07-29 19:29:37,955 - WARN  [SendWorker:188978561024:QuorumCnxManager$SendWorker@688] - Send worker leaving thread
2015-07-29 19:29:37,955 - INFO  [/10.10.34.13:3888:QuorumCnxManager$Listener@493] - Received connection request /10.10.34.11:48342
2015-07-29 19:29:37,956 - WARN  [RecvWorker:188978561024:QuorumCnxManager$RecvWorker@762] - Connection broken for id 188978561024, my id = 3, error = 
2015-07-29 19:29:37,956 - WARN  [RecvWorker:188978561024:QuorumCnxManager$RecvWorker@765] - Interrupting SendWorker
2015-07-29 19:29:37,956 - WARN  [SendWorker:188978561024:QuorumCnxManager$SendWorker@679] - Interrupted while waiting for message on queue
2015-07-29 19:29:37,956 - WARN  [SendWorker:188978561024:QuorumCnxManager$SendWorker@688] - Send worker leaving thread
2015-07-29 19:29:37,956 - INFO  [/10.10.34.13:3888:QuorumCnxManager$Listener@493] - Received connection request /10.10.34.11:48344
2015-07-29 19:29:37,957 - WARN  [RecvWorker:188978561024:QuorumCnxManager$RecvWorker@762] - Connection broken for id 188978561024, my id = 3, error = 
2015-07-29 19:29:37,957 - WARN  [RecvWorker:188978561024:QuorumCnxManager$RecvWorker@765] - Interrupting SendWorker
2015-07-29 19:29:37,958 - WARN  [SendWorker:188978561024:QuorumCnxManager$SendWorker@679] - Interrupted while waiting for message on queue
2015-07-29 19:29:37,958 - WARN  [SendWorker:188978561024:QuorumCnxManager$SendWorker@688] - Send worker leaving thread
2015-07-29 19:29:38,051 - INFO  [/10.10.34.13:3888:QuorumCnxManager$Listener@493] - Received connection request /10.10.34.12:48587
2015-07-29 19:29:38,052 - WARN  [RecvWorker:188978561024:QuorumCnxManager$RecvWorker@762] - Connection broken for id 188978561024, my id = 3, error = 
2015-07-29 19:29:38,052 - WARN  [RecvWorker:188978561024:QuorumCnxManager$RecvWorker@765] - Interrupting SendWorker
2015-07-29 19:29:38,052 - WARN  [SendWorker:188978561024:QuorumCnxManager$SendWorker@679] - Interrupted while waiting for message on queue
2015-07-29 19:29:38,053 - WARN  [SendWorker:188978561024:QuorumCnxManager$SendWorker@688] - Send worker leaving thread
2015-07-29 19:29:38,053 - INFO  [/10.10.34.13:3888:QuorumCnxManager$Listener@493] - Received connection request /10.10.34.12:48591
2015-07-29 19:29:38,054 - WARN  [RecvWorker:188978561024:QuorumCnxManager$RecvWorker@762] - Connection broken for id 188978561024, my id = 3, error = 
2015-07-29 19:29:38,054 - WARN  [RecvWorker:188978561024:QuorumCnxManager$RecvWorker@765] - Interrupting SendWorker
2015-07-29 19:29:38,054 - INFO  [/10.10.34.13:3888:QuorumCnxManager$Listener@493] - Received connection request /10.10.34.12:48593
2015-07-29 19:29:38,054 - WARN  [SendWorker:188978561024:QuorumCnxManager$SendWorker@679] - Interrupted while waiting for message on queue
2015-07-29 19:29:38,054 - WARN  [SendWorker:188978561024:QuorumCnxManager$SendWorker@688] - Send worker leaving thread
2015-07-29 19:29:38,055 - WARN  [RecvWorker:188978561024:QuorumCnxManager$RecvWorker@762] - Connection broken for id 188978561024, my id = 3, error = 
2015-07-29 19:29:38,055 - WARN  [RecvWorker:188978561024:QuorumCnxManager$RecvWorker@765] - Interrupting SendWorker
2015-07-29 19:29:38,055 - INFO  [/10.10.34.13:3888:QuorumCnxManager$Listener@493] - Received connection request /10.10.34.12:48594
2015-07-29 19:29:38,055 - WARN  [SendWorker:188978561024:QuorumCnxManager$SendWorker@679] - Interrupted while waiting for message on queue
2015-07-29 19:29:38,055 - WARN  [SendWorker:188978561024:QuorumCnxManager$SendWorker@688] - Send worker leaving thread
2015-07-29 19:29:38,056 - WARN  [RecvWorker:188978561024:QuorumCnxManager$RecvWorker@762] - Connection broken for id 188978561024, my id = 3, error = 
2015-07-29 19:29:38,056 - WARN  [RecvWorker:188978561024:QuorumCnxManager$RecvWorker@765] - Interrupting SendWorker
2015-07-29 19:29:38,056 - WARN  [SendWorker:188978561024:QuorumCnxManager$SendWorker@679] - Interrupted while waiting for message on queue
2015-07-29 19:29:38,056 - WARN  [SendWorker:188978561024:QuorumCnxManager$SendWorker@688] - Send worker leaving thread
2015-07-29 19:29:38,159 - INFO  [/10.10.34.13:3888:QuorumCnxManager$Listener@493] - Received connection request /10.10.34.13:45858
2015-07-29 19:29:38,160 - WARN  [RecvWorker:188978561024:QuorumCnxManager$RecvWorker@762] - Connection broken for id 188978561024, my id = 3, error = 
2015-07-29 19:29:38,160 - WARN  [RecvWorker:188978561024:QuorumCnxManager$RecvWorker@765] - Interrupting SendWorker
2015-07-29 19:29:38,160 - WARN  [SendWorker:188978561024:QuorumCnxManager$SendWorker@679] - Interrupted while waiting for message on queue
2015-07-29 19:29:38,161 - WARN  [SendWorker:188978561024:QuorumCnxManager$SendWorker@688] - Send worker leaving thread
2015-07-29 19:29:38,161 - INFO  [/10.10.34.13:3888:QuorumCnxManager$Listener@493] - Received connection request /10.10.34.13:45864
2015-07-29 19:29:38,162 - WARN  [RecvWorker:188978561024:QuorumCnxManager$RecvWorker@762] - Connection broken for id 188978561024, my id = 3, error = 
2015-07-29 19:29:38,162 - WARN  [RecvWorker:188978561024:QuorumCnxManager$RecvWorker@765] - Interrupting SendWorker
2015-07-29 19:29:38,162 - INFO  [/10.10.34.13:3888:QuorumCnxManager$Listener@493] - Received connection request /10.10.34.13:45866
2015-07-29 19:29:38,162 - WARN  [SendWorker:188978561024:QuorumCnxManager$SendWorker@679] - Interrupted while waiting for message on queue
2015-07-29 19:29:38,163 - WARN  [SendWorker:188978561024:QuorumCnxManager$SendWorker@688] - Send worker leaving thread
2015-07-29 19:29:38,163 - WARN  [RecvWorker:188978561024:QuorumCnxManager$RecvWorker@762] - Connection broken for id 188978561024, my id = 3, error = 
2015-07-29 19:29:38,163 - WARN  [RecvWorker:188978561024:QuorumCnxManager$RecvWorker@765] - Interrupting SendWorker
2015-07-29 19:29:38,163 - INFO  [/10.10.34.13:3888:QuorumCnxManager$Listener@493] - Received connection request /10.10.34.13:45868
2015-07-29 19:29:38,163 - WARN  [SendWorker:188978561024:QuorumCnxManager$SendWorker@679] - Interrupted while waiting for message on queue
2015-07-29 19:29:38,164 - WARN  [SendWorker:188978561024:QuorumCnxManager$SendWorker@688] - Send worker leaving thread
2015-07-29 19:29:38,164 - WARN  [RecvWorker:188978561024:QuorumCnxManager$RecvWorker@762] - Connection broken for id 188978561024, my id = 3, error = 
2015-07-29 19:29:38,164 - WARN  [RecvWorker:188978561024:QuorumCnxManager$RecvWorker@765] - Interrupting SendWorker
2015-07-29 19:29:38,164 - WARN  [SendWorker:188978561024:QuorumCnxManager$SendWorker@679] - Interrupted while waiting for message on queue
2015-07-29 19:29:38,164 - WARN  [SendWorker:188978561024:QuorumCnxManager$SendWorker@688] - Send worker leaving thread
2015-07-29 19:29:38,361 - INFO  [/10.10.34.13:3888:QuorumCnxManager$Listener@493] - Received connection request /10.10.34.11:48348
2015-07-29 19:29:38,362 - WARN  [RecvWorker:188978561024:QuorumCnxManager$RecvWorker@762] - Connection broken for id 188978561024, my id = 3, error = 
2015-07-29 19:29:38,362 - WARN  [RecvWorker:188978561024:QuorumCnxManager$RecvWorker@765] - Interrupting SendWorker
2015-07-29 19:29:38,363 - WARN  [SendWorker:188978561024:QuorumCnxManager$SendWorker@679] - Interrupted while waiting for message on queue
2015-07-29 19:29:38,363 - WARN  [SendWorker:188978561024:QuorumCnxManager$SendWorker@688] - Send worker leaving thread
2015-07-29 19:29:41,293 - INFO  [/10.10.34.13:3888:QuorumCnxManager$Listener@493] - Received connection request /10.10.34.11:48354
2015-07-29 19:29:41,294 - WARN  [RecvWorker:188978561024:QuorumCnxManager$RecvWorker@762] - Connection broken for id 188978561024, my id = 3, error = 
2015-07-29 19:29:41,294 - WARN  [RecvWorker:188978561024:QuorumCnxManager$RecvWorker@765] - Interrupting SendWorker
2015-07-29 19:29:41,294 - WARN  [SendWorker:188978561024:QuorumCnxManager$SendWorker@679] - Interrupted while waiting for message on queue
2015-07-29 19:29:41,294 - WARN  [SendWorker:188978561024:QuorumCnxManager$SendWorker@688] - Send worker leaving thread
2015-07-29 19:29:41,294 - INFO  [/10.10.34.13:3888:QuorumCnxManager$Listener@493] - Received connection request /10.10.34.11:48355
2015-07-29 19:29:41,295 - WARN  [RecvWorker:188978561024:QuorumCnxManager$RecvWorker@762] - Connection broken for id 188978561024, my id = 3, error = 
2015-07-29 19:29:41,295 - WARN  [RecvWorker:188978561024:QuorumCnxManager$RecvWorker@765] - Interrupting SendWorker
2015-07-29 19:29:41,295 - WARN  [SendWorker:188978561024:QuorumCnxManager$SendWorker@679] - Interrupted while waiting for message on queue
2015-07-29 19:29:41,296 - WARN  [SendWorker:188978561024:QuorumCnxManager$SendWorker@688] - Send worker leaving thread
2015-07-29 19:29:41,296 - INFO  [/10.10.34.13:3888:QuorumCnxManager$Listener@493] - Received connection request /10.10.34.11:48357
2015-07-29 19:29:41,296 - WARN  [RecvWorker:188978561024:QuorumCnxManager$RecvWorker@762] - Connection broken for id 188978561024, my id = 3, error = 
2015-07-29 19:29:41,297 - WARN  [RecvWorker:188978561024:QuorumCnxManager$RecvWorker@765] - Interrupting SendWorker
2015-07-29 19:29:41,297 - INFO  [/10.10.34.13:3888:QuorumCnxManager$Listener@493] - Received connection request /10.10.34.11:48359
2015-07-29 19:29:41,297 - WARN  [SendWorker:188978561024:QuorumCnxManager$SendWorker@679] - Interrupted while waiting for message on queue
2015-07-29 19:29:41,297 - WARN  [SendWorker:188978561024:QuorumCnxManager$SendWorker@688] - Send worker leaving thread
2015-07-29 19:29:41,297 - WARN  [RecvWorker:188978561024:QuorumCnxManager$RecvWorker@762] - Connection broken for id 188978561024, my id = 3, error = 
2015-07-29 19:29:41,298 - WARN  [RecvWorker:188978561024:QuorumCnxManager$RecvWorker@765] - Interrupting SendWorker
2015-07-29 19:29:41,298 - WARN  [SendWorker:188978561024:QuorumCnxManager$SendWorker@679] - Interrupted while waiting for message on queue
2015-07-29 19:29:41,298 - WARN  [SendWorker:188978561024:QuorumCnxManager$SendWorker@688] - Send worker leaving thread
2015-07-29 19:29:41,391 - INFO  [/10.10.34.13:3888:QuorumCnxManager$Listener@493] - Received connection request /10.10.34.12:48599
2015-07-29 19:29:41,392 - WARN  [RecvWorker:188978561024:QuorumCnxManager$RecvWorker@762] - Connection broken for id 188978561024, my id = 3, error = 
2015-07-29 19:29:41,392 - WARN  [RecvWorker:188978561024:QuorumCnxManager$RecvWorker@765] - Interrupting SendWorker
2015-07-29 19:29:41,392 - WARN  [SendWorker:188978561024:QuorumCnxManager$SendWorker@679] - Interrupted while waiting for message on queue
2015-07-29 19:29:41,393 - WARN  [SendWorker:188978561024:QuorumCnxManager$SendWorker@688] - Send worker leaving thread
2015-07-29 19:29:41,393 - INFO  [/10.10.34.13:3888:QuorumCnxManager$Listener@493] - Received connection request /10.10.34.12:48602
2015-07-29 19:29:41,394 - WARN  [RecvWorker:188978561024:QuorumCnxManager$RecvWorker@762] - Connection broken for id 188978561024, my id = 3, error = 
2015-07-29 19:29:41,394 - WARN  [RecvWorker:188978561024:QuorumCnxManager$RecvWorker@765] - Interrupting SendWorker
2015-07-29 19:29:41,394 - INFO  [/10.10.34.13:3888:QuorumCnxManager$Listener@493] - Received connection request /10.10.34.12:48604
2015-07-29 19:29:41,395 - WARN  [SendWorker:188978561024:QuorumCnxManager$SendWorker@679] - Interrupted while waiting for message on queue
2015-07-29 19:29:41,395 - WARN  [SendWorker:188978561024:QuorumCnxManager$SendWorker@688] - Send worker leaving thread
2015-07-29 19:29:41,395 - WARN  [RecvWorker:188978561024:QuorumCnxManager$RecvWorker@762] - Connection broken for id 188978561024, my id = 3, error = 
2015-07-29 19:29:41,395 - WARN  [RecvWorker:188978561024:QuorumCnxManager$RecvWorker@765] - Interrupting SendWorker
2015-07-29 19:29:41,395 - WARN  [SendWorker:188978561024:QuorumCnxManager$SendWorker@679] - Interrupted while waiting for message on queue
2015-07-29 19:29:41,396 - WARN  [SendWorker:188978561024:QuorumCnxManager$SendWorker@688] - Send worker leaving thread
2015-07-29 19:29:41,396 - INFO  [/10.10.34.13:3888:QuorumCnxManager$Listener@493] - Received connection request /10.10.34.12:48606
2015-07-29 19:29:41,396 - WARN  [RecvWorker:188978561024:QuorumCnxManager$RecvWorker@762] - Connection broken for id 188978561024, my id = 3, error = 
2015-07-29 19:29:41,397 - WARN  [RecvWorker:188978561024:QuorumCnxManager$RecvWorker@765] - Interrupting SendWorker
2015-07-29 19:29:41,397 - WARN  [SendWorker:188978561024:QuorumCnxManager$SendWorker@679] - Interrupted while waiting for message on queue
2015-07-29 19:29:41,397 - WARN  [SendWorker:188978561024:QuorumCnxManager$SendWorker@688] - Send worker leaving thread
2015-07-29 19:29:41,500 - INFO  [/10.10.34.13:3888:QuorumCnxManager$Listener@493] - Received connection request /10.10.34.13:45870
2015-07-29 19:29:41,500 - WARN  [RecvWorker:188978561024:QuorumCnxManager$RecvWorker@762] - Connection broken for id 188978561024, my id = 3, error = 
2015-07-29 19:29:41,501 - WARN  [RecvWorker:188978561024:QuorumCnxManager$RecvWorker@765] - Interrupting SendWorker
2015-07-29 19:29:41,501 - WARN  [SendWorker:188978561024:QuorumCnxManager$SendWorker@679] - Interrupted while waiting for message on queue
2015-07-29 19:29:41,501 - WARN  [SendWorker:188978561024:QuorumCnxManager$SendWorker@688] - Send worker leaving thread
2015-07-29 19:29:41,502 - INFO  [/10.10.34.13:3888:QuorumCnxManager$Listener@493] - Received connection request /10.10.34.13:45875
2015-07-29 19:29:41,502 - WARN  [RecvWorker:188978561024:QuorumCnxManager$RecvWorker@762] - Connection broken for id 188978561024, my id = 3, error = 
2015-07-29 19:29:41,503 - WARN  [RecvWorker:188978561024:QuorumCnxManager$RecvWorker@765] - Interrupting SendWorker
2015-07-29 19:29:41,503 - INFO  [/10.10.34.13:3888:QuorumCnxManager$Listener@493] - Received connection request /10.10.34.13:45878
2015-07-29 19:29:41,503 - WARN  [SendWorker:188978561024:QuorumCnxManager$SendWorker@679] - Interrupted while waiting for message on queue
2015-07-29 19:29:41,503 - WARN  [SendWorker:188978561024:QuorumCnxManager$SendWorker@688] - Send worker leaving thread
2015-07-29 19:29:41,503 - INFO  [/10.10.34.13:3888:QuorumCnxManager$Listener@493] - Received connection request /10.10.34.13:45880
2015-07-29 19:29:41,504 - WARN  [RecvWorker:188978561024:QuorumCnxManager$RecvWorker@762] - Connection broken for id 188978561024, my id = 3, error = 
2015-07-29 19:29:41,504 - WARN  [RecvWorker:188978561024:QuorumCnxManager$RecvWorker@765] - Interrupting SendWorker
2015-07-29 19:29:41,504 - WARN  [SendWorker:188978561024:QuorumCnxManager$SendWorker@679] - Interrupted while waiting for message on queue
2015-07-29 19:29:41,504 - WARN  [SendWorker:188978561024:QuorumCnxManager$SendWorker@688] - Send worker leaving thread
2015-07-29 19:29:41,504 - WARN  [RecvWorker:188978561024:QuorumCnxManager$RecvWorker@762] - Connection broken for id 188978561024, my id = 3, error = 
2015-07-29 19:29:41,505 - WARN  [RecvWorker:188978561024:QuorumCnxManager$RecvWorker@765] - Interrupting SendWorker
2015-07-29 19:29:41,505 - WARN  [SendWorker:188978561024:QuorumCnxManager$SendWorker@679] - Interrupted while waiting for message on queue
2015-07-29 19:29:41,505 - WARN  [SendWorker:188978561024:QuorumCnxManager$SendWorker@688] - Send worker leaving thread
2015-07-29 19:29:41,702 - INFO  [/10.10.34.13:3888:QuorumCnxManager$Listener@493] - Received connection request /10.10.34.11:48363
2015-07-29 19:29:41,703 - WARN  [RecvWorker:188978561024:QuorumCnxManager$RecvWorker@762] - Connection broken for id 188978561024, my id = 3, error = 
2015-07-29 19:29:41,703 - WARN  [RecvWorker:188978561024:QuorumCnxManager$RecvWorker@765] - Interrupting SendWorker
2015-07-29 19:29:41,703 - WARN  [SendWorker:188978561024:QuorumCnxManager$SendWorker@679] - Interrupted while waiting for message on queue
2015-07-29 19:29:41,704 - WARN  [SendWorker:188978561024:QuorumCnxManager$SendWorker@688] - Send worker leaving thread
2015-07-29 19:29:44,634 - INFO  [/10.10.34.13:3888:QuorumCnxManager$Listener@493] - Received connection request /10.10.34.11:48369
2015-07-29 19:29:44,634 - WARN  [RecvWorker:188978561024:QuorumCnxManager$RecvWorker@762] - Connection broken for id 188978561024, my id = 3, error = 
2015-07-29 19:29:44,634 - WARN  [RecvWorker:188978561024:QuorumCnxManager$RecvWorker@765] - Interrupting SendWorker
2015-07-29 19:29:44,635 - INFO  [/10.10.34.13:3888:QuorumCnxManager$Listener@493] - Received connection request /10.10.34.11:48371
2015-07-29 19:29:44,635 - WARN  [SendWorker:188978561024:QuorumCnxManager$SendWorker@679] - Interrupted while waiting for message on queue
2015-07-29 19:29:44,635 - WARN  [SendWorker:188978561024:QuorumCnxManager$SendWorker@688] - Send worker leaving thread
2015-07-29 19:29:44,635 - WARN  [RecvWorker:188978561024:QuorumCnxManager$RecvWorker@762] - Connection broken for id 188978561024, my id = 3, error = 
2015-07-29 19:29:44,636 - WARN  [RecvWorker:188978561024:QuorumCnxManager$RecvWorker@765] - Interrupting SendWorker
2015-07-29 19:29:44,636 - WARN  [SendWorker:188978561024:QuorumCnxManager$SendWorker@679] - Interrupted while waiting for message on queue
2015-07-29 19:29:44,636 - WARN  [SendWorker:188978561024:QuorumCnxManager$SendWorker@688] - Send worker leaving thread
2015-07-29 19:29:44,636 - INFO  [/10.10.34.13:3888:QuorumCnxManager$Listener@493] - Received connection request /10.10.34.11:48373
2015-07-29 19:29:44,637 - WARN  [RecvWorker:188978561024:QuorumCnxManager$RecvWorker@762] - Connection broken for id 188978561024, my id = 3, error = 
2015-07-29 19:29:44,637 - WARN  [RecvWorker:188978561024:QuorumCnxManager$RecvWorker@765] - Interrupting SendWorker
2015-07-29 19:29:44,641 - INFO  [/10.10.34.13:3888:QuorumCnxManager$Listener@493] - Received connection request /10.10.34.11:48375
2015-07-29 19:29:44,641 - WARN  [SendWorker:188978561024:QuorumCnxManager$SendWorker@679] - Interrupted while waiting for message on queue
2015-07-29 19:29:44,641 - WARN  [SendWorker:188978561024:QuorumCnxManager$SendWorker@688] - Send worker leaving thread
2015-07-29 19:29:44,641 - WARN  [RecvWorker:188978561024:QuorumCnxManager$RecvWorker@762] - Connection broken for id 188978561024, my id = 3, error = 
2015-07-29 19:29:44,642 - WARN  [RecvWorker:188978561024:QuorumCnxManager$RecvWorker@765] - Interrupting SendWorker
2015-07-29 19:29:44,642 - WARN  [SendWorker:188978561024:QuorumCnxManager$SendWorker@679] - Interrupted while waiting for message on queue
2015-07-29 19:29:44,642 - WARN  [SendWorker:188978561024:QuorumCnxManager$SendWorker@688] - Send worker leaving thread
2015-07-29 19:29:44,732 - INFO  [/10.10.34.13:3888:QuorumCnxManager$Listener@493] - Received connection request /10.10.34.12:48611
2015-07-29 19:29:44,733 - WARN  [RecvWorker:188978561024:QuorumCnxManager$RecvWorker@762] - Connection broken for id 188978561024, my id = 3, error = 
2015-07-29 19:29:44,733 - WARN  [RecvWorker:188978561024:QuorumCnxManager$RecvWorker@765] - Interrupting SendWorker
2015-07-29 19:29:44,733 - WARN  [SendWorker:188978561024:QuorumCnxManager$SendWorker@679] - Interrupted while waiting for message on queue
2015-07-29 19:29:44,734 - WARN  [SendWorker:188978561024:QuorumCnxManager$SendWorker@688] - Send worker leaving thread
2015-07-29 19:29:44,734 - INFO  [/10.10.34.13:3888:QuorumCnxManager$Listener@493] - Received connection request /10.10.34.12:48615
2015-07-29 19:29:44,734 - INFO  [/10.10.34.13:3888:QuorumCnxManager$Listener@493] - Received connection request /10.10.34.12:48616
2015-07-29 19:29:44,734 - WARN  [RecvWorker:188978561024:QuorumCnxManager$RecvWorker@762] - Connection broken for id 188978561024, my id = 3, error = 
2015-07-29 19:29:44,735 - WARN  [RecvWorker:188978561024:QuorumCnxManager$RecvWorker@765] - Interrupting SendWorker
2015-07-29 19:29:44,735 - WARN  [SendWorker:188978561024:QuorumCnxManager$SendWorker@679] - Interrupted while waiting for message on queue
2015-07-29 19:29:44,735 - WARN  [SendWorker:188978561024:QuorumCnxManager$SendWorker@688] - Send worker leaving thread
2015-07-29 19:29:44,735 - WARN  [RecvWorker:188978561024:QuorumCnxManager$RecvWorker@762] - Connection broken for id 188978561024, my id = 3, error = 
2015-07-29 19:29:44,735 - WARN  [RecvWorker:188978561024:QuorumCnxManager$RecvWorker@765] - Interrupting SendWorker
2015-07-29 19:29:44,735 - INFO  [/10.10.34.13:3888:QuorumCnxManager$Listener@493] - Received connection request /10.10.34.12:48617
2015-07-29 19:29:44,736 - WARN  [SendWorker:188978561024:QuorumCnxManager$SendWorker@679] - Interrupted while waiting for message on queue
2015-07-29 19:29:44,736 - WARN  [SendWorker:188978561024:QuorumCnxManager$SendWorker@688] - Send worker leaving thread
2015-07-29 19:29:44,736 - WARN  [RecvWorker:188978561024:QuorumCnxManager$RecvWorker@762] - Connection broken for id 188978561024, my id = 3, error = 
2015-07-29 19:29:44,736 - WARN  [RecvWorker:188978561024:QuorumCnxManager$RecvWorker@765] - Interrupting SendWorker
2015-07-29 19:29:44,736 - WARN  [SendWorker:188978561024:QuorumCnxManager$SendWorker@679] - Interrupted while waiting for message on queue
2015-07-29 19:29:44,737 - WARN  [SendWorker:188978561024:QuorumCnxManager$SendWorker@688] - Send worker leaving thread
2015-07-29 19:29:44,841 - INFO  [/10.10.34.13:3888:QuorumCnxManager$Listener@493] - Received connection request /10.10.34.13:45882
2015-07-29 19:29:44,841 - WARN  [RecvWorker:188978561024:QuorumCnxManager$RecvWorker@762] - Connection broken for id 188978561024, my id = 3, error = 
2015-07-29 19:29:44,842 - WARN  [RecvWorker:188978561024:QuorumCnxManager$RecvWorker@765] - Interrupting SendWorker
2015-07-29 19:29:44,842 - WARN  [SendWorker:188978561024:QuorumCnxManager$SendWorker@679] - Interrupted while waiting for message on queue
2015-07-29 19:29:44,842 - WARN  [SendWorker:188978561024:QuorumCnxManager$SendWorker@688] - Send worker leaving thread
2015-07-29 19:29:44,843 - INFO  [/10.10.34.13:3888:QuorumCnxManager$Listener@493] - Received connection request /10.10.34.13:45888
2015-07-29 19:29:44,843 - WARN  [RecvWorker:188978561024:QuorumCnxManager$RecvWorker@762] - Connection broken for id 188978561024, my id = 3, error = 
2015-07-29 19:29:44,843 - WARN  [RecvWorker:188978561024:QuorumCnxManager$RecvWorker@765] - Interrupting SendWorker
2015-07-29 19:29:44,843 - INFO  [/10.10.34.13:3888:QuorumCnxManager$Listener@493] - Received connection request /10.10.34.13:45889
2015-07-29 19:29:44,844 - WARN  [SendWorker:188978561024:QuorumCnxManager$SendWorker@679] - Interrupted while waiting for message on queue
2015-07-29 19:29:44,844 - WARN  [SendWorker:188978561024:QuorumCnxManager$SendWorker@688] - Send worker leaving thread
2015-07-29 19:29:44,844 - INFO  [/10.10.34.13:3888:QuorumCnxManager$Listener@493] - Received connection request /10.10.34.13:45892
2015-07-29 19:29:44,844 - WARN  [RecvWorker:188978561024:QuorumCnxManager$RecvWorker@762] - Connection broken for id 188978561024, my id = 3, error = 
2015-07-29 19:29:44,844 - WARN  [RecvWorker:188978561024:QuorumCnxManager$RecvWorker@765] - Interrupting SendWorker
2015-07-29 19:29:44,844 - WARN  [SendWorker:188978561024:QuorumCnxManager$SendWorker@679] - Interrupted while waiting for message on queue
2015-07-29 19:29:44,845 - WARN  [SendWorker:188978561024:QuorumCnxManager$SendWorker@688] - Send worker leaving thread
2015-07-29 19:29:44,845 - WARN  [RecvWorker:188978561024:QuorumCnxManager$RecvWorker@762] - Connection broken for id 188978561024, my id = 3, error = 
2015-07-29 19:29:44,845 - WARN  [RecvWorker:188978561024:QuorumCnxManager$RecvWorker@765] - Interrupting SendWorker
2015-07-29 19:29:44,845 - WARN  [SendWorker:188978561024:QuorumCnxManager$SendWorker@679] - Interrupted while waiting for message on queue
2015-07-29 19:29:44,846 - WARN  [SendWorker:188978561024:QuorumCnxManager$SendWorker@688] - Send worker leaving thread
2015-07-29 19:29:47,974 - INFO  [/10.10.34.13:3888:QuorumCnxManager$Listener@493] - Received connection request /10.10.34.11:48381
2015-07-29 19:29:47,975 - WARN  [RecvWorker:188978561024:QuorumCnxManager$RecvWorker@762] - Connection broken for id 188978561024, my id = 3, error = 
2015-07-29 19:29:47,975 - WARN  [RecvWorker:188978561024:QuorumCnxManager$RecvWorker@765] - Interrupting SendWorker
2015-07-29 19:29:47,975 - INFO  [/10.10.34.13:3888:QuorumCnxManager$Listener@493] - Received connection request /10.10.34.11:48382
2015-07-29 19:29:47,975 - WARN  [SendWorker:188978561024:QuorumCnxManager$SendWorker@679] - Interrupted while waiting for message on queue
2015-07-29 19:29:47,975 - WARN  [SendWorker:188978561024:QuorumCnxManager$SendWorker@688] - Send worker leaving thread
2015-07-29 19:29:47,976 - WARN  [RecvWorker:188978561024:QuorumCnxManager$RecvWorker@762] - Connection broken for id 188978561024, my id = 3, error = 
2015-07-29 19:29:47,976 - WARN  [RecvWorker:188978561024:QuorumCnxManager$RecvWorker@765] - Interrupting SendWorker
2015-07-29 19:29:47,976 - WARN  [SendWorker:188978561024:QuorumCnxManager$SendWorker@679] - Interrupted while waiting for message on queue
2015-07-29 19:29:47,976 - WARN  [SendWorker:188978561024:QuorumCnxManager$SendWorker@688] - Send worker leaving thread
2015-07-29 19:29:47,979 - INFO  [/10.10.34.13:3888:QuorumCnxManager$Listener@493] - Received connection request /10.10.34.11:48384
2015-07-29 19:29:47,980 - WARN  [RecvWorker:188978561024:QuorumCnxManager$RecvWorker@762] - Connection broken for id 188978561024, my id = 3, error = 
2015-07-29 19:29:47,980 - WARN  [RecvWorker:188978561024:QuorumCnxManager$RecvWorker@765] - Interrupting SendWorker
2015-07-29 19:29:47,980 - WARN  [SendWorker:188978561024:QuorumCnxManager$SendWorker@679] - Interrupted while waiting for message on queue
2015-07-29 19:29:47,980 - WARN  [SendWorker:188978561024:QuorumCnxManager$SendWorker@688] - Send worker leaving thread
2015-07-29 19:29:47,981 - INFO  [/10.10.34.13:3888:QuorumCnxManager$Listener@493] - Received connection request /10.10.34.11:48387
2015-07-29 19:29:47,982 - WARN  [RecvWorker:188978561024:QuorumCnxManager$RecvWorker@762] - Connection broken for id 188978561024, my id = 3, error = 
2015-07-29 19:29:47,982 - WARN  [RecvWorker:188978561024:QuorumCnxManager$RecvWorker@765] - Interrupting SendWorker
2015-07-29 19:29:47,982 - WARN  [SendWorker:188978561024:QuorumCnxManager$SendWorker@679] - Interrupted while waiting for message on queue
2015-07-29 19:29:47,982 - WARN  [SendWorker:188978561024:QuorumCnxManager$SendWorker@688] - Send worker leaving thread
2015-07-29 19:29:48,073 - INFO  [/10.10.34.13:3888:QuorumCnxManager$Listener@493] - Received connection request /10.10.34.12:48624
2015-07-29 19:29:48,074 - INFO  [/10.10.34.13:3888:QuorumCnxManager$Listener@493] - Received connection request /10.10.34.12:48625
2015-07-29 19:29:48,074 - WARN  [RecvWorker:188978561024:QuorumCnxManager$RecvWorker@762] - Connection broken for id 188978561024, my id = 3, error = 
2015-07-29 19:29:48,074 - WARN  [RecvWorker:188978561024:QuorumCnxManager$RecvWorker@765] - Interrupting SendWorker
2015-07-29 19:29:48,074 - WARN  [SendWorker:188978561024:QuorumCnxManager$SendWorker@679] - Interrupted while waiting for message on queue
2015-07-29 19:29:48,075 - WARN  [SendWorker:188978561024:QuorumCnxManager$SendWorker@688] - Send worker leaving thread
2015-07-29 19:29:48,075 - WARN  [RecvWorker:188978561024:QuorumCnxManager$RecvWorker@762] - Connection broken for id 188978561024, my id = 3, error = 
2015-07-29 19:29:48,075 - WARN  [RecvWorker:188978561024:QuorumCnxManager$RecvWorker@765] - Interrupting SendWorker
2015-07-29 19:29:48,075 - INFO  [/10.10.34.13:3888:QuorumCnxManager$Listener@493] - Received connection request /10.10.34.12:48628
2015-07-29 19:29:48,075 - WARN  [SendWorker:188978561024:QuorumCnxManager$SendWorker@679] - Interrupted while waiting for message on queue
2015-07-29 19:29:48,076 - WARN  [SendWorker:188978561024:QuorumCnxManager$SendWorker@688] - Send worker leaving thread
2015-07-29 19:29:48,076 - INFO  [/10.10.34.13:3888:QuorumCnxManager$Listener@493] - Received connection request /10.10.34.12:48629
2015-07-29 19:29:48,076 - WARN  [RecvWorker:188978561024:QuorumCnxManager$RecvWorker@762] - Connection broken for id 188978561024, my id = 3, error = 
2015-07-29 19:29:48,076 - WARN  [RecvWorker:188978561024:QuorumCnxManager$RecvWorker@765] - Interrupting SendWorker
2015-07-29 19:29:48,076 - WARN  [SendWorker:188978561024:QuorumCnxManager$SendWorker@679] - Interrupted while waiting for message on queue
2015-07-29 19:29:48,076 - WARN  [RecvWorker:188978561024:QuorumCnxManager$RecvWorker@762] - Connection broken for id 188978561024, my id = 3, error = 
2015-07-29 19:29:48,077 - WARN  [RecvWorker:188978561024:QuorumCnxManager$RecvWorker@765] - Interrupting SendWorker
2015-07-29 19:29:48,077 - WARN  [SendWorker:188978561024:QuorumCnxManager$SendWorker@688] - Send worker leaving thread
2015-07-29 19:29:48,077 - WARN  [SendWorker:188978561024:QuorumCnxManager$SendWorker@679] - Interrupted while waiting for message on queue
2015-07-29 19:29:48,077 - WARN  [SendWorker:188978561024:QuorumCnxManager$SendWorker@688] - Send worker leaving thread
2015-07-29 19:29:48,181 - INFO  [/10.10.34.13:3888:QuorumCnxManager$Listener@493] - Received connection request /10.10.34.13:45894
2015-07-29 19:29:48,181 - WARN  [RecvWorker:188978561024:QuorumCnxManager$RecvWorker@762] - Connection broken for id 188978561024, my id = 3, error = 
2015-07-29 19:29:48,182 - WARN  [RecvWorker:188978561024:QuorumCnxManager$RecvWorker@765] - Interrupting SendWorker
2015-07-29 19:29:48,182 - WARN  [SendWorker:188978561024:QuorumCnxManager$SendWorker@679] - Interrupted while waiting for message on queue
2015-07-29 19:29:48,182 - WARN  [SendWorker:188978561024:QuorumCnxManager$SendWorker@688] - Send worker leaving thread
2015-07-29 19:29:48,183 - INFO  [/10.10.34.13:3888:QuorumCnxManager$Listener@493] - Received connection request /10.10.34.13:45899
2015-07-29 19:29:48,183 - WARN  [RecvWorker:188978561024:QuorumCnxManager$RecvWorker@762] - Connection broken for id 188978561024, my id = 3, error = 
2015-07-29 19:29:48,183 - WARN  [RecvWorker:188978561024:QuorumCnxManager$RecvWorker@765] - Interrupting SendWorker
2015-07-29 19:29:48,184 - INFO  [/10.10.34.13:3888:QuorumCnxManager$Listener@493] - Received connection request /10.10.34.13:45901
2015-07-29 19:29:48,184 - WARN  [SendWorker:188978561024:QuorumCnxManager$SendWorker@679] - Interrupted while waiting for message on queue
2015-07-29 19:29:48,184 - WARN  [SendWorker:188978561024:QuorumCnxManager$SendWorker@688] - Send worker leaving thread
2015-07-29 19:29:48,184 - WARN  [RecvWorker:188978561024:QuorumCnxManager$RecvWorker@762] - Connection broken for id 188978561024, my id = 3, error = 
2015-07-29 19:29:48,185 - WARN  [RecvWorker:188978561024:QuorumCnxManager$RecvWorker@765] - Interrupting SendWorker
2015-07-29 19:29:48,185 - INFO  [/10.10.34.13:3888:QuorumCnxManager$Listener@493] - Received connection request /10.10.34.13:45904
2015-07-29 19:29:48,185 - WARN  [SendWorker:188978561024:QuorumCnxManager$SendWorker@679] - Interrupted while waiting for message on queue
2015-07-29 19:29:48,185 - WARN  [SendWorker:188978561024:QuorumCnxManager$SendWorker@688] - Send worker leaving thread
2015-07-29 19:29:48,185 - WARN  [RecvWorker:188978561024:QuorumCnxManager$RecvWorker@762] - Connection broken for id 188978561024, my id = 3, error = 
2015-07-29 19:29:48,186 - WARN  [RecvWorker:188978561024:QuorumCnxManager$RecvWorker@765] - Interrupting SendWorker
2015-07-29 19:29:48,186 - WARN  [SendWorker:188978561024:QuorumCnxManager$SendWorker@679] - Interrupted while waiting for message on queue
2015-07-29 19:29:48,186 - WARN  [SendWorker:188978561024:QuorumCnxManager$SendWorker@688] - Send worker leaving thread
2015-07-29 19:29:51,314 - INFO  [/10.10.34.13:3888:QuorumCnxManager$Listener@493] - Received connection request /10.10.34.11:48393
2015-07-29 19:29:51,315 - WARN  [RecvWorker:188978561024:QuorumCnxManager$RecvWorker@762] - Connection broken for id 188978561024, my id = 3, error = 
2015-07-29 19:29:51,315 - WARN  [RecvWorker:188978561024:QuorumCnxManager$RecvWorker@765] - Interrupting SendWorker
2015-07-29 19:29:51,315 - INFO  [/10.10.34.13:3888:QuorumCnxManager$Listener@493] - Received connection request /10.10.34.11:48394
2015-07-29 19:29:51,316 - WARN  [SendWorker:188978561024:QuorumCnxManager$SendWorker@679] - Interrupted while waiting for message on queue
2015-07-29 19:29:51,316 - WARN  [SendWorker:188978561024:QuorumCnxManager$SendWorker@688] - Send worker leaving thread
2015-07-29 19:29:51,316 - WARN  [RecvWorker:188978561024:QuorumCnxManager$RecvWorker@762] - Connection broken for id 188978561024, my id = 3, error = 
2015-07-29 19:29:51,316 - WARN  [RecvWorker:188978561024:QuorumCnxManager$RecvWorker@765] - Interrupting SendWorker
2015-07-29 19:29:51,317 - WARN  [SendWorker:188978561024:QuorumCnxManager$SendWorker@679] - Interrupted while waiting for message on queue
2015-07-29 19:29:51,317 - WARN  [SendWorker:188978561024:QuorumCnxManager$SendWorker@688] - Send worker leaving thread
2015-07-29 19:29:51,320 - INFO  [/10.10.34.13:3888:QuorumCnxManager$Listener@493] - Received connection request /10.10.34.11:48396
2015-07-29 19:29:51,320 - WARN  [RecvWorker:188978561024:QuorumCnxManager$RecvWorker@762] - Connection broken for id 188978561024, my id = 3, error = 
2015-07-29 19:29:51,320 - WARN  [RecvWorker:188978561024:QuorumCnxManager$RecvWorker@765] - Interrupting SendWorker
2015-07-29 19:29:51,321 - WARN  [SendWorker:188978561024:QuorumCnxManager$SendWorker@679] - Interrupted while waiting for message on queue
2015-07-29 19:29:51,321 - WARN  [SendWorker:188978561024:QuorumCnxManager$SendWorker@688] - Send worker leaving thread
2015-07-29 19:29:51,321 - INFO  [/10.10.34.13:3888:QuorumCnxManager$Listener@493] - Received connection request /10.10.34.11:48399
2015-07-29 19:29:51,322 - WARN  [RecvWorker:188978561024:QuorumCnxManager$RecvWorker@762] - Connection broken for id 188978561024, my id = 3, error = 
2015-07-29 19:29:51,322 - WARN  [RecvWorker:188978561024:QuorumCnxManager$RecvWorker@765] - Interrupting SendWorker
2015-07-29 19:29:51,322 - WARN  [SendWorker:188978561024:QuorumCnxManager$SendWorker@679] - Interrupted while waiting for message on queue
2015-07-29 19:29:51,323 - WARN  [SendWorker:188978561024:QuorumCnxManager$SendWorker@688] - Send worker leaving thread
2015-07-29 19:29:51,414 - INFO  [/10.10.34.13:3888:QuorumCnxManager$Listener@493] - Received connection request /10.10.34.12:48636
2015-07-29 19:29:51,415 - INFO  [/10.10.34.13:3888:QuorumCnxManager$Listener@493] - Received connection request /10.10.34.12:48638
2015-07-29 19:29:51,415 - WARN  [RecvWorker:188978561024:QuorumCnxManager$RecvWorker@762] - Connection broken for id 188978561024, my id = 3, error = 
2015-07-29 19:29:51,415 - WARN  [SendWorker:188978561024:QuorumCnxManager$SendWorker@679] - Interrupted while waiting for message on queue
2015-07-29 19:29:51,415 - WARN  [RecvWorker:188978561024:QuorumCnxManager$RecvWorker@762] - Connection broken for id 188978561024, my id = 3, error = 
2015-07-29 19:29:51,416 - WARN  [RecvWorker:188978561024:QuorumCnxManager$RecvWorker@765] - Interrupting SendWorker
2015-07-29 19:29:51,415 - WARN  [RecvWorker:188978561024:QuorumCnxManager$RecvWorker@765] - Interrupting SendWorker
2015-07-29 19:29:51,416 - INFO  [/10.10.34.13:3888:QuorumCnxManager$Listener@493] - Received connection request /10.10.34.12:48640
2015-07-29 19:29:51,416 - WARN  [SendWorker:188978561024:QuorumCnxManager$SendWorker@679] - Interrupted while waiting for message on queue
2015-07-29 19:29:51,416 - WARN  [SendWorker:188978561024:QuorumCnxManager$SendWorker@688] - Send worker leaving thread
2015-07-29 19:29:51,415 - WARN  [SendWorker:188978561024:QuorumCnxManager$SendWorker@688] - Send worker leaving thread
2015-07-29 19:29:51,417 - INFO  [/10.10.34.13:3888:QuorumCnxManager$Listener@493] - Received connection request /10.10.34.12:48642
2015-07-29 19:29:51,417 - WARN  [RecvWorker:188978561024:QuorumCnxManager$RecvWorker@762] - Connection broken for id 188978561024, my id = 3, error = 
2015-07-29 19:29:51,417 - WARN  [RecvWorker:188978561024:QuorumCnxManager$RecvWorker@765] - Interrupting SendWorker
2015-07-29 19:29:51,417 - WARN  [SendWorker:188978561024:QuorumCnxManager$SendWorker@679] - Interrupted while waiting for message on queue
2015-07-29 19:29:51,417 - WARN  [SendWorker:188978561024:QuorumCnxManager$SendWorker@688] - Send worker leaving thread
2015-07-29 19:29:51,417 - WARN  [RecvWorker:188978561024:QuorumCnxManager$RecvWorker@762] - Connection broken for id 188978561024, my id = 3, error = 
2015-07-29 19:29:51,418 - WARN  [RecvWorker:188978561024:QuorumCnxManager$RecvWorker@765] - Interrupting SendWorker
2015-07-29 19:29:51,418 - WARN  [SendWorker:188978561024:QuorumCnxManager$SendWorker@679] - Interrupted while waiting for message on queue
2015-07-29 19:29:51,418 - WARN  [SendWorker:188978561024:QuorumCnxManager$SendWorker@688] - Send worker leaving thread
2015-07-29 19:29:51,521 - INFO  [/10.10.34.13:3888:QuorumCnxManager$Listener@493] - Received connection request /10.10.34.13:45906
2015-07-29 19:29:51,522 - WARN  [RecvWorker:188978561024:QuorumCnxManager$RecvWorker@762] - Connection broken for id 188978561024, my id = 3, error = 
2015-07-29 19:29:51,522 - WARN  [RecvWorker:188978561024:QuorumCnxManager$RecvWorker@765] - Interrupting SendWorker
2015-07-29 19:29:51,522 - WARN  [SendWorker:188978561024:QuorumCnxManager$SendWorker@679] - Interrupted while waiting for message on queue
2015-07-29 19:29:51,523 - WARN  [SendWorker:188978561024:QuorumCnxManager$SendWorker@688] - Send worker leaving thread
2015-07-29 19:29:51,523 - INFO  [/10.10.34.13:3888:QuorumCnxManager$Listener@493] - Received connection request /10.10.34.13:45911
2015-07-29 19:29:51,524 - WARN  [RecvWorker:188978561024:QuorumCnxManager$RecvWorker@762] - Connection broken for id 188978561024, my id = 3, error = 
2015-07-29 19:29:51,524 - WARN  [RecvWorker:188978561024:QuorumCnxManager$RecvWorker@765] - Interrupting SendWorker
2015-07-29 19:29:51,524 - INFO  [/10.10.34.13:3888:QuorumCnxManager$Listener@493] - Received connection request /10.10.34.13:45914
2015-07-29 19:29:51,525 - WARN  [SendWorker:188978561024:QuorumCnxManager$SendWorker@679] - Interrupted while waiting for message on queue
2015-07-29 19:29:51,525 - WARN  [SendWorker:188978561024:QuorumCnxManager$SendWorker@688] - Send worker leaving thread
2015-07-29 19:29:51,525 - INFO  [/10.10.34.13:3888:QuorumCnxManager$Listener@493] - Received connection request /10.10.34.13:45916
2015-07-29 19:29:51,525 - WARN  [RecvWorker:188978561024:QuorumCnxManager$RecvWorker@762] - Connection broken for id 188978561024, my id = 3, error = 
2015-07-29 19:29:51,525 - WARN  [RecvWorker:188978561024:QuorumCnxManager$RecvWorker@765] - Interrupting SendWorker
2015-07-29 19:29:51,525 - WARN  [SendWorker:188978561024:QuorumCnxManager$SendWorker@679] - Interrupted while waiting for message on queue
2015-07-29 19:29:51,526 - WARN  [RecvWorker:188978561024:QuorumCnxManager$RecvWorker@762] - Connection broken for id 188978561024, my id = 3, error = 
2015-07-29 19:29:51,526 - WARN  [RecvWorker:188978561024:QuorumCnxManager$RecvWorker@765] - Interrupting SendWorker
2015-07-29 19:29:51,526 - WARN  [SendWorker:188978561024:QuorumCnxManager$SendWorker@688] - Send worker leaving thread
2015-07-29 19:29:51,526 - WARN  [SendWorker:188978561024:QuorumCnxManager$SendWorker@679] - Interrupted while waiting for message on queue
2015-07-29 19:29:51,526 - WARN  [SendWorker:188978561024:QuorumCnxManager$SendWorker@688] - Send worker leaving thread
2015-07-29 19:29:54,655 - INFO  [/10.10.34.13:3888:QuorumCnxManager$Listener@493] - Received connection request /10.10.34.11:48405
2015-07-29 19:29:54,656 - WARN  [RecvWorker:188978561024:QuorumCnxManager$RecvWorker@762] - Connection broken for id 188978561024, my id = 3, error = 
2015-07-29 19:29:54,656 - INFO  [/10.10.34.13:3888:QuorumCnxManager$Listener@493] - Received connection request /10.10.34.11:48406
2015-07-29 19:29:54,656 - WARN  [RecvWorker:188978561024:QuorumCnxManager$RecvWorker@765] - Interrupting SendWorker
2015-07-29 19:29:54,656 - WARN  [SendWorker:188978561024:QuorumCnxManager$SendWorker@679] - Interrupted while waiting for message on queue
2015-07-29 19:29:54,657 - WARN  [SendWorker:188978561024:QuorumCnxManager$SendWorker@688] - Send worker leaving thread
2015-07-29 19:29:54,657 - WARN  [RecvWorker:188978561024:QuorumCnxManager$RecvWorker@762] - Connection broken for id 188978561024, my id = 3, error = 
2015-07-29 19:29:54,657 - WARN  [RecvWorker:188978561024:QuorumCnxManager$RecvWorker@765] - Interrupting SendWorker
2015-07-29 19:29:54,657 - WARN  [SendWorker:188978561024:QuorumCnxManager$SendWorker@679] - Interrupted while waiting for message on queue
2015-07-29 19:29:54,658 - WARN  [SendWorker:188978561024:QuorumCnxManager$SendWorker@688] - Send worker leaving thread
2015-07-29 19:29:54,660 - INFO  [/10.10.34.13:3888:QuorumCnxManager$Listener@493] - Received connection request /10.10.34.11:48408
2015-07-29 19:29:54,660 - WARN  [RecvWorker:188978561024:QuorumCnxManager$RecvWorker@762] - Connection broken for id 188978561024, my id = 3, error = 
2015-07-29 19:29:54,661 - WARN  [RecvWorker:188978561024:QuorumCnxManager$RecvWorker@765] - Interrupting SendWorker
2015-07-29 19:29:54,661 - WARN  [SendWorker:188978561024:QuorumCnxManager$SendWorker@679] - Interrupted while waiting for message on queue
2015-07-29 19:29:54,661 - WARN  [SendWorker:188978561024:QuorumCnxManager$SendWorker@688] - Send worker leaving thread
2015-07-29 19:29:54,661 - INFO  [/10.10.34.13:3888:QuorumCnxManager$Listener@493] - Received connection request /10.10.34.11:48411
2015-07-29 19:29:54,662 - WARN  [RecvWorker:188978561024:QuorumCnxManager$RecvWorker@762] - Connection broken for id 188978561024, my id = 3, error = 
2015-07-29 19:29:54,662 - WARN  [RecvWorker:188978561024:QuorumCnxManager$RecvWorker@765] - Interrupting SendWorker
2015-07-29 19:29:54,663 - WARN  [SendWorker:188978561024:QuorumCnxManager$SendWorker@679] - Interrupted while waiting for message on queue
2015-07-29 19:29:54,663 - WARN  [SendWorker:188978561024:QuorumCnxManager$SendWorker@688] - Send worker leaving thread
2015-07-29 19:29:54,755 - INFO  [/10.10.34.13:3888:QuorumCnxManager$Listener@493] - Received connection request /10.10.34.12:48648
2015-07-29 19:29:54,755 - INFO  [/10.10.34.13:3888:QuorumCnxManager$Listener@493] - Received connection request /10.10.34.12:48649
2015-07-29 19:29:54,755 - WARN  [RecvWorker:188978561024:QuorumCnxManager$RecvWorker@762] - Connection broken for id 188978561024, my id = 3, error = 
2015-07-29 19:29:54,756 - WARN  [RecvWorker:188978561024:QuorumCnxManager$RecvWorker@765] - Interrupting SendWorker
2015-07-29 19:29:54,756 - WARN  [SendWorker:188978561024:QuorumCnxManager$SendWorker@679] - Interrupted while waiting for message on queue
2015-07-29 19:29:54,756 - WARN  [SendWorker:188978561024:QuorumCnxManager$SendWorker@688] - Send worker leaving thread
2015-07-29 19:29:54,756 - INFO  [/10.10.34.13:3888:QuorumCnxManager$Listener@493] - Received connection request /10.10.34.12:48652
2015-07-29 19:29:54,756 - WARN  [RecvWorker:188978561024:QuorumCnxManager$RecvWorker@762] - Connection broken for id 188978561024, my id = 3, error = 
2015-07-29 19:29:54,757 - WARN  [RecvWorker:188978561024:QuorumCnxManager$RecvWorker@765] - Interrupting SendWorker
2015-07-29 19:29:54,757 - WARN  [SendWorker:188978561024:QuorumCnxManager$SendWorker@679] - Interrupted while waiting for message on queue
2015-07-29 19:29:54,757 - WARN  [SendWorker:188978561024:QuorumCnxManager$SendWorker@688] - Send worker leaving thread
2015-07-29 19:29:54,757 - WARN  [RecvWorker:188978561024:QuorumCnxManager$RecvWorker@762] - Connection broken for id 188978561024, my id = 3, error = 
2015-07-29 19:29:54,757 - WARN  [RecvWorker:188978561024:QuorumCnxManager$RecvWorker@765] - Interrupting SendWorker
2015-07-29 19:29:54,757 - INFO  [/10.10.34.13:3888:QuorumCnxManager$Listener@493] - Received connection request /10.10.34.12:48653
2015-07-29 19:29:54,758 - WARN  [SendWorker:188978561024:QuorumCnxManager$SendWorker@679] - Interrupted while waiting for message on queue
2015-07-29 19:29:54,758 - WARN  [SendWorker:188978561024:QuorumCnxManager$SendWorker@688] - Send worker leaving thread
2015-07-29 19:29:54,758 - WARN  [RecvWorker:188978561024:QuorumCnxManager$RecvWorker@762] - Connection broken for id 188978561024, my id = 3, error = 
2015-07-29 19:29:54,758 - WARN  [RecvWorker:188978561024:QuorumCnxManager$RecvWorker@765] - Interrupting SendWorker
2015-07-29 19:29:54,758 - WARN  [SendWorker:188978561024:QuorumCnxManager$SendWorker@679] - Interrupted while waiting for message on queue
2015-07-29 19:29:54,759 - WARN  [SendWorker:188978561024:QuorumCnxManager$SendWorker@688] - Send worker leaving thread
2015-07-29 19:29:54,862 - INFO  [/10.10.34.13:3888:QuorumCnxManager$Listener@493] - Received connection request /10.10.34.13:45918
2015-07-29 19:29:54,862 - WARN  [RecvWorker:188978561024:QuorumCnxManager$RecvWorker@762] - Connection broken for id 188978561024, my id = 3, error = 
2015-07-29 19:29:54,863 - WARN  [RecvWorker:188978561024:QuorumCnxManager$RecvWorker@765] - Interrupting SendWorker
2015-07-29 19:29:54,863 - WARN  [SendWorker:188978561024:QuorumCnxManager$SendWorker@679] - Interrupted while waiting for message on queue
2015-07-29 19:29:54,863 - WARN  [SendWorker:188978561024:QuorumCnxManager$SendWorker@688] - Send worker leaving thread
2015-07-29 19:29:54,864 - INFO  [/10.10.34.13:3888:QuorumCnxManager$Listener@493] - Received connection request /10.10.34.13:45923
2015-07-29 19:29:54,864 - WARN  [RecvWorker:188978561024:QuorumCnxManager$RecvWorker@762] - Connection broken for id 188978561024, my id = 3, error = 
2015-07-29 19:29:54,864 - WARN  [RecvWorker:188978561024:QuorumCnxManager$RecvWorker@765] - Interrupting SendWorker
2015-07-29 19:29:54,865 - INFO  [/10.10.34.13:3888:QuorumCnxManager$Listener@493] - Received connection request /10.10.34.13:45926
2015-07-29 19:29:54,865 - WARN  [SendWorker:188978561024:QuorumCnxManager$SendWorker@679] - Interrupted while waiting for message on queue
2015-07-29 19:29:54,865 - WARN  [SendWorker:188978561024:QuorumCnxManager$SendWorker@688] - Send worker leaving thread
2015-07-29 19:29:54,865 - WARN  [RecvWorker:188978561024:QuorumCnxManager$RecvWorker@762] - Connection broken for id 188978561024, my id = 3, error = 
2015-07-29 19:29:54,865 - WARN  [RecvWorker:188978561024:QuorumCnxManager$RecvWorker@765] - Interrupting SendWorker
2015-07-29 19:29:54,866 - INFO  [/10.10.34.13:3888:QuorumCnxManager$Listener@493] - Received connection request /10.10.34.13:45928
2015-07-29 19:29:54,866 - WARN  [SendWorker:188978561024:QuorumCnxManager$SendWorker@679] - Interrupted while waiting for message on queue
2015-07-29 19:29:54,866 - WARN  [SendWorker:188978561024:QuorumCnxManager$SendWorker@688] - Send worker leaving thread
2015-07-29 19:29:54,866 - WARN  [RecvWorker:188978561024:QuorumCnxManager$RecvWorker@762] - Connection broken for id 188978561024, my id = 3, error = 
2015-07-29 19:29:54,866 - WARN  [RecvWorker:188978561024:QuorumCnxManager$RecvWorker@765] - Interrupting SendWorker
2015-07-29 19:29:54,867 - WARN  [SendWorker:188978561024:QuorumCnxManager$SendWorker@679] - Interrupted while waiting for message on queue
2015-07-29 19:29:54,867 - WARN  [SendWorker:188978561024:QuorumCnxManager$SendWorker@688] - Send worker leaving thread
2015-07-29 19:29:57,996 - INFO  [/10.10.34.13:3888:QuorumCnxManager$Listener@493] - Received connection request /10.10.34.11:48417
2015-07-29 19:29:57,997 - INFO  [/10.10.34.13:3888:QuorumCnxManager$Listener@493] - Received connection request /10.10.34.11:48418
2015-07-29 19:29:57,997 - WARN  [RecvWorker:188978561024:QuorumCnxManager$RecvWorker@762] - Connection broken for id 188978561024, my id = 3, error = 
2015-07-29 19:29:57,997 - WARN  [RecvWorker:188978561024:QuorumCnxManager$RecvWorker@765] - Interrupting SendWorker
2015-07-29 19:29:57,997 - WARN  [SendWorker:188978561024:QuorumCnxManager$SendWorker@679] - Interrupted while waiting for message on queue
2015-07-29 19:29:57,998 - WARN  [RecvWorker:188978561024:QuorumCnxManager$RecvWorker@762] - Connection broken for id 188978561024, my id = 3, error = 
2015-07-29 19:29:57,998 - WARN  [RecvWorker:188978561024:QuorumCnxManager$RecvWorker@765] - Interrupting SendWorker
2015-07-29 19:29:57,998 - WARN  [SendWorker:188978561024:QuorumCnxManager$SendWorker@688] - Send worker leaving thread
2015-07-29 19:29:57,998 - WARN  [SendWorker:188978561024:QuorumCnxManager$SendWorker@679] - Interrupted while waiting for message on queue
2015-07-29 19:29:57,998 - WARN  [SendWorker:188978561024:QuorumCnxManager$SendWorker@688] - Send worker leaving thread
2015-07-29 19:29:58,000 - INFO  [/10.10.34.13:3888:QuorumCnxManager$Listener@493] - Received connection request /10.10.34.11:48420
2015-07-29 19:29:58,001 - WARN  [RecvWorker:188978561024:QuorumCnxManager$RecvWorker@762] - Connection broken for id 188978561024, my id = 3, error = 
2015-07-29 19:29:58,001 - WARN  [RecvWorker:188978561024:QuorumCnxManager$RecvWorker@765] - Interrupting SendWorker
2015-07-29 19:29:58,001 - WARN  [SendWorker:188978561024:QuorumCnxManager$SendWorker@679] - Interrupted while waiting for message on queue
2015-07-29 19:29:58,001 - WARN  [SendWorker:188978561024:QuorumCnxManager$SendWorker@688] - Send worker leaving thread
2015-07-29 19:29:58,002 - INFO  [/10.10.34.13:3888:QuorumCnxManager$Listener@493] - Received connection request /10.10.34.11:48423
2015-07-29 19:29:58,003 - WARN  [RecvWorker:188978561024:QuorumCnxManager$RecvWorker@762] - Connection broken for id 188978561024, my id = 3, error = 
2015-07-29 19:29:58,003 - WARN  [RecvWorker:188978561024:QuorumCnxManager$RecvWorker@765] - Interrupting SendWorker
2015-07-29 19:29:58,003 - WARN  [SendWorker:188978561024:QuorumCnxManager$SendWorker@679] - Interrupted while waiting for message on queue
2015-07-29 19:29:58,003 - WARN  [SendWorker:188978561024:QuorumCnxManager$SendWorker@688] - Send worker leaving thread
2015-07-29 19:29:58,095 - INFO  [/10.10.34.13:3888:QuorumCnxManager$Listener@493] - Received connection request /10.10.34.12:48660
2015-07-29 19:29:58,096 - INFO  [/10.10.34.13:3888:QuorumCnxManager$Listener@493] - Received connection request /10.10.34.12:48661
2015-07-29 19:29:58,096 - WARN  [RecvWorker:188978561024:QuorumCnxManager$RecvWorker@762] - Connection broken for id 188978561024, my id = 3, error = 
2015-07-29 19:29:58,096 - WARN  [RecvWorker:188978561024:QuorumCnxManager$RecvWorker@765] - Interrupting SendWorker
2015-07-29 19:29:58,096 - WARN  [SendWorker:188978561024:QuorumCnxManager$SendWorker@679] - Interrupted while waiting for message on queue
2015-07-29 19:29:58,097 - WARN  [SendWorker:188978561024:QuorumCnxManager$SendWorker@688] - Send worker leaving thread
2015-07-29 19:29:58,097 - WARN  [RecvWorker:188978561024:QuorumCnxManager$RecvWorker@762] - Connection broken for id 188978561024, my id = 3, error = 
2015-07-29 19:29:58,097 - WARN  [RecvWorker:188978561024:QuorumCnxManager$RecvWorker@765] - Interrupting SendWorker
2015-07-29 19:29:58,097 - INFO  [/10.10.34.13:3888:QuorumCnxManager$Listener@493] - Received connection request /10.10.34.12:48664
2015-07-29 19:29:58,097 - WARN  [SendWorker:188978561024:QuorumCnxManager$SendWorker@679] - Interrupted while waiting for message on queue
2015-07-29 19:29:58,098 - WARN  [SendWorker:188978561024:QuorumCnxManager$SendWorker@688] - Send worker leaving thread
2015-07-29 19:29:58,098 - INFO  [/10.10.34.13:3888:QuorumCnxManager$Listener@493] - Received connection request /10.10.34.12:48666
2015-07-29 19:29:58,098 - WARN  [RecvWorker:188978561024:QuorumCnxManager$RecvWorker@762] - Connection broken for id 188978561024, my id = 3, error = 
2015-07-29 19:29:58,098 - WARN  [RecvWorker:188978561024:QuorumCnxManager$RecvWorker@765] - Interrupting SendWorker
2015-07-29 19:29:58,098 - WARN  [SendWorker:188978561024:QuorumCnxManager$SendWorker@679] - Interrupted while waiting for message on queue
2015-07-29 19:29:58,098 - WARN  [SendWorker:188978561024:QuorumCnxManager$SendWorker@688] - Send worker leaving thread
2015-07-29 19:29:58,098 - WARN  [RecvWorker:188978561024:QuorumCnxManager$RecvWorker@762] - Connection broken for id 188978561024, my id = 3, error = 
2015-07-29 19:29:58,099 - WARN  [RecvWorker:188978561024:QuorumCnxManager$RecvWorker@765] - Interrupting SendWorker
2015-07-29 19:29:58,099 - WARN  [SendWorker:188978561024:QuorumCnxManager$SendWorker@679] - Interrupted while waiting for message on queue
2015-07-29 19:29:58,099 - WARN  [SendWorker:188978561024:QuorumCnxManager$SendWorker@688] - Send worker leaving thread
2015-07-29 19:29:58,202 - INFO  [/10.10.34.13:3888:QuorumCnxManager$Listener@493] - Received connection request /10.10.34.13:45930
2015-07-29 19:29:58,203 - WARN  [RecvWorker:188978561024:QuorumCnxManager$RecvWorker@762] - Connection broken for id 188978561024, my id = 3, error = 
2015-07-29 19:29:58,203 - WARN  [RecvWorker:188978561024:QuorumCnxManager$RecvWorker@765] - Interrupting SendWorker
2015-07-29 19:29:58,203 - WARN  [SendWorker:188978561024:QuorumCnxManager$SendWorker@679] - Interrupted while waiting for message on queue
2015-07-29 19:29:58,203 - WARN  [SendWorker:188978561024:QuorumCnxManager$SendWorker@688] - Send worker leaving thread
2015-07-29 19:29:58,204 - INFO  [/10.10.34.13:3888:QuorumCnxManager$Listener@493] - Received connection request /10.10.34.13:45935
2015-07-29 19:29:58,204 - WARN  [RecvWorker:188978561024:QuorumCnxManager$RecvWorker@762] - Connection broken for id 188978561024, my id = 3, error = 
2015-07-29 19:29:58,205 - WARN  [RecvWorker:188978561024:QuorumCnxManager$RecvWorker@765] - Interrupting SendWorker
2015-07-29 19:29:58,205 - WARN  [SendWorker:188978561024:QuorumCnxManager$SendWorker@679] - Interrupted while waiting for message on queue
2015-07-29 19:29:58,205 - WARN  [SendWorker:188978561024:QuorumCnxManager$SendWorker@688] - Send worker leaving thread
2015-07-29 19:29:58,205 - INFO  [/10.10.34.13:3888:QuorumCnxManager$Listener@493] - Received connection request /10.10.34.13:45939
2015-07-29 19:29:58,206 - INFO  [/10.10.34.13:3888:QuorumCnxManager$Listener@493] - Received connection request /10.10.34.13:45940
2015-07-29 19:29:58,206 - WARN  [RecvWorker:188978561024:QuorumCnxManager$RecvWorker@762] - Connection broken for id 188978561024, my id = 3, error = 
2015-07-29 19:29:58,206 - WARN  [SendWorker:188978561024:QuorumCnxManager$SendWorker@679] - Interrupted while waiting for message on queue
2015-07-29 19:29:58,206 - WARN  [SendWorker:188978561024:QuorumCnxManager$SendWorker@688] - Send worker leaving thread
2015-07-29 19:29:58,206 - WARN  [RecvWorker:188978561024:QuorumCnxManager$RecvWorker@765] - Interrupting SendWorker
2015-07-29 19:29:58,207 - WARN  [RecvWorker:188978561024:QuorumCnxManager$RecvWorker@762] - Connection broken for id 188978561024, my id = 3, error = 
2015-07-29 19:29:58,207 - WARN  [RecvWorker:188978561024:QuorumCnxManager$RecvWorker@765] - Interrupting SendWorker
2015-07-29 19:29:58,207 - WARN  [SendWorker:188978561024:QuorumCnxManager$SendWorker@679] - Interrupted while waiting for message on queue
2015-07-29 19:29:58,207 - WARN  [SendWorker:188978561024:QuorumCnxManager$SendWorker@688] - Send worker leaving thread
2015-07-29 19:30:01,337 - INFO  [/10.10.34.13:3888:QuorumCnxManager$Listener@493] - Received connection request /10.10.34.11:48429
2015-07-29 19:30:01,337 - WARN  [RecvWorker:188978561024:QuorumCnxManager$RecvWorker@762] - Connection broken for id 188978561024, my id = 3, error = 
2015-07-29 19:30:01,338 - INFO  [/10.10.34.13:3888:QuorumCnxManager$Listener@493] - Received connection request /10.10.34.11:48430
2015-07-29 19:30:01,338 - WARN  [RecvWorker:188978561024:QuorumCnxManager$RecvWorker@765] - Interrupting SendWorker
2015-07-29 19:30:01,338 - WARN  [SendWorker:188978561024:QuorumCnxManager$SendWorker@679] - Interrupted while waiting for message on queue
2015-07-29 19:30:01,338 - WARN  [SendWorker:188978561024:QuorumCnxManager$SendWorker@688] - Send worker leaving thread
2015-07-29 19:30:01,338 - WARN  [RecvWorker:188978561024:QuorumCnxManager$RecvWorker@762] - Connection broken for id 188978561024, my id = 3, error = 
2015-07-29 19:30:01,339 - WARN  [RecvWorker:188978561024:QuorumCnxManager$RecvWorker@765] - Interrupting SendWorker
2015-07-29 19:30:01,339 - WARN  [SendWorker:188978561024:QuorumCnxManager$SendWorker@679] - Interrupted while waiting for message on queue
2015-07-29 19:30:01,339 - WARN  [SendWorker:188978561024:QuorumCnxManager$SendWorker@688] - Send worker leaving thread
2015-07-29 19:30:01,340 - INFO  [/10.10.34.13:3888:QuorumCnxManager$Listener@493] - Received connection request /10.10.34.11:48432
2015-07-29 19:30:01,341 - WARN  [RecvWorker:188978561024:QuorumCnxManager$RecvWorker@762] - Connection broken for id 188978561024, my id = 3, error = 
2015-07-29 19:30:01,341 - WARN  [RecvWorker:188978561024:QuorumCnxManager$RecvWorker@765] - Interrupting SendWorker
2015-07-29 19:30:01,342 - WARN  [SendWorker:188978561024:QuorumCnxManager$SendWorker@679] - Interrupted while waiting for message on queue
2015-07-29 19:30:01,342 - WARN  [SendWorker:188978561024:QuorumCnxManager$SendWorker@688] - Send worker leaving thread
2015-07-29 19:30:01,342 - INFO  [/10.10.34.13:3888:QuorumCnxManager$Listener@493] - Received connection request /10.10.34.11:48435
2015-07-29 19:30:01,343 - WARN  [RecvWorker:188978561024:QuorumCnxManager$RecvWorker@762] - Connection broken for id 188978561024, my id = 3, error = 
2015-07-29 19:30:01,343 - WARN  [RecvWorker:188978561024:QuorumCnxManager$RecvWorker@765] - Interrupting SendWorker
2015-07-29 19:30:01,343 - WARN  [SendWorker:188978561024:QuorumCnxManager$SendWorker@679] - Interrupted while waiting for message on queue
2015-07-29 19:30:01,344 - WARN  [SendWorker:188978561024:QuorumCnxManager$SendWorker@688] - Send worker leaving thread
2015-07-29 19:30:01,436 - INFO  [/10.10.34.13:3888:QuorumCnxManager$Listener@493] - Received connection request /10.10.34.12:48672
2015-07-29 19:30:01,436 - INFO  [/10.10.34.13:3888:QuorumCnxManager$Listener@493] - Received connection request /10.10.34.12:48674
2015-07-29 19:30:01,436 - WARN  [RecvWorker:188978561024:QuorumCnxManager$RecvWorker@762] - Connection broken for id 188978561024, my id = 3, error = 
2015-07-29 19:30:01,437 - WARN  [RecvWorker:188978561024:QuorumCnxManager$RecvWorker@765] - Interrupting SendWorker
2015-07-29 19:30:01,437 - WARN  [SendWorker:188978561024:QuorumCnxManager$SendWorker@679] - Interrupted while waiting for message on queue
2015-07-29 19:30:01,437 - WARN  [SendWorker:188978561024:QuorumCnxManager$SendWorker@688] - Send worker leaving thread
2015-07-29 19:30:01,437 - WARN  [RecvWorker:188978561024:QuorumCnxManager$RecvWorker@762] - Connection broken for id 188978561024, my id = 3, error = 
2015-07-29 19:30:01,438 - WARN  [RecvWorker:188978561024:QuorumCnxManager$RecvWorker@765] - Interrupting SendWorker
2015-07-29 19:30:01,437 - INFO  [/10.10.34.13:3888:QuorumCnxManager$Listener@493] - Received connection request /10.10.34.12:48676
2015-07-29 19:30:01,438 - WARN  [SendWorker:188978561024:QuorumCnxManager$SendWorker@679] - Interrupted while waiting for message on queue
2015-07-29 19:30:01,438 - WARN  [SendWorker:188978561024:QuorumCnxManager$SendWorker@688] - Send worker leaving thread
2015-07-29 19:30:01,438 - INFO  [/10.10.34.13:3888:QuorumCnxManager$Listener@493] - Received connection request /10.10.34.12:48677
2015-07-29 19:30:01,438 - WARN  [RecvWorker:188978561024:QuorumCnxManager$RecvWorker@762] - Connection broken for id 188978561024, my id = 3, error = 
2015-07-29 19:30:01,439 - WARN  [RecvWorker:188978561024:QuorumCnxManager$RecvWorker@765] - Interrupting SendWorker
2015-07-29 19:30:01,439 - WARN  [SendWorker:188978561024:QuorumCnxManager$SendWorker@679] - Interrupted while waiting for message on queue
2015-07-29 19:30:01,439 - WARN  [SendWorker:188978561024:QuorumCnxManager$SendWorker@688] - Send worker leaving thread
2015-07-29 19:30:01,439 - WARN  [RecvWorker:188978561024:QuorumCnxManager$RecvWorker@762] - Connection broken for id 188978561024, my id = 3, error = 
2015-07-29 19:30:01,439 - WARN  [RecvWorker:188978561024:QuorumCnxManager$RecvWorker@765] - Interrupting SendWorker
2015-07-29 19:30:01,440 - WARN  [SendWorker:188978561024:QuorumCnxManager$SendWorker@679] - Interrupted while waiting for message on queue
2015-07-29 19:30:01,440 - WARN  [SendWorker:188978561024:QuorumCnxManager$SendWorker@688] - Send worker leaving thread
2015-07-29 19:30:01,542 - INFO  [/10.10.34.13:3888:QuorumCnxManager$Listener@493] - Received connection request /10.10.34.13:45942
2015-07-29 19:30:01,543 - WARN  [RecvWorker:188978561024:QuorumCnxManager$RecvWorker@762] - Connection broken for id 188978561024, my id = 3, error = 
2015-07-29 19:30:01,543 - WARN  [RecvWorker:188978561024:QuorumCnxManager$RecvWorker@765] - Interrupting SendWorker
2015-07-29 19:30:01,543 - WARN  [SendWorker:188978561024:QuorumCnxManager$SendWorker@679] - Interrupted while waiting for message on queue
2015-07-29 19:30:01,544 - WARN  [SendWorker:188978561024:QuorumCnxManager$SendWorker@688] - Send worker leaving thread
2015-07-29 19:30:01,544 - INFO  [/10.10.34.13:3888:QuorumCnxManager$Listener@493] - Received connection request /10.10.34.13:45947
2015-07-29 19:30:01,545 - WARN  [RecvWorker:188978561024:QuorumCnxManager$RecvWorker@762] - Connection broken for id 188978561024, my id = 3, error = 
2015-07-29 19:30:01,545 - WARN  [RecvWorker:188978561024:QuorumCnxManager$RecvWorker@765] - Interrupting SendWorker
2015-07-29 19:30:01,545 - WARN  [SendWorker:188978561024:QuorumCnxManager$SendWorker@679] - Interrupted while waiting for message on queue
2015-07-29 19:30:01,546 - WARN  [SendWorker:188978561024:QuorumCnxManager$SendWorker@688] - Send worker leaving thread
2015-07-29 19:30:01,546 - INFO  [/10.10.34.13:3888:QuorumCnxManager$Listener@493] - Received connection request /10.10.34.13:45951
2015-07-29 19:30:01,546 - WARN  [RecvWorker:188978561024:QuorumCnxManager$RecvWorker@762] - Connection broken for id 188978561024, my id = 3, error = 
2015-07-29 19:30:01,547 - WARN  [RecvWorker:188978561024:QuorumCnxManager$RecvWorker@765] - Interrupting SendWorker
2015-07-29 19:30:01,546 - INFO  [/10.10.34.13:3888:QuorumCnxManager$Listener@493] - Received connection request /10.10.34.13:45952
2015-07-29 19:30:01,547 - WARN  [SendWorker:188978561024:QuorumCnxManager$SendWorker@679] - Interrupted while waiting for message on queue
2015-07-29 19:30:01,547 - WARN  [SendWorker:188978561024:QuorumCnxManager$SendWorker@688] - Send worker leaving thread
2015-07-29 19:30:01,547 - WARN  [RecvWorker:188978561024:QuorumCnxManager$RecvWorker@762] - Connection broken for id 188978561024, my id = 3, error = 
2015-07-29 19:30:01,547 - WARN  [RecvWorker:188978561024:QuorumCnxManager$RecvWorker@765] - Interrupting SendWorker
2015-07-29 19:30:01,548 - WARN  [SendWorker:188978561024:QuorumCnxManager$SendWorker@679] - Interrupted while waiting for message on queue
2015-07-29 19:30:01,548 - WARN  [SendWorker:188978561024:QuorumCnxManager$SendWorker@688] - Send worker leaving thread
2015-07-29 19:30:04,678 - INFO  [/10.10.34.13:3888:QuorumCnxManager$Listener@493] - Received connection request /10.10.34.11:48441
2015-07-29 19:30:04,678 - INFO  [/10.10.34.13:3888:QuorumCnxManager$Listener@493] - Received connection request /10.10.34.11:48442
2015-07-29 19:30:04,678 - WARN  [RecvWorker:188978561024:QuorumCnxManager$RecvWorker@762] - Connection broken for id 188978561024, my id = 3, error = 
2015-07-29 19:30:04,679 - WARN  [RecvWorker:188978561024:QuorumCnxManager$RecvWorker@765] - Interrupting SendWorker
2015-07-29 19:30:04,679 - WARN  [SendWorker:188978561024:QuorumCnxManager$SendWorker@679] - Interrupted while waiting for message on queue
2015-07-29 19:30:04,679 - WARN  [SendWorker:188978561024:QuorumCnxManager$SendWorker@688] - Send worker leaving thread
2015-07-29 19:30:04,679 - WARN  [RecvWorker:188978561024:QuorumCnxManager$RecvWorker@762] - Connection broken for id 188978561024, my id = 3, error = 
2015-07-29 19:30:04,679 - WARN  [RecvWorker:188978561024:QuorumCnxManager$RecvWorker@765] - Interrupting SendWorker
2015-07-29 19:30:04,680 - WARN  [SendWorker:188978561024:QuorumCnxManager$SendWorker@679] - Interrupted while waiting for message on queue
2015-07-29 19:30:04,680 - WARN  [SendWorker:188978561024:QuorumCnxManager$SendWorker@688] - Send worker leaving thread
2015-07-29 19:30:04,681 - INFO  [/10.10.34.13:3888:QuorumCnxManager$Listener@493] - Received connection request /10.10.34.11:48444
2015-07-29 19:30:04,681 - WARN  [RecvWorker:188978561024:QuorumCnxManager$RecvWorker@762] - Connection broken for id 188978561024, my id = 3, error = 
2015-07-29 19:30:04,681 - WARN  [RecvWorker:188978561024:QuorumCnxManager$RecvWorker@765] - Interrupting SendWorker
2015-07-29 19:30:04,682 - WARN  [SendWorker:188978561024:QuorumCnxManager$SendWorker@679] - Interrupted while waiting for message on queue
2015-07-29 19:30:04,682 - WARN  [SendWorker:188978561024:QuorumCnxManager$SendWorker@688] - Send worker leaving thread
2015-07-29 19:30:04,682 - INFO  [/10.10.34.13:3888:QuorumCnxManager$Listener@493] - Received connection request /10.10.34.11:48447
2015-07-29 19:30:04,683 - WARN  [RecvWorker:188978561024:QuorumCnxManager$RecvWorker@762] - Connection broken for id 188978561024, my id = 3, error = 
2015-07-29 19:30:04,683 - WARN  [RecvWorker:188978561024:QuorumCnxManager$RecvWorker@765] - Interrupting SendWorker
2015-07-29 19:30:04,684 - WARN  [SendWorker:188978561024:QuorumCnxManager$SendWorker@679] - Interrupted while waiting for message on queue
2015-07-29 19:30:04,684 - WARN  [SendWorker:188978561024:QuorumCnxManager$SendWorker@688] - Send worker leaving thread
2015-07-29 19:30:04,777 - INFO  [/10.10.34.13:3888:QuorumCnxManager$Listener@493] - Received connection request /10.10.34.12:48684
2015-07-29 19:30:04,777 - INFO  [/10.10.34.13:3888:QuorumCnxManager$Listener@493] - Received connection request /10.10.34.12:48685
2015-07-29 19:30:04,777 - WARN  [RecvWorker:188978561024:QuorumCnxManager$RecvWorker@762] - Connection broken for id 188978561024, my id = 3, error = 
2015-07-29 19:30:04,777 - WARN  [RecvWorker:188978561024:QuorumCnxManager$RecvWorker@765] - Interrupting SendWorker
2015-07-29 19:30:04,777 - WARN  [SendWorker:188978561024:QuorumCnxManager$SendWorker@679] - Interrupted while waiting for message on queue
2015-07-29 19:30:04,778 - WARN  [SendWorker:188978561024:QuorumCnxManager$SendWorker@688] - Send worker leaving thread
2015-07-29 19:30:04,778 - INFO  [/10.10.34.13:3888:QuorumCnxManager$Listener@493] - Received connection request /10.10.34.12:48688
2015-07-29 19:30:04,778 - WARN  [RecvWorker:188978561024:QuorumCnxManager$RecvWorker@762] - Connection broken for id 188978561024, my id = 3, error = 
2015-07-29 19:30:04,778 - WARN  [RecvWorker:188978561024:QuorumCnxManager$RecvWorker@765] - Interrupting SendWorker
2015-07-29 19:30:04,781 - WARN  [SendWorker:188978561024:QuorumCnxManager$SendWorker@679] - Interrupted while waiting for message on queue
2015-07-29 19:30:04,781 - INFO  [/10.10.34.13:3888:QuorumCnxManager$Listener@493] - Received connection request /10.10.34.12:48691
2015-07-29 19:30:04,781 - WARN  [RecvWorker:188978561024:QuorumCnxManager$RecvWorker@762] - Connection broken for id 188978561024, my id = 3, error = 
2015-07-29 19:30:04,782 - WARN  [RecvWorker:188978561024:QuorumCnxManager$RecvWorker@765] - Interrupting SendWorker
2015-07-29 19:30:04,781 - WARN  [SendWorker:188978561024:QuorumCnxManager$SendWorker@688] - Send worker leaving thread
2015-07-29 19:30:04,782 - WARN  [SendWorker:188978561024:QuorumCnxManager$SendWorker@679] - Interrupted while waiting for message on queue
2015-07-29 19:30:04,782 - WARN  [SendWorker:188978561024:QuorumCnxManager$SendWorker@688] - Send worker leaving thread
2015-07-29 19:30:04,782 - WARN  [RecvWorker:188978561024:QuorumCnxManager$RecvWorker@762] - Connection broken for id 188978561024, my id = 3, error = 
2015-07-29 19:30:04,782 - WARN  [RecvWorker:188978561024:QuorumCnxManager$RecvWorker@765] - Interrupting SendWorker
2015-07-29 19:30:04,783 - WARN  [SendWorker:188978561024:QuorumCnxManager$SendWorker@679] - Interrupted while waiting for message on queue
2015-07-29 19:30:04,783 - WARN  [SendWorker:188978561024:QuorumCnxManager$SendWorker@688] - Send worker leaving thread
2015-07-29 19:30:04,883 - INFO  [/10.10.34.13:3888:QuorumCnxManager$Listener@493] - Received connection request /10.10.34.13:45954
2015-07-29 19:30:04,883 - WARN  [RecvWorker:188978561024:QuorumCnxManager$RecvWorker@762] - Connection broken for id 188978561024, my id = 3, error = 
2015-07-29 19:30:04,884 - WARN  [RecvWorker:188978561024:QuorumCnxManager$RecvWorker@765] - Interrupting SendWorker
2015-07-29 19:30:04,884 - WARN  [SendWorker:188978561024:QuorumCnxManager$SendWorker@679] - Interrupted while waiting for message on queue
2015-07-29 19:30:04,884 - WARN  [SendWorker:188978561024:QuorumCnxManager$SendWorker@688] - Send worker leaving thread
2015-07-29 19:30:04,885 - INFO  [/10.10.34.13:3888:QuorumCnxManager$Listener@493] - Received connection request /10.10.34.13:45958
2015-07-29 19:30:04,885 - WARN  [RecvWorker:188978561024:QuorumCnxManager$RecvWorker@762] - Connection broken for id 188978561024, my id = 3, error = 
2015-07-29 19:30:04,885 - WARN  [RecvWorker:188978561024:QuorumCnxManager$RecvWorker@765] - Interrupting SendWorker
2015-07-29 19:30:04,886 - WARN  [SendWorker:188978561024:QuorumCnxManager$SendWorker@679] - Interrupted while waiting for message on queue
2015-07-29 19:30:04,886 - WARN  [SendWorker:188978561024:QuorumCnxManager$SendWorker@688] - Send worker leaving thread
2015-07-29 19:30:04,886 - INFO  [/10.10.34.13:3888:QuorumCnxManager$Listener@493] - Received connection request /10.10.34.13:45963
2015-07-29 19:30:04,887 - WARN  [RecvWorker:188978561024:QuorumCnxManager$RecvWorker@762] - Connection broken for id 188978561024, my id = 3, error = 
2015-07-29 19:30:04,887 - WARN  [RecvWorker:188978561024:QuorumCnxManager$RecvWorker@765] - Interrupting SendWorker
2015-07-29 19:30:04,887 - INFO  [/10.10.34.13:3888:QuorumCnxManager$Listener@493] - Received connection request /10.10.34.13:45964
2015-07-29 19:30:04,887 - WARN  [SendWorker:188978561024:QuorumCnxManager$SendWorker@679] - Interrupted while waiting for message on queue
2015-07-29 19:30:04,887 - WARN  [SendWorker:188978561024:QuorumCnxManager$SendWorker@688] - Send worker leaving thread
2015-07-29 19:30:04,888 - WARN  [RecvWorker:188978561024:QuorumCnxManager$RecvWorker@762] - Connection broken for id 188978561024, my id = 3, error = 
2015-07-29 19:30:04,888 - WARN  [RecvWorker:188978561024:QuorumCnxManager$RecvWorker@765] - Interrupting SendWorker
2015-07-29 19:30:04,888 - WARN  [SendWorker:188978561024:QuorumCnxManager$SendWorker@679] - Interrupted while waiting for message on queue
2015-07-29 19:30:04,888 - WARN  [SendWorker:188978561024:QuorumCnxManager$SendWorker@688] - Send worker leaving thread
2015-07-29 19:30:08,018 - INFO  [/10.10.34.13:3888:QuorumCnxManager$Listener@493] - Received connection request /10.10.34.11:48453
2015-07-29 19:30:08,019 - WARN  [RecvWorker:188978561024:QuorumCnxManager$RecvWorker@762] - Connection broken for id 188978561024, my id = 3, error = 
2015-07-29 19:30:08,019 - WARN  [RecvWorker:188978561024:QuorumCnxManager$RecvWorker@765] - Interrupting SendWorker
2015-07-29 19:30:08,019 - INFO  [/10.10.34.13:3888:QuorumCnxManager$Listener@493] - Received connection request /10.10.34.11:48454
2015-07-29 19:30:08,019 - WARN  [SendWorker:188978561024:QuorumCnxManager$SendWorker@679] - Interrupted while waiting for message on queue
2015-07-29 19:30:08,019 - WARN  [SendWorker:188978561024:QuorumCnxManager$SendWorker@688] - Send worker leaving thread
2015-07-29 19:30:08,020 - WARN  [RecvWorker:188978561024:QuorumCnxManager$RecvWorker@762] - Connection broken for id 188978561024, my id = 3, error = 
2015-07-29 19:30:08,020 - WARN  [RecvWorker:188978561024:QuorumCnxManager$RecvWorker@765] - Interrupting SendWorker
2015-07-29 19:30:08,020 - WARN  [SendWorker:188978561024:QuorumCnxManager$SendWorker@679] - Interrupted while waiting for message on queue
2015-07-29 19:30:08,020 - WARN  [SendWorker:188978561024:QuorumCnxManager$SendWorker@688] - Send worker leaving thread
2015-07-29 19:30:08,021 - INFO  [/10.10.34.13:3888:QuorumCnxManager$Listener@493] - Received connection request /10.10.34.11:48456
2015-07-29 19:30:08,022 - WARN  [RecvWorker:188978561024:QuorumCnxManager$RecvWorker@762] - Connection broken for id 188978561024, my id = 3, error = 
2015-07-29 19:30:08,022 - WARN  [RecvWorker:188978561024:QuorumCnxManager$RecvWorker@765] - Interrupting SendWorker
2015-07-29 19:30:08,022 - WARN  [SendWorker:188978561024:QuorumCnxManager$SendWorker@679] - Interrupted while waiting for message on queue
2015-07-29 19:30:08,022 - WARN  [SendWorker:188978561024:QuorumCnxManager$SendWorker@688] - Send worker leaving thread
2015-07-29 19:30:08,023 - INFO  [/10.10.34.13:3888:QuorumCnxManager$Listener@493] - Received connection request /10.10.34.11:48459
2015-07-29 19:30:08,023 - WARN  [RecvWorker:188978561024:QuorumCnxManager$RecvWorker@762] - Connection broken for id 188978561024, my id = 3, error = 
2015-07-29 19:30:08,024 - WARN  [RecvWorker:188978561024:QuorumCnxManager$RecvWorker@765] - Interrupting SendWorker
2015-07-29 19:30:08,024 - WARN  [SendWorker:188978561024:QuorumCnxManager$SendWorker@679] - Interrupted while waiting for message on queue
2015-07-29 19:30:08,024 - WARN  [SendWorker:188978561024:QuorumCnxManager$SendWorker@688] - Send worker leaving thread
2015-07-29 19:30:08,117 - INFO  [/10.10.34.13:3888:QuorumCnxManager$Listener@493] - Received connection request /10.10.34.12:48695
2015-07-29 19:30:08,118 - INFO  [/10.10.34.13:3888:QuorumCnxManager$Listener@493] - Received connection request /10.10.34.12:48696
2015-07-29 19:30:08,118 - WARN  [RecvWorker:188978561024:QuorumCnxManager$RecvWorker@762] - Connection broken for id 188978561024, my id = 3, error = 
2015-07-29 19:30:08,118 - WARN  [RecvWorker:188978561024:QuorumCnxManager$RecvWorker@765] - Interrupting SendWorker
2015-07-29 19:30:08,118 - WARN  [SendWorker:188978561024:QuorumCnxManager$SendWorker@679] - Interrupted while waiting for message on queue
2015-07-29 19:30:08,118 - WARN  [RecvWorker:188978561024:QuorumCnxManager$RecvWorker@762] - Connection broken for id 188978561024, my id = 3, error = 
2015-07-29 19:30:08,119 - WARN  [RecvWorker:188978561024:QuorumCnxManager$RecvWorker@765] - Interrupting SendWorker
2015-07-29 19:30:08,119 - WARN  [SendWorker:188978561024:QuorumCnxManager$SendWorker@688] - Send worker leaving thread
2015-07-29 19:30:08,119 - WARN  [SendWorker:188978561024:QuorumCnxManager$SendWorker@679] - Interrupted while waiting for message on queue
2015-07-29 19:30:08,119 - WARN  [SendWorker:188978561024:QuorumCnxManager$SendWorker@688] - Send worker leaving thread
2015-07-29 19:30:08,121 - INFO  [/10.10.34.13:3888:QuorumCnxManager$Listener@493] - Received connection request /10.10.34.12:48702
2015-07-29 19:30:08,121 - WARN  [RecvWorker:188978561024:QuorumCnxManager$RecvWorker@762] - Connection broken for id 188978561024, my id = 3, error = 
2015-07-29 19:30:08,122 - WARN  [RecvWorker:188978561024:QuorumCnxManager$RecvWorker@765] - Interrupting SendWorker
2015-07-29 19:30:08,121 - INFO  [/10.10.34.13:3888:QuorumCnxManager$Listener@493] - Received connection request /10.10.34.12:48703
2015-07-29 19:30:08,122 - WARN  [SendWorker:188978561024:QuorumCnxManager$SendWorker@679] - Interrupted while waiting for message on queue
2015-07-29 19:30:08,122 - WARN  [SendWorker:188978561024:QuorumCnxManager$SendWorker@688] - Send worker leaving thread
2015-07-29 19:30:08,122 - WARN  [RecvWorker:188978561024:QuorumCnxManager$RecvWorker@762] - Connection broken for id 188978561024, my id = 3, error = 
2015-07-29 19:30:08,122 - WARN  [RecvWorker:188978561024:QuorumCnxManager$RecvWorker@765] - Interrupting SendWorker
2015-07-29 19:30:08,123 - WARN  [SendWorker:188978561024:QuorumCnxManager$SendWorker@679] - Interrupted while waiting for message on queue
2015-07-29 19:30:08,123 - WARN  [SendWorker:188978561024:QuorumCnxManager$SendWorker@688] - Send worker leaving thread
2015-07-29 19:30:08,223 - INFO  [/10.10.34.13:3888:QuorumCnxManager$Listener@493] - Received connection request /10.10.34.13:45966
2015-07-29 19:30:08,224 - WARN  [RecvWorker:188978561024:QuorumCnxManager$RecvWorker@762] - Connection broken for id 188978561024, my id = 3, error = 
2015-07-29 19:30:08,224 - WARN  [RecvWorker:188978561024:QuorumCnxManager$RecvWorker@765] - Interrupting SendWorker
2015-07-29 19:30:08,224 - WARN  [SendWorker:188978561024:QuorumCnxManager$SendWorker@679] - Interrupted while waiting for message on queue
2015-07-29 19:30:08,224 - WARN  [SendWorker:188978561024:QuorumCnxManager$SendWorker@688] - Send worker leaving thread
2015-07-29 19:30:08,225 - INFO  [/10.10.34.13:3888:QuorumCnxManager$Listener@493] - Received connection request /10.10.34.13:45971
2015-07-29 19:30:08,226 - WARN  [RecvWorker:188978561024:QuorumCnxManager$RecvWorker@762] - Connection broken for id 188978561024, my id = 3, error = 
2015-07-29 19:30:08,226 - WARN  [RecvWorker:188978561024:QuorumCnxManager$RecvWorker@765] - Interrupting SendWorker
2015-07-29 19:30:08,226 - WARN  [SendWorker:188978561024:QuorumCnxManager$SendWorker@679] - Interrupted while waiting for message on queue
2015-07-29 19:30:08,226 - WARN  [SendWorker:188978561024:QuorumCnxManager$SendWorker@688] - Send worker leaving thread
2015-07-29 19:30:08,226 - INFO  [/10.10.34.13:3888:QuorumCnxManager$Listener@493] - Received connection request /10.10.34.13:45975
2015-07-29 19:30:08,227 - WARN  [RecvWorker:188978561024:QuorumCnxManager$RecvWorker@762] - Connection broken for id 188978561024, my id = 3, error = 
2015-07-29 19:30:08,227 - INFO  [/10.10.34.13:3888:QuorumCnxManager$Listener@493] - Received connection request /10.10.34.13:45976
2015-07-29 19:30:08,227 - WARN  [RecvWorker:188978561024:QuorumCnxManager$RecvWorker@765] - Interrupting SendWorker
2015-07-29 19:30:08,228 - WARN  [SendWorker:188978561024:QuorumCnxManager$SendWorker@679] - Interrupted while waiting for message on queue
2015-07-29 19:30:08,228 - WARN  [SendWorker:188978561024:QuorumCnxManager$SendWorker@688] - Send worker leaving thread
2015-07-29 19:30:08,228 - WARN  [RecvWorker:188978561024:QuorumCnxManager$RecvWorker@762] - Connection broken for id 188978561024, my id = 3, error = 
2015-07-29 19:30:08,228 - WARN  [RecvWorker:188978561024:QuorumCnxManager$RecvWorker@765] - Interrupting SendWorker
2015-07-29 19:30:08,228 - WARN  [SendWorker:188978561024:QuorumCnxManager$SendWorker@679] - Interrupted while waiting for message on queue
2015-07-29 19:30:08,229 - WARN  [SendWorker:188978561024:QuorumCnxManager$SendWorker@688] - Send worker leaving thread
2015-07-29 19:30:11,359 - INFO  [/10.10.34.13:3888:QuorumCnxManager$Listener@493] - Received connection request /10.10.34.11:48465
2015-07-29 19:30:11,359 - WARN  [RecvWorker:188978561024:QuorumCnxManager$RecvWorker@762] - Connection broken for id 188978561024, my id = 3, error = 
2015-07-29 19:30:11,359 - WARN  [RecvWorker:188978561024:QuorumCnxManager$RecvWorker@765] - Interrupting SendWorker
2015-07-29 19:30:11,360 - INFO  [/10.10.34.13:3888:QuorumCnxManager$Listener@493] - Received connection request /10.10.34.11:48466
2015-07-29 19:30:11,360 - WARN  [SendWorker:188978561024:QuorumCnxManager$SendWorker@679] - Interrupted while waiting for message on queue
2015-07-29 19:30:11,360 - WARN  [SendWorker:188978561024:QuorumCnxManager$SendWorker@688] - Send worker leaving thread
2015-07-29 19:30:11,360 - WARN  [RecvWorker:188978561024:QuorumCnxManager$RecvWorker@762] - Connection broken for id 188978561024, my id = 3, error = 
2015-07-29 19:30:11,360 - WARN  [RecvWorker:188978561024:QuorumCnxManager$RecvWorker@765] - Interrupting SendWorker
2015-07-29 19:30:11,361 - WARN  [SendWorker:188978561024:QuorumCnxManager$SendWorker@679] - Interrupted while waiting for message on queue
2015-07-29 19:30:11,361 - WARN  [SendWorker:188978561024:QuorumCnxManager$SendWorker@688] - Send worker leaving thread
2015-07-29 19:30:11,362 - INFO  [/10.10.34.13:3888:QuorumCnxManager$Listener@493] - Received connection request /10.10.34.11:48468
2015-07-29 19:30:11,362 - WARN  [RecvWorker:188978561024:QuorumCnxManager$RecvWorker@762] - Connection broken for id 188978561024, my id = 3, error = 
2015-07-29 19:30:11,362 - WARN  [RecvWorker:188978561024:QuorumCnxManager$RecvWorker@765] - Interrupting SendWorker
2015-07-29 19:30:11,363 - WARN  [SendWorker:188978561024:QuorumCnxManager$SendWorker@679] - Interrupted while waiting for message on queue
2015-07-29 19:30:11,363 - WARN  [SendWorker:188978561024:QuorumCnxManager$SendWorker@688] - Send worker leaving thread
2015-07-29 19:30:11,363 - INFO  [/10.10.34.13:3888:QuorumCnxManager$Listener@493] - Received connection request /10.10.34.11:48470
2015-07-29 19:30:11,364 - WARN  [RecvWorker:188978561024:QuorumCnxManager$RecvWorker@762] - Connection broken for id 188978561024, my id = 3, error = 
2015-07-29 19:30:11,364 - WARN  [RecvWorker:188978561024:QuorumCnxManager$RecvWorker@765] - Interrupting SendWorker
2015-07-29 19:30:11,364 - WARN  [SendWorker:188978561024:QuorumCnxManager$SendWorker@679] - Interrupted while waiting for message on queue
2015-07-29 19:30:11,364 - WARN  [SendWorker:188978561024:QuorumCnxManager$SendWorker@688] - Send worker leaving thread
2015-07-29 19:30:11,458 - INFO  [/10.10.34.13:3888:QuorumCnxManager$Listener@493] - Received connection request /10.10.34.12:48707
2015-07-29 19:30:11,458 - INFO  [/10.10.34.13:3888:QuorumCnxManager$Listener@493] - Received connection request /10.10.34.12:48708
2015-07-29 19:30:11,458 - WARN  [RecvWorker:188978561024:QuorumCnxManager$RecvWorker@762] - Connection broken for id 188978561024, my id = 3, error = 
2015-07-29 19:30:11,459 - WARN  [SendWorker:188978561024:QuorumCnxManager$SendWorker@679] - Interrupted while waiting for message on queue
2015-07-29 19:30:11,459 - WARN  [SendWorker:188978561024:QuorumCnxManager$SendWorker@688] - Send worker leaving thread
2015-07-29 19:30:11,459 - WARN  [RecvWorker:188978561024:QuorumCnxManager$RecvWorker@765] - Interrupting SendWorker
2015-07-29 19:30:11,459 - WARN  [RecvWorker:188978561024:QuorumCnxManager$RecvWorker@762] - Connection broken for id 188978561024, my id = 3, error = 
2015-07-29 19:30:11,459 - WARN  [RecvWorker:188978561024:QuorumCnxManager$RecvWorker@765] - Interrupting SendWorker
2015-07-29 19:30:11,460 - WARN  [SendWorker:188978561024:QuorumCnxManager$SendWorker@679] - Interrupted while waiting for message on queue
2015-07-29 19:30:11,460 - WARN  [SendWorker:188978561024:QuorumCnxManager$SendWorker@688] - Send worker leaving thread
2015-07-29 19:30:11,461 - INFO  [/10.10.34.13:3888:QuorumCnxManager$Listener@493] - Received connection request /10.10.34.12:48714
2015-07-29 19:30:11,462 - WARN  [RecvWorker:188978561024:QuorumCnxManager$RecvWorker@762] - Connection broken for id 188978561024, my id = 3, error = 
2015-07-29 19:30:11,462 - WARN  [RecvWorker:188978561024:QuorumCnxManager$RecvWorker@765] - Interrupting SendWorker
2015-07-29 19:30:11,462 - INFO  [/10.10.34.13:3888:QuorumCnxManager$Listener@493] - Received connection request /10.10.34.12:48715
2015-07-29 19:30:11,462 - WARN  [SendWorker:188978561024:QuorumCnxManager$SendWorker@679] - Interrupted while waiting for message on queue
2015-07-29 19:30:11,462 - WARN  [SendWorker:188978561024:QuorumCnxManager$SendWorker@688] - Send worker leaving thread
2015-07-29 19:30:11,463 - WARN  [RecvWorker:188978561024:QuorumCnxManager$RecvWorker@762] - Connection broken for id 188978561024, my id = 3, error = 
2015-07-29 19:30:11,463 - WARN  [RecvWorker:188978561024:QuorumCnxManager$RecvWorker@765] - Interrupting SendWorker
2015-07-29 19:30:11,463 - WARN  [SendWorker:188978561024:QuorumCnxManager$SendWorker@679] - Interrupted while waiting for message on queue
2015-07-29 19:30:11,463 - WARN  [SendWorker:188978561024:QuorumCnxManager$SendWorker@688] - Send worker leaving thread
2015-07-29 19:30:11,564 - INFO  [/10.10.34.13:3888:QuorumCnxManager$Listener@493] - Received connection request /10.10.34.13:45978
2015-07-29 19:30:11,564 - WARN  [RecvWorker:188978561024:QuorumCnxManager$RecvWorker@762] - Connection broken for id 188978561024, my id = 3, error = 
2015-07-29 19:30:11,564 - WARN  [RecvWorker:188978561024:QuorumCnxManager$RecvWorker@765] - Interrupting SendWorker
2015-07-29 19:30:11,565 - WARN  [SendWorker:188978561024:QuorumCnxManager$SendWorker@679] - Interrupted while waiting for message on queue
2015-07-29 19:30:11,565 - WARN  [SendWorker:188978561024:QuorumCnxManager$SendWorker@688] - Send worker leaving thread
2015-07-29 19:30:11,565 - INFO  [/10.10.34.13:3888:QuorumCnxManager$Listener@493] - Received connection request /10.10.34.13:45982
2015-07-29 19:30:11,566 - WARN  [RecvWorker:188978561024:QuorumCnxManager$RecvWorker@762] - Connection broken for id 188978561024, my id = 3, error = 
2015-07-29 19:30:11,566 - WARN  [RecvWorker:188978561024:QuorumCnxManager$RecvWorker@765] - Interrupting SendWorker
2015-07-29 19:30:11,567 - WARN  [SendWorker:188978561024:QuorumCnxManager$SendWorker@679] - Interrupted while waiting for message on queue
2015-07-29 19:30:11,567 - INFO  [/10.10.34.13:3888:QuorumCnxManager$Listener@493] - Received connection request /10.10.34.13:45987
2015-07-29 19:30:11,567 - WARN  [SendWorker:188978561024:QuorumCnxManager$SendWorker@688] - Send worker leaving thread
2015-07-29 19:30:11,567 - WARN  [RecvWorker:188978561024:QuorumCnxManager$RecvWorker@762] - Connection broken for id 188978561024, my id = 3, error = 
2015-07-29 19:30:11,568 - WARN  [RecvWorker:188978561024:QuorumCnxManager$RecvWorker@765] - Interrupting SendWorker
2015-07-29 19:30:11,568 - INFO  [/10.10.34.13:3888:QuorumCnxManager$Listener@493] - Received connection request /10.10.34.13:45988
2015-07-29 19:30:11,568 - WARN  [SendWorker:188978561024:QuorumCnxManager$SendWorker@679] - Interrupted while waiting for message on queue
2015-07-29 19:30:11,568 - WARN  [SendWorker:188978561024:QuorumCnxManager$SendWorker@688] - Send worker leaving thread
2015-07-29 19:30:11,568 - WARN  [RecvWorker:188978561024:QuorumCnxManager$RecvWorker@762] - Connection broken for id 188978561024, my id = 3, error = 
2015-07-29 19:30:11,569 - WARN  [RecvWorker:188978561024:QuorumCnxManager$RecvWorker@765] - Interrupting SendWorker
2015-07-29 19:30:11,569 - WARN  [SendWorker:188978561024:QuorumCnxManager$SendWorker@679] - Interrupted while waiting for message on queue
2015-07-29 19:30:11,569 - WARN  [SendWorker:188978561024:QuorumCnxManager$SendWorker@688] - Send worker leaving thread
2015-07-29 19:30:14,699 - INFO  [/10.10.34.13:3888:QuorumCnxManager$Listener@493] - Received connection request /10.10.34.11:48477
2015-07-29 19:30:14,700 - WARN  [RecvWorker:188978561024:QuorumCnxManager$RecvWorker@762] - Connection broken for id 188978561024, my id = 3, error = 
2015-07-29 19:30:14,700 - WARN  [RecvWorker:188978561024:QuorumCnxManager$RecvWorker@765] - Interrupting SendWorker
2015-07-29 19:30:14,700 - INFO  [/10.10.34.13:3888:QuorumCnxManager$Listener@493] - Received connection request /10.10.34.11:48478
2015-07-29 19:30:14,700 - WARN  [SendWorker:188978561024:QuorumCnxManager$SendWorker@679] - Interrupted while waiting for message on queue
2015-07-29 19:30:14,701 - WARN  [SendWorker:188978561024:QuorumCnxManager$SendWorker@688] - Send worker leaving thread
2015-07-29 19:30:14,701 - WARN  [RecvWorker:188978561024:QuorumCnxManager$RecvWorker@762] - Connection broken for id 188978561024, my id = 3, error = 
2015-07-29 19:30:14,701 - WARN  [RecvWorker:188978561024:QuorumCnxManager$RecvWorker@765] - Interrupting SendWorker
2015-07-29 19:30:14,701 - WARN  [SendWorker:188978561024:QuorumCnxManager$SendWorker@679] - Interrupted while waiting for message on queue
2015-07-29 19:30:14,702 - WARN  [SendWorker:188978561024:QuorumCnxManager$SendWorker@688] - Send worker leaving thread
2015-07-29 19:30:14,702 - INFO  [/10.10.34.13:3888:QuorumCnxManager$Listener@493] - Received connection request /10.10.34.11:48480
2015-07-29 19:30:14,702 - WARN  [RecvWorker:188978561024:QuorumCnxManager$RecvWorker@762] - Connection broken for id 188978561024, my id = 3, error = 
2015-07-29 19:30:14,703 - WARN  [RecvWorker:188978561024:QuorumCnxManager$RecvWorker@765] - Interrupting SendWorker
2015-07-29 19:30:14,703 - WARN  [SendWorker:188978561024:QuorumCnxManager$SendWorker@679] - Interrupted while waiting for message on queue
2015-07-29 19:30:14,703 - WARN  [SendWorker:188978561024:QuorumCnxManager$SendWorker@688] - Send worker leaving thread
2015-07-29 19:30:14,703 - INFO  [/10.10.34.13:3888:QuorumCnxManager$Listener@493] - Received connection request /10.10.34.11:48483
2015-07-29 19:30:14,704 - WARN  [RecvWorker:188978561024:QuorumCnxManager$RecvWorker@762] - Connection broken for id 188978561024, my id = 3, error = 
2015-07-29 19:30:14,704 - WARN  [RecvWorker:188978561024:QuorumCnxManager$RecvWorker@765] - Interrupting SendWorker
2015-07-29 19:30:14,704 - WARN  [SendWorker:188978561024:QuorumCnxManager$SendWorker@679] - Interrupted while waiting for message on queue
2015-07-29 19:30:14,704 - WARN  [SendWorker:188978561024:QuorumCnxManager$SendWorker@688] - Send worker leaving thread
2015-07-29 19:30:14,798 - INFO  [/10.10.34.13:3888:QuorumCnxManager$Listener@493] - Received connection request /10.10.34.12:48719
2015-07-29 19:30:14,799 - INFO  [/10.10.34.13:3888:QuorumCnxManager$Listener@493] - Received connection request /10.10.34.12:48720
2015-07-29 19:30:14,799 - WARN  [RecvWorker:188978561024:QuorumCnxManager$RecvWorker@762] - Connection broken for id 188978561024, my id = 3, error = 
2015-07-29 19:30:14,799 - WARN  [RecvWorker:188978561024:QuorumCnxManager$RecvWorker@765] - Interrupting SendWorker
2015-07-29 19:30:14,799 - WARN  [SendWorker:188978561024:QuorumCnxManager$SendWorker@679] - Interrupted while waiting for message on queue
2015-07-29 19:30:14,800 - WARN  [SendWorker:188978561024:QuorumCnxManager$SendWorker@688] - Send worker leaving thread
2015-07-29 19:30:14,800 - WARN  [RecvWorker:188978561024:QuorumCnxManager$RecvWorker@762] - Connection broken for id 188978561024, my id = 3, error = 
2015-07-29 19:30:14,800 - WARN  [RecvWorker:188978561024:QuorumCnxManager$RecvWorker@765] - Interrupting SendWorker
2015-07-29 19:30:14,800 - WARN  [SendWorker:188978561024:QuorumCnxManager$SendWorker@679] - Interrupted while waiting for message on queue
2015-07-29 19:30:14,801 - WARN  [SendWorker:188978561024:QuorumCnxManager$SendWorker@688] - Send worker leaving thread
2015-07-29 19:30:14,801 - INFO  [/10.10.34.13:3888:QuorumCnxManager$Listener@493] - Received connection request /10.10.34.12:48726
2015-07-29 19:30:14,802 - WARN  [RecvWorker:188978561024:QuorumCnxManager$RecvWorker@762] - Connection broken for id 188978561024, my id = 3, error = 
2015-07-29 19:30:14,802 - WARN  [RecvWorker:188978561024:QuorumCnxManager$RecvWorker@765] - Interrupting SendWorker
2015-07-29 19:30:14,802 - INFO  [/10.10.34.13:3888:QuorumCnxManager$Listener@493] - Received connection request /10.10.34.12:48727
2015-07-29 19:30:14,802 - WARN  [SendWorker:188978561024:QuorumCnxManager$SendWorker@679] - Interrupted while waiting for message on queue
2015-07-29 19:30:14,803 - WARN  [SendWorker:188978561024:QuorumCnxManager$SendWorker@688] - Send worker leaving thread
2015-07-29 19:30:14,803 - WARN  [RecvWorker:188978561024:QuorumCnxManager$RecvWorker@762] - Connection broken for id 188978561024, my id = 3, error = 
2015-07-29 19:30:14,803 - WARN  [RecvWorker:188978561024:QuorumCnxManager$RecvWorker@765] - Interrupting SendWorker
2015-07-29 19:30:14,803 - WARN  [SendWorker:188978561024:QuorumCnxManager$SendWorker@679] - Interrupted while waiting for message on queue
2015-07-29 19:30:14,804 - WARN  [SendWorker:188978561024:QuorumCnxManager$SendWorker@688] - Send worker leaving thread
2015-07-29 19:30:14,904 - INFO  [/10.10.34.13:3888:QuorumCnxManager$Listener@493] - Received connection request /10.10.34.13:45990
2015-07-29 19:30:14,905 - WARN  [RecvWorker:188978561024:QuorumCnxManager$RecvWorker@762] - Connection broken for id 188978561024, my id = 3, error = 
2015-07-29 19:30:14,905 - WARN  [RecvWorker:188978561024:QuorumCnxManager$RecvWorker@765] - Interrupting SendWorker
2015-07-29 19:30:14,905 - WARN  [SendWorker:188978561024:QuorumCnxManager$SendWorker@679] - Interrupted while waiting for message on queue
2015-07-29 19:30:14,905 - WARN  [SendWorker:188978561024:QuorumCnxManager$SendWorker@688] - Send worker leaving thread
2015-07-29 19:30:14,905 - INFO  [/10.10.34.13:3888:QuorumCnxManager$Listener@493] - Received connection request /10.10.34.13:45995
2015-07-29 19:30:14,906 - WARN  [RecvWorker:188978561024:QuorumCnxManager$RecvWorker@762] - Connection broken for id 188978561024, my id = 3, error = 
2015-07-29 19:30:14,906 - WARN  [RecvWorker:188978561024:QuorumCnxManager$RecvWorker@765] - Interrupting SendWorker
2015-07-29 19:30:14,906 - INFO  [/10.10.34.13:3888:QuorumCnxManager$Listener@493] - Received connection request /10.10.34.13:45996
2015-07-29 19:30:14,906 - WARN  [SendWorker:188978561024:QuorumCnxManager$SendWorker@679] - Interrupted while waiting for message on queue
2015-07-29 19:30:14,907 - WARN  [SendWorker:188978561024:QuorumCnxManager$SendWorker@688] - Send worker leaving thread
2015-07-29 19:30:14,907 - WARN  [RecvWorker:188978561024:QuorumCnxManager$RecvWorker@762] - Connection broken for id 188978561024, my id = 3, error = 
2015-07-29 19:30:14,907 - WARN  [RecvWorker:188978561024:QuorumCnxManager$RecvWorker@765] - Interrupting SendWorker
2015-07-29 19:30:14,907 - WARN  [SendWorker:188978561024:QuorumCnxManager$SendWorker@679] - Interrupted while waiting for message on queue
2015-07-29 19:30:14,908 - WARN  [SendWorker:188978561024:QuorumCnxManager$SendWorker@688] - Send worker leaving thread
2015-07-29 19:30:14,908 - INFO  [/10.10.34.13:3888:QuorumCnxManager$Listener@493] - Received connection request /10.10.34.13:46001
2015-07-29 19:30:14,908 - WARN  [RecvWorker:188978561024:QuorumCnxManager$RecvWorker@762] - Connection broken for id 188978561024, my id = 3, error = 
2015-07-29 19:30:14,908 - WARN  [RecvWorker:188978561024:QuorumCnxManager$RecvWorker@765] - Interrupting SendWorker
2015-07-29 19:30:14,909 - WARN  [SendWorker:188978561024:QuorumCnxManager$SendWorker@679] - Interrupted while waiting for message on queue
2015-07-29 19:30:14,909 - WARN  [SendWorker:188978561024:QuorumCnxManager$SendWorker@688] - Send worker leaving thread
2015-07-29 19:30:18,040 - INFO  [/10.10.34.13:3888:QuorumCnxManager$Listener@493] - Received connection request /10.10.34.11:48489
2015-07-29 19:30:18,040 - WARN  [RecvWorker:188978561024:QuorumCnxManager$RecvWorker@762] - Connection broken for id 188978561024, my id = 3, error = 
2015-07-29 19:30:18,041 - WARN  [RecvWorker:188978561024:QuorumCnxManager$RecvWorker@765] - Interrupting SendWorker
2015-07-29 19:30:18,041 - INFO  [/10.10.34.13:3888:QuorumCnxManager$Listener@493] - Received connection request /10.10.34.11:48490
2015-07-29 19:30:18,041 - WARN  [SendWorker:188978561024:QuorumCnxManager$SendWorker@679] - Interrupted while waiting for message on queue
2015-07-29 19:30:18,041 - WARN  [SendWorker:188978561024:QuorumCnxManager$SendWorker@688] - Send worker leaving thread
2015-07-29 19:30:18,041 - WARN  [RecvWorker:188978561024:QuorumCnxManager$RecvWorker@762] - Connection broken for id 188978561024, my id = 3, error = 
2015-07-29 19:30:18,042 - WARN  [RecvWorker:188978561024:QuorumCnxManager$RecvWorker@765] - Interrupting SendWorker
2015-07-29 19:30:18,042 - WARN  [SendWorker:188978561024:QuorumCnxManager$SendWorker@679] - Interrupted while waiting for message on queue
2015-07-29 19:30:18,042 - WARN  [SendWorker:188978561024:QuorumCnxManager$SendWorker@688] - Send worker leaving thread
2015-07-29 19:30:18,042 - INFO  [/10.10.34.13:3888:QuorumCnxManager$Listener@493] - Received connection request /10.10.34.11:48493
2015-07-29 19:30:18,043 - WARN  [RecvWorker:188978561024:QuorumCnxManager$RecvWorker@762] - Connection broken for id 188978561024, my id = 3, error = 
2015-07-29 19:30:18,043 - WARN  [RecvWorker:188978561024:QuorumCnxManager$RecvWorker@765] - Interrupting SendWorker
2015-07-29 19:30:18,043 - WARN  [SendWorker:188978561024:QuorumCnxManager$SendWorker@679] - Interrupted while waiting for message on queue
2015-07-29 19:30:18,044 - WARN  [SendWorker:188978561024:QuorumCnxManager$SendWorker@688] - Send worker leaving thread
2015-07-29 19:30:18,043 - INFO  [/10.10.34.13:3888:QuorumCnxManager$Listener@493] - Received connection request /10.10.34.11:48494
2015-07-29 19:30:18,044 - WARN  [RecvWorker:188978561024:QuorumCnxManager$RecvWorker@762] - Connection broken for id 188978561024, my id = 3, error = 
2015-07-29 19:30:18,045 - WARN  [RecvWorker:188978561024:QuorumCnxManager$RecvWorker@765] - Interrupting SendWorker
2015-07-29 19:30:18,045 - WARN  [SendWorker:188978561024:QuorumCnxManager$SendWorker@679] - Interrupted while waiting for message on queue
2015-07-29 19:30:18,045 - WARN  [SendWorker:188978561024:QuorumCnxManager$SendWorker@688] - Send worker leaving thread
2015-07-29 19:30:18,138 - INFO  [/10.10.34.13:3888:QuorumCnxManager$Listener@493] - Received connection request /10.10.34.12:48730
2015-07-29 19:30:18,139 - WARN  [RecvWorker:188978561024:QuorumCnxManager$RecvWorker@762] - Connection broken for id 188978561024, my id = 3, error = 
2015-07-29 19:30:18,139 - WARN  [RecvWorker:188978561024:QuorumCnxManager$RecvWorker@765] - Interrupting SendWorker
2015-07-29 19:30:18,139 - WARN  [SendWorker:188978561024:QuorumCnxManager$SendWorker@679] - Interrupted while waiting for message on queue
2015-07-29 19:30:18,140 - WARN  [SendWorker:188978561024:QuorumCnxManager$SendWorker@688] - Send worker leaving thread
2015-07-29 19:30:18,140 - INFO  [/10.10.34.13:3888:QuorumCnxManager$Listener@493] - Received connection request /10.10.34.12:48734
2015-07-29 19:30:18,141 - INFO  [/10.10.34.13:3888:QuorumCnxManager$Listener@493] - Received connection request /10.10.34.12:48735
2015-07-29 19:30:18,141 - WARN  [RecvWorker:188978561024:QuorumCnxManager$RecvWorker@762] - Connection broken for id 188978561024, my id = 3, error = 
2015-07-29 19:30:18,141 - WARN  [RecvWorker:188978561024:QuorumCnxManager$RecvWorker@765] - Interrupting SendWorker
2015-07-29 19:30:18,141 - WARN  [SendWorker:188978561024:QuorumCnxManager$SendWorker@679] - Interrupted while waiting for message on queue
2015-07-29 19:30:18,141 - WARN  [RecvWorker:188978561024:QuorumCnxManager$RecvWorker@762] - Connection broken for id 188978561024, my id = 3, error = 
2015-07-29 19:30:18,142 - WARN  [RecvWorker:188978561024:QuorumCnxManager$RecvWorker@765] - Interrupting SendWorker
2015-07-29 19:30:18,141 - INFO  [/10.10.34.13:3888:QuorumCnxManager$Listener@493] - Received connection request /10.10.34.12:48739
2015-07-29 19:30:18,142 - WARN  [SendWorker:188978561024:QuorumCnxManager$SendWorker@679] - Interrupted while waiting for message on queue
2015-07-29 19:30:18,142 - WARN  [SendWorker:188978561024:QuorumCnxManager$SendWorker@688] - Send worker leaving thread
2015-07-29 19:30:18,141 - WARN  [SendWorker:188978561024:QuorumCnxManager$SendWorker@688] - Send worker leaving thread
2015-07-29 19:30:18,142 - WARN  [RecvWorker:188978561024:QuorumCnxManager$RecvWorker@762] - Connection broken for id 188978561024, my id = 3, error = 
2015-07-29 19:30:18,143 - WARN  [RecvWorker:188978561024:QuorumCnxManager$RecvWorker@765] - Interrupting SendWorker
2015-07-29 19:30:18,143 - WARN  [SendWorker:188978561024:QuorumCnxManager$SendWorker@679] - Interrupted while waiting for message on queue
2015-07-29 19:30:18,143 - WARN  [SendWorker:188978561024:QuorumCnxManager$SendWorker@688] - Send worker leaving thread
2015-07-29 19:30:18,244 - INFO  [/10.10.34.13:3888:QuorumCnxManager$Listener@493] - Received connection request /10.10.34.13:46002
2015-07-29 19:30:18,245 - WARN  [RecvWorker:188978561024:QuorumCnxManager$RecvWorker@762] - Connection broken for id 188978561024, my id = 3, error = 
2015-07-29 19:30:18,245 - WARN  [RecvWorker:188978561024:QuorumCnxManager$RecvWorker@765] - Interrupting SendWorker
2015-07-29 19:30:18,245 - WARN  [SendWorker:188978561024:QuorumCnxManager$SendWorker@679] - Interrupted while waiting for message on queue
2015-07-29 19:30:18,246 - WARN  [SendWorker:188978561024:QuorumCnxManager$SendWorker@688] - Send worker leaving thread
2015-07-29 19:30:18,246 - INFO  [/10.10.34.13:3888:QuorumCnxManager$Listener@493] - Received connection request /10.10.34.13:46007
2015-07-29 19:30:18,247 - INFO  [/10.10.34.13:3888:QuorumCnxManager$Listener@493] - Received connection request /10.10.34.13:46008
2015-07-29 19:30:18,247 - WARN  [RecvWorker:188978561024:QuorumCnxManager$RecvWorker@762] - Connection broken for id 188978561024, my id = 3, error = 
2015-07-29 19:30:18,247 - WARN  [RecvWorker:188978561024:QuorumCnxManager$RecvWorker@765] - Interrupting SendWorker
2015-07-29 19:30:18,247 - WARN  [SendWorker:188978561024:QuorumCnxManager$SendWorker@679] - Interrupted while waiting for message on queue
2015-07-29 19:30:18,247 - WARN  [SendWorker:188978561024:QuorumCnxManager$SendWorker@688] - Send worker leaving thread
2015-07-29 19:30:18,247 - WARN  [RecvWorker:188978561024:QuorumCnxManager$RecvWorker@762] - Connection broken for id 188978561024, my id = 3, error = 
2015-07-29 19:30:18,248 - WARN  [RecvWorker:188978561024:QuorumCnxManager$RecvWorker@765] - Interrupting SendWorker
2015-07-29 19:30:18,248 - WARN  [SendWorker:188978561024:QuorumCnxManager$SendWorker@679] - Interrupted while waiting for message on queue
2015-07-29 19:30:18,248 - WARN  [SendWorker:188978561024:QuorumCnxManager$SendWorker@688] - Send worker leaving thread
2015-07-29 19:30:18,248 - INFO  [/10.10.34.13:3888:QuorumCnxManager$Listener@493] - Received connection request /10.10.34.13:46013
2015-07-29 19:30:18,249 - WARN  [RecvWorker:188978561024:QuorumCnxManager$RecvWorker@762] - Connection broken for id 188978561024, my id = 3, error = 
2015-07-29 19:30:18,249 - WARN  [RecvWorker:188978561024:QuorumCnxManager$RecvWorker@765] - Interrupting SendWorker
2015-07-29 19:30:18,249 - WARN  [SendWorker:188978561024:QuorumCnxManager$SendWorker@679] - Interrupted while waiting for message on queue
2015-07-29 19:30:18,250 - WARN  [SendWorker:188978561024:QuorumCnxManager$SendWorker@688] - Send worker leaving thread
2015-07-29 19:30:21,380 - INFO  [/10.10.34.13:3888:QuorumCnxManager$Listener@493] - Received connection request /10.10.34.11:48502
2015-07-29 19:30:21,381 - WARN  [RecvWorker:188978561024:QuorumCnxManager$RecvWorker@762] - Connection broken for id 188978561024, my id = 3, error = 
2015-07-29 19:30:21,381 - WARN  [RecvWorker:188978561024:QuorumCnxManager$RecvWorker@765] - Interrupting SendWorker
2015-07-29 19:30:21,381 - WARN  [SendWorker:188978561024:QuorumCnxManager$SendWorker@679] - Interrupted while waiting for message on queue
2015-07-29 19:30:21,382 - WARN  [SendWorker:188978561024:QuorumCnxManager$SendWorker@688] - Send worker leaving thread
2015-07-29 19:30:21,381 - INFO  [/10.10.34.13:3888:QuorumCnxManager$Listener@493] - Received connection request /10.10.34.11:48504
2015-07-29 19:30:21,382 - INFO  [/10.10.34.13:3888:QuorumCnxManager$Listener@493] - Received connection request /10.10.34.11:48505
2015-07-29 19:30:21,382 - WARN  [RecvWorker:188978561024:QuorumCnxManager$RecvWorker@762] - Connection broken for id 188978561024, my id = 3, error = 
2015-07-29 19:30:21,383 - WARN  [RecvWorker:188978561024:QuorumCnxManager$RecvWorker@765] - Interrupting SendWorker
2015-07-29 19:30:21,383 - WARN  [SendWorker:188978561024:QuorumCnxManager$SendWorker@679] - Interrupted while waiting for message on queue
2015-07-29 19:30:21,383 - WARN  [SendWorker:188978561024:QuorumCnxManager$SendWorker@688] - Send worker leaving thread
2015-07-29 19:30:21,383 - INFO  [/10.10.34.13:3888:QuorumCnxManager$Listener@493] - Received connection request /10.10.34.11:48506
2015-07-29 19:30:21,383 - WARN  [RecvWorker:188978561024:QuorumCnxManager$RecvWorker@762] - Connection broken for id 188978561024, my id = 3, error = 
2015-07-29 19:30:21,383 - WARN  [RecvWorker:188978561024:QuorumCnxManager$RecvWorker@765] - Interrupting SendWorker
2015-07-29 19:30:21,383 - WARN  [SendWorker:188978561024:QuorumCnxManager$SendWorker@679] - Interrupted while waiting for message on queue
2015-07-29 19:30:21,384 - WARN  [SendWorker:188978561024:QuorumCnxManager$SendWorker@688] - Send worker leaving thread
2015-07-29 19:30:21,384 - WARN  [RecvWorker:188978561024:QuorumCnxManager$RecvWorker@762] - Connection broken for id 188978561024, my id = 3, error = 
2015-07-29 19:30:21,384 - WARN  [RecvWorker:188978561024:QuorumCnxManager$RecvWorker@765] - Interrupting SendWorker
2015-07-29 19:30:21,384 - WARN  [SendWorker:188978561024:QuorumCnxManager$SendWorker@679] - Interrupted while waiting for message on queue
2015-07-29 19:30:21,384 - WARN  [SendWorker:188978561024:QuorumCnxManager$SendWorker@688] - Send worker leaving thread
2015-07-29 19:30:21,478 - INFO  [/10.10.34.13:3888:QuorumCnxManager$Listener@493] - Received connection request /10.10.34.12:48742
2015-07-29 19:30:21,479 - WARN  [RecvWorker:188978561024:QuorumCnxManager$RecvWorker@762] - Connection broken for id 188978561024, my id = 3, error = 
2015-07-29 19:30:21,479 - WARN  [RecvWorker:188978561024:QuorumCnxManager$RecvWorker@765] - Interrupting SendWorker
2015-07-29 19:30:21,479 - WARN  [SendWorker:188978561024:QuorumCnxManager$SendWorker@679] - Interrupted while waiting for message on queue
2015-07-29 19:30:21,480 - WARN  [SendWorker:188978561024:QuorumCnxManager$SendWorker@688] - Send worker leaving thread
2015-07-29 19:30:21,480 - INFO  [/10.10.34.13:3888:QuorumCnxManager$Listener@493] - Received connection request /10.10.34.12:48745
2015-07-29 19:30:21,481 - WARN  [RecvWorker:188978561024:QuorumCnxManager$RecvWorker@762] - Connection broken for id 188978561024, my id = 3, error = 
2015-07-29 19:30:21,481 - WARN  [RecvWorker:188978561024:QuorumCnxManager$RecvWorker@765] - Interrupting SendWorker
2015-07-29 19:30:21,481 - WARN  [SendWorker:188978561024:QuorumCnxManager$SendWorker@679] - Interrupted while waiting for message on queue
2015-07-29 19:30:21,481 - WARN  [SendWorker:188978561024:QuorumCnxManager$SendWorker@688] - Send worker leaving thread
2015-07-29 19:30:21,481 - INFO  [/10.10.34.13:3888:QuorumCnxManager$Listener@493] - Received connection request /10.10.34.12:48750
2015-07-29 19:30:21,482 - WARN  [RecvWorker:188978561024:QuorumCnxManager$RecvWorker@762] - Connection broken for id 188978561024, my id = 3, error = 
2015-07-29 19:30:21,482 - WARN  [RecvWorker:188978561024:QuorumCnxManager$RecvWorker@765] - Interrupting SendWorker
2015-07-29 19:30:21,482 - INFO  [/10.10.34.13:3888:QuorumCnxManager$Listener@493] - Received connection request /10.10.34.12:48751
2015-07-29 19:30:21,482 - WARN  [SendWorker:188978561024:QuorumCnxManager$SendWorker@679] - Interrupted while waiting for message on queue
2015-07-29 19:30:21,483 - WARN  [SendWorker:188978561024:QuorumCnxManager$SendWorker@688] - Send worker leaving thread
2015-07-29 19:30:21,483 - WARN  [RecvWorker:188978561024:QuorumCnxManager$RecvWorker@762] - Connection broken for id 188978561024, my id = 3, error = 
2015-07-29 19:30:21,483 - WARN  [RecvWorker:188978561024:QuorumCnxManager$RecvWorker@765] - Interrupting SendWorker
2015-07-29 19:30:21,483 - WARN  [SendWorker:188978561024:QuorumCnxManager$SendWorker@679] - Interrupted while waiting for message on queue
2015-07-29 19:30:21,484 - WARN  [SendWorker:188978561024:QuorumCnxManager$SendWorker@688] - Send worker leaving thread
2015-07-29 19:30:21,585 - INFO  [/10.10.34.13:3888:QuorumCnxManager$Listener@493] - Received connection request /10.10.34.13:46014
2015-07-29 19:30:21,585 - WARN  [RecvWorker:188978561024:QuorumCnxManager$RecvWorker@762] - Connection broken for id 188978561024, my id = 3, error = 
2015-07-29 19:30:21,586 - WARN  [RecvWorker:188978561024:QuorumCnxManager$RecvWorker@765] - Interrupting SendWorker
2015-07-29 19:30:21,586 - WARN  [SendWorker:188978561024:QuorumCnxManager$SendWorker@679] - Interrupted while waiting for message on queue
2015-07-29 19:30:21,586 - WARN  [SendWorker:188978561024:QuorumCnxManager$SendWorker@688] - Send worker leaving thread
2015-07-29 19:30:21,587 - INFO  [/10.10.34.13:3888:QuorumCnxManager$Listener@493] - Received connection request /10.10.34.13:46019
2015-07-29 19:30:21,587 - INFO  [/10.10.34.13:3888:QuorumCnxManager$Listener@493] - Received connection request /10.10.34.13:46020
2015-07-29 19:30:21,587 - WARN  [RecvWorker:188978561024:QuorumCnxManager$RecvWorker@762] - Connection broken for id 188978561024, my id = 3, error = 
2015-07-29 19:30:21,588 - WARN  [RecvWorker:188978561024:QuorumCnxManager$RecvWorker@765] - Interrupting SendWorker
2015-07-29 19:30:21,588 - WARN  [SendWorker:188978561024:QuorumCnxManager$SendWorker@679] - Interrupted while waiting for message on queue
2015-07-29 19:30:21,588 - WARN  [SendWorker:188978561024:QuorumCnxManager$SendWorker@688] - Send worker leaving thread
2015-07-29 19:30:21,588 - WARN  [RecvWorker:188978561024:QuorumCnxManager$RecvWorker@762] - Connection broken for id 188978561024, my id = 3, error = 
2015-07-29 19:30:21,588 - WARN  [RecvWorker:188978561024:QuorumCnxManager$RecvWorker@765] - Interrupting SendWorker
2015-07-29 19:30:21,589 - WARN  [SendWorker:188978561024:QuorumCnxManager$SendWorker@679] - Interrupted while waiting for message on queue
2015-07-29 19:30:21,589 - WARN  [SendWorker:188978561024:QuorumCnxManager$SendWorker@688] - Send worker leaving thread
2015-07-29 19:30:21,589 - INFO  [/10.10.34.13:3888:QuorumCnxManager$Listener@493] - Received connection request /10.10.34.13:46025
2015-07-29 19:30:21,590 - WARN  [RecvWorker:188978561024:QuorumCnxManager$RecvWorker@762] - Connection broken for id 188978561024, my id = 3, error = 
2015-07-29 19:30:21,590 - WARN  [RecvWorker:188978561024:QuorumCnxManager$RecvWorker@765] - Interrupting SendWorker
2015-07-29 19:30:21,590 - WARN  [SendWorker:188978561024:QuorumCnxManager$SendWorker@679] - Interrupted while waiting for message on queue
2015-07-29 19:30:21,590 - WARN  [SendWorker:188978561024:QuorumCnxManager$SendWorker@688] - Send worker leaving thread
2015-07-29 19:30:24,721 - INFO  [/10.10.34.13:3888:QuorumCnxManager$Listener@493] - Received connection request /10.10.34.11:48513
2015-07-29 19:30:24,721 - WARN  [RecvWorker:188978561024:QuorumCnxManager$RecvWorker@762] - Connection broken for id 188978561024, my id = 3, error = 
2015-07-29 19:30:24,722 - WARN  [RecvWorker:188978561024:QuorumCnxManager$RecvWorker@765] - Interrupting SendWorker
2015-07-29 19:30:24,722 - WARN  [SendWorker:188978561024:QuorumCnxManager$SendWorker@679] - Interrupted while waiting for message on queue
2015-07-29 19:30:24,722 - WARN  [SendWorker:188978561024:QuorumCnxManager$SendWorker@688] - Send worker leaving thread
2015-07-29 19:30:24,723 - INFO  [/10.10.34.13:3888:QuorumCnxManager$Listener@493] - Received connection request /10.10.34.11:48515
2015-07-29 19:30:24,724 - WARN  [RecvWorker:188978561024:QuorumCnxManager$RecvWorker@762] - Connection broken for id 188978561024, my id = 3, error = 
2015-07-29 19:30:24,724 - WARN  [RecvWorker:188978561024:QuorumCnxManager$RecvWorker@765] - Interrupting SendWorker
2015-07-29 19:30:24,725 - WARN  [SendWorker:188978561024:QuorumCnxManager$SendWorker@679] - Interrupted while waiting for message on queue
2015-07-29 19:30:24,725 - WARN  [SendWorker:188978561024:QuorumCnxManager$SendWorker@688] - Send worker leaving thread
2015-07-29 19:30:24,726 - INFO  [/10.10.34.13:3888:QuorumCnxManager$Listener@493] - Received connection request /10.10.34.11:48519
2015-07-29 19:30:24,727 - WARN  [RecvWorker:188978561024:QuorumCnxManager$RecvWorker@762] - Connection broken for id 188978561024, my id = 3, error = 
2015-07-29 19:30:24,727 - WARN  [RecvWorker:188978561024:QuorumCnxManager$RecvWorker@765] - Interrupting SendWorker
2015-07-29 19:30:24,727 - INFO  [/10.10.34.13:3888:QuorumCnxManager$Listener@493] - Received connection request /10.10.34.11:48520
2015-07-29 19:30:24,727 - WARN  [SendWorker:188978561024:QuorumCnxManager$SendWorker@679] - Interrupted while waiting for message on queue
2015-07-29 19:30:24,728 - WARN  [SendWorker:188978561024:QuorumCnxManager$SendWorker@688] - Send worker leaving thread
2015-07-29 19:30:24,728 - WARN  [RecvWorker:188978561024:QuorumCnxManager$RecvWorker@762] - Connection broken for id 188978561024, my id = 3, error = 
2015-07-29 19:30:24,728 - WARN  [RecvWorker:188978561024:QuorumCnxManager$RecvWorker@765] - Interrupting SendWorker
2015-07-29 19:30:24,728 - WARN  [SendWorker:188978561024:QuorumCnxManager$SendWorker@679] - Interrupted while waiting for message on queue
2015-07-29 19:30:24,729 - WARN  [SendWorker:188978561024:QuorumCnxManager$SendWorker@688] - Send worker leaving thread
2015-07-29 19:30:24,818 - INFO  [/10.10.34.13:3888:QuorumCnxManager$Listener@493] - Received connection request /10.10.34.12:48754
2015-07-29 19:30:24,819 - WARN  [RecvWorker:188978561024:QuorumCnxManager$RecvWorker@762] - Connection broken for id 188978561024, my id = 3, error = 
2015-07-29 19:30:24,819 - WARN  [RecvWorker:188978561024:QuorumCnxManager$RecvWorker@765] - Interrupting SendWorker
2015-07-29 19:30:24,820 - WARN  [SendWorker:188978561024:QuorumCnxManager$SendWorker@679] - Interrupted while waiting for message on queue
2015-07-29 19:30:24,820 - WARN  [SendWorker:188978561024:QuorumCnxManager$SendWorker@688] - Send worker leaving thread
2015-07-29 19:30:24,820 - INFO  [/10.10.34.13:3888:QuorumCnxManager$Listener@493] - Received connection request /10.10.34.12:48757
2015-07-29 19:30:24,821 - WARN  [RecvWorker:188978561024:QuorumCnxManager$RecvWorker@762] - Connection broken for id 188978561024, my id = 3, error = 
2015-07-29 19:30:24,821 - WARN  [RecvWorker:188978561024:QuorumCnxManager$RecvWorker@765] - Interrupting SendWorker
2015-07-29 19:30:24,821 - WARN  [SendWorker:188978561024:QuorumCnxManager$SendWorker@679] - Interrupted while waiting for message on queue
2015-07-29 19:30:24,822 - WARN  [SendWorker:188978561024:QuorumCnxManager$SendWorker@688] - Send worker leaving thread
2015-07-29 19:30:24,822 - INFO  [/10.10.34.13:3888:QuorumCnxManager$Listener@493] - Received connection request /10.10.34.12:48762
2015-07-29 19:30:24,822 - WARN  [RecvWorker:188978561024:QuorumCnxManager$RecvWorker@762] - Connection broken for id 188978561024, my id = 3, error = 
2015-07-29 19:30:24,823 - WARN  [RecvWorker:188978561024:QuorumCnxManager$RecvWorker@765] - Interrupting SendWorker
2015-07-29 19:30:24,822 - INFO  [/10.10.34.13:3888:QuorumCnxManager$Listener@493] - Received connection request /10.10.34.12:48763
2015-07-29 19:30:24,823 - WARN  [SendWorker:188978561024:QuorumCnxManager$SendWorker@679] - Interrupted while waiting for message on queue
2015-07-29 19:30:24,823 - WARN  [SendWorker:188978561024:QuorumCnxManager$SendWorker@688] - Send worker leaving thread
2015-07-29 19:30:24,823 - WARN  [RecvWorker:188978561024:QuorumCnxManager$RecvWorker@762] - Connection broken for id 188978561024, my id = 3, error = 
2015-07-29 19:30:24,824 - WARN  [RecvWorker:188978561024:QuorumCnxManager$RecvWorker@765] - Interrupting SendWorker
2015-07-29 19:30:24,824 - WARN  [SendWorker:188978561024:QuorumCnxManager$SendWorker@679] - Interrupted while waiting for message on queue
2015-07-29 19:30:24,824 - WARN  [SendWorker:188978561024:QuorumCnxManager$SendWorker@688] - Send worker leaving thread
2015-07-29 19:30:24,926 - INFO  [/10.10.34.13:3888:QuorumCnxManager$Listener@493] - Received connection request /10.10.34.13:46026
2015-07-29 19:30:24,926 - WARN  [RecvWorker:188978561024:QuorumCnxManager$RecvWorker@762] - Connection broken for id 188978561024, my id = 3, error = 
2015-07-29 19:30:24,927 - WARN  [RecvWorker:188978561024:QuorumCnxManager$RecvWorker@765] - Interrupting SendWorker
2015-07-29 19:30:24,927 - WARN  [SendWorker:188978561024:QuorumCnxManager$SendWorker@679] - Interrupted while waiting for message on queue
2015-07-29 19:30:24,927 - WARN  [SendWorker:188978561024:QuorumCnxManager$SendWorker@688] - Send worker leaving thread
2015-07-29 19:30:24,927 - INFO  [/10.10.34.13:3888:QuorumCnxManager$Listener@493] - Received connection request /10.10.34.13:46031
2015-07-29 19:30:24,928 - WARN  [RecvWorker:188978561024:QuorumCnxManager$RecvWorker@762] - Connection broken for id 188978561024, my id = 3, error = 
2015-07-29 19:30:24,928 - WARN  [RecvWorker:188978561024:QuorumCnxManager$RecvWorker@765] - Interrupting SendWorker
2015-07-29 19:30:24,928 - WARN  [SendWorker:188978561024:QuorumCnxManager$SendWorker@679] - Interrupted while waiting for message on queue
2015-07-29 19:30:24,928 - WARN  [SendWorker:188978561024:QuorumCnxManager$SendWorker@688] - Send worker leaving thread
2015-07-29 19:30:24,930 - INFO  [/10.10.34.13:3888:QuorumCnxManager$Listener@493] - Received connection request /10.10.34.13:46034
2015-07-29 19:30:24,931 - WARN  [RecvWorker:188978561024:QuorumCnxManager$RecvWorker@762] - Connection broken for id 188978561024, my id = 3, error = 
2015-07-29 19:30:24,931 - WARN  [RecvWorker:188978561024:QuorumCnxManager$RecvWorker@765] - Interrupting SendWorker
2015-07-29 19:30:24,931 - WARN  [SendWorker:188978561024:QuorumCnxManager$SendWorker@679] - Interrupted while waiting for message on queue
2015-07-29 19:30:24,931 - WARN  [SendWorker:188978561024:QuorumCnxManager$SendWorker@688] - Send worker leaving thread
2015-07-29 19:30:24,932 - INFO  [/10.10.34.13:3888:QuorumCnxManager$Listener@493] - Received connection request /10.10.34.13:46037
2015-07-29 19:30:24,933 - WARN  [RecvWorker:188978561024:QuorumCnxManager$RecvWorker@762] - Connection broken for id 188978561024, my id = 3, error = 
2015-07-29 19:30:24,933 - WARN  [RecvWorker:188978561024:QuorumCnxManager$RecvWorker@765] - Interrupting SendWorker
2015-07-29 19:30:24,933 - WARN  [SendWorker:188978561024:QuorumCnxManager$SendWorker@679] - Interrupted while waiting for message on queue
2015-07-29 19:30:24,933 - WARN  [SendWorker:188978561024:QuorumCnxManager$SendWorker@688] - Send worker leaving thread
2015-07-29 19:30:28,062 - INFO  [/10.10.34.13:3888:QuorumCnxManager$Listener@493] - Received connection request /10.10.34.11:48523
2015-07-29 19:30:28,062 - WARN  [RecvWorker:188978561024:QuorumCnxManager$RecvWorker@762] - Connection broken for id 188978561024, my id = 3, error = 
2015-07-29 19:30:28,062 - WARN  [RecvWorker:188978561024:QuorumCnxManager$RecvWorker@765] - Interrupting SendWorker
2015-07-29 19:30:28,063 - WARN  [SendWorker:188978561024:QuorumCnxManager$SendWorker@679] - Interrupted while waiting for message on queue
2015-07-29 19:30:28,063 - WARN  [SendWorker:188978561024:QuorumCnxManager$SendWorker@688] - Send worker leaving thread
2015-07-29 19:30:28,064 - INFO  [/10.10.34.13:3888:QuorumCnxManager$Listener@493] - Received connection request /10.10.34.11:48525
2015-07-29 19:30:28,065 - WARN  [RecvWorker:188978561024:QuorumCnxManager$RecvWorker@762] - Connection broken for id 188978561024, my id = 3, error = 
2015-07-29 19:30:28,065 - WARN  [RecvWorker:188978561024:QuorumCnxManager$RecvWorker@765] - Interrupting SendWorker
2015-07-29 19:30:28,065 - WARN  [SendWorker:188978561024:QuorumCnxManager$SendWorker@679] - Interrupted while waiting for message on queue
2015-07-29 19:30:28,065 - WARN  [SendWorker:188978561024:QuorumCnxManager$SendWorker@688] - Send worker leaving thread
2015-07-29 19:30:28,067 - INFO  [/10.10.34.13:3888:QuorumCnxManager$Listener@493] - Received connection request /10.10.34.11:48531
2015-07-29 19:30:28,068 - WARN  [RecvWorker:188978561024:QuorumCnxManager$RecvWorker@762] - Connection broken for id 188978561024, my id = 3, error = 
2015-07-29 19:30:28,068 - WARN  [RecvWorker:188978561024:QuorumCnxManager$RecvWorker@765] - Interrupting SendWorker
2015-07-29 19:30:28,068 - INFO  [/10.10.34.13:3888:QuorumCnxManager$Listener@493] - Received connection request /10.10.34.11:48532
2015-07-29 19:30:28,068 - WARN  [SendWorker:188978561024:QuorumCnxManager$SendWorker@679] - Interrupted while waiting for message on queue
2015-07-29 19:30:28,068 - WARN  [SendWorker:188978561024:QuorumCnxManager$SendWorker@688] - Send worker leaving thread
2015-07-29 19:30:28,069 - WARN  [RecvWorker:188978561024:QuorumCnxManager$RecvWorker@762] - Connection broken for id 188978561024, my id = 3, error = 
2015-07-29 19:30:28,069 - WARN  [RecvWorker:188978561024:QuorumCnxManager$RecvWorker@765] - Interrupting SendWorker
2015-07-29 19:30:28,069 - WARN  [SendWorker:188978561024:QuorumCnxManager$SendWorker@679] - Interrupted while waiting for message on queue
2015-07-29 19:30:28,069 - WARN  [SendWorker:188978561024:QuorumCnxManager$SendWorker@688] - Send worker leaving thread
2015-07-29 19:30:28,159 - INFO  [/10.10.34.13:3888:QuorumCnxManager$Listener@493] - Received connection request /10.10.34.12:48766
2015-07-29 19:30:28,159 - WARN  [RecvWorker:188978561024:QuorumCnxManager$RecvWorker@762] - Connection broken for id 188978561024, my id = 3, error = 
2015-07-29 19:30:28,160 - WARN  [RecvWorker:188978561024:QuorumCnxManager$RecvWorker@765] - Interrupting SendWorker
2015-07-29 19:30:28,160 - WARN  [SendWorker:188978561024:QuorumCnxManager$SendWorker@679] - Interrupted while waiting for message on queue
2015-07-29 19:30:28,160 - WARN  [SendWorker:188978561024:QuorumCnxManager$SendWorker@688] - Send worker leaving thread
2015-07-29 19:30:28,161 - INFO  [/10.10.34.13:3888:QuorumCnxManager$Listener@493] - Received connection request /10.10.34.12:48769
2015-07-29 19:30:28,161 - WARN  [RecvWorker:188978561024:QuorumCnxManager$RecvWorker@762] - Connection broken for id 188978561024, my id = 3, error = 
2015-07-29 19:30:28,161 - WARN  [RecvWorker:188978561024:QuorumCnxManager$RecvWorker@765] - Interrupting SendWorker
2015-07-29 19:30:28,162 - WARN  [SendWorker:188978561024:QuorumCnxManager$SendWorker@679] - Interrupted while waiting for message on queue
2015-07-29 19:30:28,162 - WARN  [SendWorker:188978561024:QuorumCnxManager$SendWorker@688] - Send worker leaving thread
2015-07-29 19:30:28,162 - INFO  [/10.10.34.13:3888:QuorumCnxManager$Listener@493] - Received connection request /10.10.34.12:48774
2015-07-29 19:30:28,163 - WARN  [RecvWorker:188978561024:QuorumCnxManager$RecvWorker@762] - Connection broken for id 188978561024, my id = 3, error = 
2015-07-29 19:30:28,163 - WARN  [RecvWorker:188978561024:QuorumCnxManager$RecvWorker@765] - Interrupting SendWorker
2015-07-29 19:30:28,163 - WARN  [SendWorker:188978561024:QuorumCnxManager$SendWorker@679] - Interrupted while waiting for message on queue
2015-07-29 19:30:28,163 - WARN  [SendWorker:188978561024:QuorumCnxManager$SendWorker@688] - Send worker leaving thread
2015-07-29 19:30:28,163 - INFO  [/10.10.34.13:3888:QuorumCnxManager$Listener@493] - Received connection request /10.10.34.12:48775
2015-07-29 19:30:28,164 - WARN  [RecvWorker:188978561024:QuorumCnxManager$RecvWorker@762] - Connection broken for id 188978561024, my id = 3, error = 
2015-07-29 19:30:28,164 - WARN  [RecvWorker:188978561024:QuorumCnxManager$RecvWorker@765] - Interrupting SendWorker
2015-07-29 19:30:28,165 - WARN  [SendWorker:188978561024:QuorumCnxManager$SendWorker@679] - Interrupted while waiting for message on queue
2015-07-29 19:30:28,165 - WARN  [SendWorker:188978561024:QuorumCnxManager$SendWorker@688] - Send worker leaving thread
2015-07-29 19:30:28,269 - INFO  [/10.10.34.13:3888:QuorumCnxManager$Listener@493] - Received connection request /10.10.34.13:46038
2015-07-29 19:30:28,269 - WARN  [RecvWorker:188978561024:QuorumCnxManager$RecvWorker@762] - Connection broken for id 188978561024, my id = 3, error = 
2015-07-29 19:30:28,269 - WARN  [RecvWorker:188978561024:QuorumCnxManager$RecvWorker@765] - Interrupting SendWorker
2015-07-29 19:30:28,270 - WARN  [SendWorker:188978561024:QuorumCnxManager$SendWorker@679] - Interrupted while waiting for message on queue
2015-07-29 19:30:28,270 - WARN  [SendWorker:188978561024:QuorumCnxManager$SendWorker@688] - Send worker leaving thread
2015-07-29 19:30:28,270 - INFO  [/10.10.34.13:3888:QuorumCnxManager$Listener@493] - Received connection request /10.10.34.13:46043
2015-07-29 19:30:28,271 - INFO  [/10.10.34.13:3888:QuorumCnxManager$Listener@493] - Received connection request /10.10.34.13:46044
2015-07-29 19:30:28,271 - WARN  [RecvWorker:188978561024:QuorumCnxManager$RecvWorker@762] - Connection broken for id 188978561024, my id = 3, error = 
2015-07-29 19:30:28,271 - WARN  [RecvWorker:188978561024:QuorumCnxManager$RecvWorker@765] - Interrupting SendWorker
2015-07-29 19:30:28,271 - WARN  [SendWorker:188978561024:QuorumCnxManager$SendWorker@679] - Interrupted while waiting for message on queue
2015-07-29 19:30:28,272 - WARN  [SendWorker:188978561024:QuorumCnxManager$SendWorker@688] - Send worker leaving thread
2015-07-29 19:30:28,272 - WARN  [RecvWorker:188978561024:QuorumCnxManager$RecvWorker@762] - Connection broken for id 188978561024, my id = 3, error = 
2015-07-29 19:30:28,272 - WARN  [RecvWorker:188978561024:QuorumCnxManager$RecvWorker@765] - Interrupting SendWorker
2015-07-29 19:30:28,272 - WARN  [SendWorker:188978561024:QuorumCnxManager$SendWorker@679] - Interrupted while waiting for message on queue
2015-07-29 19:30:28,273 - WARN  [SendWorker:188978561024:QuorumCnxManager$SendWorker@688] - Send worker leaving thread
2015-07-29 19:30:28,272 - INFO  [/10.10.34.13:3888:QuorumCnxManager$Listener@493] - Received connection request /10.10.34.13:46049
2015-07-29 19:30:28,273 - WARN  [RecvWorker:188978561024:QuorumCnxManager$RecvWorker@762] - Connection broken for id 188978561024, my id = 3, error = 
2015-07-29 19:30:28,273 - WARN  [RecvWorker:188978561024:QuorumCnxManager$RecvWorker@765] - Interrupting SendWorker
2015-07-29 19:30:28,274 - WARN  [SendWorker:188978561024:QuorumCnxManager$SendWorker@679] - Interrupted while waiting for message on queue
2015-07-29 19:30:28,274 - WARN  [SendWorker:188978561024:QuorumCnxManager$SendWorker@688] - Send worker leaving thread
2015-07-29 19:30:31,402 - INFO  [/10.10.34.13:3888:QuorumCnxManager$Listener@493] - Received connection request /10.10.34.11:48535
2015-07-29 19:30:31,403 - WARN  [RecvWorker:188978561024:QuorumCnxManager$RecvWorker@762] - Connection broken for id 188978561024, my id = 3, error = 
2015-07-29 19:30:31,403 - WARN  [RecvWorker:188978561024:QuorumCnxManager$RecvWorker@765] - Interrupting SendWorker
2015-07-29 19:30:31,403 - INFO  [/10.10.34.13:3888:QuorumCnxManager$Listener@493] - Received connection request /10.10.34.11:48536
2015-07-29 19:30:31,403 - WARN  [SendWorker:188978561024:QuorumCnxManager$SendWorker@679] - Interrupted while waiting for message on queue
2015-07-29 19:30:31,404 - WARN  [SendWorker:188978561024:QuorumCnxManager$SendWorker@688] - Send worker leaving thread
2015-07-29 19:30:31,404 - WARN  [RecvWorker:188978561024:QuorumCnxManager$RecvWorker@762] - Connection broken for id 188978561024, my id = 3, error = 
2015-07-29 19:30:31,404 - WARN  [RecvWorker:188978561024:QuorumCnxManager$RecvWorker@765] - Interrupting SendWorker
2015-07-29 19:30:31,404 - WARN  [SendWorker:188978561024:QuorumCnxManager$SendWorker@679] - Interrupted while waiting for message on queue
2015-07-29 19:30:31,405 - WARN  [SendWorker:188978561024:QuorumCnxManager$SendWorker@688] - Send worker leaving thread
2015-07-29 19:30:31,405 - INFO  [/10.10.34.13:3888:QuorumCnxManager$Listener@493] - Received connection request /10.10.34.11:48540
2015-07-29 19:30:31,406 - WARN  [RecvWorker:188978561024:QuorumCnxManager$RecvWorker@762] - Connection broken for id 188978561024, my id = 3, error = 
2015-07-29 19:30:31,406 - WARN  [RecvWorker:188978561024:QuorumCnxManager$RecvWorker@765] - Interrupting SendWorker
2015-07-29 19:30:31,407 - WARN  [SendWorker:188978561024:QuorumCnxManager$SendWorker@679] - Interrupted while waiting for message on queue
2015-07-29 19:30:31,407 - WARN  [SendWorker:188978561024:QuorumCnxManager$SendWorker@688] - Send worker leaving thread
2015-07-29 19:30:31,408 - INFO  [/10.10.34.13:3888:QuorumCnxManager$Listener@493] - Received connection request /10.10.34.11:48544
2015-07-29 19:30:31,409 - WARN  [RecvWorker:188978561024:QuorumCnxManager$RecvWorker@762] - Connection broken for id 188978561024, my id = 3, error = 
2015-07-29 19:30:31,409 - WARN  [RecvWorker:188978561024:QuorumCnxManager$RecvWorker@765] - Interrupting SendWorker
2015-07-29 19:30:31,409 - WARN  [SendWorker:188978561024:QuorumCnxManager$SendWorker@679] - Interrupted while waiting for message on queue
2015-07-29 19:30:31,409 - WARN  [SendWorker:188978561024:QuorumCnxManager$SendWorker@688] - Send worker leaving thread
2015-07-29 19:30:31,499 - INFO  [/10.10.34.13:3888:QuorumCnxManager$Listener@493] - Received connection request /10.10.34.12:48778
2015-07-29 19:30:31,500 - WARN  [RecvWorker:188978561024:QuorumCnxManager$RecvWorker@762] - Connection broken for id 188978561024, my id = 3, error = 
2015-07-29 19:30:31,500 - WARN  [RecvWorker:188978561024:QuorumCnxManager$RecvWorker@765] - Interrupting SendWorker
2015-07-29 19:30:31,500 - WARN  [SendWorker:188978561024:QuorumCnxManager$SendWorker@679] - Interrupted while waiting for message on queue
2015-07-29 19:30:31,500 - WARN  [SendWorker:188978561024:QuorumCnxManager$SendWorker@688] - Send worker leaving thread
2015-07-29 19:30:31,501 - INFO  [/10.10.34.13:3888:QuorumCnxManager$Listener@493] - Received connection request /10.10.34.12:48780
2015-07-29 19:30:31,502 - WARN  [RecvWorker:188978561024:QuorumCnxManager$RecvWorker@762] - Connection broken for id 188978561024, my id = 3, error = 
2015-07-29 19:30:31,502 - WARN  [RecvWorker:188978561024:QuorumCnxManager$RecvWorker@765] - Interrupting SendWorker
2015-07-29 19:30:31,502 - WARN  [SendWorker:188978561024:QuorumCnxManager$SendWorker@679] - Interrupted while waiting for message on queue
2015-07-29 19:30:31,502 - WARN  [SendWorker:188978561024:QuorumCnxManager$SendWorker@688] - Send worker leaving thread
2015-07-29 19:30:31,502 - INFO  [/10.10.34.13:3888:QuorumCnxManager$Listener@493] - Received connection request /10.10.34.12:48784
2015-07-29 19:30:31,503 - WARN  [RecvWorker:188978561024:QuorumCnxManager$RecvWorker@762] - Connection broken for id 188978561024, my id = 3, error = 
2015-07-29 19:30:31,503 - WARN  [RecvWorker:188978561024:QuorumCnxManager$RecvWorker@765] - Interrupting SendWorker
2015-07-29 19:30:31,503 - WARN  [SendWorker:188978561024:QuorumCnxManager$SendWorker@679] - Interrupted while waiting for message on queue
2015-07-29 19:30:31,504 - WARN  [SendWorker:188978561024:QuorumCnxManager$SendWorker@688] - Send worker leaving thread
2015-07-29 19:30:31,503 - INFO  [/10.10.34.13:3888:QuorumCnxManager$Listener@493] - Received connection request /10.10.34.12:48787
2015-07-29 19:30:31,505 - WARN  [RecvWorker:188978561024:QuorumCnxManager$RecvWorker@762] - Connection broken for id 188978561024, my id = 3, error = 
2015-07-29 19:30:31,505 - WARN  [RecvWorker:188978561024:QuorumCnxManager$RecvWorker@765] - Interrupting SendWorker
2015-07-29 19:30:31,505 - WARN  [SendWorker:188978561024:QuorumCnxManager$SendWorker@679] - Interrupted while waiting for message on queue
2015-07-29 19:30:31,505 - WARN  [SendWorker:188978561024:QuorumCnxManager$SendWorker@688] - Send worker leaving thread
2015-07-29 19:30:31,609 - INFO  [/10.10.34.13:3888:QuorumCnxManager$Listener@493] - Received connection request /10.10.34.13:46050
2015-07-29 19:30:31,609 - WARN  [RecvWorker:188978561024:QuorumCnxManager$RecvWorker@762] - Connection broken for id 188978561024, my id = 3, error = 
2015-07-29 19:30:31,610 - WARN  [RecvWorker:188978561024:QuorumCnxManager$RecvWorker@765] - Interrupting SendWorker
2015-07-29 19:30:31,610 - WARN  [SendWorker:188978561024:QuorumCnxManager$SendWorker@679] - Interrupted while waiting for message on queue
2015-07-29 19:30:31,610 - WARN  [SendWorker:188978561024:QuorumCnxManager$SendWorker@688] - Send worker leaving thread
2015-07-29 19:30:31,611 - INFO  [/10.10.34.13:3888:QuorumCnxManager$Listener@493] - Received connection request /10.10.34.13:46055
2015-07-29 19:30:31,615 - INFO  [/10.10.34.13:3888:QuorumCnxManager$Listener@493] - Received connection request /10.10.34.13:46056
2015-07-29 19:30:31,615 - WARN  [RecvWorker:188978561024:QuorumCnxManager$RecvWorker@762] - Connection broken for id 188978561024, my id = 3, error = 
2015-07-29 19:30:31,615 - WARN  [SendWorker:188978561024:QuorumCnxManager$SendWorker@679] - Interrupted while waiting for message on queue
2015-07-29 19:30:31,615 - WARN  [SendWorker:188978561024:QuorumCnxManager$SendWorker@688] - Send worker leaving thread
2015-07-29 19:30:31,615 - INFO  [/10.10.34.13:3888:QuorumCnxManager$Listener@493] - Received connection request /10.10.34.13:46059
2015-07-29 19:30:31,615 - WARN  [RecvWorker:188978561024:QuorumCnxManager$RecvWorker@765] - Interrupting SendWorker
2015-07-29 19:30:31,615 - WARN  [RecvWorker:188978561024:QuorumCnxManager$RecvWorker@762] - Connection broken for id 188978561024, my id = 3, error = 
2015-07-29 19:30:31,616 - WARN  [RecvWorker:188978561024:QuorumCnxManager$RecvWorker@765] - Interrupting SendWorker
2015-07-29 19:30:31,616 - WARN  [SendWorker:188978561024:QuorumCnxManager$SendWorker@679] - Interrupted while waiting for message on queue
2015-07-29 19:30:31,616 - WARN  [SendWorker:188978561024:QuorumCnxManager$SendWorker@688] - Send worker leaving thread
2015-07-29 19:30:31,616 - WARN  [RecvWorker:188978561024:QuorumCnxManager$RecvWorker@762] - Connection broken for id 188978561024, my id = 3, error = 
2015-07-29 19:30:31,617 - WARN  [RecvWorker:188978561024:QuorumCnxManager$RecvWorker@765] - Interrupting SendWorker
2015-07-29 19:30:31,617 - WARN  [SendWorker:188978561024:QuorumCnxManager$SendWorker@679] - Interrupted while waiting for message on queue
2015-07-29 19:30:31,617 - WARN  [SendWorker:188978561024:QuorumCnxManager$SendWorker@688] - Send worker leaving thread
2015-07-29 19:30:34,742 - INFO  [/10.10.34.13:3888:QuorumCnxManager$Listener@493] - Received connection request /10.10.34.11:48549
2015-07-29 19:30:34,743 - WARN  [RecvWorker:188978561024:QuorumCnxManager$RecvWorker@762] - Connection broken for id 188978561024, my id = 3, error = 
2015-07-29 19:30:34,743 - WARN  [RecvWorker:188978561024:QuorumCnxManager$RecvWorker@765] - Interrupting SendWorker
2015-07-29 19:30:34,743 - INFO  [/10.10.34.13:3888:QuorumCnxManager$Listener@493] - Received connection request /10.10.34.11:48551
2015-07-29 19:30:34,744 - WARN  [SendWorker:188978561024:QuorumCnxManager$SendWorker@679] - Interrupted while waiting for message on queue
2015-07-29 19:30:34,744 - WARN  [SendWorker:188978561024:QuorumCnxManager$SendWorker@688] - Send worker leaving thread
2015-07-29 19:30:34,744 - INFO  [/10.10.34.13:3888:QuorumCnxManager$Listener@493] - Received connection request /10.10.34.11:48552
2015-07-29 19:30:34,744 - WARN  [RecvWorker:188978561024:QuorumCnxManager$RecvWorker@762] - Connection broken for id 188978561024, my id = 3, error = 
2015-07-29 19:30:34,744 - WARN  [RecvWorker:188978561024:QuorumCnxManager$RecvWorker@765] - Interrupting SendWorker
2015-07-29 19:30:34,744 - WARN  [SendWorker:188978561024:QuorumCnxManager$SendWorker@679] - Interrupted while waiting for message on queue
2015-07-29 19:30:34,745 - WARN  [SendWorker:188978561024:QuorumCnxManager$SendWorker@688] - Send worker leaving thread
2015-07-29 19:30:34,745 - WARN  [RecvWorker:188978561024:QuorumCnxManager$RecvWorker@762] - Connection broken for id 188978561024, my id = 3, error = 
2015-07-29 19:30:34,745 - WARN  [RecvWorker:188978561024:QuorumCnxManager$RecvWorker@765] - Interrupting SendWorker
2015-07-29 19:30:34,745 - INFO  [/10.10.34.13:3888:QuorumCnxManager$Listener@493] - Received connection request /10.10.34.11:48554
2015-07-29 19:30:34,745 - WARN  [SendWorker:188978561024:QuorumCnxManager$SendWorker@679] - Interrupted while waiting for message on queue
2015-07-29 19:30:34,746 - WARN  [SendWorker:188978561024:QuorumCnxManager$SendWorker@688] - Send worker leaving thread
2015-07-29 19:30:34,746 - WARN  [RecvWorker:188978561024:QuorumCnxManager$RecvWorker@762] - Connection broken for id 188978561024, my id = 3, error = 
2015-07-29 19:30:34,746 - WARN  [RecvWorker:188978561024:QuorumCnxManager$RecvWorker@765] - Interrupting SendWorker
2015-07-29 19:30:34,746 - WARN  [SendWorker:188978561024:QuorumCnxManager$SendWorker@679] - Interrupted while waiting for message on queue
2015-07-29 19:30:34,747 - WARN  [SendWorker:188978561024:QuorumCnxManager$SendWorker@688] - Send worker leaving thread
2015-07-29 19:30:34,840 - INFO  [/10.10.34.13:3888:QuorumCnxManager$Listener@493] - Received connection request /10.10.34.12:48790
2015-07-29 19:30:34,840 - WARN  [RecvWorker:188978561024:QuorumCnxManager$RecvWorker@762] - Connection broken for id 188978561024, my id = 3, error = 
2015-07-29 19:30:34,840 - WARN  [RecvWorker:188978561024:QuorumCnxManager$RecvWorker@765] - Interrupting SendWorker
2015-07-29 19:30:34,841 - WARN  [SendWorker:188978561024:QuorumCnxManager$SendWorker@679] - Interrupted while waiting for message on queue
2015-07-29 19:30:34,841 - WARN  [SendWorker:188978561024:QuorumCnxManager$SendWorker@688] - Send worker leaving thread
2015-07-29 19:30:34,841 - INFO  [/10.10.34.13:3888:QuorumCnxManager$Listener@493] - Received connection request /10.10.34.12:48793
2015-07-29 19:30:34,842 - WARN  [RecvWorker:188978561024:QuorumCnxManager$RecvWorker@762] - Connection broken for id 188978561024, my id = 3, error = 
2015-07-29 19:30:34,842 - WARN  [RecvWorker:188978561024:QuorumCnxManager$RecvWorker@765] - Interrupting SendWorker
2015-07-29 19:30:34,842 - WARN  [SendWorker:188978561024:QuorumCnxManager$SendWorker@679] - Interrupted while waiting for message on queue
2015-07-29 19:30:34,843 - WARN  [SendWorker:188978561024:QuorumCnxManager$SendWorker@688] - Send worker leaving thread
2015-07-29 19:30:34,843 - INFO  [/10.10.34.13:3888:QuorumCnxManager$Listener@493] - Received connection request /10.10.34.12:48798
2015-07-29 19:30:34,843 - WARN  [RecvWorker:188978561024:QuorumCnxManager$RecvWorker@762] - Connection broken for id 188978561024, my id = 3, error = 
2015-07-29 19:30:34,843 - WARN  [RecvWorker:188978561024:QuorumCnxManager$RecvWorker@765] - Interrupting SendWorker
2015-07-29 19:30:34,844 - WARN  [SendWorker:188978561024:QuorumCnxManager$SendWorker@679] - Interrupted while waiting for message on queue
2015-07-29 19:30:34,844 - WARN  [SendWorker:188978561024:QuorumCnxManager$SendWorker@688] - Send worker leaving thread
2015-07-29 19:30:34,844 - INFO  [/10.10.34.13:3888:QuorumCnxManager$Listener@493] - Received connection request /10.10.34.12:48800
2015-07-29 19:30:34,845 - WARN  [RecvWorker:188978561024:QuorumCnxManager$RecvWorker@762] - Connection broken for id 188978561024, my id = 3, error = 
2015-07-29 19:30:34,845 - WARN  [RecvWorker:188978561024:QuorumCnxManager$RecvWorker@765] - Interrupting SendWorker
2015-07-29 19:30:34,845 - WARN  [SendWorker:188978561024:QuorumCnxManager$SendWorker@679] - Interrupted while waiting for message on queue
2015-07-29 19:30:34,845 - WARN  [SendWorker:188978561024:QuorumCnxManager$SendWorker@688] - Send worker leaving thread
2015-07-29 19:30:34,949 - INFO  [/10.10.34.13:3888:QuorumCnxManager$Listener@493] - Received connection request /10.10.34.13:46062
2015-07-29 19:30:34,950 - WARN  [RecvWorker:188978561024:QuorumCnxManager$RecvWorker@762] - Connection broken for id 188978561024, my id = 3, error = 
2015-07-29 19:30:34,950 - WARN  [RecvWorker:188978561024:QuorumCnxManager$RecvWorker@765] - Interrupting SendWorker
2015-07-29 19:30:34,950 - WARN  [SendWorker:188978561024:QuorumCnxManager$SendWorker@679] - Interrupted while waiting for message on queue
2015-07-29 19:30:34,950 - WARN  [SendWorker:188978561024:QuorumCnxManager$SendWorker@688] - Send worker leaving thread
2015-07-29 19:30:34,954 - INFO  [/10.10.34.13:3888:QuorumCnxManager$Listener@493] - Received connection request /10.10.34.13:46069
2015-07-29 19:30:34,955 - WARN  [RecvWorker:188978561024:QuorumCnxManager$RecvWorker@762] - Connection broken for id 188978561024, my id = 3, error = 
2015-07-29 19:30:34,955 - WARN  [RecvWorker:188978561024:QuorumCnxManager$RecvWorker@765] - Interrupting SendWorker
2015-07-29 19:30:34,955 - INFO  [/10.10.34.13:3888:QuorumCnxManager$Listener@493] - Received connection request /10.10.34.13:46070
2015-07-29 19:30:34,955 - WARN  [SendWorker:188978561024:QuorumCnxManager$SendWorker@679] - Interrupted while waiting for message on queue
2015-07-29 19:30:34,955 - WARN  [SendWorker:188978561024:QuorumCnxManager$SendWorker@688] - Send worker leaving thread
2015-07-29 19:30:34,956 - INFO  [/10.10.34.13:3888:QuorumCnxManager$Listener@493] - Received connection request /10.10.34.13:46071
2015-07-29 19:30:34,956 - WARN  [RecvWorker:188978561024:QuorumCnxManager$RecvWorker@762] - Connection broken for id 188978561024, my id = 3, error = 
2015-07-29 19:30:34,956 - WARN  [RecvWorker:188978561024:QuorumCnxManager$RecvWorker@765] - Interrupting SendWorker
2015-07-29 19:30:34,956 - WARN  [SendWorker:188978561024:QuorumCnxManager$SendWorker@679] - Interrupted while waiting for message on queue
2015-07-29 19:30:34,956 - WARN  [SendWorker:188978561024:QuorumCnxManager$SendWorker@688] - Send worker leaving thread
2015-07-29 19:30:34,956 - WARN  [RecvWorker:188978561024:QuorumCnxManager$RecvWorker@762] - Connection broken for id 188978561024, my id = 3, error = 
2015-07-29 19:30:34,957 - WARN  [RecvWorker:188978561024:QuorumCnxManager$RecvWorker@765] - Interrupting SendWorker
2015-07-29 19:30:34,957 - WARN  [SendWorker:188978561024:QuorumCnxManager$SendWorker@679] - Interrupted while waiting for message on queue
2015-07-29 19:30:34,957 - WARN  [SendWorker:188978561024:QuorumCnxManager$SendWorker@688] - Send worker leaving thread
2015-07-29 19:30:38,083 - INFO  [/10.10.34.13:3888:QuorumCnxManager$Listener@493] - Received connection request /10.10.34.11:48561
2015-07-29 19:30:38,083 - WARN  [RecvWorker:188978561024:QuorumCnxManager$RecvWorker@762] - Connection broken for id 188978561024, my id = 3, error = 
2015-07-29 19:30:38,084 - WARN  [RecvWorker:188978561024:QuorumCnxManager$RecvWorker@765] - Interrupting SendWorker
2015-07-29 19:30:38,084 - INFO  [/10.10.34.13:3888:QuorumCnxManager$Listener@493] - Received connection request /10.10.34.11:48563
2015-07-29 19:30:38,084 - WARN  [SendWorker:188978561024:QuorumCnxManager$SendWorker@679] - Interrupted while waiting for message on queue
2015-07-29 19:30:38,084 - WARN  [SendWorker:188978561024:QuorumCnxManager$SendWorker@688] - Send worker leaving thread
2015-07-29 19:30:38,084 - INFO  [/10.10.34.13:3888:QuorumCnxManager$Listener@493] - Received connection request /10.10.34.11:48565
2015-07-29 19:30:38,085 - WARN  [RecvWorker:188978561024:QuorumCnxManager$RecvWorker@762] - Connection broken for id 188978561024, my id = 3, error = 
2015-07-29 19:30:38,085 - WARN  [RecvWorker:188978561024:QuorumCnxManager$RecvWorker@765] - Interrupting SendWorker
2015-07-29 19:30:38,085 - WARN  [SendWorker:188978561024:QuorumCnxManager$SendWorker@679] - Interrupted while waiting for message on queue
2015-07-29 19:30:38,085 - WARN  [SendWorker:188978561024:QuorumCnxManager$SendWorker@688] - Send worker leaving thread
2015-07-29 19:30:38,085 - WARN  [RecvWorker:188978561024:QuorumCnxManager$RecvWorker@762] - Connection broken for id 188978561024, my id = 3, error = 
2015-07-29 19:30:38,085 - WARN  [RecvWorker:188978561024:QuorumCnxManager$RecvWorker@765] - Interrupting SendWorker
2015-07-29 19:30:38,085 - INFO  [/10.10.34.13:3888:QuorumCnxManager$Listener@493] - Received connection request /10.10.34.11:48566
2015-07-29 19:30:38,086 - WARN  [SendWorker:188978561024:QuorumCnxManager$SendWorker@679] - Interrupted while waiting for message on queue
2015-07-29 19:30:38,086 - WARN  [SendWorker:188978561024:QuorumCnxManager$SendWorker@688] - Send worker leaving thread
2015-07-29 19:30:38,086 - WARN  [RecvWorker:188978561024:QuorumCnxManager$RecvWorker@762] - Connection broken for id 188978561024, my id = 3, error = 
2015-07-29 19:30:38,086 - WARN  [RecvWorker:188978561024:QuorumCnxManager$RecvWorker@765] - Interrupting SendWorker
2015-07-29 19:30:38,087 - WARN  [SendWorker:188978561024:QuorumCnxManager$SendWorker@679] - Interrupted while waiting for message on queue
2015-07-29 19:30:38,087 - WARN  [SendWorker:188978561024:QuorumCnxManager$SendWorker@688] - Send worker leaving thread
2015-07-29 19:30:38,180 - INFO  [/10.10.34.13:3888:QuorumCnxManager$Listener@493] - Received connection request /10.10.34.12:48802
2015-07-29 19:30:38,180 - WARN  [RecvWorker:188978561024:QuorumCnxManager$RecvWorker@762] - Connection broken for id 188978561024, my id = 3, error = 
2015-07-29 19:30:38,180 - WARN  [RecvWorker:188978561024:QuorumCnxManager$RecvWorker@765] - Interrupting SendWorker
2015-07-29 19:30:38,181 - WARN  [SendWorker:188978561024:QuorumCnxManager$SendWorker@679] - Interrupted while waiting for message on queue
2015-07-29 19:30:38,181 - WARN  [SendWorker:188978561024:QuorumCnxManager$SendWorker@688] - Send worker leaving thread
2015-07-29 19:30:38,182 - INFO  [/10.10.34.13:3888:QuorumCnxManager$Listener@493] - Received connection request /10.10.34.12:48806
2015-07-29 19:30:38,182 - WARN  [RecvWorker:188978561024:QuorumCnxManager$RecvWorker@762] - Connection broken for id 188978561024, my id = 3, error = 
2015-07-29 19:30:38,183 - WARN  [RecvWorker:188978561024:QuorumCnxManager$RecvWorker@765] - Interrupting SendWorker
2015-07-29 19:30:38,183 - INFO  [/10.10.34.13:3888:QuorumCnxManager$Listener@493] - Received connection request /10.10.34.12:48809
2015-07-29 19:30:38,183 - WARN  [SendWorker:188978561024:QuorumCnxManager$SendWorker@679] - Interrupted while waiting for message on queue
2015-07-29 19:30:38,183 - WARN  [SendWorker:188978561024:QuorumCnxManager$SendWorker@688] - Send worker leaving thread
2015-07-29 19:30:38,183 - INFO  [/10.10.34.13:3888:QuorumCnxManager$Listener@493] - Received connection request /10.10.34.12:48811
2015-07-29 19:30:38,183 - WARN  [RecvWorker:188978561024:QuorumCnxManager$RecvWorker@762] - Connection broken for id 188978561024, my id = 3, error = 
2015-07-29 19:30:38,184 - WARN  [RecvWorker:188978561024:QuorumCnxManager$RecvWorker@765] - Interrupting SendWorker
2015-07-29 19:30:38,184 - WARN  [SendWorker:188978561024:QuorumCnxManager$SendWorker@679] - Interrupted while waiting for message on queue
2015-07-29 19:30:38,184 - WARN  [RecvWorker:188978561024:QuorumCnxManager$RecvWorker@762] - Connection broken for id 188978561024, my id = 3, error = 
2015-07-29 19:30:38,184 - WARN  [RecvWorker:188978561024:QuorumCnxManager$RecvWorker@765] - Interrupting SendWorker
2015-07-29 19:30:38,184 - WARN  [SendWorker:188978561024:QuorumCnxManager$SendWorker@688] - Send worker leaving thread
2015-07-29 19:30:38,184 - WARN  [SendWorker:188978561024:QuorumCnxManager$SendWorker@679] - Interrupted while waiting for message on queue
2015-07-29 19:30:38,185 - WARN  [SendWorker:188978561024:QuorumCnxManager$SendWorker@688] - Send worker leaving thread
2015-07-29 19:30:38,290 - INFO  [/10.10.34.13:3888:QuorumCnxManager$Listener@493] - Received connection request /10.10.34.13:46074
2015-07-29 19:30:38,290 - WARN  [RecvWorker:188978561024:QuorumCnxManager$RecvWorker@762] - Connection broken for id 188978561024, my id = 3, error = 
2015-07-29 19:30:38,290 - WARN  [RecvWorker:188978561024:QuorumCnxManager$RecvWorker@765] - Interrupting SendWorker
2015-07-29 19:30:38,291 - WARN  [SendWorker:188978561024:QuorumCnxManager$SendWorker@679] - Interrupted while waiting for message on queue
2015-07-29 19:30:38,291 - WARN  [SendWorker:188978561024:QuorumCnxManager$SendWorker@688] - Send worker leaving thread
2015-07-29 19:30:38,294 - INFO  [/10.10.34.13:3888:QuorumCnxManager$Listener@493] - Received connection request /10.10.34.13:46080
2015-07-29 19:30:38,295 - WARN  [RecvWorker:188978561024:QuorumCnxManager$RecvWorker@762] - Connection broken for id 188978561024, my id = 3, error = 
2015-07-29 19:30:38,295 - WARN  [RecvWorker:188978561024:QuorumCnxManager$RecvWorker@765] - Interrupting SendWorker
2015-07-29 19:30:38,295 - WARN  [SendWorker:188978561024:QuorumCnxManager$SendWorker@679] - Interrupted while waiting for message on queue
2015-07-29 19:30:38,295 - WARN  [SendWorker:188978561024:QuorumCnxManager$SendWorker@688] - Send worker leaving thread
2015-07-29 19:30:38,295 - INFO  [/10.10.34.13:3888:QuorumCnxManager$Listener@493] - Received connection request /10.10.34.13:46083
2015-07-29 19:30:38,296 - INFO  [/10.10.34.13:3888:QuorumCnxManager$Listener@493] - Received connection request /10.10.34.13:46084
2015-07-29 19:30:38,296 - WARN  [RecvWorker:188978561024:QuorumCnxManager$RecvWorker@762] - Connection broken for id 188978561024, my id = 3, error = 
2015-07-29 19:30:38,296 - WARN  [RecvWorker:188978561024:QuorumCnxManager$RecvWorker@765] - Interrupting SendWorker
2015-07-29 19:30:38,296 - WARN  [SendWorker:188978561024:QuorumCnxManager$SendWorker@679] - Interrupted while waiting for message on queue
2015-07-29 19:30:38,297 - WARN  [RecvWorker:188978561024:QuorumCnxManager$RecvWorker@762] - Connection broken for id 188978561024, my id = 3, error = 
2015-07-29 19:30:38,297 - WARN  [RecvWorker:188978561024:QuorumCnxManager$RecvWorker@765] - Interrupting SendWorker
2015-07-29 19:30:38,297 - WARN  [SendWorker:188978561024:QuorumCnxManager$SendWorker@688] - Send worker leaving thread
2015-07-29 19:30:38,297 - WARN  [SendWorker:188978561024:QuorumCnxManager$SendWorker@679] - Interrupted while waiting for message on queue
2015-07-29 19:30:38,298 - WARN  [SendWorker:188978561024:QuorumCnxManager$SendWorker@688] - Send worker leaving thread
2015-07-29 19:30:41,423 - INFO  [/10.10.34.13:3888:QuorumCnxManager$Listener@493] - Received connection request /10.10.34.11:48574
2015-07-29 19:30:41,424 - WARN  [RecvWorker:188978561024:QuorumCnxManager$RecvWorker@762] - Connection broken for id 188978561024, my id = 3, error = 
2015-07-29 19:30:41,424 - WARN  [RecvWorker:188978561024:QuorumCnxManager$RecvWorker@765] - Interrupting SendWorker
2015-07-29 19:30:41,424 - INFO  [/10.10.34.13:3888:QuorumCnxManager$Listener@493] - Received connection request /10.10.34.11:48575
2015-07-29 19:30:41,424 - WARN  [SendWorker:188978561024:QuorumCnxManager$SendWorker@679] - Interrupted while waiting for message on queue
2015-07-29 19:30:41,425 - WARN  [SendWorker:188978561024:QuorumCnxManager$SendWorker@688] - Send worker leaving thread
2015-07-29 19:30:41,425 - INFO  [/10.10.34.13:3888:QuorumCnxManager$Listener@493] - Received connection request /10.10.34.11:48577
2015-07-29 19:30:41,425 - WARN  [RecvWorker:188978561024:QuorumCnxManager$RecvWorker@762] - Connection broken for id 188978561024, my id = 3, error = 
2015-07-29 19:30:41,425 - WARN  [RecvWorker:188978561024:QuorumCnxManager$RecvWorker@765] - Interrupting SendWorker
2015-07-29 19:30:41,425 - WARN  [SendWorker:188978561024:QuorumCnxManager$SendWorker@679] - Interrupted while waiting for message on queue
2015-07-29 19:30:41,426 - WARN  [SendWorker:188978561024:QuorumCnxManager$SendWorker@688] - Send worker leaving thread
2015-07-29 19:30:41,426 - WARN  [RecvWorker:188978561024:QuorumCnxManager$RecvWorker@762] - Connection broken for id 188978561024, my id = 3, error = 
2015-07-29 19:30:41,426 - WARN  [RecvWorker:188978561024:QuorumCnxManager$RecvWorker@765] - Interrupting SendWorker
2015-07-29 19:30:41,426 - INFO  [/10.10.34.13:3888:QuorumCnxManager$Listener@493] - Received connection request /10.10.34.11:48578
2015-07-29 19:30:41,426 - WARN  [SendWorker:188978561024:QuorumCnxManager$SendWorker@679] - Interrupted while waiting for message on queue
2015-07-29 19:30:41,426 - WARN  [SendWorker:188978561024:QuorumCnxManager$SendWorker@688] - Send worker leaving thread
2015-07-29 19:30:41,427 - WARN  [RecvWorker:188978561024:QuorumCnxManager$RecvWorker@762] - Connection broken for id 188978561024, my id = 3, error = 
2015-07-29 19:30:41,427 - WARN  [RecvWorker:188978561024:QuorumCnxManager$RecvWorker@765] - Interrupting SendWorker
2015-07-29 19:30:41,427 - WARN  [SendWorker:188978561024:QuorumCnxManager$SendWorker@679] - Interrupted while waiting for message on queue
2015-07-29 19:30:41,427 - WARN  [SendWorker:188978561024:QuorumCnxManager$SendWorker@688] - Send worker leaving thread
2015-07-29 19:30:41,520 - INFO  [/10.10.34.13:3888:QuorumCnxManager$Listener@493] - Received connection request /10.10.34.12:48814
2015-07-29 19:30:41,520 - WARN  [RecvWorker:188978561024:QuorumCnxManager$RecvWorker@762] - Connection broken for id 188978561024, my id = 3, error = 
2015-07-29 19:30:41,521 - WARN  [RecvWorker:188978561024:QuorumCnxManager$RecvWorker@765] - Interrupting SendWorker
2015-07-29 19:30:41,521 - WARN  [SendWorker:188978561024:QuorumCnxManager$SendWorker@679] - Interrupted while waiting for message on queue
2015-07-29 19:30:41,521 - WARN  [SendWorker:188978561024:QuorumCnxManager$SendWorker@688] - Send worker leaving thread
2015-07-29 19:30:41,522 - INFO  [/10.10.34.13:3888:QuorumCnxManager$Listener@493] - Received connection request /10.10.34.12:48818
2015-07-29 19:30:41,522 - WARN  [RecvWorker:188978561024:QuorumCnxManager$RecvWorker@762] - Connection broken for id 188978561024, my id = 3, error = 
2015-07-29 19:30:41,523 - WARN  [RecvWorker:188978561024:QuorumCnxManager$RecvWorker@765] - Interrupting SendWorker
2015-07-29 19:30:41,523 - INFO  [/10.10.34.13:3888:QuorumCnxManager$Listener@493] - Received connection request /10.10.34.12:48821
2015-07-29 19:30:41,523 - WARN  [SendWorker:188978561024:QuorumCnxManager$SendWorker@679] - Interrupted while waiting for message on queue
2015-07-29 19:30:41,523 - WARN  [SendWorker:188978561024:QuorumCnxManager$SendWorker@688] - Send worker leaving thread
2015-07-29 19:30:41,523 - INFO  [/10.10.34.13:3888:QuorumCnxManager$Listener@493] - Received connection request /10.10.34.12:48823
2015-07-29 19:30:41,523 - WARN  [RecvWorker:188978561024:QuorumCnxManager$RecvWorker@762] - Connection broken for id 188978561024, my id = 3, error = 
2015-07-29 19:30:41,524 - WARN  [RecvWorker:188978561024:QuorumCnxManager$RecvWorker@765] - Interrupting SendWorker
2015-07-29 19:30:41,524 - WARN  [SendWorker:188978561024:QuorumCnxManager$SendWorker@679] - Interrupted while waiting for message on queue
2015-07-29 19:30:41,524 - WARN  [SendWorker:188978561024:QuorumCnxManager$SendWorker@688] - Send worker leaving thread
2015-07-29 19:30:41,524 - WARN  [RecvWorker:188978561024:QuorumCnxManager$RecvWorker@762] - Connection broken for id 188978561024, my id = 3, error = 
2015-07-29 19:30:41,524 - WARN  [RecvWorker:188978561024:QuorumCnxManager$RecvWorker@765] - Interrupting SendWorker
2015-07-29 19:30:41,525 - WARN  [SendWorker:188978561024:QuorumCnxManager$SendWorker@679] - Interrupted while waiting for message on queue
2015-07-29 19:30:41,525 - WARN  [SendWorker:188978561024:QuorumCnxManager$SendWorker@688] - Send worker leaving thread
2015-07-29 19:30:41,630 - INFO  [/10.10.34.13:3888:QuorumCnxManager$Listener@493] - Received connection request /10.10.34.13:46086
2015-07-29 19:30:41,631 - WARN  [RecvWorker:188978561024:QuorumCnxManager$RecvWorker@762] - Connection broken for id 188978561024, my id = 3, error = 
2015-07-29 19:30:41,631 - WARN  [RecvWorker:188978561024:QuorumCnxManager$RecvWorker@765] - Interrupting SendWorker
2015-07-29 19:30:41,631 - WARN  [SendWorker:188978561024:QuorumCnxManager$SendWorker@679] - Interrupted while waiting for message on queue
2015-07-29 19:30:41,631 - WARN  [SendWorker:188978561024:QuorumCnxManager$SendWorker@688] - Send worker leaving thread
2015-07-29 19:30:41,634 - INFO  [/10.10.34.13:3888:QuorumCnxManager$Listener@493] - Received connection request /10.10.34.13:46091
2015-07-29 19:30:41,635 - WARN  [RecvWorker:188978561024:QuorumCnxManager$RecvWorker@762] - Connection broken for id 188978561024, my id = 3, error = 
2015-07-29 19:30:41,635 - WARN  [RecvWorker:188978561024:QuorumCnxManager$RecvWorker@765] - Interrupting SendWorker
2015-07-29 19:30:41,635 - WARN  [SendWorker:188978561024:QuorumCnxManager$SendWorker@679] - Interrupted while waiting for message on queue
2015-07-29 19:30:41,635 - WARN  [SendWorker:188978561024:QuorumCnxManager$SendWorker@688] - Send worker leaving thread
2015-07-29 19:30:41,636 - INFO  [/10.10.34.13:3888:QuorumCnxManager$Listener@493] - Received connection request /10.10.34.13:46095
2015-07-29 19:30:41,636 - INFO  [/10.10.34.13:3888:QuorumCnxManager$Listener@493] - Received connection request /10.10.34.13:46096
2015-07-29 19:30:41,636 - WARN  [RecvWorker:188978561024:QuorumCnxManager$RecvWorker@762] - Connection broken for id 188978561024, my id = 3, error = 
2015-07-29 19:30:41,637 - WARN  [RecvWorker:188978561024:QuorumCnxManager$RecvWorker@765] - Interrupting SendWorker
2015-07-29 19:30:41,637 - WARN  [SendWorker:188978561024:QuorumCnxManager$SendWorker@679] - Interrupted while waiting for message on queue
2015-07-29 19:30:41,637 - WARN  [SendWorker:188978561024:QuorumCnxManager$SendWorker@688] - Send worker leaving thread
2015-07-29 19:30:41,637 - WARN  [RecvWorker:188978561024:QuorumCnxManager$RecvWorker@762] - Connection broken for id 188978561024, my id = 3, error = 
2015-07-29 19:30:41,637 - WARN  [RecvWorker:188978561024:QuorumCnxManager$RecvWorker@765] - Interrupting SendWorker
2015-07-29 19:30:41,638 - WARN  [SendWorker:188978561024:QuorumCnxManager$SendWorker@679] - Interrupted while waiting for message on queue
2015-07-29 19:30:41,638 - WARN  [SendWorker:188978561024:QuorumCnxManager$SendWorker@688] - Send worker leaving thread
2015-07-29 19:30:44,764 - INFO  [/10.10.34.13:3888:QuorumCnxManager$Listener@493] - Received connection request /10.10.34.11:48586
2015-07-29 19:30:44,764 - INFO  [/10.10.34.13:3888:QuorumCnxManager$Listener@493] - Received connection request /10.10.34.11:48587
2015-07-29 19:30:44,765 - WARN  [RecvWorker:188978561024:QuorumCnxManager$RecvWorker@762] - Connection broken for id 188978561024, my id = 3, error = 
2015-07-29 19:30:44,765 - WARN  [RecvWorker:188978561024:QuorumCnxManager$RecvWorker@765] - Interrupting SendWorker
2015-07-29 19:30:44,765 - WARN  [SendWorker:188978561024:QuorumCnxManager$SendWorker@679] - Interrupted while waiting for message on queue
2015-07-29 19:30:44,765 - WARN  [SendWorker:188978561024:QuorumCnxManager$SendWorker@688] - Send worker leaving thread
2015-07-29 19:30:44,765 - INFO  [/10.10.34.13:3888:QuorumCnxManager$Listener@493] - Received connection request /10.10.34.11:48588
2015-07-29 19:30:44,765 - WARN  [RecvWorker:188978561024:QuorumCnxManager$RecvWorker@762] - Connection broken for id 188978561024, my id = 3, error = 
2015-07-29 19:30:44,766 - WARN  [RecvWorker:188978561024:QuorumCnxManager$RecvWorker@765] - Interrupting SendWorker
2015-07-29 19:30:44,766 - WARN  [SendWorker:188978561024:QuorumCnxManager$SendWorker@679] - Interrupted while waiting for message on queue
2015-07-29 19:30:44,766 - WARN  [SendWorker:188978561024:QuorumCnxManager$SendWorker@688] - Send worker leaving thread
2015-07-29 19:30:44,766 - WARN  [RecvWorker:188978561024:QuorumCnxManager$RecvWorker@762] - Connection broken for id 188978561024, my id = 3, error = 
2015-07-29 19:30:44,766 - WARN  [RecvWorker:188978561024:QuorumCnxManager$RecvWorker@765] - Interrupting SendWorker
2015-07-29 19:30:44,766 - INFO  [/10.10.34.13:3888:QuorumCnxManager$Listener@493] - Received connection request /10.10.34.11:48590
2015-07-29 19:30:44,766 - WARN  [SendWorker:188978561024:QuorumCnxManager$SendWorker@679] - Interrupted while waiting for message on queue
2015-07-29 19:30:44,767 - WARN  [SendWorker:188978561024:QuorumCnxManager$SendWorker@688] - Send worker leaving thread
2015-07-29 19:30:44,767 - WARN  [RecvWorker:188978561024:QuorumCnxManager$RecvWorker@762] - Connection broken for id 188978561024, my id = 3, error = 
2015-07-29 19:30:44,767 - WARN  [RecvWorker:188978561024:QuorumCnxManager$RecvWorker@765] - Interrupting SendWorker
2015-07-29 19:30:44,767 - WARN  [SendWorker:188978561024:QuorumCnxManager$SendWorker@679] - Interrupted while waiting for message on queue
2015-07-29 19:30:44,768 - WARN  [SendWorker:188978561024:QuorumCnxManager$SendWorker@688] - Send worker leaving thread
2015-07-29 19:30:44,860 - INFO  [/10.10.34.13:3888:QuorumCnxManager$Listener@493] - Received connection request /10.10.34.12:48826
2015-07-29 19:30:44,860 - WARN  [RecvWorker:188978561024:QuorumCnxManager$RecvWorker@762] - Connection broken for id 188978561024, my id = 3, error = 
2015-07-29 19:30:44,861 - WARN  [RecvWorker:188978561024:QuorumCnxManager$RecvWorker@765] - Interrupting SendWorker
2015-07-29 19:30:44,861 - WARN  [SendWorker:188978561024:QuorumCnxManager$SendWorker@679] - Interrupted while waiting for message on queue
2015-07-29 19:30:44,861 - WARN  [SendWorker:188978561024:QuorumCnxManager$SendWorker@688] - Send worker leaving thread
2015-07-29 19:30:44,862 - INFO  [/10.10.34.13:3888:QuorumCnxManager$Listener@493] - Received connection request /10.10.34.12:48830
2015-07-29 19:30:44,862 - WARN  [RecvWorker:188978561024:QuorumCnxManager$RecvWorker@762] - Connection broken for id 188978561024, my id = 3, error = 
2015-07-29 19:30:44,863 - WARN  [RecvWorker:188978561024:QuorumCnxManager$RecvWorker@765] - Interrupting SendWorker
2015-07-29 19:30:44,863 - INFO  [/10.10.34.13:3888:QuorumCnxManager$Listener@493] - Received connection request /10.10.34.12:48833
2015-07-29 19:30:44,863 - WARN  [SendWorker:188978561024:QuorumCnxManager$SendWorker@679] - Interrupted while waiting for message on queue
2015-07-29 19:30:44,863 - WARN  [SendWorker:188978561024:QuorumCnxManager$SendWorker@688] - Send worker leaving thread
2015-07-29 19:30:44,863 - WARN  [RecvWorker:188978561024:QuorumCnxManager$RecvWorker@762] - Connection broken for id 188978561024, my id = 3, error = 
2015-07-29 19:30:44,864 - WARN  [RecvWorker:188978561024:QuorumCnxManager$RecvWorker@765] - Interrupting SendWorker
2015-07-29 19:30:44,863 - INFO  [/10.10.34.13:3888:QuorumCnxManager$Listener@493] - Received connection request /10.10.34.12:48835
2015-07-29 19:30:44,864 - WARN  [SendWorker:188978561024:QuorumCnxManager$SendWorker@679] - Interrupted while waiting for message on queue
2015-07-29 19:30:44,864 - WARN  [SendWorker:188978561024:QuorumCnxManager$SendWorker@688] - Send worker leaving thread
2015-07-29 19:30:44,864 - WARN  [RecvWorker:188978561024:QuorumCnxManager$RecvWorker@762] - Connection broken for id 188978561024, my id = 3, error = 
2015-07-29 19:30:44,864 - WARN  [RecvWorker:188978561024:QuorumCnxManager$RecvWorker@765] - Interrupting SendWorker
2015-07-29 19:30:44,865 - WARN  [SendWorker:188978561024:QuorumCnxManager$SendWorker@679] - Interrupted while waiting for message on queue
2015-07-29 19:30:44,865 - WARN  [SendWorker:188978561024:QuorumCnxManager$SendWorker@688] - Send worker leaving thread
2015-07-29 19:30:44,970 - INFO  [/10.10.34.13:3888:QuorumCnxManager$Listener@493] - Received connection request /10.10.34.13:46098
2015-07-29 19:30:44,971 - WARN  [RecvWorker:188978561024:QuorumCnxManager$RecvWorker@762] - Connection broken for id 188978561024, my id = 3, error = 
2015-07-29 19:30:44,971 - WARN  [RecvWorker:188978561024:QuorumCnxManager$RecvWorker@765] - Interrupting SendWorker
2015-07-29 19:30:44,971 - WARN  [SendWorker:188978561024:QuorumCnxManager$SendWorker@679] - Interrupted while waiting for message on queue
2015-07-29 19:30:44,971 - WARN  [SendWorker:188978561024:QuorumCnxManager$SendWorker@688] - Send worker leaving thread
2015-07-29 19:30:44,974 - INFO  [/10.10.34.13:3888:QuorumCnxManager$Listener@493] - Received connection request /10.10.34.13:46103
2015-07-29 19:30:44,975 - WARN  [RecvWorker:188978561024:QuorumCnxManager$RecvWorker@762] - Connection broken for id 188978561024, my id = 3, error = 
2015-07-29 19:30:44,975 - WARN  [RecvWorker:188978561024:QuorumCnxManager$RecvWorker@765] - Interrupting SendWorker
2015-07-29 19:30:44,975 - WARN  [SendWorker:188978561024:QuorumCnxManager$SendWorker@679] - Interrupted while waiting for message on queue
2015-07-29 19:30:44,976 - WARN  [SendWorker:188978561024:QuorumCnxManager$SendWorker@688] - Send worker leaving thread
2015-07-29 19:30:44,976 - INFO  [/10.10.34.13:3888:QuorumCnxManager$Listener@493] - Received connection request /10.10.34.13:46107
2015-07-29 19:30:44,977 - INFO  [/10.10.34.13:3888:QuorumCnxManager$Listener@493] - Received connection request /10.10.34.13:46108
2015-07-29 19:30:44,977 - WARN  [RecvWorker:188978561024:QuorumCnxManager$RecvWorker@762] - Connection broken for id 188978561024, my id = 3, error = 
2015-07-29 19:30:44,977 - WARN  [RecvWorker:188978561024:QuorumCnxManager$RecvWorker@765] - Interrupting SendWorker
2015-07-29 19:30:44,977 - WARN  [SendWorker:188978561024:QuorumCnxManager$SendWorker@679] - Interrupted while waiting for message on queue
2015-07-29 19:30:44,977 - WARN  [SendWorker:188978561024:QuorumCnxManager$SendWorker@688] - Send worker leaving thread
2015-07-29 19:30:44,977 - WARN  [RecvWorker:188978561024:QuorumCnxManager$RecvWorker@762] - Connection broken for id 188978561024, my id = 3, error = 
2015-07-29 19:30:44,977 - WARN  [RecvWorker:188978561024:QuorumCnxManager$RecvWorker@765] - Interrupting SendWorker
2015-07-29 19:30:44,978 - WARN  [SendWorker:188978561024:QuorumCnxManager$SendWorker@679] - Interrupted while waiting for message on queue
2015-07-29 19:30:44,978 - WARN  [SendWorker:188978561024:QuorumCnxManager$SendWorker@688] - Send worker leaving thread
2015-07-29 19:30:48,104 - INFO  [/10.10.34.13:3888:QuorumCnxManager$Listener@493] - Received connection request /10.10.34.11:48598
2015-07-29 19:30:48,105 - INFO  [/10.10.34.13:3888:QuorumCnxManager$Listener@493] - Received connection request /10.10.34.11:48599
2015-07-29 19:30:48,105 - WARN  [RecvWorker:188978561024:QuorumCnxManager$RecvWorker@762] - Connection broken for id 188978561024, my id = 3, error = 
2015-07-29 19:30:48,105 - WARN  [RecvWorker:188978561024:QuorumCnxManager$RecvWorker@765] - Interrupting SendWorker
2015-07-29 19:30:48,105 - WARN  [SendWorker:188978561024:QuorumCnxManager$SendWorker@679] - Interrupted while waiting for message on queue
2015-07-29 19:30:48,105 - WARN  [SendWorker:188978561024:QuorumCnxManager$SendWorker@688] - Send worker leaving thread
2015-07-29 19:30:48,105 - INFO  [/10.10.34.13:3888:QuorumCnxManager$Listener@493] - Received connection request /10.10.34.11:48600
2015-07-29 19:30:48,105 - WARN  [RecvWorker:188978561024:QuorumCnxManager$RecvWorker@762] - Connection broken for id 188978561024, my id = 3, error = 
2015-07-29 19:30:48,106 - WARN  [RecvWorker:188978561024:QuorumCnxManager$RecvWorker@765] - Interrupting SendWorker
2015-07-29 19:30:48,106 - WARN  [SendWorker:188978561024:QuorumCnxManager$SendWorker@679] - Interrupted while waiting for message on queue
2015-07-29 19:30:48,106 - WARN  [SendWorker:188978561024:QuorumCnxManager$SendWorker@688] - Send worker leaving thread
2015-07-29 19:30:48,106 - WARN  [RecvWorker:188978561024:QuorumCnxManager$RecvWorker@762] - Connection broken for id 188978561024, my id = 3, error = 
2015-07-29 19:30:48,106 - WARN  [RecvWorker:188978561024:QuorumCnxManager$RecvWorker@765] - Interrupting SendWorker
2015-07-29 19:30:48,107 - WARN  [SendWorker:188978561024:QuorumCnxManager$SendWorker@679] - Interrupted while waiting for message on queue
2015-07-29 19:30:48,107 - WARN  [SendWorker:188978561024:QuorumCnxManager$SendWorker@688] - Send worker leaving thread
2015-07-29 19:30:48,107 - INFO  [/10.10.34.13:3888:QuorumCnxManager$Listener@493] - Received connection request /10.10.34.11:48602
2015-07-29 19:30:48,108 - WARN  [RecvWorker:188978561024:QuorumCnxManager$RecvWorker@762] - Connection broken for id 188978561024, my id = 3, error = 
2015-07-29 19:30:48,108 - WARN  [RecvWorker:188978561024:QuorumCnxManager$RecvWorker@765] - Interrupting SendWorker
2015-07-29 19:30:48,108 - WARN  [SendWorker:188978561024:QuorumCnxManager$SendWorker@679] - Interrupted while waiting for message on queue
2015-07-29 19:30:48,108 - WARN  [SendWorker:188978561024:QuorumCnxManager$SendWorker@688] - Send worker leaving thread
2015-07-29 19:30:48,200 - INFO  [/10.10.34.13:3888:QuorumCnxManager$Listener@493] - Received connection request /10.10.34.12:48838
2015-07-29 19:30:48,200 - WARN  [RecvWorker:188978561024:QuorumCnxManager$RecvWorker@762] - Connection broken for id 188978561024, my id = 3, error = 
2015-07-29 19:30:48,200 - WARN  [RecvWorker:188978561024:QuorumCnxManager$RecvWorker@765] - Interrupting SendWorker
2015-07-29 19:30:48,201 - WARN  [SendWorker:188978561024:QuorumCnxManager$SendWorker@679] - Interrupted while waiting for message on queue
2015-07-29 19:30:48,201 - WARN  [SendWorker:188978561024:QuorumCnxManager$SendWorker@688] - Send worker leaving thread
2015-07-29 19:30:48,202 - INFO  [/10.10.34.13:3888:QuorumCnxManager$Listener@493] - Received connection request /10.10.34.12:48842
2015-07-29 19:30:48,203 - WARN  [RecvWorker:188978561024:QuorumCnxManager$RecvWorker@762] - Connection broken for id 188978561024, my id = 3, error = 
2015-07-29 19:30:48,203 - WARN  [RecvWorker:188978561024:QuorumCnxManager$RecvWorker@765] - Interrupting SendWorker
2015-07-29 19:30:48,203 - INFO  [/10.10.34.13:3888:QuorumCnxManager$Listener@493] - Received connection request /10.10.34.12:48845
2015-07-29 19:30:48,203 - WARN  [SendWorker:188978561024:QuorumCnxManager$SendWorker@679] - Interrupted while waiting for message on queue
2015-07-29 19:30:48,203 - WARN  [SendWorker:188978561024:QuorumCnxManager$SendWorker@688] - Send worker leaving thread
2015-07-29 19:30:48,204 - WARN  [RecvWorker:188978561024:QuorumCnxManager$RecvWorker@762] - Connection broken for id 188978561024, my id = 3, error = 
2015-07-29 19:30:48,204 - WARN  [RecvWorker:188978561024:QuorumCnxManager$RecvWorker@765] - Interrupting SendWorker
2015-07-29 19:30:48,204 - INFO  [/10.10.34.13:3888:QuorumCnxManager$Listener@493] - Received connection request /10.10.34.12:48847
2015-07-29 19:30:48,204 - WARN  [SendWorker:188978561024:QuorumCnxManager$SendWorker@679] - Interrupted while waiting for message on queue
2015-07-29 19:30:48,204 - WARN  [SendWorker:188978561024:QuorumCnxManager$SendWorker@688] - Send worker leaving thread
2015-07-29 19:30:48,204 - WARN  [RecvWorker:188978561024:QuorumCnxManager$RecvWorker@762] - Connection broken for id 188978561024, my id = 3, error = 
2015-07-29 19:30:48,205 - WARN  [RecvWorker:188978561024:QuorumCnxManager$RecvWorker@765] - Interrupting SendWorker
2015-07-29 19:30:48,205 - WARN  [SendWorker:188978561024:QuorumCnxManager$SendWorker@679] - Interrupted while waiting for message on queue
2015-07-29 19:30:48,205 - WARN  [SendWorker:188978561024:QuorumCnxManager$SendWorker@688] - Send worker leaving thread
2015-07-29 19:30:48,310 - INFO  [/10.10.34.13:3888:QuorumCnxManager$Listener@493] - Received connection request /10.10.34.13:46110
2015-07-29 19:30:48,311 - WARN  [RecvWorker:188978561024:QuorumCnxManager$RecvWorker@762] - Connection broken for id 188978561024, my id = 3, error = 
2015-07-29 19:30:48,311 - WARN  [RecvWorker:188978561024:QuorumCnxManager$RecvWorker@765] - Interrupting SendWorker
2015-07-29 19:30:48,311 - WARN  [SendWorker:188978561024:QuorumCnxManager$SendWorker@679] - Interrupted while waiting for message on queue
2015-07-29 19:30:48,311 - WARN  [SendWorker:188978561024:QuorumCnxManager$SendWorker@688] - Send worker leaving thread
2015-07-29 19:30:48,314 - INFO  [/10.10.34.13:3888:QuorumCnxManager$Listener@493] - Received connection request /10.10.34.13:46115
2015-07-29 19:30:48,315 - WARN  [RecvWorker:188978561024:QuorumCnxManager$RecvWorker@762] - Connection broken for id 188978561024, my id = 3, error = 
2015-07-29 19:30:48,315 - WARN  [RecvWorker:188978561024:QuorumCnxManager$RecvWorker@765] - Interrupting SendWorker
2015-07-29 19:30:48,315 - WARN  [SendWorker:188978561024:QuorumCnxManager$SendWorker@679] - Interrupted while waiting for message on queue
2015-07-29 19:30:48,316 - WARN  [SendWorker:188978561024:QuorumCnxManager$SendWorker@688] - Send worker leaving thread
2015-07-29 19:30:48,316 - INFO  [/10.10.34.13:3888:QuorumCnxManager$Listener@493] - Received connection request /10.10.34.13:46119
2015-07-29 19:30:48,317 - INFO  [/10.10.34.13:3888:QuorumCnxManager$Listener@493] - Received connection request /10.10.34.13:46120
2015-07-29 19:30:48,317 - WARN  [RecvWorker:188978561024:QuorumCnxManager$RecvWorker@762] - Connection broken for id 188978561024, my id = 3, error = 
2015-07-29 19:30:48,317 - WARN  [RecvWorker:188978561024:QuorumCnxManager$RecvWorker@765] - Interrupting SendWorker
2015-07-29 19:30:48,317 - WARN  [SendWorker:188978561024:QuorumCnxManager$SendWorker@679] - Interrupted while waiting for message on queue
2015-07-29 19:30:48,317 - WARN  [SendWorker:188978561024:QuorumCnxManager$SendWorker@688] - Send worker leaving thread
2015-07-29 19:30:48,317 - WARN  [RecvWorker:188978561024:QuorumCnxManager$RecvWorker@762] - Connection broken for id 188978561024, my id = 3, error = 
2015-07-29 19:30:48,317 - WARN  [RecvWorker:188978561024:QuorumCnxManager$RecvWorker@765] - Interrupting SendWorker
2015-07-29 19:30:48,318 - WARN  [SendWorker:188978561024:QuorumCnxManager$SendWorker@679] - Interrupted while waiting for message on queue
2015-07-29 19:30:48,318 - WARN  [SendWorker:188978561024:QuorumCnxManager$SendWorker@688] - Send worker leaving thread
2015-07-29 19:30:51,445 - INFO  [/10.10.34.13:3888:QuorumCnxManager$Listener@493] - Received connection request /10.10.34.11:48609
2015-07-29 19:30:51,445 - WARN  [RecvWorker:188978561024:QuorumCnxManager$RecvWorker@762] - Connection broken for id 188978561024, my id = 3, error = 
2015-07-29 19:30:51,445 - WARN  [RecvWorker:188978561024:QuorumCnxManager$RecvWorker@765] - Interrupting SendWorker
2015-07-29 19:30:51,445 - INFO  [/10.10.34.13:3888:QuorumCnxManager$Listener@493] - Received connection request /10.10.34.11:48611
2015-07-29 19:30:51,446 - WARN  [SendWorker:188978561024:QuorumCnxManager$SendWorker@679] - Interrupted while waiting for message on queue
2015-07-29 19:30:51,446 - WARN  [SendWorker:188978561024:QuorumCnxManager$SendWorker@688] - Send worker leaving thread
2015-07-29 19:30:51,446 - INFO  [/10.10.34.13:3888:QuorumCnxManager$Listener@493] - Received connection request /10.10.34.11:48612
2015-07-29 19:30:51,446 - WARN  [RecvWorker:188978561024:QuorumCnxManager$RecvWorker@762] - Connection broken for id 188978561024, my id = 3, error = 
2015-07-29 19:30:51,446 - WARN  [RecvWorker:188978561024:QuorumCnxManager$RecvWorker@765] - Interrupting SendWorker
2015-07-29 19:30:51,446 - WARN  [SendWorker:188978561024:QuorumCnxManager$SendWorker@679] - Interrupted while waiting for message on queue
2015-07-29 19:30:51,446 - WARN  [SendWorker:188978561024:QuorumCnxManager$SendWorker@688] - Send worker leaving thread
2015-07-29 19:30:51,447 - WARN  [RecvWorker:188978561024:QuorumCnxManager$RecvWorker@762] - Connection broken for id 188978561024, my id = 3, error = 
2015-07-29 19:30:51,447 - WARN  [RecvWorker:188978561024:QuorumCnxManager$RecvWorker@765] - Interrupting SendWorker
2015-07-29 19:30:51,447 - WARN  [SendWorker:188978561024:QuorumCnxManager$SendWorker@679] - Interrupted while waiting for message on queue
2015-07-29 19:30:51,447 - WARN  [SendWorker:188978561024:QuorumCnxManager$SendWorker@688] - Send worker leaving thread
2015-07-29 19:30:51,447 - INFO  [/10.10.34.13:3888:QuorumCnxManager$Listener@493] - Received connection request /10.10.34.11:48614
2015-07-29 19:30:51,448 - WARN  [RecvWorker:188978561024:QuorumCnxManager$RecvWorker@762] - Connection broken for id 188978561024, my id = 3, error = 
2015-07-29 19:30:51,448 - WARN  [RecvWorker:188978561024:QuorumCnxManager$RecvWorker@765] - Interrupting SendWorker
2015-07-29 19:30:51,448 - WARN  [SendWorker:188978561024:QuorumCnxManager$SendWorker@679] - Interrupted while waiting for message on queue
2015-07-29 19:30:51,448 - WARN  [SendWorker:188978561024:QuorumCnxManager$SendWorker@688] - Send worker leaving thread
2015-07-29 19:30:51,540 - INFO  [/10.10.34.13:3888:QuorumCnxManager$Listener@493] - Received connection request /10.10.34.12:48850
2015-07-29 19:30:51,540 - WARN  [RecvWorker:188978561024:QuorumCnxManager$RecvWorker@762] - Connection broken for id 188978561024, my id = 3, error = 
2015-07-29 19:30:51,541 - WARN  [RecvWorker:188978561024:QuorumCnxManager$RecvWorker@765] - Interrupting SendWorker
2015-07-29 19:30:51,541 - WARN  [SendWorker:188978561024:QuorumCnxManager$SendWorker@679] - Interrupted while waiting for message on queue
2015-07-29 19:30:51,541 - WARN  [SendWorker:188978561024:QuorumCnxManager$SendWorker@688] - Send worker leaving thread
2015-07-29 19:30:51,542 - INFO  [/10.10.34.13:3888:QuorumCnxManager$Listener@493] - Received connection request /10.10.34.12:48854
2015-07-29 19:30:51,543 - WARN  [RecvWorker:188978561024:QuorumCnxManager$RecvWorker@762] - Connection broken for id 188978561024, my id = 3, error = 
2015-07-29 19:30:51,543 - WARN  [RecvWorker:188978561024:QuorumCnxManager$RecvWorker@765] - Interrupting SendWorker
2015-07-29 19:30:51,543 - INFO  [/10.10.34.13:3888:QuorumCnxManager$Listener@493] - Received connection request /10.10.34.12:48857
2015-07-29 19:30:51,543 - WARN  [SendWorker:188978561024:QuorumCnxManager$SendWorker@679] - Interrupted while waiting for message on queue
2015-07-29 19:30:51,544 - WARN  [SendWorker:188978561024:QuorumCnxManager$SendWorker@688] - Send worker leaving thread
2015-07-29 19:30:51,544 - WARN  [RecvWorker:188978561024:QuorumCnxManager$RecvWorker@762] - Connection broken for id 188978561024, my id = 3, error = 
2015-07-29 19:30:51,544 - WARN  [RecvWorker:188978561024:QuorumCnxManager$RecvWorker@765] - Interrupting SendWorker
2015-07-29 19:30:51,544 - INFO  [/10.10.34.13:3888:QuorumCnxManager$Listener@493] - Received connection request /10.10.34.12:48859
2015-07-29 19:30:51,544 - WARN  [SendWorker:188978561024:QuorumCnxManager$SendWorker@679] - Interrupted while waiting for message on queue
2015-07-29 19:30:51,544 - WARN  [SendWorker:188978561024:QuorumCnxManager$SendWorker@688] - Send worker leaving thread
2015-07-29 19:30:51,545 - WARN  [RecvWorker:188978561024:QuorumCnxManager$RecvWorker@762] - Connection broken for id 188978561024, my id = 3, error = 
2015-07-29 19:30:51,545 - WARN  [RecvWorker:188978561024:QuorumCnxManager$RecvWorker@765] - Interrupting SendWorker
2015-07-29 19:30:51,545 - WARN  [SendWorker:188978561024:QuorumCnxManager$SendWorker@679] - Interrupted while waiting for message on queue
2015-07-29 19:30:51,545 - WARN  [SendWorker:188978561024:QuorumCnxManager$SendWorker@688] - Send worker leaving thread
2015-07-29 19:30:51,650 - INFO  [/10.10.34.13:3888:QuorumCnxManager$Listener@493] - Received connection request /10.10.34.13:46122
2015-07-29 19:30:51,651 - WARN  [RecvWorker:188978561024:QuorumCnxManager$RecvWorker@762] - Connection broken for id 188978561024, my id = 3, error = 
2015-07-29 19:30:51,651 - WARN  [RecvWorker:188978561024:QuorumCnxManager$RecvWorker@765] - Interrupting SendWorker
2015-07-29 19:30:51,651 - WARN  [SendWorker:188978561024:QuorumCnxManager$SendWorker@679] - Interrupted while waiting for message on queue
2015-07-29 19:30:51,652 - WARN  [SendWorker:188978561024:QuorumCnxManager$SendWorker@688] - Send worker leaving thread
2015-07-29 19:30:51,655 - INFO  [/10.10.34.13:3888:QuorumCnxManager$Listener@493] - Received connection request /10.10.34.13:46128
2015-07-29 19:30:51,655 - WARN  [RecvWorker:188978561024:QuorumCnxManager$RecvWorker@762] - Connection broken for id 188978561024, my id = 3, error = 
2015-07-29 19:30:51,655 - WARN  [RecvWorker:188978561024:QuorumCnxManager$RecvWorker@765] - Interrupting SendWorker
2015-07-29 19:30:51,656 - WARN  [SendWorker:188978561024:QuorumCnxManager$SendWorker@679] - Interrupted while waiting for message on queue
2015-07-29 19:30:51,656 - WARN  [SendWorker:188978561024:QuorumCnxManager$SendWorker@688] - Send worker leaving thread
2015-07-29 19:30:51,656 - INFO  [/10.10.34.13:3888:QuorumCnxManager$Listener@493] - Received connection request /10.10.34.13:46131
2015-07-29 19:30:51,657 - INFO  [/10.10.34.13:3888:QuorumCnxManager$Listener@493] - Received connection request /10.10.34.13:46132
2015-07-29 19:30:51,657 - WARN  [RecvWorker:188978561024:QuorumCnxManager$RecvWorker@762] - Connection broken for id 188978561024, my id = 3, error = 
2015-07-29 19:30:51,657 - WARN  [RecvWorker:188978561024:QuorumCnxManager$RecvWorker@765] - Interrupting SendWorker
2015-07-29 19:30:51,657 - WARN  [SendWorker:188978561024:QuorumCnxManager$SendWorker@679] - Interrupted while waiting for message on queue
2015-07-29 19:30:51,657 - WARN  [SendWorker:188978561024:QuorumCnxManager$SendWorker@688] - Send worker leaving thread
2015-07-29 19:30:51,657 - WARN  [RecvWorker:188978561024:QuorumCnxManager$RecvWorker@762] - Connection broken for id 188978561024, my id = 3, error = 
2015-07-29 19:30:51,657 - WARN  [RecvWorker:188978561024:QuorumCnxManager$RecvWorker@765] - Interrupting SendWorker
2015-07-29 19:30:51,658 - WARN  [SendWorker:188978561024:QuorumCnxManager$SendWorker@679] - Interrupted while waiting for message on queue
2015-07-29 19:30:51,658 - WARN  [SendWorker:188978561024:QuorumCnxManager$SendWorker@688] - Send worker leaving thread
2015-07-29 19:30:54,785 - INFO  [/10.10.34.13:3888:QuorumCnxManager$Listener@493] - Received connection request /10.10.34.11:48622
2015-07-29 19:30:54,785 - WARN  [RecvWorker:188978561024:QuorumCnxManager$RecvWorker@762] - Connection broken for id 188978561024, my id = 3, error = 
2015-07-29 19:30:54,785 - INFO  [/10.10.34.13:3888:QuorumCnxManager$Listener@493] - Received connection request /10.10.34.11:48623
2015-07-29 19:30:54,786 - WARN  [RecvWorker:188978561024:QuorumCnxManager$RecvWorker@765] - Interrupting SendWorker
2015-07-29 19:30:54,786 - WARN  [SendWorker:188978561024:QuorumCnxManager$SendWorker@679] - Interrupted while waiting for message on queue
2015-07-29 19:30:54,786 - INFO  [/10.10.34.13:3888:QuorumCnxManager$Listener@493] - Received connection request /10.10.34.11:48624
2015-07-29 19:30:54,786 - WARN  [RecvWorker:188978561024:QuorumCnxManager$RecvWorker@762] - Connection broken for id 188978561024, my id = 3, error = 
2015-07-29 19:30:54,787 - WARN  [RecvWorker:188978561024:QuorumCnxManager$RecvWorker@765] - Interrupting SendWorker
2015-07-29 19:30:54,786 - WARN  [SendWorker:188978561024:QuorumCnxManager$SendWorker@688] - Send worker leaving thread
2015-07-29 19:30:54,787 - WARN  [SendWorker:188978561024:QuorumCnxManager$SendWorker@679] - Interrupted while waiting for message on queue
2015-07-29 19:30:54,787 - WARN  [RecvWorker:188978561024:QuorumCnxManager$RecvWorker@762] - Connection broken for id 188978561024, my id = 3, error = 
2015-07-29 19:30:54,787 - WARN  [RecvWorker:188978561024:QuorumCnxManager$RecvWorker@765] - Interrupting SendWorker
2015-07-29 19:30:54,787 - INFO  [/10.10.34.13:3888:QuorumCnxManager$Listener@493] - Received connection request /10.10.34.11:48626
2015-07-29 19:30:54,788 - WARN  [SendWorker:188978561024:QuorumCnxManager$SendWorker@679] - Interrupted while waiting for message on queue
2015-07-29 19:30:54,788 - WARN  [SendWorker:188978561024:QuorumCnxManager$SendWorker@688] - Send worker leaving thread
2015-07-29 19:30:54,787 - WARN  [SendWorker:188978561024:QuorumCnxManager$SendWorker@688] - Send worker leaving thread
2015-07-29 19:30:54,788 - WARN  [RecvWorker:188978561024:QuorumCnxManager$RecvWorker@762] - Connection broken for id 188978561024, my id = 3, error = 
2015-07-29 19:30:54,788 - WARN  [RecvWorker:188978561024:QuorumCnxManager$RecvWorker@765] - Interrupting SendWorker
2015-07-29 19:30:54,788 - WARN  [SendWorker:188978561024:QuorumCnxManager$SendWorker@679] - Interrupted while waiting for message on queue
2015-07-29 19:30:54,788 - WARN  [SendWorker:188978561024:QuorumCnxManager$SendWorker@688] - Send worker leaving thread
2015-07-29 19:30:54,880 - INFO  [/10.10.34.13:3888:QuorumCnxManager$Listener@493] - Received connection request /10.10.34.12:48862
2015-07-29 19:30:54,880 - WARN  [RecvWorker:188978561024:QuorumCnxManager$RecvWorker@762] - Connection broken for id 188978561024, my id = 3, error = 
2015-07-29 19:30:54,881 - WARN  [RecvWorker:188978561024:QuorumCnxManager$RecvWorker@765] - Interrupting SendWorker
2015-07-29 19:30:54,881 - WARN  [SendWorker:188978561024:QuorumCnxManager$SendWorker@679] - Interrupted while waiting for message on queue
2015-07-29 19:30:54,881 - WARN  [SendWorker:188978561024:QuorumCnxManager$SendWorker@688] - Send worker leaving thread
2015-07-29 19:30:54,882 - INFO  [/10.10.34.13:3888:QuorumCnxManager$Listener@493] - Received connection request /10.10.34.12:48865
2015-07-29 19:30:54,883 - WARN  [RecvWorker:188978561024:QuorumCnxManager$RecvWorker@762] - Connection broken for id 188978561024, my id = 3, error = 
2015-07-29 19:30:54,883 - WARN  [RecvWorker:188978561024:QuorumCnxManager$RecvWorker@765] - Interrupting SendWorker
2015-07-29 19:30:54,883 - WARN  [SendWorker:188978561024:QuorumCnxManager$SendWorker@679] - Interrupted while waiting for message on queue
2015-07-29 19:30:54,883 - WARN  [SendWorker:188978561024:QuorumCnxManager$SendWorker@688] - Send worker leaving thread
2015-07-29 19:30:54,883 - INFO  [/10.10.34.13:3888:QuorumCnxManager$Listener@493] - Received connection request /10.10.34.12:48870
2015-07-29 19:30:54,884 - WARN  [RecvWorker:188978561024:QuorumCnxManager$RecvWorker@762] - Connection broken for id 188978561024, my id = 3, error = 
2015-07-29 19:30:54,884 - WARN  [RecvWorker:188978561024:QuorumCnxManager$RecvWorker@765] - Interrupting SendWorker
2015-07-29 19:30:54,884 - INFO  [/10.10.34.13:3888:QuorumCnxManager$Listener@493] - Received connection request /10.10.34.12:48871
2015-07-29 19:30:54,884 - WARN  [SendWorker:188978561024:QuorumCnxManager$SendWorker@679] - Interrupted while waiting for message on queue
2015-07-29 19:30:54,885 - WARN  [SendWorker:188978561024:QuorumCnxManager$SendWorker@688] - Send worker leaving thread
2015-07-29 19:30:54,885 - WARN  [RecvWorker:188978561024:QuorumCnxManager$RecvWorker@762] - Connection broken for id 188978561024, my id = 3, error = 
2015-07-29 19:30:54,885 - WARN  [RecvWorker:188978561024:QuorumCnxManager$RecvWorker@765] - Interrupting SendWorker
2015-07-29 19:30:54,885 - WARN  [SendWorker:188978561024:QuorumCnxManager$SendWorker@679] - Interrupted while waiting for message on queue
2015-07-29 19:30:54,885 - WARN  [SendWorker:188978561024:QuorumCnxManager$SendWorker@688] - Send worker leaving thread
2015-07-29 19:30:54,991 - INFO  [/10.10.34.13:3888:QuorumCnxManager$Listener@493] - Received connection request /10.10.34.13:46134
2015-07-29 19:30:54,991 - WARN  [RecvWorker:188978561024:QuorumCnxManager$RecvWorker@762] - Connection broken for id 188978561024, my id = 3, error = 
2015-07-29 19:30:54,991 - WARN  [RecvWorker:188978561024:QuorumCnxManager$RecvWorker@765] - Interrupting SendWorker
2015-07-29 19:30:54,992 - WARN  [SendWorker:188978561024:QuorumCnxManager$SendWorker@679] - Interrupted while waiting for message on queue
2015-07-29 19:30:54,992 - WARN  [SendWorker:188978561024:QuorumCnxManager$SendWorker@688] - Send worker leaving thread
2015-07-29 19:30:54,995 - INFO  [/10.10.34.13:3888:QuorumCnxManager$Listener@493] - Received connection request /10.10.34.13:46140
2015-07-29 19:30:54,995 - WARN  [RecvWorker:188978561024:QuorumCnxManager$RecvWorker@762] - Connection broken for id 188978561024, my id = 3, error = 
2015-07-29 19:30:54,995 - WARN  [RecvWorker:188978561024:QuorumCnxManager$RecvWorker@765] - Interrupting SendWorker
2015-07-29 19:30:54,995 - WARN  [SendWorker:188978561024:QuorumCnxManager$SendWorker@679] - Interrupted while waiting for message on queue
2015-07-29 19:30:54,996 - WARN  [SendWorker:188978561024:QuorumCnxManager$SendWorker@688] - Send worker leaving thread
2015-07-29 19:30:54,996 - INFO  [/10.10.34.13:3888:QuorumCnxManager$Listener@493] - Received connection request /10.10.34.13:46143
2015-07-29 19:30:54,997 - INFO  [/10.10.34.13:3888:QuorumCnxManager$Listener@493] - Received connection request /10.10.34.13:46144
2015-07-29 19:30:54,997 - WARN  [RecvWorker:188978561024:QuorumCnxManager$RecvWorker@762] - Connection broken for id 188978561024, my id = 3, error = 
2015-07-29 19:30:54,997 - WARN  [RecvWorker:188978561024:QuorumCnxManager$RecvWorker@765] - Interrupting SendWorker
2015-07-29 19:30:54,997 - WARN  [SendWorker:188978561024:QuorumCnxManager$SendWorker@679] - Interrupted while waiting for message on queue
2015-07-29 19:30:54,997 - WARN  [SendWorker:188978561024:QuorumCnxManager$SendWorker@688] - Send worker leaving thread
2015-07-29 19:30:54,997 - WARN  [RecvWorker:188978561024:QuorumCnxManager$RecvWorker@762] - Connection broken for id 188978561024, my id = 3, error = 
2015-07-29 19:30:54,998 - WARN  [RecvWorker:188978561024:QuorumCnxManager$RecvWorker@765] - Interrupting SendWorker
2015-07-29 19:30:54,998 - WARN  [SendWorker:188978561024:QuorumCnxManager$SendWorker@679] - Interrupted while waiting for message on queue
2015-07-29 19:30:54,998 - WARN  [SendWorker:188978561024:QuorumCnxManager$SendWorker@688] - Send worker leaving thread
2015-07-29 19:30:58,125 - INFO  [/10.10.34.13:3888:QuorumCnxManager$Listener@493] - Received connection request /10.10.34.11:48634
2015-07-29 19:30:58,126 - INFO  [/10.10.34.13:3888:QuorumCnxManager$Listener@493] - Received connection request /10.10.34.11:48635
2015-07-29 19:30:58,126 - WARN  [RecvWorker:188978561024:QuorumCnxManager$RecvWorker@762] - Connection broken for id 188978561024, my id = 3, error = 
2015-07-29 19:30:58,126 - WARN  [RecvWorker:188978561024:QuorumCnxManager$RecvWorker@765] - Interrupting SendWorker
2015-07-29 19:30:58,126 - WARN  [SendWorker:188978561024:QuorumCnxManager$SendWorker@679] - Interrupted while waiting for message on queue
2015-07-29 19:30:58,127 - WARN  [SendWorker:188978561024:QuorumCnxManager$SendWorker@688] - Send worker leaving thread
2015-07-29 19:30:58,126 - INFO  [/10.10.34.13:3888:QuorumCnxManager$Listener@493] - Received connection request /10.10.34.11:48636
2015-07-29 19:30:58,127 - WARN  [RecvWorker:188978561024:QuorumCnxManager$RecvWorker@762] - Connection broken for id 188978561024, my id = 3, error = 
2015-07-29 19:30:58,127 - WARN  [RecvWorker:188978561024:QuorumCnxManager$RecvWorker@765] - Interrupting SendWorker
2015-07-29 19:30:58,127 - WARN  [SendWorker:188978561024:QuorumCnxManager$SendWorker@679] - Interrupted while waiting for message on queue
2015-07-29 19:30:58,127 - WARN  [SendWorker:188978561024:QuorumCnxManager$SendWorker@688] - Send worker leaving thread
2015-07-29 19:30:58,127 - WARN  [RecvWorker:188978561024:QuorumCnxManager$RecvWorker@762] - Connection broken for id 188978561024, my id = 3, error = 
2015-07-29 19:30:58,128 - WARN  [RecvWorker:188978561024:QuorumCnxManager$RecvWorker@765] - Interrupting SendWorker
2015-07-29 19:30:58,128 - WARN  [SendWorker:188978561024:QuorumCnxManager$SendWorker@679] - Interrupted while waiting for message on queue
2015-07-29 19:30:58,128 - WARN  [SendWorker:188978561024:QuorumCnxManager$SendWorker@688] - Send worker leaving thread
2015-07-29 19:30:58,128 - INFO  [/10.10.34.13:3888:QuorumCnxManager$Listener@493] - Received connection request /10.10.34.11:48638
2015-07-29 19:30:58,129 - WARN  [RecvWorker:188978561024:QuorumCnxManager$RecvWorker@762] - Connection broken for id 188978561024, my id = 3, error = 
2015-07-29 19:30:58,129 - WARN  [RecvWorker:188978561024:QuorumCnxManager$RecvWorker@765] - Interrupting SendWorker
2015-07-29 19:30:58,129 - WARN  [SendWorker:188978561024:QuorumCnxManager$SendWorker@679] - Interrupted while waiting for message on queue
2015-07-29 19:30:58,129 - WARN  [SendWorker:188978561024:QuorumCnxManager$SendWorker@688] - Send worker leaving thread
2015-07-29 19:30:58,220 - INFO  [/10.10.34.13:3888:QuorumCnxManager$Listener@493] - Received connection request /10.10.34.12:48874
2015-07-29 19:30:58,220 - WARN  [RecvWorker:188978561024:QuorumCnxManager$RecvWorker@762] - Connection broken for id 188978561024, my id = 3, error = 
2015-07-29 19:30:58,221 - WARN  [RecvWorker:188978561024:QuorumCnxManager$RecvWorker@765] - Interrupting SendWorker
2015-07-29 19:30:58,221 - WARN  [SendWorker:188978561024:QuorumCnxManager$SendWorker@679] - Interrupted while waiting for message on queue
2015-07-29 19:30:58,221 - WARN  [SendWorker:188978561024:QuorumCnxManager$SendWorker@688] - Send worker leaving thread
2015-07-29 19:30:58,222 - INFO  [/10.10.34.13:3888:QuorumCnxManager$Listener@493] - Received connection request /10.10.34.12:48877
2015-07-29 19:30:58,223 - WARN  [RecvWorker:188978561024:QuorumCnxManager$RecvWorker@762] - Connection broken for id 188978561024, my id = 3, error = 
2015-07-29 19:30:58,223 - WARN  [RecvWorker:188978561024:QuorumCnxManager$RecvWorker@765] - Interrupting SendWorker
2015-07-29 19:30:58,223 - WARN  [SendWorker:188978561024:QuorumCnxManager$SendWorker@679] - Interrupted while waiting for message on queue
2015-07-29 19:30:58,223 - WARN  [SendWorker:188978561024:QuorumCnxManager$SendWorker@688] - Send worker leaving thread
2015-07-29 19:30:58,223 - INFO  [/10.10.34.13:3888:QuorumCnxManager$Listener@493] - Received connection request /10.10.34.12:48881
2015-07-29 19:30:58,224 - WARN  [RecvWorker:188978561024:QuorumCnxManager$RecvWorker@762] - Connection broken for id 188978561024, my id = 3, error = 
2015-07-29 19:30:58,224 - WARN  [RecvWorker:188978561024:QuorumCnxManager$RecvWorker@765] - Interrupting SendWorker
2015-07-29 19:30:58,224 - INFO  [/10.10.34.13:3888:QuorumCnxManager$Listener@493] - Received connection request /10.10.34.12:48883
2015-07-29 19:30:58,225 - WARN  [SendWorker:188978561024:QuorumCnxManager$SendWorker@679] - Interrupted while waiting for message on queue
2015-07-29 19:30:58,225 - WARN  [SendWorker:188978561024:QuorumCnxManager$SendWorker@688] - Send worker leaving thread
2015-07-29 19:30:58,225 - WARN  [RecvWorker:188978561024:QuorumCnxManager$RecvWorker@762] - Connection broken for id 188978561024, my id = 3, error = 
2015-07-29 19:30:58,225 - WARN  [RecvWorker:188978561024:QuorumCnxManager$RecvWorker@765] - Interrupting SendWorker
2015-07-29 19:30:58,225 - WARN  [SendWorker:188978561024:QuorumCnxManager$SendWorker@679] - Interrupted while waiting for message on queue
2015-07-29 19:30:58,225 - WARN  [SendWorker:188978561024:QuorumCnxManager$SendWorker@688] - Send worker leaving thread
2015-07-29 19:30:58,331 - INFO  [/10.10.34.13:3888:QuorumCnxManager$Listener@493] - Received connection request /10.10.34.13:46146
2015-07-29 19:30:58,331 - WARN  [RecvWorker:188978561024:QuorumCnxManager$RecvWorker@762] - Connection broken for id 188978561024, my id = 3, error = 
2015-07-29 19:30:58,331 - WARN  [RecvWorker:188978561024:QuorumCnxManager$RecvWorker@765] - Interrupting SendWorker
2015-07-29 19:30:58,332 - WARN  [SendWorker:188978561024:QuorumCnxManager$SendWorker@679] - Interrupted while waiting for message on queue
2015-07-29 19:30:58,332 - WARN  [SendWorker:188978561024:QuorumCnxManager$SendWorker@688] - Send worker leaving thread
2015-07-29 19:30:58,335 - INFO  [/10.10.34.13:3888:QuorumCnxManager$Listener@493] - Received connection request /10.10.34.13:46151
2015-07-29 19:30:58,335 - WARN  [RecvWorker:188978561024:QuorumCnxManager$RecvWorker@762] - Connection broken for id 188978561024, my id = 3, error = 
2015-07-29 19:30:58,335 - WARN  [RecvWorker:188978561024:QuorumCnxManager$RecvWorker@765] - Interrupting SendWorker
2015-07-29 19:30:58,336 - WARN  [SendWorker:188978561024:QuorumCnxManager$SendWorker@679] - Interrupted while waiting for message on queue
2015-07-29 19:30:58,336 - WARN  [SendWorker:188978561024:QuorumCnxManager$SendWorker@688] - Send worker leaving thread
2015-07-29 19:30:58,336 - INFO  [/10.10.34.13:3888:QuorumCnxManager$Listener@493] - Received connection request /10.10.34.13:46155
2015-07-29 19:30:58,337 - INFO  [/10.10.34.13:3888:QuorumCnxManager$Listener@493] - Received connection request /10.10.34.13:46156
2015-07-29 19:30:58,337 - WARN  [RecvWorker:188978561024:QuorumCnxManager$RecvWorker@762] - Connection broken for id 188978561024, my id = 3, error = 
2015-07-29 19:30:58,337 - WARN  [RecvWorker:188978561024:QuorumCnxManager$RecvWorker@765] - Interrupting SendWorker
2015-07-29 19:30:58,337 - WARN  [SendWorker:188978561024:QuorumCnxManager$SendWorker@679] - Interrupted while waiting for message on queue
2015-07-29 19:30:58,338 - WARN  [SendWorker:188978561024:QuorumCnxManager$SendWorker@688] - Send worker leaving thread
2015-07-29 19:30:58,338 - WARN  [RecvWorker:188978561024:QuorumCnxManager$RecvWorker@762] - Connection broken for id 188978561024, my id = 3, error = 
2015-07-29 19:30:58,338 - WARN  [RecvWorker:188978561024:QuorumCnxManager$RecvWorker@765] - Interrupting SendWorker
2015-07-29 19:30:58,338 - WARN  [SendWorker:188978561024:QuorumCnxManager$SendWorker@679] - Interrupted while waiting for message on queue
2015-07-29 19:30:58,338 - WARN  [SendWorker:188978561024:QuorumCnxManager$SendWorker@688] - Send worker leaving thread
2015-07-29 19:31:01,465 - INFO  [/10.10.34.13:3888:QuorumCnxManager$Listener@493] - Received connection request /10.10.34.11:48645
2015-07-29 19:31:01,466 - INFO  [/10.10.34.13:3888:QuorumCnxManager$Listener@493] - Received connection request /10.10.34.11:48647
2015-07-29 19:31:01,466 - WARN  [RecvWorker:188978561024:QuorumCnxManager$RecvWorker@762] - Connection broken for id 188978561024, my id = 3, error = 
2015-07-29 19:31:01,466 - WARN  [RecvWorker:188978561024:QuorumCnxManager$RecvWorker@765] - Interrupting SendWorker
2015-07-29 19:31:01,466 - WARN  [SendWorker:188978561024:QuorumCnxManager$SendWorker@679] - Interrupted while waiting for message on queue
2015-07-29 19:31:01,467 - WARN  [SendWorker:188978561024:QuorumCnxManager$SendWorker@688] - Send worker leaving thread
2015-07-29 19:31:01,467 - INFO  [/10.10.34.13:3888:QuorumCnxManager$Listener@493] - Received connection request /10.10.34.11:48648
2015-07-29 19:31:01,467 - WARN  [RecvWorker:188978561024:QuorumCnxManager$RecvWorker@762] - Connection broken for id 188978561024, my id = 3, error = 
2015-07-29 19:31:01,467 - WARN  [RecvWorker:188978561024:QuorumCnxManager$RecvWorker@765] - Interrupting SendWorker
2015-07-29 19:31:01,467 - WARN  [SendWorker:188978561024:QuorumCnxManager$SendWorker@679] - Interrupted while waiting for message on queue
2015-07-29 19:31:01,467 - WARN  [SendWorker:188978561024:QuorumCnxManager$SendWorker@688] - Send worker leaving thread
2015-07-29 19:31:01,468 - WARN  [RecvWorker:188978561024:QuorumCnxManager$RecvWorker@762] - Connection broken for id 188978561024, my id = 3, error = 
2015-07-29 19:31:01,468 - WARN  [RecvWorker:188978561024:QuorumCnxManager$RecvWorker@765] - Interrupting SendWorker
2015-07-29 19:31:01,468 - WARN  [SendWorker:188978561024:QuorumCnxManager$SendWorker@679] - Interrupted while waiting for message on queue
2015-07-29 19:31:01,468 - WARN  [SendWorker:188978561024:QuorumCnxManager$SendWorker@688] - Send worker leaving thread
2015-07-29 19:31:01,468 - INFO  [/10.10.34.13:3888:QuorumCnxManager$Listener@493] - Received connection request /10.10.34.11:48650
2015-07-29 19:31:01,469 - WARN  [RecvWorker:188978561024:QuorumCnxManager$RecvWorker@762] - Connection broken for id 188978561024, my id = 3, error = 
2015-07-29 19:31:01,469 - WARN  [RecvWorker:188978561024:QuorumCnxManager$RecvWorker@765] - Interrupting SendWorker
2015-07-29 19:31:01,469 - WARN  [SendWorker:188978561024:QuorumCnxManager$SendWorker@679] - Interrupted while waiting for message on queue
2015-07-29 19:31:01,469 - WARN  [SendWorker:188978561024:QuorumCnxManager$SendWorker@688] - Send worker leaving thread
2015-07-29 19:31:01,560 - INFO  [/10.10.34.13:3888:QuorumCnxManager$Listener@493] - Received connection request /10.10.34.12:48886
2015-07-29 19:31:01,560 - WARN  [RecvWorker:188978561024:QuorumCnxManager$RecvWorker@762] - Connection broken for id 188978561024, my id = 3, error = 
2015-07-29 19:31:01,561 - WARN  [RecvWorker:188978561024:QuorumCnxManager$RecvWorker@765] - Interrupting SendWorker
2015-07-29 19:31:01,561 - WARN  [SendWorker:188978561024:QuorumCnxManager$SendWorker@679] - Interrupted while waiting for message on queue
2015-07-29 19:31:01,561 - WARN  [SendWorker:188978561024:QuorumCnxManager$SendWorker@688] - Send worker leaving thread
2015-07-29 19:31:01,562 - INFO  [/10.10.34.13:3888:QuorumCnxManager$Listener@493] - Received connection request /10.10.34.12:48890
2015-07-29 19:31:01,563 - WARN  [RecvWorker:188978561024:QuorumCnxManager$RecvWorker@762] - Connection broken for id 188978561024, my id = 3, error = 
2015-07-29 19:31:01,563 - WARN  [RecvWorker:188978561024:QuorumCnxManager$RecvWorker@765] - Interrupting SendWorker
2015-07-29 19:31:01,563 - WARN  [SendWorker:188978561024:QuorumCnxManager$SendWorker@679] - Interrupted while waiting for message on queue
2015-07-29 19:31:01,564 - WARN  [SendWorker:188978561024:QuorumCnxManager$SendWorker@688] - Send worker leaving thread
2015-07-29 19:31:01,564 - INFO  [/10.10.34.13:3888:QuorumCnxManager$Listener@493] - Received connection request /10.10.34.12:48893
2015-07-29 19:31:01,564 - WARN  [RecvWorker:188978561024:QuorumCnxManager$RecvWorker@762] - Connection broken for id 188978561024, my id = 3, error = 
2015-07-29 19:31:01,564 - WARN  [RecvWorker:188978561024:QuorumCnxManager$RecvWorker@765] - Interrupting SendWorker
2015-07-29 19:31:01,564 - INFO  [/10.10.34.13:3888:QuorumCnxManager$Listener@493] - Received connection request /10.10.34.12:48895
2015-07-29 19:31:01,565 - WARN  [SendWorker:188978561024:QuorumCnxManager$SendWorker@679] - Interrupted while waiting for message on queue
2015-07-29 19:31:01,565 - WARN  [SendWorker:188978561024:QuorumCnxManager$SendWorker@688] - Send worker leaving thread
2015-07-29 19:31:01,565 - WARN  [RecvWorker:188978561024:QuorumCnxManager$RecvWorker@762] - Connection broken for id 188978561024, my id = 3, error = 
2015-07-29 19:31:01,565 - WARN  [RecvWorker:188978561024:QuorumCnxManager$RecvWorker@765] - Interrupting SendWorker
2015-07-29 19:31:01,566 - WARN  [SendWorker:188978561024:QuorumCnxManager$SendWorker@679] - Interrupted while waiting for message on queue
2015-07-29 19:31:01,566 - WARN  [SendWorker:188978561024:QuorumCnxManager$SendWorker@688] - Send worker leaving thread
2015-07-29 19:31:01,671 - INFO  [/10.10.34.13:3888:QuorumCnxManager$Listener@493] - Received connection request /10.10.34.13:46158
2015-07-29 19:31:01,671 - WARN  [RecvWorker:188978561024:QuorumCnxManager$RecvWorker@762] - Connection broken for id 188978561024, my id = 3, error = 
2015-07-29 19:31:01,672 - WARN  [RecvWorker:188978561024:QuorumCnxManager$RecvWorker@765] - Interrupting SendWorker
2015-07-29 19:31:01,672 - WARN  [SendWorker:188978561024:QuorumCnxManager$SendWorker@679] - Interrupted while waiting for message on queue
2015-07-29 19:31:01,672 - WARN  [SendWorker:188978561024:QuorumCnxManager$SendWorker@688] - Send worker leaving thread
2015-07-29 19:31:01,675 - INFO  [/10.10.34.13:3888:QuorumCnxManager$Listener@493] - Received connection request /10.10.34.13:46163
2015-07-29 19:31:01,676 - WARN  [RecvWorker:188978561024:QuorumCnxManager$RecvWorker@762] - Connection broken for id 188978561024, my id = 3, error = 
2015-07-29 19:31:01,676 - WARN  [RecvWorker:188978561024:QuorumCnxManager$RecvWorker@765] - Interrupting SendWorker
2015-07-29 19:31:01,676 - WARN  [SendWorker:188978561024:QuorumCnxManager$SendWorker@679] - Interrupted while waiting for message on queue
2015-07-29 19:31:01,676 - WARN  [SendWorker:188978561024:QuorumCnxManager$SendWorker@688] - Send worker leaving thread
2015-07-29 19:31:01,677 - INFO  [/10.10.34.13:3888:QuorumCnxManager$Listener@493] - Received connection request /10.10.34.13:46167
2015-07-29 19:31:01,677 - INFO  [/10.10.34.13:3888:QuorumCnxManager$Listener@493] - Received connection request /10.10.34.13:46168
2015-07-29 19:31:01,677 - WARN  [RecvWorker:188978561024:QuorumCnxManager$RecvWorker@762] - Connection broken for id 188978561024, my id = 3, error = 
2015-07-29 19:31:01,678 - WARN  [RecvWorker:188978561024:QuorumCnxManager$RecvWorker@765] - Interrupting SendWorker
2015-07-29 19:31:01,678 - WARN  [SendWorker:188978561024:QuorumCnxManager$SendWorker@679] - Interrupted while waiting for message on queue
2015-07-29 19:31:01,678 - WARN  [SendWorker:188978561024:QuorumCnxManager$SendWorker@688] - Send worker leaving thread
2015-07-29 19:31:01,678 - WARN  [RecvWorker:188978561024:QuorumCnxManager$RecvWorker@762] - Connection broken for id 188978561024, my id = 3, error = 
2015-07-29 19:31:01,678 - WARN  [RecvWorker:188978561024:QuorumCnxManager$RecvWorker@765] - Interrupting SendWorker
2015-07-29 19:31:01,678 - WARN  [SendWorker:188978561024:QuorumCnxManager$SendWorker@679] - Interrupted while waiting for message on queue
2015-07-29 19:31:01,679 - WARN  [SendWorker:188978561024:QuorumCnxManager$SendWorker@688] - Send worker leaving thread
2015-07-29 19:31:04,806 - INFO  [/10.10.34.13:3888:QuorumCnxManager$Listener@493] - Received connection request /10.10.34.11:48657
2015-07-29 19:31:04,806 - WARN  [RecvWorker:188978561024:QuorumCnxManager$RecvWorker@762] - Connection broken for id 188978561024, my id = 3, error = 
2015-07-29 19:31:04,807 - WARN  [RecvWorker:188978561024:QuorumCnxManager$RecvWorker@765] - Interrupting SendWorker
2015-07-29 19:31:04,807 - INFO  [/10.10.34.13:3888:QuorumCnxManager$Listener@493] - Received connection request /10.10.34.11:48659
2015-07-29 19:31:04,807 - WARN  [SendWorker:188978561024:QuorumCnxManager$SendWorker@679] - Interrupted while waiting for message on queue
2015-07-29 19:31:04,807 - WARN  [SendWorker:188978561024:QuorumCnxManager$SendWorker@688] - Send worker leaving thread
2015-07-29 19:31:04,807 - INFO  [/10.10.34.13:3888:QuorumCnxManager$Listener@493] - Received connection request /10.10.34.11:48660
2015-07-29 19:31:04,807 - WARN  [RecvWorker:188978561024:QuorumCnxManager$RecvWorker@762] - Connection broken for id 188978561024, my id = 3, error = 
2015-07-29 19:31:04,808 - WARN  [RecvWorker:188978561024:QuorumCnxManager$RecvWorker@765] - Interrupting SendWorker
2015-07-29 19:31:04,808 - WARN  [SendWorker:188978561024:QuorumCnxManager$SendWorker@679] - Interrupted while waiting for message on queue
2015-07-29 19:31:04,808 - WARN  [SendWorker:188978561024:QuorumCnxManager$SendWorker@688] - Send worker leaving thread
2015-07-29 19:31:04,808 - WARN  [RecvWorker:188978561024:QuorumCnxManager$RecvWorker@762] - Connection broken for id 188978561024, my id = 3, error = 
2015-07-29 19:31:04,808 - WARN  [RecvWorker:188978561024:QuorumCnxManager$RecvWorker@765] - Interrupting SendWorker
2015-07-29 19:31:04,808 - WARN  [SendWorker:188978561024:QuorumCnxManager$SendWorker@679] - Interrupted while waiting for message on queue
2015-07-29 19:31:04,809 - WARN  [SendWorker:188978561024:QuorumCnxManager$SendWorker@688] - Send worker leaving thread
2015-07-29 19:31:04,808 - INFO  [/10.10.34.13:3888:QuorumCnxManager$Listener@493] - Received connection request /10.10.34.11:48662
2015-07-29 19:31:04,809 - WARN  [RecvWorker:188978561024:QuorumCnxManager$RecvWorker@762] - Connection broken for id 188978561024, my id = 3, error = 
2015-07-29 19:31:04,809 - WARN  [RecvWorker:188978561024:QuorumCnxManager$RecvWorker@765] - Interrupting SendWorker
2015-07-29 19:31:04,810 - WARN  [SendWorker:188978561024:QuorumCnxManager$SendWorker@679] - Interrupted while waiting for message on queue
2015-07-29 19:31:04,810 - WARN  [SendWorker:188978561024:QuorumCnxManager$SendWorker@688] - Send worker leaving thread
2015-07-29 19:31:04,900 - INFO  [/10.10.34.13:3888:QuorumCnxManager$Listener@493] - Received connection request /10.10.34.12:48898
2015-07-29 19:31:04,901 - WARN  [RecvWorker:188978561024:QuorumCnxManager$RecvWorker@762] - Connection broken for id 188978561024, my id = 3, error = 
2015-07-29 19:31:04,901 - WARN  [RecvWorker:188978561024:QuorumCnxManager$RecvWorker@765] - Interrupting SendWorker
2015-07-29 19:31:04,901 - WARN  [SendWorker:188978561024:QuorumCnxManager$SendWorker@679] - Interrupted while waiting for message on queue
2015-07-29 19:31:04,901 - WARN  [SendWorker:188978561024:QuorumCnxManager$SendWorker@688] - Send worker leaving thread
2015-07-29 19:31:04,902 - INFO  [/10.10.34.13:3888:QuorumCnxManager$Listener@493] - Received connection request /10.10.34.12:48901
2015-07-29 19:31:04,903 - WARN  [RecvWorker:188978561024:QuorumCnxManager$RecvWorker@762] - Connection broken for id 188978561024, my id = 3, error = 
2015-07-29 19:31:04,903 - WARN  [RecvWorker:188978561024:QuorumCnxManager$RecvWorker@765] - Interrupting SendWorker
2015-07-29 19:31:04,903 - WARN  [SendWorker:188978561024:QuorumCnxManager$SendWorker@679] - Interrupted while waiting for message on queue
2015-07-29 19:31:04,904 - WARN  [SendWorker:188978561024:QuorumCnxManager$SendWorker@688] - Send worker leaving thread
2015-07-29 19:31:04,904 - INFO  [/10.10.34.13:3888:QuorumCnxManager$Listener@493] - Received connection request /10.10.34.12:48906
2015-07-29 19:31:04,904 - WARN  [RecvWorker:188978561024:QuorumCnxManager$RecvWorker@762] - Connection broken for id 188978561024, my id = 3, error = 
2015-07-29 19:31:04,905 - WARN  [RecvWorker:188978561024:QuorumCnxManager$RecvWorker@765] - Interrupting SendWorker
2015-07-29 19:31:04,905 - INFO  [/10.10.34.13:3888:QuorumCnxManager$Listener@493] - Received connection request /10.10.34.12:48907
2015-07-29 19:31:04,905 - WARN  [SendWorker:188978561024:QuorumCnxManager$SendWorker@679] - Interrupted while waiting for message on queue
2015-07-29 19:31:04,905 - WARN  [SendWorker:188978561024:QuorumCnxManager$SendWorker@688] - Send worker leaving thread
2015-07-29 19:31:04,905 - WARN  [RecvWorker:188978561024:QuorumCnxManager$RecvWorker@762] - Connection broken for id 188978561024, my id = 3, error = 
2015-07-29 19:31:04,906 - WARN  [RecvWorker:188978561024:QuorumCnxManager$RecvWorker@765] - Interrupting SendWorker
2015-07-29 19:31:04,906 - WARN  [SendWorker:188978561024:QuorumCnxManager$SendWorker@679] - Interrupted while waiting for message on queue
2015-07-29 19:31:04,906 - WARN  [SendWorker:188978561024:QuorumCnxManager$SendWorker@688] - Send worker leaving thread
2015-07-29 19:31:05,011 - INFO  [/10.10.34.13:3888:QuorumCnxManager$Listener@493] - Received connection request /10.10.34.13:46170
2015-07-29 19:31:05,012 - WARN  [RecvWorker:188978561024:QuorumCnxManager$RecvWorker@762] - Connection broken for id 188978561024, my id = 3, error = 
2015-07-29 19:31:05,012 - WARN  [RecvWorker:188978561024:QuorumCnxManager$RecvWorker@765] - Interrupting SendWorker
2015-07-29 19:31:05,012 - WARN  [SendWorker:188978561024:QuorumCnxManager$SendWorker@679] - Interrupted while waiting for message on queue
2015-07-29 19:31:05,012 - WARN  [SendWorker:188978561024:QuorumCnxManager$SendWorker@688] - Send worker leaving thread
2015-07-29 19:31:05,015 - INFO  [/10.10.34.13:3888:QuorumCnxManager$Listener@493] - Received connection request /10.10.34.13:46175
2015-07-29 19:31:05,016 - WARN  [RecvWorker:188978561024:QuorumCnxManager$RecvWorker@762] - Connection broken for id 188978561024, my id = 3, error = 
2015-07-29 19:31:05,016 - WARN  [RecvWorker:188978561024:QuorumCnxManager$RecvWorker@765] - Interrupting SendWorker
2015-07-29 19:31:05,016 - WARN  [SendWorker:188978561024:QuorumCnxManager$SendWorker@679] - Interrupted while waiting for message on queue
2015-07-29 19:31:05,016 - WARN  [SendWorker:188978561024:QuorumCnxManager$SendWorker@688] - Send worker leaving thread
2015-07-29 19:31:05,017 - INFO  [/10.10.34.13:3888:QuorumCnxManager$Listener@493] - Received connection request /10.10.34.13:46179
2015-07-29 19:31:05,017 - INFO  [/10.10.34.13:3888:QuorumCnxManager$Listener@493] - Received connection request /10.10.34.13:46180
2015-07-29 19:31:05,017 - WARN  [RecvWorker:188978561024:QuorumCnxManager$RecvWorker@762] - Connection broken for id 188978561024, my id = 3, error = 
2015-07-29 19:31:05,018 - WARN  [RecvWorker:188978561024:QuorumCnxManager$RecvWorker@765] - Interrupting SendWorker
2015-07-29 19:31:05,018 - WARN  [SendWorker:188978561024:QuorumCnxManager$SendWorker@679] - Interrupted while waiting for message on queue
2015-07-29 19:31:05,018 - WARN  [RecvWorker:188978561024:QuorumCnxManager$RecvWorker@762] - Connection broken for id 188978561024, my id = 3, error = 
2015-07-29 19:31:05,018 - WARN  [RecvWorker:188978561024:QuorumCnxManager$RecvWorker@765] - Interrupting SendWorker
2015-07-29 19:31:05,018 - WARN  [SendWorker:188978561024:QuorumCnxManager$SendWorker@688] - Send worker leaving thread
2015-07-29 19:31:05,018 - WARN  [SendWorker:188978561024:QuorumCnxManager$SendWorker@679] - Interrupted while waiting for message on queue
2015-07-29 19:31:05,019 - WARN  [SendWorker:188978561024:QuorumCnxManager$SendWorker@688] - Send worker leaving thread
2015-07-29 19:31:08,146 - INFO  [/10.10.34.13:3888:QuorumCnxManager$Listener@493] - Received connection request /10.10.34.11:48669
2015-07-29 19:31:08,147 - WARN  [RecvWorker:188978561024:QuorumCnxManager$RecvWorker@762] - Connection broken for id 188978561024, my id = 3, error = 
2015-07-29 19:31:08,147 - WARN  [RecvWorker:188978561024:QuorumCnxManager$RecvWorker@765] - Interrupting SendWorker
2015-07-29 19:31:08,147 - INFO  [/10.10.34.13:3888:QuorumCnxManager$Listener@493] - Received connection request /10.10.34.11:48671
2015-07-29 19:31:08,147 - WARN  [SendWorker:188978561024:QuorumCnxManager$SendWorker@679] - Interrupted while waiting for message on queue
2015-07-29 19:31:08,147 - WARN  [SendWorker:188978561024:QuorumCnxManager$SendWorker@688] - Send worker leaving thread
2015-07-29 19:31:08,148 - INFO  [/10.10.34.13:3888:QuorumCnxManager$Listener@493] - Received connection request /10.10.34.11:48672
2015-07-29 19:31:08,148 - WARN  [RecvWorker:188978561024:QuorumCnxManager$RecvWorker@762] - Connection broken for id 188978561024, my id = 3, error = 
2015-07-29 19:31:08,148 - WARN  [RecvWorker:188978561024:QuorumCnxManager$RecvWorker@765] - Interrupting SendWorker
2015-07-29 19:31:08,148 - WARN  [SendWorker:188978561024:QuorumCnxManager$SendWorker@679] - Interrupted while waiting for message on queue
2015-07-29 19:31:08,148 - WARN  [SendWorker:188978561024:QuorumCnxManager$SendWorker@688] - Send worker leaving thread
2015-07-29 19:31:08,148 - WARN  [RecvWorker:188978561024:QuorumCnxManager$RecvWorker@762] - Connection broken for id 188978561024, my id = 3, error = 
2015-07-29 19:31:08,148 - WARN  [RecvWorker:188978561024:QuorumCnxManager$RecvWorker@765] - Interrupting SendWorker
2015-07-29 19:31:08,149 - WARN  [SendWorker:188978561024:QuorumCnxManager$SendWorker@679] - Interrupted while waiting for message on queue
2015-07-29 19:31:08,149 - WARN  [SendWorker:188978561024:QuorumCnxManager$SendWorker@688] - Send worker leaving thread
2015-07-29 19:31:08,152 - INFO  [/10.10.34.13:3888:QuorumCnxManager$Listener@493] - Received connection request /10.10.34.11:48675
2015-07-29 19:31:08,152 - WARN  [RecvWorker:188978561024:QuorumCnxManager$RecvWorker@762] - Connection broken for id 188978561024, my id = 3, error = 
2015-07-29 19:31:08,153 - WARN  [RecvWorker:188978561024:QuorumCnxManager$RecvWorker@765] - Interrupting SendWorker
2015-07-29 19:31:08,153 - WARN  [SendWorker:188978561024:QuorumCnxManager$SendWorker@679] - Interrupted while waiting for message on queue
2015-07-29 19:31:08,153 - WARN  [SendWorker:188978561024:QuorumCnxManager$SendWorker@688] - Send worker leaving thread
2015-07-29 19:31:08,240 - INFO  [/10.10.34.13:3888:QuorumCnxManager$Listener@493] - Received connection request /10.10.34.12:48910
2015-07-29 19:31:08,241 - WARN  [RecvWorker:188978561024:QuorumCnxManager$RecvWorker@762] - Connection broken for id 188978561024, my id = 3, error = 
2015-07-29 19:31:08,241 - WARN  [RecvWorker:188978561024:QuorumCnxManager$RecvWorker@765] - Interrupting SendWorker
2015-07-29 19:31:08,241 - WARN  [SendWorker:188978561024:QuorumCnxManager$SendWorker@679] - Interrupted while waiting for message on queue
2015-07-29 19:31:08,242 - WARN  [SendWorker:188978561024:QuorumCnxManager$SendWorker@688] - Send worker leaving thread
2015-07-29 19:31:08,242 - INFO  [/10.10.34.13:3888:QuorumCnxManager$Listener@493] - Received connection request /10.10.34.12:48913
2015-07-29 19:31:08,243 - WARN  [RecvWorker:188978561024:QuorumCnxManager$RecvWorker@762] - Connection broken for id 188978561024, my id = 3, error = 
2015-07-29 19:31:08,243 - WARN  [RecvWorker:188978561024:QuorumCnxManager$RecvWorker@765] - Interrupting SendWorker
2015-07-29 19:31:08,243 - WARN  [SendWorker:188978561024:QuorumCnxManager$SendWorker@679] - Interrupted while waiting for message on queue
2015-07-29 19:31:08,244 - WARN  [SendWorker:188978561024:QuorumCnxManager$SendWorker@688] - Send worker leaving thread
2015-07-29 19:31:08,244 - INFO  [/10.10.34.13:3888:QuorumCnxManager$Listener@493] - Received connection request /10.10.34.12:48918
2015-07-29 19:31:08,245 - WARN  [RecvWorker:188978561024:QuorumCnxManager$RecvWorker@762] - Connection broken for id 188978561024, my id = 3, error = 
2015-07-29 19:31:08,245 - INFO  [/10.10.34.13:3888:QuorumCnxManager$Listener@493] - Received connection request /10.10.34.12:48919
2015-07-29 19:31:08,245 - WARN  [RecvWorker:188978561024:QuorumCnxManager$RecvWorker@765] - Interrupting SendWorker
2015-07-29 19:31:08,245 - WARN  [SendWorker:188978561024:QuorumCnxManager$SendWorker@679] - Interrupted while waiting for message on queue
2015-07-29 19:31:08,245 - WARN  [SendWorker:188978561024:QuorumCnxManager$SendWorker@688] - Send worker leaving thread
2015-07-29 19:31:08,246 - WARN  [RecvWorker:188978561024:QuorumCnxManager$RecvWorker@762] - Connection broken for id 188978561024, my id = 3, error = 
2015-07-29 19:31:08,246 - WARN  [RecvWorker:188978561024:QuorumCnxManager$RecvWorker@765] - Interrupting SendWorker
2015-07-29 19:31:08,246 - WARN  [SendWorker:188978561024:QuorumCnxManager$SendWorker@679] - Interrupted while waiting for message on queue
2015-07-29 19:31:08,246 - WARN  [SendWorker:188978561024:QuorumCnxManager$SendWorker@688] - Send worker leaving thread
2015-07-29 19:31:08,351 - INFO  [/10.10.34.13:3888:QuorumCnxManager$Listener@493] - Received connection request /10.10.34.13:46182
2015-07-29 19:31:08,352 - WARN  [RecvWorker:188978561024:QuorumCnxManager$RecvWorker@762] - Connection broken for id 188978561024, my id = 3, error = 
2015-07-29 19:31:08,352 - WARN  [RecvWorker:188978561024:QuorumCnxManager$RecvWorker@765] - Interrupting SendWorker
2015-07-29 19:31:08,352 - WARN  [SendWorker:188978561024:QuorumCnxManager$SendWorker@679] - Interrupted while waiting for message on queue
2015-07-29 19:31:08,353 - WARN  [SendWorker:188978561024:QuorumCnxManager$SendWorker@688] - Send worker leaving thread
2015-07-29 19:31:08,355 - INFO  [/10.10.34.13:3888:QuorumCnxManager$Listener@493] - Received connection request /10.10.34.13:46187
2015-07-29 19:31:08,356 - WARN  [RecvWorker:188978561024:QuorumCnxManager$RecvWorker@762] - Connection broken for id 188978561024, my id = 3, error = 
2015-07-29 19:31:08,356 - WARN  [RecvWorker:188978561024:QuorumCnxManager$RecvWorker@765] - Interrupting SendWorker
2015-07-29 19:31:08,356 - WARN  [SendWorker:188978561024:QuorumCnxManager$SendWorker@679] - Interrupted while waiting for message on queue
2015-07-29 19:31:08,356 - WARN  [SendWorker:188978561024:QuorumCnxManager$SendWorker@688] - Send worker leaving thread
2015-07-29 19:31:08,357 - INFO  [/10.10.34.13:3888:QuorumCnxManager$Listener@493] - Received connection request /10.10.34.13:46191
2015-07-29 19:31:08,357 - INFO  [/10.10.34.13:3888:QuorumCnxManager$Listener@493] - Received connection request /10.10.34.13:46192
2015-07-29 19:31:08,358 - WARN  [RecvWorker:188978561024:QuorumCnxManager$RecvWorker@762] - Connection broken for id 188978561024, my id = 3, error = 
2015-07-29 19:31:08,358 - WARN  [RecvWorker:188978561024:QuorumCnxManager$RecvWorker@765] - Interrupting SendWorker
2015-07-29 19:31:08,358 - WARN  [SendWorker:188978561024:QuorumCnxManager$SendWorker@679] - Interrupted while waiting for message on queue
2015-07-29 19:31:08,358 - WARN  [SendWorker:188978561024:QuorumCnxManager$SendWorker@688] - Send worker leaving thread
2015-07-29 19:31:08,358 - WARN  [RecvWorker:188978561024:QuorumCnxManager$RecvWorker@762] - Connection broken for id 188978561024, my id = 3, error = 
2015-07-29 19:31:08,358 - WARN  [RecvWorker:188978561024:QuorumCnxManager$RecvWorker@765] - Interrupting SendWorker
2015-07-29 19:31:08,359 - WARN  [SendWorker:188978561024:QuorumCnxManager$SendWorker@679] - Interrupted while waiting for message on queue
2015-07-29 19:31:08,359 - WARN  [SendWorker:188978561024:QuorumCnxManager$SendWorker@688] - Send worker leaving thread
2015-07-29 19:31:11,486 - INFO  [/10.10.34.13:3888:QuorumCnxManager$Listener@493] - Received connection request /10.10.34.11:48681
2015-07-29 19:31:11,487 - INFO  [/10.10.34.13:3888:QuorumCnxManager$Listener@493] - Received connection request /10.10.34.11:48683
2015-07-29 19:31:11,487 - WARN  [RecvWorker:188978561024:QuorumCnxManager$RecvWorker@762] - Connection broken for id 188978561024, my id = 3, error = 
2015-07-29 19:31:11,487 - WARN  [RecvWorker:188978561024:QuorumCnxManager$RecvWorker@765] - Interrupting SendWorker
2015-07-29 19:31:11,487 - WARN  [SendWorker:188978561024:QuorumCnxManager$SendWorker@679] - Interrupted while waiting for message on queue
2015-07-29 19:31:11,488 - WARN  [SendWorker:188978561024:QuorumCnxManager$SendWorker@688] - Send worker leaving thread
2015-07-29 19:31:11,488 - WARN  [RecvWorker:188978561024:QuorumCnxManager$RecvWorker@762] - Connection broken for id 188978561024, my id = 3, error = 
2015-07-29 19:31:11,488 - WARN  [RecvWorker:188978561024:QuorumCnxManager$RecvWorker@765] - Interrupting SendWorker
2015-07-29 19:31:11,488 - WARN  [SendWorker:188978561024:QuorumCnxManager$SendWorker@679] - Interrupted while waiting for message on queue
2015-07-29 19:31:11,488 - WARN  [SendWorker:188978561024:QuorumCnxManager$SendWorker@688] - Send worker leaving thread
2015-07-29 19:31:11,489 - INFO  [/10.10.34.13:3888:QuorumCnxManager$Listener@493] - Received connection request /10.10.34.11:48685
2015-07-29 19:31:11,490 - WARN  [RecvWorker:188978561024:QuorumCnxManager$RecvWorker@762] - Connection broken for id 188978561024, my id = 3, error = 
2015-07-29 19:31:11,490 - WARN  [RecvWorker:188978561024:QuorumCnxManager$RecvWorker@765] - Interrupting SendWorker
2015-07-29 19:31:11,490 - INFO  [/10.10.34.13:3888:QuorumCnxManager$Listener@493] - Received connection request /10.10.34.11:48686
2015-07-29 19:31:11,490 - WARN  [SendWorker:188978561024:QuorumCnxManager$SendWorker@679] - Interrupted while waiting for message on queue
2015-07-29 19:31:11,491 - WARN  [SendWorker:188978561024:QuorumCnxManager$SendWorker@688] - Send worker leaving thread
2015-07-29 19:31:11,491 - WARN  [RecvWorker:188978561024:QuorumCnxManager$RecvWorker@762] - Connection broken for id 188978561024, my id = 3, error = 
2015-07-29 19:31:11,491 - WARN  [RecvWorker:188978561024:QuorumCnxManager$RecvWorker@765] - Interrupting SendWorker
2015-07-29 19:31:11,491 - WARN  [SendWorker:188978561024:QuorumCnxManager$SendWorker@679] - Interrupted while waiting for message on queue
2015-07-29 19:31:11,491 - WARN  [SendWorker:188978561024:QuorumCnxManager$SendWorker@688] - Send worker leaving thread
2015-07-29 19:31:11,581 - INFO  [/10.10.34.13:3888:QuorumCnxManager$Listener@493] - Received connection request /10.10.34.12:48922
2015-07-29 19:31:11,581 - WARN  [RecvWorker:188978561024:QuorumCnxManager$RecvWorker@762] - Connection broken for id 188978561024, my id = 3, error = 
2015-07-29 19:31:11,581 - WARN  [RecvWorker:188978561024:QuorumCnxManager$RecvWorker@765] - Interrupting SendWorker
2015-07-29 19:31:11,582 - WARN  [SendWorker:188978561024:QuorumCnxManager$SendWorker@679] - Interrupted while waiting for message on queue
2015-07-29 19:31:11,582 - WARN  [SendWorker:188978561024:QuorumCnxManager$SendWorker@688] - Send worker leaving thread
2015-07-29 19:31:11,582 - INFO  [/10.10.34.13:3888:QuorumCnxManager$Listener@493] - Received connection request /10.10.34.12:48925
2015-07-29 19:31:11,583 - WARN  [RecvWorker:188978561024:QuorumCnxManager$RecvWorker@762] - Connection broken for id 188978561024, my id = 3, error = 
2015-07-29 19:31:11,583 - WARN  [RecvWorker:188978561024:QuorumCnxManager$RecvWorker@765] - Interrupting SendWorker
2015-07-29 19:31:11,583 - WARN  [SendWorker:188978561024:QuorumCnxManager$SendWorker@679] - Interrupted while waiting for message on queue
2015-07-29 19:31:11,584 - WARN  [SendWorker:188978561024:QuorumCnxManager$SendWorker@688] - Send worker leaving thread
2015-07-29 19:31:11,584 - INFO  [/10.10.34.13:3888:QuorumCnxManager$Listener@493] - Received connection request /10.10.34.12:48930
2015-07-29 19:31:11,585 - WARN  [RecvWorker:188978561024:QuorumCnxManager$RecvWorker@762] - Connection broken for id 188978561024, my id = 3, error = 
2015-07-29 19:31:11,585 - WARN  [RecvWorker:188978561024:QuorumCnxManager$RecvWorker@765] - Interrupting SendWorker
2015-07-29 19:31:11,585 - INFO  [/10.10.34.13:3888:QuorumCnxManager$Listener@493] - Received connection request /10.10.34.12:48932
2015-07-29 19:31:11,585 - WARN  [SendWorker:188978561024:QuorumCnxManager$SendWorker@679] - Interrupted while waiting for message on queue
2015-07-29 19:31:11,586 - WARN  [SendWorker:188978561024:QuorumCnxManager$SendWorker@688] - Send worker leaving thread
2015-07-29 19:31:11,586 - WARN  [RecvWorker:188978561024:QuorumCnxManager$RecvWorker@762] - Connection broken for id 188978561024, my id = 3, error = 
2015-07-29 19:31:11,586 - WARN  [RecvWorker:188978561024:QuorumCnxManager$RecvWorker@765] - Interrupting SendWorker
2015-07-29 19:31:11,586 - WARN  [SendWorker:188978561024:QuorumCnxManager$SendWorker@679] - Interrupted while waiting for message on queue
2015-07-29 19:31:11,586 - WARN  [SendWorker:188978561024:QuorumCnxManager$SendWorker@688] - Send worker leaving thread
2015-07-29 19:31:11,691 - INFO  [/10.10.34.13:3888:QuorumCnxManager$Listener@493] - Received connection request /10.10.34.13:46194
2015-07-29 19:31:11,692 - WARN  [RecvWorker:188978561024:QuorumCnxManager$RecvWorker@762] - Connection broken for id 188978561024, my id = 3, error = 
2015-07-29 19:31:11,692 - WARN  [RecvWorker:188978561024:QuorumCnxManager$RecvWorker@765] - Interrupting SendWorker
2015-07-29 19:31:11,692 - WARN  [SendWorker:188978561024:QuorumCnxManager$SendWorker@679] - Interrupted while waiting for message on queue
2015-07-29 19:31:11,693 - WARN  [SendWorker:188978561024:QuorumCnxManager$SendWorker@688] - Send worker leaving thread
2015-07-29 19:31:11,695 - INFO  [/10.10.34.13:3888:QuorumCnxManager$Listener@493] - Received connection request /10.10.34.13:46199
2015-07-29 19:31:11,696 - WARN  [RecvWorker:188978561024:QuorumCnxManager$RecvWorker@762] - Connection broken for id 188978561024, my id = 3, error = 
2015-07-29 19:31:11,696 - WARN  [RecvWorker:188978561024:QuorumCnxManager$RecvWorker@765] - Interrupting SendWorker
2015-07-29 19:31:11,696 - WARN  [SendWorker:188978561024:QuorumCnxManager$SendWorker@679] - Interrupted while waiting for message on queue
2015-07-29 19:31:11,697 - WARN  [SendWorker:188978561024:QuorumCnxManager$SendWorker@688] - Send worker leaving thread
2015-07-29 19:31:11,697 - INFO  [/10.10.34.13:3888:QuorumCnxManager$Listener@493] - Received connection request /10.10.34.13:46203
2015-07-29 19:31:11,698 - INFO  [/10.10.34.13:3888:QuorumCnxManager$Listener@493] - Received connection request /10.10.34.13:46204
2015-07-29 19:31:11,698 - WARN  [RecvWorker:188978561024:QuorumCnxManager$RecvWorker@762] - Connection broken for id 188978561024, my id = 3, error = 
2015-07-29 19:31:11,698 - WARN  [RecvWorker:188978561024:QuorumCnxManager$RecvWorker@765] - Interrupting SendWorker
2015-07-29 19:31:11,698 - WARN  [SendWorker:188978561024:QuorumCnxManager$SendWorker@679] - Interrupted while waiting for message on queue
2015-07-29 19:31:11,698 - WARN  [SendWorker:188978561024:QuorumCnxManager$SendWorker@688] - Send worker leaving thread
2015-07-29 19:31:11,698 - WARN  [RecvWorker:188978561024:QuorumCnxManager$RecvWorker@762] - Connection broken for id 188978561024, my id = 3, error = 
2015-07-29 19:31:11,699 - WARN  [RecvWorker:188978561024:QuorumCnxManager$RecvWorker@765] - Interrupting SendWorker
2015-07-29 19:31:11,699 - WARN  [SendWorker:188978561024:QuorumCnxManager$SendWorker@679] - Interrupted while waiting for message on queue
2015-07-29 19:31:11,699 - WARN  [SendWorker:188978561024:QuorumCnxManager$SendWorker@688] - Send worker leaving thread
2015-07-29 19:31:14,827 - INFO  [/10.10.34.13:3888:QuorumCnxManager$Listener@493] - Received connection request /10.10.34.11:48693
2015-07-29 19:31:14,827 - WARN  [RecvWorker:188978561024:QuorumCnxManager$RecvWorker@762] - Connection broken for id 188978561024, my id = 3, error = 
2015-07-29 19:31:14,827 - WARN  [RecvWorker:188978561024:QuorumCnxManager$RecvWorker@765] - Interrupting SendWorker
2015-07-29 19:31:14,827 - INFO  [/10.10.34.13:3888:QuorumCnxManager$Listener@493] - Received connection request /10.10.34.11:48695
2015-07-29 19:31:14,828 - WARN  [SendWorker:188978561024:QuorumCnxManager$SendWorker@679] - Interrupted while waiting for message on queue
2015-07-29 19:31:14,828 - WARN  [SendWorker:188978561024:QuorumCnxManager$SendWorker@688] - Send worker leaving thread
2015-07-29 19:31:14,828 - WARN  [RecvWorker:188978561024:QuorumCnxManager$RecvWorker@762] - Connection broken for id 188978561024, my id = 3, error = 
2015-07-29 19:31:14,828 - WARN  [RecvWorker:188978561024:QuorumCnxManager$RecvWorker@765] - Interrupting SendWorker
2015-07-29 19:31:14,829 - WARN  [SendWorker:188978561024:QuorumCnxManager$SendWorker@679] - Interrupted while waiting for message on queue
2015-07-29 19:31:14,829 - WARN  [SendWorker:188978561024:QuorumCnxManager$SendWorker@688] - Send worker leaving thread
2015-07-29 19:31:14,829 - INFO  [/10.10.34.13:3888:QuorumCnxManager$Listener@493] - Received connection request /10.10.34.11:48697
2015-07-29 19:31:14,830 - WARN  [RecvWorker:188978561024:QuorumCnxManager$RecvWorker@762] - Connection broken for id 188978561024, my id = 3, error = 
2015-07-29 19:31:14,830 - WARN  [RecvWorker:188978561024:QuorumCnxManager$RecvWorker@765] - Interrupting SendWorker
2015-07-29 19:31:14,830 - INFO  [/10.10.34.13:3888:QuorumCnxManager$Listener@493] - Received connection request /10.10.34.11:48698
2015-07-29 19:31:14,830 - WARN  [SendWorker:188978561024:QuorumCnxManager$SendWorker@679] - Interrupted while waiting for message on queue
2015-07-29 19:31:14,831 - WARN  [SendWorker:188978561024:QuorumCnxManager$SendWorker@688] - Send worker leaving thread
2015-07-29 19:31:14,833 - WARN  [RecvWorker:188978561024:QuorumCnxManager$RecvWorker@762] - Connection broken for id 188978561024, my id = 3, error = 
2015-07-29 19:31:14,833 - WARN  [RecvWorker:188978561024:QuorumCnxManager$RecvWorker@765] - Interrupting SendWorker
2015-07-29 19:31:14,833 - WARN  [SendWorker:188978561024:QuorumCnxManager$SendWorker@679] - Interrupted while waiting for message on queue
2015-07-29 19:31:14,833 - WARN  [SendWorker:188978561024:QuorumCnxManager$SendWorker@688] - Send worker leaving thread
2015-07-29 19:31:14,921 - INFO  [/10.10.34.13:3888:QuorumCnxManager$Listener@493] - Received connection request /10.10.34.12:48934
2015-07-29 19:31:14,921 - WARN  [RecvWorker:188978561024:QuorumCnxManager$RecvWorker@762] - Connection broken for id 188978561024, my id = 3, error = 
2015-07-29 19:31:14,921 - WARN  [RecvWorker:188978561024:QuorumCnxManager$RecvWorker@765] - Interrupting SendWorker
2015-07-29 19:31:14,922 - WARN  [SendWorker:188978561024:QuorumCnxManager$SendWorker@679] - Interrupted while waiting for message on queue
2015-07-29 19:31:14,922 - WARN  [SendWorker:188978561024:QuorumCnxManager$SendWorker@688] - Send worker leaving thread
2015-07-29 19:31:14,922 - INFO  [/10.10.34.13:3888:QuorumCnxManager$Listener@493] - Received connection request /10.10.34.12:48937
2015-07-29 19:31:14,923 - WARN  [RecvWorker:188978561024:QuorumCnxManager$RecvWorker@762] - Connection broken for id 188978561024, my id = 3, error = 
2015-07-29 19:31:14,923 - WARN  [RecvWorker:188978561024:QuorumCnxManager$RecvWorker@765] - Interrupting SendWorker
2015-07-29 19:31:14,923 - WARN  [SendWorker:188978561024:QuorumCnxManager$SendWorker@679] - Interrupted while waiting for message on queue
2015-07-29 19:31:14,924 - WARN  [SendWorker:188978561024:QuorumCnxManager$SendWorker@688] - Send worker leaving thread
2015-07-29 19:31:14,925 - INFO  [/10.10.34.13:3888:QuorumCnxManager$Listener@493] - Received connection request /10.10.34.12:48942
2015-07-29 19:31:14,925 - WARN  [RecvWorker:188978561024:QuorumCnxManager$RecvWorker@762] - Connection broken for id 188978561024, my id = 3, error = 
2015-07-29 19:31:14,925 - WARN  [RecvWorker:188978561024:QuorumCnxManager$RecvWorker@765] - Interrupting SendWorker
2015-07-29 19:31:14,925 - INFO  [/10.10.34.13:3888:QuorumCnxManager$Listener@493] - Received connection request /10.10.34.12:48943
2015-07-29 19:31:14,925 - WARN  [SendWorker:188978561024:QuorumCnxManager$SendWorker@679] - Interrupted while waiting for message on queue
2015-07-29 19:31:14,926 - WARN  [SendWorker:188978561024:QuorumCnxManager$SendWorker@688] - Send worker leaving thread
2015-07-29 19:31:14,926 - WARN  [RecvWorker:188978561024:QuorumCnxManager$RecvWorker@762] - Connection broken for id 188978561024, my id = 3, error = 
2015-07-29 19:31:14,926 - WARN  [RecvWorker:188978561024:QuorumCnxManager$RecvWorker@765] - Interrupting SendWorker
2015-07-29 19:31:14,926 - WARN  [SendWorker:188978561024:QuorumCnxManager$SendWorker@679] - Interrupted while waiting for message on queue
2015-07-29 19:31:14,927 - WARN  [SendWorker:188978561024:QuorumCnxManager$SendWorker@688] - Send worker leaving thread
2015-07-29 19:31:15,032 - INFO  [/10.10.34.13:3888:QuorumCnxManager$Listener@493] - Received connection request /10.10.34.13:46206
2015-07-29 19:31:15,032 - WARN  [RecvWorker:188978561024:QuorumCnxManager$RecvWorker@762] - Connection broken for id 188978561024, my id = 3, error = 
2015-07-29 19:31:15,032 - WARN  [RecvWorker:188978561024:QuorumCnxManager$RecvWorker@765] - Interrupting SendWorker
2015-07-29 19:31:15,033 - WARN  [SendWorker:188978561024:QuorumCnxManager$SendWorker@679] - Interrupted while waiting for message on queue
2015-07-29 19:31:15,033 - WARN  [SendWorker:188978561024:QuorumCnxManager$SendWorker@688] - Send worker leaving thread
2015-07-29 19:31:15,036 - INFO  [/10.10.34.13:3888:QuorumCnxManager$Listener@493] - Received connection request /10.10.34.13:46211
2015-07-29 19:31:15,036 - WARN  [RecvWorker:188978561024:QuorumCnxManager$RecvWorker@762] - Connection broken for id 188978561024, my id = 3, error = 
2015-07-29 19:31:15,036 - WARN  [RecvWorker:188978561024:QuorumCnxManager$RecvWorker@765] - Interrupting SendWorker
2015-07-29 19:31:15,037 - WARN  [SendWorker:188978561024:QuorumCnxManager$SendWorker@679] - Interrupted while waiting for message on queue
2015-07-29 19:31:15,037 - WARN  [SendWorker:188978561024:QuorumCnxManager$SendWorker@688] - Send worker leaving thread
2015-07-29 19:31:15,037 - INFO  [/10.10.34.13:3888:QuorumCnxManager$Listener@493] - Received connection request /10.10.34.13:46215
2015-07-29 19:31:15,038 - INFO  [/10.10.34.13:3888:QuorumCnxManager$Listener@493] - Received connection request /10.10.34.13:46216
2015-07-29 19:31:15,038 - WARN  [RecvWorker:188978561024:QuorumCnxManager$RecvWorker@762] - Connection broken for id 188978561024, my id = 3, error = 
2015-07-29 19:31:15,038 - WARN  [RecvWorker:188978561024:QuorumCnxManager$RecvWorker@765] - Interrupting SendWorker
2015-07-29 19:31:15,038 - WARN  [SendWorker:188978561024:QuorumCnxManager$SendWorker@679] - Interrupted while waiting for message on queue
2015-07-29 19:31:15,039 - WARN  [SendWorker:188978561024:QuorumCnxManager$SendWorker@688] - Send worker leaving thread
2015-07-29 19:31:15,039 - WARN  [RecvWorker:188978561024:QuorumCnxManager$RecvWorker@762] - Connection broken for id 188978561024, my id = 3, error = 
2015-07-29 19:31:15,039 - WARN  [RecvWorker:188978561024:QuorumCnxManager$RecvWorker@765] - Interrupting SendWorker
2015-07-29 19:31:15,039 - WARN  [SendWorker:188978561024:QuorumCnxManager$SendWorker@679] - Interrupted while waiting for message on queue
2015-07-29 19:31:15,039 - WARN  [SendWorker:188978561024:QuorumCnxManager$SendWorker@688] - Send worker leaving thread
2015-07-29 19:31:18,167 - INFO  [/10.10.34.13:3888:QuorumCnxManager$Listener@493] - Received connection request /10.10.34.11:48705
2015-07-29 19:31:18,168 - WARN  [RecvWorker:188978561024:QuorumCnxManager$RecvWorker@762] - Connection broken for id 188978561024, my id = 3, error = 
2015-07-29 19:31:18,168 - WARN  [RecvWorker:188978561024:QuorumCnxManager$RecvWorker@765] - Interrupting SendWorker
2015-07-29 19:31:18,168 - INFO  [/10.10.34.13:3888:QuorumCnxManager$Listener@493] - Received connection request /10.10.34.11:48707
2015-07-29 19:31:18,168 - WARN  [SendWorker:188978561024:QuorumCnxManager$SendWorker@679] - Interrupted while waiting for message on queue
2015-07-29 19:31:18,168 - WARN  [SendWorker:188978561024:QuorumCnxManager$SendWorker@688] - Send worker leaving thread
2015-07-29 19:31:18,168 - WARN  [RecvWorker:188978561024:QuorumCnxManager$RecvWorker@762] - Connection broken for id 188978561024, my id = 3, error = 
2015-07-29 19:31:18,169 - WARN  [RecvWorker:188978561024:QuorumCnxManager$RecvWorker@765] - Interrupting SendWorker
2015-07-29 19:31:18,169 - WARN  [SendWorker:188978561024:QuorumCnxManager$SendWorker@679] - Interrupted while waiting for message on queue
2015-07-29 19:31:18,169 - WARN  [SendWorker:188978561024:QuorumCnxManager$SendWorker@688] - Send worker leaving thread
2015-07-29 19:31:18,170 - INFO  [/10.10.34.13:3888:QuorumCnxManager$Listener@493] - Received connection request /10.10.34.11:48709
2015-07-29 19:31:18,170 - WARN  [RecvWorker:188978561024:QuorumCnxManager$RecvWorker@762] - Connection broken for id 188978561024, my id = 3, error = 
2015-07-29 19:31:18,170 - WARN  [RecvWorker:188978561024:QuorumCnxManager$RecvWorker@765] - Interrupting SendWorker
2015-07-29 19:31:18,171 - WARN  [SendWorker:188978561024:QuorumCnxManager$SendWorker@679] - Interrupted while waiting for message on queue
2015-07-29 19:31:18,171 - WARN  [SendWorker:188978561024:QuorumCnxManager$SendWorker@688] - Send worker leaving thread
2015-07-29 19:31:18,172 - INFO  [/10.10.34.13:3888:QuorumCnxManager$Listener@493] - Received connection request /10.10.34.11:48710
2015-07-29 19:31:18,173 - WARN  [RecvWorker:188978561024:QuorumCnxManager$RecvWorker@762] - Connection broken for id 188978561024, my id = 3, error = 
2015-07-29 19:31:18,173 - WARN  [RecvWorker:188978561024:QuorumCnxManager$RecvWorker@765] - Interrupting SendWorker
2015-07-29 19:31:18,173 - WARN  [SendWorker:188978561024:QuorumCnxManager$SendWorker@679] - Interrupted while waiting for message on queue
2015-07-29 19:31:18,174 - WARN  [SendWorker:188978561024:QuorumCnxManager$SendWorker@688] - Send worker leaving thread
2015-07-29 19:31:18,261 - INFO  [/10.10.34.13:3888:QuorumCnxManager$Listener@493] - Received connection request /10.10.34.12:48946
2015-07-29 19:31:18,262 - WARN  [RecvWorker:188978561024:QuorumCnxManager$RecvWorker@762] - Connection broken for id 188978561024, my id = 3, error = 
2015-07-29 19:31:18,262 - WARN  [RecvWorker:188978561024:QuorumCnxManager$RecvWorker@765] - Interrupting SendWorker
2015-07-29 19:31:18,262 - WARN  [SendWorker:188978561024:QuorumCnxManager$SendWorker@679] - Interrupted while waiting for message on queue
2015-07-29 19:31:18,262 - WARN  [SendWorker:188978561024:QuorumCnxManager$SendWorker@688] - Send worker leaving thread
2015-07-29 19:31:18,263 - INFO  [/10.10.34.13:3888:QuorumCnxManager$Listener@493] - Received connection request /10.10.34.12:48949
2015-07-29 19:31:18,263 - WARN  [RecvWorker:188978561024:QuorumCnxManager$RecvWorker@762] - Connection broken for id 188978561024, my id = 3, error = 
2015-07-29 19:31:18,264 - WARN  [RecvWorker:188978561024:QuorumCnxManager$RecvWorker@765] - Interrupting SendWorker
2015-07-29 19:31:18,264 - WARN  [SendWorker:188978561024:QuorumCnxManager$SendWorker@679] - Interrupted while waiting for message on queue
2015-07-29 19:31:18,264 - WARN  [SendWorker:188978561024:QuorumCnxManager$SendWorker@688] - Send worker leaving thread
2015-07-29 19:31:18,265 - INFO  [/10.10.34.13:3888:QuorumCnxManager$Listener@493] - Received connection request /10.10.34.12:48954
2015-07-29 19:31:18,265 - WARN  [RecvWorker:188978561024:QuorumCnxManager$RecvWorker@762] - Connection broken for id 188978561024, my id = 3, error = 
2015-07-29 19:31:18,265 - WARN  [RecvWorker:188978561024:QuorumCnxManager$RecvWorker@765] - Interrupting SendWorker
2015-07-29 19:31:18,265 - INFO  [/10.10.34.13:3888:QuorumCnxManager$Listener@493] - Received connection request /10.10.34.12:48955
2015-07-29 19:31:18,266 - WARN  [SendWorker:188978561024:QuorumCnxManager$SendWorker@679] - Interrupted while waiting for message on queue
2015-07-29 19:31:18,266 - WARN  [SendWorker:188978561024:QuorumCnxManager$SendWorker@688] - Send worker leaving thread
2015-07-29 19:31:18,266 - WARN  [RecvWorker:188978561024:QuorumCnxManager$RecvWorker@762] - Connection broken for id 188978561024, my id = 3, error = 
2015-07-29 19:31:18,266 - WARN  [RecvWorker:188978561024:QuorumCnxManager$RecvWorker@765] - Interrupting SendWorker
2015-07-29 19:31:18,266 - WARN  [SendWorker:188978561024:QuorumCnxManager$SendWorker@679] - Interrupted while waiting for message on queue
2015-07-29 19:31:18,267 - WARN  [SendWorker:188978561024:QuorumCnxManager$SendWorker@688] - Send worker leaving thread
2015-07-29 19:31:18,372 - INFO  [/10.10.34.13:3888:QuorumCnxManager$Listener@493] - Received connection request /10.10.34.13:46218
2015-07-29 19:31:18,372 - WARN  [RecvWorker:188978561024:QuorumCnxManager$RecvWorker@762] - Connection broken for id 188978561024, my id = 3, error = 
2015-07-29 19:31:18,373 - WARN  [RecvWorker:188978561024:QuorumCnxManager$RecvWorker@765] - Interrupting SendWorker
2015-07-29 19:31:18,373 - WARN  [SendWorker:188978561024:QuorumCnxManager$SendWorker@679] - Interrupted while waiting for message on queue
2015-07-29 19:31:18,373 - WARN  [SendWorker:188978561024:QuorumCnxManager$SendWorker@688] - Send worker leaving thread
2015-07-29 19:31:18,376 - INFO  [/10.10.34.13:3888:QuorumCnxManager$Listener@493] - Received connection request /10.10.34.13:46223
2015-07-29 19:31:18,377 - WARN  [RecvWorker:188978561024:QuorumCnxManager$RecvWorker@762] - Connection broken for id 188978561024, my id = 3, error = 
2015-07-29 19:31:18,377 - WARN  [RecvWorker:188978561024:QuorumCnxManager$RecvWorker@765] - Interrupting SendWorker
2015-07-29 19:31:18,377 - WARN  [SendWorker:188978561024:QuorumCnxManager$SendWorker@679] - Interrupted while waiting for message on queue
2015-07-29 19:31:18,377 - WARN  [SendWorker:188978561024:QuorumCnxManager$SendWorker@688] - Send worker leaving thread
2015-07-29 19:31:18,377 - INFO  [/10.10.34.13:3888:QuorumCnxManager$Listener@493] - Received connection request /10.10.34.13:46227
2015-07-29 19:31:18,378 - INFO  [/10.10.34.13:3888:QuorumCnxManager$Listener@493] - Received connection request /10.10.34.13:46228
2015-07-29 19:31:18,378 - WARN  [RecvWorker:188978561024:QuorumCnxManager$RecvWorker@762] - Connection broken for id 188978561024, my id = 3, error = 
2015-07-29 19:31:18,378 - WARN  [RecvWorker:188978561024:QuorumCnxManager$RecvWorker@765] - Interrupting SendWorker
2015-07-29 19:31:18,378 - WARN  [SendWorker:188978561024:QuorumCnxManager$SendWorker@679] - Interrupted while waiting for message on queue
2015-07-29 19:31:18,379 - WARN  [SendWorker:188978561024:QuorumCnxManager$SendWorker@688] - Send worker leaving thread
2015-07-29 19:31:18,379 - WARN  [RecvWorker:188978561024:QuorumCnxManager$RecvWorker@762] - Connection broken for id 188978561024, my id = 3, error = 
2015-07-29 19:31:18,379 - WARN  [RecvWorker:188978561024:QuorumCnxManager$RecvWorker@765] - Interrupting SendWorker
2015-07-29 19:31:18,379 - WARN  [SendWorker:188978561024:QuorumCnxManager$SendWorker@679] - Interrupted while waiting for message on queue
2015-07-29 19:31:18,379 - WARN  [SendWorker:188978561024:QuorumCnxManager$SendWorker@688] - Send worker leaving thread
2015-07-29 19:31:21,507 - INFO  [/10.10.34.13:3888:QuorumCnxManager$Listener@493] - Received connection request /10.10.34.11:48717
2015-07-29 19:31:21,508 - WARN  [RecvWorker:188978561024:QuorumCnxManager$RecvWorker@762] - Connection broken for id 188978561024, my id = 3, error = 
2015-07-29 19:31:21,508 - WARN  [RecvWorker:188978561024:QuorumCnxManager$RecvWorker@765] - Interrupting SendWorker
2015-07-29 19:31:21,508 - INFO  [/10.10.34.13:3888:QuorumCnxManager$Listener@493] - Received connection request /10.10.34.11:48719
2015-07-29 19:31:21,508 - WARN  [SendWorker:188978561024:QuorumCnxManager$SendWorker@679] - Interrupted while waiting for message on queue
2015-07-29 19:31:21,509 - WARN  [SendWorker:188978561024:QuorumCnxManager$SendWorker@688] - Send worker leaving thread
2015-07-29 19:31:21,509 - WARN  [RecvWorker:188978561024:QuorumCnxManager$RecvWorker@762] - Connection broken for id 188978561024, my id = 3, error = 
2015-07-29 19:31:21,509 - WARN  [RecvWorker:188978561024:QuorumCnxManager$RecvWorker@765] - Interrupting SendWorker
2015-07-29 19:31:21,509 - WARN  [SendWorker:188978561024:QuorumCnxManager$SendWorker@679] - Interrupted while waiting for message on queue
2015-07-29 19:31:21,509 - WARN  [SendWorker:188978561024:QuorumCnxManager$SendWorker@688] - Send worker leaving thread
2015-07-29 19:31:21,510 - INFO  [/10.10.34.13:3888:QuorumCnxManager$Listener@493] - Received connection request /10.10.34.11:48721
2015-07-29 19:31:21,511 - WARN  [RecvWorker:188978561024:QuorumCnxManager$RecvWorker@762] - Connection broken for id 188978561024, my id = 3, error = 
2015-07-29 19:31:21,511 - WARN  [RecvWorker:188978561024:QuorumCnxManager$RecvWorker@765] - Interrupting SendWorker
2015-07-29 19:31:21,511 - WARN  [SendWorker:188978561024:QuorumCnxManager$SendWorker@679] - Interrupted while waiting for message on queue
2015-07-29 19:31:21,511 - WARN  [SendWorker:188978561024:QuorumCnxManager$SendWorker@688] - Send worker leaving thread
2015-07-29 19:31:21,513 - INFO  [/10.10.34.13:3888:QuorumCnxManager$Listener@493] - Received connection request /10.10.34.11:48722
2015-07-29 19:31:21,513 - WARN  [RecvWorker:188978561024:QuorumCnxManager$RecvWorker@762] - Connection broken for id 188978561024, my id = 3, error = 
2015-07-29 19:31:21,513 - WARN  [RecvWorker:188978561024:QuorumCnxManager$RecvWorker@765] - Interrupting SendWorker
2015-07-29 19:31:21,514 - WARN  [SendWorker:188978561024:QuorumCnxManager$SendWorker@679] - Interrupted while waiting for message on queue
2015-07-29 19:31:21,514 - WARN  [SendWorker:188978561024:QuorumCnxManager$SendWorker@688] - Send worker leaving thread
2015-07-29 19:31:21,601 - INFO  [/10.10.34.13:3888:QuorumCnxManager$Listener@493] - Received connection request /10.10.34.12:48958
2015-07-29 19:31:21,602 - WARN  [RecvWorker:188978561024:QuorumCnxManager$RecvWorker@762] - Connection broken for id 188978561024, my id = 3, error = 
2015-07-29 19:31:21,602 - WARN  [RecvWorker:188978561024:QuorumCnxManager$RecvWorker@765] - Interrupting SendWorker
2015-07-29 19:31:21,602 - WARN  [SendWorker:188978561024:QuorumCnxManager$SendWorker@679] - Interrupted while waiting for message on queue
2015-07-29 19:31:21,602 - WARN  [SendWorker:188978561024:QuorumCnxManager$SendWorker@688] - Send worker leaving thread
2015-07-29 19:31:21,603 - INFO  [/10.10.34.13:3888:QuorumCnxManager$Listener@493] - Received connection request /10.10.34.12:48961
2015-07-29 19:31:21,603 - WARN  [RecvWorker:188978561024:QuorumCnxManager$RecvWorker@762] - Connection broken for id 188978561024, my id = 3, error = 
2015-07-29 19:31:21,604 - WARN  [RecvWorker:188978561024:QuorumCnxManager$RecvWorker@765] - Interrupting SendWorker
2015-07-29 19:31:21,604 - WARN  [SendWorker:188978561024:QuorumCnxManager$SendWorker@679] - Interrupted while waiting for message on queue
2015-07-29 19:31:21,604 - WARN  [SendWorker:188978561024:QuorumCnxManager$SendWorker@688] - Send worker leaving thread
2015-07-29 19:31:21,605 - INFO  [/10.10.34.13:3888:QuorumCnxManager$Listener@493] - Received connection request /10.10.34.12:48966
2015-07-29 19:31:21,605 - WARN  [RecvWorker:188978561024:QuorumCnxManager$RecvWorker@762] - Connection broken for id 188978561024, my id = 3, error = 
2015-07-29 19:31:21,606 - WARN  [RecvWorker:188978561024:QuorumCnxManager$RecvWorker@765] - Interrupting SendWorker
2015-07-29 19:31:21,606 - INFO  [/10.10.34.13:3888:QuorumCnxManager$Listener@493] - Received connection request /10.10.34.12:48968
2015-07-29 19:31:21,606 - WARN  [SendWorker:188978561024:QuorumCnxManager$SendWorker@679] - Interrupted while waiting for message on queue
2015-07-29 19:31:21,606 - WARN  [SendWorker:188978561024:QuorumCnxManager$SendWorker@688] - Send worker leaving thread
2015-07-29 19:31:21,606 - WARN  [RecvWorker:188978561024:QuorumCnxManager$RecvWorker@762] - Connection broken for id 188978561024, my id = 3, error = 
2015-07-29 19:31:21,607 - WARN  [RecvWorker:188978561024:QuorumCnxManager$RecvWorker@765] - Interrupting SendWorker
2015-07-29 19:31:21,607 - WARN  [SendWorker:188978561024:QuorumCnxManager$SendWorker@679] - Interrupted while waiting for message on queue
2015-07-29 19:31:21,607 - WARN  [SendWorker:188978561024:QuorumCnxManager$SendWorker@688] - Send worker leaving thread
2015-07-29 19:31:21,712 - INFO  [/10.10.34.13:3888:QuorumCnxManager$Listener@493] - Received connection request /10.10.34.13:46230
2015-07-29 19:31:21,712 - WARN  [RecvWorker:188978561024:QuorumCnxManager$RecvWorker@762] - Connection broken for id 188978561024, my id = 3, error = 
2015-07-29 19:31:21,713 - WARN  [RecvWorker:188978561024:QuorumCnxManager$RecvWorker@765] - Interrupting SendWorker
2015-07-29 19:31:21,713 - WARN  [SendWorker:188978561024:QuorumCnxManager$SendWorker@679] - Interrupted while waiting for message on queue
2015-07-29 19:31:21,713 - WARN  [SendWorker:188978561024:QuorumCnxManager$SendWorker@688] - Send worker leaving thread
2015-07-29 19:31:21,716 - INFO  [/10.10.34.13:3888:QuorumCnxManager$Listener@493] - Received connection request /10.10.34.13:46236
2015-07-29 19:31:21,717 - WARN  [RecvWorker:188978561024:QuorumCnxManager$RecvWorker@762] - Connection broken for id 188978561024, my id = 3, error = 
2015-07-29 19:31:21,717 - WARN  [RecvWorker:188978561024:QuorumCnxManager$RecvWorker@765] - Interrupting SendWorker
2015-07-29 19:31:21,717 - WARN  [SendWorker:188978561024:QuorumCnxManager$SendWorker@679] - Interrupted while waiting for message on queue
2015-07-29 19:31:21,717 - WARN  [SendWorker:188978561024:QuorumCnxManager$SendWorker@688] - Send worker leaving thread
2015-07-29 19:31:21,718 - INFO  [/10.10.34.13:3888:QuorumCnxManager$Listener@493] - Received connection request /10.10.34.13:46239
2015-07-29 19:31:21,718 - INFO  [/10.10.34.13:3888:QuorumCnxManager$Listener@493] - Received connection request /10.10.34.13:46240
2015-07-29 19:31:21,718 - WARN  [RecvWorker:188978561024:QuorumCnxManager$RecvWorker@762] - Connection broken for id 188978561024, my id = 3, error = 
2015-07-29 19:31:21,718 - WARN  [RecvWorker:188978561024:QuorumCnxManager$RecvWorker@765] - Interrupting SendWorker
2015-07-29 19:31:21,718 - WARN  [SendWorker:188978561024:QuorumCnxManager$SendWorker@679] - Interrupted while waiting for message on queue
2015-07-29 19:31:21,719 - WARN  [SendWorker:188978561024:QuorumCnxManager$SendWorker@688] - Send worker leaving thread
2015-07-29 19:31:21,719 - WARN  [RecvWorker:188978561024:QuorumCnxManager$RecvWorker@762] - Connection broken for id 188978561024, my id = 3, error = 
2015-07-29 19:31:21,719 - WARN  [RecvWorker:188978561024:QuorumCnxManager$RecvWorker@765] - Interrupting SendWorker
2015-07-29 19:31:21,719 - WARN  [SendWorker:188978561024:QuorumCnxManager$SendWorker@679] - Interrupted while waiting for message on queue
2015-07-29 19:31:21,719 - WARN  [SendWorker:188978561024:QuorumCnxManager$SendWorker@688] - Send worker leaving thread
2015-07-29 19:31:24,848 - INFO  [/10.10.34.13:3888:QuorumCnxManager$Listener@493] - Received connection request /10.10.34.11:48730
2015-07-29 19:31:24,848 - WARN  [RecvWorker:188978561024:QuorumCnxManager$RecvWorker@762] - Connection broken for id 188978561024, my id = 3, error = 
2015-07-29 19:31:24,848 - WARN  [RecvWorker:188978561024:QuorumCnxManager$RecvWorker@765] - Interrupting SendWorker
2015-07-29 19:31:24,849 - WARN  [SendWorker:188978561024:QuorumCnxManager$SendWorker@679] - Interrupted while waiting for message on queue
2015-07-29 19:31:24,849 - WARN  [SendWorker:188978561024:QuorumCnxManager$SendWorker@688] - Send worker leaving thread
2015-07-29 19:31:24,849 - INFO  [/10.10.34.13:3888:QuorumCnxManager$Listener@493] - Received connection request /10.10.34.11:48732
2015-07-29 19:31:24,850 - INFO  [/10.10.34.13:3888:QuorumCnxManager$Listener@493] - Received connection request /10.10.34.11:48733
2015-07-29 19:31:24,850 - WARN  [RecvWorker:188978561024:QuorumCnxManager$RecvWorker@762] - Connection broken for id 188978561024, my id = 3, error = 
2015-07-29 19:31:24,850 - WARN  [RecvWorker:188978561024:QuorumCnxManager$RecvWorker@765] - Interrupting SendWorker
2015-07-29 19:31:24,850 - WARN  [SendWorker:188978561024:QuorumCnxManager$SendWorker@679] - Interrupted while waiting for message on queue
2015-07-29 19:31:24,850 - WARN  [SendWorker:188978561024:QuorumCnxManager$SendWorker@688] - Send worker leaving thread
2015-07-29 19:31:24,850 - WARN  [RecvWorker:188978561024:QuorumCnxManager$RecvWorker@762] - Connection broken for id 188978561024, my id = 3, error = 
2015-07-29 19:31:24,850 - WARN  [RecvWorker:188978561024:QuorumCnxManager$RecvWorker@765] - Interrupting SendWorker
2015-07-29 19:31:24,851 - WARN  [SendWorker:188978561024:QuorumCnxManager$SendWorker@679] - Interrupted while waiting for message on queue
2015-07-29 19:31:24,851 - WARN  [SendWorker:188978561024:QuorumCnxManager$SendWorker@688] - Send worker leaving thread
2015-07-29 19:31:24,853 - INFO  [/10.10.34.13:3888:QuorumCnxManager$Listener@493] - Received connection request /10.10.34.11:48734
2015-07-29 19:31:24,853 - WARN  [RecvWorker:188978561024:QuorumCnxManager$RecvWorker@762] - Connection broken for id 188978561024, my id = 3, error = 
2015-07-29 19:31:24,853 - WARN  [RecvWorker:188978561024:QuorumCnxManager$RecvWorker@765] - Interrupting SendWorker
2015-07-29 19:31:24,854 - WARN  [SendWorker:188978561024:QuorumCnxManager$SendWorker@679] - Interrupted while waiting for message on queue
2015-07-29 19:31:24,854 - WARN  [SendWorker:188978561024:QuorumCnxManager$SendWorker@688] - Send worker leaving thread
2015-07-29 19:31:24,941 - INFO  [/10.10.34.13:3888:QuorumCnxManager$Listener@493] - Received connection request /10.10.34.12:48970
2015-07-29 19:31:24,942 - WARN  [RecvWorker:188978561024:QuorumCnxManager$RecvWorker@762] - Connection broken for id 188978561024, my id = 3, error = 
2015-07-29 19:31:24,942 - WARN  [RecvWorker:188978561024:QuorumCnxManager$RecvWorker@765] - Interrupting SendWorker
2015-07-29 19:31:24,942 - WARN  [SendWorker:188978561024:QuorumCnxManager$SendWorker@679] - Interrupted while waiting for message on queue
2015-07-29 19:31:24,942 - WARN  [SendWorker:188978561024:QuorumCnxManager$SendWorker@688] - Send worker leaving thread
2015-07-29 19:31:24,943 - INFO  [/10.10.34.13:3888:QuorumCnxManager$Listener@493] - Received connection request /10.10.34.12:48973
2015-07-29 19:31:24,943 - WARN  [RecvWorker:188978561024:QuorumCnxManager$RecvWorker@762] - Connection broken for id 188978561024, my id = 3, error = 
2015-07-29 19:31:24,943 - WARN  [RecvWorker:188978561024:QuorumCnxManager$RecvWorker@765] - Interrupting SendWorker
2015-07-29 19:31:24,944 - WARN  [SendWorker:188978561024:QuorumCnxManager$SendWorker@679] - Interrupted while waiting for message on queue
2015-07-29 19:31:24,944 - WARN  [SendWorker:188978561024:QuorumCnxManager$SendWorker@688] - Send worker leaving thread
2015-07-29 19:31:24,945 - INFO  [/10.10.34.13:3888:QuorumCnxManager$Listener@493] - Received connection request /10.10.34.12:48978
2015-07-29 19:31:24,945 - WARN  [RecvWorker:188978561024:QuorumCnxManager$RecvWorker@762] - Connection broken for id 188978561024, my id = 3, error = 
2015-07-29 19:31:24,946 - WARN  [RecvWorker:188978561024:QuorumCnxManager$RecvWorker@765] - Interrupting SendWorker
2015-07-29 19:31:24,946 - WARN  [SendWorker:188978561024:QuorumCnxManager$SendWorker@679] - Interrupted while waiting for message on queue
2015-07-29 19:31:24,946 - WARN  [SendWorker:188978561024:QuorumCnxManager$SendWorker@688] - Send worker leaving thread
2015-07-29 19:31:24,946 - INFO  [/10.10.34.13:3888:QuorumCnxManager$Listener@493] - Received connection request /10.10.34.12:48980
2015-07-29 19:31:24,947 - WARN  [RecvWorker:188978561024:QuorumCnxManager$RecvWorker@762] - Connection broken for id 188978561024, my id = 3, error = 
2015-07-29 19:31:24,947 - WARN  [RecvWorker:188978561024:QuorumCnxManager$RecvWorker@765] - Interrupting SendWorker
2015-07-29 19:31:24,947 - WARN  [SendWorker:188978561024:QuorumCnxManager$SendWorker@679] - Interrupted while waiting for message on queue
2015-07-29 19:31:24,947 - WARN  [SendWorker:188978561024:QuorumCnxManager$SendWorker@688] - Send worker leaving thread
2015-07-29 19:31:25,052 - INFO  [/10.10.34.13:3888:QuorumCnxManager$Listener@493] - Received connection request /10.10.34.13:46242
2015-07-29 19:31:25,052 - WARN  [RecvWorker:188978561024:QuorumCnxManager$RecvWorker@762] - Connection broken for id 188978561024, my id = 3, error = 
2015-07-29 19:31:25,053 - WARN  [RecvWorker:188978561024:QuorumCnxManager$RecvWorker@765] - Interrupting SendWorker
2015-07-29 19:31:25,053 - WARN  [SendWorker:188978561024:QuorumCnxManager$SendWorker@679] - Interrupted while waiting for message on queue
2015-07-29 19:31:25,053 - WARN  [SendWorker:188978561024:QuorumCnxManager$SendWorker@688] - Send worker leaving thread
2015-07-29 19:31:25,056 - INFO  [/10.10.34.13:3888:QuorumCnxManager$Listener@493] - Received connection request /10.10.34.13:46247
2015-07-29 19:31:25,057 - WARN  [RecvWorker:188978561024:QuorumCnxManager$RecvWorker@762] - Connection broken for id 188978561024, my id = 3, error = 
2015-07-29 19:31:25,057 - WARN  [RecvWorker:188978561024:QuorumCnxManager$RecvWorker@765] - Interrupting SendWorker
2015-07-29 19:31:25,057 - WARN  [SendWorker:188978561024:QuorumCnxManager$SendWorker@679] - Interrupted while waiting for message on queue
2015-07-29 19:31:25,057 - WARN  [SendWorker:188978561024:QuorumCnxManager$SendWorker@688] - Send worker leaving thread
2015-07-29 19:31:25,058 - INFO  [/10.10.34.13:3888:QuorumCnxManager$Listener@493] - Received connection request /10.10.34.13:46251
2015-07-29 19:31:25,058 - INFO  [/10.10.34.13:3888:QuorumCnxManager$Listener@493] - Received connection request /10.10.34.13:46252
2015-07-29 19:31:25,058 - WARN  [RecvWorker:188978561024:QuorumCnxManager$RecvWorker@762] - Connection broken for id 188978561024, my id = 3, error = 
2015-07-29 19:31:25,058 - WARN  [RecvWorker:188978561024:QuorumCnxManager$RecvWorker@765] - Interrupting SendWorker
2015-07-29 19:31:25,059 - WARN  [SendWorker:188978561024:QuorumCnxManager$SendWorker@679] - Interrupted while waiting for message on queue
2015-07-29 19:31:25,059 - WARN  [SendWorker:188978561024:QuorumCnxManager$SendWorker@688] - Send worker leaving thread
2015-07-29 19:31:25,059 - WARN  [RecvWorker:188978561024:QuorumCnxManager$RecvWorker@762] - Connection broken for id 188978561024, my id = 3, error = 
2015-07-29 19:31:25,059 - WARN  [RecvWorker:188978561024:QuorumCnxManager$RecvWorker@765] - Interrupting SendWorker
2015-07-29 19:31:25,059 - WARN  [SendWorker:188978561024:QuorumCnxManager$SendWorker@679] - Interrupted while waiting for message on queue
2015-07-29 19:31:25,060 - WARN  [SendWorker:188978561024:QuorumCnxManager$SendWorker@688] - Send worker leaving thread
2015-07-29 19:31:28,188 - INFO  [/10.10.34.13:3888:QuorumCnxManager$Listener@493] - Received connection request /10.10.34.11:48742
2015-07-29 19:31:28,189 - WARN  [RecvWorker:188978561024:QuorumCnxManager$RecvWorker@762] - Connection broken for id 188978561024, my id = 3, error = 
2015-07-29 19:31:28,189 - WARN  [RecvWorker:188978561024:QuorumCnxManager$RecvWorker@765] - Interrupting SendWorker
2015-07-29 19:31:28,189 - WARN  [SendWorker:188978561024:QuorumCnxManager$SendWorker@679] - Interrupted while waiting for message on queue
2015-07-29 19:31:28,189 - WARN  [SendWorker:188978561024:QuorumCnxManager$SendWorker@688] - Send worker leaving thread
2015-07-29 19:31:28,189 - INFO  [/10.10.34.13:3888:QuorumCnxManager$Listener@493] - Received connection request /10.10.34.11:48744
2015-07-29 19:31:28,190 - INFO  [/10.10.34.13:3888:QuorumCnxManager$Listener@493] - Received connection request /10.10.34.11:48745
2015-07-29 19:31:28,190 - WARN  [RecvWorker:188978561024:QuorumCnxManager$RecvWorker@762] - Connection broken for id 188978561024, my id = 3, error = 
2015-07-29 19:31:28,190 - WARN  [RecvWorker:188978561024:QuorumCnxManager$RecvWorker@765] - Interrupting SendWorker
2015-07-29 19:31:28,190 - WARN  [SendWorker:188978561024:QuorumCnxManager$SendWorker@679] - Interrupted while waiting for message on queue
2015-07-29 19:31:28,191 - WARN  [SendWorker:188978561024:QuorumCnxManager$SendWorker@688] - Send worker leaving thread
2015-07-29 19:31:28,191 - WARN  [RecvWorker:188978561024:QuorumCnxManager$RecvWorker@762] - Connection broken for id 188978561024, my id = 3, error = 
2015-07-29 19:31:28,191 - WARN  [RecvWorker:188978561024:QuorumCnxManager$RecvWorker@765] - Interrupting SendWorker
2015-07-29 19:31:28,191 - WARN  [SendWorker:188978561024:QuorumCnxManager$SendWorker@679] - Interrupted while waiting for message on queue
2015-07-29 19:31:28,191 - WARN  [SendWorker:188978561024:QuorumCnxManager$SendWorker@688] - Send worker leaving thread
2015-07-29 19:31:28,193 - INFO  [/10.10.34.13:3888:QuorumCnxManager$Listener@493] - Received connection request /10.10.34.11:48746
2015-07-29 19:31:28,193 - WARN  [RecvWorker:188978561024:QuorumCnxManager$RecvWorker@762] - Connection broken for id 188978561024, my id = 3, error = 
2015-07-29 19:31:28,194 - WARN  [RecvWorker:188978561024:QuorumCnxManager$RecvWorker@765] - Interrupting SendWorker
2015-07-29 19:31:28,194 - WARN  [SendWorker:188978561024:QuorumCnxManager$SendWorker@679] - Interrupted while waiting for message on queue
2015-07-29 19:31:28,194 - WARN  [SendWorker:188978561024:QuorumCnxManager$SendWorker@688] - Send worker leaving thread
2015-07-29 19:31:28,281 - INFO  [/10.10.34.13:3888:QuorumCnxManager$Listener@493] - Received connection request /10.10.34.12:48982
2015-07-29 19:31:28,282 - WARN  [RecvWorker:188978561024:QuorumCnxManager$RecvWorker@762] - Connection broken for id 188978561024, my id = 3, error = 
2015-07-29 19:31:28,282 - WARN  [RecvWorker:188978561024:QuorumCnxManager$RecvWorker@765] - Interrupting SendWorker
2015-07-29 19:31:28,282 - WARN  [SendWorker:188978561024:QuorumCnxManager$SendWorker@679] - Interrupted while waiting for message on queue
2015-07-29 19:31:28,283 - WARN  [SendWorker:188978561024:QuorumCnxManager$SendWorker@688] - Send worker leaving thread
2015-07-29 19:31:28,283 - INFO  [/10.10.34.13:3888:QuorumCnxManager$Listener@493] - Received connection request /10.10.34.12:48985
2015-07-29 19:31:28,284 - WARN  [RecvWorker:188978561024:QuorumCnxManager$RecvWorker@762] - Connection broken for id 188978561024, my id = 3, error = 
2015-07-29 19:31:28,284 - WARN  [RecvWorker:188978561024:QuorumCnxManager$RecvWorker@765] - Interrupting SendWorker
2015-07-29 19:31:28,284 - WARN  [SendWorker:188978561024:QuorumCnxManager$SendWorker@679] - Interrupted while waiting for message on queue
2015-07-29 19:31:28,284 - WARN  [SendWorker:188978561024:QuorumCnxManager$SendWorker@688] - Send worker leaving thread
2015-07-29 19:31:28,285 - INFO  [/10.10.34.13:3888:QuorumCnxManager$Listener@493] - Received connection request /10.10.34.12:48989
2015-07-29 19:31:28,285 - WARN  [RecvWorker:188978561024:QuorumCnxManager$RecvWorker@762] - Connection broken for id 188978561024, my id = 3, error = 
2015-07-29 19:31:28,286 - WARN  [RecvWorker:188978561024:QuorumCnxManager$RecvWorker@765] - Interrupting SendWorker
2015-07-29 19:31:28,286 - WARN  [SendWorker:188978561024:QuorumCnxManager$SendWorker@679] - Interrupted while waiting for message on queue
2015-07-29 19:31:28,286 - WARN  [SendWorker:188978561024:QuorumCnxManager$SendWorker@688] - Send worker leaving thread
2015-07-29 19:31:28,286 - INFO  [/10.10.34.13:3888:QuorumCnxManager$Listener@493] - Received connection request /10.10.34.12:48992
2015-07-29 19:31:28,287 - WARN  [RecvWorker:188978561024:QuorumCnxManager$RecvWorker@762] - Connection broken for id 188978561024, my id = 3, error = 
2015-07-29 19:31:28,287 - WARN  [RecvWorker:188978561024:QuorumCnxManager$RecvWorker@765] - Interrupting SendWorker
2015-07-29 19:31:28,287 - WARN  [SendWorker:188978561024:QuorumCnxManager$SendWorker@679] - Interrupted while waiting for message on queue
2015-07-29 19:31:28,287 - WARN  [SendWorker:188978561024:QuorumCnxManager$SendWorker@688] - Send worker leaving thread
2015-07-29 19:31:28,392 - INFO  [/10.10.34.13:3888:QuorumCnxManager$Listener@493] - Received connection request /10.10.34.13:46254
2015-07-29 19:31:28,393 - WARN  [RecvWorker:188978561024:QuorumCnxManager$RecvWorker@762] - Connection broken for id 188978561024, my id = 3, error = 
2015-07-29 19:31:28,393 - WARN  [RecvWorker:188978561024:QuorumCnxManager$RecvWorker@765] - Interrupting SendWorker
2015-07-29 19:31:28,393 - WARN  [SendWorker:188978561024:QuorumCnxManager$SendWorker@679] - Interrupted while waiting for message on queue
2015-07-29 19:31:28,393 - WARN  [SendWorker:188978561024:QuorumCnxManager$SendWorker@688] - Send worker leaving thread
2015-07-29 19:31:28,397 - INFO  [/10.10.34.13:3888:QuorumCnxManager$Listener@493] - Received connection request /10.10.34.13:46260
2015-07-29 19:31:28,397 - WARN  [RecvWorker:188978561024:QuorumCnxManager$RecvWorker@762] - Connection broken for id 188978561024, my id = 3, error = 
2015-07-29 19:31:28,397 - WARN  [RecvWorker:188978561024:QuorumCnxManager$RecvWorker@765] - Interrupting SendWorker
2015-07-29 19:31:28,398 - WARN  [SendWorker:188978561024:QuorumCnxManager$SendWorker@679] - Interrupted while waiting for message on queue
2015-07-29 19:31:28,398 - WARN  [SendWorker:188978561024:QuorumCnxManager$SendWorker@688] - Send worker leaving thread
2015-07-29 19:31:28,398 - INFO  [/10.10.34.13:3888:QuorumCnxManager$Listener@493] - Received connection request /10.10.34.13:46263
2015-07-29 19:31:28,398 - INFO  [/10.10.34.13:3888:QuorumCnxManager$Listener@493] - Received connection request /10.10.34.13:46264
2015-07-29 19:31:28,398 - WARN  [RecvWorker:188978561024:QuorumCnxManager$RecvWorker@762] - Connection broken for id 188978561024, my id = 3, error = 
2015-07-29 19:31:28,399 - WARN  [RecvWorker:188978561024:QuorumCnxManager$RecvWorker@765] - Interrupting SendWorker
2015-07-29 19:31:28,399 - WARN  [SendWorker:188978561024:QuorumCnxManager$SendWorker@679] - Interrupted while waiting for message on queue
2015-07-29 19:31:28,399 - WARN  [RecvWorker:188978561024:QuorumCnxManager$RecvWorker@762] - Connection broken for id 188978561024, my id = 3, error = 
2015-07-29 19:31:28,399 - WARN  [RecvWorker:188978561024:QuorumCnxManager$RecvWorker@765] - Interrupting SendWorker
2015-07-29 19:31:28,399 - WARN  [SendWorker:188978561024:QuorumCnxManager$SendWorker@688] - Send worker leaving thread
2015-07-29 19:31:28,399 - WARN  [SendWorker:188978561024:QuorumCnxManager$SendWorker@679] - Interrupted while waiting for message on queue
2015-07-29 19:31:28,400 - WARN  [SendWorker:188978561024:QuorumCnxManager$SendWorker@688] - Send worker leaving thread
2015-07-29 19:31:31,528 - INFO  [/10.10.34.13:3888:QuorumCnxManager$Listener@493] - Received connection request /10.10.34.11:48754
2015-07-29 19:31:31,529 - WARN  [RecvWorker:188978561024:QuorumCnxManager$RecvWorker@762] - Connection broken for id 188978561024, my id = 3, error = 
2015-07-29 19:31:31,529 - WARN  [RecvWorker:188978561024:QuorumCnxManager$RecvWorker@765] - Interrupting SendWorker
2015-07-29 19:31:31,530 - WARN  [SendWorker:188978561024:QuorumCnxManager$SendWorker@679] - Interrupted while waiting for message on queue
2015-07-29 19:31:31,530 - WARN  [SendWorker:188978561024:QuorumCnxManager$SendWorker@688] - Send worker leaving thread
2015-07-29 19:31:31,530 - INFO  [/10.10.34.13:3888:QuorumCnxManager$Listener@493] - Received connection request /10.10.34.11:48756
2015-07-29 19:31:31,531 - INFO  [/10.10.34.13:3888:QuorumCnxManager$Listener@493] - Received connection request /10.10.34.11:48757
2015-07-29 19:31:31,531 - WARN  [RecvWorker:188978561024:QuorumCnxManager$RecvWorker@762] - Connection broken for id 188978561024, my id = 3, error = 
2015-07-29 19:31:31,531 - WARN  [RecvWorker:188978561024:QuorumCnxManager$RecvWorker@765] - Interrupting SendWorker
2015-07-29 19:31:31,531 - WARN  [SendWorker:188978561024:QuorumCnxManager$SendWorker@679] - Interrupted while waiting for message on queue
2015-07-29 19:31:31,531 - WARN  [SendWorker:188978561024:QuorumCnxManager$SendWorker@688] - Send worker leaving thread
2015-07-29 19:31:31,531 - WARN  [RecvWorker:188978561024:QuorumCnxManager$RecvWorker@762] - Connection broken for id 188978561024, my id = 3, error = 
2015-07-29 19:31:31,531 - WARN  [RecvWorker:188978561024:QuorumCnxManager$RecvWorker@765] - Interrupting SendWorker
2015-07-29 19:31:31,532 - WARN  [SendWorker:188978561024:QuorumCnxManager$SendWorker@679] - Interrupted while waiting for message on queue
2015-07-29 19:31:31,532 - WARN  [SendWorker:188978561024:QuorumCnxManager$SendWorker@688] - Send worker leaving thread
2015-07-29 19:31:31,533 - INFO  [/10.10.34.13:3888:QuorumCnxManager$Listener@493] - Received connection request /10.10.34.11:48758
2015-07-29 19:31:31,534 - WARN  [RecvWorker:188978561024:QuorumCnxManager$RecvWorker@762] - Connection broken for id 188978561024, my id = 3, error = 
2015-07-29 19:31:31,534 - WARN  [RecvWorker:188978561024:QuorumCnxManager$RecvWorker@765] - Interrupting SendWorker
2015-07-29 19:31:31,534 - WARN  [SendWorker:188978561024:QuorumCnxManager$SendWorker@679] - Interrupted while waiting for message on queue
2015-07-29 19:31:31,534 - WARN  [SendWorker:188978561024:QuorumCnxManager$SendWorker@688] - Send worker leaving thread
2015-07-29 19:31:31,621 - INFO  [/10.10.34.13:3888:QuorumCnxManager$Listener@493] - Received connection request /10.10.34.12:48994
2015-07-29 19:31:31,622 - WARN  [RecvWorker:188978561024:QuorumCnxManager$RecvWorker@762] - Connection broken for id 188978561024, my id = 3, error = 
2015-07-29 19:31:31,622 - WARN  [RecvWorker:188978561024:QuorumCnxManager$RecvWorker@765] - Interrupting SendWorker
2015-07-29 19:31:31,622 - WARN  [SendWorker:188978561024:QuorumCnxManager$SendWorker@679] - Interrupted while waiting for message on queue
2015-07-29 19:31:31,623 - WARN  [SendWorker:188978561024:QuorumCnxManager$SendWorker@688] - Send worker leaving thread
2015-07-29 19:31:31,623 - INFO  [/10.10.34.13:3888:QuorumCnxManager$Listener@493] - Received connection request /10.10.34.12:48997
2015-07-29 19:31:31,624 - WARN  [RecvWorker:188978561024:QuorumCnxManager$RecvWorker@762] - Connection broken for id 188978561024, my id = 3, error = 
2015-07-29 19:31:31,624 - WARN  [RecvWorker:188978561024:QuorumCnxManager$RecvWorker@765] - Interrupting SendWorker
2015-07-29 19:31:31,624 - WARN  [SendWorker:188978561024:QuorumCnxManager$SendWorker@679] - Interrupted while waiting for message on queue
2015-07-29 19:31:31,624 - WARN  [SendWorker:188978561024:QuorumCnxManager$SendWorker@688] - Send worker leaving thread
2015-07-29 19:31:31,625 - INFO  [/10.10.34.13:3888:QuorumCnxManager$Listener@493] - Received connection request /10.10.34.12:49002
2015-07-29 19:31:31,626 - WARN  [RecvWorker:188978561024:QuorumCnxManager$RecvWorker@762] - Connection broken for id 188978561024, my id = 3, error = 
2015-07-29 19:31:31,626 - WARN  [RecvWorker:188978561024:QuorumCnxManager$RecvWorker@765] - Interrupting SendWorker
2015-07-29 19:31:31,626 - WARN  [SendWorker:188978561024:QuorumCnxManager$SendWorker@679] - Interrupted while waiting for message on queue
2015-07-29 19:31:31,626 - WARN  [SendWorker:188978561024:QuorumCnxManager$SendWorker@688] - Send worker leaving thread
2015-07-29 19:31:31,626 - INFO  [/10.10.34.13:3888:QuorumCnxManager$Listener@493] - Received connection request /10.10.34.12:49004
2015-07-29 19:31:31,627 - WARN  [RecvWorker:188978561024:QuorumCnxManager$RecvWorker@762] - Connection broken for id 188978561024, my id = 3, error = 
2015-07-29 19:31:31,627 - WARN  [RecvWorker:188978561024:QuorumCnxManager$RecvWorker@765] - Interrupting SendWorker
2015-07-29 19:31:31,627 - WARN  [SendWorker:188978561024:QuorumCnxManager$SendWorker@679] - Interrupted while waiting for message on queue
2015-07-29 19:31:31,628 - WARN  [SendWorker:188978561024:QuorumCnxManager$SendWorker@688] - Send worker leaving thread
2015-07-29 19:31:31,732 - INFO  [/10.10.34.13:3888:QuorumCnxManager$Listener@493] - Received connection request /10.10.34.13:46266
2015-07-29 19:31:31,733 - WARN  [RecvWorker:188978561024:QuorumCnxManager$RecvWorker@762] - Connection broken for id 188978561024, my id = 3, error = 
2015-07-29 19:31:31,733 - WARN  [RecvWorker:188978561024:QuorumCnxManager$RecvWorker@765] - Interrupting SendWorker
2015-07-29 19:31:31,733 - WARN  [SendWorker:188978561024:QuorumCnxManager$SendWorker@679] - Interrupted while waiting for message on queue
2015-07-29 19:31:31,733 - WARN  [SendWorker:188978561024:QuorumCnxManager$SendWorker@688] - Send worker leaving thread
2015-07-29 19:31:31,737 - INFO  [/10.10.34.13:3888:QuorumCnxManager$Listener@493] - Received connection request /10.10.34.13:46272
2015-07-29 19:31:31,738 - WARN  [RecvWorker:188978561024:QuorumCnxManager$RecvWorker@762] - Connection broken for id 188978561024, my id = 3, error = 
2015-07-29 19:31:31,738 - WARN  [RecvWorker:188978561024:QuorumCnxManager$RecvWorker@765] - Interrupting SendWorker
2015-07-29 19:31:31,738 - WARN  [SendWorker:188978561024:QuorumCnxManager$SendWorker@679] - Interrupted while waiting for message on queue
2015-07-29 19:31:31,738 - WARN  [SendWorker:188978561024:QuorumCnxManager$SendWorker@688] - Send worker leaving thread
2015-07-29 19:31:31,738 - INFO  [/10.10.34.13:3888:QuorumCnxManager$Listener@493] - Received connection request /10.10.34.13:46275
2015-07-29 19:31:31,739 - INFO  [/10.10.34.13:3888:QuorumCnxManager$Listener@493] - Received connection request /10.10.34.13:46276
2015-07-29 19:31:31,739 - WARN  [RecvWorker:188978561024:QuorumCnxManager$RecvWorker@762] - Connection broken for id 188978561024, my id = 3, error = 
2015-07-29 19:31:31,739 - WARN  [RecvWorker:188978561024:QuorumCnxManager$RecvWorker@765] - Interrupting SendWorker
2015-07-29 19:31:31,739 - WARN  [SendWorker:188978561024:QuorumCnxManager$SendWorker@679] - Interrupted while waiting for message on queue
2015-07-29 19:31:31,739 - WARN  [SendWorker:188978561024:QuorumCnxManager$SendWorker@688] - Send worker leaving thread
2015-07-29 19:31:31,739 - WARN  [RecvWorker:188978561024:QuorumCnxManager$RecvWorker@762] - Connection broken for id 188978561024, my id = 3, error = 
2015-07-29 19:31:31,740 - WARN  [RecvWorker:188978561024:QuorumCnxManager$RecvWorker@765] - Interrupting SendWorker
2015-07-29 19:31:31,740 - WARN  [SendWorker:188978561024:QuorumCnxManager$SendWorker@679] - Interrupted while waiting for message on queue
2015-07-29 19:31:31,740 - WARN  [SendWorker:188978561024:QuorumCnxManager$SendWorker@688] - Send worker leaving thread
2015-07-29 19:31:34,869 - INFO  [/10.10.34.13:3888:QuorumCnxManager$Listener@493] - Received connection request /10.10.34.11:48767
2015-07-29 19:31:34,869 - INFO  [/10.10.34.13:3888:QuorumCnxManager$Listener@493] - Received connection request /10.10.34.11:48768
2015-07-29 19:31:34,869 - WARN  [RecvWorker:188978561024:QuorumCnxManager$RecvWorker@762] - Connection broken for id 188978561024, my id = 3, error = 
2015-07-29 19:31:34,870 - WARN  [RecvWorker:188978561024:QuorumCnxManager$RecvWorker@765] - Interrupting SendWorker
2015-07-29 19:31:34,870 - WARN  [SendWorker:188978561024:QuorumCnxManager$SendWorker@679] - Interrupted while waiting for message on queue
2015-07-29 19:31:34,870 - WARN  [SendWorker:188978561024:QuorumCnxManager$SendWorker@688] - Send worker leaving thread
2015-07-29 19:31:34,870 - WARN  [RecvWorker:188978561024:QuorumCnxManager$RecvWorker@762] - Connection broken for id 188978561024, my id = 3, error = 
2015-07-29 19:31:34,870 - WARN  [RecvWorker:188978561024:QuorumCnxManager$RecvWorker@765] - Interrupting SendWorker
2015-07-29 19:31:34,870 - INFO  [/10.10.34.13:3888:QuorumCnxManager$Listener@493] - Received connection request /10.10.34.11:48769
2015-07-29 19:31:34,871 - WARN  [SendWorker:188978561024:QuorumCnxManager$SendWorker@679] - Interrupted while waiting for message on queue
2015-07-29 19:31:34,871 - WARN  [SendWorker:188978561024:QuorumCnxManager$SendWorker@688] - Send worker leaving thread
2015-07-29 19:31:34,871 - WARN  [RecvWorker:188978561024:QuorumCnxManager$RecvWorker@762] - Connection broken for id 188978561024, my id = 3, error = 
2015-07-29 19:31:34,871 - WARN  [RecvWorker:188978561024:QuorumCnxManager$RecvWorker@765] - Interrupting SendWorker
2015-07-29 19:31:34,871 - WARN  [SendWorker:188978561024:QuorumCnxManager$SendWorker@679] - Interrupted while waiting for message on queue
2015-07-29 19:31:34,872 - WARN  [SendWorker:188978561024:QuorumCnxManager$SendWorker@688] - Send worker leaving thread
2015-07-29 19:31:34,873 - INFO  [/10.10.34.13:3888:QuorumCnxManager$Listener@493] - Received connection request /10.10.34.11:48770
2015-07-29 19:31:34,874 - WARN  [RecvWorker:188978561024:QuorumCnxManager$RecvWorker@762] - Connection broken for id 188978561024, my id = 3, error = 
2015-07-29 19:31:34,874 - WARN  [RecvWorker:188978561024:QuorumCnxManager$RecvWorker@765] - Interrupting SendWorker
2015-07-29 19:31:34,874 - WARN  [SendWorker:188978561024:QuorumCnxManager$SendWorker@679] - Interrupted while waiting for message on queue
2015-07-29 19:31:34,874 - WARN  [SendWorker:188978561024:QuorumCnxManager$SendWorker@688] - Send worker leaving thread
2015-07-29 19:31:34,961 - INFO  [/10.10.34.13:3888:QuorumCnxManager$Listener@493] - Received connection request /10.10.34.12:49006
2015-07-29 19:31:34,962 - WARN  [RecvWorker:188978561024:QuorumCnxManager$RecvWorker@762] - Connection broken for id 188978561024, my id = 3, error = 
2015-07-29 19:31:34,962 - WARN  [RecvWorker:188978561024:QuorumCnxManager$RecvWorker@765] - Interrupting SendWorker
2015-07-29 19:31:34,962 - WARN  [SendWorker:188978561024:QuorumCnxManager$SendWorker@679] - Interrupted while waiting for message on queue
2015-07-29 19:31:34,963 - WARN  [SendWorker:188978561024:QuorumCnxManager$SendWorker@688] - Send worker leaving thread
2015-07-29 19:31:34,963 - INFO  [/10.10.34.13:3888:QuorumCnxManager$Listener@493] - Received connection request /10.10.34.12:49010
2015-07-29 19:31:34,964 - WARN  [RecvWorker:188978561024:QuorumCnxManager$RecvWorker@762] - Connection broken for id 188978561024, my id = 3, error = 
2015-07-29 19:31:34,964 - WARN  [RecvWorker:188978561024:QuorumCnxManager$RecvWorker@765] - Interrupting SendWorker
2015-07-29 19:31:34,964 - WARN  [SendWorker:188978561024:QuorumCnxManager$SendWorker@679] - Interrupted while waiting for message on queue
2015-07-29 19:31:34,964 - WARN  [SendWorker:188978561024:QuorumCnxManager$SendWorker@688] - Send worker leaving thread
2015-07-29 19:31:34,964 - INFO  [/10.10.34.13:3888:QuorumCnxManager$Listener@493] - Received connection request /10.10.34.12:49013
2015-07-29 19:31:34,967 - INFO  [/10.10.34.13:3888:QuorumCnxManager$Listener@493] - Received connection request /10.10.34.12:49015
2015-07-29 19:31:34,968 - WARN  [RecvWorker:188978561024:QuorumCnxManager$RecvWorker@762] - Connection broken for id 188978561024, my id = 3, error = 
2015-07-29 19:31:34,968 - WARN  [RecvWorker:188978561024:QuorumCnxManager$RecvWorker@765] - Interrupting SendWorker
2015-07-29 19:31:34,968 - WARN  [SendWorker:188978561024:QuorumCnxManager$SendWorker@679] - Interrupted while waiting for message on queue
2015-07-29 19:31:34,968 - WARN  [SendWorker:188978561024:QuorumCnxManager$SendWorker@688] - Send worker leaving thread
2015-07-29 19:31:34,968 - WARN  [RecvWorker:188978561024:QuorumCnxManager$RecvWorker@762] - Connection broken for id 188978561024, my id = 3, error = 
2015-07-29 19:31:34,968 - WARN  [RecvWorker:188978561024:QuorumCnxManager$RecvWorker@765] - Interrupting SendWorker
2015-07-29 19:31:34,969 - WARN  [SendWorker:188978561024:QuorumCnxManager$SendWorker@679] - Interrupted while waiting for message on queue
2015-07-29 19:31:34,969 - WARN  [SendWorker:188978561024:QuorumCnxManager$SendWorker@688] - Send worker leaving thread
2015-07-29 19:31:35,072 - INFO  [/10.10.34.13:3888:QuorumCnxManager$Listener@493] - Received connection request /10.10.34.13:46278
2015-07-29 19:31:35,073 - WARN  [RecvWorker:188978561024:QuorumCnxManager$RecvWorker@762] - Connection broken for id 188978561024, my id = 3, error = 
2015-07-29 19:31:35,073 - WARN  [RecvWorker:188978561024:QuorumCnxManager$RecvWorker@765] - Interrupting SendWorker
2015-07-29 19:31:35,073 - WARN  [SendWorker:188978561024:QuorumCnxManager$SendWorker@679] - Interrupted while waiting for message on queue
2015-07-29 19:31:35,074 - WARN  [SendWorker:188978561024:QuorumCnxManager$SendWorker@688] - Send worker leaving thread
2015-07-29 19:31:35,077 - INFO  [/10.10.34.13:3888:QuorumCnxManager$Listener@493] - Received connection request /10.10.34.13:46284
2015-07-29 19:31:35,077 - WARN  [RecvWorker:188978561024:QuorumCnxManager$RecvWorker@762] - Connection broken for id 188978561024, my id = 3, error = 
2015-07-29 19:31:35,078 - WARN  [RecvWorker:188978561024:QuorumCnxManager$RecvWorker@765] - Interrupting SendWorker
2015-07-29 19:31:35,078 - WARN  [SendWorker:188978561024:QuorumCnxManager$SendWorker@679] - Interrupted while waiting for message on queue
2015-07-29 19:31:35,078 - WARN  [SendWorker:188978561024:QuorumCnxManager$SendWorker@688] - Send worker leaving thread
2015-07-29 19:31:35,078 - INFO  [/10.10.34.13:3888:QuorumCnxManager$Listener@493] - Received connection request /10.10.34.13:46287
2015-07-29 19:31:35,078 - WARN  [RecvWorker:188978561024:QuorumCnxManager$RecvWorker@762] - Connection broken for id 188978561024, my id = 3, error = 
2015-07-29 19:31:35,079 - WARN  [RecvWorker:188978561024:QuorumCnxManager$RecvWorker@765] - Interrupting SendWorker
2015-07-29 19:31:35,079 - INFO  [/10.10.34.13:3888:QuorumCnxManager$Listener@493] - Received connection request /10.10.34.13:46288
2015-07-29 19:31:35,079 - WARN  [SendWorker:188978561024:QuorumCnxManager$SendWorker@679] - Interrupted while waiting for message on queue
2015-07-29 19:31:35,079 - WARN  [SendWorker:188978561024:QuorumCnxManager$SendWorker@688] - Send worker leaving thread
2015-07-29 19:31:35,079 - WARN  [RecvWorker:188978561024:QuorumCnxManager$RecvWorker@762] - Connection broken for id 188978561024, my id = 3, error = 
2015-07-29 19:31:35,079 - WARN  [RecvWorker:188978561024:QuorumCnxManager$RecvWorker@765] - Interrupting SendWorker
2015-07-29 19:31:35,080 - WARN  [SendWorker:188978561024:QuorumCnxManager$SendWorker@679] - Interrupted while waiting for message on queue
2015-07-29 19:31:35,080 - WARN  [SendWorker:188978561024:QuorumCnxManager$SendWorker@688] - Send worker leaving thread
2015-07-29 19:31:38,209 - INFO  [/10.10.34.13:3888:QuorumCnxManager$Listener@493] - Received connection request /10.10.34.11:48779
2015-07-29 19:31:38,210 - INFO  [/10.10.34.13:3888:QuorumCnxManager$Listener@493] - Received connection request /10.10.34.11:48780
2015-07-29 19:31:38,210 - WARN  [RecvWorker:188978561024:QuorumCnxManager$RecvWorker@762] - Connection broken for id 188978561024, my id = 3, error = 
2015-07-29 19:31:38,210 - WARN  [RecvWorker:188978561024:QuorumCnxManager$RecvWorker@765] - Interrupting SendWorker
2015-07-29 19:31:38,210 - WARN  [SendWorker:188978561024:QuorumCnxManager$SendWorker@679] - Interrupted while waiting for message on queue
2015-07-29 19:31:38,210 - WARN  [SendWorker:188978561024:QuorumCnxManager$SendWorker@688] - Send worker leaving thread
2015-07-29 19:31:38,210 - INFO  [/10.10.34.13:3888:QuorumCnxManager$Listener@493] - Received connection request /10.10.34.11:48781
2015-07-29 19:31:38,211 - WARN  [RecvWorker:188978561024:QuorumCnxManager$RecvWorker@762] - Connection broken for id 188978561024, my id = 3, error = 
2015-07-29 19:31:38,211 - WARN  [RecvWorker:188978561024:QuorumCnxManager$RecvWorker@765] - Interrupting SendWorker
2015-07-29 19:31:38,211 - WARN  [SendWorker:188978561024:QuorumCnxManager$SendWorker@679] - Interrupted while waiting for message on queue
2015-07-29 19:31:38,211 - WARN  [SendWorker:188978561024:QuorumCnxManager$SendWorker@688] - Send worker leaving thread
2015-07-29 19:31:38,211 - WARN  [RecvWorker:188978561024:QuorumCnxManager$RecvWorker@762] - Connection broken for id 188978561024, my id = 3, error = 
2015-07-29 19:31:38,211 - WARN  [RecvWorker:188978561024:QuorumCnxManager$RecvWorker@765] - Interrupting SendWorker
2015-07-29 19:31:38,212 - WARN  [SendWorker:188978561024:QuorumCnxManager$SendWorker@679] - Interrupted while waiting for message on queue
2015-07-29 19:31:38,212 - WARN  [SendWorker:188978561024:QuorumCnxManager$SendWorker@688] - Send worker leaving thread
2015-07-29 19:31:38,213 - INFO  [/10.10.34.13:3888:QuorumCnxManager$Listener@493] - Received connection request /10.10.34.11:48782
2015-07-29 19:31:38,214 - WARN  [RecvWorker:188978561024:QuorumCnxManager$RecvWorker@762] - Connection broken for id 188978561024, my id = 3, error = 
2015-07-29 19:31:38,214 - WARN  [RecvWorker:188978561024:QuorumCnxManager$RecvWorker@765] - Interrupting SendWorker
2015-07-29 19:31:38,214 - WARN  [SendWorker:188978561024:QuorumCnxManager$SendWorker@679] - Interrupted while waiting for message on queue
2015-07-29 19:31:38,214 - WARN  [SendWorker:188978561024:QuorumCnxManager$SendWorker@688] - Send worker leaving thread
2015-07-29 19:31:38,301 - INFO  [/10.10.34.13:3888:QuorumCnxManager$Listener@493] - Received connection request /10.10.34.12:49018
2015-07-29 19:31:38,302 - WARN  [RecvWorker:188978561024:QuorumCnxManager$RecvWorker@762] - Connection broken for id 188978561024, my id = 3, error = 
2015-07-29 19:31:38,302 - WARN  [RecvWorker:188978561024:QuorumCnxManager$RecvWorker@765] - Interrupting SendWorker
2015-07-29 19:31:38,302 - WARN  [SendWorker:188978561024:QuorumCnxManager$SendWorker@679] - Interrupted while waiting for message on queue
2015-07-29 19:31:38,303 - WARN  [SendWorker:188978561024:QuorumCnxManager$SendWorker@688] - Send worker leaving thread
2015-07-29 19:31:38,303 - INFO  [/10.10.34.13:3888:QuorumCnxManager$Listener@493] - Received connection request /10.10.34.12:49020
2015-07-29 19:31:38,304 - WARN  [RecvWorker:188978561024:QuorumCnxManager$RecvWorker@762] - Connection broken for id 188978561024, my id = 3, error = 
2015-07-29 19:31:38,304 - WARN  [RecvWorker:188978561024:QuorumCnxManager$RecvWorker@765] - Interrupting SendWorker
2015-07-29 19:31:38,304 - WARN  [SendWorker:188978561024:QuorumCnxManager$SendWorker@679] - Interrupted while waiting for message on queue
2015-07-29 19:31:38,304 - WARN  [SendWorker:188978561024:QuorumCnxManager$SendWorker@688] - Send worker leaving thread
2015-07-29 19:31:38,307 - INFO  [/10.10.34.13:3888:QuorumCnxManager$Listener@493] - Received connection request /10.10.34.12:49027
2015-07-29 19:31:38,308 - WARN  [RecvWorker:188978561024:QuorumCnxManager$RecvWorker@762] - Connection broken for id 188978561024, my id = 3, error = 
2015-07-29 19:31:38,308 - WARN  [RecvWorker:188978561024:QuorumCnxManager$RecvWorker@765] - Interrupting SendWorker
2015-07-29 19:31:38,308 - INFO  [/10.10.34.13:3888:QuorumCnxManager$Listener@493] - Received connection request /10.10.34.12:49028
2015-07-29 19:31:38,308 - WARN  [SendWorker:188978561024:QuorumCnxManager$SendWorker@679] - Interrupted while waiting for message on queue
2015-07-29 19:31:38,309 - WARN  [SendWorker:188978561024:QuorumCnxManager$SendWorker@688] - Send worker leaving thread
2015-07-29 19:31:38,309 - WARN  [RecvWorker:188978561024:QuorumCnxManager$RecvWorker@762] - Connection broken for id 188978561024, my id = 3, error = 
2015-07-29 19:31:38,309 - WARN  [RecvWorker:188978561024:QuorumCnxManager$RecvWorker@765] - Interrupting SendWorker
2015-07-29 19:31:38,309 - WARN  [SendWorker:188978561024:QuorumCnxManager$SendWorker@679] - Interrupted while waiting for message on queue
2015-07-29 19:31:38,309 - WARN  [SendWorker:188978561024:QuorumCnxManager$SendWorker@688] - Send worker leaving thread
2015-07-29 19:31:38,412 - INFO  [/10.10.34.13:3888:QuorumCnxManager$Listener@493] - Received connection request /10.10.34.13:46290
2015-07-29 19:31:38,413 - WARN  [RecvWorker:188978561024:QuorumCnxManager$RecvWorker@762] - Connection broken for id 188978561024, my id = 3, error = 
2015-07-29 19:31:38,413 - WARN  [RecvWorker:188978561024:QuorumCnxManager$RecvWorker@765] - Interrupting SendWorker
2015-07-29 19:31:38,413 - WARN  [SendWorker:188978561024:QuorumCnxManager$SendWorker@679] - Interrupted while waiting for message on queue
2015-07-29 19:31:38,413 - WARN  [SendWorker:188978561024:QuorumCnxManager$SendWorker@688] - Send worker leaving thread
2015-07-29 19:31:38,417 - INFO  [/10.10.34.13:3888:QuorumCnxManager$Listener@493] - Received connection request /10.10.34.13:46296
2015-07-29 19:31:38,417 - WARN  [RecvWorker:188978561024:QuorumCnxManager$RecvWorker@762] - Connection broken for id 188978561024, my id = 3, error = 
2015-07-29 19:31:38,418 - WARN  [RecvWorker:188978561024:QuorumCnxManager$RecvWorker@765] - Interrupting SendWorker
2015-07-29 19:31:38,418 - WARN  [SendWorker:188978561024:QuorumCnxManager$SendWorker@679] - Interrupted while waiting for message on queue
2015-07-29 19:31:38,418 - WARN  [SendWorker:188978561024:QuorumCnxManager$SendWorker@688] - Send worker leaving thread
2015-07-29 19:31:38,418 - INFO  [/10.10.34.13:3888:QuorumCnxManager$Listener@493] - Received connection request /10.10.34.13:46299
2015-07-29 19:31:38,419 - INFO  [/10.10.34.13:3888:QuorumCnxManager$Listener@493] - Received connection request /10.10.34.13:46300
2015-07-29 19:31:38,419 - WARN  [RecvWorker:188978561024:QuorumCnxManager$RecvWorker@762] - Connection broken for id 188978561024, my id = 3, error = 
2015-07-29 19:31:38,419 - WARN  [RecvWorker:188978561024:QuorumCnxManager$RecvWorker@765] - Interrupting SendWorker
2015-07-29 19:31:38,419 - WARN  [SendWorker:188978561024:QuorumCnxManager$SendWorker@679] - Interrupted while waiting for message on queue
2015-07-29 19:31:38,419 - WARN  [SendWorker:188978561024:QuorumCnxManager$SendWorker@688] - Send worker leaving thread
2015-07-29 19:31:38,419 - WARN  [RecvWorker:188978561024:QuorumCnxManager$RecvWorker@762] - Connection broken for id 188978561024, my id = 3, error = 
2015-07-29 19:31:38,420 - WARN  [RecvWorker:188978561024:QuorumCnxManager$RecvWorker@765] - Interrupting SendWorker
2015-07-29 19:31:38,420 - WARN  [SendWorker:188978561024:QuorumCnxManager$SendWorker@679] - Interrupted while waiting for message on queue
2015-07-29 19:31:38,420 - WARN  [SendWorker:188978561024:QuorumCnxManager$SendWorker@688] - Send worker leaving thread
2015-07-29 19:31:41,550 - INFO  [/10.10.34.13:3888:QuorumCnxManager$Listener@493] - Received connection request /10.10.34.11:48791
2015-07-29 19:31:41,550 - INFO  [/10.10.34.13:3888:QuorumCnxManager$Listener@493] - Received connection request /10.10.34.11:48792
2015-07-29 19:31:41,550 - WARN  [RecvWorker:188978561024:QuorumCnxManager$RecvWorker@762] - Connection broken for id 188978561024, my id = 3, error = 
2015-07-29 19:31:41,551 - WARN  [RecvWorker:188978561024:QuorumCnxManager$RecvWorker@765] - Interrupting SendWorker
2015-07-29 19:31:41,551 - WARN  [SendWorker:188978561024:QuorumCnxManager$SendWorker@679] - Interrupted while waiting for message on queue
2015-07-29 19:31:41,551 - WARN  [SendWorker:188978561024:QuorumCnxManager$SendWorker@688] - Send worker leaving thread
2015-07-29 19:31:41,551 - INFO  [/10.10.34.13:3888:QuorumCnxManager$Listener@493] - Received connection request /10.10.34.11:48793
2015-07-29 19:31:41,551 - WARN  [RecvWorker:188978561024:QuorumCnxManager$RecvWorker@762] - Connection broken for id 188978561024, my id = 3, error = 
2015-07-29 19:31:41,551 - WARN  [RecvWorker:188978561024:QuorumCnxManager$RecvWorker@765] - Interrupting SendWorker
2015-07-29 19:31:41,551 - WARN  [SendWorker:188978561024:QuorumCnxManager$SendWorker@679] - Interrupted while waiting for message on queue
2015-07-29 19:31:41,552 - WARN  [SendWorker:188978561024:QuorumCnxManager$SendWorker@688] - Send worker leaving thread
2015-07-29 19:31:41,552 - WARN  [RecvWorker:188978561024:QuorumCnxManager$RecvWorker@762] - Connection broken for id 188978561024, my id = 3, error = 
2015-07-29 19:31:41,552 - WARN  [RecvWorker:188978561024:QuorumCnxManager$RecvWorker@765] - Interrupting SendWorker
2015-07-29 19:31:41,552 - WARN  [SendWorker:188978561024:QuorumCnxManager$SendWorker@679] - Interrupted while waiting for message on queue
2015-07-29 19:31:41,552 - WARN  [SendWorker:188978561024:QuorumCnxManager$SendWorker@688] - Send worker leaving thread
2015-07-29 19:31:41,553 - INFO  [/10.10.34.13:3888:QuorumCnxManager$Listener@493] - Received connection request /10.10.34.11:48794
2015-07-29 19:31:41,554 - WARN  [RecvWorker:188978561024:QuorumCnxManager$RecvWorker@762] - Connection broken for id 188978561024, my id = 3, error = 
2015-07-29 19:31:41,554 - WARN  [RecvWorker:188978561024:QuorumCnxManager$RecvWorker@765] - Interrupting SendWorker
2015-07-29 19:31:41,554 - WARN  [SendWorker:188978561024:QuorumCnxManager$SendWorker@679] - Interrupted while waiting for message on queue
2015-07-29 19:31:41,554 - WARN  [SendWorker:188978561024:QuorumCnxManager$SendWorker@688] - Send worker leaving thread
2015-07-29 19:31:41,641 - INFO  [/10.10.34.13:3888:QuorumCnxManager$Listener@493] - Received connection request /10.10.34.12:49030
2015-07-29 19:31:41,642 - WARN  [RecvWorker:188978561024:QuorumCnxManager$RecvWorker@762] - Connection broken for id 188978561024, my id = 3, error = 
2015-07-29 19:31:41,642 - WARN  [RecvWorker:188978561024:QuorumCnxManager$RecvWorker@765] - Interrupting SendWorker
2015-07-29 19:31:41,642 - WARN  [SendWorker:188978561024:QuorumCnxManager$SendWorker@679] - Interrupted while waiting for message on queue
2015-07-29 19:31:41,643 - WARN  [SendWorker:188978561024:QuorumCnxManager$SendWorker@688] - Send worker leaving thread
2015-07-29 19:31:41,643 - INFO  [/10.10.34.13:3888:QuorumCnxManager$Listener@493] - Received connection request /10.10.34.12:49032
2015-07-29 19:31:41,643 - WARN  [RecvWorker:188978561024:QuorumCnxManager$RecvWorker@762] - Connection broken for id 188978561024, my id = 3, error = 
2015-07-29 19:31:41,644 - WARN  [RecvWorker:188978561024:QuorumCnxManager$RecvWorker@765] - Interrupting SendWorker
2015-07-29 19:31:41,644 - WARN  [SendWorker:188978561024:QuorumCnxManager$SendWorker@679] - Interrupted while waiting for message on queue
2015-07-29 19:31:41,644 - WARN  [SendWorker:188978561024:QuorumCnxManager$SendWorker@688] - Send worker leaving thread
2015-07-29 19:31:41,648 - INFO  [/10.10.34.13:3888:QuorumCnxManager$Listener@493] - Received connection request /10.10.34.12:49039
2015-07-29 19:31:41,648 - WARN  [RecvWorker:188978561024:QuorumCnxManager$RecvWorker@762] - Connection broken for id 188978561024, my id = 3, error = 
2015-07-29 19:31:41,648 - INFO  [/10.10.34.13:3888:QuorumCnxManager$Listener@493] - Received connection request /10.10.34.12:49040
2015-07-29 19:31:41,648 - WARN  [RecvWorker:188978561024:QuorumCnxManager$RecvWorker@765] - Interrupting SendWorker
2015-07-29 19:31:41,649 - WARN  [SendWorker:188978561024:QuorumCnxManager$SendWorker@679] - Interrupted while waiting for message on queue
2015-07-29 19:31:41,649 - WARN  [SendWorker:188978561024:QuorumCnxManager$SendWorker@688] - Send worker leaving thread
2015-07-29 19:31:41,649 - WARN  [RecvWorker:188978561024:QuorumCnxManager$RecvWorker@762] - Connection broken for id 188978561024, my id = 3, error = 
2015-07-29 19:31:41,649 - WARN  [RecvWorker:188978561024:QuorumCnxManager$RecvWorker@765] - Interrupting SendWorker
2015-07-29 19:31:41,650 - WARN  [SendWorker:188978561024:QuorumCnxManager$SendWorker@679] - Interrupted while waiting for message on queue
2015-07-29 19:31:41,650 - WARN  [SendWorker:188978561024:QuorumCnxManager$SendWorker@688] - Send worker leaving thread
2015-07-29 19:31:41,752 - INFO  [/10.10.34.13:3888:QuorumCnxManager$Listener@493] - Received connection request /10.10.34.13:46302
2015-07-29 19:31:41,753 - WARN  [RecvWorker:188978561024:QuorumCnxManager$RecvWorker@762] - Connection broken for id 188978561024, my id = 3, error = 
2015-07-29 19:31:41,753 - WARN  [RecvWorker:188978561024:QuorumCnxManager$RecvWorker@765] - Interrupting SendWorker
2015-07-29 19:31:41,753 - WARN  [SendWorker:188978561024:QuorumCnxManager$SendWorker@679] - Interrupted while waiting for message on queue
2015-07-29 19:31:41,754 - WARN  [SendWorker:188978561024:QuorumCnxManager$SendWorker@688] - Send worker leaving thread
2015-07-29 19:31:41,757 - INFO  [/10.10.34.13:3888:QuorumCnxManager$Listener@493] - Received connection request /10.10.34.13:46308
2015-07-29 19:31:41,758 - WARN  [RecvWorker:188978561024:QuorumCnxManager$RecvWorker@762] - Connection broken for id 188978561024, my id = 3, error = 
2015-07-29 19:31:41,758 - WARN  [RecvWorker:188978561024:QuorumCnxManager$RecvWorker@765] - Interrupting SendWorker
2015-07-29 19:31:41,758 - WARN  [SendWorker:188978561024:QuorumCnxManager$SendWorker@679] - Interrupted while waiting for message on queue
2015-07-29 19:31:41,758 - WARN  [SendWorker:188978561024:QuorumCnxManager$SendWorker@688] - Send worker leaving thread
2015-07-29 19:31:41,758 - INFO  [/10.10.34.13:3888:QuorumCnxManager$Listener@493] - Received connection request /10.10.34.13:46311
2015-07-29 19:31:41,759 - INFO  [/10.10.34.13:3888:QuorumCnxManager$Listener@493] - Received connection request /10.10.34.13:46312
2015-07-29 19:31:41,759 - WARN  [RecvWorker:188978561024:QuorumCnxManager$RecvWorker@762] - Connection broken for id 188978561024, my id = 3, error = 
2015-07-29 19:31:41,759 - WARN  [RecvWorker:188978561024:QuorumCnxManager$RecvWorker@765] - Interrupting SendWorker
2015-07-29 19:31:41,759 - WARN  [SendWorker:188978561024:QuorumCnxManager$SendWorker@679] - Interrupted while waiting for message on queue
2015-07-29 19:31:41,760 - WARN  [SendWorker:188978561024:QuorumCnxManager$SendWorker@688] - Send worker leaving thread
2015-07-29 19:31:41,760 - WARN  [RecvWorker:188978561024:QuorumCnxManager$RecvWorker@762] - Connection broken for id 188978561024, my id = 3, error = 
2015-07-29 19:31:41,760 - WARN  [RecvWorker:188978561024:QuorumCnxManager$RecvWorker@765] - Interrupting SendWorker
2015-07-29 19:31:41,760 - WARN  [SendWorker:188978561024:QuorumCnxManager$SendWorker@679] - Interrupted while waiting for message on queue
2015-07-29 19:31:41,760 - WARN  [SendWorker:188978561024:QuorumCnxManager$SendWorker@688] - Send worker leaving thread
2015-07-29 19:31:44,890 - INFO  [/10.10.34.13:3888:QuorumCnxManager$Listener@493] - Received connection request /10.10.34.11:48803
2015-07-29 19:31:44,891 - INFO  [/10.10.34.13:3888:QuorumCnxManager$Listener@493] - Received connection request /10.10.34.11:48804
2015-07-29 19:31:44,891 - WARN  [RecvWorker:188978561024:QuorumCnxManager$RecvWorker@762] - Connection broken for id 188978561024, my id = 3, error = 
2015-07-29 19:31:44,891 - WARN  [RecvWorker:188978561024:QuorumCnxManager$RecvWorker@765] - Interrupting SendWorker
2015-07-29 19:31:44,891 - WARN  [SendWorker:188978561024:QuorumCnxManager$SendWorker@679] - Interrupted while waiting for message on queue
2015-07-29 19:31:44,891 - WARN  [SendWorker:188978561024:QuorumCnxManager$SendWorker@688] - Send worker leaving thread
2015-07-29 19:31:44,891 - INFO  [/10.10.34.13:3888:QuorumCnxManager$Listener@493] - Received connection request /10.10.34.11:48805
2015-07-29 19:31:44,891 - WARN  [RecvWorker:188978561024:QuorumCnxManager$RecvWorker@762] - Connection broken for id 188978561024, my id = 3, error = 
2015-07-29 19:31:44,892 - WARN  [RecvWorker:188978561024:QuorumCnxManager$RecvWorker@765] - Interrupting SendWorker
2015-07-29 19:31:44,892 - WARN  [SendWorker:188978561024:QuorumCnxManager$SendWorker@679] - Interrupted while waiting for message on queue
2015-07-29 19:31:44,892 - WARN  [RecvWorker:188978561024:QuorumCnxManager$RecvWorker@762] - Connection broken for id 188978561024, my id = 3, error = 
2015-07-29 19:31:44,892 - WARN  [RecvWorker:188978561024:QuorumCnxManager$RecvWorker@765] - Interrupting SendWorker
2015-07-29 19:31:44,892 - WARN  [SendWorker:188978561024:QuorumCnxManager$SendWorker@688] - Send worker leaving thread
2015-07-29 19:31:44,892 - WARN  [SendWorker:188978561024:QuorumCnxManager$SendWorker@679] - Interrupted while waiting for message on queue
2015-07-29 19:31:44,893 - WARN  [SendWorker:188978561024:QuorumCnxManager$SendWorker@688] - Send worker leaving thread
2015-07-29 19:31:44,893 - INFO  [/10.10.34.13:3888:QuorumCnxManager$Listener@493] - Received connection request /10.10.34.11:48806
2015-07-29 19:31:44,894 - WARN  [RecvWorker:188978561024:QuorumCnxManager$RecvWorker@762] - Connection broken for id 188978561024, my id = 3, error = 
2015-07-29 19:31:44,894 - WARN  [RecvWorker:188978561024:QuorumCnxManager$RecvWorker@765] - Interrupting SendWorker
2015-07-29 19:31:44,894 - WARN  [SendWorker:188978561024:QuorumCnxManager$SendWorker@679] - Interrupted while waiting for message on queue
2015-07-29 19:31:44,894 - WARN  [SendWorker:188978561024:QuorumCnxManager$SendWorker@688] - Send worker leaving thread
2015-07-29 19:31:44,981 - INFO  [/10.10.34.13:3888:QuorumCnxManager$Listener@493] - Received connection request /10.10.34.12:49042
2015-07-29 19:31:44,982 - INFO  [/10.10.34.13:3888:QuorumCnxManager$Listener@493] - Received connection request /10.10.34.12:49043
2015-07-29 19:31:44,982 - WARN  [RecvWorker:188978561024:QuorumCnxManager$RecvWorker@762] - Connection broken for id 188978561024, my id = 3, error = 
2015-07-29 19:31:44,982 - WARN  [RecvWorker:188978561024:QuorumCnxManager$RecvWorker@765] - Interrupting SendWorker
2015-07-29 19:31:44,982 - WARN  [SendWorker:188978561024:QuorumCnxManager$SendWorker@679] - Interrupted while waiting for message on queue
2015-07-29 19:31:44,982 - WARN  [SendWorker:188978561024:QuorumCnxManager$SendWorker@688] - Send worker leaving thread
2015-07-29 19:31:44,983 - WARN  [RecvWorker:188978561024:QuorumCnxManager$RecvWorker@762] - Connection broken for id 188978561024, my id = 3, error = 
2015-07-29 19:31:44,983 - WARN  [RecvWorker:188978561024:QuorumCnxManager$RecvWorker@765] - Interrupting SendWorker
2015-07-29 19:31:44,983 - WARN  [SendWorker:188978561024:QuorumCnxManager$SendWorker@679] - Interrupted while waiting for message on queue
2015-07-29 19:31:44,983 - WARN  [SendWorker:188978561024:QuorumCnxManager$SendWorker@688] - Send worker leaving thread
2015-07-29 19:31:44,988 - INFO  [/10.10.34.13:3888:QuorumCnxManager$Listener@493] - Received connection request /10.10.34.12:49050
2015-07-29 19:31:44,989 - WARN  [RecvWorker:188978561024:QuorumCnxManager$RecvWorker@762] - Connection broken for id 188978561024, my id = 3, error = 
2015-07-29 19:31:44,989 - WARN  [RecvWorker:188978561024:QuorumCnxManager$RecvWorker@765] - Interrupting SendWorker
2015-07-29 19:31:44,989 - WARN  [SendWorker:188978561024:QuorumCnxManager$SendWorker@679] - Interrupted while waiting for message on queue
2015-07-29 19:31:44,990 - WARN  [SendWorker:188978561024:QuorumCnxManager$SendWorker@688] - Send worker leaving thread
2015-07-29 19:31:44,990 - INFO  [/10.10.34.13:3888:QuorumCnxManager$Listener@493] - Received connection request /10.10.34.12:49052
2015-07-29 19:31:44,991 - WARN  [RecvWorker:188978561024:QuorumCnxManager$RecvWorker@762] - Connection broken for id 188978561024, my id = 3, error = 
2015-07-29 19:31:44,991 - WARN  [RecvWorker:188978561024:QuorumCnxManager$RecvWorker@765] - Interrupting SendWorker
2015-07-29 19:31:44,991 - WARN  [SendWorker:188978561024:QuorumCnxManager$SendWorker@679] - Interrupted while waiting for message on queue
2015-07-29 19:31:44,991 - WARN  [SendWorker:188978561024:QuorumCnxManager$SendWorker@688] - Send worker leaving thread
2015-07-29 19:31:45,093 - INFO  [/10.10.34.13:3888:QuorumCnxManager$Listener@493] - Received connection request /10.10.34.13:46314
2015-07-29 19:31:45,093 - WARN  [RecvWorker:188978561024:QuorumCnxManager$RecvWorker@762] - Connection broken for id 188978561024, my id = 3, error = 
2015-07-29 19:31:45,093 - WARN  [RecvWorker:188978561024:QuorumCnxManager$RecvWorker@765] - Interrupting SendWorker
2015-07-29 19:31:45,094 - WARN  [SendWorker:188978561024:QuorumCnxManager$SendWorker@679] - Interrupted while waiting for message on queue
2015-07-29 19:31:45,094 - WARN  [SendWorker:188978561024:QuorumCnxManager$SendWorker@688] - Send worker leaving thread
2015-07-29 19:31:45,097 - INFO  [/10.10.34.13:3888:QuorumCnxManager$Listener@493] - Received connection request /10.10.34.13:46319
2015-07-29 19:31:45,098 - WARN  [RecvWorker:188978561024:QuorumCnxManager$RecvWorker@762] - Connection broken for id 188978561024, my id = 3, error = 
2015-07-29 19:31:45,098 - WARN  [RecvWorker:188978561024:QuorumCnxManager$RecvWorker@765] - Interrupting SendWorker
2015-07-29 19:31:45,098 - WARN  [SendWorker:188978561024:QuorumCnxManager$SendWorker@679] - Interrupted while waiting for message on queue
2015-07-29 19:31:45,099 - WARN  [SendWorker:188978561024:QuorumCnxManager$SendWorker@688] - Send worker leaving thread
2015-07-29 19:31:45,099 - INFO  [/10.10.34.13:3888:QuorumCnxManager$Listener@493] - Received connection request /10.10.34.13:46323
2015-07-29 19:31:45,099 - INFO  [/10.10.34.13:3888:QuorumCnxManager$Listener@493] - Received connection request /10.10.34.13:46324
2015-07-29 19:31:45,099 - WARN  [RecvWorker:188978561024:QuorumCnxManager$RecvWorker@762] - Connection broken for id 188978561024, my id = 3, error = 
2015-07-29 19:31:45,099 - WARN  [RecvWorker:188978561024:QuorumCnxManager$RecvWorker@765] - Interrupting SendWorker
2015-07-29 19:31:45,099 - WARN  [SendWorker:188978561024:QuorumCnxManager$SendWorker@679] - Interrupted while waiting for message on queue
2015-07-29 19:31:45,100 - WARN  [SendWorker:188978561024:QuorumCnxManager$SendWorker@688] - Send worker leaving thread
2015-07-29 19:31:45,100 - WARN  [RecvWorker:188978561024:QuorumCnxManager$RecvWorker@762] - Connection broken for id 188978561024, my id = 3, error = 
2015-07-29 19:31:45,100 - WARN  [RecvWorker:188978561024:QuorumCnxManager$RecvWorker@765] - Interrupting SendWorker
2015-07-29 19:31:45,100 - WARN  [SendWorker:188978561024:QuorumCnxManager$SendWorker@679] - Interrupted while waiting for message on queue
2015-07-29 19:31:45,100 - WARN  [SendWorker:188978561024:QuorumCnxManager$SendWorker@688] - Send worker leaving thread
2015-07-29 19:31:48,230 - INFO  [/10.10.34.13:3888:QuorumCnxManager$Listener@493] - Received connection request /10.10.34.11:48815
2015-07-29 19:31:48,231 - INFO  [/10.10.34.13:3888:QuorumCnxManager$Listener@493] - Received connection request /10.10.34.11:48816
2015-07-29 19:31:48,231 - WARN  [RecvWorker:188978561024:QuorumCnxManager$RecvWorker@762] - Connection broken for id 188978561024, my id = 3, error = 
2015-07-29 19:31:48,231 - WARN  [RecvWorker:188978561024:QuorumCnxManager$RecvWorker@765] - Interrupting SendWorker
2015-07-29 19:31:48,231 - WARN  [SendWorker:188978561024:QuorumCnxManager$SendWorker@679] - Interrupted while waiting for message on queue
2015-07-29 19:31:48,231 - WARN  [SendWorker:188978561024:QuorumCnxManager$SendWorker@688] - Send worker leaving thread
2015-07-29 19:31:48,231 - INFO  [/10.10.34.13:3888:QuorumCnxManager$Listener@493] - Received connection request /10.10.34.11:48817
2015-07-29 19:31:48,232 - WARN  [RecvWorker:188978561024:QuorumCnxManager$RecvWorker@762] - Connection broken for id 188978561024, my id = 3, error = 
2015-07-29 19:31:48,232 - WARN  [RecvWorker:188978561024:QuorumCnxManager$RecvWorker@765] - Interrupting SendWorker
2015-07-29 19:31:48,232 - WARN  [SendWorker:188978561024:QuorumCnxManager$SendWorker@679] - Interrupted while waiting for message on queue
2015-07-29 19:31:48,232 - WARN  [SendWorker:188978561024:QuorumCnxManager$SendWorker@688] - Send worker leaving thread
2015-07-29 19:31:48,232 - WARN  [RecvWorker:188978561024:QuorumCnxManager$RecvWorker@762] - Connection broken for id 188978561024, my id = 3, error = 
2015-07-29 19:31:48,232 - WARN  [RecvWorker:188978561024:QuorumCnxManager$RecvWorker@765] - Interrupting SendWorker
2015-07-29 19:31:48,233 - WARN  [SendWorker:188978561024:QuorumCnxManager$SendWorker@679] - Interrupted while waiting for message on queue
2015-07-29 19:31:48,233 - WARN  [SendWorker:188978561024:QuorumCnxManager$SendWorker@688] - Send worker leaving thread
2015-07-29 19:31:48,233 - INFO  [/10.10.34.13:3888:QuorumCnxManager$Listener@493] - Received connection request /10.10.34.11:48818
2015-07-29 19:31:48,234 - WARN  [RecvWorker:188978561024:QuorumCnxManager$RecvWorker@762] - Connection broken for id 188978561024, my id = 3, error = 
2015-07-29 19:31:48,234 - WARN  [RecvWorker:188978561024:QuorumCnxManager$RecvWorker@765] - Interrupting SendWorker
2015-07-29 19:31:48,234 - WARN  [SendWorker:188978561024:QuorumCnxManager$SendWorker@679] - Interrupted while waiting for message on queue
2015-07-29 19:31:48,234 - WARN  [SendWorker:188978561024:QuorumCnxManager$SendWorker@688] - Send worker leaving thread
2015-07-29 19:31:48,321 - INFO  [/10.10.34.13:3888:QuorumCnxManager$Listener@493] - Received connection request /10.10.34.12:49054
2015-07-29 19:31:48,322 - INFO  [/10.10.34.13:3888:QuorumCnxManager$Listener@493] - Received connection request /10.10.34.12:49055
2015-07-29 19:31:48,322 - WARN  [RecvWorker:188978561024:QuorumCnxManager$RecvWorker@762] - Connection broken for id 188978561024, my id = 3, error = 
2015-07-29 19:31:48,322 - WARN  [RecvWorker:188978561024:QuorumCnxManager$RecvWorker@765] - Interrupting SendWorker
2015-07-29 19:31:48,322 - WARN  [SendWorker:188978561024:QuorumCnxManager$SendWorker@679] - Interrupted while waiting for message on queue
2015-07-29 19:31:48,322 - WARN  [SendWorker:188978561024:QuorumCnxManager$SendWorker@688] - Send worker leaving thread
2015-07-29 19:31:48,322 - WARN  [RecvWorker:188978561024:QuorumCnxManager$RecvWorker@762] - Connection broken for id 188978561024, my id = 3, error = 
2015-07-29 19:31:48,323 - WARN  [RecvWorker:188978561024:QuorumCnxManager$RecvWorker@765] - Interrupting SendWorker
2015-07-29 19:31:48,323 - WARN  [SendWorker:188978561024:QuorumCnxManager$SendWorker@679] - Interrupted while waiting for message on queue
2015-07-29 19:31:48,323 - WARN  [SendWorker:188978561024:QuorumCnxManager$SendWorker@688] - Send worker leaving thread
2015-07-29 19:31:48,328 - INFO  [/10.10.34.13:3888:QuorumCnxManager$Listener@493] - Received connection request /10.10.34.12:49063
2015-07-29 19:31:48,328 - WARN  [RecvWorker:188978561024:QuorumCnxManager$RecvWorker@762] - Connection broken for id 188978561024, my id = 3, error = 
2015-07-29 19:31:48,328 - WARN  [RecvWorker:188978561024:QuorumCnxManager$RecvWorker@765] - Interrupting SendWorker
2015-07-29 19:31:48,328 - INFO  [/10.10.34.13:3888:QuorumCnxManager$Listener@493] - Received connection request /10.10.34.12:49064
2015-07-29 19:31:48,329 - WARN  [SendWorker:188978561024:QuorumCnxManager$SendWorker@679] - Interrupted while waiting for message on queue
2015-07-29 19:31:48,329 - WARN  [SendWorker:188978561024:QuorumCnxManager$SendWorker@688] - Send worker leaving thread
2015-07-29 19:31:48,329 - WARN  [RecvWorker:188978561024:QuorumCnxManager$RecvWorker@762] - Connection broken for id 188978561024, my id = 3, error = 
2015-07-29 19:31:48,329 - WARN  [RecvWorker:188978561024:QuorumCnxManager$RecvWorker@765] - Interrupting SendWorker
2015-07-29 19:31:48,330 - WARN  [SendWorker:188978561024:QuorumCnxManager$SendWorker@679] - Interrupted while waiting for message on queue
2015-07-29 19:31:48,330 - WARN  [SendWorker:188978561024:QuorumCnxManager$SendWorker@688] - Send worker leaving thread
2015-07-29 19:31:48,433 - INFO  [/10.10.34.13:3888:QuorumCnxManager$Listener@493] - Received connection request /10.10.34.13:46326
2015-07-29 19:31:48,433 - WARN  [RecvWorker:188978561024:QuorumCnxManager$RecvWorker@762] - Connection broken for id 188978561024, my id = 3, error = 
2015-07-29 19:31:48,434 - WARN  [RecvWorker:188978561024:QuorumCnxManager$RecvWorker@765] - Interrupting SendWorker
2015-07-29 19:31:48,434 - WARN  [SendWorker:188978561024:QuorumCnxManager$SendWorker@679] - Interrupted while waiting for message on queue
2015-07-29 19:31:48,434 - WARN  [SendWorker:188978561024:QuorumCnxManager$SendWorker@688] - Send worker leaving thread
2015-07-29 19:31:48,437 - INFO  [/10.10.34.13:3888:QuorumCnxManager$Listener@493] - Received connection request /10.10.34.13:46331
2015-07-29 19:31:48,438 - WARN  [RecvWorker:188978561024:QuorumCnxManager$RecvWorker@762] - Connection broken for id 188978561024, my id = 3, error = 
2015-07-29 19:31:48,438 - WARN  [RecvWorker:188978561024:QuorumCnxManager$RecvWorker@765] - Interrupting SendWorker
2015-07-29 19:31:48,438 - WARN  [SendWorker:188978561024:QuorumCnxManager$SendWorker@679] - Interrupted while waiting for message on queue
2015-07-29 19:31:48,438 - WARN  [SendWorker:188978561024:QuorumCnxManager$SendWorker@688] - Send worker leaving thread
2015-07-29 19:31:48,439 - INFO  [/10.10.34.13:3888:QuorumCnxManager$Listener@493] - Received connection request /10.10.34.13:46335
2015-07-29 19:31:48,439 - INFO  [/10.10.34.13:3888:QuorumCnxManager$Listener@493] - Received connection request /10.10.34.13:46336
2015-07-29 19:31:48,439 - WARN  [RecvWorker:188978561024:QuorumCnxManager$RecvWorker@762] - Connection broken for id 188978561024, my id = 3, error = 
2015-07-29 19:31:48,439 - WARN  [RecvWorker:188978561024:QuorumCnxManager$RecvWorker@765] - Interrupting SendWorker
2015-07-29 19:31:48,439 - WARN  [SendWorker:188978561024:QuorumCnxManager$SendWorker@679] - Interrupted while waiting for message on queue
2015-07-29 19:31:48,440 - WARN  [SendWorker:188978561024:QuorumCnxManager$SendWorker@688] - Send worker leaving thread
2015-07-29 19:31:48,440 - WARN  [RecvWorker:188978561024:QuorumCnxManager$RecvWorker@762] - Connection broken for id 188978561024, my id = 3, error = 
2015-07-29 19:31:48,440 - WARN  [RecvWorker:188978561024:QuorumCnxManager$RecvWorker@765] - Interrupting SendWorker
2015-07-29 19:31:48,440 - WARN  [SendWorker:188978561024:QuorumCnxManager$SendWorker@679] - Interrupted while waiting for message on queue
2015-07-29 19:31:48,440 - WARN  [SendWorker:188978561024:QuorumCnxManager$SendWorker@688] - Send worker leaving thread
2015-07-29 19:31:51,571 - INFO  [/10.10.34.13:3888:QuorumCnxManager$Listener@493] - Received connection request /10.10.34.11:48827
2015-07-29 19:31:51,571 - INFO  [/10.10.34.13:3888:QuorumCnxManager$Listener@493] - Received connection request /10.10.34.11:48828
2015-07-29 19:31:51,571 - WARN  [RecvWorker:188978561024:QuorumCnxManager$RecvWorker@762] - Connection broken for id 188978561024, my id = 3, error = 
2015-07-29 19:31:51,571 - WARN  [RecvWorker:188978561024:QuorumCnxManager$RecvWorker@765] - Interrupting SendWorker
2015-07-29 19:31:51,572 - WARN  [SendWorker:188978561024:QuorumCnxManager$SendWorker@679] - Interrupted while waiting for message on queue
2015-07-29 19:31:51,572 - WARN  [RecvWorker:188978561024:QuorumCnxManager$RecvWorker@762] - Connection broken for id 188978561024, my id = 3, error = 
2015-07-29 19:31:51,572 - WARN  [RecvWorker:188978561024:QuorumCnxManager$RecvWorker@765] - Interrupting SendWorker
2015-07-29 19:31:51,572 - INFO  [/10.10.34.13:3888:QuorumCnxManager$Listener@493] - Received connection request /10.10.34.11:48829
2015-07-29 19:31:51,572 - WARN  [SendWorker:188978561024:QuorumCnxManager$SendWorker@688] - Send worker leaving thread
2015-07-29 19:31:51,572 - WARN  [SendWorker:188978561024:QuorumCnxManager$SendWorker@679] - Interrupted while waiting for message on queue
2015-07-29 19:31:51,573 - WARN  [SendWorker:188978561024:QuorumCnxManager$SendWorker@688] - Send worker leaving thread
2015-07-29 19:31:51,573 - INFO  [/10.10.34.13:3888:QuorumCnxManager$Listener@493] - Received connection request /10.10.34.11:48830
2015-07-29 19:31:51,573 - WARN  [RecvWorker:188978561024:QuorumCnxManager$RecvWorker@762] - Connection broken for id 188978561024, my id = 3, error = 
2015-07-29 19:31:51,573 - WARN  [RecvWorker:188978561024:QuorumCnxManager$RecvWorker@765] - Interrupting SendWorker
2015-07-29 19:31:51,573 - WARN  [SendWorker:188978561024:QuorumCnxManager$SendWorker@679] - Interrupted while waiting for message on queue
2015-07-29 19:31:51,573 - WARN  [SendWorker:188978561024:QuorumCnxManager$SendWorker@688] - Send worker leaving thread
2015-07-29 19:31:51,574 - WARN  [RecvWorker:188978561024:QuorumCnxManager$RecvWorker@762] - Connection broken for id 188978561024, my id = 3, error = 
2015-07-29 19:31:51,574 - WARN  [RecvWorker:188978561024:QuorumCnxManager$RecvWorker@765] - Interrupting SendWorker
2015-07-29 19:31:51,574 - WARN  [SendWorker:188978561024:QuorumCnxManager$SendWorker@679] - Interrupted while waiting for message on queue
2015-07-29 19:31:51,574 - WARN  [SendWorker:188978561024:QuorumCnxManager$SendWorker@688] - Send worker leaving thread
2015-07-29 19:31:51,661 - INFO  [/10.10.34.13:3888:QuorumCnxManager$Listener@493] - Received connection request /10.10.34.12:49066
2015-07-29 19:31:51,662 - INFO  [/10.10.34.13:3888:QuorumCnxManager$Listener@493] - Received connection request /10.10.34.12:49067
2015-07-29 19:31:51,662 - WARN  [RecvWorker:188978561024:QuorumCnxManager$RecvWorker@762] - Connection broken for id 188978561024, my id = 3, error = 
2015-07-29 19:31:51,662 - WARN  [RecvWorker:188978561024:QuorumCnxManager$RecvWorker@765] - Interrupting SendWorker
2015-07-29 19:31:51,662 - WARN  [SendWorker:188978561024:QuorumCnxManager$SendWorker@679] - Interrupted while waiting for message on queue
2015-07-29 19:31:51,662 - WARN  [SendWorker:188978561024:QuorumCnxManager$SendWorker@688] - Send worker leaving thread
2015-07-29 19:31:51,663 - WARN  [RecvWorker:188978561024:QuorumCnxManager$RecvWorker@762] - Connection broken for id 188978561024, my id = 3, error = 
2015-07-29 19:31:51,663 - WARN  [RecvWorker:188978561024:QuorumCnxManager$RecvWorker@765] - Interrupting SendWorker
2015-07-29 19:31:51,663 - WARN  [SendWorker:188978561024:QuorumCnxManager$SendWorker@679] - Interrupted while waiting for message on queue
2015-07-29 19:31:51,663 - WARN  [SendWorker:188978561024:QuorumCnxManager$SendWorker@688] - Send worker leaving thread
2015-07-29 19:31:51,668 - INFO  [/10.10.34.13:3888:QuorumCnxManager$Listener@493] - Received connection request /10.10.34.12:49075
2015-07-29 19:31:51,668 - WARN  [RecvWorker:188978561024:QuorumCnxManager$RecvWorker@762] - Connection broken for id 188978561024, my id = 3, error = 
2015-07-29 19:31:51,669 - WARN  [RecvWorker:188978561024:QuorumCnxManager$RecvWorker@765] - Interrupting SendWorker
2015-07-29 19:31:51,669 - INFO  [/10.10.34.13:3888:QuorumCnxManager$Listener@493] - Received connection request /10.10.34.12:49076
2015-07-29 19:31:51,669 - WARN  [SendWorker:188978561024:QuorumCnxManager$SendWorker@679] - Interrupted while waiting for message on queue
2015-07-29 19:31:51,669 - WARN  [SendWorker:188978561024:QuorumCnxManager$SendWorker@688] - Send worker leaving thread
2015-07-29 19:31:51,669 - WARN  [RecvWorker:188978561024:QuorumCnxManager$RecvWorker@762] - Connection broken for id 188978561024, my id = 3, error = 
2015-07-29 19:31:51,669 - WARN  [RecvWorker:188978561024:QuorumCnxManager$RecvWorker@765] - Interrupting SendWorker
2015-07-29 19:31:51,670 - WARN  [SendWorker:188978561024:QuorumCnxManager$SendWorker@679] - Interrupted while waiting for message on queue
2015-07-29 19:31:51,670 - WARN  [SendWorker:188978561024:QuorumCnxManager$SendWorker@688] - Send worker leaving thread
2015-07-29 19:31:51,773 - INFO  [/10.10.34.13:3888:QuorumCnxManager$Listener@493] - Received connection request /10.10.34.13:46338
2015-07-29 19:31:51,774 - WARN  [RecvWorker:188978561024:QuorumCnxManager$RecvWorker@762] - Connection broken for id 188978561024, my id = 3, error = 
2015-07-29 19:31:51,774 - WARN  [RecvWorker:188978561024:QuorumCnxManager$RecvWorker@765] - Interrupting SendWorker
2015-07-29 19:31:51,774 - WARN  [SendWorker:188978561024:QuorumCnxManager$SendWorker@679] - Interrupted while waiting for message on queue
2015-07-29 19:31:51,774 - WARN  [SendWorker:188978561024:QuorumCnxManager$SendWorker@688] - Send worker leaving thread
2015-07-29 19:31:51,777 - INFO  [/10.10.34.13:3888:QuorumCnxManager$Listener@493] - Received connection request /10.10.34.13:46344
2015-07-29 19:31:51,778 - WARN  [RecvWorker:188978561024:QuorumCnxManager$RecvWorker@762] - Connection broken for id 188978561024, my id = 3, error = 
2015-07-29 19:31:51,778 - WARN  [RecvWorker:188978561024:QuorumCnxManager$RecvWorker@765] - Interrupting SendWorker
2015-07-29 19:31:51,778 - WARN  [SendWorker:188978561024:QuorumCnxManager$SendWorker@679] - Interrupted while waiting for message on queue
2015-07-29 19:31:51,779 - WARN  [SendWorker:188978561024:QuorumCnxManager$SendWorker@688] - Send worker leaving thread
2015-07-29 19:31:51,779 - INFO  [/10.10.34.13:3888:QuorumCnxManager$Listener@493] - Received connection request /10.10.34.13:46347
2015-07-29 19:31:51,779 - INFO  [/10.10.34.13:3888:QuorumCnxManager$Listener@493] - Received connection request /10.10.34.13:46348
2015-07-29 19:31:51,779 - WARN  [RecvWorker:188978561024:QuorumCnxManager$RecvWorker@762] - Connection broken for id 188978561024, my id = 3, error = 
2015-07-29 19:31:51,780 - WARN  [RecvWorker:188978561024:QuorumCnxManager$RecvWorker@765] - Interrupting SendWorker
2015-07-29 19:31:51,780 - WARN  [SendWorker:188978561024:QuorumCnxManager$SendWorker@679] - Interrupted while waiting for message on queue
2015-07-29 19:31:51,780 - WARN  [SendWorker:188978561024:QuorumCnxManager$SendWorker@688] - Send worker leaving thread
2015-07-29 19:31:51,780 - WARN  [RecvWorker:188978561024:QuorumCnxManager$RecvWorker@762] - Connection broken for id 188978561024, my id = 3, error = 
2015-07-29 19:31:51,780 - WARN  [RecvWorker:188978561024:QuorumCnxManager$RecvWorker@765] - Interrupting SendWorker
2015-07-29 19:31:51,780 - WARN  [SendWorker:188978561024:QuorumCnxManager$SendWorker@679] - Interrupted while waiting for message on queue
2015-07-29 19:31:51,780 - WARN  [SendWorker:188978561024:QuorumCnxManager$SendWorker@688] - Send worker leaving thread
2015-07-29 19:31:54,911 - INFO  [/10.10.34.13:3888:QuorumCnxManager$Listener@493] - Received connection request /10.10.34.11:48836
2015-07-29 19:31:54,911 - INFO  [/10.10.34.13:3888:QuorumCnxManager$Listener@493] - Received connection request /10.10.34.11:48838
2015-07-29 19:31:54,911 - WARN  [RecvWorker:188978561024:QuorumCnxManager$RecvWorker@762] - Connection broken for id 188978561024, my id = 3, error = 
2015-07-29 19:31:54,912 - WARN  [SendWorker:188978561024:QuorumCnxManager$SendWorker@679] - Interrupted while waiting for message on queue
2015-07-29 19:31:54,912 - WARN  [SendWorker:188978561024:QuorumCnxManager$SendWorker@688] - Send worker leaving thread
2015-07-29 19:31:54,912 - WARN  [RecvWorker:188978561024:QuorumCnxManager$RecvWorker@762] - Connection broken for id 188978561024, my id = 3, error = 
2015-07-29 19:31:54,912 - WARN  [RecvWorker:188978561024:QuorumCnxManager$RecvWorker@765] - Interrupting SendWorker
2015-07-29 19:31:54,912 - WARN  [RecvWorker:188978561024:QuorumCnxManager$RecvWorker@765] - Interrupting SendWorker
2015-07-29 19:31:54,912 - WARN  [SendWorker:188978561024:QuorumCnxManager$SendWorker@679] - Interrupted while waiting for message on queue
2015-07-29 19:31:54,913 - WARN  [SendWorker:188978561024:QuorumCnxManager$SendWorker@688] - Send worker leaving thread
2015-07-29 19:31:54,913 - INFO  [/10.10.34.13:3888:QuorumCnxManager$Listener@493] - Received connection request /10.10.34.11:48842
2015-07-29 19:31:54,913 - INFO  [/10.10.34.13:3888:QuorumCnxManager$Listener@493] - Received connection request /10.10.34.11:48843
2015-07-29 19:31:54,913 - WARN  [RecvWorker:188978561024:QuorumCnxManager$RecvWorker@762] - Connection broken for id 188978561024, my id = 3, error = 
2015-07-29 19:31:54,914 - WARN  [RecvWorker:188978561024:QuorumCnxManager$RecvWorker@765] - Interrupting SendWorker
2015-07-29 19:31:54,914 - WARN  [SendWorker:188978561024:QuorumCnxManager$SendWorker@679] - Interrupted while waiting for message on queue
2015-07-29 19:31:54,914 - WARN  [SendWorker:188978561024:QuorumCnxManager$SendWorker@688] - Send worker leaving thread
2015-07-29 19:31:54,914 - WARN  [RecvWorker:188978561024:QuorumCnxManager$RecvWorker@762] - Connection broken for id 188978561024, my id = 3, error = 
2015-07-29 19:31:54,914 - WARN  [RecvWorker:188978561024:QuorumCnxManager$RecvWorker@765] - Interrupting SendWorker
2015-07-29 19:31:54,914 - WARN  [SendWorker:188978561024:QuorumCnxManager$SendWorker@679] - Interrupted while waiting for message on queue
2015-07-29 19:31:54,915 - WARN  [SendWorker:188978561024:QuorumCnxManager$SendWorker@688] - Send worker leaving thread
2015-07-29 19:31:55,001 - INFO  [/10.10.34.13:3888:QuorumCnxManager$Listener@493] - Received connection request /10.10.34.12:49078
2015-07-29 19:31:55,002 - INFO  [/10.10.34.13:3888:QuorumCnxManager$Listener@493] - Received connection request /10.10.34.12:49079
2015-07-29 19:31:55,002 - WARN  [RecvWorker:188978561024:QuorumCnxManager$RecvWorker@762] - Connection broken for id 188978561024, my id = 3, error = 
2015-07-29 19:31:55,002 - WARN  [RecvWorker:188978561024:QuorumCnxManager$RecvWorker@765] - Interrupting SendWorker
2015-07-29 19:31:55,002 - WARN  [SendWorker:188978561024:QuorumCnxManager$SendWorker@679] - Interrupted while waiting for message on queue
2015-07-29 19:31:55,003 - WARN  [SendWorker:188978561024:QuorumCnxManager$SendWorker@688] - Send worker leaving thread
2015-07-29 19:31:55,003 - WARN  [RecvWorker:188978561024:QuorumCnxManager$RecvWorker@762] - Connection broken for id 188978561024, my id = 3, error = 
2015-07-29 19:31:55,003 - WARN  [RecvWorker:188978561024:QuorumCnxManager$RecvWorker@765] - Interrupting SendWorker
2015-07-29 19:31:55,003 - WARN  [SendWorker:188978561024:QuorumCnxManager$SendWorker@679] - Interrupted while waiting for message on queue
2015-07-29 19:31:55,003 - WARN  [SendWorker:188978561024:QuorumCnxManager$SendWorker@688] - Send worker leaving thread
2015-07-29 19:31:55,008 - INFO  [/10.10.34.13:3888:QuorumCnxManager$Listener@493] - Received connection request /10.10.34.12:49087
2015-07-29 19:31:55,008 - WARN  [RecvWorker:188978561024:QuorumCnxManager$RecvWorker@762] - Connection broken for id 188978561024, my id = 3, error = 
2015-07-29 19:31:55,009 - WARN  [RecvWorker:188978561024:QuorumCnxManager$RecvWorker@765] - Interrupting SendWorker
2015-07-29 19:31:55,008 - INFO  [/10.10.34.13:3888:QuorumCnxManager$Listener@493] - Received connection request /10.10.34.12:49088
2015-07-29 19:31:55,009 - WARN  [SendWorker:188978561024:QuorumCnxManager$SendWorker@679] - Interrupted while waiting for message on queue
2015-07-29 19:31:55,009 - WARN  [SendWorker:188978561024:QuorumCnxManager$SendWorker@688] - Send worker leaving thread
2015-07-29 19:31:55,009 - WARN  [RecvWorker:188978561024:QuorumCnxManager$RecvWorker@762] - Connection broken for id 188978561024, my id = 3, error = 
2015-07-29 19:31:55,010 - WARN  [RecvWorker:188978561024:QuorumCnxManager$RecvWorker@765] - Interrupting SendWorker
2015-07-29 19:31:55,010 - WARN  [SendWorker:188978561024:QuorumCnxManager$SendWorker@679] - Interrupted while waiting for message on queue
2015-07-29 19:31:55,010 - WARN  [SendWorker:188978561024:QuorumCnxManager$SendWorker@688] - Send worker leaving thread
2015-07-29 19:31:55,113 - INFO  [/10.10.34.13:3888:QuorumCnxManager$Listener@493] - Received connection request /10.10.34.13:46350
2015-07-29 19:31:55,114 - WARN  [RecvWorker:188978561024:QuorumCnxManager$RecvWorker@762] - Connection broken for id 188978561024, my id = 3, error = 
2015-07-29 19:31:55,114 - WARN  [RecvWorker:188978561024:QuorumCnxManager$RecvWorker@765] - Interrupting SendWorker
2015-07-29 19:31:55,114 - WARN  [SendWorker:188978561024:QuorumCnxManager$SendWorker@679] - Interrupted while waiting for message on queue
2015-07-29 19:31:55,114 - WARN  [SendWorker:188978561024:QuorumCnxManager$SendWorker@688] - Send worker leaving thread
2015-07-29 19:31:55,119 - INFO  [/10.10.34.13:3888:QuorumCnxManager$Listener@493] - Received connection request /10.10.34.13:46356
2015-07-29 19:31:55,123 - INFO  [/10.10.34.13:3888:QuorumCnxManager$Listener@493] - Received connection request /10.10.34.13:46357
2015-07-29 19:31:55,123 - WARN  [RecvWorker:188978561024:QuorumCnxManager$RecvWorker@762] - Connection broken for id 188978561024, my id = 3, error = 
2015-07-29 19:31:55,124 - WARN  [RecvWorker:188978561024:QuorumCnxManager$RecvWorker@765] - Interrupting SendWorker
2015-07-29 19:31:55,124 - WARN  [SendWorker:188978561024:QuorumCnxManager$SendWorker@679] - Interrupted while waiting for message on queue
2015-07-29 19:31:55,124 - WARN  [SendWorker:188978561024:QuorumCnxManager$SendWorker@688] - Send worker leaving thread
2015-07-29 19:31:55,124 - INFO  [/10.10.34.13:3888:QuorumCnxManager$Listener@493] - Received connection request /10.10.34.13:46359
2015-07-29 19:31:55,124 - WARN  [RecvWorker:188978561024:QuorumCnxManager$RecvWorker@762] - Connection broken for id 188978561024, my id = 3, error = 
2015-07-29 19:31:55,124 - WARN  [RecvWorker:188978561024:QuorumCnxManager$RecvWorker@765] - Interrupting SendWorker
2015-07-29 19:31:55,124 - WARN  [SendWorker:188978561024:QuorumCnxManager$SendWorker@679] - Interrupted while waiting for message on queue
2015-07-29 19:31:55,124 - WARN  [SendWorker:188978561024:QuorumCnxManager$SendWorker@688] - Send worker leaving thread
2015-07-29 19:31:55,125 - WARN  [RecvWorker:188978561024:QuorumCnxManager$RecvWorker@762] - Connection broken for id 188978561024, my id = 3, error = 
2015-07-29 19:31:55,125 - WARN  [RecvWorker:188978561024:QuorumCnxManager$RecvWorker@765] - Interrupting SendWorker
2015-07-29 19:31:55,125 - WARN  [SendWorker:188978561024:QuorumCnxManager$SendWorker@679] - Interrupted while waiting for message on queue
2015-07-29 19:31:55,125 - WARN  [SendWorker:188978561024:QuorumCnxManager$SendWorker@688] - Send worker leaving thread
2015-07-29 19:31:58,251 - INFO  [/10.10.34.13:3888:QuorumCnxManager$Listener@493] - Received connection request /10.10.34.11:48849
2015-07-29 19:31:58,252 - INFO  [/10.10.34.13:3888:QuorumCnxManager$Listener@493] - Received connection request /10.10.34.11:48850
2015-07-29 19:31:58,252 - WARN  [RecvWorker:188978561024:QuorumCnxManager$RecvWorker@762] - Connection broken for id 188978561024, my id = 3, error = 
2015-07-29 19:31:58,252 - WARN  [RecvWorker:188978561024:QuorumCnxManager$RecvWorker@765] - Interrupting SendWorker
2015-07-29 19:31:58,252 - WARN  [SendWorker:188978561024:QuorumCnxManager$SendWorker@679] - Interrupted while waiting for message on queue
2015-07-29 19:31:58,253 - WARN  [SendWorker:188978561024:QuorumCnxManager$SendWorker@688] - Send worker leaving thread
2015-07-29 19:31:58,253 - WARN  [RecvWorker:188978561024:QuorumCnxManager$RecvWorker@762] - Connection broken for id 188978561024, my id = 3, error = 
2015-07-29 19:31:58,253 - WARN  [RecvWorker:188978561024:QuorumCnxManager$RecvWorker@765] - Interrupting SendWorker
2015-07-29 19:31:58,253 - WARN  [SendWorker:188978561024:QuorumCnxManager$SendWorker@679] - Interrupted while waiting for message on queue
2015-07-29 19:31:58,253 - WARN  [SendWorker:188978561024:QuorumCnxManager$SendWorker@688] - Send worker leaving thread
2015-07-29 19:31:58,254 - INFO  [/10.10.34.13:3888:QuorumCnxManager$Listener@493] - Received connection request /10.10.34.11:48854
2015-07-29 19:31:58,254 - INFO  [/10.10.34.13:3888:QuorumCnxManager$Listener@493] - Received connection request /10.10.34.11:48855
2015-07-29 19:31:58,254 - WARN  [RecvWorker:188978561024:QuorumCnxManager$RecvWorker@762] - Connection broken for id 188978561024, my id = 3, error = 
2015-07-29 19:31:58,254 - WARN  [RecvWorker:188978561024:QuorumCnxManager$RecvWorker@765] - Interrupting SendWorker
2015-07-29 19:31:58,254 - WARN  [SendWorker:188978561024:QuorumCnxManager$SendWorker@679] - Interrupted while waiting for message on queue
2015-07-29 19:31:58,255 - WARN  [SendWorker:188978561024:QuorumCnxManager$SendWorker@688] - Send worker leaving thread
2015-07-29 19:31:58,255 - WARN  [RecvWorker:188978561024:QuorumCnxManager$RecvWorker@762] - Connection broken for id 188978561024, my id = 3, error = 
2015-07-29 19:31:58,255 - WARN  [RecvWorker:188978561024:QuorumCnxManager$RecvWorker@765] - Interrupting SendWorker
2015-07-29 19:31:58,255 - WARN  [SendWorker:188978561024:QuorumCnxManager$SendWorker@679] - Interrupted while waiting for message on queue
2015-07-29 19:31:58,255 - WARN  [SendWorker:188978561024:QuorumCnxManager$SendWorker@688] - Send worker leaving thread
2015-07-29 19:31:58,342 - INFO  [/10.10.34.13:3888:QuorumCnxManager$Listener@493] - Received connection request /10.10.34.12:49090
2015-07-29 19:31:58,342 - INFO  [/10.10.34.13:3888:QuorumCnxManager$Listener@493] - Received connection request /10.10.34.12:49091
2015-07-29 19:31:58,342 - WARN  [RecvWorker:188978561024:QuorumCnxManager$RecvWorker@762] - Connection broken for id 188978561024, my id = 3, error = 
2015-07-29 19:31:58,342 - WARN  [RecvWorker:188978561024:QuorumCnxManager$RecvWorker@765] - Interrupting SendWorker
2015-07-29 19:31:58,342 - WARN  [SendWorker:188978561024:QuorumCnxManager$SendWorker@679] - Interrupted while waiting for message on queue
2015-07-29 19:31:58,343 - WARN  [SendWorker:188978561024:QuorumCnxManager$SendWorker@688] - Send worker leaving thread
2015-07-29 19:31:58,343 - WARN  [RecvWorker:188978561024:QuorumCnxManager$RecvWorker@762] - Connection broken for id 188978561024, my id = 3, error = 
2015-07-29 19:31:58,343 - WARN  [RecvWorker:188978561024:QuorumCnxManager$RecvWorker@765] - Interrupting SendWorker
2015-07-29 19:31:58,343 - WARN  [SendWorker:188978561024:QuorumCnxManager$SendWorker@679] - Interrupted while waiting for message on queue
2015-07-29 19:31:58,343 - WARN  [SendWorker:188978561024:QuorumCnxManager$SendWorker@688] - Send worker leaving thread
2015-07-29 19:31:58,348 - INFO  [/10.10.34.13:3888:QuorumCnxManager$Listener@493] - Received connection request /10.10.34.12:49099
2015-07-29 19:31:58,348 - WARN  [RecvWorker:188978561024:QuorumCnxManager$RecvWorker@762] - Connection broken for id 188978561024, my id = 3, error = 
2015-07-29 19:31:58,348 - WARN  [RecvWorker:188978561024:QuorumCnxManager$RecvWorker@765] - Interrupting SendWorker
2015-07-29 19:31:58,349 - WARN  [SendWorker:188978561024:QuorumCnxManager$SendWorker@679] - Interrupted while waiting for message on queue
2015-07-29 19:31:58,349 - WARN  [SendWorker:188978561024:QuorumCnxManager$SendWorker@688] - Send worker leaving thread
2015-07-29 19:31:58,349 - INFO  [/10.10.34.13:3888:QuorumCnxManager$Listener@493] - Received connection request /10.10.34.12:49100
2015-07-29 19:31:58,349 - WARN  [RecvWorker:188978561024:QuorumCnxManager$RecvWorker@762] - Connection broken for id 188978561024, my id = 3, error = 
2015-07-29 19:31:58,350 - WARN  [RecvWorker:188978561024:QuorumCnxManager$RecvWorker@765] - Interrupting SendWorker
2015-07-29 19:31:58,350 - WARN  [SendWorker:188978561024:QuorumCnxManager$SendWorker@679] - Interrupted while waiting for message on queue
2015-07-29 19:31:58,350 - WARN  [SendWorker:188978561024:QuorumCnxManager$SendWorker@688] - Send worker leaving thread
2015-07-29 19:31:58,453 - INFO  [/10.10.34.13:3888:QuorumCnxManager$Listener@493] - Received connection request /10.10.34.13:46362
2015-07-29 19:31:58,454 - WARN  [RecvWorker:188978561024:QuorumCnxManager$RecvWorker@762] - Connection broken for id 188978561024, my id = 3, error = 
2015-07-29 19:31:58,454 - WARN  [RecvWorker:188978561024:QuorumCnxManager$RecvWorker@765] - Interrupting SendWorker
2015-07-29 19:31:58,454 - WARN  [SendWorker:188978561024:QuorumCnxManager$SendWorker@679] - Interrupted while waiting for message on queue
2015-07-29 19:31:58,454 - WARN  [SendWorker:188978561024:QuorumCnxManager$SendWorker@688] - Send worker leaving thread
2015-07-29 19:31:58,463 - INFO  [/10.10.34.13:3888:QuorumCnxManager$Listener@493] - Received connection request /10.10.34.13:46368
2015-07-29 19:31:58,463 - WARN  [RecvWorker:188978561024:QuorumCnxManager$RecvWorker@762] - Connection broken for id 188978561024, my id = 3, error = 
2015-07-29 19:31:58,463 - WARN  [RecvWorker:188978561024:QuorumCnxManager$RecvWorker@765] - Interrupting SendWorker
2015-07-29 19:31:58,464 - INFO  [/10.10.34.13:3888:QuorumCnxManager$Listener@493] - Received connection request /10.10.34.13:46370
2015-07-29 19:31:58,464 - WARN  [SendWorker:188978561024:QuorumCnxManager$SendWorker@679] - Interrupted while waiting for message on queue
2015-07-29 19:31:58,464 - WARN  [SendWorker:188978561024:QuorumCnxManager$SendWorker@688] - Send worker leaving thread
2015-07-29 19:31:58,464 - INFO  [/10.10.34.13:3888:QuorumCnxManager$Listener@493] - Received connection request /10.10.34.13:46371
2015-07-29 19:31:58,464 - WARN  [RecvWorker:188978561024:QuorumCnxManager$RecvWorker@762] - Connection broken for id 188978561024, my id = 3, error = 
2015-07-29 19:31:58,464 - WARN  [RecvWorker:188978561024:QuorumCnxManager$RecvWorker@765] - Interrupting SendWorker
2015-07-29 19:31:58,464 - WARN  [SendWorker:188978561024:QuorumCnxManager$SendWorker@679] - Interrupted while waiting for message on queue
2015-07-29 19:31:58,465 - WARN  [SendWorker:188978561024:QuorumCnxManager$SendWorker@688] - Send worker leaving thread
2015-07-29 19:31:58,465 - WARN  [RecvWorker:188978561024:QuorumCnxManager$RecvWorker@762] - Connection broken for id 188978561024, my id = 3, error = 
2015-07-29 19:31:58,465 - WARN  [RecvWorker:188978561024:QuorumCnxManager$RecvWorker@765] - Interrupting SendWorker
2015-07-29 19:31:58,465 - WARN  [SendWorker:188978561024:QuorumCnxManager$SendWorker@679] - Interrupted while waiting for message on queue
2015-07-29 19:31:58,465 - WARN  [SendWorker:188978561024:QuorumCnxManager$SendWorker@688] - Send worker leaving thread
2015-07-29 19:32:01,592 - INFO  [/10.10.34.13:3888:QuorumCnxManager$Listener@493] - Received connection request /10.10.34.11:48860
2015-07-29 19:32:01,593 - INFO  [/10.10.34.13:3888:QuorumCnxManager$Listener@493] - Received connection request /10.10.34.11:48862
2015-07-29 19:32:01,593 - WARN  [RecvWorker:188978561024:QuorumCnxManager$RecvWorker@762] - Connection broken for id 188978561024, my id = 3, error = 
2015-07-29 19:32:01,593 - WARN  [RecvWorker:188978561024:QuorumCnxManager$RecvWorker@765] - Interrupting SendWorker
2015-07-29 19:32:01,593 - WARN  [SendWorker:188978561024:QuorumCnxManager$SendWorker@679] - Interrupted while waiting for message on queue
2015-07-29 19:32:01,593 - WARN  [SendWorker:188978561024:QuorumCnxManager$SendWorker@688] - Send worker leaving thread
2015-07-29 19:32:01,593 - WARN  [RecvWorker:188978561024:QuorumCnxManager$RecvWorker@762] - Connection broken for id 188978561024, my id = 3, error = 
2015-07-29 19:32:01,593 - WARN  [RecvWorker:188978561024:QuorumCnxManager$RecvWorker@765] - Interrupting SendWorker
2015-07-29 19:32:01,594 - WARN  [SendWorker:188978561024:QuorumCnxManager$SendWorker@679] - Interrupted while waiting for message on queue
2015-07-29 19:32:01,594 - WARN  [SendWorker:188978561024:QuorumCnxManager$SendWorker@688] - Send worker leaving thread
2015-07-29 19:32:01,594 - INFO  [/10.10.34.13:3888:QuorumCnxManager$Listener@493] - Received connection request /10.10.34.11:48866
2015-07-29 19:32:01,595 - INFO  [/10.10.34.13:3888:QuorumCnxManager$Listener@493] - Received connection request /10.10.34.11:48867
2015-07-29 19:32:01,595 - WARN  [RecvWorker:188978561024:QuorumCnxManager$RecvWorker@762] - Connection broken for id 188978561024, my id = 3, error = 
2015-07-29 19:32:01,595 - WARN  [RecvWorker:188978561024:QuorumCnxManager$RecvWorker@765] - Interrupting SendWorker
2015-07-29 19:32:01,595 - WARN  [SendWorker:188978561024:QuorumCnxManager$SendWorker@679] - Interrupted while waiting for message on queue
2015-07-29 19:32:01,595 - WARN  [SendWorker:188978561024:QuorumCnxManager$SendWorker@688] - Send worker leaving thread
2015-07-29 19:32:01,595 - WARN  [RecvWorker:188978561024:QuorumCnxManager$RecvWorker@762] - Connection broken for id 188978561024, my id = 3, error = 
2015-07-29 19:32:01,596 - WARN  [RecvWorker:188978561024:QuorumCnxManager$RecvWorker@765] - Interrupting SendWorker
2015-07-29 19:32:01,596 - WARN  [SendWorker:188978561024:QuorumCnxManager$SendWorker@679] - Interrupted while waiting for message on queue
2015-07-29 19:32:01,596 - WARN  [SendWorker:188978561024:QuorumCnxManager$SendWorker@688] - Send worker leaving thread
2015-07-29 19:32:01,682 - INFO  [/10.10.34.13:3888:QuorumCnxManager$Listener@493] - Received connection request /10.10.34.12:49102
2015-07-29 19:32:01,682 - INFO  [/10.10.34.13:3888:QuorumCnxManager$Listener@493] - Received connection request /10.10.34.12:49103
2015-07-29 19:32:01,682 - WARN  [RecvWorker:188978561024:QuorumCnxManager$RecvWorker@762] - Connection broken for id 188978561024, my id = 3, error = 
2015-07-29 19:32:01,682 - WARN  [RecvWorker:188978561024:QuorumCnxManager$RecvWorker@765] - Interrupting SendWorker
2015-07-29 19:32:01,682 - WARN  [SendWorker:188978561024:QuorumCnxManager$SendWorker@679] - Interrupted while waiting for message on queue
2015-07-29 19:32:01,683 - WARN  [SendWorker:188978561024:QuorumCnxManager$SendWorker@688] - Send worker leaving thread
2015-07-29 19:32:01,683 - WARN  [RecvWorker:188978561024:QuorumCnxManager$RecvWorker@762] - Connection broken for id 188978561024, my id = 3, error = 
2015-07-29 19:32:01,683 - WARN  [RecvWorker:188978561024:QuorumCnxManager$RecvWorker@765] - Interrupting SendWorker
2015-07-29 19:32:01,683 - WARN  [SendWorker:188978561024:QuorumCnxManager$SendWorker@679] - Interrupted while waiting for message on queue
2015-07-29 19:32:01,683 - WARN  [SendWorker:188978561024:QuorumCnxManager$SendWorker@688] - Send worker leaving thread
2015-07-29 19:32:01,688 - INFO  [/10.10.34.13:3888:QuorumCnxManager$Listener@493] - Received connection request /10.10.34.12:49110
2015-07-29 19:32:01,688 - WARN  [RecvWorker:188978561024:QuorumCnxManager$RecvWorker@762] - Connection broken for id 188978561024, my id = 3, error = 
2015-07-29 19:32:01,688 - WARN  [RecvWorker:188978561024:QuorumCnxManager$RecvWorker@765] - Interrupting SendWorker
2015-07-29 19:32:01,689 - WARN  [SendWorker:188978561024:QuorumCnxManager$SendWorker@679] - Interrupted while waiting for message on queue
2015-07-29 19:32:01,689 - WARN  [SendWorker:188978561024:QuorumCnxManager$SendWorker@688] - Send worker leaving thread
2015-07-29 19:32:01,689 - INFO  [/10.10.34.13:3888:QuorumCnxManager$Listener@493] - Received connection request /10.10.34.12:49112
2015-07-29 19:32:01,689 - WARN  [RecvWorker:188978561024:QuorumCnxManager$RecvWorker@762] - Connection broken for id 188978561024, my id = 3, error = 
2015-07-29 19:32:01,690 - WARN  [RecvWorker:188978561024:QuorumCnxManager$RecvWorker@765] - Interrupting SendWorker
2015-07-29 19:32:01,690 - WARN  [SendWorker:188978561024:QuorumCnxManager$SendWorker@679] - Interrupted while waiting for message on queue
2015-07-29 19:32:01,690 - WARN  [SendWorker:188978561024:QuorumCnxManager$SendWorker@688] - Send worker leaving thread
2015-07-29 19:32:01,793 - INFO  [/10.10.34.13:3888:QuorumCnxManager$Listener@493] - Received connection request /10.10.34.13:46374
2015-07-29 19:32:01,794 - WARN  [RecvWorker:188978561024:QuorumCnxManager$RecvWorker@762] - Connection broken for id 188978561024, my id = 3, error = 
2015-07-29 19:32:01,794 - WARN  [RecvWorker:188978561024:QuorumCnxManager$RecvWorker@765] - Interrupting SendWorker
2015-07-29 19:32:01,794 - WARN  [SendWorker:188978561024:QuorumCnxManager$SendWorker@679] - Interrupted while waiting for message on queue
2015-07-29 19:32:01,794 - WARN  [SendWorker:188978561024:QuorumCnxManager$SendWorker@688] - Send worker leaving thread
2015-07-29 19:32:01,803 - INFO  [/10.10.34.13:3888:QuorumCnxManager$Listener@493] - Received connection request /10.10.34.13:46381
2015-07-29 19:32:01,803 - INFO  [/10.10.34.13:3888:QuorumCnxManager$Listener@493] - Received connection request /10.10.34.13:46382
2015-07-29 19:32:01,803 - WARN  [RecvWorker:188978561024:QuorumCnxManager$RecvWorker@762] - Connection broken for id 188978561024, my id = 3, error = 
2015-07-29 19:32:01,803 - WARN  [RecvWorker:188978561024:QuorumCnxManager$RecvWorker@765] - Interrupting SendWorker
2015-07-29 19:32:01,804 - WARN  [SendWorker:188978561024:QuorumCnxManager$SendWorker@679] - Interrupted while waiting for message on queue
2015-07-29 19:32:01,804 - WARN  [SendWorker:188978561024:QuorumCnxManager$SendWorker@688] - Send worker leaving thread
2015-07-29 19:32:01,804 - WARN  [RecvWorker:188978561024:QuorumCnxManager$RecvWorker@762] - Connection broken for id 188978561024, my id = 3, error = 
2015-07-29 19:32:01,804 - WARN  [RecvWorker:188978561024:QuorumCnxManager$RecvWorker@765] - Interrupting SendWorker
2015-07-29 19:32:01,804 - INFO  [/10.10.34.13:3888:QuorumCnxManager$Listener@493] - Received connection request /10.10.34.13:46383
2015-07-29 19:32:01,804 - WARN  [SendWorker:188978561024:QuorumCnxManager$SendWorker@679] - Interrupted while waiting for message on queue
2015-07-29 19:32:01,805 - WARN  [SendWorker:188978561024:QuorumCnxManager$SendWorker@688] - Send worker leaving thread
2015-07-29 19:32:01,805 - WARN  [RecvWorker:188978561024:QuorumCnxManager$RecvWorker@762] - Connection broken for id 188978561024, my id = 3, error = 
2015-07-29 19:32:01,805 - WARN  [RecvWorker:188978561024:QuorumCnxManager$RecvWorker@765] - Interrupting SendWorker
2015-07-29 19:32:01,805 - WARN  [SendWorker:188978561024:QuorumCnxManager$SendWorker@679] - Interrupted while waiting for message on queue
2015-07-29 19:32:01,805 - WARN  [SendWorker:188978561024:QuorumCnxManager$SendWorker@688] - Send worker leaving thread
2015-07-29 19:32:04,933 - INFO  [/10.10.34.13:3888:QuorumCnxManager$Listener@493] - Received connection request /10.10.34.11:48874
2015-07-29 19:32:04,933 - INFO  [/10.10.34.13:3888:QuorumCnxManager$Listener@493] - Received connection request /10.10.34.11:48875
2015-07-29 19:32:04,933 - WARN  [RecvWorker:188978561024:QuorumCnxManager$RecvWorker@762] - Connection broken for id 188978561024, my id = 3, error = 
2015-07-29 19:32:04,933 - WARN  [RecvWorker:188978561024:QuorumCnxManager$RecvWorker@765] - Interrupting SendWorker
2015-07-29 19:32:04,934 - WARN  [SendWorker:188978561024:QuorumCnxManager$SendWorker@679] - Interrupted while waiting for message on queue
2015-07-29 19:32:04,934 - WARN  [SendWorker:188978561024:QuorumCnxManager$SendWorker@688] - Send worker leaving thread
2015-07-29 19:32:04,934 - WARN  [RecvWorker:188978561024:QuorumCnxManager$RecvWorker@762] - Connection broken for id 188978561024, my id = 3, error = 
2015-07-29 19:32:04,934 - WARN  [RecvWorker:188978561024:QuorumCnxManager$RecvWorker@765] - Interrupting SendWorker
2015-07-29 19:32:04,934 - INFO  [/10.10.34.13:3888:QuorumCnxManager$Listener@493] - Received connection request /10.10.34.11:48878
2015-07-29 19:32:04,934 - WARN  [SendWorker:188978561024:QuorumCnxManager$SendWorker@679] - Interrupted while waiting for message on queue
2015-07-29 19:32:04,935 - WARN  [SendWorker:188978561024:QuorumCnxManager$SendWorker@688] - Send worker leaving thread
2015-07-29 19:32:04,935 - INFO  [/10.10.34.13:3888:QuorumCnxManager$Listener@493] - Received connection request /10.10.34.11:48879
2015-07-29 19:32:04,935 - WARN  [RecvWorker:188978561024:QuorumCnxManager$RecvWorker@762] - Connection broken for id 188978561024, my id = 3, error = 
2015-07-29 19:32:04,935 - WARN  [RecvWorker:188978561024:QuorumCnxManager$RecvWorker@765] - Interrupting SendWorker
2015-07-29 19:32:04,935 - WARN  [SendWorker:188978561024:QuorumCnxManager$SendWorker@679] - Interrupted while waiting for message on queue
2015-07-29 19:32:04,935 - WARN  [SendWorker:188978561024:QuorumCnxManager$SendWorker@688] - Send worker leaving thread
2015-07-29 19:32:04,935 - WARN  [RecvWorker:188978561024:QuorumCnxManager$RecvWorker@762] - Connection broken for id 188978561024, my id = 3, error = 
2015-07-29 19:32:04,936 - WARN  [RecvWorker:188978561024:QuorumCnxManager$RecvWorker@765] - Interrupting SendWorker
2015-07-29 19:32:04,936 - WARN  [SendWorker:188978561024:QuorumCnxManager$SendWorker@679] - Interrupted while waiting for message on queue
2015-07-29 19:32:04,936 - WARN  [SendWorker:188978561024:QuorumCnxManager$SendWorker@688] - Send worker leaving thread
2015-07-29 19:32:05,022 - INFO  [/10.10.34.13:3888:QuorumCnxManager$Listener@493] - Received connection request /10.10.34.12:49114
2015-07-29 19:32:05,022 - INFO  [/10.10.34.13:3888:QuorumCnxManager$Listener@493] - Received connection request /10.10.34.12:49115
2015-07-29 19:32:05,022 - WARN  [RecvWorker:188978561024:QuorumCnxManager$RecvWorker@762] - Connection broken for id 188978561024, my id = 3, error = 
2015-07-29 19:32:05,022 - WARN  [RecvWorker:188978561024:QuorumCnxManager$RecvWorker@765] - Interrupting SendWorker
2015-07-29 19:32:05,022 - WARN  [SendWorker:188978561024:QuorumCnxManager$SendWorker@679] - Interrupted while waiting for message on queue
2015-07-29 19:32:05,023 - WARN  [SendWorker:188978561024:QuorumCnxManager$SendWorker@688] - Send worker leaving thread
2015-07-29 19:32:05,023 - WARN  [RecvWorker:188978561024:QuorumCnxManager$RecvWorker@762] - Connection broken for id 188978561024, my id = 3, error = 
2015-07-29 19:32:05,023 - WARN  [RecvWorker:188978561024:QuorumCnxManager$RecvWorker@765] - Interrupting SendWorker
2015-07-29 19:32:05,023 - WARN  [SendWorker:188978561024:QuorumCnxManager$SendWorker@679] - Interrupted while waiting for message on queue
2015-07-29 19:32:05,023 - WARN  [SendWorker:188978561024:QuorumCnxManager$SendWorker@688] - Send worker leaving thread
2015-07-29 19:32:05,027 - INFO  [/10.10.34.13:3888:QuorumCnxManager$Listener@493] - Received connection request /10.10.34.12:49122
2015-07-29 19:32:05,028 - WARN  [RecvWorker:188978561024:QuorumCnxManager$RecvWorker@762] - Connection broken for id 188978561024, my id = 3, error = 
2015-07-29 19:32:05,028 - WARN  [RecvWorker:188978561024:QuorumCnxManager$RecvWorker@765] - Interrupting SendWorker
2015-07-29 19:32:05,028 - WARN  [SendWorker:188978561024:QuorumCnxManager$SendWorker@679] - Interrupted while waiting for message on queue
2015-07-29 19:32:05,029 - WARN  [SendWorker:188978561024:QuorumCnxManager$SendWorker@688] - Send worker leaving thread
2015-07-29 19:32:05,029 - INFO  [/10.10.34.13:3888:QuorumCnxManager$Listener@493] - Received connection request /10.10.34.12:49125
2015-07-29 19:32:05,029 - WARN  [RecvWorker:188978561024:QuorumCnxManager$RecvWorker@762] - Connection broken for id 188978561024, my id = 3, error = 
2015-07-29 19:32:05,030 - WARN  [RecvWorker:188978561024:QuorumCnxManager$RecvWorker@765] - Interrupting SendWorker
2015-07-29 19:32:05,030 - WARN  [SendWorker:188978561024:QuorumCnxManager$SendWorker@679] - Interrupted while waiting for message on queue
2015-07-29 19:32:05,030 - WARN  [SendWorker:188978561024:QuorumCnxManager$SendWorker@688] - Send worker leaving thread
2015-07-29 19:32:05,133 - INFO  [/10.10.34.13:3888:QuorumCnxManager$Listener@493] - Received connection request /10.10.34.13:46386
2015-07-29 19:32:05,134 - WARN  [RecvWorker:188978561024:QuorumCnxManager$RecvWorker@762] - Connection broken for id 188978561024, my id = 3, error = 
2015-07-29 19:32:05,134 - WARN  [RecvWorker:188978561024:QuorumCnxManager$RecvWorker@765] - Interrupting SendWorker
2015-07-29 19:32:05,134 - WARN  [SendWorker:188978561024:QuorumCnxManager$SendWorker@679] - Interrupted while waiting for message on queue
2015-07-29 19:32:05,135 - WARN  [SendWorker:188978561024:QuorumCnxManager$SendWorker@688] - Send worker leaving thread
2015-07-29 19:32:05,143 - INFO  [/10.10.34.13:3888:QuorumCnxManager$Listener@493] - Received connection request /10.10.34.13:46392
2015-07-29 19:32:05,143 - WARN  [RecvWorker:188978561024:QuorumCnxManager$RecvWorker@762] - Connection broken for id 188978561024, my id = 3, error = 
2015-07-29 19:32:05,144 - WARN  [RecvWorker:188978561024:QuorumCnxManager$RecvWorker@765] - Interrupting SendWorker
2015-07-29 19:32:05,143 - INFO  [/10.10.34.13:3888:QuorumCnxManager$Listener@493] - Received connection request /10.10.34.13:46394
2015-07-29 19:32:05,144 - WARN  [SendWorker:188978561024:QuorumCnxManager$SendWorker@679] - Interrupted while waiting for message on queue
2015-07-29 19:32:05,144 - WARN  [SendWorker:188978561024:QuorumCnxManager$SendWorker@688] - Send worker leaving thread
2015-07-29 19:32:05,144 - INFO  [/10.10.34.13:3888:QuorumCnxManager$Listener@493] - Received connection request /10.10.34.13:46395
2015-07-29 19:32:05,144 - WARN  [RecvWorker:188978561024:QuorumCnxManager$RecvWorker@762] - Connection broken for id 188978561024, my id = 3, error = 
2015-07-29 19:32:05,145 - WARN  [RecvWorker:188978561024:QuorumCnxManager$RecvWorker@765] - Interrupting SendWorker
2015-07-29 19:32:05,145 - WARN  [SendWorker:188978561024:QuorumCnxManager$SendWorker@679] - Interrupted while waiting for message on queue
2015-07-29 19:32:05,145 - WARN  [SendWorker:188978561024:QuorumCnxManager$SendWorker@688] - Send worker leaving thread
2015-07-29 19:32:05,145 - WARN  [RecvWorker:188978561024:QuorumCnxManager$RecvWorker@762] - Connection broken for id 188978561024, my id = 3, error = 
2015-07-29 19:32:05,145 - WARN  [RecvWorker:188978561024:QuorumCnxManager$RecvWorker@765] - Interrupting SendWorker
2015-07-29 19:32:05,145 - WARN  [SendWorker:188978561024:QuorumCnxManager$SendWorker@679] - Interrupted while waiting for message on queue
2015-07-29 19:32:05,146 - WARN  [SendWorker:188978561024:QuorumCnxManager$SendWorker@688] - Send worker leaving thread
2015-07-29 19:32:08,273 - INFO  [/10.10.34.13:3888:QuorumCnxManager$Listener@493] - Received connection request /10.10.34.11:48885
2015-07-29 19:32:08,273 - INFO  [/10.10.34.13:3888:QuorumCnxManager$Listener@493] - Received connection request /10.10.34.11:48887
2015-07-29 19:32:08,273 - WARN  [RecvWorker:188978561024:QuorumCnxManager$RecvWorker@762] - Connection broken for id 188978561024, my id = 3, error = 
2015-07-29 19:32:08,274 - WARN  [RecvWorker:188978561024:QuorumCnxManager$RecvWorker@765] - Interrupting SendWorker
2015-07-29 19:32:08,274 - WARN  [SendWorker:188978561024:QuorumCnxManager$SendWorker@679] - Interrupted while waiting for message on queue
2015-07-29 19:32:08,274 - WARN  [SendWorker:188978561024:QuorumCnxManager$SendWorker@688] - Send worker leaving thread
2015-07-29 19:32:08,274 - WARN  [RecvWorker:188978561024:QuorumCnxManager$RecvWorker@762] - Connection broken for id 188978561024, my id = 3, error = 
2015-07-29 19:32:08,274 - WARN  [RecvWorker:188978561024:QuorumCnxManager$RecvWorker@765] - Interrupting SendWorker
2015-07-29 19:32:08,274 - WARN  [SendWorker:188978561024:QuorumCnxManager$SendWorker@679] - Interrupted while waiting for message on queue
2015-07-29 19:32:08,275 - WARN  [SendWorker:188978561024:QuorumCnxManager$SendWorker@688] - Send worker leaving thread
2015-07-29 19:32:08,275 - INFO  [/10.10.34.13:3888:QuorumCnxManager$Listener@493] - Received connection request /10.10.34.11:48890
2015-07-29 19:32:08,275 - INFO  [/10.10.34.13:3888:QuorumCnxManager$Listener@493] - Received connection request /10.10.34.11:48891
2015-07-29 19:32:08,275 - WARN  [RecvWorker:188978561024:QuorumCnxManager$RecvWorker@762] - Connection broken for id 188978561024, my id = 3, error = 
2015-07-29 19:32:08,276 - WARN  [RecvWorker:188978561024:QuorumCnxManager$RecvWorker@765] - Interrupting SendWorker
2015-07-29 19:32:08,276 - WARN  [SendWorker:188978561024:QuorumCnxManager$SendWorker@679] - Interrupted while waiting for message on queue
2015-07-29 19:32:08,276 - WARN  [SendWorker:188978561024:QuorumCnxManager$SendWorker@688] - Send worker leaving thread
2015-07-29 19:32:08,276 - WARN  [RecvWorker:188978561024:QuorumCnxManager$RecvWorker@762] - Connection broken for id 188978561024, my id = 3, error = 
2015-07-29 19:32:08,276 - WARN  [RecvWorker:188978561024:QuorumCnxManager$RecvWorker@765] - Interrupting SendWorker
2015-07-29 19:32:08,276 - WARN  [SendWorker:188978561024:QuorumCnxManager$SendWorker@679] - Interrupted while waiting for message on queue
2015-07-29 19:32:08,277 - WARN  [SendWorker:188978561024:QuorumCnxManager$SendWorker@688] - Send worker leaving thread
2015-07-29 19:32:08,362 - INFO  [/10.10.34.13:3888:QuorumCnxManager$Listener@493] - Received connection request /10.10.34.12:49126
2015-07-29 19:32:08,362 - WARN  [RecvWorker:188978561024:QuorumCnxManager$RecvWorker@762] - Connection broken for id 188978561024, my id = 3, error = 
2015-07-29 19:32:08,362 - WARN  [RecvWorker:188978561024:QuorumCnxManager$RecvWorker@765] - Interrupting SendWorker
2015-07-29 19:32:08,362 - INFO  [/10.10.34.13:3888:QuorumCnxManager$Listener@493] - Received connection request /10.10.34.12:49127
2015-07-29 19:32:08,362 - WARN  [SendWorker:188978561024:QuorumCnxManager$SendWorker@679] - Interrupted while waiting for message on queue
2015-07-29 19:32:08,363 - WARN  [SendWorker:188978561024:QuorumCnxManager$SendWorker@688] - Send worker leaving thread
2015-07-29 19:32:08,363 - WARN  [RecvWorker:188978561024:QuorumCnxManager$RecvWorker@762] - Connection broken for id 188978561024, my id = 3, error = 
2015-07-29 19:32:08,363 - WARN  [RecvWorker:188978561024:QuorumCnxManager$RecvWorker@765] - Interrupting SendWorker
2015-07-29 19:32:08,363 - WARN  [SendWorker:188978561024:QuorumCnxManager$SendWorker@679] - Interrupted while waiting for message on queue
2015-07-29 19:32:08,364 - WARN  [SendWorker:188978561024:QuorumCnxManager$SendWorker@688] - Send worker leaving thread
2015-07-29 19:32:08,367 - INFO  [/10.10.34.13:3888:QuorumCnxManager$Listener@493] - Received connection request /10.10.34.12:49134
2015-07-29 19:32:08,368 - WARN  [RecvWorker:188978561024:QuorumCnxManager$RecvWorker@762] - Connection broken for id 188978561024, my id = 3, error = 
2015-07-29 19:32:08,368 - WARN  [RecvWorker:188978561024:QuorumCnxManager$RecvWorker@765] - Interrupting SendWorker
2015-07-29 19:32:08,368 - WARN  [SendWorker:188978561024:QuorumCnxManager$SendWorker@679] - Interrupted while waiting for message on queue
2015-07-29 19:32:08,368 - WARN  [SendWorker:188978561024:QuorumCnxManager$SendWorker@688] - Send worker leaving thread
2015-07-29 19:32:08,369 - INFO  [/10.10.34.13:3888:QuorumCnxManager$Listener@493] - Received connection request /10.10.34.12:49137
2015-07-29 19:32:08,369 - WARN  [RecvWorker:188978561024:QuorumCnxManager$RecvWorker@762] - Connection broken for id 188978561024, my id = 3, error = 
2015-07-29 19:32:08,370 - WARN  [RecvWorker:188978561024:QuorumCnxManager$RecvWorker@765] - Interrupting SendWorker
2015-07-29 19:32:08,370 - WARN  [SendWorker:188978561024:QuorumCnxManager$SendWorker@679] - Interrupted while waiting for message on queue
2015-07-29 19:32:08,370 - WARN  [SendWorker:188978561024:QuorumCnxManager$SendWorker@688] - Send worker leaving thread
2015-07-29 19:32:08,473 - INFO  [/10.10.34.13:3888:QuorumCnxManager$Listener@493] - Received connection request /10.10.34.13:46398
2015-07-29 19:32:08,474 - WARN  [RecvWorker:188978561024:QuorumCnxManager$RecvWorker@762] - Connection broken for id 188978561024, my id = 3, error = 
2015-07-29 19:32:08,474 - WARN  [RecvWorker:188978561024:QuorumCnxManager$RecvWorker@765] - Interrupting SendWorker
2015-07-29 19:32:08,474 - WARN  [SendWorker:188978561024:QuorumCnxManager$SendWorker@679] - Interrupted while waiting for message on queue
2015-07-29 19:32:08,475 - WARN  [SendWorker:188978561024:QuorumCnxManager$SendWorker@688] - Send worker leaving thread
2015-07-29 19:32:08,483 - INFO  [/10.10.34.13:3888:QuorumCnxManager$Listener@493] - Received connection request /10.10.34.13:46404
2015-07-29 19:32:08,484 - INFO  [/10.10.34.13:3888:QuorumCnxManager$Listener@493] - Received connection request /10.10.34.13:46406
2015-07-29 19:32:08,484 - WARN  [RecvWorker:188978561024:QuorumCnxManager$RecvWorker@762] - Connection broken for id 188978561024, my id = 3, error = 
2015-07-29 19:32:08,484 - WARN  [RecvWorker:188978561024:QuorumCnxManager$RecvWorker@765] - Interrupting SendWorker
2015-07-29 19:32:08,484 - WARN  [SendWorker:188978561024:QuorumCnxManager$SendWorker@679] - Interrupted while waiting for message on queue
2015-07-29 19:32:08,484 - WARN  [SendWorker:188978561024:QuorumCnxManager$SendWorker@688] - Send worker leaving thread
2015-07-29 19:32:08,484 - WARN  [RecvWorker:188978561024:QuorumCnxManager$RecvWorker@762] - Connection broken for id 188978561024, my id = 3, error = 
2015-07-29 19:32:08,485 - WARN  [RecvWorker:188978561024:QuorumCnxManager$RecvWorker@765] - Interrupting SendWorker
2015-07-29 19:32:08,485 - INFO  [/10.10.34.13:3888:QuorumCnxManager$Listener@493] - Received connection request /10.10.34.13:46407
2015-07-29 19:32:08,485 - WARN  [SendWorker:188978561024:QuorumCnxManager$SendWorker@679] - Interrupted while waiting for message on queue
2015-07-29 19:32:08,485 - WARN  [SendWorker:188978561024:QuorumCnxManager$SendWorker@688] - Send worker leaving thread
2015-07-29 19:32:08,485 - WARN  [RecvWorker:188978561024:QuorumCnxManager$RecvWorker@762] - Connection broken for id 188978561024, my id = 3, error = 
2015-07-29 19:32:08,486 - WARN  [RecvWorker:188978561024:QuorumCnxManager$RecvWorker@765] - Interrupting SendWorker
2015-07-29 19:32:08,486 - WARN  [SendWorker:188978561024:QuorumCnxManager$SendWorker@679] - Interrupted while waiting for message on queue
2015-07-29 19:32:08,486 - WARN  [SendWorker:188978561024:QuorumCnxManager$SendWorker@688] - Send worker leaving thread
2015-07-29 19:32:11,613 - INFO  [/10.10.34.13:3888:QuorumCnxManager$Listener@493] - Received connection request /10.10.34.11:48897
2015-07-29 19:32:11,614 - INFO  [/10.10.34.13:3888:QuorumCnxManager$Listener@493] - Received connection request /10.10.34.11:48898
2015-07-29 19:32:11,614 - WARN  [RecvWorker:188978561024:QuorumCnxManager$RecvWorker@762] - Connection broken for id 188978561024, my id = 3, error = 
2015-07-29 19:32:11,614 - WARN  [RecvWorker:188978561024:QuorumCnxManager$RecvWorker@765] - Interrupting SendWorker
2015-07-29 19:32:11,614 - WARN  [SendWorker:188978561024:QuorumCnxManager$SendWorker@679] - Interrupted while waiting for message on queue
2015-07-29 19:32:11,614 - WARN  [SendWorker:188978561024:QuorumCnxManager$SendWorker@688] - Send worker leaving thread
2015-07-29 19:32:11,615 - WARN  [RecvWorker:188978561024:QuorumCnxManager$RecvWorker@762] - Connection broken for id 188978561024, my id = 3, error = 
2015-07-29 19:32:11,615 - WARN  [RecvWorker:188978561024:QuorumCnxManager$RecvWorker@765] - Interrupting SendWorker
2015-07-29 19:32:11,615 - WARN  [SendWorker:188978561024:QuorumCnxManager$SendWorker@679] - Interrupted while waiting for message on queue
2015-07-29 19:32:11,615 - WARN  [SendWorker:188978561024:QuorumCnxManager$SendWorker@688] - Send worker leaving thread
2015-07-29 19:32:11,615 - INFO  [/10.10.34.13:3888:QuorumCnxManager$Listener@493] - Received connection request /10.10.34.11:48903
2015-07-29 19:32:11,616 - INFO  [/10.10.34.13:3888:QuorumCnxManager$Listener@493] - Received connection request /10.10.34.11:48902
2015-07-29 19:32:11,616 - WARN  [RecvWorker:188978561024:QuorumCnxManager$RecvWorker@762] - Connection broken for id 188978561024, my id = 3, error = 
2015-07-29 19:32:11,616 - WARN  [RecvWorker:188978561024:QuorumCnxManager$RecvWorker@765] - Interrupting SendWorker
2015-07-29 19:32:11,616 - WARN  [SendWorker:188978561024:QuorumCnxManager$SendWorker@679] - Interrupted while waiting for message on queue
2015-07-29 19:32:11,616 - WARN  [SendWorker:188978561024:QuorumCnxManager$SendWorker@688] - Send worker leaving thread
2015-07-29 19:32:11,617 - WARN  [RecvWorker:188978561024:QuorumCnxManager$RecvWorker@762] - Connection broken for id 188978561024, my id = 3, error = 
2015-07-29 19:32:11,617 - WARN  [RecvWorker:188978561024:QuorumCnxManager$RecvWorker@765] - Interrupting SendWorker
2015-07-29 19:32:11,617 - WARN  [SendWorker:188978561024:QuorumCnxManager$SendWorker@679] - Interrupted while waiting for message on queue
2015-07-29 19:32:11,617 - WARN  [SendWorker:188978561024:QuorumCnxManager$SendWorker@688] - Send worker leaving thread
2015-07-29 19:32:11,702 - INFO  [/10.10.34.13:3888:QuorumCnxManager$Listener@493] - Received connection request /10.10.34.12:49138
2015-07-29 19:32:11,702 - INFO  [/10.10.34.13:3888:QuorumCnxManager$Listener@493] - Received connection request /10.10.34.12:49139
2015-07-29 19:32:11,702 - WARN  [RecvWorker:188978561024:QuorumCnxManager$RecvWorker@762] - Connection broken for id 188978561024, my id = 3, error = 
2015-07-29 19:32:11,703 - WARN  [RecvWorker:188978561024:QuorumCnxManager$RecvWorker@765] - Interrupting SendWorker
2015-07-29 19:32:11,703 - WARN  [SendWorker:188978561024:QuorumCnxManager$SendWorker@679] - Interrupted while waiting for message on queue
2015-07-29 19:32:11,703 - WARN  [SendWorker:188978561024:QuorumCnxManager$SendWorker@688] - Send worker leaving thread
2015-07-29 19:32:11,703 - WARN  [RecvWorker:188978561024:QuorumCnxManager$RecvWorker@762] - Connection broken for id 188978561024, my id = 3, error = 
2015-07-29 19:32:11,703 - WARN  [RecvWorker:188978561024:QuorumCnxManager$RecvWorker@765] - Interrupting SendWorker
2015-07-29 19:32:11,703 - WARN  [SendWorker:188978561024:QuorumCnxManager$SendWorker@679] - Interrupted while waiting for message on queue
2015-07-29 19:32:11,704 - WARN  [SendWorker:188978561024:QuorumCnxManager$SendWorker@688] - Send worker leaving thread
2015-07-29 19:32:11,707 - INFO  [/10.10.34.13:3888:QuorumCnxManager$Listener@493] - Received connection request /10.10.34.12:49146
2015-07-29 19:32:11,708 - WARN  [RecvWorker:188978561024:QuorumCnxManager$RecvWorker@762] - Connection broken for id 188978561024, my id = 3, error = 
2015-07-29 19:32:11,708 - WARN  [RecvWorker:188978561024:QuorumCnxManager$RecvWorker@765] - Interrupting SendWorker
2015-07-29 19:32:11,708 - WARN  [SendWorker:188978561024:QuorumCnxManager$SendWorker@679] - Interrupted while waiting for message on queue
2015-07-29 19:32:11,708 - WARN  [SendWorker:188978561024:QuorumCnxManager$SendWorker@688] - Send worker leaving thread
2015-07-29 19:32:11,709 - INFO  [/10.10.34.13:3888:QuorumCnxManager$Listener@493] - Received connection request /10.10.34.12:49149
2015-07-29 19:32:11,709 - WARN  [RecvWorker:188978561024:QuorumCnxManager$RecvWorker@762] - Connection broken for id 188978561024, my id = 3, error = 
2015-07-29 19:32:11,709 - WARN  [RecvWorker:188978561024:QuorumCnxManager$RecvWorker@765] - Interrupting SendWorker
2015-07-29 19:32:11,710 - WARN  [SendWorker:188978561024:QuorumCnxManager$SendWorker@679] - Interrupted while waiting for message on queue
2015-07-29 19:32:11,710 - WARN  [SendWorker:188978561024:QuorumCnxManager$SendWorker@688] - Send worker leaving thread
2015-07-29 19:32:11,814 - INFO  [/10.10.34.13:3888:QuorumCnxManager$Listener@493] - Received connection request /10.10.34.13:46410
2015-07-29 19:32:11,814 - WARN  [RecvWorker:188978561024:QuorumCnxManager$RecvWorker@762] - Connection broken for id 188978561024, my id = 3, error = 
2015-07-29 19:32:11,814 - WARN  [RecvWorker:188978561024:QuorumCnxManager$RecvWorker@765] - Interrupting SendWorker
2015-07-29 19:32:11,815 - WARN  [SendWorker:188978561024:QuorumCnxManager$SendWorker@679] - Interrupted while waiting for message on queue
2015-07-29 19:32:11,815 - WARN  [SendWorker:188978561024:QuorumCnxManager$SendWorker@688] - Send worker leaving thread
2015-07-29 19:32:11,823 - INFO  [/10.10.34.13:3888:QuorumCnxManager$Listener@493] - Received connection request /10.10.34.13:46416
2015-07-29 19:32:11,824 - WARN  [RecvWorker:188978561024:QuorumCnxManager$RecvWorker@762] - Connection broken for id 188978561024, my id = 3, error = 
2015-07-29 19:32:11,824 - WARN  [RecvWorker:188978561024:QuorumCnxManager$RecvWorker@765] - Interrupting SendWorker
2015-07-29 19:32:11,824 - INFO  [/10.10.34.13:3888:QuorumCnxManager$Listener@493] - Received connection request /10.10.34.13:46418
2015-07-29 19:32:11,824 - WARN  [SendWorker:188978561024:QuorumCnxManager$SendWorker@679] - Interrupted while waiting for message on queue
2015-07-29 19:32:11,824 - WARN  [SendWorker:188978561024:QuorumCnxManager$SendWorker@688] - Send worker leaving thread
2015-07-29 19:32:11,824 - WARN  [RecvWorker:188978561024:QuorumCnxManager$RecvWorker@762] - Connection broken for id 188978561024, my id = 3, error = 
2015-07-29 19:32:11,825 - WARN  [RecvWorker:188978561024:QuorumCnxManager$RecvWorker@765] - Interrupting SendWorker
2015-07-29 19:32:11,825 - INFO  [/10.10.34.13:3888:QuorumCnxManager$Listener@493] - Received connection request /10.10.34.13:46419
2015-07-29 19:32:11,825 - WARN  [SendWorker:188978561024:QuorumCnxManager$SendWorker@679] - Interrupted while waiting for message on queue
2015-07-29 19:32:11,825 - WARN  [SendWorker:188978561024:QuorumCnxManager$SendWorker@688] - Send worker leaving thread
2015-07-29 19:32:11,825 - WARN  [RecvWorker:188978561024:QuorumCnxManager$RecvWorker@762] - Connection broken for id 188978561024, my id = 3, error = 
2015-07-29 19:32:11,825 - WARN  [RecvWorker:188978561024:QuorumCnxManager$RecvWorker@765] - Interrupting SendWorker
2015-07-29 19:32:11,826 - WARN  [SendWorker:188978561024:QuorumCnxManager$SendWorker@679] - Interrupted while waiting for message on queue
2015-07-29 19:32:11,826 - WARN  [SendWorker:188978561024:QuorumCnxManager$SendWorker@688] - Send worker leaving thread
2015-07-29 19:32:14,954 - INFO  [/10.10.34.13:3888:QuorumCnxManager$Listener@493] - Received connection request /10.10.34.11:48908
2015-07-29 19:32:14,954 - INFO  [/10.10.34.13:3888:QuorumCnxManager$Listener@493] - Received connection request /10.10.34.11:48911
2015-07-29 19:32:14,954 - WARN  [RecvWorker:188978561024:QuorumCnxManager$RecvWorker@762] - Connection broken for id 188978561024, my id = 3, error = 
2015-07-29 19:32:14,955 - WARN  [RecvWorker:188978561024:QuorumCnxManager$RecvWorker@765] - Interrupting SendWorker
2015-07-29 19:32:14,955 - WARN  [SendWorker:188978561024:QuorumCnxManager$SendWorker@679] - Interrupted while waiting for message on queue
2015-07-29 19:32:14,955 - WARN  [SendWorker:188978561024:QuorumCnxManager$SendWorker@688] - Send worker leaving thread
2015-07-29 19:32:14,955 - WARN  [RecvWorker:188978561024:QuorumCnxManager$RecvWorker@762] - Connection broken for id 188978561024, my id = 3, error = 
2015-07-29 19:32:14,955 - WARN  [RecvWorker:188978561024:QuorumCnxManager$RecvWorker@765] - Interrupting SendWorker
2015-07-29 19:32:14,955 - WARN  [SendWorker:188978561024:QuorumCnxManager$SendWorker@679] - Interrupted while waiting for message on queue
2015-07-29 19:32:14,956 - WARN  [SendWorker:188978561024:QuorumCnxManager$SendWorker@688] - Send worker leaving thread
2015-07-29 19:32:14,956 - INFO  [/10.10.34.13:3888:QuorumCnxManager$Listener@493] - Received connection request /10.10.34.11:48914
2015-07-29 19:32:14,956 - INFO  [/10.10.34.13:3888:QuorumCnxManager$Listener@493] - Received connection request /10.10.34.11:48915
2015-07-29 19:32:14,956 - WARN  [RecvWorker:188978561024:QuorumCnxManager$RecvWorker@762] - Connection broken for id 188978561024, my id = 3, error = 
2015-07-29 19:32:14,956 - WARN  [RecvWorker:188978561024:QuorumCnxManager$RecvWorker@765] - Interrupting SendWorker
2015-07-29 19:32:14,956 - WARN  [SendWorker:188978561024:QuorumCnxManager$SendWorker@679] - Interrupted while waiting for message on queue
2015-07-29 19:32:14,957 - WARN  [SendWorker:188978561024:QuorumCnxManager$SendWorker@688] - Send worker leaving thread
2015-07-29 19:32:14,957 - WARN  [RecvWorker:188978561024:QuorumCnxManager$RecvWorker@762] - Connection broken for id 188978561024, my id = 3, error = 
2015-07-29 19:32:14,957 - WARN  [RecvWorker:188978561024:QuorumCnxManager$RecvWorker@765] - Interrupting SendWorker
2015-07-29 19:32:14,957 - WARN  [SendWorker:188978561024:QuorumCnxManager$SendWorker@679] - Interrupted while waiting for message on queue
2015-07-29 19:32:14,957 - WARN  [SendWorker:188978561024:QuorumCnxManager$SendWorker@688] - Send worker leaving thread
2015-07-29 19:32:15,042 - INFO  [/10.10.34.13:3888:QuorumCnxManager$Listener@493] - Received connection request /10.10.34.12:49150
2015-07-29 19:32:15,042 - WARN  [RecvWorker:188978561024:QuorumCnxManager$RecvWorker@762] - Connection broken for id 188978561024, my id = 3, error = 
2015-07-29 19:32:15,043 - WARN  [RecvWorker:188978561024:QuorumCnxManager$RecvWorker@765] - Interrupting SendWorker
2015-07-29 19:32:15,042 - INFO  [/10.10.34.13:3888:QuorumCnxManager$Listener@493] - Received connection request /10.10.34.12:49151
2015-07-29 19:32:15,043 - WARN  [SendWorker:188978561024:QuorumCnxManager$SendWorker@679] - Interrupted while waiting for message on queue
2015-07-29 19:32:15,043 - WARN  [SendWorker:188978561024:QuorumCnxManager$SendWorker@688] - Send worker leaving thread
2015-07-29 19:32:15,043 - WARN  [RecvWorker:188978561024:QuorumCnxManager$RecvWorker@762] - Connection broken for id 188978561024, my id = 3, error = 
2015-07-29 19:32:15,043 - WARN  [RecvWorker:188978561024:QuorumCnxManager$RecvWorker@765] - Interrupting SendWorker
2015-07-29 19:32:15,044 - WARN  [SendWorker:188978561024:QuorumCnxManager$SendWorker@679] - Interrupted while waiting for message on queue
2015-07-29 19:32:15,044 - WARN  [SendWorker:188978561024:QuorumCnxManager$SendWorker@688] - Send worker leaving thread
2015-07-29 19:32:15,047 - INFO  [/10.10.34.13:3888:QuorumCnxManager$Listener@493] - Received connection request /10.10.34.12:49158
2015-07-29 19:32:15,048 - WARN  [RecvWorker:188978561024:QuorumCnxManager$RecvWorker@762] - Connection broken for id 188978561024, my id = 3, error = 
2015-07-29 19:32:15,048 - WARN  [RecvWorker:188978561024:QuorumCnxManager$RecvWorker@765] - Interrupting SendWorker
2015-07-29 19:32:15,048 - WARN  [SendWorker:188978561024:QuorumCnxManager$SendWorker@679] - Interrupted while waiting for message on queue
2015-07-29 19:32:15,048 - WARN  [SendWorker:188978561024:QuorumCnxManager$SendWorker@688] - Send worker leaving thread
2015-07-29 19:32:15,048 - INFO  [/10.10.34.13:3888:QuorumCnxManager$Listener@493] - Received connection request /10.10.34.12:49161
2015-07-29 19:32:15,049 - WARN  [RecvWorker:188978561024:QuorumCnxManager$RecvWorker@762] - Connection broken for id 188978561024, my id = 3, error = 
2015-07-29 19:32:15,049 - WARN  [RecvWorker:188978561024:QuorumCnxManager$RecvWorker@765] - Interrupting SendWorker
2015-07-29 19:32:15,049 - WARN  [SendWorker:188978561024:QuorumCnxManager$SendWorker@679] - Interrupted while waiting for message on queue
2015-07-29 19:32:15,050 - WARN  [SendWorker:188978561024:QuorumCnxManager$SendWorker@688] - Send worker leaving thread
2015-07-29 19:32:15,154 - INFO  [/10.10.34.13:3888:QuorumCnxManager$Listener@493] - Received connection request /10.10.34.13:46422
2015-07-29 19:32:15,154 - WARN  [RecvWorker:188978561024:QuorumCnxManager$RecvWorker@762] - Connection broken for id 188978561024, my id = 3, error = 
2015-07-29 19:32:15,155 - WARN  [RecvWorker:188978561024:QuorumCnxManager$RecvWorker@765] - Interrupting SendWorker
2015-07-29 19:32:15,155 - WARN  [SendWorker:188978561024:QuorumCnxManager$SendWorker@679] - Interrupted while waiting for message on queue
2015-07-29 19:32:15,155 - WARN  [SendWorker:188978561024:QuorumCnxManager$SendWorker@688] - Send worker leaving thread
2015-07-29 19:32:15,163 - INFO  [/10.10.34.13:3888:QuorumCnxManager$Listener@493] - Received connection request /10.10.34.13:46428
2015-07-29 19:32:15,164 - INFO  [/10.10.34.13:3888:QuorumCnxManager$Listener@493] - Received connection request /10.10.34.13:46430
2015-07-29 19:32:15,164 - WARN  [RecvWorker:188978561024:QuorumCnxManager$RecvWorker@762] - Connection broken for id 188978561024, my id = 3, error = 
2015-07-29 19:32:15,164 - WARN  [RecvWorker:188978561024:QuorumCnxManager$RecvWorker@765] - Interrupting SendWorker
2015-07-29 19:32:15,164 - WARN  [SendWorker:188978561024:QuorumCnxManager$SendWorker@679] - Interrupted while waiting for message on queue
2015-07-29 19:32:15,164 - WARN  [SendWorker:188978561024:QuorumCnxManager$SendWorker@688] - Send worker leaving thread
2015-07-29 19:32:15,164 - WARN  [RecvWorker:188978561024:QuorumCnxManager$RecvWorker@762] - Connection broken for id 188978561024, my id = 3, error = 
2015-07-29 19:32:15,165 - WARN  [RecvWorker:188978561024:QuorumCnxManager$RecvWorker@765] - Interrupting SendWorker
2015-07-29 19:32:15,165 - INFO  [/10.10.34.13:3888:QuorumCnxManager$Listener@493] - Received connection request /10.10.34.13:46431
2015-07-29 19:32:15,165 - WARN  [SendWorker:188978561024:QuorumCnxManager$SendWorker@679] - Interrupted while waiting for message on queue
2015-07-29 19:32:15,165 - WARN  [SendWorker:188978561024:QuorumCnxManager$SendWorker@688] - Send worker leaving thread
2015-07-29 19:32:15,165 - WARN  [RecvWorker:188978561024:QuorumCnxManager$RecvWorker@762] - Connection broken for id 188978561024, my id = 3, error = 
2015-07-29 19:32:15,166 - WARN  [RecvWorker:188978561024:QuorumCnxManager$RecvWorker@765] - Interrupting SendWorker
2015-07-29 19:32:15,166 - WARN  [SendWorker:188978561024:QuorumCnxManager$SendWorker@679] - Interrupted while waiting for message on queue
2015-07-29 19:32:15,166 - WARN  [SendWorker:188978561024:QuorumCnxManager$SendWorker@688] - Send worker leaving thread
2015-07-29 19:32:18,294 - INFO  [/10.10.34.13:3888:QuorumCnxManager$Listener@493] - Received connection request /10.10.34.11:48937
2015-07-29 19:32:18,295 - INFO  [/10.10.34.13:3888:QuorumCnxManager$Listener@493] - Received connection request /10.10.34.11:48939
2015-07-29 19:32:18,295 - WARN  [RecvWorker:188978561024:QuorumCnxManager$RecvWorker@762] - Connection broken for id 188978561024, my id = 3, error = 
2015-07-29 19:32:18,296 - WARN  [RecvWorker:188978561024:QuorumCnxManager$RecvWorker@765] - Interrupting SendWorker
2015-07-29 19:32:18,296 - WARN  [SendWorker:188978561024:QuorumCnxManager$SendWorker@679] - Interrupted while waiting for message on queue
2015-07-29 19:32:18,296 - WARN  [SendWorker:188978561024:QuorumCnxManager$SendWorker@688] - Send worker leaving thread
2015-07-29 19:32:18,296 - WARN  [RecvWorker:188978561024:QuorumCnxManager$RecvWorker@762] - Connection broken for id 188978561024, my id = 3, error = 
2015-07-29 19:32:18,296 - WARN  [RecvWorker:188978561024:QuorumCnxManager$RecvWorker@765] - Interrupting SendWorker
2015-07-29 19:32:18,296 - INFO  [/10.10.34.13:3888:QuorumCnxManager$Listener@493] - Received connection request /10.10.34.11:48942
2015-07-29 19:32:18,296 - WARN  [SendWorker:188978561024:QuorumCnxManager$SendWorker@679] - Interrupted while waiting for message on queue
2015-07-29 19:32:18,297 - WARN  [SendWorker:188978561024:QuorumCnxManager$SendWorker@688] - Send worker leaving thread
2015-07-29 19:32:18,297 - INFO  [/10.10.34.13:3888:QuorumCnxManager$Listener@493] - Received connection request /10.10.34.11:48943
2015-07-29 19:32:18,297 - WARN  [RecvWorker:188978561024:QuorumCnxManager$RecvWorker@762] - Connection broken for id 188978561024, my id = 3, error = 
2015-07-29 19:32:18,297 - WARN  [RecvWorker:188978561024:QuorumCnxManager$RecvWorker@765] - Interrupting SendWorker
2015-07-29 19:32:18,297 - WARN  [SendWorker:188978561024:QuorumCnxManager$SendWorker@679] - Interrupted while waiting for message on queue
2015-07-29 19:32:18,298 - WARN  [SendWorker:188978561024:QuorumCnxManager$SendWorker@688] - Send worker leaving thread
2015-07-29 19:32:18,297 - WARN  [RecvWorker:188978561024:QuorumCnxManager$RecvWorker@762] - Connection broken for id 188978561024, my id = 3, error = 
2015-07-29 19:32:18,298 - WARN  [RecvWorker:188978561024:QuorumCnxManager$RecvWorker@765] - Interrupting SendWorker
2015-07-29 19:32:18,298 - WARN  [SendWorker:188978561024:QuorumCnxManager$SendWorker@679] - Interrupted while waiting for message on queue
2015-07-29 19:32:18,298 - WARN  [SendWorker:188978561024:QuorumCnxManager$SendWorker@688] - Send worker leaving thread
2015-07-29 19:32:18,382 - INFO  [/10.10.34.13:3888:QuorumCnxManager$Listener@493] - Received connection request /10.10.34.12:49162
2015-07-29 19:32:18,383 - INFO  [/10.10.34.13:3888:QuorumCnxManager$Listener@493] - Received connection request /10.10.34.12:49163
2015-07-29 19:32:18,383 - WARN  [RecvWorker:188978561024:QuorumCnxManager$RecvWorker@762] - Connection broken for id 188978561024, my id = 3, error = 
2015-07-29 19:32:18,383 - WARN  [RecvWorker:188978561024:QuorumCnxManager$RecvWorker@765] - Interrupting SendWorker
2015-07-29 19:32:18,383 - WARN  [SendWorker:188978561024:QuorumCnxManager$SendWorker@679] - Interrupted while waiting for message on queue
2015-07-29 19:32:18,383 - WARN  [SendWorker:188978561024:QuorumCnxManager$SendWorker@688] - Send worker leaving thread
2015-07-29 19:32:18,383 - WARN  [RecvWorker:188978561024:QuorumCnxManager$RecvWorker@762] - Connection broken for id 188978561024, my id = 3, error = 
2015-07-29 19:32:18,383 - WARN  [RecvWorker:188978561024:QuorumCnxManager$RecvWorker@765] - Interrupting SendWorker
2015-07-29 19:32:18,384 - WARN  [SendWorker:188978561024:QuorumCnxManager$SendWorker@679] - Interrupted while waiting for message on queue
2015-07-29 19:32:18,384 - WARN  [SendWorker:188978561024:QuorumCnxManager$SendWorker@688] - Send worker leaving thread
2015-07-29 19:32:18,387 - INFO  [/10.10.34.13:3888:QuorumCnxManager$Listener@493] - Received connection request /10.10.34.12:49170
2015-07-29 19:32:18,387 - WARN  [RecvWorker:188978561024:QuorumCnxManager$RecvWorker@762] - Connection broken for id 188978561024, my id = 3, error = 
2015-07-29 19:32:18,388 - WARN  [RecvWorker:188978561024:QuorumCnxManager$RecvWorker@765] - Interrupting SendWorker
2015-07-29 19:32:18,388 - WARN  [SendWorker:188978561024:QuorumCnxManager$SendWorker@679] - Interrupted while waiting for message on queue
2015-07-29 19:32:18,388 - WARN  [SendWorker:188978561024:QuorumCnxManager$SendWorker@688] - Send worker leaving thread
2015-07-29 19:32:18,388 - INFO  [/10.10.34.13:3888:QuorumCnxManager$Listener@493] - Received connection request /10.10.34.12:49173
2015-07-29 19:32:18,389 - WARN  [RecvWorker:188978561024:QuorumCnxManager$RecvWorker@762] - Connection broken for id 188978561024, my id = 3, error = 
2015-07-29 19:32:18,389 - WARN  [RecvWorker:188978561024:QuorumCnxManager$RecvWorker@765] - Interrupting SendWorker
2015-07-29 19:32:18,389 - WARN  [SendWorker:188978561024:QuorumCnxManager$SendWorker@679] - Interrupted while waiting for message on queue
2015-07-29 19:32:18,389 - WARN  [SendWorker:188978561024:QuorumCnxManager$SendWorker@688] - Send worker leaving thread
2015-07-29 19:32:18,494 - INFO  [/10.10.34.13:3888:QuorumCnxManager$Listener@493] - Received connection request /10.10.34.13:46434
2015-07-29 19:32:18,494 - WARN  [RecvWorker:188978561024:QuorumCnxManager$RecvWorker@762] - Connection broken for id 188978561024, my id = 3, error = 
2015-07-29 19:32:18,495 - WARN  [RecvWorker:188978561024:QuorumCnxManager$RecvWorker@765] - Interrupting SendWorker
2015-07-29 19:32:18,495 - WARN  [SendWorker:188978561024:QuorumCnxManager$SendWorker@679] - Interrupted while waiting for message on queue
2015-07-29 19:32:18,495 - WARN  [SendWorker:188978561024:QuorumCnxManager$SendWorker@688] - Send worker leaving thread
2015-07-29 19:32:18,503 - INFO  [/10.10.34.13:3888:QuorumCnxManager$Listener@493] - Received connection request /10.10.34.13:46440
2015-07-29 19:32:18,504 - WARN  [RecvWorker:188978561024:QuorumCnxManager$RecvWorker@762] - Connection broken for id 188978561024, my id = 3, error = 
2015-07-29 19:32:18,504 - WARN  [RecvWorker:188978561024:QuorumCnxManager$RecvWorker@765] - Interrupting SendWorker
2015-07-29 19:32:18,504 - INFO  [/10.10.34.13:3888:QuorumCnxManager$Listener@493] - Received connection request /10.10.34.13:46442
2015-07-29 19:32:18,504 - WARN  [SendWorker:188978561024:QuorumCnxManager$SendWorker@679] - Interrupted while waiting for message on queue
2015-07-29 19:32:18,504 - WARN  [SendWorker:188978561024:QuorumCnxManager$SendWorker@688] - Send worker leaving thread
2015-07-29 19:32:18,505 - WARN  [RecvWorker:188978561024:QuorumCnxManager$RecvWorker@762] - Connection broken for id 188978561024, my id = 3, error = 
2015-07-29 19:32:18,505 - INFO  [/10.10.34.13:3888:QuorumCnxManager$Listener@493] - Received connection request /10.10.34.13:46443
2015-07-29 19:32:18,505 - WARN  [RecvWorker:188978561024:QuorumCnxManager$RecvWorker@765] - Interrupting SendWorker
2015-07-29 19:32:18,505 - WARN  [SendWorker:188978561024:QuorumCnxManager$SendWorker@679] - Interrupted while waiting for message on queue
2015-07-29 19:32:18,505 - WARN  [SendWorker:188978561024:QuorumCnxManager$SendWorker@688] - Send worker leaving thread
2015-07-29 19:32:18,505 - WARN  [RecvWorker:188978561024:QuorumCnxManager$RecvWorker@762] - Connection broken for id 188978561024, my id = 3, error = 
2015-07-29 19:32:18,506 - WARN  [RecvWorker:188978561024:QuorumCnxManager$RecvWorker@765] - Interrupting SendWorker
2015-07-29 19:32:18,506 - WARN  [SendWorker:188978561024:QuorumCnxManager$SendWorker@679] - Interrupted while waiting for message on queue
2015-07-29 19:32:18,506 - WARN  [SendWorker:188978561024:QuorumCnxManager$SendWorker@688] - Send worker leaving thread
2015-07-29 19:32:21,635 - INFO  [/10.10.34.13:3888:QuorumCnxManager$Listener@493] - Received connection request /10.10.34.11:48949
2015-07-29 19:32:21,636 - INFO  [/10.10.34.13:3888:QuorumCnxManager$Listener@493] - Received connection request /10.10.34.11:48951
2015-07-29 19:32:21,636 - WARN  [RecvWorker:188978561024:QuorumCnxManager$RecvWorker@762] - Connection broken for id 188978561024, my id = 3, error = 
2015-07-29 19:32:21,636 - WARN  [RecvWorker:188978561024:QuorumCnxManager$RecvWorker@765] - Interrupting SendWorker
2015-07-29 19:32:21,636 - WARN  [SendWorker:188978561024:QuorumCnxManager$SendWorker@679] - Interrupted while waiting for message on queue
2015-07-29 19:32:21,636 - WARN  [SendWorker:188978561024:QuorumCnxManager$SendWorker@688] - Send worker leaving thread
2015-07-29 19:32:21,636 - WARN  [RecvWorker:188978561024:QuorumCnxManager$RecvWorker@762] - Connection broken for id 188978561024, my id = 3, error = 
2015-07-29 19:32:21,636 - WARN  [RecvWorker:188978561024:QuorumCnxManager$RecvWorker@765] - Interrupting SendWorker
2015-07-29 19:32:21,637 - WARN  [SendWorker:188978561024:QuorumCnxManager$SendWorker@679] - Interrupted while waiting for message on queue
2015-07-29 19:32:21,637 - WARN  [SendWorker:188978561024:QuorumCnxManager$SendWorker@688] - Send worker leaving thread
2015-07-29 19:32:21,637 - INFO  [/10.10.34.13:3888:QuorumCnxManager$Listener@493] - Received connection request /10.10.34.11:48954
2015-07-29 19:32:21,638 - WARN  [RecvWorker:188978561024:QuorumCnxManager$RecvWorker@762] - Connection broken for id 188978561024, my id = 3, error = 
2015-07-29 19:32:21,638 - WARN  [RecvWorker:188978561024:QuorumCnxManager$RecvWorker@765] - Interrupting SendWorker
2015-07-29 19:32:21,638 - WARN  [SendWorker:188978561024:QuorumCnxManager$SendWorker@679] - Interrupted while waiting for message on queue
2015-07-29 19:32:21,638 - WARN  [SendWorker:188978561024:QuorumCnxManager$SendWorker@688] - Send worker leaving thread
2015-07-29 19:32:21,638 - INFO  [/10.10.34.13:3888:QuorumCnxManager$Listener@493] - Received connection request /10.10.34.11:48956
2015-07-29 19:32:21,639 - WARN  [RecvWorker:188978561024:QuorumCnxManager$RecvWorker@762] - Connection broken for id 188978561024, my id = 3, error = 
2015-07-29 19:32:21,639 - WARN  [RecvWorker:188978561024:QuorumCnxManager$RecvWorker@765] - Interrupting SendWorker
2015-07-29 19:32:21,639 - WARN  [SendWorker:188978561024:QuorumCnxManager$SendWorker@679] - Interrupted while waiting for message on queue
2015-07-29 19:32:21,640 - WARN  [SendWorker:188978561024:QuorumCnxManager$SendWorker@688] - Send worker leaving thread
2015-07-29 19:32:21,722 - INFO  [/10.10.34.13:3888:QuorumCnxManager$Listener@493] - Received connection request /10.10.34.12:49174
2015-07-29 19:32:21,723 - WARN  [RecvWorker:188978561024:QuorumCnxManager$RecvWorker@762] - Connection broken for id 188978561024, my id = 3, error = 
2015-07-29 19:32:21,723 - WARN  [RecvWorker:188978561024:QuorumCnxManager$RecvWorker@765] - Interrupting SendWorker
2015-07-29 19:32:21,723 - INFO  [/10.10.34.13:3888:QuorumCnxManager$Listener@493] - Received connection request /10.10.34.12:49175
2015-07-29 19:32:21,723 - WARN  [SendWorker:188978561024:QuorumCnxManager$SendWorker@679] - Interrupted while waiting for message on queue
2015-07-29 19:32:21,723 - WARN  [SendWorker:188978561024:QuorumCnxManager$SendWorker@688] - Send worker leaving thread
2015-07-29 19:32:21,724 - WARN  [RecvWorker:188978561024:QuorumCnxManager$RecvWorker@762] - Connection broken for id 188978561024, my id = 3, error = 
2015-07-29 19:32:21,724 - WARN  [RecvWorker:188978561024:QuorumCnxManager$RecvWorker@765] - Interrupting SendWorker
2015-07-29 19:32:21,724 - WARN  [SendWorker:188978561024:QuorumCnxManager$SendWorker@679] - Interrupted while waiting for message on queue
2015-07-29 19:32:21,724 - WARN  [SendWorker:188978561024:QuorumCnxManager$SendWorker@688] - Send worker leaving thread
2015-07-29 19:32:21,727 - INFO  [/10.10.34.13:3888:QuorumCnxManager$Listener@493] - Received connection request /10.10.34.12:49182
2015-07-29 19:32:21,727 - WARN  [RecvWorker:188978561024:QuorumCnxManager$RecvWorker@762] - Connection broken for id 188978561024, my id = 3, error = 
2015-07-29 19:32:21,728 - WARN  [RecvWorker:188978561024:QuorumCnxManager$RecvWorker@765] - Interrupting SendWorker
2015-07-29 19:32:21,728 - WARN  [SendWorker:188978561024:QuorumCnxManager$SendWorker@679] - Interrupted while waiting for message on queue
2015-07-29 19:32:21,728 - WARN  [SendWorker:188978561024:QuorumCnxManager$SendWorker@688] - Send worker leaving thread
2015-07-29 19:32:21,728 - INFO  [/10.10.34.13:3888:QuorumCnxManager$Listener@493] - Received connection request /10.10.34.12:49185
2015-07-29 19:32:21,729 - WARN  [RecvWorker:188978561024:QuorumCnxManager$RecvWorker@762] - Connection broken for id 188978561024, my id = 3, error = 
2015-07-29 19:32:21,729 - WARN  [RecvWorker:188978561024:QuorumCnxManager$RecvWorker@765] - Interrupting SendWorker
2015-07-29 19:32:21,729 - WARN  [SendWorker:188978561024:QuorumCnxManager$SendWorker@679] - Interrupted while waiting for message on queue
2015-07-29 19:32:21,729 - WARN  [SendWorker:188978561024:QuorumCnxManager$SendWorker@688] - Send worker leaving thread
2015-07-29 19:32:21,834 - INFO  [/10.10.34.13:3888:QuorumCnxManager$Listener@493] - Received connection request /10.10.34.13:46446
2015-07-29 19:32:21,835 - WARN  [RecvWorker:188978561024:QuorumCnxManager$RecvWorker@762] - Connection broken for id 188978561024, my id = 3, error = 
2015-07-29 19:32:21,835 - WARN  [RecvWorker:188978561024:QuorumCnxManager$RecvWorker@765] - Interrupting SendWorker
2015-07-29 19:32:21,835 - WARN  [SendWorker:188978561024:QuorumCnxManager$SendWorker@679] - Interrupted while waiting for message on queue
2015-07-29 19:32:21,835 - WARN  [SendWorker:188978561024:QuorumCnxManager$SendWorker@688] - Send worker leaving thread
2015-07-29 19:32:21,843 - INFO  [/10.10.34.13:3888:QuorumCnxManager$Listener@493] - Received connection request /10.10.34.13:46452
2015-07-29 19:32:21,844 - INFO  [/10.10.34.13:3888:QuorumCnxManager$Listener@493] - Received connection request /10.10.34.13:46454
2015-07-29 19:32:21,844 - WARN  [RecvWorker:188978561024:QuorumCnxManager$RecvWorker@762] - Connection broken for id 188978561024, my id = 3, error = 
2015-07-29 19:32:21,844 - WARN  [RecvWorker:188978561024:QuorumCnxManager$RecvWorker@765] - Interrupting SendWorker
2015-07-29 19:32:21,844 - WARN  [SendWorker:188978561024:QuorumCnxManager$SendWorker@679] - Interrupted while waiting for message on queue
2015-07-29 19:32:21,845 - WARN  [SendWorker:188978561024:QuorumCnxManager$SendWorker@688] - Send worker leaving thread
2015-07-29 19:32:21,845 - WARN  [RecvWorker:188978561024:QuorumCnxManager$RecvWorker@762] - Connection broken for id 188978561024, my id = 3, error = 
2015-07-29 19:32:21,845 - WARN  [RecvWorker:188978561024:QuorumCnxManager$RecvWorker@765] - Interrupting SendWorker
2015-07-29 19:32:21,845 - INFO  [/10.10.34.13:3888:QuorumCnxManager$Listener@493] - Received connection request /10.10.34.13:46455
2015-07-29 19:32:21,845 - WARN  [SendWorker:188978561024:QuorumCnxManager$SendWorker@679] - Interrupted while waiting for message on queue
2015-07-29 19:32:21,845 - WARN  [SendWorker:188978561024:QuorumCnxManager$SendWorker@688] - Send worker leaving thread
2015-07-29 19:32:21,846 - WARN  [RecvWorker:188978561024:QuorumCnxManager$RecvWorker@762] - Connection broken for id 188978561024, my id = 3, error = 
2015-07-29 19:32:21,846 - WARN  [RecvWorker:188978561024:QuorumCnxManager$RecvWorker@765] - Interrupting SendWorker
2015-07-29 19:32:21,846 - WARN  [SendWorker:188978561024:QuorumCnxManager$SendWorker@679] - Interrupted while waiting for message on queue
2015-07-29 19:32:21,846 - WARN  [SendWorker:188978561024:QuorumCnxManager$SendWorker@688] - Send worker leaving thread
2015-07-29 19:32:24,975 - INFO  [/10.10.34.13:3888:QuorumCnxManager$Listener@493] - Received connection request /10.10.34.11:48960
2015-07-29 19:32:24,976 - WARN  [RecvWorker:188978561024:QuorumCnxManager$RecvWorker@762] - Connection broken for id 188978561024, my id = 3, error = 
2015-07-29 19:32:24,976 - WARN  [RecvWorker:188978561024:QuorumCnxManager$RecvWorker@765] - Interrupting SendWorker
2015-07-29 19:32:24,976 - INFO  [/10.10.34.13:3888:QuorumCnxManager$Listener@493] - Received connection request /10.10.34.11:48962
2015-07-29 19:32:24,976 - WARN  [SendWorker:188978561024:QuorumCnxManager$SendWorker@679] - Interrupted while waiting for message on queue
2015-07-29 19:32:24,976 - WARN  [SendWorker:188978561024:QuorumCnxManager$SendWorker@688] - Send worker leaving thread
2015-07-29 19:32:24,977 - WARN  [RecvWorker:188978561024:QuorumCnxManager$RecvWorker@762] - Connection broken for id 188978561024, my id = 3, error = 
2015-07-29 19:32:24,977 - WARN  [RecvWorker:188978561024:QuorumCnxManager$RecvWorker@765] - Interrupting SendWorker
2015-07-29 19:32:24,977 - WARN  [SendWorker:188978561024:QuorumCnxManager$SendWorker@679] - Interrupted while waiting for message on queue
2015-07-29 19:32:24,977 - WARN  [SendWorker:188978561024:QuorumCnxManager$SendWorker@688] - Send worker leaving thread
2015-07-29 19:32:24,977 - INFO  [/10.10.34.13:3888:QuorumCnxManager$Listener@493] - Received connection request /10.10.34.11:48965
2015-07-29 19:32:24,978 - WARN  [RecvWorker:188978561024:QuorumCnxManager$RecvWorker@762] - Connection broken for id 188978561024, my id = 3, error = 
2015-07-29 19:32:24,978 - WARN  [RecvWorker:188978561024:QuorumCnxManager$RecvWorker@765] - Interrupting SendWorker
2015-07-29 19:32:24,978 - WARN  [SendWorker:188978561024:QuorumCnxManager$SendWorker@679] - Interrupted while waiting for message on queue
2015-07-29 19:32:24,978 - WARN  [SendWorker:188978561024:QuorumCnxManager$SendWorker@688] - Send worker leaving thread
2015-07-29 19:32:24,979 - INFO  [/10.10.34.13:3888:QuorumCnxManager$Listener@493] - Received connection request /10.10.34.11:48968
2015-07-29 19:32:24,979 - WARN  [RecvWorker:188978561024:QuorumCnxManager$RecvWorker@762] - Connection broken for id 188978561024, my id = 3, error = 
2015-07-29 19:32:24,980 - WARN  [RecvWorker:188978561024:QuorumCnxManager$RecvWorker@765] - Interrupting SendWorker
2015-07-29 19:32:24,980 - WARN  [SendWorker:188978561024:QuorumCnxManager$SendWorker@679] - Interrupted while waiting for message on queue
2015-07-29 19:32:24,980 - WARN  [SendWorker:188978561024:QuorumCnxManager$SendWorker@688] - Send worker leaving thread
2015-07-29 19:32:25,062 - INFO  [/10.10.34.13:3888:QuorumCnxManager$Listener@493] - Received connection request /10.10.34.12:49186
2015-07-29 19:32:25,063 - INFO  [/10.10.34.13:3888:QuorumCnxManager$Listener@493] - Received connection request /10.10.34.12:49187
2015-07-29 19:32:25,063 - WARN  [RecvWorker:188978561024:QuorumCnxManager$RecvWorker@762] - Connection broken for id 188978561024, my id = 3, error = 
2015-07-29 19:32:25,063 - WARN  [RecvWorker:188978561024:QuorumCnxManager$RecvWorker@765] - Interrupting SendWorker
2015-07-29 19:32:25,063 - WARN  [SendWorker:188978561024:QuorumCnxManager$SendWorker@679] - Interrupted while waiting for message on queue
2015-07-29 19:32:25,063 - WARN  [SendWorker:188978561024:QuorumCnxManager$SendWorker@688] - Send worker leaving thread
2015-07-29 19:32:25,063 - WARN  [RecvWorker:188978561024:QuorumCnxManager$RecvWorker@762] - Connection broken for id 188978561024, my id = 3, error = 
2015-07-29 19:32:25,064 - WARN  [RecvWorker:188978561024:QuorumCnxManager$RecvWorker@765] - Interrupting SendWorker
2015-07-29 19:32:25,064 - WARN  [SendWorker:188978561024:QuorumCnxManager$SendWorker@679] - Interrupted while waiting for message on queue
2015-07-29 19:32:25,064 - WARN  [SendWorker:188978561024:QuorumCnxManager$SendWorker@688] - Send worker leaving thread
2015-07-29 19:32:25,067 - INFO  [/10.10.34.13:3888:QuorumCnxManager$Listener@493] - Received connection request /10.10.34.12:49194
2015-07-29 19:32:25,067 - WARN  [RecvWorker:188978561024:QuorumCnxManager$RecvWorker@762] - Connection broken for id 188978561024, my id = 3, error = 
2015-07-29 19:32:25,068 - WARN  [RecvWorker:188978561024:QuorumCnxManager$RecvWorker@765] - Interrupting SendWorker
2015-07-29 19:32:25,068 - WARN  [SendWorker:188978561024:QuorumCnxManager$SendWorker@679] - Interrupted while waiting for message on queue
2015-07-29 19:32:25,068 - WARN  [SendWorker:188978561024:QuorumCnxManager$SendWorker@688] - Send worker leaving thread
2015-07-29 19:32:25,068 - INFO  [/10.10.34.13:3888:QuorumCnxManager$Listener@493] - Received connection request /10.10.34.12:49197
2015-07-29 19:32:25,069 - WARN  [RecvWorker:188978561024:QuorumCnxManager$RecvWorker@762] - Connection broken for id 188978561024, my id = 3, error = 
2015-07-29 19:32:25,069 - WARN  [RecvWorker:188978561024:QuorumCnxManager$RecvWorker@765] - Interrupting SendWorker
2015-07-29 19:32:25,069 - WARN  [SendWorker:188978561024:QuorumCnxManager$SendWorker@679] - Interrupted while waiting for message on queue
2015-07-29 19:32:25,069 - WARN  [SendWorker:188978561024:QuorumCnxManager$SendWorker@688] - Send worker leaving thread
2015-07-29 19:32:25,174 - INFO  [/10.10.34.13:3888:QuorumCnxManager$Listener@493] - Received connection request /10.10.34.13:46458
2015-07-29 19:32:25,175 - WARN  [RecvWorker:188978561024:QuorumCnxManager$RecvWorker@762] - Connection broken for id 188978561024, my id = 3, error = 
2015-07-29 19:32:25,175 - WARN  [RecvWorker:188978561024:QuorumCnxManager$RecvWorker@765] - Interrupting SendWorker
2015-07-29 19:32:25,175 - WARN  [SendWorker:188978561024:QuorumCnxManager$SendWorker@679] - Interrupted while waiting for message on queue
2015-07-29 19:32:25,175 - WARN  [SendWorker:188978561024:QuorumCnxManager$SendWorker@688] - Send worker leaving thread
2015-07-29 19:32:25,184 - INFO  [/10.10.34.13:3888:QuorumCnxManager$Listener@493] - Received connection request /10.10.34.13:46464
2015-07-29 19:32:25,184 - INFO  [/10.10.34.13:3888:QuorumCnxManager$Listener@493] - Received connection request /10.10.34.13:46466
2015-07-29 19:32:25,184 - WARN  [RecvWorker:188978561024:QuorumCnxManager$RecvWorker@762] - Connection broken for id 188978561024, my id = 3, error = 
2015-07-29 19:32:25,184 - WARN  [RecvWorker:188978561024:QuorumCnxManager$RecvWorker@765] - Interrupting SendWorker
2015-07-29 19:32:25,185 - WARN  [SendWorker:188978561024:QuorumCnxManager$SendWorker@679] - Interrupted while waiting for message on queue
2015-07-29 19:32:25,185 - WARN  [SendWorker:188978561024:QuorumCnxManager$SendWorker@688] - Send worker leaving thread
2015-07-29 19:32:25,185 - WARN  [RecvWorker:188978561024:QuorumCnxManager$RecvWorker@762] - Connection broken for id 188978561024, my id = 3, error = 
2015-07-29 19:32:25,185 - WARN  [RecvWorker:188978561024:QuorumCnxManager$RecvWorker@765] - Interrupting SendWorker
2015-07-29 19:32:25,185 - INFO  [/10.10.34.13:3888:QuorumCnxManager$Listener@493] - Received connection request /10.10.34.13:46467
2015-07-29 19:32:25,185 - WARN  [SendWorker:188978561024:QuorumCnxManager$SendWorker@679] - Interrupted while waiting for message on queue
2015-07-29 19:32:25,186 - WARN  [SendWorker:188978561024:QuorumCnxManager$SendWorker@688] - Send worker leaving thread
2015-07-29 19:32:25,186 - WARN  [RecvWorker:188978561024:QuorumCnxManager$RecvWorker@762] - Connection broken for id 188978561024, my id = 3, error = 
2015-07-29 19:32:25,186 - WARN  [RecvWorker:188978561024:QuorumCnxManager$RecvWorker@765] - Interrupting SendWorker
2015-07-29 19:32:25,186 - WARN  [SendWorker:188978561024:QuorumCnxManager$SendWorker@679] - Interrupted while waiting for message on queue
2015-07-29 19:32:25,186 - WARN  [SendWorker:188978561024:QuorumCnxManager$SendWorker@688] - Send worker leaving thread
2015-07-29 19:32:28,315 - INFO  [/10.10.34.13:3888:QuorumCnxManager$Listener@493] - Received connection request /10.10.34.11:48970
2015-07-29 19:32:28,315 - WARN  [RecvWorker:188978561024:QuorumCnxManager$RecvWorker@762] - Connection broken for id 188978561024, my id = 3, error = 
2015-07-29 19:32:28,316 - WARN  [RecvWorker:188978561024:QuorumCnxManager$RecvWorker@765] - Interrupting SendWorker
2015-07-29 19:32:28,316 - WARN  [SendWorker:188978561024:QuorumCnxManager$SendWorker@679] - Interrupted while waiting for message on queue
2015-07-29 19:32:28,316 - WARN  [SendWorker:188978561024:QuorumCnxManager$SendWorker@688] - Send worker leaving thread
2015-07-29 19:32:28,316 - INFO  [/10.10.34.13:3888:QuorumCnxManager$Listener@493] - Received connection request /10.10.34.11:48975
2015-07-29 19:32:28,317 - WARN  [RecvWorker:188978561024:QuorumCnxManager$RecvWorker@762] - Connection broken for id 188978561024, my id = 3, error = 
2015-07-29 19:32:28,317 - WARN  [RecvWorker:188978561024:QuorumCnxManager$RecvWorker@765] - Interrupting SendWorker
2015-07-29 19:32:28,317 - WARN  [SendWorker:188978561024:QuorumCnxManager$SendWorker@679] - Interrupted while waiting for message on queue
2015-07-29 19:32:28,317 - INFO  [/10.10.34.13:3888:QuorumCnxManager$Listener@493] - Received connection request /10.10.34.11:48978
2015-07-29 19:32:28,317 - WARN  [SendWorker:188978561024:QuorumCnxManager$SendWorker@688] - Send worker leaving thread
2015-07-29 19:32:28,318 - WARN  [RecvWorker:188978561024:QuorumCnxManager$RecvWorker@762] - Connection broken for id 188978561024, my id = 3, error = 
2015-07-29 19:32:28,318 - WARN  [RecvWorker:188978561024:QuorumCnxManager$RecvWorker@765] - Interrupting SendWorker
2015-07-29 19:32:28,318 - WARN  [SendWorker:188978561024:QuorumCnxManager$SendWorker@679] - Interrupted while waiting for message on queue
2015-07-29 19:32:28,319 - WARN  [SendWorker:188978561024:QuorumCnxManager$SendWorker@688] - Send worker leaving thread
2015-07-29 19:32:28,319 - INFO  [/10.10.34.13:3888:QuorumCnxManager$Listener@493] - Received connection request /10.10.34.11:48980
2015-07-29 19:32:28,320 - WARN  [RecvWorker:188978561024:QuorumCnxManager$RecvWorker@762] - Connection broken for id 188978561024, my id = 3, error = 
2015-07-29 19:32:28,320 - WARN  [RecvWorker:188978561024:QuorumCnxManager$RecvWorker@765] - Interrupting SendWorker
2015-07-29 19:32:28,320 - WARN  [SendWorker:188978561024:QuorumCnxManager$SendWorker@679] - Interrupted while waiting for message on queue
2015-07-29 19:32:28,320 - WARN  [SendWorker:188978561024:QuorumCnxManager$SendWorker@688] - Send worker leaving thread
2015-07-29 19:32:28,402 - INFO  [/10.10.34.13:3888:QuorumCnxManager$Listener@493] - Received connection request /10.10.34.12:49198
2015-07-29 19:32:28,403 - INFO  [/10.10.34.13:3888:QuorumCnxManager$Listener@493] - Received connection request /10.10.34.12:49199
2015-07-29 19:32:28,403 - WARN  [RecvWorker:188978561024:QuorumCnxManager$RecvWorker@762] - Connection broken for id 188978561024, my id = 3, error = 
2015-07-29 19:32:28,403 - WARN  [RecvWorker:188978561024:QuorumCnxManager$RecvWorker@765] - Interrupting SendWorker
2015-07-29 19:32:28,403 - WARN  [SendWorker:188978561024:QuorumCnxManager$SendWorker@679] - Interrupted while waiting for message on queue
2015-07-29 19:32:28,403 - WARN  [SendWorker:188978561024:QuorumCnxManager$SendWorker@688] - Send worker leaving thread
2015-07-29 19:32:28,403 - WARN  [RecvWorker:188978561024:QuorumCnxManager$RecvWorker@762] - Connection broken for id 188978561024, my id = 3, error = 
2015-07-29 19:32:28,404 - WARN  [RecvWorker:188978561024:QuorumCnxManager$RecvWorker@765] - Interrupting SendWorker
2015-07-29 19:32:28,404 - WARN  [SendWorker:188978561024:QuorumCnxManager$SendWorker@679] - Interrupted while waiting for message on queue
2015-07-29 19:32:28,404 - WARN  [SendWorker:188978561024:QuorumCnxManager$SendWorker@688] - Send worker leaving thread
2015-07-29 19:32:28,407 - INFO  [/10.10.34.13:3888:QuorumCnxManager$Listener@493] - Received connection request /10.10.34.12:49206
2015-07-29 19:32:28,407 - WARN  [RecvWorker:188978561024:QuorumCnxManager$RecvWorker@762] - Connection broken for id 188978561024, my id = 3, error = 
2015-07-29 19:32:28,408 - WARN  [RecvWorker:188978561024:QuorumCnxManager$RecvWorker@765] - Interrupting SendWorker
2015-07-29 19:32:28,408 - WARN  [SendWorker:188978561024:QuorumCnxManager$SendWorker@679] - Interrupted while waiting for message on queue
2015-07-29 19:32:28,408 - WARN  [SendWorker:188978561024:QuorumCnxManager$SendWorker@688] - Send worker leaving thread
2015-07-29 19:32:28,408 - INFO  [/10.10.34.13:3888:QuorumCnxManager$Listener@493] - Received connection request /10.10.34.12:49209
2015-07-29 19:32:28,409 - WARN  [RecvWorker:188978561024:QuorumCnxManager$RecvWorker@762] - Connection broken for id 188978561024, my id = 3, error = 
2015-07-29 19:32:28,409 - WARN  [RecvWorker:188978561024:QuorumCnxManager$RecvWorker@765] - Interrupting SendWorker
2015-07-29 19:32:28,409 - WARN  [SendWorker:188978561024:QuorumCnxManager$SendWorker@679] - Interrupted while waiting for message on queue
2015-07-29 19:32:28,409 - WARN  [SendWorker:188978561024:QuorumCnxManager$SendWorker@688] - Send worker leaving thread
2015-07-29 19:32:28,514 - INFO  [/10.10.34.13:3888:QuorumCnxManager$Listener@493] - Received connection request /10.10.34.13:46470
2015-07-29 19:32:28,515 - WARN  [RecvWorker:188978561024:QuorumCnxManager$RecvWorker@762] - Connection broken for id 188978561024, my id = 3, error = 
2015-07-29 19:32:28,515 - WARN  [RecvWorker:188978561024:QuorumCnxManager$RecvWorker@765] - Interrupting SendWorker
2015-07-29 19:32:28,515 - WARN  [SendWorker:188978561024:QuorumCnxManager$SendWorker@679] - Interrupted while waiting for message on queue
2015-07-29 19:32:28,516 - WARN  [SendWorker:188978561024:QuorumCnxManager$SendWorker@688] - Send worker leaving thread
2015-07-29 19:32:28,524 - INFO  [/10.10.34.13:3888:QuorumCnxManager$Listener@493] - Received connection request /10.10.34.13:46476
2015-07-29 19:32:28,524 - WARN  [RecvWorker:188978561024:QuorumCnxManager$RecvWorker@762] - Connection broken for id 188978561024, my id = 3, error = 
2015-07-29 19:32:28,524 - WARN  [RecvWorker:188978561024:QuorumCnxManager$RecvWorker@765] - Interrupting SendWorker
2015-07-29 19:32:28,524 - INFO  [/10.10.34.13:3888:QuorumCnxManager$Listener@493] - Received connection request /10.10.34.13:46478
2015-07-29 19:32:28,525 - WARN  [SendWorker:188978561024:QuorumCnxManager$SendWorker@679] - Interrupted while waiting for message on queue
2015-07-29 19:32:28,525 - WARN  [SendWorker:188978561024:QuorumCnxManager$SendWorker@688] - Send worker leaving thread
2015-07-29 19:32:28,525 - WARN  [RecvWorker:188978561024:QuorumCnxManager$RecvWorker@762] - Connection broken for id 188978561024, my id = 3, error = 
2015-07-29 19:32:28,525 - WARN  [RecvWorker:188978561024:QuorumCnxManager$RecvWorker@765] - Interrupting SendWorker
2015-07-29 19:32:28,525 - INFO  [/10.10.34.13:3888:QuorumCnxManager$Listener@493] - Received connection request /10.10.34.13:46479
2015-07-29 19:32:28,525 - WARN  [SendWorker:188978561024:QuorumCnxManager$SendWorker@679] - Interrupted while waiting for message on queue
2015-07-29 19:32:28,526 - WARN  [SendWorker:188978561024:QuorumCnxManager$SendWorker@688] - Send worker leaving thread
2015-07-29 19:32:28,526 - WARN  [RecvWorker:188978561024:QuorumCnxManager$RecvWorker@762] - Connection broken for id 188978561024, my id = 3, error = 
2015-07-29 19:32:28,526 - WARN  [RecvWorker:188978561024:QuorumCnxManager$RecvWorker@765] - Interrupting SendWorker
2015-07-29 19:32:28,526 - WARN  [SendWorker:188978561024:QuorumCnxManager$SendWorker@679] - Interrupted while waiting for message on queue
2015-07-29 19:32:28,526 - WARN  [SendWorker:188978561024:QuorumCnxManager$SendWorker@688] - Send worker leaving thread
2015-07-29 19:32:31,655 - INFO  [/10.10.34.13:3888:QuorumCnxManager$Listener@493] - Received connection request /10.10.34.11:48982
2015-07-29 19:32:31,656 - WARN  [RecvWorker:188978561024:QuorumCnxManager$RecvWorker@762] - Connection broken for id 188978561024, my id = 3, error = 
2015-07-29 19:32:31,656 - WARN  [RecvWorker:188978561024:QuorumCnxManager$RecvWorker@765] - Interrupting SendWorker
2015-07-29 19:32:31,656 - WARN  [SendWorker:188978561024:QuorumCnxManager$SendWorker@679] - Interrupted while waiting for message on queue
2015-07-29 19:32:31,656 - WARN  [SendWorker:188978561024:QuorumCnxManager$SendWorker@688] - Send worker leaving thread
2015-07-29 19:32:31,657 - INFO  [/10.10.34.13:3888:QuorumCnxManager$Listener@493] - Received connection request /10.10.34.11:48987
2015-07-29 19:32:31,657 - WARN  [RecvWorker:188978561024:QuorumCnxManager$RecvWorker@762] - Connection broken for id 188978561024, my id = 3, error = 
2015-07-29 19:32:31,657 - WARN  [RecvWorker:188978561024:QuorumCnxManager$RecvWorker@765] - Interrupting SendWorker
2015-07-29 19:32:31,658 - WARN  [SendWorker:188978561024:QuorumCnxManager$SendWorker@679] - Interrupted while waiting for message on queue
2015-07-29 19:32:31,658 - WARN  [SendWorker:188978561024:QuorumCnxManager$SendWorker@688] - Send worker leaving thread
2015-07-29 19:32:31,658 - INFO  [/10.10.34.13:3888:QuorumCnxManager$Listener@493] - Received connection request /10.10.34.11:48990
2015-07-29 19:32:31,658 - WARN  [RecvWorker:188978561024:QuorumCnxManager$RecvWorker@762] - Connection broken for id 188978561024, my id = 3, error = 
2015-07-29 19:32:31,659 - WARN  [RecvWorker:188978561024:QuorumCnxManager$RecvWorker@765] - Interrupting SendWorker
2015-07-29 19:32:31,659 - WARN  [SendWorker:188978561024:QuorumCnxManager$SendWorker@679] - Interrupted while waiting for message on queue
2015-07-29 19:32:31,659 - WARN  [SendWorker:188978561024:QuorumCnxManager$SendWorker@688] - Send worker leaving thread
2015-07-29 19:32:31,660 - INFO  [/10.10.34.13:3888:QuorumCnxManager$Listener@493] - Received connection request /10.10.34.11:48992
2015-07-29 19:32:31,660 - WARN  [RecvWorker:188978561024:QuorumCnxManager$RecvWorker@762] - Connection broken for id 188978561024, my id = 3, error = 
2015-07-29 19:32:31,660 - WARN  [RecvWorker:188978561024:QuorumCnxManager$RecvWorker@765] - Interrupting SendWorker
2015-07-29 19:32:31,660 - WARN  [SendWorker:188978561024:QuorumCnxManager$SendWorker@679] - Interrupted while waiting for message on queue
2015-07-29 19:32:31,661 - WARN  [SendWorker:188978561024:QuorumCnxManager$SendWorker@688] - Send worker leaving thread
2015-07-29 19:32:31,742 - INFO  [/10.10.34.13:3888:QuorumCnxManager$Listener@493] - Received connection request /10.10.34.12:49210
2015-07-29 19:32:31,743 - INFO  [/10.10.34.13:3888:QuorumCnxManager$Listener@493] - Received connection request /10.10.34.12:49211
2015-07-29 19:32:31,743 - WARN  [RecvWorker:188978561024:QuorumCnxManager$RecvWorker@762] - Connection broken for id 188978561024, my id = 3, error = 
2015-07-29 19:32:31,743 - WARN  [RecvWorker:188978561024:QuorumCnxManager$RecvWorker@765] - Interrupting SendWorker
2015-07-29 19:32:31,743 - WARN  [SendWorker:188978561024:QuorumCnxManager$SendWorker@679] - Interrupted while waiting for message on queue
2015-07-29 19:32:31,743 - WARN  [SendWorker:188978561024:QuorumCnxManager$SendWorker@688] - Send worker leaving thread
2015-07-29 19:32:31,743 - WARN  [RecvWorker:188978561024:QuorumCnxManager$RecvWorker@762] - Connection broken for id 188978561024, my id = 3, error = 
2015-07-29 19:32:31,744 - WARN  [RecvWorker:188978561024:QuorumCnxManager$RecvWorker@765] - Interrupting SendWorker
2015-07-29 19:32:31,744 - WARN  [SendWorker:188978561024:QuorumCnxManager$SendWorker@679] - Interrupted while waiting for message on queue
2015-07-29 19:32:31,744 - WARN  [SendWorker:188978561024:QuorumCnxManager$SendWorker@688] - Send worker leaving thread
2015-07-29 19:32:31,747 - INFO  [/10.10.34.13:3888:QuorumCnxManager$Listener@493] - Received connection request /10.10.34.12:49218
2015-07-29 19:32:31,747 - WARN  [RecvWorker:188978561024:QuorumCnxManager$RecvWorker@762] - Connection broken for id 188978561024, my id = 3, error = 
2015-07-29 19:32:31,747 - WARN  [RecvWorker:188978561024:QuorumCnxManager$RecvWorker@765] - Interrupting SendWorker
2015-07-29 19:32:31,748 - WARN  [SendWorker:188978561024:QuorumCnxManager$SendWorker@679] - Interrupted while waiting for message on queue
2015-07-29 19:32:31,748 - WARN  [SendWorker:188978561024:QuorumCnxManager$SendWorker@688] - Send worker leaving thread
2015-07-29 19:32:31,748 - INFO  [/10.10.34.13:3888:QuorumCnxManager$Listener@493] - Received connection request /10.10.34.12:49221
2015-07-29 19:32:31,749 - WARN  [RecvWorker:188978561024:QuorumCnxManager$RecvWorker@762] - Connection broken for id 188978561024, my id = 3, error = 
2015-07-29 19:32:31,749 - WARN  [RecvWorker:188978561024:QuorumCnxManager$RecvWorker@765] - Interrupting SendWorker
2015-07-29 19:32:31,749 - WARN  [SendWorker:188978561024:QuorumCnxManager$SendWorker@679] - Interrupted while waiting for message on queue
2015-07-29 19:32:31,749 - WARN  [SendWorker:188978561024:QuorumCnxManager$SendWorker@688] - Send worker leaving thread
2015-07-29 19:32:31,855 - INFO  [/10.10.34.13:3888:QuorumCnxManager$Listener@493] - Received connection request /10.10.34.13:46482
2015-07-29 19:32:31,855 - WARN  [RecvWorker:188978561024:QuorumCnxManager$RecvWorker@762] - Connection broken for id 188978561024, my id = 3, error = 
2015-07-29 19:32:31,855 - WARN  [RecvWorker:188978561024:QuorumCnxManager$RecvWorker@765] - Interrupting SendWorker
2015-07-29 19:32:31,856 - WARN  [SendWorker:188978561024:QuorumCnxManager$SendWorker@679] - Interrupted while waiting for message on queue
2015-07-29 19:32:31,856 - WARN  [SendWorker:188978561024:QuorumCnxManager$SendWorker@688] - Send worker leaving thread
2015-07-29 19:32:31,864 - INFO  [/10.10.34.13:3888:QuorumCnxManager$Listener@493] - Received connection request /10.10.34.13:46488
2015-07-29 19:32:31,864 - WARN  [RecvWorker:188978561024:QuorumCnxManager$RecvWorker@762] - Connection broken for id 188978561024, my id = 3, error = 
2015-07-29 19:32:31,864 - WARN  [RecvWorker:188978561024:QuorumCnxManager$RecvWorker@765] - Interrupting SendWorker
2015-07-29 19:32:31,865 - INFO  [/10.10.34.13:3888:QuorumCnxManager$Listener@493] - Received connection request /10.10.34.13:46490
2015-07-29 19:32:31,865 - WARN  [SendWorker:188978561024:QuorumCnxManager$SendWorker@679] - Interrupted while waiting for message on queue
2015-07-29 19:32:31,865 - WARN  [SendWorker:188978561024:QuorumCnxManager$SendWorker@688] - Send worker leaving thread
2015-07-29 19:32:31,865 - INFO  [/10.10.34.13:3888:QuorumCnxManager$Listener@493] - Received connection request /10.10.34.13:46491
2015-07-29 19:32:31,865 - WARN  [RecvWorker:188978561024:QuorumCnxManager$RecvWorker@762] - Connection broken for id 188978561024, my id = 3, error = 
2015-07-29 19:32:31,865 - WARN  [RecvWorker:188978561024:QuorumCnxManager$RecvWorker@765] - Interrupting SendWorker
2015-07-29 19:32:31,866 - WARN  [SendWorker:188978561024:QuorumCnxManager$SendWorker@679] - Interrupted while waiting for message on queue
2015-07-29 19:32:31,866 - WARN  [SendWorker:188978561024:QuorumCnxManager$SendWorker@688] - Send worker leaving thread
2015-07-29 19:32:31,866 - WARN  [RecvWorker:188978561024:QuorumCnxManager$RecvWorker@762] - Connection broken for id 188978561024, my id = 3, error = 
2015-07-29 19:32:31,866 - WARN  [RecvWorker:188978561024:QuorumCnxManager$RecvWorker@765] - Interrupting SendWorker
2015-07-29 19:32:31,866 - WARN  [SendWorker:188978561024:QuorumCnxManager$SendWorker@679] - Interrupted while waiting for message on queue
2015-07-29 19:32:31,866 - WARN  [SendWorker:188978561024:QuorumCnxManager$SendWorker@688] - Send worker leaving thread
2015-07-29 19:32:34,995 - INFO  [/10.10.34.13:3888:QuorumCnxManager$Listener@493] - Received connection request /10.10.34.11:48994
2015-07-29 19:32:34,996 - WARN  [RecvWorker:188978561024:QuorumCnxManager$RecvWorker@762] - Connection broken for id 188978561024, my id = 3, error = 
2015-07-29 19:32:34,996 - WARN  [RecvWorker:188978561024:QuorumCnxManager$RecvWorker@765] - Interrupting SendWorker
2015-07-29 19:32:34,997 - WARN  [SendWorker:188978561024:QuorumCnxManager$SendWorker@679] - Interrupted while waiting for message on queue
2015-07-29 19:32:34,997 - WARN  [SendWorker:188978561024:QuorumCnxManager$SendWorker@688] - Send worker leaving thread
2015-07-29 19:32:34,997 - INFO  [/10.10.34.13:3888:QuorumCnxManager$Listener@493] - Received connection request /10.10.34.11:48998
2015-07-29 19:32:34,998 - WARN  [RecvWorker:188978561024:QuorumCnxManager$RecvWorker@762] - Connection broken for id 188978561024, my id = 3, error = 
2015-07-29 19:32:34,998 - WARN  [RecvWorker:188978561024:QuorumCnxManager$RecvWorker@765] - Interrupting SendWorker
2015-07-29 19:32:34,998 - WARN  [SendWorker:188978561024:QuorumCnxManager$SendWorker@679] - Interrupted while waiting for message on queue
2015-07-29 19:32:34,998 - WARN  [SendWorker:188978561024:QuorumCnxManager$SendWorker@688] - Send worker leaving thread
2015-07-29 19:32:34,998 - INFO  [/10.10.34.13:3888:QuorumCnxManager$Listener@493] - Received connection request /10.10.34.11:49002
2015-07-29 19:32:34,999 - WARN  [RecvWorker:188978561024:QuorumCnxManager$RecvWorker@762] - Connection broken for id 188978561024, my id = 3, error = 
2015-07-29 19:32:34,999 - WARN  [RecvWorker:188978561024:QuorumCnxManager$RecvWorker@765] - Interrupting SendWorker
2015-07-29 19:32:34,999 - WARN  [SendWorker:188978561024:QuorumCnxManager$SendWorker@679] - Interrupted while waiting for message on queue
2015-07-29 19:32:34,999 - WARN  [SendWorker:188978561024:QuorumCnxManager$SendWorker@688] - Send worker leaving thread
2015-07-29 19:32:35,000 - INFO  [/10.10.34.13:3888:QuorumCnxManager$Listener@493] - Received connection request /10.10.34.11:49004
2015-07-29 19:32:35,000 - WARN  [RecvWorker:188978561024:QuorumCnxManager$RecvWorker@762] - Connection broken for id 188978561024, my id = 3, error = 
2015-07-29 19:32:35,000 - WARN  [RecvWorker:188978561024:QuorumCnxManager$RecvWorker@765] - Interrupting SendWorker
2015-07-29 19:32:35,001 - WARN  [SendWorker:188978561024:QuorumCnxManager$SendWorker@679] - Interrupted while waiting for message on queue
2015-07-29 19:32:35,001 - WARN  [SendWorker:188978561024:QuorumCnxManager$SendWorker@688] - Send worker leaving thread
2015-07-29 19:32:35,082 - INFO  [/10.10.34.13:3888:QuorumCnxManager$Listener@493] - Received connection request /10.10.34.12:49222
2015-07-29 19:32:35,083 - INFO  [/10.10.34.13:3888:QuorumCnxManager$Listener@493] - Received connection request /10.10.34.12:49223
2015-07-29 19:32:35,083 - WARN  [RecvWorker:188978561024:QuorumCnxManager$RecvWorker@762] - Connection broken for id 188978561024, my id = 3, error = 
2015-07-29 19:32:35,083 - WARN  [RecvWorker:188978561024:QuorumCnxManager$RecvWorker@765] - Interrupting SendWorker
2015-07-29 19:32:35,083 - WARN  [SendWorker:188978561024:QuorumCnxManager$SendWorker@679] - Interrupted while waiting for message on queue
2015-07-29 19:32:35,083 - WARN  [RecvWorker:188978561024:QuorumCnxManager$RecvWorker@762] - Connection broken for id 188978561024, my id = 3, error = 
2015-07-29 19:32:35,083 - WARN  [RecvWorker:188978561024:QuorumCnxManager$RecvWorker@765] - Interrupting SendWorker
2015-07-29 19:32:35,083 - WARN  [SendWorker:188978561024:QuorumCnxManager$SendWorker@688] - Send worker leaving thread
2015-07-29 19:32:35,084 - WARN  [SendWorker:188978561024:QuorumCnxManager$SendWorker@679] - Interrupted while waiting for message on queue
2015-07-29 19:32:35,084 - WARN  [SendWorker:188978561024:QuorumCnxManager$SendWorker@688] - Send worker leaving thread
2015-07-29 19:32:35,087 - INFO  [/10.10.34.13:3888:QuorumCnxManager$Listener@493] - Received connection request /10.10.34.12:49230
2015-07-29 19:32:35,087 - WARN  [RecvWorker:188978561024:QuorumCnxManager$RecvWorker@762] - Connection broken for id 188978561024, my id = 3, error = 
2015-07-29 19:32:35,087 - WARN  [RecvWorker:188978561024:QuorumCnxManager$RecvWorker@765] - Interrupting SendWorker
2015-07-29 19:32:35,088 - WARN  [SendWorker:188978561024:QuorumCnxManager$SendWorker@679] - Interrupted while waiting for message on queue
2015-07-29 19:32:35,088 - WARN  [SendWorker:188978561024:QuorumCnxManager$SendWorker@688] - Send worker leaving thread
2015-07-29 19:32:35,088 - INFO  [/10.10.34.13:3888:QuorumCnxManager$Listener@493] - Received connection request /10.10.34.12:49233
2015-07-29 19:32:35,089 - WARN  [RecvWorker:188978561024:QuorumCnxManager$RecvWorker@762] - Connection broken for id 188978561024, my id = 3, error = 
2015-07-29 19:32:35,089 - WARN  [RecvWorker:188978561024:QuorumCnxManager$RecvWorker@765] - Interrupting SendWorker
2015-07-29 19:32:35,089 - WARN  [SendWorker:188978561024:QuorumCnxManager$SendWorker@679] - Interrupted while waiting for message on queue
2015-07-29 19:32:35,089 - WARN  [SendWorker:188978561024:QuorumCnxManager$SendWorker@688] - Send worker leaving thread
2015-07-29 19:32:35,195 - INFO  [/10.10.34.13:3888:QuorumCnxManager$Listener@493] - Received connection request /10.10.34.13:46494
2015-07-29 19:32:35,195 - WARN  [RecvWorker:188978561024:QuorumCnxManager$RecvWorker@762] - Connection broken for id 188978561024, my id = 3, error = 
2015-07-29 19:32:35,195 - WARN  [RecvWorker:188978561024:QuorumCnxManager$RecvWorker@765] - Interrupting SendWorker
2015-07-29 19:32:35,196 - WARN  [SendWorker:188978561024:QuorumCnxManager$SendWorker@679] - Interrupted while waiting for message on queue
2015-07-29 19:32:35,196 - WARN  [SendWorker:188978561024:QuorumCnxManager$SendWorker@688] - Send worker leaving thread
2015-07-29 19:32:35,204 - INFO  [/10.10.34.13:3888:QuorumCnxManager$Listener@493] - Received connection request /10.10.34.13:46500
2015-07-29 19:32:35,204 - WARN  [RecvWorker:188978561024:QuorumCnxManager$RecvWorker@762] - Connection broken for id 188978561024, my id = 3, error = 
2015-07-29 19:32:35,205 - WARN  [RecvWorker:188978561024:QuorumCnxManager$RecvWorker@765] - Interrupting SendWorker
2015-07-29 19:32:35,205 - INFO  [/10.10.34.13:3888:QuorumCnxManager$Listener@493] - Received connection request /10.10.34.13:46502
2015-07-29 19:32:35,205 - WARN  [SendWorker:188978561024:QuorumCnxManager$SendWorker@679] - Interrupted while waiting for message on queue
2015-07-29 19:32:35,205 - WARN  [SendWorker:188978561024:QuorumCnxManager$SendWorker@688] - Send worker leaving thread
2015-07-29 19:32:35,205 - INFO  [/10.10.34.13:3888:QuorumCnxManager$Listener@493] - Received connection request /10.10.34.13:46503
2015-07-29 19:32:35,205 - WARN  [RecvWorker:188978561024:QuorumCnxManager$RecvWorker@762] - Connection broken for id 188978561024, my id = 3, error = 
2015-07-29 19:32:35,205 - WARN  [RecvWorker:188978561024:QuorumCnxManager$RecvWorker@765] - Interrupting SendWorker
2015-07-29 19:32:35,205 - WARN  [SendWorker:188978561024:QuorumCnxManager$SendWorker@679] - Interrupted while waiting for message on queue
2015-07-29 19:32:35,206 - WARN  [SendWorker:188978561024:QuorumCnxManager$SendWorker@688] - Send worker leaving thread
2015-07-29 19:32:35,206 - WARN  [RecvWorker:188978561024:QuorumCnxManager$RecvWorker@762] - Connection broken for id 188978561024, my id = 3, error = 
2015-07-29 19:32:35,206 - WARN  [RecvWorker:188978561024:QuorumCnxManager$RecvWorker@765] - Interrupting SendWorker
2015-07-29 19:32:35,206 - WARN  [SendWorker:188978561024:QuorumCnxManager$SendWorker@679] - Interrupted while waiting for message on queue
2015-07-29 19:32:35,207 - WARN  [SendWorker:188978561024:QuorumCnxManager$SendWorker@688] - Send worker leaving thread
2015-07-29 19:32:38,336 - INFO  [/10.10.34.13:3888:QuorumCnxManager$Listener@493] - Received connection request /10.10.34.11:49006
2015-07-29 19:32:38,336 - WARN  [RecvWorker:188978561024:QuorumCnxManager$RecvWorker@762] - Connection broken for id 188978561024, my id = 3, error = 
2015-07-29 19:32:38,336 - WARN  [RecvWorker:188978561024:QuorumCnxManager$RecvWorker@765] - Interrupting SendWorker
2015-07-29 19:32:38,337 - WARN  [SendWorker:188978561024:QuorumCnxManager$SendWorker@679] - Interrupted while waiting for message on queue
2015-07-29 19:32:38,337 - WARN  [SendWorker:188978561024:QuorumCnxManager$SendWorker@688] - Send worker leaving thread
2015-07-29 19:32:38,337 - INFO  [/10.10.34.13:3888:QuorumCnxManager$Listener@493] - Received connection request /10.10.34.11:49011
2015-07-29 19:32:38,338 - WARN  [RecvWorker:188978561024:QuorumCnxManager$RecvWorker@762] - Connection broken for id 188978561024, my id = 3, error = 
2015-07-29 19:32:38,338 - WARN  [RecvWorker:188978561024:QuorumCnxManager$RecvWorker@765] - Interrupting SendWorker
2015-07-29 19:32:38,338 - WARN  [SendWorker:188978561024:QuorumCnxManager$SendWorker@679] - Interrupted while waiting for message on queue
2015-07-29 19:32:38,338 - WARN  [SendWorker:188978561024:QuorumCnxManager$SendWorker@688] - Send worker leaving thread
2015-07-29 19:32:38,338 - INFO  [/10.10.34.13:3888:QuorumCnxManager$Listener@493] - Received connection request /10.10.34.11:49014
2015-07-29 19:32:38,339 - WARN  [RecvWorker:188978561024:QuorumCnxManager$RecvWorker@762] - Connection broken for id 188978561024, my id = 3, error = 
2015-07-29 19:32:38,339 - WARN  [RecvWorker:188978561024:QuorumCnxManager$RecvWorker@765] - Interrupting SendWorker
2015-07-29 19:32:38,339 - WARN  [SendWorker:188978561024:QuorumCnxManager$SendWorker@679] - Interrupted while waiting for message on queue
2015-07-29 19:32:38,340 - WARN  [SendWorker:188978561024:QuorumCnxManager$SendWorker@688] - Send worker leaving thread
2015-07-29 19:32:38,344 - INFO  [/10.10.34.13:3888:QuorumCnxManager$Listener@493] - Received connection request /10.10.34.11:49016
2015-07-29 19:32:38,344 - WARN  [RecvWorker:188978561024:QuorumCnxManager$RecvWorker@762] - Connection broken for id 188978561024, my id = 3, error = 
2015-07-29 19:32:38,344 - WARN  [RecvWorker:188978561024:QuorumCnxManager$RecvWorker@765] - Interrupting SendWorker
2015-07-29 19:32:38,345 - WARN  [SendWorker:188978561024:QuorumCnxManager$SendWorker@679] - Interrupted while waiting for message on queue
2015-07-29 19:32:38,345 - WARN  [SendWorker:188978561024:QuorumCnxManager$SendWorker@688] - Send worker leaving thread
2015-07-29 19:32:38,422 - INFO  [/10.10.34.13:3888:QuorumCnxManager$Listener@493] - Received connection request /10.10.34.12:49234
2015-07-29 19:32:38,423 - INFO  [/10.10.34.13:3888:QuorumCnxManager$Listener@493] - Received connection request /10.10.34.12:49235
2015-07-29 19:32:38,423 - WARN  [RecvWorker:188978561024:QuorumCnxManager$RecvWorker@762] - Connection broken for id 188978561024, my id = 3, error = 
2015-07-29 19:32:38,423 - WARN  [RecvWorker:188978561024:QuorumCnxManager$RecvWorker@765] - Interrupting SendWorker
2015-07-29 19:32:38,423 - WARN  [SendWorker:188978561024:QuorumCnxManager$SendWorker@679] - Interrupted while waiting for message on queue
2015-07-29 19:32:38,423 - WARN  [SendWorker:188978561024:QuorumCnxManager$SendWorker@688] - Send worker leaving thread
2015-07-29 19:32:38,423 - WARN  [RecvWorker:188978561024:QuorumCnxManager$RecvWorker@762] - Connection broken for id 188978561024, my id = 3, error = 
2015-07-29 19:32:38,424 - WARN  [RecvWorker:188978561024:QuorumCnxManager$RecvWorker@765] - Interrupting SendWorker
2015-07-29 19:32:38,424 - WARN  [SendWorker:188978561024:QuorumCnxManager$SendWorker@679] - Interrupted while waiting for message on queue
2015-07-29 19:32:38,424 - WARN  [SendWorker:188978561024:QuorumCnxManager$SendWorker@688] - Send worker leaving thread
2015-07-29 19:32:38,427 - INFO  [/10.10.34.13:3888:QuorumCnxManager$Listener@493] - Received connection request /10.10.34.12:49242
2015-07-29 19:32:38,427 - WARN  [RecvWorker:188978561024:QuorumCnxManager$RecvWorker@762] - Connection broken for id 188978561024, my id = 3, error = 
2015-07-29 19:32:38,427 - WARN  [RecvWorker:188978561024:QuorumCnxManager$RecvWorker@765] - Interrupting SendWorker
2015-07-29 19:32:38,428 - WARN  [SendWorker:188978561024:QuorumCnxManager$SendWorker@679] - Interrupted while waiting for message on queue
2015-07-29 19:32:38,428 - WARN  [SendWorker:188978561024:QuorumCnxManager$SendWorker@688] - Send worker leaving thread
2015-07-29 19:32:38,428 - INFO  [/10.10.34.13:3888:QuorumCnxManager$Listener@493] - Received connection request /10.10.34.12:49245
2015-07-29 19:32:38,429 - WARN  [RecvWorker:188978561024:QuorumCnxManager$RecvWorker@762] - Connection broken for id 188978561024, my id = 3, error = 
2015-07-29 19:32:38,429 - WARN  [RecvWorker:188978561024:QuorumCnxManager$RecvWorker@765] - Interrupting SendWorker
2015-07-29 19:32:38,429 - WARN  [SendWorker:188978561024:QuorumCnxManager$SendWorker@679] - Interrupted while waiting for message on queue
2015-07-29 19:32:38,429 - WARN  [SendWorker:188978561024:QuorumCnxManager$SendWorker@688] - Send worker leaving thread
2015-07-29 19:32:38,535 - INFO  [/10.10.34.13:3888:QuorumCnxManager$Listener@493] - Received connection request /10.10.34.13:46506
2015-07-29 19:32:38,535 - WARN  [RecvWorker:188978561024:QuorumCnxManager$RecvWorker@762] - Connection broken for id 188978561024, my id = 3, error = 
2015-07-29 19:32:38,536 - WARN  [RecvWorker:188978561024:QuorumCnxManager$RecvWorker@765] - Interrupting SendWorker
2015-07-29 19:32:38,536 - WARN  [SendWorker:188978561024:QuorumCnxManager$SendWorker@679] - Interrupted while waiting for message on queue
2015-07-29 19:32:38,536 - WARN  [SendWorker:188978561024:QuorumCnxManager$SendWorker@688] - Send worker leaving thread
2015-07-29 19:32:38,544 - INFO  [/10.10.34.13:3888:QuorumCnxManager$Listener@493] - Received connection request /10.10.34.13:46512
2015-07-29 19:32:38,545 - WARN  [RecvWorker:188978561024:QuorumCnxManager$RecvWorker@762] - Connection broken for id 188978561024, my id = 3, error = 
2015-07-29 19:32:38,545 - WARN  [RecvWorker:188978561024:QuorumCnxManager$RecvWorker@765] - Interrupting SendWorker
2015-07-29 19:32:38,545 - INFO  [/10.10.34.13:3888:QuorumCnxManager$Listener@493] - Received connection request /10.10.34.13:46514
2015-07-29 19:32:38,545 - WARN  [SendWorker:188978561024:QuorumCnxManager$SendWorker@679] - Interrupted while waiting for message on queue
2015-07-29 19:32:38,545 - WARN  [SendWorker:188978561024:QuorumCnxManager$SendWorker@688] - Send worker leaving thread
2015-07-29 19:32:38,545 - INFO  [/10.10.34.13:3888:QuorumCnxManager$Listener@493] - Received connection request /10.10.34.13:46515
2015-07-29 19:32:38,545 - WARN  [RecvWorker:188978561024:QuorumCnxManager$RecvWorker@762] - Connection broken for id 188978561024, my id = 3, error = 
2015-07-29 19:32:38,546 - WARN  [RecvWorker:188978561024:QuorumCnxManager$RecvWorker@765] - Interrupting SendWorker
2015-07-29 19:32:38,546 - WARN  [SendWorker:188978561024:QuorumCnxManager$SendWorker@679] - Interrupted while waiting for message on queue
2015-07-29 19:32:38,546 - WARN  [SendWorker:188978561024:QuorumCnxManager$SendWorker@688] - Send worker leaving thread
2015-07-29 19:32:38,546 - WARN  [RecvWorker:188978561024:QuorumCnxManager$RecvWorker@762] - Connection broken for id 188978561024, my id = 3, error = 
2015-07-29 19:32:38,546 - WARN  [RecvWorker:188978561024:QuorumCnxManager$RecvWorker@765] - Interrupting SendWorker
2015-07-29 19:32:38,546 - WARN  [SendWorker:188978561024:QuorumCnxManager$SendWorker@679] - Interrupted while waiting for message on queue
2015-07-29 19:32:38,547 - WARN  [SendWorker:188978561024:QuorumCnxManager$SendWorker@688] - Send worker leaving thread
2015-07-29 19:32:41,676 - INFO  [/10.10.34.13:3888:QuorumCnxManager$Listener@493] - Received connection request /10.10.34.11:49019
2015-07-29 19:32:41,677 - WARN  [RecvWorker:188978561024:QuorumCnxManager$RecvWorker@762] - Connection broken for id 188978561024, my id = 3, error = 
2015-07-29 19:32:41,677 - WARN  [RecvWorker:188978561024:QuorumCnxManager$RecvWorker@765] - Interrupting SendWorker
2015-07-29 19:32:41,677 - WARN  [SendWorker:188978561024:QuorumCnxManager$SendWorker@679] - Interrupted while waiting for message on queue
2015-07-29 19:32:41,677 - WARN  [SendWorker:188978561024:QuorumCnxManager$SendWorker@688] - Send worker leaving thread
2015-07-29 19:32:41,677 - INFO  [/10.10.34.13:3888:QuorumCnxManager$Listener@493] - Received connection request /10.10.34.11:49022
2015-07-29 19:32:41,678 - WARN  [RecvWorker:188978561024:QuorumCnxManager$RecvWorker@762] - Connection broken for id 188978561024, my id = 3, error = 
2015-07-29 19:32:41,678 - WARN  [RecvWorker:188978561024:QuorumCnxManager$RecvWorker@765] - Interrupting SendWorker
2015-07-29 19:32:41,679 - WARN  [SendWorker:188978561024:QuorumCnxManager$SendWorker@679] - Interrupted while waiting for message on queue
2015-07-29 19:32:41,679 - WARN  [SendWorker:188978561024:QuorumCnxManager$SendWorker@688] - Send worker leaving thread
2015-07-29 19:32:41,679 - INFO  [/10.10.34.13:3888:QuorumCnxManager$Listener@493] - Received connection request /10.10.34.11:49025
2015-07-29 19:32:41,679 - WARN  [RecvWorker:188978561024:QuorumCnxManager$RecvWorker@762] - Connection broken for id 188978561024, my id = 3, error = 
2015-07-29 19:32:41,680 - WARN  [RecvWorker:188978561024:QuorumCnxManager$RecvWorker@765] - Interrupting SendWorker
2015-07-29 19:32:41,680 - WARN  [SendWorker:188978561024:QuorumCnxManager$SendWorker@679] - Interrupted while waiting for message on queue
2015-07-29 19:32:41,680 - WARN  [SendWorker:188978561024:QuorumCnxManager$SendWorker@688] - Send worker leaving thread
2015-07-29 19:32:41,684 - INFO  [/10.10.34.13:3888:QuorumCnxManager$Listener@493] - Received connection request /10.10.34.11:49028
2015-07-29 19:32:41,684 - WARN  [RecvWorker:188978561024:QuorumCnxManager$RecvWorker@762] - Connection broken for id 188978561024, my id = 3, error = 
2015-07-29 19:32:41,684 - WARN  [RecvWorker:188978561024:QuorumCnxManager$RecvWorker@765] - Interrupting SendWorker
2015-07-29 19:32:41,685 - WARN  [SendWorker:188978561024:QuorumCnxManager$SendWorker@679] - Interrupted while waiting for message on queue
2015-07-29 19:32:41,685 - WARN  [SendWorker:188978561024:QuorumCnxManager$SendWorker@688] - Send worker leaving thread
2015-07-29 19:32:41,762 - INFO  [/10.10.34.13:3888:QuorumCnxManager$Listener@493] - Received connection request /10.10.34.12:49246
2015-07-29 19:32:41,763 - INFO  [/10.10.34.13:3888:QuorumCnxManager$Listener@493] - Received connection request /10.10.34.12:49247
2015-07-29 19:32:41,763 - WARN  [RecvWorker:188978561024:QuorumCnxManager$RecvWorker@762] - Connection broken for id 188978561024, my id = 3, error = 
2015-07-29 19:32:41,763 - WARN  [RecvWorker:188978561024:QuorumCnxManager$RecvWorker@765] - Interrupting SendWorker
2015-07-29 19:32:41,763 - WARN  [SendWorker:188978561024:QuorumCnxManager$SendWorker@679] - Interrupted while waiting for message on queue
2015-07-29 19:32:41,763 - WARN  [SendWorker:188978561024:QuorumCnxManager$SendWorker@688] - Send worker leaving thread
2015-07-29 19:32:41,763 - WARN  [RecvWorker:188978561024:QuorumCnxManager$RecvWorker@762] - Connection broken for id 188978561024, my id = 3, error = 
2015-07-29 19:32:41,764 - WARN  [RecvWorker:188978561024:QuorumCnxManager$RecvWorker@765] - Interrupting SendWorker
2015-07-29 19:32:41,764 - WARN  [SendWorker:188978561024:QuorumCnxManager$SendWorker@679] - Interrupted while waiting for message on queue
2015-07-29 19:32:41,764 - WARN  [SendWorker:188978561024:QuorumCnxManager$SendWorker@688] - Send worker leaving thread
2015-07-29 19:32:41,767 - INFO  [/10.10.34.13:3888:QuorumCnxManager$Listener@493] - Received connection request /10.10.34.12:49254
2015-07-29 19:32:41,767 - WARN  [RecvWorker:188978561024:QuorumCnxManager$RecvWorker@762] - Connection broken for id 188978561024, my id = 3, error = 
2015-07-29 19:32:41,767 - WARN  [RecvWorker:188978561024:QuorumCnxManager$RecvWorker@765] - Interrupting SendWorker
2015-07-29 19:32:41,768 - WARN  [SendWorker:188978561024:QuorumCnxManager$SendWorker@679] - Interrupted while waiting for message on queue
2015-07-29 19:32:41,768 - WARN  [SendWorker:188978561024:QuorumCnxManager$SendWorker@688] - Send worker leaving thread
2015-07-29 19:32:41,768 - INFO  [/10.10.34.13:3888:QuorumCnxManager$Listener@493] - Received connection request /10.10.34.12:49257
2015-07-29 19:32:41,769 - WARN  [RecvWorker:188978561024:QuorumCnxManager$RecvWorker@762] - Connection broken for id 188978561024, my id = 3, error = 
2015-07-29 19:32:41,769 - WARN  [RecvWorker:188978561024:QuorumCnxManager$RecvWorker@765] - Interrupting SendWorker
2015-07-29 19:32:41,769 - WARN  [SendWorker:188978561024:QuorumCnxManager$SendWorker@679] - Interrupted while waiting for message on queue
2015-07-29 19:32:41,769 - WARN  [SendWorker:188978561024:QuorumCnxManager$SendWorker@688] - Send worker leaving thread
2015-07-29 19:32:41,875 - INFO  [/10.10.34.13:3888:QuorumCnxManager$Listener@493] - Received connection request /10.10.34.13:46518
2015-07-29 19:32:41,876 - WARN  [RecvWorker:188978561024:QuorumCnxManager$RecvWorker@762] - Connection broken for id 188978561024, my id = 3, error = 
2015-07-29 19:32:41,876 - WARN  [RecvWorker:188978561024:QuorumCnxManager$RecvWorker@765] - Interrupting SendWorker
2015-07-29 19:32:41,876 - WARN  [SendWorker:188978561024:QuorumCnxManager$SendWorker@679] - Interrupted while waiting for message on queue
2015-07-29 19:32:41,876 - WARN  [SendWorker:188978561024:QuorumCnxManager$SendWorker@688] - Send worker leaving thread
2015-07-29 19:32:41,884 - INFO  [/10.10.34.13:3888:QuorumCnxManager$Listener@493] - Received connection request /10.10.34.13:46524
2015-07-29 19:32:41,885 - WARN  [RecvWorker:188978561024:QuorumCnxManager$RecvWorker@762] - Connection broken for id 188978561024, my id = 3, error = 
2015-07-29 19:32:41,885 - WARN  [RecvWorker:188978561024:QuorumCnxManager$RecvWorker@765] - Interrupting SendWorker
2015-07-29 19:32:41,885 - INFO  [/10.10.34.13:3888:QuorumCnxManager$Listener@493] - Received connection request /10.10.34.13:46526
2015-07-29 19:32:41,885 - WARN  [SendWorker:188978561024:QuorumCnxManager$SendWorker@679] - Interrupted while waiting for message on queue
2015-07-29 19:32:41,885 - WARN  [SendWorker:188978561024:QuorumCnxManager$SendWorker@688] - Send worker leaving thread
2015-07-29 19:32:41,885 - INFO  [/10.10.34.13:3888:QuorumCnxManager$Listener@493] - Received connection request /10.10.34.13:46527
2015-07-29 19:32:41,885 - WARN  [RecvWorker:188978561024:QuorumCnxManager$RecvWorker@762] - Connection broken for id 188978561024, my id = 3, error = 
2015-07-29 19:32:41,886 - WARN  [RecvWorker:188978561024:QuorumCnxManager$RecvWorker@765] - Interrupting SendWorker
2015-07-29 19:32:41,886 - WARN  [SendWorker:188978561024:QuorumCnxManager$SendWorker@679] - Interrupted while waiting for message on queue
2015-07-29 19:32:41,886 - WARN  [SendWorker:188978561024:QuorumCnxManager$SendWorker@688] - Send worker leaving thread
2015-07-29 19:32:41,886 - WARN  [RecvWorker:188978561024:QuorumCnxManager$RecvWorker@762] - Connection broken for id 188978561024, my id = 3, error = 
2015-07-29 19:32:41,886 - WARN  [RecvWorker:188978561024:QuorumCnxManager$RecvWorker@765] - Interrupting SendWorker
2015-07-29 19:32:41,886 - WARN  [SendWorker:188978561024:QuorumCnxManager$SendWorker@679] - Interrupted while waiting for message on queue
2015-07-29 19:32:41,887 - WARN  [SendWorker:188978561024:QuorumCnxManager$SendWorker@688] - Send worker leaving thread
2015-07-29 19:32:45,016 - INFO  [/10.10.34.13:3888:QuorumCnxManager$Listener@493] - Received connection request /10.10.34.11:49030
2015-07-29 19:32:45,017 - WARN  [RecvWorker:188978561024:QuorumCnxManager$RecvWorker@762] - Connection broken for id 188978561024, my id = 3, error = 
2015-07-29 19:32:45,017 - WARN  [RecvWorker:188978561024:QuorumCnxManager$RecvWorker@765] - Interrupting SendWorker
2015-07-29 19:32:45,017 - WARN  [SendWorker:188978561024:QuorumCnxManager$SendWorker@679] - Interrupted while waiting for message on queue
2015-07-29 19:32:45,018 - WARN  [SendWorker:188978561024:QuorumCnxManager$SendWorker@688] - Send worker leaving thread
2015-07-29 19:32:45,018 - INFO  [/10.10.34.13:3888:QuorumCnxManager$Listener@493] - Received connection request /10.10.34.11:49035
2015-07-29 19:32:45,018 - WARN  [RecvWorker:188978561024:QuorumCnxManager$RecvWorker@762] - Connection broken for id 188978561024, my id = 3, error = 
2015-07-29 19:32:45,019 - WARN  [RecvWorker:188978561024:QuorumCnxManager$RecvWorker@765] - Interrupting SendWorker
2015-07-29 19:32:45,019 - WARN  [SendWorker:188978561024:QuorumCnxManager$SendWorker@679] - Interrupted while waiting for message on queue
2015-07-29 19:32:45,019 - WARN  [SendWorker:188978561024:QuorumCnxManager$SendWorker@688] - Send worker leaving thread
2015-07-29 19:32:45,019 - INFO  [/10.10.34.13:3888:QuorumCnxManager$Listener@493] - Received connection request /10.10.34.11:49037
2015-07-29 19:32:45,020 - WARN  [RecvWorker:188978561024:QuorumCnxManager$RecvWorker@762] - Connection broken for id 188978561024, my id = 3, error = 
2015-07-29 19:32:45,020 - WARN  [RecvWorker:188978561024:QuorumCnxManager$RecvWorker@765] - Interrupting SendWorker
2015-07-29 19:32:45,020 - WARN  [SendWorker:188978561024:QuorumCnxManager$SendWorker@679] - Interrupted while waiting for message on queue
2015-07-29 19:32:45,020 - WARN  [SendWorker:188978561024:QuorumCnxManager$SendWorker@688] - Send worker leaving thread
2015-07-29 19:32:45,024 - INFO  [/10.10.34.13:3888:QuorumCnxManager$Listener@493] - Received connection request /10.10.34.11:49040
2015-07-29 19:32:45,025 - WARN  [RecvWorker:188978561024:QuorumCnxManager$RecvWorker@762] - Connection broken for id 188978561024, my id = 3, error = 
2015-07-29 19:32:45,025 - WARN  [RecvWorker:188978561024:QuorumCnxManager$RecvWorker@765] - Interrupting SendWorker
2015-07-29 19:32:45,025 - WARN  [SendWorker:188978561024:QuorumCnxManager$SendWorker@679] - Interrupted while waiting for message on queue
2015-07-29 19:32:45,025 - WARN  [SendWorker:188978561024:QuorumCnxManager$SendWorker@688] - Send worker leaving thread
2015-07-29 19:32:45,102 - INFO  [/10.10.34.13:3888:QuorumCnxManager$Listener@493] - Received connection request /10.10.34.12:49258
2015-07-29 19:32:45,103 - INFO  [/10.10.34.13:3888:QuorumCnxManager$Listener@493] - Received connection request /10.10.34.12:49259
2015-07-29 19:32:45,103 - WARN  [RecvWorker:188978561024:QuorumCnxManager$RecvWorker@762] - Connection broken for id 188978561024, my id = 3, error = 
2015-07-29 19:32:45,103 - WARN  [RecvWorker:188978561024:QuorumCnxManager$RecvWorker@765] - Interrupting SendWorker
2015-07-29 19:32:45,103 - WARN  [SendWorker:188978561024:QuorumCnxManager$SendWorker@679] - Interrupted while waiting for message on queue
2015-07-29 19:32:45,103 - WARN  [SendWorker:188978561024:QuorumCnxManager$SendWorker@688] - Send worker leaving thread
2015-07-29 19:32:45,103 - WARN  [RecvWorker:188978561024:QuorumCnxManager$RecvWorker@762] - Connection broken for id 188978561024, my id = 3, error = 
2015-07-29 19:32:45,104 - WARN  [RecvWorker:188978561024:QuorumCnxManager$RecvWorker@765] - Interrupting SendWorker
2015-07-29 19:32:45,104 - WARN  [SendWorker:188978561024:QuorumCnxManager$SendWorker@679] - Interrupted while waiting for message on queue
2015-07-29 19:32:45,104 - WARN  [SendWorker:188978561024:QuorumCnxManager$SendWorker@688] - Send worker leaving thread
2015-07-29 19:32:45,107 - INFO  [/10.10.34.13:3888:QuorumCnxManager$Listener@493] - Received connection request /10.10.34.12:49266
2015-07-29 19:32:45,107 - WARN  [RecvWorker:188978561024:QuorumCnxManager$RecvWorker@762] - Connection broken for id 188978561024, my id = 3, error = 
2015-07-29 19:32:45,108 - WARN  [RecvWorker:188978561024:QuorumCnxManager$RecvWorker@765] - Interrupting SendWorker
2015-07-29 19:32:45,108 - WARN  [SendWorker:188978561024:QuorumCnxManager$SendWorker@679] - Interrupted while waiting for message on queue
2015-07-29 19:32:45,108 - WARN  [SendWorker:188978561024:QuorumCnxManager$SendWorker@688] - Send worker leaving thread
2015-07-29 19:32:45,108 - INFO  [/10.10.34.13:3888:QuorumCnxManager$Listener@493] - Received connection request /10.10.34.12:49269
2015-07-29 19:32:45,109 - WARN  [RecvWorker:188978561024:QuorumCnxManager$RecvWorker@762] - Connection broken for id 188978561024, my id = 3, error = 
2015-07-29 19:32:45,109 - WARN  [RecvWorker:188978561024:QuorumCnxManager$RecvWorker@765] - Interrupting SendWorker
2015-07-29 19:32:45,109 - WARN  [SendWorker:188978561024:QuorumCnxManager$SendWorker@679] - Interrupted while waiting for message on queue
2015-07-29 19:32:45,110 - WARN  [SendWorker:188978561024:QuorumCnxManager$SendWorker@688] - Send worker leaving thread
2015-07-29 19:32:45,215 - INFO  [/10.10.34.13:3888:QuorumCnxManager$Listener@493] - Received connection request /10.10.34.13:46530
2015-07-29 19:32:45,216 - WARN  [RecvWorker:188978561024:QuorumCnxManager$RecvWorker@762] - Connection broken for id 188978561024, my id = 3, error = 
2015-07-29 19:32:45,216 - WARN  [RecvWorker:188978561024:QuorumCnxManager$RecvWorker@765] - Interrupting SendWorker
2015-07-29 19:32:45,216 - WARN  [SendWorker:188978561024:QuorumCnxManager$SendWorker@679] - Interrupted while waiting for message on queue
2015-07-29 19:32:45,216 - WARN  [SendWorker:188978561024:QuorumCnxManager$SendWorker@688] - Send worker leaving thread
2015-07-29 19:32:45,224 - INFO  [/10.10.34.13:3888:QuorumCnxManager$Listener@493] - Received connection request /10.10.34.13:46537
2015-07-29 19:32:45,225 - INFO  [/10.10.34.13:3888:QuorumCnxManager$Listener@493] - Received connection request /10.10.34.13:46538
2015-07-29 19:32:45,225 - WARN  [RecvWorker:188978561024:QuorumCnxManager$RecvWorker@762] - Connection broken for id 188978561024, my id = 3, error = 
2015-07-29 19:32:45,225 - WARN  [RecvWorker:188978561024:QuorumCnxManager$RecvWorker@765] - Interrupting SendWorker
2015-07-29 19:32:45,225 - WARN  [SendWorker:188978561024:QuorumCnxManager$SendWorker@679] - Interrupted while waiting for message on queue
2015-07-29 19:32:45,226 - WARN  [SendWorker:188978561024:QuorumCnxManager$SendWorker@688] - Send worker leaving thread
2015-07-29 19:32:45,226 - WARN  [RecvWorker:188978561024:QuorumCnxManager$RecvWorker@762] - Connection broken for id 188978561024, my id = 3, error = 
2015-07-29 19:32:45,226 - WARN  [RecvWorker:188978561024:QuorumCnxManager$RecvWorker@765] - Interrupting SendWorker
2015-07-29 19:32:45,226 - INFO  [/10.10.34.13:3888:QuorumCnxManager$Listener@493] - Received connection request /10.10.34.13:46539
2015-07-29 19:32:45,226 - WARN  [SendWorker:188978561024:QuorumCnxManager$SendWorker@679] - Interrupted while waiting for message on queue
2015-07-29 19:32:45,226 - WARN  [SendWorker:188978561024:QuorumCnxManager$SendWorker@688] - Send worker leaving thread
2015-07-29 19:32:45,226 - WARN  [RecvWorker:188978561024:QuorumCnxManager$RecvWorker@762] - Connection broken for id 188978561024, my id = 3, error = 
2015-07-29 19:32:45,227 - WARN  [RecvWorker:188978561024:QuorumCnxManager$RecvWorker@765] - Interrupting SendWorker
2015-07-29 19:32:45,227 - WARN  [SendWorker:188978561024:QuorumCnxManager$SendWorker@679] - Interrupted while waiting for message on queue
2015-07-29 19:32:45,227 - WARN  [SendWorker:188978561024:QuorumCnxManager$SendWorker@688] - Send worker leaving thread
2015-07-29 19:32:48,356 - INFO  [/10.10.34.13:3888:QuorumCnxManager$Listener@493] - Received connection request /10.10.34.11:49042
2015-07-29 19:32:48,357 - WARN  [RecvWorker:188978561024:QuorumCnxManager$RecvWorker@762] - Connection broken for id 188978561024, my id = 3, error = 
2015-07-29 19:32:48,357 - WARN  [RecvWorker:188978561024:QuorumCnxManager$RecvWorker@765] - Interrupting SendWorker
2015-07-29 19:32:48,357 - WARN  [SendWorker:188978561024:QuorumCnxManager$SendWorker@679] - Interrupted while waiting for message on queue
2015-07-29 19:32:48,358 - WARN  [SendWorker:188978561024:QuorumCnxManager$SendWorker@688] - Send worker leaving thread
2015-07-29 19:32:48,358 - INFO  [/10.10.34.13:3888:QuorumCnxManager$Listener@493] - Received connection request /10.10.34.11:49047
2015-07-29 19:32:48,359 - WARN  [RecvWorker:188978561024:QuorumCnxManager$RecvWorker@762] - Connection broken for id 188978561024, my id = 3, error = 
2015-07-29 19:32:48,359 - WARN  [RecvWorker:188978561024:QuorumCnxManager$RecvWorker@765] - Interrupting SendWorker
2015-07-29 19:32:48,359 - WARN  [SendWorker:188978561024:QuorumCnxManager$SendWorker@679] - Interrupted while waiting for message on queue
2015-07-29 19:32:48,359 - WARN  [SendWorker:188978561024:QuorumCnxManager$SendWorker@688] - Send worker leaving thread
2015-07-29 19:32:48,359 - INFO  [/10.10.34.13:3888:QuorumCnxManager$Listener@493] - Received connection request /10.10.34.11:49049
2015-07-29 19:32:48,360 - WARN  [RecvWorker:188978561024:QuorumCnxManager$RecvWorker@762] - Connection broken for id 188978561024, my id = 3, error = 
2015-07-29 19:32:48,360 - WARN  [RecvWorker:188978561024:QuorumCnxManager$RecvWorker@765] - Interrupting SendWorker
2015-07-29 19:32:48,360 - WARN  [SendWorker:188978561024:QuorumCnxManager$SendWorker@679] - Interrupted while waiting for message on queue
2015-07-29 19:32:48,361 - WARN  [SendWorker:188978561024:QuorumCnxManager$SendWorker@688] - Send worker leaving thread
2015-07-29 19:32:48,364 - INFO  [/10.10.34.13:3888:QuorumCnxManager$Listener@493] - Received connection request /10.10.34.11:49052
2015-07-29 19:32:48,365 - WARN  [RecvWorker:188978561024:QuorumCnxManager$RecvWorker@762] - Connection broken for id 188978561024, my id = 3, error = 
2015-07-29 19:32:48,365 - WARN  [RecvWorker:188978561024:QuorumCnxManager$RecvWorker@765] - Interrupting SendWorker
2015-07-29 19:32:48,365 - WARN  [SendWorker:188978561024:QuorumCnxManager$SendWorker@679] - Interrupted while waiting for message on queue
2015-07-29 19:32:48,365 - WARN  [SendWorker:188978561024:QuorumCnxManager$SendWorker@688] - Send worker leaving thread
2015-07-29 19:32:48,442 - INFO  [/10.10.34.13:3888:QuorumCnxManager$Listener@493] - Received connection request /10.10.34.12:49270
2015-07-29 19:32:48,443 - INFO  [/10.10.34.13:3888:QuorumCnxManager$Listener@493] - Received connection request /10.10.34.12:49271
2015-07-29 19:32:48,443 - WARN  [RecvWorker:188978561024:QuorumCnxManager$RecvWorker@762] - Connection broken for id 188978561024, my id = 3, error = 
2015-07-29 19:32:48,443 - WARN  [RecvWorker:188978561024:QuorumCnxManager$RecvWorker@765] - Interrupting SendWorker
2015-07-29 19:32:48,443 - WARN  [SendWorker:188978561024:QuorumCnxManager$SendWorker@679] - Interrupted while waiting for message on queue
2015-07-29 19:32:48,443 - WARN  [SendWorker:188978561024:QuorumCnxManager$SendWorker@688] - Send worker leaving thread
2015-07-29 19:32:48,443 - WARN  [RecvWorker:188978561024:QuorumCnxManager$RecvWorker@762] - Connection broken for id 188978561024, my id = 3, error = 
2015-07-29 19:32:48,444 - WARN  [RecvWorker:188978561024:QuorumCnxManager$RecvWorker@765] - Interrupting SendWorker
2015-07-29 19:32:48,444 - WARN  [SendWorker:188978561024:QuorumCnxManager$SendWorker@679] - Interrupted while waiting for message on queue
2015-07-29 19:32:48,444 - WARN  [SendWorker:188978561024:QuorumCnxManager$SendWorker@688] - Send worker leaving thread
2015-07-29 19:32:48,447 - INFO  [/10.10.34.13:3888:QuorumCnxManager$Listener@493] - Received connection request /10.10.34.12:49278
2015-07-29 19:32:48,447 - WARN  [RecvWorker:188978561024:QuorumCnxManager$RecvWorker@762] - Connection broken for id 188978561024, my id = 3, error = 
2015-07-29 19:32:48,447 - WARN  [RecvWorker:188978561024:QuorumCnxManager$RecvWorker@765] - Interrupting SendWorker
2015-07-29 19:32:48,448 - WARN  [SendWorker:188978561024:QuorumCnxManager$SendWorker@679] - Interrupted while waiting for message on queue
2015-07-29 19:32:48,448 - WARN  [SendWorker:188978561024:QuorumCnxManager$SendWorker@688] - Send worker leaving thread
2015-07-29 19:32:48,449 - INFO  [/10.10.34.13:3888:QuorumCnxManager$Listener@493] - Received connection request /10.10.34.12:49281
2015-07-29 19:32:48,449 - WARN  [RecvWorker:188978561024:QuorumCnxManager$RecvWorker@762] - Connection broken for id 188978561024, my id = 3, error = 
2015-07-29 19:32:48,449 - WARN  [RecvWorker:188978561024:QuorumCnxManager$RecvWorker@765] - Interrupting SendWorker
2015-07-29 19:32:48,450 - WARN  [SendWorker:188978561024:QuorumCnxManager$SendWorker@679] - Interrupted while waiting for message on queue
2015-07-29 19:32:48,450 - WARN  [SendWorker:188978561024:QuorumCnxManager$SendWorker@688] - Send worker leaving thread
2015-07-29 19:32:48,555 - INFO  [/10.10.34.13:3888:QuorumCnxManager$Listener@493] - Received connection request /10.10.34.13:46542
2015-07-29 19:32:48,556 - WARN  [RecvWorker:188978561024:QuorumCnxManager$RecvWorker@762] - Connection broken for id 188978561024, my id = 3, error = 
2015-07-29 19:32:48,556 - WARN  [RecvWorker:188978561024:QuorumCnxManager$RecvWorker@765] - Interrupting SendWorker
2015-07-29 19:32:48,556 - WARN  [SendWorker:188978561024:QuorumCnxManager$SendWorker@679] - Interrupted while waiting for message on queue
2015-07-29 19:32:48,557 - WARN  [SendWorker:188978561024:QuorumCnxManager$SendWorker@688] - Send worker leaving thread
2015-07-29 19:32:48,564 - INFO  [/10.10.34.13:3888:QuorumCnxManager$Listener@493] - Received connection request /10.10.34.13:46548
2015-07-29 19:32:48,565 - WARN  [RecvWorker:188978561024:QuorumCnxManager$RecvWorker@762] - Connection broken for id 188978561024, my id = 3, error = 
2015-07-29 19:32:48,565 - WARN  [RecvWorker:188978561024:QuorumCnxManager$RecvWorker@765] - Interrupting SendWorker
2015-07-29 19:32:48,565 - INFO  [/10.10.34.13:3888:QuorumCnxManager$Listener@493] - Received connection request /10.10.34.13:46550
2015-07-29 19:32:48,565 - WARN  [SendWorker:188978561024:QuorumCnxManager$SendWorker@679] - Interrupted while waiting for message on queue
2015-07-29 19:32:48,566 - WARN  [SendWorker:188978561024:QuorumCnxManager$SendWorker@688] - Send worker leaving thread
2015-07-29 19:32:48,566 - WARN  [RecvWorker:188978561024:QuorumCnxManager$RecvWorker@762] - Connection broken for id 188978561024, my id = 3, error = 
2015-07-29 19:32:48,566 - WARN  [RecvWorker:188978561024:QuorumCnxManager$RecvWorker@765] - Interrupting SendWorker
2015-07-29 19:32:48,566 - INFO  [/10.10.34.13:3888:QuorumCnxManager$Listener@493] - Received connection request /10.10.34.13:46551
2015-07-29 19:32:48,566 - WARN  [SendWorker:188978561024:QuorumCnxManager$SendWorker@679] - Interrupted while waiting for message on queue
2015-07-29 19:32:48,566 - WARN  [SendWorker:188978561024:QuorumCnxManager$SendWorker@688] - Send worker leaving thread
2015-07-29 19:32:48,566 - WARN  [RecvWorker:188978561024:QuorumCnxManager$RecvWorker@762] - Connection broken for id 188978561024, my id = 3, error = 
2015-07-29 19:32:48,567 - WARN  [RecvWorker:188978561024:QuorumCnxManager$RecvWorker@765] - Interrupting SendWorker
2015-07-29 19:32:48,567 - WARN  [SendWorker:188978561024:QuorumCnxManager$SendWorker@679] - Interrupted while waiting for message on queue
2015-07-29 19:32:48,567 - WARN  [SendWorker:188978561024:QuorumCnxManager$SendWorker@688] - Send worker leaving thread
2015-07-29 19:32:51,697 - INFO  [/10.10.34.13:3888:QuorumCnxManager$Listener@493] - Received connection request /10.10.34.11:49070
2015-07-29 19:32:51,698 - WARN  [RecvWorker:188978561024:QuorumCnxManager$RecvWorker@762] - Connection broken for id 188978561024, my id = 3, error = 
2015-07-29 19:32:51,698 - WARN  [RecvWorker:188978561024:QuorumCnxManager$RecvWorker@765] - Interrupting SendWorker
2015-07-29 19:32:51,698 - WARN  [SendWorker:188978561024:QuorumCnxManager$SendWorker@679] - Interrupted while waiting for message on queue
2015-07-29 19:32:51,698 - WARN  [SendWorker:188978561024:QuorumCnxManager$SendWorker@688] - Send worker leaving thread
2015-07-29 19:32:51,699 - INFO  [/10.10.34.13:3888:QuorumCnxManager$Listener@493] - Received connection request /10.10.34.11:49075
2015-07-29 19:32:51,699 - WARN  [RecvWorker:188978561024:QuorumCnxManager$RecvWorker@762] - Connection broken for id 188978561024, my id = 3, error = 
2015-07-29 19:32:51,699 - WARN  [RecvWorker:188978561024:QuorumCnxManager$RecvWorker@765] - Interrupting SendWorker
2015-07-29 19:32:51,700 - INFO  [/10.10.34.13:3888:QuorumCnxManager$Listener@493] - Received connection request /10.10.34.11:49076
2015-07-29 19:32:51,700 - WARN  [SendWorker:188978561024:QuorumCnxManager$SendWorker@679] - Interrupted while waiting for message on queue
2015-07-29 19:32:51,700 - WARN  [SendWorker:188978561024:QuorumCnxManager$SendWorker@688] - Send worker leaving thread
2015-07-29 19:32:51,700 - WARN  [RecvWorker:188978561024:QuorumCnxManager$RecvWorker@762] - Connection broken for id 188978561024, my id = 3, error = 
2015-07-29 19:32:51,700 - WARN  [RecvWorker:188978561024:QuorumCnxManager$RecvWorker@765] - Interrupting SendWorker
2015-07-29 19:32:51,701 - WARN  [SendWorker:188978561024:QuorumCnxManager$SendWorker@679] - Interrupted while waiting for message on queue
2015-07-29 19:32:51,701 - WARN  [SendWorker:188978561024:QuorumCnxManager$SendWorker@688] - Send worker leaving thread
2015-07-29 19:32:51,704 - INFO  [/10.10.34.13:3888:QuorumCnxManager$Listener@493] - Received connection request /10.10.34.11:49080
2015-07-29 19:32:51,705 - WARN  [RecvWorker:188978561024:QuorumCnxManager$RecvWorker@762] - Connection broken for id 188978561024, my id = 3, error = 
2015-07-29 19:32:51,705 - WARN  [RecvWorker:188978561024:QuorumCnxManager$RecvWorker@765] - Interrupting SendWorker
2015-07-29 19:32:51,705 - WARN  [SendWorker:188978561024:QuorumCnxManager$SendWorker@679] - Interrupted while waiting for message on queue
2015-07-29 19:32:51,705 - WARN  [SendWorker:188978561024:QuorumCnxManager$SendWorker@688] - Send worker leaving thread
2015-07-29 19:32:51,782 - INFO  [/10.10.34.13:3888:QuorumCnxManager$Listener@493] - Received connection request /10.10.34.12:49282
2015-07-29 19:32:51,783 - WARN  [RecvWorker:188978561024:QuorumCnxManager$RecvWorker@762] - Connection broken for id 188978561024, my id = 3, error = 
2015-07-29 19:32:51,783 - WARN  [RecvWorker:188978561024:QuorumCnxManager$RecvWorker@765] - Interrupting SendWorker
2015-07-29 19:32:51,783 - INFO  [/10.10.34.13:3888:QuorumCnxManager$Listener@493] - Received connection request /10.10.34.12:49283
2015-07-29 19:32:51,783 - WARN  [SendWorker:188978561024:QuorumCnxManager$SendWorker@679] - Interrupted while waiting for message on queue
2015-07-29 19:32:51,783 - WARN  [SendWorker:188978561024:QuorumCnxManager$SendWorker@688] - Send worker leaving thread
2015-07-29 19:32:51,784 - WARN  [RecvWorker:188978561024:QuorumCnxManager$RecvWorker@762] - Connection broken for id 188978561024, my id = 3, error = 
2015-07-29 19:32:51,784 - WARN  [RecvWorker:188978561024:QuorumCnxManager$RecvWorker@765] - Interrupting SendWorker
2015-07-29 19:32:51,784 - WARN  [SendWorker:188978561024:QuorumCnxManager$SendWorker@679] - Interrupted while waiting for message on queue
2015-07-29 19:32:51,784 - WARN  [SendWorker:188978561024:QuorumCnxManager$SendWorker@688] - Send worker leaving thread
2015-07-29 19:32:51,787 - INFO  [/10.10.34.13:3888:QuorumCnxManager$Listener@493] - Received connection request /10.10.34.12:49290
2015-07-29 19:32:51,788 - WARN  [RecvWorker:188978561024:QuorumCnxManager$RecvWorker@762] - Connection broken for id 188978561024, my id = 3, error = 
2015-07-29 19:32:51,788 - WARN  [RecvWorker:188978561024:QuorumCnxManager$RecvWorker@765] - Interrupting SendWorker
2015-07-29 19:32:51,788 - WARN  [SendWorker:188978561024:QuorumCnxManager$SendWorker@679] - Interrupted while waiting for message on queue
2015-07-29 19:32:51,788 - WARN  [SendWorker:188978561024:QuorumCnxManager$SendWorker@688] - Send worker leaving thread
2015-07-29 19:32:51,791 - INFO  [/10.10.34.13:3888:QuorumCnxManager$Listener@493] - Received connection request /10.10.34.12:49293
2015-07-29 19:32:51,791 - WARN  [RecvWorker:188978561024:QuorumCnxManager$RecvWorker@762] - Connection broken for id 188978561024, my id = 3, error = 
2015-07-29 19:32:51,792 - WARN  [RecvWorker:188978561024:QuorumCnxManager$RecvWorker@765] - Interrupting SendWorker
2015-07-29 19:32:51,792 - WARN  [SendWorker:188978561024:QuorumCnxManager$SendWorker@679] - Interrupted while waiting for message on queue
2015-07-29 19:32:51,792 - WARN  [SendWorker:188978561024:QuorumCnxManager$SendWorker@688] - Send worker leaving thread
2015-07-29 19:32:51,895 - INFO  [/10.10.34.13:3888:QuorumCnxManager$Listener@493] - Received connection request /10.10.34.13:46554
2015-07-29 19:32:51,896 - WARN  [RecvWorker:188978561024:QuorumCnxManager$RecvWorker@762] - Connection broken for id 188978561024, my id = 3, error = 
2015-07-29 19:32:51,896 - WARN  [RecvWorker:188978561024:QuorumCnxManager$RecvWorker@765] - Interrupting SendWorker
2015-07-29 19:32:51,896 - WARN  [SendWorker:188978561024:QuorumCnxManager$SendWorker@679] - Interrupted while waiting for message on queue
2015-07-29 19:32:51,897 - WARN  [SendWorker:188978561024:QuorumCnxManager$SendWorker@688] - Send worker leaving thread
2015-07-29 19:32:51,904 - INFO  [/10.10.34.13:3888:QuorumCnxManager$Listener@493] - Received connection request /10.10.34.13:46560
2015-07-29 19:32:51,905 - INFO  [/10.10.34.13:3888:QuorumCnxManager$Listener@493] - Received connection request /10.10.34.13:46562
2015-07-29 19:32:51,905 - WARN  [RecvWorker:188978561024:QuorumCnxManager$RecvWorker@762] - Connection broken for id 188978561024, my id = 3, error = 
2015-07-29 19:32:51,905 - WARN  [RecvWorker:188978561024:QuorumCnxManager$RecvWorker@765] - Interrupting SendWorker
2015-07-29 19:32:51,905 - WARN  [SendWorker:188978561024:QuorumCnxManager$SendWorker@679] - Interrupted while waiting for message on queue
2015-07-29 19:32:51,906 - WARN  [SendWorker:188978561024:QuorumCnxManager$SendWorker@688] - Send worker leaving thread
2015-07-29 19:32:51,906 - WARN  [RecvWorker:188978561024:QuorumCnxManager$RecvWorker@762] - Connection broken for id 188978561024, my id = 3, error = 
2015-07-29 19:32:51,906 - WARN  [RecvWorker:188978561024:QuorumCnxManager$RecvWorker@765] - Interrupting SendWorker
2015-07-29 19:32:51,906 - INFO  [/10.10.34.13:3888:QuorumCnxManager$Listener@493] - Received connection request /10.10.34.13:46563
2015-07-29 19:32:51,906 - WARN  [SendWorker:188978561024:QuorumCnxManager$SendWorker@679] - Interrupted while waiting for message on queue
2015-07-29 19:32:51,906 - WARN  [SendWorker:188978561024:QuorumCnxManager$SendWorker@688] - Send worker leaving thread
2015-07-29 19:32:51,907 - WARN  [RecvWorker:188978561024:QuorumCnxManager$RecvWorker@762] - Connection broken for id 188978561024, my id = 3, error = 
2015-07-29 19:32:51,907 - WARN  [RecvWorker:188978561024:QuorumCnxManager$RecvWorker@765] - Interrupting SendWorker
2015-07-29 19:32:51,907 - WARN  [SendWorker:188978561024:QuorumCnxManager$SendWorker@679] - Interrupted while waiting for message on queue
2015-07-29 19:32:51,907 - WARN  [SendWorker:188978561024:QuorumCnxManager$SendWorker@688] - Send worker leaving thread
2015-07-29 19:32:55,037 - INFO  [/10.10.34.13:3888:QuorumCnxManager$Listener@493] - Received connection request /10.10.34.11:49083
2015-07-29 19:32:55,038 - WARN  [RecvWorker:188978561024:QuorumCnxManager$RecvWorker@762] - Connection broken for id 188978561024, my id = 3, error = 
2015-07-29 19:32:55,038 - WARN  [RecvWorker:188978561024:QuorumCnxManager$RecvWorker@765] - Interrupting SendWorker
2015-07-29 19:32:55,038 - WARN  [SendWorker:188978561024:QuorumCnxManager$SendWorker@679] - Interrupted while waiting for message on queue
2015-07-29 19:32:55,039 - WARN  [SendWorker:188978561024:QuorumCnxManager$SendWorker@688] - Send worker leaving thread
2015-07-29 19:32:55,039 - INFO  [/10.10.34.13:3888:QuorumCnxManager$Listener@493] - Received connection request /10.10.34.11:49087
2015-07-29 19:32:55,039 - WARN  [RecvWorker:188978561024:QuorumCnxManager$RecvWorker@762] - Connection broken for id 188978561024, my id = 3, error = 
2015-07-29 19:32:55,040 - WARN  [RecvWorker:188978561024:QuorumCnxManager$RecvWorker@765] - Interrupting SendWorker
2015-07-29 19:32:55,040 - INFO  [/10.10.34.13:3888:QuorumCnxManager$Listener@493] - Received connection request /10.10.34.11:49089
2015-07-29 19:32:55,040 - WARN  [SendWorker:188978561024:QuorumCnxManager$SendWorker@679] - Interrupted while waiting for message on queue
2015-07-29 19:32:55,040 - WARN  [SendWorker:188978561024:QuorumCnxManager$SendWorker@688] - Send worker leaving thread
2015-07-29 19:32:55,040 - WARN  [RecvWorker:188978561024:QuorumCnxManager$RecvWorker@762] - Connection broken for id 188978561024, my id = 3, error = 
2015-07-29 19:32:55,041 - WARN  [RecvWorker:188978561024:QuorumCnxManager$RecvWorker@765] - Interrupting SendWorker
2015-07-29 19:32:55,041 - WARN  [SendWorker:188978561024:QuorumCnxManager$SendWorker@679] - Interrupted while waiting for message on queue
2015-07-29 19:32:55,041 - WARN  [SendWorker:188978561024:QuorumCnxManager$SendWorker@688] - Send worker leaving thread
2015-07-29 19:32:55,044 - INFO  [/10.10.34.13:3888:QuorumCnxManager$Listener@493] - Received connection request /10.10.34.11:49092
2015-07-29 19:32:55,045 - WARN  [RecvWorker:188978561024:QuorumCnxManager$RecvWorker@762] - Connection broken for id 188978561024, my id = 3, error = 
2015-07-29 19:32:55,045 - WARN  [RecvWorker:188978561024:QuorumCnxManager$RecvWorker@765] - Interrupting SendWorker
2015-07-29 19:32:55,045 - WARN  [SendWorker:188978561024:QuorumCnxManager$SendWorker@679] - Interrupted while waiting for message on queue
2015-07-29 19:32:55,045 - WARN  [SendWorker:188978561024:QuorumCnxManager$SendWorker@688] - Send worker leaving thread
2015-07-29 19:32:55,123 - INFO  [/10.10.34.13:3888:QuorumCnxManager$Listener@493] - Received connection request /10.10.34.12:49294
2015-07-29 19:32:55,123 - WARN  [RecvWorker:188978561024:QuorumCnxManager$RecvWorker@762] - Connection broken for id 188978561024, my id = 3, error = 
2015-07-29 19:32:55,123 - WARN  [RecvWorker:188978561024:QuorumCnxManager$RecvWorker@765] - Interrupting SendWorker
2015-07-29 19:32:55,123 - WARN  [SendWorker:188978561024:QuorumCnxManager$SendWorker@679] - Interrupted while waiting for message on queue
2015-07-29 19:32:55,124 - WARN  [SendWorker:188978561024:QuorumCnxManager$SendWorker@688] - Send worker leaving thread
2015-07-29 19:32:55,125 - INFO  [/10.10.34.13:3888:QuorumCnxManager$Listener@493] - Received connection request /10.10.34.12:49297
2015-07-29 19:32:55,126 - WARN  [RecvWorker:188978561024:QuorumCnxManager$RecvWorker@762] - Connection broken for id 188978561024, my id = 3, error = 
2015-07-29 19:32:55,126 - WARN  [RecvWorker:188978561024:QuorumCnxManager$RecvWorker@765] - Interrupting SendWorker
2015-07-29 19:32:55,126 - WARN  [SendWorker:188978561024:QuorumCnxManager$SendWorker@679] - Interrupted while waiting for message on queue
2015-07-29 19:32:55,127 - WARN  [SendWorker:188978561024:QuorumCnxManager$SendWorker@688] - Send worker leaving thread
2015-07-29 19:32:55,128 - INFO  [/10.10.34.13:3888:QuorumCnxManager$Listener@493] - Received connection request /10.10.34.12:49300
2015-07-29 19:32:55,128 - WARN  [RecvWorker:188978561024:QuorumCnxManager$RecvWorker@762] - Connection broken for id 188978561024, my id = 3, error = 
2015-07-29 19:32:55,128 - WARN  [RecvWorker:188978561024:QuorumCnxManager$RecvWorker@765] - Interrupting SendWorker
2015-07-29 19:32:55,129 - WARN  [SendWorker:188978561024:QuorumCnxManager$SendWorker@679] - Interrupted while waiting for message on queue
2015-07-29 19:32:55,129 - WARN  [SendWorker:188978561024:QuorumCnxManager$SendWorker@688] - Send worker leaving thread
2015-07-29 19:32:55,131 - INFO  [/10.10.34.13:3888:QuorumCnxManager$Listener@493] - Received connection request /10.10.34.12:49305
2015-07-29 19:32:55,131 - WARN  [RecvWorker:188978561024:QuorumCnxManager$RecvWorker@762] - Connection broken for id 188978561024, my id = 3, error = 
2015-07-29 19:32:55,131 - WARN  [RecvWorker:188978561024:QuorumCnxManager$RecvWorker@765] - Interrupting SendWorker
2015-07-29 19:32:55,132 - WARN  [SendWorker:188978561024:QuorumCnxManager$SendWorker@679] - Interrupted while waiting for message on queue
2015-07-29 19:32:55,132 - WARN  [SendWorker:188978561024:QuorumCnxManager$SendWorker@688] - Send worker leaving thread
2015-07-29 19:32:55,236 - INFO  [/10.10.34.13:3888:QuorumCnxManager$Listener@493] - Received connection request /10.10.34.13:46566
2015-07-29 19:32:55,236 - WARN  [RecvWorker:188978561024:QuorumCnxManager$RecvWorker@762] - Connection broken for id 188978561024, my id = 3, error = 
2015-07-29 19:32:55,236 - WARN  [RecvWorker:188978561024:QuorumCnxManager$RecvWorker@765] - Interrupting SendWorker
2015-07-29 19:32:55,237 - WARN  [SendWorker:188978561024:QuorumCnxManager$SendWorker@679] - Interrupted while waiting for message on queue
2015-07-29 19:32:55,237 - WARN  [SendWorker:188978561024:QuorumCnxManager$SendWorker@688] - Send worker leaving thread
2015-07-29 19:32:55,244 - INFO  [/10.10.34.13:3888:QuorumCnxManager$Listener@493] - Received connection request /10.10.34.13:46572
2015-07-29 19:32:55,245 - WARN  [RecvWorker:188978561024:QuorumCnxManager$RecvWorker@762] - Connection broken for id 188978561024, my id = 3, error = 
2015-07-29 19:32:55,245 - WARN  [RecvWorker:188978561024:QuorumCnxManager$RecvWorker@765] - Interrupting SendWorker
2015-07-29 19:32:55,245 - INFO  [/10.10.34.13:3888:QuorumCnxManager$Listener@493] - Received connection request /10.10.34.13:46574
2015-07-29 19:32:55,245 - WARN  [SendWorker:188978561024:QuorumCnxManager$SendWorker@679] - Interrupted while waiting for message on queue
2015-07-29 19:32:55,246 - WARN  [SendWorker:188978561024:QuorumCnxManager$SendWorker@688] - Send worker leaving thread
2015-07-29 19:32:55,246 - WARN  [RecvWorker:188978561024:QuorumCnxManager$RecvWorker@762] - Connection broken for id 188978561024, my id = 3, error = 
2015-07-29 19:32:55,246 - WARN  [RecvWorker:188978561024:QuorumCnxManager$RecvWorker@765] - Interrupting SendWorker
2015-07-29 19:32:55,246 - INFO  [/10.10.34.13:3888:QuorumCnxManager$Listener@493] - Received connection request /10.10.34.13:46575
2015-07-29 19:32:55,246 - WARN  [SendWorker:188978561024:QuorumCnxManager$SendWorker@679] - Interrupted while waiting for message on queue
2015-07-29 19:32:55,246 - WARN  [SendWorker:188978561024:QuorumCnxManager$SendWorker@688] - Send worker leaving thread
2015-07-29 19:32:55,247 - WARN  [RecvWorker:188978561024:QuorumCnxManager$RecvWorker@762] - Connection broken for id 188978561024, my id = 3, error = 
2015-07-29 19:32:55,247 - WARN  [RecvWorker:188978561024:QuorumCnxManager$RecvWorker@765] - Interrupting SendWorker
2015-07-29 19:32:55,247 - WARN  [SendWorker:188978561024:QuorumCnxManager$SendWorker@679] - Interrupted while waiting for message on queue
2015-07-29 19:32:55,247 - WARN  [SendWorker:188978561024:QuorumCnxManager$SendWorker@688] - Send worker leaving thread
2015-07-29 19:32:58,378 - INFO  [/10.10.34.13:3888:QuorumCnxManager$Listener@493] - Received connection request /10.10.34.11:49095
2015-07-29 19:32:58,378 - WARN  [RecvWorker:188978561024:QuorumCnxManager$RecvWorker@762] - Connection broken for id 188978561024, my id = 3, error = 
2015-07-29 19:32:58,379 - WARN  [RecvWorker:188978561024:QuorumCnxManager$RecvWorker@765] - Interrupting SendWorker
2015-07-29 19:32:58,379 - WARN  [SendWorker:188978561024:QuorumCnxManager$SendWorker@679] - Interrupted while waiting for message on queue
2015-07-29 19:32:58,379 - WARN  [SendWorker:188978561024:QuorumCnxManager$SendWorker@688] - Send worker leaving thread
2015-07-29 19:32:58,379 - INFO  [/10.10.34.13:3888:QuorumCnxManager$Listener@493] - Received connection request /10.10.34.11:49098
2015-07-29 19:32:58,380 - WARN  [RecvWorker:188978561024:QuorumCnxManager$RecvWorker@762] - Connection broken for id 188978561024, my id = 3, error = 
2015-07-29 19:32:58,380 - WARN  [RecvWorker:188978561024:QuorumCnxManager$RecvWorker@765] - Interrupting SendWorker
2015-07-29 19:32:58,380 - WARN  [SendWorker:188978561024:QuorumCnxManager$SendWorker@679] - Interrupted while waiting for message on queue
2015-07-29 19:32:58,380 - WARN  [SendWorker:188978561024:QuorumCnxManager$SendWorker@688] - Send worker leaving thread
2015-07-29 19:32:58,380 - INFO  [/10.10.34.13:3888:QuorumCnxManager$Listener@493] - Received connection request /10.10.34.11:49101
2015-07-29 19:32:58,381 - WARN  [RecvWorker:188978561024:QuorumCnxManager$RecvWorker@762] - Connection broken for id 188978561024, my id = 3, error = 
2015-07-29 19:32:58,381 - WARN  [RecvWorker:188978561024:QuorumCnxManager$RecvWorker@765] - Interrupting SendWorker
2015-07-29 19:32:58,381 - WARN  [SendWorker:188978561024:QuorumCnxManager$SendWorker@679] - Interrupted while waiting for message on queue
2015-07-29 19:32:58,381 - WARN  [SendWorker:188978561024:QuorumCnxManager$SendWorker@688] - Send worker leaving thread
2015-07-29 19:32:58,384 - INFO  [/10.10.34.13:3888:QuorumCnxManager$Listener@493] - Received connection request /10.10.34.11:49104
2015-07-29 19:32:58,385 - WARN  [RecvWorker:188978561024:QuorumCnxManager$RecvWorker@762] - Connection broken for id 188978561024, my id = 3, error = 
2015-07-29 19:32:58,385 - WARN  [RecvWorker:188978561024:QuorumCnxManager$RecvWorker@765] - Interrupting SendWorker
2015-07-29 19:32:58,385 - WARN  [SendWorker:188978561024:QuorumCnxManager$SendWorker@679] - Interrupted while waiting for message on queue
2015-07-29 19:32:58,385 - WARN  [SendWorker:188978561024:QuorumCnxManager$SendWorker@688] - Send worker leaving thread
2015-07-29 19:32:58,463 - INFO  [/10.10.34.13:3888:QuorumCnxManager$Listener@493] - Received connection request /10.10.34.12:49306
2015-07-29 19:32:58,463 - WARN  [RecvWorker:188978561024:QuorumCnxManager$RecvWorker@762] - Connection broken for id 188978561024, my id = 3, error = 
2015-07-29 19:32:58,464 - WARN  [RecvWorker:188978561024:QuorumCnxManager$RecvWorker@765] - Interrupting SendWorker
2015-07-29 19:32:58,464 - WARN  [SendWorker:188978561024:QuorumCnxManager$SendWorker@679] - Interrupted while waiting for message on queue
2015-07-29 19:32:58,464 - WARN  [SendWorker:188978561024:QuorumCnxManager$SendWorker@688] - Send worker leaving thread
2015-07-29 19:32:58,467 - INFO  [/10.10.34.13:3888:QuorumCnxManager$Listener@493] - Received connection request /10.10.34.12:49309
2015-07-29 19:32:58,467 - WARN  [RecvWorker:188978561024:QuorumCnxManager$RecvWorker@762] - Connection broken for id 188978561024, my id = 3, error = 
2015-07-29 19:32:58,467 - WARN  [RecvWorker:188978561024:QuorumCnxManager$RecvWorker@765] - Interrupting SendWorker
2015-07-29 19:32:58,468 - WARN  [SendWorker:188978561024:QuorumCnxManager$SendWorker@679] - Interrupted while waiting for message on queue
2015-07-29 19:32:58,468 - WARN  [SendWorker:188978561024:QuorumCnxManager$SendWorker@688] - Send worker leaving thread
2015-07-29 19:32:58,468 - INFO  [/10.10.34.13:3888:QuorumCnxManager$Listener@493] - Received connection request /10.10.34.12:49313
2015-07-29 19:32:58,471 - INFO  [/10.10.34.13:3888:QuorumCnxManager$Listener@493] - Received connection request /10.10.34.12:49316
2015-07-29 19:32:58,471 - WARN  [RecvWorker:188978561024:QuorumCnxManager$RecvWorker@762] - Connection broken for id 188978561024, my id = 3, error = 
2015-07-29 19:32:58,471 - WARN  [RecvWorker:188978561024:QuorumCnxManager$RecvWorker@765] - Interrupting SendWorker
2015-07-29 19:32:58,471 - WARN  [SendWorker:188978561024:QuorumCnxManager$SendWorker@679] - Interrupted while waiting for message on queue
2015-07-29 19:32:58,472 - WARN  [SendWorker:188978561024:QuorumCnxManager$SendWorker@688] - Send worker leaving thread
2015-07-29 19:32:58,472 - WARN  [RecvWorker:188978561024:QuorumCnxManager$RecvWorker@762] - Connection broken for id 188978561024, my id = 3, error = 
2015-07-29 19:32:58,472 - WARN  [RecvWorker:188978561024:QuorumCnxManager$RecvWorker@765] - Interrupting SendWorker
2015-07-29 19:32:58,472 - WARN  [SendWorker:188978561024:QuorumCnxManager$SendWorker@679] - Interrupted while waiting for message on queue
2015-07-29 19:32:58,472 - WARN  [SendWorker:188978561024:QuorumCnxManager$SendWorker@688] - Send worker leaving thread
2015-07-29 19:32:58,576 - INFO  [/10.10.34.13:3888:QuorumCnxManager$Listener@493] - Received connection request /10.10.34.13:46578
2015-07-29 19:32:58,576 - WARN  [RecvWorker:188978561024:QuorumCnxManager$RecvWorker@762] - Connection broken for id 188978561024, my id = 3, error = 
2015-07-29 19:32:58,577 - WARN  [RecvWorker:188978561024:QuorumCnxManager$RecvWorker@765] - Interrupting SendWorker
2015-07-29 19:32:58,577 - WARN  [SendWorker:188978561024:QuorumCnxManager$SendWorker@679] - Interrupted while waiting for message on queue
2015-07-29 19:32:58,577 - WARN  [SendWorker:188978561024:QuorumCnxManager$SendWorker@688] - Send worker leaving thread
2015-07-29 19:32:58,585 - INFO  [/10.10.34.13:3888:QuorumCnxManager$Listener@493] - Received connection request /10.10.34.13:46584
2015-07-29 19:32:58,585 - WARN  [RecvWorker:188978561024:QuorumCnxManager$RecvWorker@762] - Connection broken for id 188978561024, my id = 3, error = 
2015-07-29 19:32:58,585 - WARN  [RecvWorker:188978561024:QuorumCnxManager$RecvWorker@765] - Interrupting SendWorker
2015-07-29 19:32:58,585 - INFO  [/10.10.34.13:3888:QuorumCnxManager$Listener@493] - Received connection request /10.10.34.13:46586
2015-07-29 19:32:58,586 - WARN  [SendWorker:188978561024:QuorumCnxManager$SendWorker@679] - Interrupted while waiting for message on queue
2015-07-29 19:32:58,586 - WARN  [SendWorker:188978561024:QuorumCnxManager$SendWorker@688] - Send worker leaving thread
2015-07-29 19:32:58,586 - INFO  [/10.10.34.13:3888:QuorumCnxManager$Listener@493] - Received connection request /10.10.34.13:46587
2015-07-29 19:32:58,586 - WARN  [RecvWorker:188978561024:QuorumCnxManager$RecvWorker@762] - Connection broken for id 188978561024, my id = 3, error = 
2015-07-29 19:32:58,586 - WARN  [RecvWorker:188978561024:QuorumCnxManager$RecvWorker@765] - Interrupting SendWorker
2015-07-29 19:32:58,586 - WARN  [SendWorker:188978561024:QuorumCnxManager$SendWorker@679] - Interrupted while waiting for message on queue
2015-07-29 19:32:58,587 - WARN  [SendWorker:188978561024:QuorumCnxManager$SendWorker@688] - Send worker leaving thread
2015-07-29 19:32:58,587 - WARN  [RecvWorker:188978561024:QuorumCnxManager$RecvWorker@762] - Connection broken for id 188978561024, my id = 3, error = 
2015-07-29 19:32:58,587 - WARN  [RecvWorker:188978561024:QuorumCnxManager$RecvWorker@765] - Interrupting SendWorker
2015-07-29 19:32:58,587 - WARN  [SendWorker:188978561024:QuorumCnxManager$SendWorker@679] - Interrupted while waiting for message on queue
2015-07-29 19:32:58,587 - WARN  [SendWorker:188978561024:QuorumCnxManager$SendWorker@688] - Send worker leaving thread
2015-07-29 19:33:01,718 - INFO  [/10.10.34.13:3888:QuorumCnxManager$Listener@493] - Received connection request /10.10.34.11:49106
2015-07-29 19:33:01,719 - WARN  [RecvWorker:188978561024:QuorumCnxManager$RecvWorker@762] - Connection broken for id 188978561024, my id = 3, error = 
2015-07-29 19:33:01,719 - WARN  [RecvWorker:188978561024:QuorumCnxManager$RecvWorker@765] - Interrupting SendWorker
2015-07-29 19:33:01,719 - WARN  [SendWorker:188978561024:QuorumCnxManager$SendWorker@679] - Interrupted while waiting for message on queue
2015-07-29 19:33:01,719 - WARN  [SendWorker:188978561024:QuorumCnxManager$SendWorker@688] - Send worker leaving thread
2015-07-29 19:33:01,719 - INFO  [/10.10.34.13:3888:QuorumCnxManager$Listener@493] - Received connection request /10.10.34.11:49110
2015-07-29 19:33:01,720 - WARN  [RecvWorker:188978561024:QuorumCnxManager$RecvWorker@762] - Connection broken for id 188978561024, my id = 3, error = 
2015-07-29 19:33:01,720 - WARN  [RecvWorker:188978561024:QuorumCnxManager$RecvWorker@765] - Interrupting SendWorker
2015-07-29 19:33:01,720 - WARN  [SendWorker:188978561024:QuorumCnxManager$SendWorker@679] - Interrupted while waiting for message on queue
2015-07-29 19:33:01,720 - WARN  [SendWorker:188978561024:QuorumCnxManager$SendWorker@688] - Send worker leaving thread
2015-07-29 19:33:01,720 - INFO  [/10.10.34.13:3888:QuorumCnxManager$Listener@493] - Received connection request /10.10.34.11:49113
2015-07-29 19:33:01,721 - WARN  [RecvWorker:188978561024:QuorumCnxManager$RecvWorker@762] - Connection broken for id 188978561024, my id = 3, error = 
2015-07-29 19:33:01,721 - WARN  [RecvWorker:188978561024:QuorumCnxManager$RecvWorker@765] - Interrupting SendWorker
2015-07-29 19:33:01,721 - WARN  [SendWorker:188978561024:QuorumCnxManager$SendWorker@679] - Interrupted while waiting for message on queue
2015-07-29 19:33:01,722 - WARN  [SendWorker:188978561024:QuorumCnxManager$SendWorker@688] - Send worker leaving thread
2015-07-29 19:33:01,724 - INFO  [/10.10.34.13:3888:QuorumCnxManager$Listener@493] - Received connection request /10.10.34.11:49116
2015-07-29 19:33:01,725 - WARN  [RecvWorker:188978561024:QuorumCnxManager$RecvWorker@762] - Connection broken for id 188978561024, my id = 3, error = 
2015-07-29 19:33:01,725 - WARN  [RecvWorker:188978561024:QuorumCnxManager$RecvWorker@765] - Interrupting SendWorker
2015-07-29 19:33:01,725 - WARN  [SendWorker:188978561024:QuorumCnxManager$SendWorker@679] - Interrupted while waiting for message on queue
2015-07-29 19:33:01,726 - WARN  [SendWorker:188978561024:QuorumCnxManager$SendWorker@688] - Send worker leaving thread
2015-07-29 19:33:01,803 - INFO  [/10.10.34.13:3888:QuorumCnxManager$Listener@493] - Received connection request /10.10.34.12:49318
2015-07-29 19:33:01,804 - WARN  [RecvWorker:188978561024:QuorumCnxManager$RecvWorker@762] - Connection broken for id 188978561024, my id = 3, error = 
2015-07-29 19:33:01,804 - WARN  [RecvWorker:188978561024:QuorumCnxManager$RecvWorker@765] - Interrupting SendWorker
2015-07-29 19:33:01,804 - WARN  [SendWorker:188978561024:QuorumCnxManager$SendWorker@679] - Interrupted while waiting for message on queue
2015-07-29 19:33:01,804 - WARN  [SendWorker:188978561024:QuorumCnxManager$SendWorker@688] - Send worker leaving thread
2015-07-29 19:33:01,807 - INFO  [/10.10.34.13:3888:QuorumCnxManager$Listener@493] - Received connection request /10.10.34.12:49321
2015-07-29 19:33:01,807 - WARN  [RecvWorker:188978561024:QuorumCnxManager$RecvWorker@762] - Connection broken for id 188978561024, my id = 3, error = 
2015-07-29 19:33:01,807 - WARN  [RecvWorker:188978561024:QuorumCnxManager$RecvWorker@765] - Interrupting SendWorker
2015-07-29 19:33:01,808 - WARN  [SendWorker:188978561024:QuorumCnxManager$SendWorker@679] - Interrupted while waiting for message on queue
2015-07-29 19:33:01,808 - WARN  [SendWorker:188978561024:QuorumCnxManager$SendWorker@688] - Send worker leaving thread
2015-07-29 19:33:01,811 - INFO  [/10.10.34.13:3888:QuorumCnxManager$Listener@493] - Received connection request /10.10.34.12:49327
2015-07-29 19:33:01,811 - WARN  [RecvWorker:188978561024:QuorumCnxManager$RecvWorker@762] - Connection broken for id 188978561024, my id = 3, error = 
2015-07-29 19:33:01,811 - WARN  [RecvWorker:188978561024:QuorumCnxManager$RecvWorker@765] - Interrupting SendWorker
2015-07-29 19:33:01,811 - INFO  [/10.10.34.13:3888:QuorumCnxManager$Listener@493] - Received connection request /10.10.34.12:49328
2015-07-29 19:33:01,812 - WARN  [SendWorker:188978561024:QuorumCnxManager$SendWorker@679] - Interrupted while waiting for message on queue
2015-07-29 19:33:01,812 - WARN  [SendWorker:188978561024:QuorumCnxManager$SendWorker@688] - Send worker leaving thread
2015-07-29 19:33:01,812 - WARN  [RecvWorker:188978561024:QuorumCnxManager$RecvWorker@762] - Connection broken for id 188978561024, my id = 3, error = 
2015-07-29 19:33:01,812 - WARN  [RecvWorker:188978561024:QuorumCnxManager$RecvWorker@765] - Interrupting SendWorker
2015-07-29 19:33:01,812 - WARN  [SendWorker:188978561024:QuorumCnxManager$SendWorker@679] - Interrupted while waiting for message on queue
2015-07-29 19:33:01,813 - WARN  [SendWorker:188978561024:QuorumCnxManager$SendWorker@688] - Send worker leaving thread
2015-07-29 19:33:01,916 - INFO  [/10.10.34.13:3888:QuorumCnxManager$Listener@493] - Received connection request /10.10.34.13:46590
2015-07-29 19:33:01,917 - WARN  [RecvWorker:188978561024:QuorumCnxManager$RecvWorker@762] - Connection broken for id 188978561024, my id = 3, error = 
2015-07-29 19:33:01,917 - WARN  [RecvWorker:188978561024:QuorumCnxManager$RecvWorker@765] - Interrupting SendWorker
2015-07-29 19:33:01,917 - WARN  [SendWorker:188978561024:QuorumCnxManager$SendWorker@679] - Interrupted while waiting for message on queue
2015-07-29 19:33:01,917 - WARN  [SendWorker:188978561024:QuorumCnxManager$SendWorker@688] - Send worker leaving thread
2015-07-29 19:33:01,925 - INFO  [/10.10.34.13:3888:QuorumCnxManager$Listener@493] - Received connection request /10.10.34.13:46596
2015-07-29 19:33:01,925 - WARN  [RecvWorker:188978561024:QuorumCnxManager$RecvWorker@762] - Connection broken for id 188978561024, my id = 3, error = 
2015-07-29 19:33:01,925 - WARN  [RecvWorker:188978561024:QuorumCnxManager$RecvWorker@765] - Interrupting SendWorker
2015-07-29 19:33:01,925 - INFO  [/10.10.34.13:3888:QuorumCnxManager$Listener@493] - Received connection request /10.10.34.13:46598
2015-07-29 19:33:01,926 - WARN  [SendWorker:188978561024:QuorumCnxManager$SendWorker@679] - Interrupted while waiting for message on queue
2015-07-29 19:33:01,926 - WARN  [SendWorker:188978561024:QuorumCnxManager$SendWorker@688] - Send worker leaving thread
2015-07-29 19:33:01,926 - INFO  [/10.10.34.13:3888:QuorumCnxManager$Listener@493] - Received connection request /10.10.34.13:46599
2015-07-29 19:33:01,926 - WARN  [RecvWorker:188978561024:QuorumCnxManager$RecvWorker@762] - Connection broken for id 188978561024, my id = 3, error = 
2015-07-29 19:33:01,926 - WARN  [RecvWorker:188978561024:QuorumCnxManager$RecvWorker@765] - Interrupting SendWorker
2015-07-29 19:33:01,926 - WARN  [SendWorker:188978561024:QuorumCnxManager$SendWorker@679] - Interrupted while waiting for message on queue
2015-07-29 19:33:01,927 - WARN  [SendWorker:188978561024:QuorumCnxManager$SendWorker@688] - Send worker leaving thread
2015-07-29 19:33:01,927 - WARN  [RecvWorker:188978561024:QuorumCnxManager$RecvWorker@762] - Connection broken for id 188978561024, my id = 3, error = 
2015-07-29 19:33:01,927 - WARN  [RecvWorker:188978561024:QuorumCnxManager$RecvWorker@765] - Interrupting SendWorker
2015-07-29 19:33:01,927 - WARN  [SendWorker:188978561024:QuorumCnxManager$SendWorker@679] - Interrupted while waiting for message on queue
2015-07-29 19:33:01,927 - WARN  [SendWorker:188978561024:QuorumCnxManager$SendWorker@688] - Send worker leaving thread
2015-07-29 19:33:05,058 - INFO  [/10.10.34.13:3888:QuorumCnxManager$Listener@493] - Received connection request /10.10.34.11:49120
2015-07-29 19:33:05,059 - WARN  [RecvWorker:188978561024:QuorumCnxManager$RecvWorker@762] - Connection broken for id 188978561024, my id = 3, error = 
2015-07-29 19:33:05,059 - WARN  [RecvWorker:188978561024:QuorumCnxManager$RecvWorker@765] - Interrupting SendWorker
2015-07-29 19:33:05,059 - WARN  [SendWorker:188978561024:QuorumCnxManager$SendWorker@679] - Interrupted while waiting for message on queue
2015-07-29 19:33:05,059 - WARN  [SendWorker:188978561024:QuorumCnxManager$SendWorker@688] - Send worker leaving thread
2015-07-29 19:33:05,059 - INFO  [/10.10.34.13:3888:QuorumCnxManager$Listener@493] - Received connection request /10.10.34.11:49122
2015-07-29 19:33:05,060 - WARN  [RecvWorker:188978561024:QuorumCnxManager$RecvWorker@762] - Connection broken for id 188978561024, my id = 3, error = 
2015-07-29 19:33:05,060 - WARN  [RecvWorker:188978561024:QuorumCnxManager$RecvWorker@765] - Interrupting SendWorker
2015-07-29 19:33:05,061 - WARN  [SendWorker:188978561024:QuorumCnxManager$SendWorker@679] - Interrupted while waiting for message on queue
2015-07-29 19:33:05,061 - WARN  [SendWorker:188978561024:QuorumCnxManager$SendWorker@688] - Send worker leaving thread
2015-07-29 19:33:05,061 - INFO  [/10.10.34.13:3888:QuorumCnxManager$Listener@493] - Received connection request /10.10.34.11:49125
2015-07-29 19:33:05,061 - WARN  [RecvWorker:188978561024:QuorumCnxManager$RecvWorker@762] - Connection broken for id 188978561024, my id = 3, error = 
2015-07-29 19:33:05,062 - WARN  [RecvWorker:188978561024:QuorumCnxManager$RecvWorker@765] - Interrupting SendWorker
2015-07-29 19:33:05,062 - WARN  [SendWorker:188978561024:QuorumCnxManager$SendWorker@679] - Interrupted while waiting for message on queue
2015-07-29 19:33:05,062 - WARN  [SendWorker:188978561024:QuorumCnxManager$SendWorker@688] - Send worker leaving thread
2015-07-29 19:33:05,064 - INFO  [/10.10.34.13:3888:QuorumCnxManager$Listener@493] - Received connection request /10.10.34.11:49128
2015-07-29 19:33:05,065 - WARN  [RecvWorker:188978561024:QuorumCnxManager$RecvWorker@762] - Connection broken for id 188978561024, my id = 3, error = 
2015-07-29 19:33:05,065 - WARN  [RecvWorker:188978561024:QuorumCnxManager$RecvWorker@765] - Interrupting SendWorker
2015-07-29 19:33:05,065 - WARN  [SendWorker:188978561024:QuorumCnxManager$SendWorker@679] - Interrupted while waiting for message on queue
2015-07-29 19:33:05,066 - WARN  [SendWorker:188978561024:QuorumCnxManager$SendWorker@688] - Send worker leaving thread
2015-07-29 19:33:05,143 - INFO  [/10.10.34.13:3888:QuorumCnxManager$Listener@493] - Received connection request /10.10.34.12:49330
2015-07-29 19:33:05,144 - WARN  [RecvWorker:188978561024:QuorumCnxManager$RecvWorker@762] - Connection broken for id 188978561024, my id = 3, error = 
2015-07-29 19:33:05,144 - WARN  [RecvWorker:188978561024:QuorumCnxManager$RecvWorker@765] - Interrupting SendWorker
2015-07-29 19:33:05,144 - WARN  [SendWorker:188978561024:QuorumCnxManager$SendWorker@679] - Interrupted while waiting for message on queue
2015-07-29 19:33:05,145 - WARN  [SendWorker:188978561024:QuorumCnxManager$SendWorker@688] - Send worker leaving thread
2015-07-29 19:33:05,147 - INFO  [/10.10.34.13:3888:QuorumCnxManager$Listener@493] - Received connection request /10.10.34.12:49333
2015-07-29 19:33:05,148 - WARN  [RecvWorker:188978561024:QuorumCnxManager$RecvWorker@762] - Connection broken for id 188978561024, my id = 3, error = 
2015-07-29 19:33:05,148 - WARN  [RecvWorker:188978561024:QuorumCnxManager$RecvWorker@765] - Interrupting SendWorker
2015-07-29 19:33:05,148 - WARN  [SendWorker:188978561024:QuorumCnxManager$SendWorker@679] - Interrupted while waiting for message on queue
2015-07-29 19:33:05,148 - WARN  [SendWorker:188978561024:QuorumCnxManager$SendWorker@688] - Send worker leaving thread
2015-07-29 19:33:05,151 - INFO  [/10.10.34.13:3888:QuorumCnxManager$Listener@493] - Received connection request /10.10.34.12:49339
2015-07-29 19:33:05,151 - WARN  [RecvWorker:188978561024:QuorumCnxManager$RecvWorker@762] - Connection broken for id 188978561024, my id = 3, error = 
2015-07-29 19:33:05,152 - WARN  [RecvWorker:188978561024:QuorumCnxManager$RecvWorker@765] - Interrupting SendWorker
2015-07-29 19:33:05,151 - INFO  [/10.10.34.13:3888:QuorumCnxManager$Listener@493] - Received connection request /10.10.34.12:49340
2015-07-29 19:33:05,152 - WARN  [SendWorker:188978561024:QuorumCnxManager$SendWorker@679] - Interrupted while waiting for message on queue
2015-07-29 19:33:05,152 - WARN  [SendWorker:188978561024:QuorumCnxManager$SendWorker@688] - Send worker leaving thread
2015-07-29 19:33:05,152 - WARN  [RecvWorker:188978561024:QuorumCnxManager$RecvWorker@762] - Connection broken for id 188978561024, my id = 3, error = 
2015-07-29 19:33:05,153 - WARN  [RecvWorker:188978561024:QuorumCnxManager$RecvWorker@765] - Interrupting SendWorker
2015-07-29 19:33:05,153 - WARN  [SendWorker:188978561024:QuorumCnxManager$SendWorker@679] - Interrupted while waiting for message on queue
2015-07-29 19:33:05,153 - WARN  [SendWorker:188978561024:QuorumCnxManager$SendWorker@688] - Send worker leaving thread
2015-07-29 19:33:05,256 - INFO  [/10.10.34.13:3888:QuorumCnxManager$Listener@493] - Received connection request /10.10.34.13:46602
2015-07-29 19:33:05,257 - WARN  [RecvWorker:188978561024:QuorumCnxManager$RecvWorker@762] - Connection broken for id 188978561024, my id = 3, error = 
2015-07-29 19:33:05,257 - WARN  [RecvWorker:188978561024:QuorumCnxManager$RecvWorker@765] - Interrupting SendWorker
2015-07-29 19:33:05,257 - WARN  [SendWorker:188978561024:QuorumCnxManager$SendWorker@679] - Interrupted while waiting for message on queue
2015-07-29 19:33:05,257 - WARN  [SendWorker:188978561024:QuorumCnxManager$SendWorker@688] - Send worker leaving thread
2015-07-29 19:33:05,265 - INFO  [/10.10.34.13:3888:QuorumCnxManager$Listener@493] - Received connection request /10.10.34.13:46608
2015-07-29 19:33:05,265 - WARN  [RecvWorker:188978561024:QuorumCnxManager$RecvWorker@762] - Connection broken for id 188978561024, my id = 3, error = 
2015-07-29 19:33:05,265 - WARN  [RecvWorker:188978561024:QuorumCnxManager$RecvWorker@765] - Interrupting SendWorker
2015-07-29 19:33:05,265 - INFO  [/10.10.34.13:3888:QuorumCnxManager$Listener@493] - Received connection request /10.10.34.13:46610
2015-07-29 19:33:05,266 - WARN  [SendWorker:188978561024:QuorumCnxManager$SendWorker@679] - Interrupted while waiting for message on queue
2015-07-29 19:33:05,266 - WARN  [SendWorker:188978561024:QuorumCnxManager$SendWorker@688] - Send worker leaving thread
2015-07-29 19:33:05,266 - WARN  [RecvWorker:188978561024:QuorumCnxManager$RecvWorker@762] - Connection broken for id 188978561024, my id = 3, error = 
2015-07-29 19:33:05,266 - WARN  [RecvWorker:188978561024:QuorumCnxManager$RecvWorker@765] - Interrupting SendWorker
2015-07-29 19:33:05,266 - INFO  [/10.10.34.13:3888:QuorumCnxManager$Listener@493] - Received connection request /10.10.34.13:46611
2015-07-29 19:33:05,267 - WARN  [SendWorker:188978561024:QuorumCnxManager$SendWorker@679] - Interrupted while waiting for message on queue
2015-07-29 19:33:05,267 - WARN  [SendWorker:188978561024:QuorumCnxManager$SendWorker@688] - Send worker leaving thread
2015-07-29 19:33:05,267 - WARN  [RecvWorker:188978561024:QuorumCnxManager$RecvWorker@762] - Connection broken for id 188978561024, my id = 3, error = 
2015-07-29 19:33:05,267 - WARN  [RecvWorker:188978561024:QuorumCnxManager$RecvWorker@765] - Interrupting SendWorker
2015-07-29 19:33:05,267 - WARN  [SendWorker:188978561024:QuorumCnxManager$SendWorker@679] - Interrupted while waiting for message on queue
2015-07-29 19:33:05,267 - WARN  [SendWorker:188978561024:QuorumCnxManager$SendWorker@688] - Send worker leaving thread
2015-07-29 19:33:06,366 - INFO  [/10.10.34.13:3888:QuorumCnxManager$Listener@493] - Received connection request /10.10.34.11:49129
2015-07-29 19:33:06,366 - WARN  [RecvWorker:188978561024:QuorumCnxManager$RecvWorker@762] - Connection broken for id 188978561024, my id = 3, error = 
2015-07-29 19:33:06,366 - WARN  [RecvWorker:188978561024:QuorumCnxManager$RecvWorker@765] - Interrupting SendWorker
2015-07-29 19:33:06,367 - WARN  [SendWorker:188978561024:QuorumCnxManager$SendWorker@679] - Interrupted while waiting for message on queue
2015-07-29 19:33:06,367 - WARN  [SendWorker:188978561024:QuorumCnxManager$SendWorker@688] - Send worker leaving thread
2015-07-29 19:33:08,398 - INFO  [/10.10.34.13:3888:QuorumCnxManager$Listener@493] - Received connection request /10.10.34.11:49133
2015-07-29 19:33:08,399 - WARN  [RecvWorker:188978561024:QuorumCnxManager$RecvWorker@762] - Connection broken for id 188978561024, my id = 3, error = 
2015-07-29 19:33:08,399 - WARN  [RecvWorker:188978561024:QuorumCnxManager$RecvWorker@765] - Interrupting SendWorker
2015-07-29 19:33:08,399 - WARN  [SendWorker:188978561024:QuorumCnxManager$SendWorker@679] - Interrupted while waiting for message on queue
2015-07-29 19:33:08,400 - WARN  [SendWorker:188978561024:QuorumCnxManager$SendWorker@688] - Send worker leaving thread
2015-07-29 19:33:08,400 - INFO  [/10.10.34.13:3888:QuorumCnxManager$Listener@493] - Received connection request /10.10.34.11:49138
2015-07-29 19:33:08,400 - WARN  [RecvWorker:188978561024:QuorumCnxManager$RecvWorker@762] - Connection broken for id 188978561024, my id = 3, error = 
2015-07-29 19:33:08,401 - WARN  [RecvWorker:188978561024:QuorumCnxManager$RecvWorker@765] - Interrupting SendWorker
2015-07-29 19:33:08,401 - WARN  [SendWorker:188978561024:QuorumCnxManager$SendWorker@679] - Interrupted while waiting for message on queue
2015-07-29 19:33:08,401 - WARN  [SendWorker:188978561024:QuorumCnxManager$SendWorker@688] - Send worker leaving thread
2015-07-29 19:33:08,401 - INFO  [/10.10.34.13:3888:QuorumCnxManager$Listener@493] - Received connection request /10.10.34.11:49139
2015-07-29 19:33:08,402 - WARN  [RecvWorker:188978561024:QuorumCnxManager$RecvWorker@762] - Connection broken for id 188978561024, my id = 3, error = 
2015-07-29 19:33:08,402 - WARN  [RecvWorker:188978561024:QuorumCnxManager$RecvWorker@765] - Interrupting SendWorker
2015-07-29 19:33:08,402 - WARN  [SendWorker:188978561024:QuorumCnxManager$SendWorker@679] - Interrupted while waiting for message on queue
2015-07-29 19:33:08,402 - WARN  [SendWorker:188978561024:QuorumCnxManager$SendWorker@688] - Send worker leaving thread
2015-07-29 19:33:08,405 - INFO  [/10.10.34.13:3888:QuorumCnxManager$Listener@493] - Received connection request /10.10.34.11:49143
2015-07-29 19:33:08,405 - WARN  [RecvWorker:188978561024:QuorumCnxManager$RecvWorker@762] - Connection broken for id 188978561024, my id = 3, error = 
2015-07-29 19:33:08,405 - WARN  [RecvWorker:188978561024:QuorumCnxManager$RecvWorker@765] - Interrupting SendWorker
2015-07-29 19:33:08,406 - WARN  [SendWorker:188978561024:QuorumCnxManager$SendWorker@679] - Interrupted while waiting for message on queue
2015-07-29 19:33:08,406 - WARN  [SendWorker:188978561024:QuorumCnxManager$SendWorker@688] - Send worker leaving thread
2015-07-29 19:33:08,483 - INFO  [/10.10.34.13:3888:QuorumCnxManager$Listener@493] - Received connection request /10.10.34.12:49342
2015-07-29 19:33:08,484 - WARN  [RecvWorker:188978561024:QuorumCnxManager$RecvWorker@762] - Connection broken for id 188978561024, my id = 3, error = 
2015-07-29 19:33:08,484 - WARN  [RecvWorker:188978561024:QuorumCnxManager$RecvWorker@765] - Interrupting SendWorker
2015-07-29 19:33:08,484 - WARN  [SendWorker:188978561024:QuorumCnxManager$SendWorker@679] - Interrupted while waiting for message on queue
2015-07-29 19:33:08,484 - WARN  [SendWorker:188978561024:QuorumCnxManager$SendWorker@688] - Send worker leaving thread
2015-07-29 19:33:08,487 - INFO  [/10.10.34.13:3888:QuorumCnxManager$Listener@493] - Received connection request /10.10.34.12:49345
2015-07-29 19:33:08,488 - WARN  [RecvWorker:188978561024:QuorumCnxManager$RecvWorker@762] - Connection broken for id 188978561024, my id = 3, error = 
2015-07-29 19:33:08,488 - WARN  [RecvWorker:188978561024:QuorumCnxManager$RecvWorker@765] - Interrupting SendWorker
2015-07-29 19:33:08,488 - WARN  [SendWorker:188978561024:QuorumCnxManager$SendWorker@679] - Interrupted while waiting for message on queue
2015-07-29 19:33:08,489 - WARN  [SendWorker:188978561024:QuorumCnxManager$SendWorker@688] - Send worker leaving thread
2015-07-29 19:33:08,491 - INFO  [/10.10.34.13:3888:QuorumCnxManager$Listener@493] - Received connection request /10.10.34.12:49351
2015-07-29 19:33:08,491 - WARN  [RecvWorker:188978561024:QuorumCnxManager$RecvWorker@762] - Connection broken for id 188978561024, my id = 3, error = 
2015-07-29 19:33:08,492 - WARN  [RecvWorker:188978561024:QuorumCnxManager$RecvWorker@765] - Interrupting SendWorker
2015-07-29 19:33:08,492 - INFO  [/10.10.34.13:3888:QuorumCnxManager$Listener@493] - Received connection request /10.10.34.12:49352
2015-07-29 19:33:08,492 - WARN  [SendWorker:188978561024:QuorumCnxManager$SendWorker@679] - Interrupted while waiting for message on queue
2015-07-29 19:33:08,492 - WARN  [SendWorker:188978561024:QuorumCnxManager$SendWorker@688] - Send worker leaving thread
2015-07-29 19:33:08,492 - WARN  [RecvWorker:188978561024:QuorumCnxManager$RecvWorker@762] - Connection broken for id 188978561024, my id = 3, error = 
2015-07-29 19:33:08,493 - WARN  [RecvWorker:188978561024:QuorumCnxManager$RecvWorker@765] - Interrupting SendWorker
2015-07-29 19:33:08,493 - WARN  [SendWorker:188978561024:QuorumCnxManager$SendWorker@679] - Interrupted while waiting for message on queue
2015-07-29 19:33:08,493 - WARN  [SendWorker:188978561024:QuorumCnxManager$SendWorker@688] - Send worker leaving thread
2015-07-29 19:33:08,596 - INFO  [/10.10.34.13:3888:QuorumCnxManager$Listener@493] - Received connection request /10.10.34.13:46614
2015-07-29 19:33:08,597 - WARN  [RecvWorker:188978561024:QuorumCnxManager$RecvWorker@762] - Connection broken for id 188978561024, my id = 3, error = 
2015-07-29 19:33:08,597 - WARN  [RecvWorker:188978561024:QuorumCnxManager$RecvWorker@765] - Interrupting SendWorker
2015-07-29 19:33:08,597 - WARN  [SendWorker:188978561024:QuorumCnxManager$SendWorker@679] - Interrupted while waiting for message on queue
2015-07-29 19:33:08,597 - WARN  [SendWorker:188978561024:QuorumCnxManager$SendWorker@688] - Send worker leaving thread
2015-07-29 19:33:08,605 - INFO  [/10.10.34.13:3888:QuorumCnxManager$Listener@493] - Received connection request /10.10.34.13:46620
2015-07-29 19:33:08,605 - WARN  [RecvWorker:188978561024:QuorumCnxManager$RecvWorker@762] - Connection broken for id 188978561024, my id = 3, error = 
2015-07-29 19:33:08,605 - WARN  [RecvWorker:188978561024:QuorumCnxManager$RecvWorker@765] - Interrupting SendWorker
2015-07-29 19:33:08,605 - INFO  [/10.10.34.13:3888:QuorumCnxManager$Listener@493] - Received connection request /10.10.34.13:46622
2015-07-29 19:33:08,606 - WARN  [SendWorker:188978561024:QuorumCnxManager$SendWorker@679] - Interrupted while waiting for message on queue
2015-07-29 19:33:08,606 - WARN  [SendWorker:188978561024:QuorumCnxManager$SendWorker@688] - Send worker leaving thread
2015-07-29 19:33:08,606 - WARN  [RecvWorker:188978561024:QuorumCnxManager$RecvWorker@762] - Connection broken for id 188978561024, my id = 3, error = 
2015-07-29 19:33:08,606 - WARN  [RecvWorker:188978561024:QuorumCnxManager$RecvWorker@765] - Interrupting SendWorker
2015-07-29 19:33:08,606 - INFO  [/10.10.34.13:3888:QuorumCnxManager$Listener@493] - Received connection request /10.10.34.13:46623
2015-07-29 19:33:08,607 - WARN  [SendWorker:188978561024:QuorumCnxManager$SendWorker@679] - Interrupted while waiting for message on queue
2015-07-29 19:33:08,607 - WARN  [SendWorker:188978561024:QuorumCnxManager$SendWorker@688] - Send worker leaving thread
2015-07-29 19:33:08,607 - WARN  [RecvWorker:188978561024:QuorumCnxManager$RecvWorker@762] - Connection broken for id 188978561024, my id = 3, error = 
2015-07-29 19:33:08,607 - WARN  [RecvWorker:188978561024:QuorumCnxManager$RecvWorker@765] - Interrupting SendWorker
2015-07-29 19:33:08,607 - WARN  [SendWorker:188978561024:QuorumCnxManager$SendWorker@679] - Interrupted while waiting for message on queue
2015-07-29 19:33:08,607 - WARN  [SendWorker:188978561024:QuorumCnxManager$SendWorker@688] - Send worker leaving thread
2015-07-29 19:33:09,706 - INFO  [/10.10.34.13:3888:QuorumCnxManager$Listener@493] - Received connection request /10.10.34.11:49144
2015-07-29 19:33:09,707 - WARN  [RecvWorker:188978561024:QuorumCnxManager$RecvWorker@762] - Connection broken for id 188978561024, my id = 3, error = 
2015-07-29 19:33:09,707 - WARN  [RecvWorker:188978561024:QuorumCnxManager$RecvWorker@765] - Interrupting SendWorker
2015-07-29 19:33:09,707 - WARN  [SendWorker:188978561024:QuorumCnxManager$SendWorker@679] - Interrupted while waiting for message on queue
2015-07-29 19:33:09,707 - WARN  [SendWorker:188978561024:QuorumCnxManager$SendWorker@688] - Send worker leaving thread
2015-07-29 19:33:11,739 - INFO  [/10.10.34.13:3888:QuorumCnxManager$Listener@493] - Received connection request /10.10.34.11:49149
2015-07-29 19:33:11,739 - WARN  [RecvWorker:188978561024:QuorumCnxManager$RecvWorker@762] - Connection broken for id 188978561024, my id = 3, error = 
2015-07-29 19:33:11,739 - WARN  [RecvWorker:188978561024:QuorumCnxManager$RecvWorker@765] - Interrupting SendWorker
2015-07-29 19:33:11,740 - WARN  [SendWorker:188978561024:QuorumCnxManager$SendWorker@679] - Interrupted while waiting for message on queue
2015-07-29 19:33:11,740 - WARN  [SendWorker:188978561024:QuorumCnxManager$SendWorker@688] - Send worker leaving thread
2015-07-29 19:33:11,740 - INFO  [/10.10.34.13:3888:QuorumCnxManager$Listener@493] - Received connection request /10.10.34.11:49152
2015-07-29 19:33:11,741 - WARN  [RecvWorker:188978561024:QuorumCnxManager$RecvWorker@762] - Connection broken for id 188978561024, my id = 3, error = 
2015-07-29 19:33:11,741 - WARN  [RecvWorker:188978561024:QuorumCnxManager$RecvWorker@765] - Interrupting SendWorker
2015-07-29 19:33:11,741 - WARN  [SendWorker:188978561024:QuorumCnxManager$SendWorker@679] - Interrupted while waiting for message on queue
2015-07-29 19:33:11,741 - WARN  [SendWorker:188978561024:QuorumCnxManager$SendWorker@688] - Send worker leaving thread
2015-07-29 19:33:11,741 - INFO  [/10.10.34.13:3888:QuorumCnxManager$Listener@493] - Received connection request /10.10.34.11:49155
2015-07-29 19:33:11,742 - WARN  [RecvWorker:188978561024:QuorumCnxManager$RecvWorker@762] - Connection broken for id 188978561024, my id = 3, error = 
2015-07-29 19:33:11,742 - WARN  [RecvWorker:188978561024:QuorumCnxManager$RecvWorker@765] - Interrupting SendWorker
2015-07-29 19:33:11,742 - WARN  [SendWorker:188978561024:QuorumCnxManager$SendWorker@679] - Interrupted while waiting for message on queue
2015-07-29 19:33:11,742 - WARN  [SendWorker:188978561024:QuorumCnxManager$SendWorker@688] - Send worker leaving thread
2015-07-29 19:33:11,745 - INFO  [/10.10.34.13:3888:QuorumCnxManager$Listener@493] - Received connection request /10.10.34.11:49158
2015-07-29 19:33:11,745 - WARN  [RecvWorker:188978561024:QuorumCnxManager$RecvWorker@762] - Connection broken for id 188978561024, my id = 3, error = 
2015-07-29 19:33:11,745 - WARN  [RecvWorker:188978561024:QuorumCnxManager$RecvWorker@765] - Interrupting SendWorker
2015-07-29 19:33:11,746 - WARN  [SendWorker:188978561024:QuorumCnxManager$SendWorker@679] - Interrupted while waiting for message on queue
2015-07-29 19:33:11,746 - WARN  [SendWorker:188978561024:QuorumCnxManager$SendWorker@688] - Send worker leaving thread
2015-07-29 19:33:11,823 - INFO  [/10.10.34.13:3888:QuorumCnxManager$Listener@493] - Received connection request /10.10.34.12:49354
2015-07-29 19:33:11,824 - WARN  [RecvWorker:188978561024:QuorumCnxManager$RecvWorker@762] - Connection broken for id 188978561024, my id = 3, error = 
2015-07-29 19:33:11,824 - WARN  [RecvWorker:188978561024:QuorumCnxManager$RecvWorker@765] - Interrupting SendWorker
2015-07-29 19:33:11,824 - WARN  [SendWorker:188978561024:QuorumCnxManager$SendWorker@679] - Interrupted while waiting for message on queue
2015-07-29 19:33:11,825 - WARN  [SendWorker:188978561024:QuorumCnxManager$SendWorker@688] - Send worker leaving thread
2015-07-29 19:33:11,828 - INFO  [/10.10.34.13:3888:QuorumCnxManager$Listener@493] - Received connection request /10.10.34.12:49357
2015-07-29 19:33:11,828 - WARN  [RecvWorker:188978561024:QuorumCnxManager$RecvWorker@762] - Connection broken for id 188978561024, my id = 3, error = 
2015-07-29 19:33:11,828 - WARN  [RecvWorker:188978561024:QuorumCnxManager$RecvWorker@765] - Interrupting SendWorker
2015-07-29 19:33:11,829 - WARN  [SendWorker:188978561024:QuorumCnxManager$SendWorker@679] - Interrupted while waiting for message on queue
2015-07-29 19:33:11,829 - WARN  [SendWorker:188978561024:QuorumCnxManager$SendWorker@688] - Send worker leaving thread
2015-07-29 19:33:11,831 - INFO  [/10.10.34.13:3888:QuorumCnxManager$Listener@493] - Received connection request /10.10.34.12:49363
2015-07-29 19:33:11,832 - WARN  [RecvWorker:188978561024:QuorumCnxManager$RecvWorker@762] - Connection broken for id 188978561024, my id = 3, error = 
2015-07-29 19:33:11,832 - WARN  [RecvWorker:188978561024:QuorumCnxManager$RecvWorker@765] - Interrupting SendWorker
2015-07-29 19:33:11,832 - INFO  [/10.10.34.13:3888:QuorumCnxManager$Listener@493] - Received connection request /10.10.34.12:49364
2015-07-29 19:33:11,832 - WARN  [SendWorker:188978561024:QuorumCnxManager$SendWorker@679] - Interrupted while waiting for message on queue
2015-07-29 19:33:11,832 - WARN  [SendWorker:188978561024:QuorumCnxManager$SendWorker@688] - Send worker leaving thread
2015-07-29 19:33:11,832 - WARN  [RecvWorker:188978561024:QuorumCnxManager$RecvWorker@762] - Connection broken for id 188978561024, my id = 3, error = 
2015-07-29 19:33:11,832 - WARN  [RecvWorker:188978561024:QuorumCnxManager$RecvWorker@765] - Interrupting SendWorker
2015-07-29 19:33:11,833 - WARN  [SendWorker:188978561024:QuorumCnxManager$SendWorker@679] - Interrupted while waiting for message on queue
2015-07-29 19:33:11,833 - WARN  [SendWorker:188978561024:QuorumCnxManager$SendWorker@688] - Send worker leaving thread
2015-07-29 19:33:11,936 - INFO  [/10.10.34.13:3888:QuorumCnxManager$Listener@493] - Received connection request /10.10.34.13:46626
2015-07-29 19:33:11,937 - WARN  [RecvWorker:188978561024:QuorumCnxManager$RecvWorker@762] - Connection broken for id 188978561024, my id = 3, error = 
2015-07-29 19:33:11,937 - WARN  [RecvWorker:188978561024:QuorumCnxManager$RecvWorker@765] - Interrupting SendWorker
2015-07-29 19:33:11,937 - WARN  [SendWorker:188978561024:QuorumCnxManager$SendWorker@679] - Interrupted while waiting for message on queue
2015-07-29 19:33:11,937 - WARN  [SendWorker:188978561024:QuorumCnxManager$SendWorker@688] - Send worker leaving thread
2015-07-29 19:33:11,945 - INFO  [/10.10.34.13:3888:QuorumCnxManager$Listener@493] - Received connection request /10.10.34.13:46632
2015-07-29 19:33:11,945 - WARN  [RecvWorker:188978561024:QuorumCnxManager$RecvWorker@762] - Connection broken for id 188978561024, my id = 3, error = 
2015-07-29 19:33:11,945 - WARN  [RecvWorker:188978561024:QuorumCnxManager$RecvWorker@765] - Interrupting SendWorker
2015-07-29 19:33:11,946 - INFO  [/10.10.34.13:3888:QuorumCnxManager$Listener@493] - Received connection request /10.10.34.13:46634
2015-07-29 19:33:11,946 - WARN  [SendWorker:188978561024:QuorumCnxManager$SendWorker@679] - Interrupted while waiting for message on queue
2015-07-29 19:33:11,946 - WARN  [SendWorker:188978561024:QuorumCnxManager$SendWorker@688] - Send worker leaving thread
2015-07-29 19:33:11,946 - WARN  [RecvWorker:188978561024:QuorumCnxManager$RecvWorker@762] - Connection broken for id 188978561024, my id = 3, error = 
2015-07-29 19:33:11,946 - WARN  [RecvWorker:188978561024:QuorumCnxManager$RecvWorker@765] - Interrupting SendWorker
2015-07-29 19:33:11,946 - INFO  [/10.10.34.13:3888:QuorumCnxManager$Listener@493] - Received connection request /10.10.34.13:46635
2015-07-29 19:33:11,947 - WARN  [SendWorker:188978561024:QuorumCnxManager$SendWorker@679] - Interrupted while waiting for message on queue
2015-07-29 19:33:11,947 - WARN  [SendWorker:188978561024:QuorumCnxManager$SendWorker@688] - Send worker leaving thread
2015-07-29 19:33:11,947 - WARN  [RecvWorker:188978561024:QuorumCnxManager$RecvWorker@762] - Connection broken for id 188978561024, my id = 3, error = 
2015-07-29 19:33:11,947 - WARN  [RecvWorker:188978561024:QuorumCnxManager$RecvWorker@765] - Interrupting SendWorker
2015-07-29 19:33:11,947 - WARN  [SendWorker:188978561024:QuorumCnxManager$SendWorker@679] - Interrupted while waiting for message on queue
2015-07-29 19:33:11,948 - WARN  [SendWorker:188978561024:QuorumCnxManager$SendWorker@688] - Send worker leaving thread
2015-07-29 19:33:13,046 - INFO  [/10.10.34.13:3888:QuorumCnxManager$Listener@493] - Received connection request /10.10.34.11:49159
2015-07-29 19:33:13,047 - WARN  [RecvWorker:188978561024:QuorumCnxManager$RecvWorker@762] - Connection broken for id 188978561024, my id = 3, error = 
2015-07-29 19:33:13,047 - WARN  [RecvWorker:188978561024:QuorumCnxManager$RecvWorker@765] - Interrupting SendWorker
2015-07-29 19:33:13,047 - WARN  [SendWorker:188978561024:QuorumCnxManager$SendWorker@679] - Interrupted while waiting for message on queue
2015-07-29 19:33:13,048 - WARN  [SendWorker:188978561024:QuorumCnxManager$SendWorker@688] - Send worker leaving thread
2015-07-29 19:33:15,078 - INFO  [/10.10.34.13:3888:QuorumCnxManager$Listener@493] - Received connection request /10.10.34.11:49163
2015-07-29 19:33:15,079 - WARN  [RecvWorker:188978561024:QuorumCnxManager$RecvWorker@762] - Connection broken for id 188978561024, my id = 3, error = 
2015-07-29 19:33:15,079 - WARN  [RecvWorker:188978561024:QuorumCnxManager$RecvWorker@765] - Interrupting SendWorker
2015-07-29 19:33:15,079 - WARN  [SendWorker:188978561024:QuorumCnxManager$SendWorker@679] - Interrupted while waiting for message on queue
2015-07-29 19:33:15,080 - WARN  [SendWorker:188978561024:QuorumCnxManager$SendWorker@688] - Send worker leaving thread
2015-07-29 19:33:15,080 - INFO  [/10.10.34.13:3888:QuorumCnxManager$Listener@493] - Received connection request /10.10.34.11:49168
2015-07-29 19:33:15,081 - WARN  [RecvWorker:188978561024:QuorumCnxManager$RecvWorker@762] - Connection broken for id 188978561024, my id = 3, error = 
2015-07-29 19:33:15,081 - WARN  [RecvWorker:188978561024:QuorumCnxManager$RecvWorker@765] - Interrupting SendWorker
2015-07-29 19:33:15,081 - WARN  [SendWorker:188978561024:QuorumCnxManager$SendWorker@679] - Interrupted while waiting for message on queue
2015-07-29 19:33:15,081 - WARN  [SendWorker:188978561024:QuorumCnxManager$SendWorker@688] - Send worker leaving thread
2015-07-29 19:33:15,081 - INFO  [/10.10.34.13:3888:QuorumCnxManager$Listener@493] - Received connection request /10.10.34.11:49170
2015-07-29 19:33:15,082 - WARN  [RecvWorker:188978561024:QuorumCnxManager$RecvWorker@762] - Connection broken for id 188978561024, my id = 3, error = 
2015-07-29 19:33:15,082 - WARN  [RecvWorker:188978561024:QuorumCnxManager$RecvWorker@765] - Interrupting SendWorker
2015-07-29 19:33:15,082 - WARN  [SendWorker:188978561024:QuorumCnxManager$SendWorker@679] - Interrupted while waiting for message on queue
2015-07-29 19:33:15,083 - WARN  [SendWorker:188978561024:QuorumCnxManager$SendWorker@688] - Send worker leaving thread
2015-07-29 19:33:15,085 - INFO  [/10.10.34.13:3888:QuorumCnxManager$Listener@493] - Received connection request /10.10.34.11:49173
2015-07-29 19:33:15,085 - WARN  [RecvWorker:188978561024:QuorumCnxManager$RecvWorker@762] - Connection broken for id 188978561024, my id = 3, error = 
2015-07-29 19:33:15,085 - WARN  [RecvWorker:188978561024:QuorumCnxManager$RecvWorker@765] - Interrupting SendWorker
2015-07-29 19:33:15,086 - WARN  [SendWorker:188978561024:QuorumCnxManager$SendWorker@679] - Interrupted while waiting for message on queue
2015-07-29 19:33:15,086 - WARN  [SendWorker:188978561024:QuorumCnxManager$SendWorker@688] - Send worker leaving thread
2015-07-29 19:33:15,163 - INFO  [/10.10.34.13:3888:QuorumCnxManager$Listener@493] - Received connection request /10.10.34.12:49366
2015-07-29 19:33:15,164 - WARN  [RecvWorker:188978561024:QuorumCnxManager$RecvWorker@762] - Connection broken for id 188978561024, my id = 3, error = 
2015-07-29 19:33:15,164 - WARN  [RecvWorker:188978561024:QuorumCnxManager$RecvWorker@765] - Interrupting SendWorker
2015-07-29 19:33:15,164 - WARN  [SendWorker:188978561024:QuorumCnxManager$SendWorker@679] - Interrupted while waiting for message on queue
2015-07-29 19:33:15,165 - WARN  [SendWorker:188978561024:QuorumCnxManager$SendWorker@688] - Send worker leaving thread
2015-07-29 19:33:15,168 - INFO  [/10.10.34.13:3888:QuorumCnxManager$Listener@493] - Received connection request /10.10.34.12:49369
2015-07-29 19:33:15,169 - WARN  [RecvWorker:188978561024:QuorumCnxManager$RecvWorker@762] - Connection broken for id 188978561024, my id = 3, error = 
2015-07-29 19:33:15,169 - WARN  [RecvWorker:188978561024:QuorumCnxManager$RecvWorker@765] - Interrupting SendWorker
2015-07-29 19:33:15,169 - WARN  [SendWorker:188978561024:QuorumCnxManager$SendWorker@679] - Interrupted while waiting for message on queue
2015-07-29 19:33:15,169 - WARN  [SendWorker:188978561024:QuorumCnxManager$SendWorker@688] - Send worker leaving thread
2015-07-29 19:33:15,171 - INFO  [/10.10.34.13:3888:QuorumCnxManager$Listener@493] - Received connection request /10.10.34.12:49375
2015-07-29 19:33:15,172 - WARN  [RecvWorker:188978561024:QuorumCnxManager$RecvWorker@762] - Connection broken for id 188978561024, my id = 3, error = 
2015-07-29 19:33:15,172 - WARN  [RecvWorker:188978561024:QuorumCnxManager$RecvWorker@765] - Interrupting SendWorker
2015-07-29 19:33:15,172 - INFO  [/10.10.34.13:3888:QuorumCnxManager$Listener@493] - Received connection request /10.10.34.12:49376
2015-07-29 19:33:15,172 - WARN  [SendWorker:188978561024:QuorumCnxManager$SendWorker@679] - Interrupted while waiting for message on queue
2015-07-29 19:33:15,172 - WARN  [SendWorker:188978561024:QuorumCnxManager$SendWorker@688] - Send worker leaving thread
2015-07-29 19:33:15,173 - WARN  [RecvWorker:188978561024:QuorumCnxManager$RecvWorker@762] - Connection broken for id 188978561024, my id = 3, error = 
2015-07-29 19:33:15,173 - WARN  [RecvWorker:188978561024:QuorumCnxManager$RecvWorker@765] - Interrupting SendWorker
2015-07-29 19:33:15,173 - WARN  [SendWorker:188978561024:QuorumCnxManager$SendWorker@679] - Interrupted while waiting for message on queue
2015-07-29 19:33:15,173 - WARN  [SendWorker:188978561024:QuorumCnxManager$SendWorker@688] - Send worker leaving thread
2015-07-29 19:33:15,276 - INFO  [/10.10.34.13:3888:QuorumCnxManager$Listener@493] - Received connection request /10.10.34.13:46638
2015-07-29 19:33:15,277 - WARN  [RecvWorker:188978561024:QuorumCnxManager$RecvWorker@762] - Connection broken for id 188978561024, my id = 3, error = 
2015-07-29 19:33:15,277 - WARN  [RecvWorker:188978561024:QuorumCnxManager$RecvWorker@765] - Interrupting SendWorker
2015-07-29 19:33:15,277 - WARN  [SendWorker:188978561024:QuorumCnxManager$SendWorker@679] - Interrupted while waiting for message on queue
2015-07-29 19:33:15,277 - WARN  [SendWorker:188978561024:QuorumCnxManager$SendWorker@688] - Send worker leaving thread
2015-07-29 19:33:15,285 - INFO  [/10.10.34.13:3888:QuorumCnxManager$Listener@493] - Received connection request /10.10.34.13:46644
2015-07-29 19:33:15,285 - WARN  [RecvWorker:188978561024:QuorumCnxManager$RecvWorker@762] - Connection broken for id 188978561024, my id = 3, error = 
2015-07-29 19:33:15,285 - WARN  [RecvWorker:188978561024:QuorumCnxManager$RecvWorker@765] - Interrupting SendWorker
2015-07-29 19:33:15,285 - WARN  [SendWorker:188978561024:QuorumCnxManager$SendWorker@679] - Interrupted while waiting for message on queue
2015-07-29 19:33:15,286 - WARN  [SendWorker:188978561024:QuorumCnxManager$SendWorker@688] - Send worker leaving thread
2015-07-29 19:33:15,286 - INFO  [/10.10.34.13:3888:QuorumCnxManager$Listener@493] - Received connection request /10.10.34.13:46646
2015-07-29 19:33:15,286 - WARN  [RecvWorker:188978561024:QuorumCnxManager$RecvWorker@762] - Connection broken for id 188978561024, my id = 3, error = 
2015-07-29 19:33:15,287 - WARN  [RecvWorker:188978561024:QuorumCnxManager$RecvWorker@765] - Interrupting SendWorker
2015-07-29 19:33:15,286 - INFO  [/10.10.34.13:3888:QuorumCnxManager$Listener@493] - Received connection request /10.10.34.13:46647
2015-07-29 19:33:15,287 - WARN  [SendWorker:188978561024:QuorumCnxManager$SendWorker@679] - Interrupted while waiting for message on queue
2015-07-29 19:33:15,287 - WARN  [SendWorker:188978561024:QuorumCnxManager$SendWorker@688] - Send worker leaving thread
2015-07-29 19:33:15,287 - WARN  [RecvWorker:188978561024:QuorumCnxManager$RecvWorker@762] - Connection broken for id 188978561024, my id = 3, error = 
2015-07-29 19:33:15,287 - WARN  [RecvWorker:188978561024:QuorumCnxManager$RecvWorker@765] - Interrupting SendWorker
2015-07-29 19:33:15,288 - WARN  [SendWorker:188978561024:QuorumCnxManager$SendWorker@679] - Interrupted while waiting for message on queue
2015-07-29 19:33:15,288 - WARN  [SendWorker:188978561024:QuorumCnxManager$SendWorker@688] - Send worker leaving thread
2015-07-29 19:33:16,387 - INFO  [/10.10.34.13:3888:QuorumCnxManager$Listener@493] - Received connection request /10.10.34.11:49174
2015-07-29 19:33:16,387 - WARN  [RecvWorker:188978561024:QuorumCnxManager$RecvWorker@762] - Connection broken for id 188978561024, my id = 3, error = 
2015-07-29 19:33:16,388 - WARN  [RecvWorker:188978561024:QuorumCnxManager$RecvWorker@765] - Interrupting SendWorker
2015-07-29 19:33:16,388 - WARN  [SendWorker:188978561024:QuorumCnxManager$SendWorker@679] - Interrupted while waiting for message on queue
2015-07-29 19:33:16,388 - WARN  [SendWorker:188978561024:QuorumCnxManager$SendWorker@688] - Send worker leaving thread
2015-07-29 19:33:18,418 - INFO  [/10.10.34.13:3888:QuorumCnxManager$Listener@493] - Received connection request /10.10.34.11:49178
2015-07-29 19:33:18,419 - WARN  [RecvWorker:188978561024:QuorumCnxManager$RecvWorker@762] - Connection broken for id 188978561024, my id = 3, error = 
2015-07-29 19:33:18,419 - WARN  [RecvWorker:188978561024:QuorumCnxManager$RecvWorker@765] - Interrupting SendWorker
2015-07-29 19:33:18,420 - WARN  [SendWorker:188978561024:QuorumCnxManager$SendWorker@679] - Interrupted while waiting for message on queue
2015-07-29 19:33:18,420 - WARN  [SendWorker:188978561024:QuorumCnxManager$SendWorker@688] - Send worker leaving thread
2015-07-29 19:33:18,420 - INFO  [/10.10.34.13:3888:QuorumCnxManager$Listener@493] - Received connection request /10.10.34.11:49183
2015-07-29 19:33:18,421 - WARN  [RecvWorker:188978561024:QuorumCnxManager$RecvWorker@762] - Connection broken for id 188978561024, my id = 3, error = 
2015-07-29 19:33:18,421 - WARN  [RecvWorker:188978561024:QuorumCnxManager$RecvWorker@765] - Interrupting SendWorker
2015-07-29 19:33:18,421 - WARN  [SendWorker:188978561024:QuorumCnxManager$SendWorker@679] - Interrupted while waiting for message on queue
2015-07-29 19:33:18,421 - INFO  [/10.10.34.13:3888:QuorumCnxManager$Listener@493] - Received connection request /10.10.34.11:49185
2015-07-29 19:33:18,421 - WARN  [SendWorker:188978561024:QuorumCnxManager$SendWorker@688] - Send worker leaving thread
2015-07-29 19:33:18,422 - WARN  [RecvWorker:188978561024:QuorumCnxManager$RecvWorker@762] - Connection broken for id 188978561024, my id = 3, error = 
2015-07-29 19:33:18,422 - WARN  [RecvWorker:188978561024:QuorumCnxManager$RecvWorker@765] - Interrupting SendWorker
2015-07-29 19:33:18,422 - WARN  [SendWorker:188978561024:QuorumCnxManager$SendWorker@679] - Interrupted while waiting for message on queue
2015-07-29 19:33:18,423 - WARN  [SendWorker:188978561024:QuorumCnxManager$SendWorker@688] - Send worker leaving thread
2015-07-29 19:33:18,425 - INFO  [/10.10.34.13:3888:QuorumCnxManager$Listener@493] - Received connection request /10.10.34.11:49188
2015-07-29 19:33:18,425 - WARN  [RecvWorker:188978561024:QuorumCnxManager$RecvWorker@762] - Connection broken for id 188978561024, my id = 3, error = 
2015-07-29 19:33:18,425 - WARN  [RecvWorker:188978561024:QuorumCnxManager$RecvWorker@765] - Interrupting SendWorker
2015-07-29 19:33:18,426 - WARN  [SendWorker:188978561024:QuorumCnxManager$SendWorker@679] - Interrupted while waiting for message on queue
2015-07-29 19:33:18,426 - WARN  [SendWorker:188978561024:QuorumCnxManager$SendWorker@688] - Send worker leaving thread
2015-07-29 19:33:18,504 - INFO  [/10.10.34.13:3888:QuorumCnxManager$Listener@493] - Received connection request /10.10.34.12:49378
2015-07-29 19:33:18,504 - WARN  [RecvWorker:188978561024:QuorumCnxManager$RecvWorker@762] - Connection broken for id 188978561024, my id = 3, error = 
2015-07-29 19:33:18,504 - WARN  [RecvWorker:188978561024:QuorumCnxManager$RecvWorker@765] - Interrupting SendWorker
2015-07-29 19:33:18,505 - WARN  [SendWorker:188978561024:QuorumCnxManager$SendWorker@679] - Interrupted while waiting for message on queue
2015-07-29 19:33:18,505 - WARN  [SendWorker:188978561024:QuorumCnxManager$SendWorker@688] - Send worker leaving thread
2015-07-29 19:33:18,508 - INFO  [/10.10.34.13:3888:QuorumCnxManager$Listener@493] - Received connection request /10.10.34.12:49381
2015-07-29 19:33:18,511 - WARN  [RecvWorker:188978561024:QuorumCnxManager$RecvWorker@762] - Connection broken for id 188978561024, my id = 3, error = 
2015-07-29 19:33:18,511 - INFO  [/10.10.34.13:3888:QuorumCnxManager$Listener@493] - Received connection request /10.10.34.12:49385
2015-07-29 19:33:18,511 - WARN  [RecvWorker:188978561024:QuorumCnxManager$RecvWorker@765] - Interrupting SendWorker
2015-07-29 19:33:18,511 - WARN  [SendWorker:188978561024:QuorumCnxManager$SendWorker@679] - Interrupted while waiting for message on queue
2015-07-29 19:33:18,512 - WARN  [SendWorker:188978561024:QuorumCnxManager$SendWorker@688] - Send worker leaving thread
2015-07-29 19:33:18,512 - WARN  [RecvWorker:188978561024:QuorumCnxManager$RecvWorker@762] - Connection broken for id 188978561024, my id = 3, error = 
2015-07-29 19:33:18,512 - WARN  [RecvWorker:188978561024:QuorumCnxManager$RecvWorker@765] - Interrupting SendWorker
2015-07-29 19:33:18,512 - WARN  [SendWorker:188978561024:QuorumCnxManager$SendWorker@679] - Interrupted while waiting for message on queue
2015-07-29 19:33:18,512 - WARN  [SendWorker:188978561024:QuorumCnxManager$SendWorker@688] - Send worker leaving thread
2015-07-29 19:33:18,512 - INFO  [/10.10.34.13:3888:QuorumCnxManager$Listener@493] - Received connection request /10.10.34.12:49387
2015-07-29 19:33:18,513 - WARN  [RecvWorker:188978561024:QuorumCnxManager$RecvWorker@762] - Connection broken for id 188978561024, my id = 3, error = 
2015-07-29 19:33:18,513 - WARN  [RecvWorker:188978561024:QuorumCnxManager$RecvWorker@765] - Interrupting SendWorker
2015-07-29 19:33:18,513 - WARN  [SendWorker:188978561024:QuorumCnxManager$SendWorker@679] - Interrupted while waiting for message on queue
2015-07-29 19:33:18,513 - WARN  [SendWorker:188978561024:QuorumCnxManager$SendWorker@688] - Send worker leaving thread
2015-07-29 19:33:18,616 - INFO  [/10.10.34.13:3888:QuorumCnxManager$Listener@493] - Received connection request /10.10.34.13:46650
2015-07-29 19:33:18,617 - WARN  [RecvWorker:188978561024:QuorumCnxManager$RecvWorker@762] - Connection broken for id 188978561024, my id = 3, error = 
2015-07-29 19:33:18,617 - WARN  [RecvWorker:188978561024:QuorumCnxManager$RecvWorker@765] - Interrupting SendWorker
2015-07-29 19:33:18,617 - WARN  [SendWorker:188978561024:QuorumCnxManager$SendWorker@679] - Interrupted while waiting for message on queue
2015-07-29 19:33:18,617 - WARN  [SendWorker:188978561024:QuorumCnxManager$SendWorker@688] - Send worker leaving thread
2015-07-29 19:33:18,625 - INFO  [/10.10.34.13:3888:QuorumCnxManager$Listener@493] - Received connection request /10.10.34.13:46655
2015-07-29 19:33:18,625 - WARN  [RecvWorker:188978561024:QuorumCnxManager$RecvWorker@762] - Connection broken for id 188978561024, my id = 3, error = 
2015-07-29 19:33:18,625 - WARN  [RecvWorker:188978561024:QuorumCnxManager$RecvWorker@765] - Interrupting SendWorker
2015-07-29 19:33:18,625 - WARN  [SendWorker:188978561024:QuorumCnxManager$SendWorker@679] - Interrupted while waiting for message on queue
2015-07-29 19:33:18,626 - WARN  [SendWorker:188978561024:QuorumCnxManager$SendWorker@688] - Send worker leaving thread
2015-07-29 19:33:18,626 - INFO  [/10.10.34.13:3888:QuorumCnxManager$Listener@493] - Received connection request /10.10.34.13:46658
2015-07-29 19:33:18,627 - WARN  [RecvWorker:188978561024:QuorumCnxManager$RecvWorker@762] - Connection broken for id 188978561024, my id = 3, error = 
2015-07-29 19:33:18,627 - WARN  [RecvWorker:188978561024:QuorumCnxManager$RecvWorker@765] - Interrupting SendWorker
2015-07-29 19:33:18,627 - INFO  [/10.10.34.13:3888:QuorumCnxManager$Listener@493] - Received connection request /10.10.34.13:46659
2015-07-29 19:33:18,627 - WARN  [SendWorker:188978561024:QuorumCnxManager$SendWorker@679] - Interrupted while waiting for message on queue
2015-07-29 19:33:18,627 - WARN  [SendWorker:188978561024:QuorumCnxManager$SendWorker@688] - Send worker leaving thread
2015-07-29 19:33:18,627 - WARN  [RecvWorker:188978561024:QuorumCnxManager$RecvWorker@762] - Connection broken for id 188978561024, my id = 3, error = 
2015-07-29 19:33:18,627 - WARN  [RecvWorker:188978561024:QuorumCnxManager$RecvWorker@765] - Interrupting SendWorker
2015-07-29 19:33:18,628 - WARN  [SendWorker:188978561024:QuorumCnxManager$SendWorker@679] - Interrupted while waiting for message on queue
2015-07-29 19:33:18,628 - WARN  [SendWorker:188978561024:QuorumCnxManager$SendWorker@688] - Send worker leaving thread
2015-07-29 19:33:19,727 - INFO  [/10.10.34.13:3888:QuorumCnxManager$Listener@493] - Received connection request /10.10.34.11:49189
2015-07-29 19:33:19,728 - WARN  [RecvWorker:188978561024:QuorumCnxManager$RecvWorker@762] - Connection broken for id 188978561024, my id = 3, error = 
2015-07-29 19:33:19,728 - WARN  [RecvWorker:188978561024:QuorumCnxManager$RecvWorker@765] - Interrupting SendWorker
2015-07-29 19:33:19,728 - WARN  [SendWorker:188978561024:QuorumCnxManager$SendWorker@679] - Interrupted while waiting for message on queue
2015-07-29 19:33:19,728 - WARN  [SendWorker:188978561024:QuorumCnxManager$SendWorker@688] - Send worker leaving thread
2015-07-29 19:33:21,759 - INFO  [/10.10.34.13:3888:QuorumCnxManager$Listener@493] - Received connection request /10.10.34.11:49193
2015-07-29 19:33:21,759 - WARN  [RecvWorker:188978561024:QuorumCnxManager$RecvWorker@762] - Connection broken for id 188978561024, my id = 3, error = 
2015-07-29 19:33:21,760 - WARN  [RecvWorker:188978561024:QuorumCnxManager$RecvWorker@765] - Interrupting SendWorker
2015-07-29 19:33:21,760 - WARN  [SendWorker:188978561024:QuorumCnxManager$SendWorker@679] - Interrupted while waiting for message on queue
2015-07-29 19:33:21,760 - WARN  [SendWorker:188978561024:QuorumCnxManager$SendWorker@688] - Send worker leaving thread
2015-07-29 19:33:21,760 - INFO  [/10.10.34.13:3888:QuorumCnxManager$Listener@493] - Received connection request /10.10.34.11:49198
2015-07-29 19:33:21,761 - WARN  [RecvWorker:188978561024:QuorumCnxManager$RecvWorker@762] - Connection broken for id 188978561024, my id = 3, error = 
2015-07-29 19:33:21,761 - WARN  [RecvWorker:188978561024:QuorumCnxManager$RecvWorker@765] - Interrupting SendWorker
2015-07-29 19:33:21,761 - WARN  [SendWorker:188978561024:QuorumCnxManager$SendWorker@679] - Interrupted while waiting for message on queue
2015-07-29 19:33:21,762 - WARN  [SendWorker:188978561024:QuorumCnxManager$SendWorker@688] - Send worker leaving thread
2015-07-29 19:33:21,762 - INFO  [/10.10.34.13:3888:QuorumCnxManager$Listener@493] - Received connection request /10.10.34.11:49200
2015-07-29 19:33:21,762 - WARN  [RecvWorker:188978561024:QuorumCnxManager$RecvWorker@762] - Connection broken for id 188978561024, my id = 3, error = 
2015-07-29 19:33:21,763 - WARN  [RecvWorker:188978561024:QuorumCnxManager$RecvWorker@765] - Interrupting SendWorker
2015-07-29 19:33:21,763 - WARN  [SendWorker:188978561024:QuorumCnxManager$SendWorker@679] - Interrupted while waiting for message on queue
2015-07-29 19:33:21,763 - WARN  [SendWorker:188978561024:QuorumCnxManager$SendWorker@688] - Send worker leaving thread
2015-07-29 19:33:21,765 - INFO  [/10.10.34.13:3888:QuorumCnxManager$Listener@493] - Received connection request /10.10.34.11:49203
2015-07-29 19:33:21,766 - WARN  [RecvWorker:188978561024:QuorumCnxManager$RecvWorker@762] - Connection broken for id 188978561024, my id = 3, error = 
2015-07-29 19:33:21,766 - WARN  [RecvWorker:188978561024:QuorumCnxManager$RecvWorker@765] - Interrupting SendWorker
2015-07-29 19:33:21,766 - WARN  [SendWorker:188978561024:QuorumCnxManager$SendWorker@679] - Interrupted while waiting for message on queue
2015-07-29 19:33:21,766 - WARN  [SendWorker:188978561024:QuorumCnxManager$SendWorker@688] - Send worker leaving thread
2015-07-29 19:33:21,844 - INFO  [/10.10.34.13:3888:QuorumCnxManager$Listener@493] - Received connection request /10.10.34.12:49390
2015-07-29 19:33:21,844 - WARN  [RecvWorker:188978561024:QuorumCnxManager$RecvWorker@762] - Connection broken for id 188978561024, my id = 3, error = 
2015-07-29 19:33:21,844 - WARN  [RecvWorker:188978561024:QuorumCnxManager$RecvWorker@765] - Interrupting SendWorker
2015-07-29 19:33:21,845 - WARN  [SendWorker:188978561024:QuorumCnxManager$SendWorker@679] - Interrupted while waiting for message on queue
2015-07-29 19:33:21,845 - WARN  [SendWorker:188978561024:QuorumCnxManager$SendWorker@688] - Send worker leaving thread
2015-07-29 19:33:21,849 - INFO  [/10.10.34.13:3888:QuorumCnxManager$Listener@493] - Received connection request /10.10.34.12:49393
2015-07-29 19:33:21,850 - WARN  [RecvWorker:188978561024:QuorumCnxManager$RecvWorker@762] - Connection broken for id 188978561024, my id = 3, error = 
2015-07-29 19:33:21,850 - WARN  [RecvWorker:188978561024:QuorumCnxManager$RecvWorker@765] - Interrupting SendWorker
2015-07-29 19:33:21,850 - WARN  [SendWorker:188978561024:QuorumCnxManager$SendWorker@679] - Interrupted while waiting for message on queue
2015-07-29 19:33:21,851 - WARN  [SendWorker:188978561024:QuorumCnxManager$SendWorker@688] - Send worker leaving thread
2015-07-29 19:33:21,852 - INFO  [/10.10.34.13:3888:QuorumCnxManager$Listener@493] - Received connection request /10.10.34.12:49398
2015-07-29 19:33:21,853 - WARN  [RecvWorker:188978561024:QuorumCnxManager$RecvWorker@762] - Connection broken for id 188978561024, my id = 3, error = 
2015-07-29 19:33:21,853 - WARN  [RecvWorker:188978561024:QuorumCnxManager$RecvWorker@765] - Interrupting SendWorker
2015-07-29 19:33:21,853 - WARN  [SendWorker:188978561024:QuorumCnxManager$SendWorker@679] - Interrupted while waiting for message on queue
2015-07-29 19:33:21,853 - WARN  [SendWorker:188978561024:QuorumCnxManager$SendWorker@688] - Send worker leaving thread
2015-07-29 19:33:21,853 - INFO  [/10.10.34.13:3888:QuorumCnxManager$Listener@493] - Received connection request /10.10.34.12:49401
2015-07-29 19:33:21,854 - WARN  [RecvWorker:188978561024:QuorumCnxManager$RecvWorker@762] - Connection broken for id 188978561024, my id = 3, error = 
2015-07-29 19:33:21,854 - WARN  [RecvWorker:188978561024:QuorumCnxManager$RecvWorker@765] - Interrupting SendWorker
2015-07-29 19:33:21,854 - WARN  [SendWorker:188978561024:QuorumCnxManager$SendWorker@679] - Interrupted while waiting for message on queue
2015-07-29 19:33:21,854 - WARN  [SendWorker:188978561024:QuorumCnxManager$SendWorker@688] - Send worker leaving thread
2015-07-29 19:33:21,956 - INFO  [/10.10.34.13:3888:QuorumCnxManager$Listener@493] - Received connection request /10.10.34.13:46662
2015-07-29 19:33:21,957 - WARN  [RecvWorker:188978561024:QuorumCnxManager$RecvWorker@762] - Connection broken for id 188978561024, my id = 3, error = 
2015-07-29 19:33:21,957 - WARN  [RecvWorker:188978561024:QuorumCnxManager$RecvWorker@765] - Interrupting SendWorker
2015-07-29 19:33:21,957 - WARN  [SendWorker:188978561024:QuorumCnxManager$SendWorker@679] - Interrupted while waiting for message on queue
2015-07-29 19:33:21,957 - WARN  [SendWorker:188978561024:QuorumCnxManager$SendWorker@688] - Send worker leaving thread
2015-07-29 19:33:21,965 - INFO  [/10.10.34.13:3888:QuorumCnxManager$Listener@493] - Received connection request /10.10.34.13:46668
2015-07-29 19:33:21,965 - WARN  [RecvWorker:188978561024:QuorumCnxManager$RecvWorker@762] - Connection broken for id 188978561024, my id = 3, error = 
2015-07-29 19:33:21,965 - WARN  [RecvWorker:188978561024:QuorumCnxManager$RecvWorker@765] - Interrupting SendWorker
2015-07-29 19:33:21,966 - WARN  [SendWorker:188978561024:QuorumCnxManager$SendWorker@679] - Interrupted while waiting for message on queue
2015-07-29 19:33:21,966 - WARN  [SendWorker:188978561024:QuorumCnxManager$SendWorker@688] - Send worker leaving thread
2015-07-29 19:33:21,966 - INFO  [/10.10.34.13:3888:QuorumCnxManager$Listener@493] - Received connection request /10.10.34.13:46670
2015-07-29 19:33:21,967 - WARN  [RecvWorker:188978561024:QuorumCnxManager$RecvWorker@762] - Connection broken for id 188978561024, my id = 3, error = 
2015-07-29 19:33:21,967 - WARN  [RecvWorker:188978561024:QuorumCnxManager$RecvWorker@765] - Interrupting SendWorker
2015-07-29 19:33:21,967 - INFO  [/10.10.34.13:3888:QuorumCnxManager$Listener@493] - Received connection request /10.10.34.13:46671
2015-07-29 19:33:21,967 - WARN  [SendWorker:188978561024:QuorumCnxManager$SendWorker@679] - Interrupted while waiting for message on queue
2015-07-29 19:33:21,967 - WARN  [SendWorker:188978561024:QuorumCnxManager$SendWorker@688] - Send worker leaving thread
2015-07-29 19:33:21,967 - WARN  [RecvWorker:188978561024:QuorumCnxManager$RecvWorker@762] - Connection broken for id 188978561024, my id = 3, error = 
2015-07-29 19:33:21,968 - WARN  [RecvWorker:188978561024:QuorumCnxManager$RecvWorker@765] - Interrupting SendWorker
2015-07-29 19:33:21,968 - WARN  [SendWorker:188978561024:QuorumCnxManager$SendWorker@679] - Interrupted while waiting for message on queue
2015-07-29 19:33:21,968 - WARN  [SendWorker:188978561024:QuorumCnxManager$SendWorker@688] - Send worker leaving thread
2015-07-29 19:33:23,067 - INFO  [/10.10.34.13:3888:QuorumCnxManager$Listener@493] - Received connection request /10.10.34.11:49204
2015-07-29 19:33:23,068 - WARN  [RecvWorker:188978561024:QuorumCnxManager$RecvWorker@762] - Connection broken for id 188978561024, my id = 3, error = 
2015-07-29 19:33:23,068 - WARN  [RecvWorker:188978561024:QuorumCnxManager$RecvWorker@765] - Interrupting SendWorker
2015-07-29 19:33:23,068 - WARN  [SendWorker:188978561024:QuorumCnxManager$SendWorker@679] - Interrupted while waiting for message on queue
2015-07-29 19:33:23,069 - WARN  [SendWorker:188978561024:QuorumCnxManager$SendWorker@688] - Send worker leaving thread
2015-07-29 19:33:25,099 - INFO  [/10.10.34.13:3888:QuorumCnxManager$Listener@493] - Received connection request /10.10.34.11:49208
2015-07-29 19:33:25,100 - WARN  [RecvWorker:188978561024:QuorumCnxManager$RecvWorker@762] - Connection broken for id 188978561024, my id = 3, error = 
2015-07-29 19:33:25,100 - WARN  [RecvWorker:188978561024:QuorumCnxManager$RecvWorker@765] - Interrupting SendWorker
2015-07-29 19:33:25,100 - WARN  [SendWorker:188978561024:QuorumCnxManager$SendWorker@679] - Interrupted while waiting for message on queue
2015-07-29 19:33:25,100 - WARN  [SendWorker:188978561024:QuorumCnxManager$SendWorker@688] - Send worker leaving thread
2015-07-29 19:33:25,101 - INFO  [/10.10.34.13:3888:QuorumCnxManager$Listener@493] - Received connection request /10.10.34.11:49213
2015-07-29 19:33:25,101 - WARN  [RecvWorker:188978561024:QuorumCnxManager$RecvWorker@762] - Connection broken for id 188978561024, my id = 3, error = 
2015-07-29 19:33:25,101 - WARN  [RecvWorker:188978561024:QuorumCnxManager$RecvWorker@765] - Interrupting SendWorker
2015-07-29 19:33:25,102 - WARN  [SendWorker:188978561024:QuorumCnxManager$SendWorker@679] - Interrupted while waiting for message on queue
2015-07-29 19:33:25,102 - WARN  [SendWorker:188978561024:QuorumCnxManager$SendWorker@688] - Send worker leaving thread
2015-07-29 19:33:25,102 - INFO  [/10.10.34.13:3888:QuorumCnxManager$Listener@493] - Received connection request /10.10.34.11:49215
2015-07-29 19:33:25,102 - WARN  [RecvWorker:188978561024:QuorumCnxManager$RecvWorker@762] - Connection broken for id 188978561024, my id = 3, error = 
2015-07-29 19:33:25,103 - WARN  [RecvWorker:188978561024:QuorumCnxManager$RecvWorker@765] - Interrupting SendWorker
2015-07-29 19:33:25,103 - WARN  [SendWorker:188978561024:QuorumCnxManager$SendWorker@679] - Interrupted while waiting for message on queue
2015-07-29 19:33:25,103 - WARN  [SendWorker:188978561024:QuorumCnxManager$SendWorker@688] - Send worker leaving thread
2015-07-29 19:33:25,105 - INFO  [/10.10.34.13:3888:QuorumCnxManager$Listener@493] - Received connection request /10.10.34.11:49218
2015-07-29 19:33:25,106 - WARN  [RecvWorker:188978561024:QuorumCnxManager$RecvWorker@762] - Connection broken for id 188978561024, my id = 3, error = 
2015-07-29 19:33:25,106 - WARN  [RecvWorker:188978561024:QuorumCnxManager$RecvWorker@765] - Interrupting SendWorker
2015-07-29 19:33:25,106 - WARN  [SendWorker:188978561024:QuorumCnxManager$SendWorker@679] - Interrupted while waiting for message on queue
2015-07-29 19:33:25,106 - WARN  [SendWorker:188978561024:QuorumCnxManager$SendWorker@688] - Send worker leaving thread
2015-07-29 19:33:25,188 - INFO  [/10.10.34.13:3888:QuorumCnxManager$Listener@493] - Received connection request /10.10.34.12:49402
2015-07-29 19:33:25,188 - WARN  [RecvWorker:188978561024:QuorumCnxManager$RecvWorker@762] - Connection broken for id 188978561024, my id = 3, error = 
2015-07-29 19:33:25,188 - WARN  [RecvWorker:188978561024:QuorumCnxManager$RecvWorker@765] - Interrupting SendWorker
2015-07-29 19:33:25,189 - WARN  [SendWorker:188978561024:QuorumCnxManager$SendWorker@679] - Interrupted while waiting for message on queue
2015-07-29 19:33:25,189 - WARN  [SendWorker:188978561024:QuorumCnxManager$SendWorker@688] - Send worker leaving thread
2015-07-29 19:33:25,189 - INFO  [/10.10.34.13:3888:QuorumCnxManager$Listener@493] - Received connection request /10.10.34.12:49404
2015-07-29 19:33:25,190 - WARN  [RecvWorker:188978561024:QuorumCnxManager$RecvWorker@762] - Connection broken for id 188978561024, my id = 3, error = 
2015-07-29 19:33:25,190 - WARN  [RecvWorker:188978561024:QuorumCnxManager$RecvWorker@765] - Interrupting SendWorker
2015-07-29 19:33:25,190 - WARN  [SendWorker:188978561024:QuorumCnxManager$SendWorker@679] - Interrupted while waiting for message on queue
2015-07-29 19:33:25,190 - WARN  [SendWorker:188978561024:QuorumCnxManager$SendWorker@688] - Send worker leaving thread
2015-07-29 19:33:25,190 - INFO  [/10.10.34.13:3888:QuorumCnxManager$Listener@493] - Received connection request /10.10.34.12:49406
2015-07-29 19:33:25,191 - WARN  [RecvWorker:188978561024:QuorumCnxManager$RecvWorker@762] - Connection broken for id 188978561024, my id = 3, error = 
2015-07-29 19:33:25,191 - WARN  [RecvWorker:188978561024:QuorumCnxManager$RecvWorker@765] - Interrupting SendWorker
2015-07-29 19:33:25,191 - WARN  [SendWorker:188978561024:QuorumCnxManager$SendWorker@679] - Interrupted while waiting for message on queue
2015-07-29 19:33:25,191 - WARN  [SendWorker:188978561024:QuorumCnxManager$SendWorker@688] - Send worker leaving thread
2015-07-29 19:33:25,196 - INFO  [/10.10.34.13:3888:QuorumCnxManager$Listener@493] - Received connection request /10.10.34.12:49413
2015-07-29 19:33:25,197 - WARN  [RecvWorker:188978561024:QuorumCnxManager$RecvWorker@762] - Connection broken for id 188978561024, my id = 3, error = 
2015-07-29 19:33:25,197 - WARN  [RecvWorker:188978561024:QuorumCnxManager$RecvWorker@765] - Interrupting SendWorker
2015-07-29 19:33:25,197 - WARN  [SendWorker:188978561024:QuorumCnxManager$SendWorker@679] - Interrupted while waiting for message on queue
2015-07-29 19:33:25,197 - WARN  [SendWorker:188978561024:QuorumCnxManager$SendWorker@688] - Send worker leaving thread
2015-07-29 19:33:25,296 - INFO  [/10.10.34.13:3888:QuorumCnxManager$Listener@493] - Received connection request /10.10.34.13:46674
2015-07-29 19:33:25,297 - WARN  [RecvWorker:188978561024:QuorumCnxManager$RecvWorker@762] - Connection broken for id 188978561024, my id = 3, error = 
2015-07-29 19:33:25,297 - WARN  [RecvWorker:188978561024:QuorumCnxManager$RecvWorker@765] - Interrupting SendWorker
2015-07-29 19:33:25,297 - WARN  [SendWorker:188978561024:QuorumCnxManager$SendWorker@679] - Interrupted while waiting for message on queue
2015-07-29 19:33:25,297 - WARN  [SendWorker:188978561024:QuorumCnxManager$SendWorker@688] - Send worker leaving thread
2015-07-29 19:33:25,305 - INFO  [/10.10.34.13:3888:QuorumCnxManager$Listener@493] - Received connection request /10.10.34.13:46680
2015-07-29 19:33:25,305 - WARN  [RecvWorker:188978561024:QuorumCnxManager$RecvWorker@762] - Connection broken for id 188978561024, my id = 3, error = 
2015-07-29 19:33:25,306 - WARN  [RecvWorker:188978561024:QuorumCnxManager$RecvWorker@765] - Interrupting SendWorker
2015-07-29 19:33:25,306 - WARN  [SendWorker:188978561024:QuorumCnxManager$SendWorker@679] - Interrupted while waiting for message on queue
2015-07-29 19:33:25,306 - WARN  [SendWorker:188978561024:QuorumCnxManager$SendWorker@688] - Send worker leaving thread
2015-07-29 19:33:25,306 - INFO  [/10.10.34.13:3888:QuorumCnxManager$Listener@493] - Received connection request /10.10.34.13:46682
2015-07-29 19:33:25,307 - WARN  [RecvWorker:188978561024:QuorumCnxManager$RecvWorker@762] - Connection broken for id 188978561024, my id = 3, error = 
2015-07-29 19:33:25,307 - WARN  [RecvWorker:188978561024:QuorumCnxManager$RecvWorker@765] - Interrupting SendWorker
2015-07-29 19:33:25,307 - INFO  [/10.10.34.13:3888:QuorumCnxManager$Listener@493] - Received connection request /10.10.34.13:46683
2015-07-29 19:33:25,307 - WARN  [SendWorker:188978561024:QuorumCnxManager$SendWorker@679] - Interrupted while waiting for message on queue
2015-07-29 19:33:25,307 - WARN  [SendWorker:188978561024:QuorumCnxManager$SendWorker@688] - Send worker leaving thread
2015-07-29 19:33:25,308 - WARN  [RecvWorker:188978561024:QuorumCnxManager$RecvWorker@762] - Connection broken for id 188978561024, my id = 3, error = 
2015-07-29 19:33:25,308 - WARN  [RecvWorker:188978561024:QuorumCnxManager$RecvWorker@765] - Interrupting SendWorker
2015-07-29 19:33:25,308 - WARN  [SendWorker:188978561024:QuorumCnxManager$SendWorker@679] - Interrupted while waiting for message on queue
2015-07-29 19:33:25,308 - WARN  [SendWorker:188978561024:QuorumCnxManager$SendWorker@688] - Send worker leaving thread
2015-07-29 19:33:26,408 - INFO  [/10.10.34.13:3888:QuorumCnxManager$Listener@493] - Received connection request /10.10.34.11:49219
2015-07-29 19:33:26,408 - WARN  [RecvWorker:188978561024:QuorumCnxManager$RecvWorker@762] - Connection broken for id 188978561024, my id = 3, error = 
2015-07-29 19:33:26,409 - WARN  [RecvWorker:188978561024:QuorumCnxManager$RecvWorker@765] - Interrupting SendWorker
2015-07-29 19:33:26,409 - WARN  [SendWorker:188978561024:QuorumCnxManager$SendWorker@679] - Interrupted while waiting for message on queue
2015-07-29 19:33:26,409 - WARN  [SendWorker:188978561024:QuorumCnxManager$SendWorker@688] - Send worker leaving thread
2015-07-29 19:33:28,439 - INFO  [/10.10.34.13:3888:QuorumCnxManager$Listener@493] - Received connection request /10.10.34.11:49223
2015-07-29 19:33:28,440 - WARN  [RecvWorker:188978561024:QuorumCnxManager$RecvWorker@762] - Connection broken for id 188978561024, my id = 3, error = 
2015-07-29 19:33:28,440 - WARN  [RecvWorker:188978561024:QuorumCnxManager$RecvWorker@765] - Interrupting SendWorker
2015-07-29 19:33:28,440 - WARN  [SendWorker:188978561024:QuorumCnxManager$SendWorker@679] - Interrupted while waiting for message on queue
2015-07-29 19:33:28,440 - WARN  [SendWorker:188978561024:QuorumCnxManager$SendWorker@688] - Send worker leaving thread
2015-07-29 19:33:28,441 - INFO  [/10.10.34.13:3888:QuorumCnxManager$Listener@493] - Received connection request /10.10.34.11:49228
2015-07-29 19:33:28,442 - WARN  [RecvWorker:188978561024:QuorumCnxManager$RecvWorker@762] - Connection broken for id 188978561024, my id = 3, error = 
2015-07-29 19:33:28,442 - WARN  [RecvWorker:188978561024:QuorumCnxManager$RecvWorker@765] - Interrupting SendWorker
2015-07-29 19:33:28,442 - WARN  [SendWorker:188978561024:QuorumCnxManager$SendWorker@679] - Interrupted while waiting for message on queue
2015-07-29 19:33:28,442 - WARN  [SendWorker:188978561024:QuorumCnxManager$SendWorker@688] - Send worker leaving thread
2015-07-29 19:33:28,442 - INFO  [/10.10.34.13:3888:QuorumCnxManager$Listener@493] - Received connection request /10.10.34.11:49230
2015-07-29 19:33:28,443 - WARN  [RecvWorker:188978561024:QuorumCnxManager$RecvWorker@762] - Connection broken for id 188978561024, my id = 3, error = 
2015-07-29 19:33:28,443 - WARN  [RecvWorker:188978561024:QuorumCnxManager$RecvWorker@765] - Interrupting SendWorker
2015-07-29 19:33:28,443 - WARN  [SendWorker:188978561024:QuorumCnxManager$SendWorker@679] - Interrupted while waiting for message on queue
2015-07-29 19:33:28,443 - WARN  [SendWorker:188978561024:QuorumCnxManager$SendWorker@688] - Send worker leaving thread
2015-07-29 19:33:28,445 - INFO  [/10.10.34.13:3888:QuorumCnxManager$Listener@493] - Received connection request /10.10.34.11:49233
2015-07-29 19:33:28,446 - WARN  [RecvWorker:188978561024:QuorumCnxManager$RecvWorker@762] - Connection broken for id 188978561024, my id = 3, error = 
2015-07-29 19:33:28,446 - WARN  [RecvWorker:188978561024:QuorumCnxManager$RecvWorker@765] - Interrupting SendWorker
2015-07-29 19:33:28,446 - WARN  [SendWorker:188978561024:QuorumCnxManager$SendWorker@679] - Interrupted while waiting for message on queue
2015-07-29 19:33:28,446 - WARN  [SendWorker:188978561024:QuorumCnxManager$SendWorker@688] - Send worker leaving thread
2015-07-29 19:33:28,531 - INFO  [/10.10.34.13:3888:QuorumCnxManager$Listener@493] - Received connection request /10.10.34.12:49415
2015-07-29 19:33:28,531 - WARN  [RecvWorker:188978561024:QuorumCnxManager$RecvWorker@762] - Connection broken for id 188978561024, my id = 3, error = 
2015-07-29 19:33:28,532 - WARN  [RecvWorker:188978561024:QuorumCnxManager$RecvWorker@765] - Interrupting SendWorker
2015-07-29 19:33:28,532 - INFO  [/10.10.34.13:3888:QuorumCnxManager$Listener@493] - Received connection request /10.10.34.12:49416
2015-07-29 19:33:28,532 - WARN  [SendWorker:188978561024:QuorumCnxManager$SendWorker@679] - Interrupted while waiting for message on queue
2015-07-29 19:33:28,532 - WARN  [SendWorker:188978561024:QuorumCnxManager$SendWorker@688] - Send worker leaving thread
2015-07-29 19:33:28,532 - INFO  [/10.10.34.13:3888:QuorumCnxManager$Listener@493] - Received connection request /10.10.34.12:49417
2015-07-29 19:33:28,532 - WARN  [RecvWorker:188978561024:QuorumCnxManager$RecvWorker@762] - Connection broken for id 188978561024, my id = 3, error = 
2015-07-29 19:33:28,533 - WARN  [RecvWorker:188978561024:QuorumCnxManager$RecvWorker@765] - Interrupting SendWorker
2015-07-29 19:33:28,533 - WARN  [SendWorker:188978561024:QuorumCnxManager$SendWorker@679] - Interrupted while waiting for message on queue
2015-07-29 19:33:28,533 - WARN  [SendWorker:188978561024:QuorumCnxManager$SendWorker@688] - Send worker leaving thread
2015-07-29 19:33:28,533 - WARN  [RecvWorker:188978561024:QuorumCnxManager$RecvWorker@762] - Connection broken for id 188978561024, my id = 3, error = 
2015-07-29 19:33:28,533 - WARN  [RecvWorker:188978561024:QuorumCnxManager$RecvWorker@765] - Interrupting SendWorker
2015-07-29 19:33:28,533 - WARN  [SendWorker:188978561024:QuorumCnxManager$SendWorker@679] - Interrupted while waiting for message on queue
2015-07-29 19:33:28,534 - WARN  [SendWorker:188978561024:QuorumCnxManager$SendWorker@688] - Send worker leaving thread
2015-07-29 19:33:28,536 - INFO  [/10.10.34.13:3888:QuorumCnxManager$Listener@493] - Received connection request /10.10.34.12:49425
2015-07-29 19:33:28,537 - WARN  [RecvWorker:188978561024:QuorumCnxManager$RecvWorker@762] - Connection broken for id 188978561024, my id = 3, error = 
2015-07-29 19:33:28,537 - WARN  [RecvWorker:188978561024:QuorumCnxManager$RecvWorker@765] - Interrupting SendWorker
2015-07-29 19:33:28,537 - WARN  [SendWorker:188978561024:QuorumCnxManager$SendWorker@679] - Interrupted while waiting for message on queue
2015-07-29 19:33:28,538 - WARN  [SendWorker:188978561024:QuorumCnxManager$SendWorker@688] - Send worker leaving thread
2015-07-29 19:33:28,636 - INFO  [/10.10.34.13:3888:QuorumCnxManager$Listener@493] - Received connection request /10.10.34.13:46686
2015-07-29 19:33:28,637 - WARN  [RecvWorker:188978561024:QuorumCnxManager$RecvWorker@762] - Connection broken for id 188978561024, my id = 3, error = 
2015-07-29 19:33:28,637 - WARN  [RecvWorker:188978561024:QuorumCnxManager$RecvWorker@765] - Interrupting SendWorker
2015-07-29 19:33:28,637 - WARN  [SendWorker:188978561024:QuorumCnxManager$SendWorker@679] - Interrupted while waiting for message on queue
2015-07-29 19:33:28,638 - WARN  [SendWorker:188978561024:QuorumCnxManager$SendWorker@688] - Send worker leaving thread
2015-07-29 19:33:28,645 - INFO  [/10.10.34.13:3888:QuorumCnxManager$Listener@493] - Received connection request /10.10.34.13:46691
2015-07-29 19:33:28,645 - WARN  [RecvWorker:188978561024:QuorumCnxManager$RecvWorker@762] - Connection broken for id 188978561024, my id = 3, error = 
2015-07-29 19:33:28,646 - WARN  [RecvWorker:188978561024:QuorumCnxManager$RecvWorker@765] - Interrupting SendWorker
2015-07-29 19:33:28,646 - WARN  [SendWorker:188978561024:QuorumCnxManager$SendWorker@679] - Interrupted while waiting for message on queue
2015-07-29 19:33:28,646 - WARN  [SendWorker:188978561024:QuorumCnxManager$SendWorker@688] - Send worker leaving thread
2015-07-29 19:33:28,646 - INFO  [/10.10.34.13:3888:QuorumCnxManager$Listener@493] - Received connection request /10.10.34.13:46694
2015-07-29 19:33:28,647 - WARN  [RecvWorker:188978561024:QuorumCnxManager$RecvWorker@762] - Connection broken for id 188978561024, my id = 3, error = 
2015-07-29 19:33:28,647 - WARN  [RecvWorker:188978561024:QuorumCnxManager$RecvWorker@765] - Interrupting SendWorker
2015-07-29 19:33:28,647 - INFO  [/10.10.34.13:3888:QuorumCnxManager$Listener@493] - Received connection request /10.10.34.13:46695
2015-07-29 19:33:28,647 - WARN  [SendWorker:188978561024:QuorumCnxManager$SendWorker@679] - Interrupted while waiting for message on queue
2015-07-29 19:33:28,647 - WARN  [SendWorker:188978561024:QuorumCnxManager$SendWorker@688] - Send worker leaving thread
2015-07-29 19:33:28,648 - WARN  [RecvWorker:188978561024:QuorumCnxManager$RecvWorker@762] - Connection broken for id 188978561024, my id = 3, error = 
2015-07-29 19:33:28,648 - WARN  [RecvWorker:188978561024:QuorumCnxManager$RecvWorker@765] - Interrupting SendWorker
2015-07-29 19:33:28,648 - WARN  [SendWorker:188978561024:QuorumCnxManager$SendWorker@679] - Interrupted while waiting for message on queue
2015-07-29 19:33:28,648 - WARN  [SendWorker:188978561024:QuorumCnxManager$SendWorker@688] - Send worker leaving thread
2015-07-29 19:33:31,780 - INFO  [/10.10.34.13:3888:QuorumCnxManager$Listener@493] - Received connection request /10.10.34.11:49235
2015-07-29 19:33:31,780 - WARN  [RecvWorker:188978561024:QuorumCnxManager$RecvWorker@762] - Connection broken for id 188978561024, my id = 3, error = 
2015-07-29 19:33:31,780 - WARN  [RecvWorker:188978561024:QuorumCnxManager$RecvWorker@765] - Interrupting SendWorker
2015-07-29 19:33:31,781 - WARN  [SendWorker:188978561024:QuorumCnxManager$SendWorker@679] - Interrupted while waiting for message on queue
2015-07-29 19:33:31,781 - WARN  [SendWorker:188978561024:QuorumCnxManager$SendWorker@688] - Send worker leaving thread
2015-07-29 19:33:31,781 - INFO  [/10.10.34.13:3888:QuorumCnxManager$Listener@493] - Received connection request /10.10.34.11:49240
2015-07-29 19:33:31,782 - WARN  [RecvWorker:188978561024:QuorumCnxManager$RecvWorker@762] - Connection broken for id 188978561024, my id = 3, error = 
2015-07-29 19:33:31,782 - WARN  [RecvWorker:188978561024:QuorumCnxManager$RecvWorker@765] - Interrupting SendWorker
2015-07-29 19:33:31,782 - WARN  [SendWorker:188978561024:QuorumCnxManager$SendWorker@679] - Interrupted while waiting for message on queue
2015-07-29 19:33:31,782 - WARN  [SendWorker:188978561024:QuorumCnxManager$SendWorker@688] - Send worker leaving thread
2015-07-29 19:33:31,782 - INFO  [/10.10.34.13:3888:QuorumCnxManager$Listener@493] - Received connection request /10.10.34.11:49242
2015-07-29 19:33:31,783 - WARN  [RecvWorker:188978561024:QuorumCnxManager$RecvWorker@762] - Connection broken for id 188978561024, my id = 3, error = 
2015-07-29 19:33:31,783 - WARN  [RecvWorker:188978561024:QuorumCnxManager$RecvWorker@765] - Interrupting SendWorker
2015-07-29 19:33:31,783 - WARN  [SendWorker:188978561024:QuorumCnxManager$SendWorker@679] - Interrupted while waiting for message on queue
2015-07-29 19:33:31,784 - WARN  [SendWorker:188978561024:QuorumCnxManager$SendWorker@688] - Send worker leaving thread
2015-07-29 19:33:31,785 - INFO  [/10.10.34.13:3888:QuorumCnxManager$Listener@493] - Received connection request /10.10.34.11:49245
2015-07-29 19:33:31,786 - WARN  [RecvWorker:188978561024:QuorumCnxManager$RecvWorker@762] - Connection broken for id 188978561024, my id = 3, error = 
2015-07-29 19:33:31,786 - WARN  [RecvWorker:188978561024:QuorumCnxManager$RecvWorker@765] - Interrupting SendWorker
2015-07-29 19:33:31,786 - WARN  [SendWorker:188978561024:QuorumCnxManager$SendWorker@679] - Interrupted while waiting for message on queue
2015-07-29 19:33:31,786 - WARN  [SendWorker:188978561024:QuorumCnxManager$SendWorker@688] - Send worker leaving thread
2015-07-29 19:33:31,871 - INFO  [/10.10.34.13:3888:QuorumCnxManager$Listener@493] - Received connection request /10.10.34.12:49427
2015-07-29 19:33:31,871 - WARN  [RecvWorker:188978561024:QuorumCnxManager$RecvWorker@762] - Connection broken for id 188978561024, my id = 3, error = 
2015-07-29 19:33:31,872 - WARN  [RecvWorker:188978561024:QuorumCnxManager$RecvWorker@765] - Interrupting SendWorker
2015-07-29 19:33:31,872 - INFO  [/10.10.34.13:3888:QuorumCnxManager$Listener@493] - Received connection request /10.10.34.12:49428
2015-07-29 19:33:31,872 - WARN  [SendWorker:188978561024:QuorumCnxManager$SendWorker@679] - Interrupted while waiting for message on queue
2015-07-29 19:33:31,872 - WARN  [SendWorker:188978561024:QuorumCnxManager$SendWorker@688] - Send worker leaving thread
2015-07-29 19:33:31,872 - WARN  [RecvWorker:188978561024:QuorumCnxManager$RecvWorker@762] - Connection broken for id 188978561024, my id = 3, error = 
2015-07-29 19:33:31,872 - WARN  [RecvWorker:188978561024:QuorumCnxManager$RecvWorker@765] - Interrupting SendWorker
2015-07-29 19:33:31,873 - INFO  [/10.10.34.13:3888:QuorumCnxManager$Listener@493] - Received connection request /10.10.34.12:49430
2015-07-29 19:33:31,873 - WARN  [SendWorker:188978561024:QuorumCnxManager$SendWorker@679] - Interrupted while waiting for message on queue
2015-07-29 19:33:31,873 - WARN  [SendWorker:188978561024:QuorumCnxManager$SendWorker@688] - Send worker leaving thread
2015-07-29 19:33:31,873 - WARN  [RecvWorker:188978561024:QuorumCnxManager$RecvWorker@762] - Connection broken for id 188978561024, my id = 3, error = 
2015-07-29 19:33:31,873 - WARN  [RecvWorker:188978561024:QuorumCnxManager$RecvWorker@765] - Interrupting SendWorker
2015-07-29 19:33:31,874 - WARN  [SendWorker:188978561024:QuorumCnxManager$SendWorker@679] - Interrupted while waiting for message on queue
2015-07-29 19:33:31,874 - WARN  [SendWorker:188978561024:QuorumCnxManager$SendWorker@688] - Send worker leaving thread
2015-07-29 19:33:31,876 - INFO  [/10.10.34.13:3888:QuorumCnxManager$Listener@493] - Received connection request /10.10.34.12:49437
2015-07-29 19:33:31,877 - WARN  [RecvWorker:188978561024:QuorumCnxManager$RecvWorker@762] - Connection broken for id 188978561024, my id = 3, error = 
2015-07-29 19:33:31,877 - WARN  [RecvWorker:188978561024:QuorumCnxManager$RecvWorker@765] - Interrupting SendWorker
2015-07-29 19:33:31,877 - WARN  [SendWorker:188978561024:QuorumCnxManager$SendWorker@679] - Interrupted while waiting for message on queue
2015-07-29 19:33:31,877 - WARN  [SendWorker:188978561024:QuorumCnxManager$SendWorker@688] - Send worker leaving thread
2015-07-29 19:33:31,976 - INFO  [/10.10.34.13:3888:QuorumCnxManager$Listener@493] - Received connection request /10.10.34.13:46698
2015-07-29 19:33:31,977 - WARN  [RecvWorker:188978561024:QuorumCnxManager$RecvWorker@762] - Connection broken for id 188978561024, my id = 3, error = 
2015-07-29 19:33:31,977 - WARN  [RecvWorker:188978561024:QuorumCnxManager$RecvWorker@765] - Interrupting SendWorker
2015-07-29 19:33:31,977 - WARN  [SendWorker:188978561024:QuorumCnxManager$SendWorker@679] - Interrupted while waiting for message on queue
2015-07-29 19:33:31,978 - WARN  [SendWorker:188978561024:QuorumCnxManager$SendWorker@688] - Send worker leaving thread
2015-07-29 19:33:31,985 - INFO  [/10.10.34.13:3888:QuorumCnxManager$Listener@493] - Received connection request /10.10.34.13:46704
2015-07-29 19:33:31,986 - WARN  [RecvWorker:188978561024:QuorumCnxManager$RecvWorker@762] - Connection broken for id 188978561024, my id = 3, error = 
2015-07-29 19:33:31,986 - WARN  [RecvWorker:188978561024:QuorumCnxManager$RecvWorker@765] - Interrupting SendWorker
2015-07-29 19:33:31,986 - WARN  [SendWorker:188978561024:QuorumCnxManager$SendWorker@679] - Interrupted while waiting for message on queue
2015-07-29 19:33:31,986 - WARN  [SendWorker:188978561024:QuorumCnxManager$SendWorker@688] - Send worker leaving thread
2015-07-29 19:33:31,986 - INFO  [/10.10.34.13:3888:QuorumCnxManager$Listener@493] - Received connection request /10.10.34.13:46706
2015-07-29 19:33:31,987 - WARN  [RecvWorker:188978561024:QuorumCnxManager$RecvWorker@762] - Connection broken for id 188978561024, my id = 3, error = 
2015-07-29 19:33:31,987 - WARN  [RecvWorker:188978561024:QuorumCnxManager$RecvWorker@765] - Interrupting SendWorker
2015-07-29 19:33:31,987 - INFO  [/10.10.34.13:3888:QuorumCnxManager$Listener@493] - Received connection request /10.10.34.13:46707
2015-07-29 19:33:31,987 - WARN  [SendWorker:188978561024:QuorumCnxManager$SendWorker@679] - Interrupted while waiting for message on queue
2015-07-29 19:33:31,988 - WARN  [SendWorker:188978561024:QuorumCnxManager$SendWorker@688] - Send worker leaving thread
2015-07-29 19:33:31,988 - WARN  [RecvWorker:188978561024:QuorumCnxManager$RecvWorker@762] - Connection broken for id 188978561024, my id = 3, error = 
2015-07-29 19:33:31,988 - WARN  [RecvWorker:188978561024:QuorumCnxManager$RecvWorker@765] - Interrupting SendWorker
2015-07-29 19:33:31,988 - WARN  [SendWorker:188978561024:QuorumCnxManager$SendWorker@679] - Interrupted while waiting for message on queue
2015-07-29 19:33:31,988 - WARN  [SendWorker:188978561024:QuorumCnxManager$SendWorker@688] - Send worker leaving thread
2015-07-29 19:33:35,120 - INFO  [/10.10.34.13:3888:QuorumCnxManager$Listener@493] - Received connection request /10.10.34.11:49247
2015-07-29 19:33:35,121 - WARN  [RecvWorker:188978561024:QuorumCnxManager$RecvWorker@762] - Connection broken for id 188978561024, my id = 3, error = 
2015-07-29 19:33:35,121 - WARN  [RecvWorker:188978561024:QuorumCnxManager$RecvWorker@765] - Interrupting SendWorker
2015-07-29 19:33:35,121 - WARN  [SendWorker:188978561024:QuorumCnxManager$SendWorker@679] - Interrupted while waiting for message on queue
2015-07-29 19:33:35,121 - WARN  [SendWorker:188978561024:QuorumCnxManager$SendWorker@688] - Send worker leaving thread
2015-07-29 19:33:35,121 - INFO  [/10.10.34.13:3888:QuorumCnxManager$Listener@493] - Received connection request /10.10.34.11:49252
2015-07-29 19:33:35,122 - WARN  [RecvWorker:188978561024:QuorumCnxManager$RecvWorker@762] - Connection broken for id 188978561024, my id = 3, error = 
2015-07-29 19:33:35,122 - WARN  [RecvWorker:188978561024:QuorumCnxManager$RecvWorker@765] - Interrupting SendWorker
2015-07-29 19:33:35,122 - WARN  [SendWorker:188978561024:QuorumCnxManager$SendWorker@679] - Interrupted while waiting for message on queue
2015-07-29 19:33:35,123 - INFO  [/10.10.34.13:3888:QuorumCnxManager$Listener@493] - Received connection request /10.10.34.11:49254
2015-07-29 19:33:35,123 - WARN  [SendWorker:188978561024:QuorumCnxManager$SendWorker@688] - Send worker leaving thread
2015-07-29 19:33:35,123 - WARN  [RecvWorker:188978561024:QuorumCnxManager$RecvWorker@762] - Connection broken for id 188978561024, my id = 3, error = 
2015-07-29 19:33:35,123 - WARN  [RecvWorker:188978561024:QuorumCnxManager$RecvWorker@765] - Interrupting SendWorker
2015-07-29 19:33:35,123 - WARN  [SendWorker:188978561024:QuorumCnxManager$SendWorker@679] - Interrupted while waiting for message on queue
2015-07-29 19:33:35,124 - WARN  [SendWorker:188978561024:QuorumCnxManager$SendWorker@688] - Send worker leaving thread
2015-07-29 19:33:35,126 - INFO  [/10.10.34.13:3888:QuorumCnxManager$Listener@493] - Received connection request /10.10.34.11:49257
2015-07-29 19:33:35,126 - WARN  [RecvWorker:188978561024:QuorumCnxManager$RecvWorker@762] - Connection broken for id 188978561024, my id = 3, error = 
2015-07-29 19:33:35,126 - WARN  [RecvWorker:188978561024:QuorumCnxManager$RecvWorker@765] - Interrupting SendWorker
2015-07-29 19:33:35,127 - WARN  [SendWorker:188978561024:QuorumCnxManager$SendWorker@679] - Interrupted while waiting for message on queue
2015-07-29 19:33:35,127 - WARN  [SendWorker:188978561024:QuorumCnxManager$SendWorker@688] - Send worker leaving thread
2015-07-29 19:33:35,211 - INFO  [/10.10.34.13:3888:QuorumCnxManager$Listener@493] - Received connection request /10.10.34.12:49439
2015-07-29 19:33:35,211 - WARN  [RecvWorker:188978561024:QuorumCnxManager$RecvWorker@762] - Connection broken for id 188978561024, my id = 3, error = 
2015-07-29 19:33:35,211 - WARN  [RecvWorker:188978561024:QuorumCnxManager$RecvWorker@765] - Interrupting SendWorker
2015-07-29 19:33:35,212 - WARN  [SendWorker:188978561024:QuorumCnxManager$SendWorker@679] - Interrupted while waiting for message on queue
2015-07-29 19:33:35,212 - WARN  [SendWorker:188978561024:QuorumCnxManager$SendWorker@688] - Send worker leaving thread
2015-07-29 19:33:35,212 - INFO  [/10.10.34.13:3888:QuorumCnxManager$Listener@493] - Received connection request /10.10.34.12:49440
2015-07-29 19:33:35,213 - WARN  [RecvWorker:188978561024:QuorumCnxManager$RecvWorker@762] - Connection broken for id 188978561024, my id = 3, error = 
2015-07-29 19:33:35,213 - WARN  [RecvWorker:188978561024:QuorumCnxManager$RecvWorker@765] - Interrupting SendWorker
2015-07-29 19:33:35,213 - INFO  [/10.10.34.13:3888:QuorumCnxManager$Listener@493] - Received connection request /10.10.34.12:49442
2015-07-29 19:33:35,213 - WARN  [SendWorker:188978561024:QuorumCnxManager$SendWorker@679] - Interrupted while waiting for message on queue
2015-07-29 19:33:35,213 - WARN  [SendWorker:188978561024:QuorumCnxManager$SendWorker@688] - Send worker leaving thread
2015-07-29 19:33:35,214 - WARN  [RecvWorker:188978561024:QuorumCnxManager$RecvWorker@762] - Connection broken for id 188978561024, my id = 3, error = 
2015-07-29 19:33:35,214 - WARN  [RecvWorker:188978561024:QuorumCnxManager$RecvWorker@765] - Interrupting SendWorker
2015-07-29 19:33:35,214 - WARN  [SendWorker:188978561024:QuorumCnxManager$SendWorker@679] - Interrupted while waiting for message on queue
2015-07-29 19:33:35,214 - WARN  [SendWorker:188978561024:QuorumCnxManager$SendWorker@688] - Send worker leaving thread
2015-07-29 19:33:35,216 - INFO  [/10.10.34.13:3888:QuorumCnxManager$Listener@493] - Received connection request /10.10.34.12:49449
2015-07-29 19:33:35,217 - WARN  [RecvWorker:188978561024:QuorumCnxManager$RecvWorker@762] - Connection broken for id 188978561024, my id = 3, error = 
2015-07-29 19:33:35,217 - WARN  [RecvWorker:188978561024:QuorumCnxManager$RecvWorker@765] - Interrupting SendWorker
2015-07-29 19:33:35,217 - WARN  [SendWorker:188978561024:QuorumCnxManager$SendWorker@679] - Interrupted while waiting for message on queue
2015-07-29 19:33:35,218 - WARN  [SendWorker:188978561024:QuorumCnxManager$SendWorker@688] - Send worker leaving thread
2015-07-29 19:33:35,317 - INFO  [/10.10.34.13:3888:QuorumCnxManager$Listener@493] - Received connection request /10.10.34.13:46710
2015-07-29 19:33:35,317 - WARN  [RecvWorker:188978561024:QuorumCnxManager$RecvWorker@762] - Connection broken for id 188978561024, my id = 3, error = 
2015-07-29 19:33:35,317 - WARN  [RecvWorker:188978561024:QuorumCnxManager$RecvWorker@765] - Interrupting SendWorker
2015-07-29 19:33:35,318 - WARN  [SendWorker:188978561024:QuorumCnxManager$SendWorker@679] - Interrupted while waiting for message on queue
2015-07-29 19:33:35,318 - WARN  [SendWorker:188978561024:QuorumCnxManager$SendWorker@688] - Send worker leaving thread
2015-07-29 19:33:35,325 - INFO  [/10.10.34.13:3888:QuorumCnxManager$Listener@493] - Received connection request /10.10.34.13:46715
2015-07-29 19:33:35,326 - WARN  [RecvWorker:188978561024:QuorumCnxManager$RecvWorker@762] - Connection broken for id 188978561024, my id = 3, error = 
2015-07-29 19:33:35,326 - WARN  [RecvWorker:188978561024:QuorumCnxManager$RecvWorker@765] - Interrupting SendWorker
2015-07-29 19:33:35,326 - WARN  [SendWorker:188978561024:QuorumCnxManager$SendWorker@679] - Interrupted while waiting for message on queue
2015-07-29 19:33:35,326 - WARN  [SendWorker:188978561024:QuorumCnxManager$SendWorker@688] - Send worker leaving thread
2015-07-29 19:33:35,326 - INFO  [/10.10.34.13:3888:QuorumCnxManager$Listener@493] - Received connection request /10.10.34.13:46718
2015-07-29 19:33:35,327 - WARN  [RecvWorker:188978561024:QuorumCnxManager$RecvWorker@762] - Connection broken for id 188978561024, my id = 3, error = 
2015-07-29 19:33:35,327 - WARN  [RecvWorker:188978561024:QuorumCnxManager$RecvWorker@765] - Interrupting SendWorker
2015-07-29 19:33:35,327 - INFO  [/10.10.34.13:3888:QuorumCnxManager$Listener@493] - Received connection request /10.10.34.13:46719
2015-07-29 19:33:35,327 - WARN  [SendWorker:188978561024:QuorumCnxManager$SendWorker@679] - Interrupted while waiting for message on queue
2015-07-29 19:33:35,328 - WARN  [SendWorker:188978561024:QuorumCnxManager$SendWorker@688] - Send worker leaving thread
2015-07-29 19:33:35,328 - WARN  [RecvWorker:188978561024:QuorumCnxManager$RecvWorker@762] - Connection broken for id 188978561024, my id = 3, error = 
2015-07-29 19:33:35,328 - WARN  [RecvWorker:188978561024:QuorumCnxManager$RecvWorker@765] - Interrupting SendWorker
2015-07-29 19:33:35,328 - WARN  [SendWorker:188978561024:QuorumCnxManager$SendWorker@679] - Interrupted while waiting for message on queue
2015-07-29 19:33:35,328 - WARN  [SendWorker:188978561024:QuorumCnxManager$SendWorker@688] - Send worker leaving thread
2015-07-29 19:33:38,460 - INFO  [/10.10.34.13:3888:QuorumCnxManager$Listener@493] - Received connection request /10.10.34.11:49259
2015-07-29 19:33:38,461 - WARN  [RecvWorker:188978561024:QuorumCnxManager$RecvWorker@762] - Connection broken for id 188978561024, my id = 3, error = 
2015-07-29 19:33:38,461 - WARN  [RecvWorker:188978561024:QuorumCnxManager$RecvWorker@765] - Interrupting SendWorker
2015-07-29 19:33:38,461 - WARN  [SendWorker:188978561024:QuorumCnxManager$SendWorker@679] - Interrupted while waiting for message on queue
2015-07-29 19:33:38,461 - WARN  [SendWorker:188978561024:QuorumCnxManager$SendWorker@688] - Send worker leaving thread
2015-07-29 19:33:38,461 - INFO  [/10.10.34.13:3888:QuorumCnxManager$Listener@493] - Received connection request /10.10.34.11:49264
2015-07-29 19:33:38,462 - WARN  [RecvWorker:188978561024:QuorumCnxManager$RecvWorker@762] - Connection broken for id 188978561024, my id = 3, error = 
2015-07-29 19:33:38,462 - WARN  [RecvWorker:188978561024:QuorumCnxManager$RecvWorker@765] - Interrupting SendWorker
2015-07-29 19:33:38,463 - WARN  [SendWorker:188978561024:QuorumCnxManager$SendWorker@679] - Interrupted while waiting for message on queue
2015-07-29 19:33:38,463 - WARN  [SendWorker:188978561024:QuorumCnxManager$SendWorker@688] - Send worker leaving thread
2015-07-29 19:33:38,463 - INFO  [/10.10.34.13:3888:QuorumCnxManager$Listener@493] - Received connection request /10.10.34.11:49267
2015-07-29 19:33:38,463 - WARN  [RecvWorker:188978561024:QuorumCnxManager$RecvWorker@762] - Connection broken for id 188978561024, my id = 3, error = 
2015-07-29 19:33:38,464 - WARN  [RecvWorker:188978561024:QuorumCnxManager$RecvWorker@765] - Interrupting SendWorker
2015-07-29 19:33:38,464 - WARN  [SendWorker:188978561024:QuorumCnxManager$SendWorker@679] - Interrupted while waiting for message on queue
2015-07-29 19:33:38,464 - WARN  [SendWorker:188978561024:QuorumCnxManager$SendWorker@688] - Send worker leaving thread
2015-07-29 19:33:38,465 - INFO  [/10.10.34.13:3888:QuorumCnxManager$Listener@493] - Received connection request /10.10.34.11:49269
2015-07-29 19:33:38,465 - WARN  [RecvWorker:188978561024:QuorumCnxManager$RecvWorker@762] - Connection broken for id 188978561024, my id = 3, error = 
2015-07-29 19:33:38,465 - WARN  [RecvWorker:188978561024:QuorumCnxManager$RecvWorker@765] - Interrupting SendWorker
2015-07-29 19:33:38,465 - WARN  [SendWorker:188978561024:QuorumCnxManager$SendWorker@679] - Interrupted while waiting for message on queue
2015-07-29 19:33:38,466 - WARN  [SendWorker:188978561024:QuorumCnxManager$SendWorker@688] - Send worker leaving thread
2015-07-29 19:33:38,551 - INFO  [/10.10.34.13:3888:QuorumCnxManager$Listener@493] - Received connection request /10.10.34.12:49450
2015-07-29 19:33:38,551 - WARN  [RecvWorker:188978561024:QuorumCnxManager$RecvWorker@762] - Connection broken for id 188978561024, my id = 3, error = 
2015-07-29 19:33:38,551 - WARN  [RecvWorker:188978561024:QuorumCnxManager$RecvWorker@765] - Interrupting SendWorker
2015-07-29 19:33:38,552 - WARN  [SendWorker:188978561024:QuorumCnxManager$SendWorker@679] - Interrupted while waiting for message on queue
2015-07-29 19:33:38,552 - WARN  [SendWorker:188978561024:QuorumCnxManager$SendWorker@688] - Send worker leaving thread
2015-07-29 19:33:38,552 - INFO  [/10.10.34.13:3888:QuorumCnxManager$Listener@493] - Received connection request /10.10.34.12:49452
2015-07-29 19:33:38,555 - INFO  [/10.10.34.13:3888:QuorumCnxManager$Listener@493] - Received connection request /10.10.34.12:49454
2015-07-29 19:33:38,555 - WARN  [RecvWorker:188978561024:QuorumCnxManager$RecvWorker@762] - Connection broken for id 188978561024, my id = 3, error = 
2015-07-29 19:33:38,555 - WARN  [RecvWorker:188978561024:QuorumCnxManager$RecvWorker@765] - Interrupting SendWorker
2015-07-29 19:33:38,555 - WARN  [SendWorker:188978561024:QuorumCnxManager$SendWorker@679] - Interrupted while waiting for message on queue
2015-07-29 19:33:38,555 - WARN  [RecvWorker:188978561024:QuorumCnxManager$RecvWorker@762] - Connection broken for id 188978561024, my id = 3, error = 
2015-07-29 19:33:38,556 - WARN  [RecvWorker:188978561024:QuorumCnxManager$RecvWorker@765] - Interrupting SendWorker
2015-07-29 19:33:38,555 - WARN  [SendWorker:188978561024:QuorumCnxManager$SendWorker@688] - Send worker leaving thread
2015-07-29 19:33:38,556 - WARN  [SendWorker:188978561024:QuorumCnxManager$SendWorker@679] - Interrupted while waiting for message on queue
2015-07-29 19:33:38,556 - WARN  [SendWorker:188978561024:QuorumCnxManager$SendWorker@688] - Send worker leaving thread
2015-07-29 19:33:38,556 - INFO  [/10.10.34.13:3888:QuorumCnxManager$Listener@493] - Received connection request /10.10.34.12:49460
2015-07-29 19:33:38,557 - WARN  [RecvWorker:188978561024:QuorumCnxManager$RecvWorker@762] - Connection broken for id 188978561024, my id = 3, error = 
2015-07-29 19:33:38,557 - WARN  [RecvWorker:188978561024:QuorumCnxManager$RecvWorker@765] - Interrupting SendWorker
2015-07-29 19:33:38,557 - WARN  [SendWorker:188978561024:QuorumCnxManager$SendWorker@679] - Interrupted while waiting for message on queue
2015-07-29 19:33:38,558 - WARN  [SendWorker:188978561024:QuorumCnxManager$SendWorker@688] - Send worker leaving thread
2015-07-29 19:33:38,657 - INFO  [/10.10.34.13:3888:QuorumCnxManager$Listener@493] - Received connection request /10.10.34.13:46722
2015-07-29 19:33:38,657 - WARN  [RecvWorker:188978561024:QuorumCnxManager$RecvWorker@762] - Connection broken for id 188978561024, my id = 3, error = 
2015-07-29 19:33:38,657 - WARN  [RecvWorker:188978561024:QuorumCnxManager$RecvWorker@765] - Interrupting SendWorker
2015-07-29 19:33:38,658 - WARN  [SendWorker:188978561024:QuorumCnxManager$SendWorker@679] - Interrupted while waiting for message on queue
2015-07-29 19:33:38,658 - WARN  [SendWorker:188978561024:QuorumCnxManager$SendWorker@688] - Send worker leaving thread
2015-07-29 19:33:38,665 - INFO  [/10.10.34.13:3888:QuorumCnxManager$Listener@493] - Received connection request /10.10.34.13:46728
2015-07-29 19:33:38,666 - WARN  [RecvWorker:188978561024:QuorumCnxManager$RecvWorker@762] - Connection broken for id 188978561024, my id = 3, error = 
2015-07-29 19:33:38,666 - WARN  [RecvWorker:188978561024:QuorumCnxManager$RecvWorker@765] - Interrupting SendWorker
2015-07-29 19:33:38,666 - WARN  [SendWorker:188978561024:QuorumCnxManager$SendWorker@679] - Interrupted while waiting for message on queue
2015-07-29 19:33:38,666 - WARN  [SendWorker:188978561024:QuorumCnxManager$SendWorker@688] - Send worker leaving thread
2015-07-29 19:33:38,666 - INFO  [/10.10.34.13:3888:QuorumCnxManager$Listener@493] - Received connection request /10.10.34.13:46730
2015-07-29 19:33:38,667 - WARN  [RecvWorker:188978561024:QuorumCnxManager$RecvWorker@762] - Connection broken for id 188978561024, my id = 3, error = 
2015-07-29 19:33:38,667 - WARN  [RecvWorker:188978561024:QuorumCnxManager$RecvWorker@765] - Interrupting SendWorker
2015-07-29 19:33:38,667 - INFO  [/10.10.34.13:3888:QuorumCnxManager$Listener@493] - Received connection request /10.10.34.13:46731
2015-07-29 19:33:38,667 - WARN  [SendWorker:188978561024:QuorumCnxManager$SendWorker@679] - Interrupted while waiting for message on queue
2015-07-29 19:33:38,668 - WARN  [SendWorker:188978561024:QuorumCnxManager$SendWorker@688] - Send worker leaving thread
2015-07-29 19:33:38,668 - WARN  [RecvWorker:188978561024:QuorumCnxManager$RecvWorker@762] - Connection broken for id 188978561024, my id = 3, error = 
2015-07-29 19:33:38,668 - WARN  [RecvWorker:188978561024:QuorumCnxManager$RecvWorker@765] - Interrupting SendWorker
2015-07-29 19:33:38,668 - WARN  [SendWorker:188978561024:QuorumCnxManager$SendWorker@679] - Interrupted while waiting for message on queue
2015-07-29 19:33:38,668 - WARN  [SendWorker:188978561024:QuorumCnxManager$SendWorker@688] - Send worker leaving thread
2015-07-29 19:33:41,800 - INFO  [/10.10.34.13:3888:QuorumCnxManager$Listener@493] - Received connection request /10.10.34.11:49271
2015-07-29 19:33:41,801 - WARN  [RecvWorker:188978561024:QuorumCnxManager$RecvWorker@762] - Connection broken for id 188978561024, my id = 3, error = 
2015-07-29 19:33:41,801 - WARN  [RecvWorker:188978561024:QuorumCnxManager$RecvWorker@765] - Interrupting SendWorker
2015-07-29 19:33:41,801 - WARN  [SendWorker:188978561024:QuorumCnxManager$SendWorker@679] - Interrupted while waiting for message on queue
2015-07-29 19:33:41,802 - WARN  [SendWorker:188978561024:QuorumCnxManager$SendWorker@688] - Send worker leaving thread
2015-07-29 19:33:41,802 - INFO  [/10.10.34.13:3888:QuorumCnxManager$Listener@493] - Received connection request /10.10.34.11:49275
2015-07-29 19:33:41,802 - WARN  [RecvWorker:188978561024:QuorumCnxManager$RecvWorker@762] - Connection broken for id 188978561024, my id = 3, error = 
2015-07-29 19:33:41,802 - WARN  [RecvWorker:188978561024:QuorumCnxManager$RecvWorker@765] - Interrupting SendWorker
2015-07-29 19:33:41,803 - WARN  [SendWorker:188978561024:QuorumCnxManager$SendWorker@679] - Interrupted while waiting for message on queue
2015-07-29 19:33:41,803 - WARN  [SendWorker:188978561024:QuorumCnxManager$SendWorker@688] - Send worker leaving thread
2015-07-29 19:33:41,803 - INFO  [/10.10.34.13:3888:QuorumCnxManager$Listener@493] - Received connection request /10.10.34.11:49280
2015-07-29 19:33:41,804 - INFO  [/10.10.34.13:3888:QuorumCnxManager$Listener@493] - Received connection request /10.10.34.11:49281
2015-07-29 19:33:41,804 - WARN  [RecvWorker:188978561024:QuorumCnxManager$RecvWorker@762] - Connection broken for id 188978561024, my id = 3, error = 
2015-07-29 19:33:41,804 - WARN  [RecvWorker:188978561024:QuorumCnxManager$RecvWorker@765] - Interrupting SendWorker
2015-07-29 19:33:41,804 - WARN  [SendWorker:188978561024:QuorumCnxManager$SendWorker@679] - Interrupted while waiting for message on queue
2015-07-29 19:33:41,804 - WARN  [SendWorker:188978561024:QuorumCnxManager$SendWorker@688] - Send worker leaving thread
2015-07-29 19:33:41,804 - WARN  [RecvWorker:188978561024:QuorumCnxManager$RecvWorker@762] - Connection broken for id 188978561024, my id = 3, error = 
2015-07-29 19:33:41,805 - WARN  [RecvWorker:188978561024:QuorumCnxManager$RecvWorker@765] - Interrupting SendWorker
2015-07-29 19:33:41,805 - WARN  [SendWorker:188978561024:QuorumCnxManager$SendWorker@679] - Interrupted while waiting for message on queue
2015-07-29 19:33:41,805 - WARN  [SendWorker:188978561024:QuorumCnxManager$SendWorker@688] - Send worker leaving thread
2015-07-29 19:33:41,891 - INFO  [/10.10.34.13:3888:QuorumCnxManager$Listener@493] - Received connection request /10.10.34.12:49462
2015-07-29 19:33:41,891 - WARN  [RecvWorker:188978561024:QuorumCnxManager$RecvWorker@762] - Connection broken for id 188978561024, my id = 3, error = 
2015-07-29 19:33:41,891 - WARN  [RecvWorker:188978561024:QuorumCnxManager$RecvWorker@765] - Interrupting SendWorker
2015-07-29 19:33:41,892 - WARN  [SendWorker:188978561024:QuorumCnxManager$SendWorker@679] - Interrupted while waiting for message on queue
2015-07-29 19:33:41,892 - WARN  [SendWorker:188978561024:QuorumCnxManager$SendWorker@688] - Send worker leaving thread
2015-07-29 19:33:41,894 - INFO  [/10.10.34.13:3888:QuorumCnxManager$Listener@493] - Received connection request /10.10.34.12:49467
2015-07-29 19:33:41,895 - WARN  [RecvWorker:188978561024:QuorumCnxManager$RecvWorker@762] - Connection broken for id 188978561024, my id = 3, error = 
2015-07-29 19:33:41,895 - WARN  [RecvWorker:188978561024:QuorumCnxManager$RecvWorker@765] - Interrupting SendWorker
2015-07-29 19:33:41,895 - INFO  [/10.10.34.13:3888:QuorumCnxManager$Listener@493] - Received connection request /10.10.34.12:49468
2015-07-29 19:33:41,895 - WARN  [SendWorker:188978561024:QuorumCnxManager$SendWorker@679] - Interrupted while waiting for message on queue
2015-07-29 19:33:41,895 - WARN  [SendWorker:188978561024:QuorumCnxManager$SendWorker@688] - Send worker leaving thread
2015-07-29 19:33:41,896 - WARN  [RecvWorker:188978561024:QuorumCnxManager$RecvWorker@762] - Connection broken for id 188978561024, my id = 3, error = 
2015-07-29 19:33:41,896 - WARN  [RecvWorker:188978561024:QuorumCnxManager$RecvWorker@765] - Interrupting SendWorker
2015-07-29 19:33:41,896 - WARN  [SendWorker:188978561024:QuorumCnxManager$SendWorker@679] - Interrupted while waiting for message on queue
2015-07-29 19:33:41,896 - WARN  [SendWorker:188978561024:QuorumCnxManager$SendWorker@688] - Send worker leaving thread
2015-07-29 19:33:41,896 - INFO  [/10.10.34.13:3888:QuorumCnxManager$Listener@493] - Received connection request /10.10.34.12:49472
2015-07-29 19:33:41,897 - WARN  [RecvWorker:188978561024:QuorumCnxManager$RecvWorker@762] - Connection broken for id 188978561024, my id = 3, error = 
2015-07-29 19:33:41,897 - WARN  [RecvWorker:188978561024:QuorumCnxManager$RecvWorker@765] - Interrupting SendWorker
2015-07-29 19:33:41,897 - WARN  [SendWorker:188978561024:QuorumCnxManager$SendWorker@679] - Interrupted while waiting for message on queue
2015-07-29 19:33:41,897 - WARN  [SendWorker:188978561024:QuorumCnxManager$SendWorker@688] - Send worker leaving thread
2015-07-29 19:33:41,997 - INFO  [/10.10.34.13:3888:QuorumCnxManager$Listener@493] - Received connection request /10.10.34.13:46734
2015-07-29 19:33:41,997 - WARN  [RecvWorker:188978561024:QuorumCnxManager$RecvWorker@762] - Connection broken for id 188978561024, my id = 3, error = 
2015-07-29 19:33:41,997 - WARN  [RecvWorker:188978561024:QuorumCnxManager$RecvWorker@765] - Interrupting SendWorker
2015-07-29 19:33:41,998 - WARN  [SendWorker:188978561024:QuorumCnxManager$SendWorker@679] - Interrupted while waiting for message on queue
2015-07-29 19:33:41,998 - WARN  [SendWorker:188978561024:QuorumCnxManager$SendWorker@688] - Send worker leaving thread
2015-07-29 19:33:42,005 - INFO  [/10.10.34.13:3888:QuorumCnxManager$Listener@493] - Received connection request /10.10.34.13:46740
2015-07-29 19:33:42,006 - WARN  [RecvWorker:188978561024:QuorumCnxManager$RecvWorker@762] - Connection broken for id 188978561024, my id = 3, error = 
2015-07-29 19:33:42,006 - WARN  [RecvWorker:188978561024:QuorumCnxManager$RecvWorker@765] - Interrupting SendWorker
2015-07-29 19:33:42,006 - INFO  [/10.10.34.13:3888:QuorumCnxManager$Listener@493] - Received connection request /10.10.34.13:46742
2015-07-29 19:33:42,006 - WARN  [SendWorker:188978561024:QuorumCnxManager$SendWorker@679] - Interrupted while waiting for message on queue
2015-07-29 19:33:42,007 - WARN  [SendWorker:188978561024:QuorumCnxManager$SendWorker@688] - Send worker leaving thread
2015-07-29 19:33:42,007 - WARN  [RecvWorker:188978561024:QuorumCnxManager$RecvWorker@762] - Connection broken for id 188978561024, my id = 3, error = 
2015-07-29 19:33:42,007 - WARN  [RecvWorker:188978561024:QuorumCnxManager$RecvWorker@765] - Interrupting SendWorker
2015-07-29 19:33:42,007 - INFO  [/10.10.34.13:3888:QuorumCnxManager$Listener@493] - Received connection request /10.10.34.13:46743
2015-07-29 19:33:42,007 - WARN  [SendWorker:188978561024:QuorumCnxManager$SendWorker@679] - Interrupted while waiting for message on queue
2015-07-29 19:33:42,008 - WARN  [SendWorker:188978561024:QuorumCnxManager$SendWorker@688] - Send worker leaving thread
2015-07-29 19:33:42,008 - WARN  [RecvWorker:188978561024:QuorumCnxManager$RecvWorker@762] - Connection broken for id 188978561024, my id = 3, error = 
2015-07-29 19:33:42,008 - WARN  [RecvWorker:188978561024:QuorumCnxManager$RecvWorker@765] - Interrupting SendWorker
2015-07-29 19:33:42,008 - WARN  [SendWorker:188978561024:QuorumCnxManager$SendWorker@679] - Interrupted while waiting for message on queue
2015-07-29 19:33:42,008 - WARN  [SendWorker:188978561024:QuorumCnxManager$SendWorker@688] - Send worker leaving thread
2015-07-29 19:33:45,140 - INFO  [/10.10.34.13:3888:QuorumCnxManager$Listener@493] - Received connection request /10.10.34.11:49283
2015-07-29 19:33:45,141 - WARN  [RecvWorker:188978561024:QuorumCnxManager$RecvWorker@762] - Connection broken for id 188978561024, my id = 3, error = 
2015-07-29 19:33:45,141 - WARN  [RecvWorker:188978561024:QuorumCnxManager$RecvWorker@765] - Interrupting SendWorker
2015-07-29 19:33:45,141 - WARN  [SendWorker:188978561024:QuorumCnxManager$SendWorker@679] - Interrupted while waiting for message on queue
2015-07-29 19:33:45,142 - WARN  [SendWorker:188978561024:QuorumCnxManager$SendWorker@688] - Send worker leaving thread
2015-07-29 19:33:45,142 - INFO  [/10.10.34.13:3888:QuorumCnxManager$Listener@493] - Received connection request /10.10.34.11:49288
2015-07-29 19:33:45,143 - WARN  [RecvWorker:188978561024:QuorumCnxManager$RecvWorker@762] - Connection broken for id 188978561024, my id = 3, error = 
2015-07-29 19:33:45,143 - WARN  [RecvWorker:188978561024:QuorumCnxManager$RecvWorker@765] - Interrupting SendWorker
2015-07-29 19:33:45,143 - WARN  [SendWorker:188978561024:QuorumCnxManager$SendWorker@679] - Interrupted while waiting for message on queue
2015-07-29 19:33:45,143 - WARN  [SendWorker:188978561024:QuorumCnxManager$SendWorker@688] - Send worker leaving thread
2015-07-29 19:33:45,143 - INFO  [/10.10.34.13:3888:QuorumCnxManager$Listener@493] - Received connection request /10.10.34.11:49292
2015-07-29 19:33:45,144 - WARN  [RecvWorker:188978561024:QuorumCnxManager$RecvWorker@762] - Connection broken for id 188978561024, my id = 3, error = 
2015-07-29 19:33:45,144 - WARN  [RecvWorker:188978561024:QuorumCnxManager$RecvWorker@765] - Interrupting SendWorker
2015-07-29 19:33:45,144 - INFO  [/10.10.34.13:3888:QuorumCnxManager$Listener@493] - Received connection request /10.10.34.11:49293
2015-07-29 19:33:45,144 - WARN  [SendWorker:188978561024:QuorumCnxManager$SendWorker@679] - Interrupted while waiting for message on queue
2015-07-29 19:33:45,144 - WARN  [SendWorker:188978561024:QuorumCnxManager$SendWorker@688] - Send worker leaving thread
2015-07-29 19:33:45,145 - WARN  [RecvWorker:188978561024:QuorumCnxManager$RecvWorker@762] - Connection broken for id 188978561024, my id = 3, error = 
2015-07-29 19:33:45,145 - WARN  [RecvWorker:188978561024:QuorumCnxManager$RecvWorker@765] - Interrupting SendWorker
2015-07-29 19:33:45,145 - WARN  [SendWorker:188978561024:QuorumCnxManager$SendWorker@679] - Interrupted while waiting for message on queue
2015-07-29 19:33:45,145 - WARN  [SendWorker:188978561024:QuorumCnxManager$SendWorker@688] - Send worker leaving thread
2015-07-29 19:33:45,231 - INFO  [/10.10.34.13:3888:QuorumCnxManager$Listener@493] - Received connection request /10.10.34.12:49474
2015-07-29 19:33:45,232 - WARN  [RecvWorker:188978561024:QuorumCnxManager$RecvWorker@762] - Connection broken for id 188978561024, my id = 3, error = 
2015-07-29 19:33:45,232 - WARN  [RecvWorker:188978561024:QuorumCnxManager$RecvWorker@765] - Interrupting SendWorker
2015-07-29 19:33:45,232 - WARN  [SendWorker:188978561024:QuorumCnxManager$SendWorker@679] - Interrupted while waiting for message on queue
2015-07-29 19:33:45,232 - WARN  [SendWorker:188978561024:QuorumCnxManager$SendWorker@688] - Send worker leaving thread
2015-07-29 19:33:45,234 - INFO  [/10.10.34.13:3888:QuorumCnxManager$Listener@493] - Received connection request /10.10.34.12:49479
2015-07-29 19:33:45,235 - WARN  [RecvWorker:188978561024:QuorumCnxManager$RecvWorker@762] - Connection broken for id 188978561024, my id = 3, error = 
2015-07-29 19:33:45,235 - WARN  [RecvWorker:188978561024:QuorumCnxManager$RecvWorker@765] - Interrupting SendWorker
2015-07-29 19:33:45,235 - WARN  [SendWorker:188978561024:QuorumCnxManager$SendWorker@679] - Interrupted while waiting for message on queue
2015-07-29 19:33:45,235 - WARN  [SendWorker:188978561024:QuorumCnxManager$SendWorker@688] - Send worker leaving thread
2015-07-29 19:33:45,235 - INFO  [/10.10.34.13:3888:QuorumCnxManager$Listener@493] - Received connection request /10.10.34.12:49481
2015-07-29 19:33:45,236 - WARN  [RecvWorker:188978561024:QuorumCnxManager$RecvWorker@762] - Connection broken for id 188978561024, my id = 3, error = 
2015-07-29 19:33:45,236 - WARN  [RecvWorker:188978561024:QuorumCnxManager$RecvWorker@765] - Interrupting SendWorker
2015-07-29 19:33:45,236 - INFO  [/10.10.34.13:3888:QuorumCnxManager$Listener@493] - Received connection request /10.10.34.12:49483
2015-07-29 19:33:45,236 - WARN  [SendWorker:188978561024:QuorumCnxManager$SendWorker@679] - Interrupted while waiting for message on queue
2015-07-29 19:33:45,236 - WARN  [SendWorker:188978561024:QuorumCnxManager$SendWorker@688] - Send worker leaving thread
2015-07-29 19:33:45,237 - WARN  [RecvWorker:188978561024:QuorumCnxManager$RecvWorker@762] - Connection broken for id 188978561024, my id = 3, error = 
2015-07-29 19:33:45,237 - WARN  [RecvWorker:188978561024:QuorumCnxManager$RecvWorker@765] - Interrupting SendWorker
2015-07-29 19:33:45,237 - WARN  [SendWorker:188978561024:QuorumCnxManager$SendWorker@679] - Interrupted while waiting for message on queue
2015-07-29 19:33:45,237 - WARN  [SendWorker:188978561024:QuorumCnxManager$SendWorker@688] - Send worker leaving thread
2015-07-29 19:33:45,337 - INFO  [/10.10.34.13:3888:QuorumCnxManager$Listener@493] - Received connection request /10.10.34.13:46746
2015-07-29 19:33:45,337 - WARN  [RecvWorker:188978561024:QuorumCnxManager$RecvWorker@762] - Connection broken for id 188978561024, my id = 3, error = 
2015-07-29 19:33:45,337 - WARN  [RecvWorker:188978561024:QuorumCnxManager$RecvWorker@765] - Interrupting SendWorker
2015-07-29 19:33:45,338 - WARN  [SendWorker:188978561024:QuorumCnxManager$SendWorker@679] - Interrupted while waiting for message on queue
2015-07-29 19:33:45,338 - WARN  [SendWorker:188978561024:QuorumCnxManager$SendWorker@688] - Send worker leaving thread
2015-07-29 19:33:45,346 - INFO  [/10.10.34.13:3888:QuorumCnxManager$Listener@493] - Received connection request /10.10.34.13:46752
2015-07-29 19:33:45,346 - WARN  [RecvWorker:188978561024:QuorumCnxManager$RecvWorker@762] - Connection broken for id 188978561024, my id = 3, error = 
2015-07-29 19:33:45,346 - WARN  [RecvWorker:188978561024:QuorumCnxManager$RecvWorker@765] - Interrupting SendWorker
2015-07-29 19:33:45,346 - INFO  [/10.10.34.13:3888:QuorumCnxManager$Listener@493] - Received connection request /10.10.34.13:46754
2015-07-29 19:33:45,347 - WARN  [SendWorker:188978561024:QuorumCnxManager$SendWorker@679] - Interrupted while waiting for message on queue
2015-07-29 19:33:45,347 - WARN  [SendWorker:188978561024:QuorumCnxManager$SendWorker@688] - Send worker leaving thread
2015-07-29 19:33:45,347 - WARN  [RecvWorker:188978561024:QuorumCnxManager$RecvWorker@762] - Connection broken for id 188978561024, my id = 3, error = 
2015-07-29 19:33:45,347 - WARN  [RecvWorker:188978561024:QuorumCnxManager$RecvWorker@765] - Interrupting SendWorker
2015-07-29 19:33:45,347 - INFO  [/10.10.34.13:3888:QuorumCnxManager$Listener@493] - Received connection request /10.10.34.13:46755
2015-07-29 19:33:45,347 - WARN  [SendWorker:188978561024:QuorumCnxManager$SendWorker@679] - Interrupted while waiting for message on queue
2015-07-29 19:33:45,348 - WARN  [SendWorker:188978561024:QuorumCnxManager$SendWorker@688] - Send worker leaving thread
2015-07-29 19:33:45,348 - WARN  [RecvWorker:188978561024:QuorumCnxManager$RecvWorker@762] - Connection broken for id 188978561024, my id = 3, error = 
2015-07-29 19:33:45,348 - WARN  [RecvWorker:188978561024:QuorumCnxManager$RecvWorker@765] - Interrupting SendWorker
2015-07-29 19:33:45,348 - WARN  [SendWorker:188978561024:QuorumCnxManager$SendWorker@679] - Interrupted while waiting for message on queue
2015-07-29 19:33:45,348 - WARN  [SendWorker:188978561024:QuorumCnxManager$SendWorker@688] - Send worker leaving thread
2015-07-29 19:33:48,480 - INFO  [/10.10.34.13:3888:QuorumCnxManager$Listener@493] - Received connection request /10.10.34.11:49295
2015-07-29 19:33:48,481 - WARN  [RecvWorker:188978561024:QuorumCnxManager$RecvWorker@762] - Connection broken for id 188978561024, my id = 3, error = 
2015-07-29 19:33:48,481 - WARN  [RecvWorker:188978561024:QuorumCnxManager$RecvWorker@765] - Interrupting SendWorker
2015-07-29 19:33:48,481 - WARN  [SendWorker:188978561024:QuorumCnxManager$SendWorker@679] - Interrupted while waiting for message on queue
2015-07-29 19:33:48,482 - WARN  [SendWorker:188978561024:QuorumCnxManager$SendWorker@688] - Send worker leaving thread
2015-07-29 19:33:48,482 - INFO  [/10.10.34.13:3888:QuorumCnxManager$Listener@493] - Received connection request /10.10.34.11:49300
2015-07-29 19:33:48,483 - WARN  [RecvWorker:188978561024:QuorumCnxManager$RecvWorker@762] - Connection broken for id 188978561024, my id = 3, error = 
2015-07-29 19:33:48,483 - WARN  [RecvWorker:188978561024:QuorumCnxManager$RecvWorker@765] - Interrupting SendWorker
2015-07-29 19:33:48,483 - WARN  [SendWorker:188978561024:QuorumCnxManager$SendWorker@679] - Interrupted while waiting for message on queue
2015-07-29 19:33:48,483 - WARN  [SendWorker:188978561024:QuorumCnxManager$SendWorker@688] - Send worker leaving thread
2015-07-29 19:33:48,484 - INFO  [/10.10.34.13:3888:QuorumCnxManager$Listener@493] - Received connection request /10.10.34.11:49304
2015-07-29 19:33:48,484 - INFO  [/10.10.34.13:3888:QuorumCnxManager$Listener@493] - Received connection request /10.10.34.11:49305
2015-07-29 19:33:48,484 - WARN  [RecvWorker:188978561024:QuorumCnxManager$RecvWorker@762] - Connection broken for id 188978561024, my id = 3, error = 
2015-07-29 19:33:48,485 - WARN  [RecvWorker:188978561024:QuorumCnxManager$RecvWorker@765] - Interrupting SendWorker
2015-07-29 19:33:48,485 - WARN  [SendWorker:188978561024:QuorumCnxManager$SendWorker@679] - Interrupted while waiting for message on queue
2015-07-29 19:33:48,485 - WARN  [SendWorker:188978561024:QuorumCnxManager$SendWorker@688] - Send worker leaving thread
2015-07-29 19:33:48,485 - WARN  [RecvWorker:188978561024:QuorumCnxManager$RecvWorker@762] - Connection broken for id 188978561024, my id = 3, error = 
2015-07-29 19:33:48,485 - WARN  [RecvWorker:188978561024:QuorumCnxManager$RecvWorker@765] - Interrupting SendWorker
2015-07-29 19:33:48,485 - WARN  [SendWorker:188978561024:QuorumCnxManager$SendWorker@679] - Interrupted while waiting for message on queue
2015-07-29 19:33:48,486 - WARN  [SendWorker:188978561024:QuorumCnxManager$SendWorker@688] - Send worker leaving thread
2015-07-29 19:33:48,571 - INFO  [/10.10.34.13:3888:QuorumCnxManager$Listener@493] - Received connection request /10.10.34.12:49486
2015-07-29 19:33:48,572 - WARN  [RecvWorker:188978561024:QuorumCnxManager$RecvWorker@762] - Connection broken for id 188978561024, my id = 3, error = 
2015-07-29 19:33:48,572 - WARN  [RecvWorker:188978561024:QuorumCnxManager$RecvWorker@765] - Interrupting SendWorker
2015-07-29 19:33:48,572 - WARN  [SendWorker:188978561024:QuorumCnxManager$SendWorker@679] - Interrupted while waiting for message on queue
2015-07-29 19:33:48,572 - WARN  [SendWorker:188978561024:QuorumCnxManager$SendWorker@688] - Send worker leaving thread
2015-07-29 19:33:48,574 - INFO  [/10.10.34.13:3888:QuorumCnxManager$Listener@493] - Received connection request /10.10.34.12:49491
2015-07-29 19:33:48,575 - WARN  [RecvWorker:188978561024:QuorumCnxManager$RecvWorker@762] - Connection broken for id 188978561024, my id = 3, error = 
2015-07-29 19:33:48,575 - WARN  [RecvWorker:188978561024:QuorumCnxManager$RecvWorker@765] - Interrupting SendWorker
2015-07-29 19:33:48,575 - WARN  [SendWorker:188978561024:QuorumCnxManager$SendWorker@679] - Interrupted while waiting for message on queue
2015-07-29 19:33:48,575 - WARN  [SendWorker:188978561024:QuorumCnxManager$SendWorker@688] - Send worker leaving thread
2015-07-29 19:33:48,575 - INFO  [/10.10.34.13:3888:QuorumCnxManager$Listener@493] - Received connection request /10.10.34.12:49493
2015-07-29 19:33:48,576 - WARN  [RecvWorker:188978561024:QuorumCnxManager$RecvWorker@762] - Connection broken for id 188978561024, my id = 3, error = 
2015-07-29 19:33:48,576 - WARN  [RecvWorker:188978561024:QuorumCnxManager$RecvWorker@765] - Interrupting SendWorker
2015-07-29 19:33:48,576 - INFO  [/10.10.34.13:3888:QuorumCnxManager$Listener@493] - Received connection request /10.10.34.12:49495
2015-07-29 19:33:48,576 - WARN  [SendWorker:188978561024:QuorumCnxManager$SendWorker@679] - Interrupted while waiting for message on queue
2015-07-29 19:33:48,577 - WARN  [SendWorker:188978561024:QuorumCnxManager$SendWorker@688] - Send worker leaving thread
2015-07-29 19:33:48,577 - WARN  [RecvWorker:188978561024:QuorumCnxManager$RecvWorker@762] - Connection broken for id 188978561024, my id = 3, error = 
2015-07-29 19:33:48,577 - WARN  [RecvWorker:188978561024:QuorumCnxManager$RecvWorker@765] - Interrupting SendWorker
2015-07-29 19:33:48,577 - WARN  [SendWorker:188978561024:QuorumCnxManager$SendWorker@679] - Interrupted while waiting for message on queue
2015-07-29 19:33:48,577 - WARN  [SendWorker:188978561024:QuorumCnxManager$SendWorker@688] - Send worker leaving thread
2015-07-29 19:33:48,677 - INFO  [/10.10.34.13:3888:QuorumCnxManager$Listener@493] - Received connection request /10.10.34.13:46758
2015-07-29 19:33:48,677 - WARN  [RecvWorker:188978561024:QuorumCnxManager$RecvWorker@762] - Connection broken for id 188978561024, my id = 3, error = 
2015-07-29 19:33:48,678 - WARN  [RecvWorker:188978561024:QuorumCnxManager$RecvWorker@765] - Interrupting SendWorker
2015-07-29 19:33:48,678 - WARN  [SendWorker:188978561024:QuorumCnxManager$SendWorker@679] - Interrupted while waiting for message on queue
2015-07-29 19:33:48,678 - WARN  [SendWorker:188978561024:QuorumCnxManager$SendWorker@688] - Send worker leaving thread
2015-07-29 19:33:48,686 - INFO  [/10.10.34.13:3888:QuorumCnxManager$Listener@493] - Received connection request /10.10.34.13:46764
2015-07-29 19:33:48,686 - INFO  [/10.10.34.13:3888:QuorumCnxManager$Listener@493] - Received connection request /10.10.34.13:46766
2015-07-29 19:33:48,686 - WARN  [RecvWorker:188978561024:QuorumCnxManager$RecvWorker@762] - Connection broken for id 188978561024, my id = 3, error = 
2015-07-29 19:33:48,687 - WARN  [RecvWorker:188978561024:QuorumCnxManager$RecvWorker@765] - Interrupting SendWorker
2015-07-29 19:33:48,687 - WARN  [SendWorker:188978561024:QuorumCnxManager$SendWorker@679] - Interrupted while waiting for message on queue
2015-07-29 19:33:48,687 - WARN  [SendWorker:188978561024:QuorumCnxManager$SendWorker@688] - Send worker leaving thread
2015-07-29 19:33:48,687 - WARN  [RecvWorker:188978561024:QuorumCnxManager$RecvWorker@762] - Connection broken for id 188978561024, my id = 3, error = 
2015-07-29 19:33:48,687 - WARN  [RecvWorker:188978561024:QuorumCnxManager$RecvWorker@765] - Interrupting SendWorker
2015-07-29 19:33:48,687 - INFO  [/10.10.34.13:3888:QuorumCnxManager$Listener@493] - Received connection request /10.10.34.13:46767
2015-07-29 19:33:48,687 - WARN  [SendWorker:188978561024:QuorumCnxManager$SendWorker@679] - Interrupted while waiting for message on queue
2015-07-29 19:33:48,688 - WARN  [SendWorker:188978561024:QuorumCnxManager$SendWorker@688] - Send worker leaving thread
2015-07-29 19:33:48,688 - WARN  [RecvWorker:188978561024:QuorumCnxManager$RecvWorker@762] - Connection broken for id 188978561024, my id = 3, error = 
2015-07-29 19:33:48,688 - WARN  [RecvWorker:188978561024:QuorumCnxManager$RecvWorker@765] - Interrupting SendWorker
2015-07-29 19:33:48,688 - WARN  [SendWorker:188978561024:QuorumCnxManager$SendWorker@679] - Interrupted while waiting for message on queue
2015-07-29 19:33:48,688 - WARN  [SendWorker:188978561024:QuorumCnxManager$SendWorker@688] - Send worker leaving thread
2015-07-29 19:33:51,821 - INFO  [/10.10.34.13:3888:QuorumCnxManager$Listener@493] - Received connection request /10.10.34.11:49308
2015-07-29 19:33:51,822 - WARN  [RecvWorker:188978561024:QuorumCnxManager$RecvWorker@762] - Connection broken for id 188978561024, my id = 3, error = 
2015-07-29 19:33:51,822 - WARN  [RecvWorker:188978561024:QuorumCnxManager$RecvWorker@765] - Interrupting SendWorker
2015-07-29 19:33:51,822 - WARN  [SendWorker:188978561024:QuorumCnxManager$SendWorker@679] - Interrupted while waiting for message on queue
2015-07-29 19:33:51,822 - WARN  [SendWorker:188978561024:QuorumCnxManager$SendWorker@688] - Send worker leaving thread
2015-07-29 19:33:51,822 - INFO  [/10.10.34.13:3888:QuorumCnxManager$Listener@493] - Received connection request /10.10.34.11:49311
2015-07-29 19:33:51,823 - WARN  [RecvWorker:188978561024:QuorumCnxManager$RecvWorker@762] - Connection broken for id 188978561024, my id = 3, error = 
2015-07-29 19:33:51,823 - WARN  [RecvWorker:188978561024:QuorumCnxManager$RecvWorker@765] - Interrupting SendWorker
2015-07-29 19:33:51,823 - WARN  [SendWorker:188978561024:QuorumCnxManager$SendWorker@679] - Interrupted while waiting for message on queue
2015-07-29 19:33:51,824 - WARN  [SendWorker:188978561024:QuorumCnxManager$SendWorker@688] - Send worker leaving thread
2015-07-29 19:33:51,824 - INFO  [/10.10.34.13:3888:QuorumCnxManager$Listener@493] - Received connection request /10.10.34.11:49316
2015-07-29 19:33:51,824 - INFO  [/10.10.34.13:3888:QuorumCnxManager$Listener@493] - Received connection request /10.10.34.11:49317
2015-07-29 19:33:51,825 - WARN  [RecvWorker:188978561024:QuorumCnxManager$RecvWorker@762] - Connection broken for id 188978561024, my id = 3, error = 
2015-07-29 19:33:51,825 - WARN  [RecvWorker:188978561024:QuorumCnxManager$RecvWorker@765] - Interrupting SendWorker
2015-07-29 19:33:51,825 - WARN  [SendWorker:188978561024:QuorumCnxManager$SendWorker@679] - Interrupted while waiting for message on queue
2015-07-29 19:33:51,825 - WARN  [SendWorker:188978561024:QuorumCnxManager$SendWorker@688] - Send worker leaving thread
2015-07-29 19:33:51,825 - WARN  [RecvWorker:188978561024:QuorumCnxManager$RecvWorker@762] - Connection broken for id 188978561024, my id = 3, error = 
2015-07-29 19:33:51,825 - WARN  [RecvWorker:188978561024:QuorumCnxManager$RecvWorker@765] - Interrupting SendWorker
2015-07-29 19:33:51,825 - WARN  [SendWorker:188978561024:QuorumCnxManager$SendWorker@679] - Interrupted while waiting for message on queue
2015-07-29 19:33:51,826 - WARN  [SendWorker:188978561024:QuorumCnxManager$SendWorker@688] - Send worker leaving thread
2015-07-29 19:33:51,912 - INFO  [/10.10.34.13:3888:QuorumCnxManager$Listener@493] - Received connection request /10.10.34.12:49498
2015-07-29 19:33:51,912 - WARN  [RecvWorker:188978561024:QuorumCnxManager$RecvWorker@762] - Connection broken for id 188978561024, my id = 3, error = 
2015-07-29 19:33:51,912 - WARN  [RecvWorker:188978561024:QuorumCnxManager$RecvWorker@765] - Interrupting SendWorker
2015-07-29 19:33:51,913 - WARN  [SendWorker:188978561024:QuorumCnxManager$SendWorker@679] - Interrupted while waiting for message on queue
2015-07-29 19:33:51,913 - WARN  [SendWorker:188978561024:QuorumCnxManager$SendWorker@688] - Send worker leaving thread
2015-07-29 19:33:51,914 - INFO  [/10.10.34.13:3888:QuorumCnxManager$Listener@493] - Received connection request /10.10.34.12:49502
2015-07-29 19:33:51,915 - WARN  [RecvWorker:188978561024:QuorumCnxManager$RecvWorker@762] - Connection broken for id 188978561024, my id = 3, error = 
2015-07-29 19:33:51,915 - WARN  [RecvWorker:188978561024:QuorumCnxManager$RecvWorker@765] - Interrupting SendWorker
2015-07-29 19:33:51,915 - WARN  [SendWorker:188978561024:QuorumCnxManager$SendWorker@679] - Interrupted while waiting for message on queue
2015-07-29 19:33:51,915 - WARN  [SendWorker:188978561024:QuorumCnxManager$SendWorker@688] - Send worker leaving thread
2015-07-29 19:33:51,915 - INFO  [/10.10.34.13:3888:QuorumCnxManager$Listener@493] - Received connection request /10.10.34.12:49505
2015-07-29 19:33:51,916 - WARN  [RecvWorker:188978561024:QuorumCnxManager$RecvWorker@762] - Connection broken for id 188978561024, my id = 3, error = 
2015-07-29 19:33:51,916 - WARN  [RecvWorker:188978561024:QuorumCnxManager$RecvWorker@765] - Interrupting SendWorker
2015-07-29 19:33:51,916 - WARN  [SendWorker:188978561024:QuorumCnxManager$SendWorker@679] - Interrupted while waiting for message on queue
2015-07-29 19:33:51,917 - WARN  [SendWorker:188978561024:QuorumCnxManager$SendWorker@688] - Send worker leaving thread
2015-07-29 19:33:51,916 - INFO  [/10.10.34.13:3888:QuorumCnxManager$Listener@493] - Received connection request /10.10.34.12:49507
2015-07-29 19:33:51,917 - WARN  [RecvWorker:188978561024:QuorumCnxManager$RecvWorker@762] - Connection broken for id 188978561024, my id = 3, error = 
2015-07-29 19:33:51,917 - WARN  [RecvWorker:188978561024:QuorumCnxManager$RecvWorker@765] - Interrupting SendWorker
2015-07-29 19:33:51,918 - WARN  [SendWorker:188978561024:QuorumCnxManager$SendWorker@679] - Interrupted while waiting for message on queue
2015-07-29 19:33:51,918 - WARN  [SendWorker:188978561024:QuorumCnxManager$SendWorker@688] - Send worker leaving thread
2015-07-29 19:33:52,017 - INFO  [/10.10.34.13:3888:QuorumCnxManager$Listener@493] - Received connection request /10.10.34.13:46770
2015-07-29 19:33:52,018 - WARN  [RecvWorker:188978561024:QuorumCnxManager$RecvWorker@762] - Connection broken for id 188978561024, my id = 3, error = 
2015-07-29 19:33:52,018 - WARN  [RecvWorker:188978561024:QuorumCnxManager$RecvWorker@765] - Interrupting SendWorker
2015-07-29 19:33:52,018 - WARN  [SendWorker:188978561024:QuorumCnxManager$SendWorker@679] - Interrupted while waiting for message on queue
2015-07-29 19:33:52,018 - WARN  [SendWorker:188978561024:QuorumCnxManager$SendWorker@688] - Send worker leaving thread
2015-07-29 19:33:52,026 - INFO  [/10.10.34.13:3888:QuorumCnxManager$Listener@493] - Received connection request /10.10.34.13:46776
2015-07-29 19:33:52,026 - INFO  [/10.10.34.13:3888:QuorumCnxManager$Listener@493] - Received connection request /10.10.34.13:46778
2015-07-29 19:33:52,026 - WARN  [RecvWorker:188978561024:QuorumCnxManager$RecvWorker@762] - Connection broken for id 188978561024, my id = 3, error = 
2015-07-29 19:33:52,027 - WARN  [RecvWorker:188978561024:QuorumCnxManager$RecvWorker@765] - Interrupting SendWorker
2015-07-29 19:33:52,027 - WARN  [SendWorker:188978561024:QuorumCnxManager$SendWorker@679] - Interrupted while waiting for message on queue
2015-07-29 19:33:52,027 - WARN  [SendWorker:188978561024:QuorumCnxManager$SendWorker@688] - Send worker leaving thread
2015-07-29 19:33:52,027 - WARN  [RecvWorker:188978561024:QuorumCnxManager$RecvWorker@762] - Connection broken for id 188978561024, my id = 3, error = 
2015-07-29 19:33:52,027 - WARN  [RecvWorker:188978561024:QuorumCnxManager$RecvWorker@765] - Interrupting SendWorker
2015-07-29 19:33:52,027 - INFO  [/10.10.34.13:3888:QuorumCnxManager$Listener@493] - Received connection request /10.10.34.13:46779
2015-07-29 19:33:52,027 - WARN  [SendWorker:188978561024:QuorumCnxManager$SendWorker@679] - Interrupted while waiting for message on queue
2015-07-29 19:33:52,028 - WARN  [SendWorker:188978561024:QuorumCnxManager$SendWorker@688] - Send worker leaving thread
2015-07-29 19:33:52,028 - WARN  [RecvWorker:188978561024:QuorumCnxManager$RecvWorker@762] - Connection broken for id 188978561024, my id = 3, error = 
2015-07-29 19:33:52,028 - WARN  [RecvWorker:188978561024:QuorumCnxManager$RecvWorker@765] - Interrupting SendWorker
2015-07-29 19:33:52,028 - WARN  [SendWorker:188978561024:QuorumCnxManager$SendWorker@679] - Interrupted while waiting for message on queue
2015-07-29 19:33:52,028 - WARN  [SendWorker:188978561024:QuorumCnxManager$SendWorker@688] - Send worker leaving thread
2015-07-29 19:33:55,162 - INFO  [/10.10.34.13:3888:QuorumCnxManager$Listener@493] - Received connection request /10.10.34.11:49321
2015-07-29 19:33:55,162 - WARN  [RecvWorker:188978561024:QuorumCnxManager$RecvWorker@762] - Connection broken for id 188978561024, my id = 3, error = 
2015-07-29 19:33:55,162 - WARN  [RecvWorker:188978561024:QuorumCnxManager$RecvWorker@765] - Interrupting SendWorker
2015-07-29 19:33:55,163 - WARN  [SendWorker:188978561024:QuorumCnxManager$SendWorker@679] - Interrupted while waiting for message on queue
2015-07-29 19:33:55,163 - WARN  [SendWorker:188978561024:QuorumCnxManager$SendWorker@688] - Send worker leaving thread
2015-07-29 19:33:55,163 - INFO  [/10.10.34.13:3888:QuorumCnxManager$Listener@493] - Received connection request /10.10.34.11:49324
2015-07-29 19:33:55,164 - WARN  [RecvWorker:188978561024:QuorumCnxManager$RecvWorker@762] - Connection broken for id 188978561024, my id = 3, error = 
2015-07-29 19:33:55,164 - WARN  [RecvWorker:188978561024:QuorumCnxManager$RecvWorker@765] - Interrupting SendWorker
2015-07-29 19:33:55,164 - WARN  [SendWorker:188978561024:QuorumCnxManager$SendWorker@679] - Interrupted while waiting for message on queue
2015-07-29 19:33:55,164 - WARN  [SendWorker:188978561024:QuorumCnxManager$SendWorker@688] - Send worker leaving thread
2015-07-29 19:33:55,164 - INFO  [/10.10.34.13:3888:QuorumCnxManager$Listener@493] - Received connection request /10.10.34.11:49328
2015-07-29 19:33:55,165 - INFO  [/10.10.34.13:3888:QuorumCnxManager$Listener@493] - Received connection request /10.10.34.11:49329
2015-07-29 19:33:55,165 - WARN  [RecvWorker:188978561024:QuorumCnxManager$RecvWorker@762] - Connection broken for id 188978561024, my id = 3, error = 
2015-07-29 19:33:55,165 - WARN  [RecvWorker:188978561024:QuorumCnxManager$RecvWorker@765] - Interrupting SendWorker
2015-07-29 19:33:55,165 - WARN  [SendWorker:188978561024:QuorumCnxManager$SendWorker@679] - Interrupted while waiting for message on queue
2015-07-29 19:33:55,165 - WARN  [SendWorker:188978561024:QuorumCnxManager$SendWorker@688] - Send worker leaving thread
2015-07-29 19:33:55,165 - WARN  [RecvWorker:188978561024:QuorumCnxManager$RecvWorker@762] - Connection broken for id 188978561024, my id = 3, error = 
2015-07-29 19:33:55,166 - WARN  [RecvWorker:188978561024:QuorumCnxManager$RecvWorker@765] - Interrupting SendWorker
2015-07-29 19:33:55,166 - WARN  [SendWorker:188978561024:QuorumCnxManager$SendWorker@679] - Interrupted while waiting for message on queue
2015-07-29 19:33:55,166 - WARN  [SendWorker:188978561024:QuorumCnxManager$SendWorker@688] - Send worker leaving thread
2015-07-29 19:33:55,252 - INFO  [/10.10.34.13:3888:QuorumCnxManager$Listener@493] - Received connection request /10.10.34.12:49510
2015-07-29 19:33:55,252 - WARN  [RecvWorker:188978561024:QuorumCnxManager$RecvWorker@762] - Connection broken for id 188978561024, my id = 3, error = 
2015-07-29 19:33:55,253 - WARN  [RecvWorker:188978561024:QuorumCnxManager$RecvWorker@765] - Interrupting SendWorker
2015-07-29 19:33:55,253 - WARN  [SendWorker:188978561024:QuorumCnxManager$SendWorker@679] - Interrupted while waiting for message on queue
2015-07-29 19:33:55,253 - WARN  [SendWorker:188978561024:QuorumCnxManager$SendWorker@688] - Send worker leaving thread
2015-07-29 19:33:55,254 - INFO  [/10.10.34.13:3888:QuorumCnxManager$Listener@493] - Received connection request /10.10.34.12:49513
2015-07-29 19:33:55,254 - WARN  [RecvWorker:188978561024:QuorumCnxManager$RecvWorker@762] - Connection broken for id 188978561024, my id = 3, error = 
2015-07-29 19:33:55,255 - WARN  [RecvWorker:188978561024:QuorumCnxManager$RecvWorker@765] - Interrupting SendWorker
2015-07-29 19:33:55,255 - WARN  [SendWorker:188978561024:QuorumCnxManager$SendWorker@679] - Interrupted while waiting for message on queue
2015-07-29 19:33:55,255 - WARN  [SendWorker:188978561024:QuorumCnxManager$SendWorker@688] - Send worker leaving thread
2015-07-29 19:33:55,255 - INFO  [/10.10.34.13:3888:QuorumCnxManager$Listener@493] - Received connection request /10.10.34.12:49517
2015-07-29 19:33:55,256 - WARN  [RecvWorker:188978561024:QuorumCnxManager$RecvWorker@762] - Connection broken for id 188978561024, my id = 3, error = 
2015-07-29 19:33:55,256 - WARN  [RecvWorker:188978561024:QuorumCnxManager$RecvWorker@765] - Interrupting SendWorker
2015-07-29 19:33:55,256 - WARN  [SendWorker:188978561024:QuorumCnxManager$SendWorker@679] - Interrupted while waiting for message on queue
2015-07-29 19:33:55,256 - WARN  [SendWorker:188978561024:QuorumCnxManager$SendWorker@688] - Send worker leaving thread
2015-07-29 19:33:55,257 - INFO  [/10.10.34.13:3888:QuorumCnxManager$Listener@493] - Received connection request /10.10.34.12:49520
2015-07-29 19:33:55,257 - WARN  [RecvWorker:188978561024:QuorumCnxManager$RecvWorker@762] - Connection broken for id 188978561024, my id = 3, error = 
2015-07-29 19:33:55,257 - WARN  [RecvWorker:188978561024:QuorumCnxManager$RecvWorker@765] - Interrupting SendWorker
2015-07-29 19:33:55,258 - WARN  [SendWorker:188978561024:QuorumCnxManager$SendWorker@679] - Interrupted while waiting for message on queue
2015-07-29 19:33:55,258 - WARN  [SendWorker:188978561024:QuorumCnxManager$SendWorker@688] - Send worker leaving thread
2015-07-29 19:33:55,357 - INFO  [/10.10.34.13:3888:QuorumCnxManager$Listener@493] - Received connection request /10.10.34.13:46782
2015-07-29 19:33:55,358 - WARN  [RecvWorker:188978561024:QuorumCnxManager$RecvWorker@762] - Connection broken for id 188978561024, my id = 3, error = 
2015-07-29 19:33:55,358 - WARN  [RecvWorker:188978561024:QuorumCnxManager$RecvWorker@765] - Interrupting SendWorker
2015-07-29 19:33:55,358 - WARN  [SendWorker:188978561024:QuorumCnxManager$SendWorker@679] - Interrupted while waiting for message on queue
2015-07-29 19:33:55,358 - WARN  [SendWorker:188978561024:QuorumCnxManager$SendWorker@688] - Send worker leaving thread
2015-07-29 19:33:55,366 - INFO  [/10.10.34.13:3888:QuorumCnxManager$Listener@493] - Received connection request /10.10.34.13:46788
2015-07-29 19:33:55,367 - INFO  [/10.10.34.13:3888:QuorumCnxManager$Listener@493] - Received connection request /10.10.34.13:46790
2015-07-29 19:33:55,367 - WARN  [RecvWorker:188978561024:QuorumCnxManager$RecvWorker@762] - Connection broken for id 188978561024, my id = 3, error = 
2015-07-29 19:33:55,367 - WARN  [RecvWorker:188978561024:QuorumCnxManager$RecvWorker@765] - Interrupting SendWorker
2015-07-29 19:33:55,367 - WARN  [SendWorker:188978561024:QuorumCnxManager$SendWorker@679] - Interrupted while waiting for message on queue
2015-07-29 19:33:55,367 - WARN  [SendWorker:188978561024:QuorumCnxManager$SendWorker@688] - Send worker leaving thread
2015-07-29 19:33:55,367 - WARN  [RecvWorker:188978561024:QuorumCnxManager$RecvWorker@762] - Connection broken for id 188978561024, my id = 3, error = 
2015-07-29 19:33:55,367 - WARN  [RecvWorker:188978561024:QuorumCnxManager$RecvWorker@765] - Interrupting SendWorker
2015-07-29 19:33:55,367 - INFO  [/10.10.34.13:3888:QuorumCnxManager$Listener@493] - Received connection request /10.10.34.13:46791
2015-07-29 19:33:55,368 - WARN  [SendWorker:188978561024:QuorumCnxManager$SendWorker@679] - Interrupted while waiting for message on queue
2015-07-29 19:33:55,368 - WARN  [SendWorker:188978561024:QuorumCnxManager$SendWorker@688] - Send worker leaving thread
2015-07-29 19:33:55,368 - WARN  [RecvWorker:188978561024:QuorumCnxManager$RecvWorker@762] - Connection broken for id 188978561024, my id = 3, error = 
2015-07-29 19:33:55,368 - WARN  [RecvWorker:188978561024:QuorumCnxManager$RecvWorker@765] - Interrupting SendWorker
2015-07-29 19:33:55,368 - WARN  [SendWorker:188978561024:QuorumCnxManager$SendWorker@679] - Interrupted while waiting for message on queue
2015-07-29 19:33:55,369 - WARN  [SendWorker:188978561024:QuorumCnxManager$SendWorker@688] - Send worker leaving thread
2015-07-29 19:33:58,502 - INFO  [/10.10.34.13:3888:QuorumCnxManager$Listener@493] - Received connection request /10.10.34.11:49331
2015-07-29 19:33:58,502 - WARN  [RecvWorker:188978561024:QuorumCnxManager$RecvWorker@762] - Connection broken for id 188978561024, my id = 3, error = 
2015-07-29 19:33:58,502 - WARN  [RecvWorker:188978561024:QuorumCnxManager$RecvWorker@765] - Interrupting SendWorker
2015-07-29 19:33:58,503 - WARN  [SendWorker:188978561024:QuorumCnxManager$SendWorker@679] - Interrupted while waiting for message on queue
2015-07-29 19:33:58,503 - WARN  [SendWorker:188978561024:QuorumCnxManager$SendWorker@688] - Send worker leaving thread
2015-07-29 19:33:58,503 - INFO  [/10.10.34.13:3888:QuorumCnxManager$Listener@493] - Received connection request /10.10.34.11:49337
2015-07-29 19:33:58,504 - WARN  [RecvWorker:188978561024:QuorumCnxManager$RecvWorker@762] - Connection broken for id 188978561024, my id = 3, error = 
2015-07-29 19:33:58,504 - WARN  [RecvWorker:188978561024:QuorumCnxManager$RecvWorker@765] - Interrupting SendWorker
2015-07-29 19:33:58,504 - WARN  [SendWorker:188978561024:QuorumCnxManager$SendWorker@679] - Interrupted while waiting for message on queue
2015-07-29 19:33:58,504 - WARN  [SendWorker:188978561024:QuorumCnxManager$SendWorker@688] - Send worker leaving thread
2015-07-29 19:33:58,505 - INFO  [/10.10.34.13:3888:QuorumCnxManager$Listener@493] - Received connection request /10.10.34.11:49340
2015-07-29 19:33:58,505 - INFO  [/10.10.34.13:3888:QuorumCnxManager$Listener@493] - Received connection request /10.10.34.11:49341
2015-07-29 19:33:58,505 - WARN  [RecvWorker:188978561024:QuorumCnxManager$RecvWorker@762] - Connection broken for id 188978561024, my id = 3, error = 
2015-07-29 19:33:58,505 - WARN  [RecvWorker:188978561024:QuorumCnxManager$RecvWorker@765] - Interrupting SendWorker
2015-07-29 19:33:58,505 - WARN  [SendWorker:188978561024:QuorumCnxManager$SendWorker@679] - Interrupted while waiting for message on queue
2015-07-29 19:33:58,506 - WARN  [SendWorker:188978561024:QuorumCnxManager$SendWorker@688] - Send worker leaving thread
2015-07-29 19:33:58,506 - WARN  [RecvWorker:188978561024:QuorumCnxManager$RecvWorker@762] - Connection broken for id 188978561024, my id = 3, error = 
2015-07-29 19:33:58,506 - WARN  [RecvWorker:188978561024:QuorumCnxManager$RecvWorker@765] - Interrupting SendWorker
2015-07-29 19:33:58,506 - WARN  [SendWorker:188978561024:QuorumCnxManager$SendWorker@679] - Interrupted while waiting for message on queue
2015-07-29 19:33:58,506 - WARN  [SendWorker:188978561024:QuorumCnxManager$SendWorker@688] - Send worker leaving thread
2015-07-29 19:33:58,592 - INFO  [/10.10.34.13:3888:QuorumCnxManager$Listener@493] - Received connection request /10.10.34.12:49522
2015-07-29 19:33:58,592 - WARN  [RecvWorker:188978561024:QuorumCnxManager$RecvWorker@762] - Connection broken for id 188978561024, my id = 3, error = 
2015-07-29 19:33:58,593 - WARN  [RecvWorker:188978561024:QuorumCnxManager$RecvWorker@765] - Interrupting SendWorker
2015-07-29 19:33:58,593 - WARN  [SendWorker:188978561024:QuorumCnxManager$SendWorker@679] - Interrupted while waiting for message on queue
2015-07-29 19:33:58,593 - WARN  [SendWorker:188978561024:QuorumCnxManager$SendWorker@688] - Send worker leaving thread
2015-07-29 19:33:58,594 - INFO  [/10.10.34.13:3888:QuorumCnxManager$Listener@493] - Received connection request /10.10.34.12:49525
2015-07-29 19:33:58,594 - WARN  [RecvWorker:188978561024:QuorumCnxManager$RecvWorker@762] - Connection broken for id 188978561024, my id = 3, error = 
2015-07-29 19:33:58,595 - WARN  [RecvWorker:188978561024:QuorumCnxManager$RecvWorker@765] - Interrupting SendWorker
2015-07-29 19:33:58,595 - WARN  [SendWorker:188978561024:QuorumCnxManager$SendWorker@679] - Interrupted while waiting for message on queue
2015-07-29 19:33:58,595 - WARN  [SendWorker:188978561024:QuorumCnxManager$SendWorker@688] - Send worker leaving thread
2015-07-29 19:33:58,595 - INFO  [/10.10.34.13:3888:QuorumCnxManager$Listener@493] - Received connection request /10.10.34.12:49529
2015-07-29 19:33:58,596 - WARN  [RecvWorker:188978561024:QuorumCnxManager$RecvWorker@762] - Connection broken for id 188978561024, my id = 3, error = 
2015-07-29 19:33:58,596 - WARN  [RecvWorker:188978561024:QuorumCnxManager$RecvWorker@765] - Interrupting SendWorker
2015-07-29 19:33:58,596 - WARN  [SendWorker:188978561024:QuorumCnxManager$SendWorker@679] - Interrupted while waiting for message on queue
2015-07-29 19:33:58,596 - WARN  [SendWorker:188978561024:QuorumCnxManager$SendWorker@688] - Send worker leaving thread
2015-07-29 19:33:58,597 - INFO  [/10.10.34.13:3888:QuorumCnxManager$Listener@493] - Received connection request /10.10.34.12:49532
2015-07-29 19:33:58,597 - WARN  [RecvWorker:188978561024:QuorumCnxManager$RecvWorker@762] - Connection broken for id 188978561024, my id = 3, error = 
2015-07-29 19:33:58,597 - WARN  [RecvWorker:188978561024:QuorumCnxManager$RecvWorker@765] - Interrupting SendWorker
2015-07-29 19:33:58,598 - WARN  [SendWorker:188978561024:QuorumCnxManager$SendWorker@679] - Interrupted while waiting for message on queue
2015-07-29 19:33:58,598 - WARN  [SendWorker:188978561024:QuorumCnxManager$SendWorker@688] - Send worker leaving thread
2015-07-29 19:33:58,697 - INFO  [/10.10.34.13:3888:QuorumCnxManager$Listener@493] - Received connection request /10.10.34.13:46794
2015-07-29 19:33:58,698 - WARN  [RecvWorker:188978561024:QuorumCnxManager$RecvWorker@762] - Connection broken for id 188978561024, my id = 3, error = 
2015-07-29 19:33:58,698 - WARN  [RecvWorker:188978561024:QuorumCnxManager$RecvWorker@765] - Interrupting SendWorker
2015-07-29 19:33:58,698 - WARN  [SendWorker:188978561024:QuorumCnxManager$SendWorker@679] - Interrupted while waiting for message on queue
2015-07-29 19:33:58,698 - WARN  [SendWorker:188978561024:QuorumCnxManager$SendWorker@688] - Send worker leaving thread
2015-07-29 19:33:58,706 - INFO  [/10.10.34.13:3888:QuorumCnxManager$Listener@493] - Received connection request /10.10.34.13:46800
2015-07-29 19:33:58,707 - INFO  [/10.10.34.13:3888:QuorumCnxManager$Listener@493] - Received connection request /10.10.34.13:46802
2015-07-29 19:33:58,707 - WARN  [RecvWorker:188978561024:QuorumCnxManager$RecvWorker@762] - Connection broken for id 188978561024, my id = 3, error = 
2015-07-29 19:33:58,707 - WARN  [RecvWorker:188978561024:QuorumCnxManager$RecvWorker@765] - Interrupting SendWorker
2015-07-29 19:33:58,707 - WARN  [SendWorker:188978561024:QuorumCnxManager$SendWorker@679] - Interrupted while waiting for message on queue
2015-07-29 19:33:58,707 - WARN  [SendWorker:188978561024:QuorumCnxManager$SendWorker@688] - Send worker leaving thread
2015-07-29 19:33:58,707 - WARN  [RecvWorker:188978561024:QuorumCnxManager$RecvWorker@762] - Connection broken for id 188978561024, my id = 3, error = 
2015-07-29 19:33:58,707 - WARN  [RecvWorker:188978561024:QuorumCnxManager$RecvWorker@765] - Interrupting SendWorker
2015-07-29 19:33:58,707 - INFO  [/10.10.34.13:3888:QuorumCnxManager$Listener@493] - Received connection request /10.10.34.13:46803
2015-07-29 19:33:58,708 - WARN  [SendWorker:188978561024:QuorumCnxManager$SendWorker@679] - Interrupted while waiting for message on queue
2015-07-29 19:33:58,708 - WARN  [SendWorker:188978561024:QuorumCnxManager$SendWorker@688] - Send worker leaving thread
2015-07-29 19:33:58,708 - WARN  [RecvWorker:188978561024:QuorumCnxManager$RecvWorker@762] - Connection broken for id 188978561024, my id = 3, error = 
2015-07-29 19:33:58,708 - WARN  [RecvWorker:188978561024:QuorumCnxManager$RecvWorker@765] - Interrupting SendWorker
2015-07-29 19:33:58,708 - WARN  [SendWorker:188978561024:QuorumCnxManager$SendWorker@679] - Interrupted while waiting for message on queue
2015-07-29 19:33:58,709 - WARN  [SendWorker:188978561024:QuorumCnxManager$SendWorker@688] - Send worker leaving thread
2015-07-29 19:33:59,184 - INFO  [/10.10.34.13:3888:QuorumCnxManager$Listener@493] - Received connection request /10.10.34.11:49344
2015-07-29 19:33:59,185 - WARN  [RecvWorker:188978561024:QuorumCnxManager$RecvWorker@762] - Connection broken for id 188978561024, my id = 3, error = 
2015-07-29 19:33:59,185 - WARN  [RecvWorker:188978561024:QuorumCnxManager$RecvWorker@765] - Interrupting SendWorker
2015-07-29 19:33:59,185 - WARN  [SendWorker:188978561024:QuorumCnxManager$SendWorker@679] - Interrupted while waiting for message on queue
2015-07-29 19:33:59,185 - WARN  [SendWorker:188978561024:QuorumCnxManager$SendWorker@688] - Send worker leaving thread
2015-07-29 19:34:01,842 - INFO  [/10.10.34.13:3888:QuorumCnxManager$Listener@493] - Received connection request /10.10.34.11:49348
2015-07-29 19:34:01,843 - WARN  [RecvWorker:188978561024:QuorumCnxManager$RecvWorker@762] - Connection broken for id 188978561024, my id = 3, error = 
2015-07-29 19:34:01,843 - WARN  [RecvWorker:188978561024:QuorumCnxManager$RecvWorker@765] - Interrupting SendWorker
2015-07-29 19:34:01,843 - WARN  [SendWorker:188978561024:QuorumCnxManager$SendWorker@679] - Interrupted while waiting for message on queue
2015-07-29 19:34:01,844 - WARN  [SendWorker:188978561024:QuorumCnxManager$SendWorker@688] - Send worker leaving thread
2015-07-29 19:34:01,843 - INFO  [/10.10.34.13:3888:QuorumCnxManager$Listener@493] - Received connection request /10.10.34.11:49351
2015-07-29 19:34:01,844 - WARN  [RecvWorker:188978561024:QuorumCnxManager$RecvWorker@762] - Connection broken for id 188978561024, my id = 3, error = 
2015-07-29 19:34:01,844 - WARN  [RecvWorker:188978561024:QuorumCnxManager$RecvWorker@765] - Interrupting SendWorker
2015-07-29 19:34:01,845 - WARN  [SendWorker:188978561024:QuorumCnxManager$SendWorker@679] - Interrupted while waiting for message on queue
2015-07-29 19:34:01,845 - WARN  [SendWorker:188978561024:QuorumCnxManager$SendWorker@688] - Send worker leaving thread
2015-07-29 19:34:01,845 - INFO  [/10.10.34.13:3888:QuorumCnxManager$Listener@493] - Received connection request /10.10.34.11:49355
2015-07-29 19:34:01,845 - INFO  [/10.10.34.13:3888:QuorumCnxManager$Listener@493] - Received connection request /10.10.34.11:49356
2015-07-29 19:34:01,846 - WARN  [RecvWorker:188978561024:QuorumCnxManager$RecvWorker@762] - Connection broken for id 188978561024, my id = 3, error = 
2015-07-29 19:34:01,846 - WARN  [RecvWorker:188978561024:QuorumCnxManager$RecvWorker@765] - Interrupting SendWorker
2015-07-29 19:34:01,846 - WARN  [SendWorker:188978561024:QuorumCnxManager$SendWorker@679] - Interrupted while waiting for message on queue
2015-07-29 19:34:01,846 - WARN  [SendWorker:188978561024:QuorumCnxManager$SendWorker@688] - Send worker leaving thread
2015-07-29 19:34:01,846 - WARN  [RecvWorker:188978561024:QuorumCnxManager$RecvWorker@762] - Connection broken for id 188978561024, my id = 3, error = 
2015-07-29 19:34:01,846 - WARN  [RecvWorker:188978561024:QuorumCnxManager$RecvWorker@765] - Interrupting SendWorker
2015-07-29 19:34:01,847 - WARN  [SendWorker:188978561024:QuorumCnxManager$SendWorker@679] - Interrupted while waiting for message on queue
2015-07-29 19:34:01,847 - WARN  [SendWorker:188978561024:QuorumCnxManager$SendWorker@688] - Send worker leaving thread
2015-07-29 19:34:01,932 - INFO  [/10.10.34.13:3888:QuorumCnxManager$Listener@493] - Received connection request /10.10.34.12:49534
2015-07-29 19:34:01,933 - WARN  [RecvWorker:188978561024:QuorumCnxManager$RecvWorker@762] - Connection broken for id 188978561024, my id = 3, error = 
2015-07-29 19:34:01,933 - WARN  [RecvWorker:188978561024:QuorumCnxManager$RecvWorker@765] - Interrupting SendWorker
2015-07-29 19:34:01,933 - WARN  [SendWorker:188978561024:QuorumCnxManager$SendWorker@679] - Interrupted while waiting for message on queue
2015-07-29 19:34:01,933 - WARN  [SendWorker:188978561024:QuorumCnxManager$SendWorker@688] - Send worker leaving thread
2015-07-29 19:34:01,934 - INFO  [/10.10.34.13:3888:QuorumCnxManager$Listener@493] - Received connection request /10.10.34.12:49537
2015-07-29 19:34:01,934 - WARN  [RecvWorker:188978561024:QuorumCnxManager$RecvWorker@762] - Connection broken for id 188978561024, my id = 3, error = 
2015-07-29 19:34:01,935 - WARN  [RecvWorker:188978561024:QuorumCnxManager$RecvWorker@765] - Interrupting SendWorker
2015-07-29 19:34:01,935 - WARN  [SendWorker:188978561024:QuorumCnxManager$SendWorker@679] - Interrupted while waiting for message on queue
2015-07-29 19:34:01,935 - WARN  [SendWorker:188978561024:QuorumCnxManager$SendWorker@688] - Send worker leaving thread
2015-07-29 19:34:01,935 - INFO  [/10.10.34.13:3888:QuorumCnxManager$Listener@493] - Received connection request /10.10.34.12:49540
2015-07-29 19:34:01,936 - WARN  [RecvWorker:188978561024:QuorumCnxManager$RecvWorker@762] - Connection broken for id 188978561024, my id = 3, error = 
2015-07-29 19:34:01,936 - WARN  [RecvWorker:188978561024:QuorumCnxManager$RecvWorker@765] - Interrupting SendWorker
2015-07-29 19:34:01,936 - WARN  [SendWorker:188978561024:QuorumCnxManager$SendWorker@679] - Interrupted while waiting for message on queue
2015-07-29 19:34:01,936 - WARN  [SendWorker:188978561024:QuorumCnxManager$SendWorker@688] - Send worker leaving thread
2015-07-29 19:34:01,937 - INFO  [/10.10.34.13:3888:QuorumCnxManager$Listener@493] - Received connection request /10.10.34.12:49544
2015-07-29 19:34:01,937 - WARN  [RecvWorker:188978561024:QuorumCnxManager$RecvWorker@762] - Connection broken for id 188978561024, my id = 3, error = 
2015-07-29 19:34:01,938 - WARN  [RecvWorker:188978561024:QuorumCnxManager$RecvWorker@765] - Interrupting SendWorker
2015-07-29 19:34:01,938 - WARN  [SendWorker:188978561024:QuorumCnxManager$SendWorker@679] - Interrupted while waiting for message on queue
2015-07-29 19:34:01,938 - WARN  [SendWorker:188978561024:QuorumCnxManager$SendWorker@688] - Send worker leaving thread
2015-07-29 19:34:02,039 - INFO  [/10.10.34.13:3888:QuorumCnxManager$Listener@493] - Received connection request /10.10.34.13:46806
2015-07-29 19:34:02,040 - WARN  [RecvWorker:188978561024:QuorumCnxManager$RecvWorker@762] - Connection broken for id 188978561024, my id = 3, error = 
2015-07-29 19:34:02,040 - WARN  [RecvWorker:188978561024:QuorumCnxManager$RecvWorker@765] - Interrupting SendWorker
2015-07-29 19:34:02,040 - WARN  [SendWorker:188978561024:QuorumCnxManager$SendWorker@679] - Interrupted while waiting for message on queue
2015-07-29 19:34:02,040 - WARN  [SendWorker:188978561024:QuorumCnxManager$SendWorker@688] - Send worker leaving thread
2015-07-29 19:34:02,046 - INFO  [/10.10.34.13:3888:QuorumCnxManager$Listener@493] - Received connection request /10.10.34.13:46812
2015-07-29 19:34:02,046 - WARN  [RecvWorker:188978561024:QuorumCnxManager$RecvWorker@762] - Connection broken for id 188978561024, my id = 3, error = 
2015-07-29 19:34:02,047 - WARN  [RecvWorker:188978561024:QuorumCnxManager$RecvWorker@765] - Interrupting SendWorker
2015-07-29 19:34:02,047 - INFO  [/10.10.34.13:3888:QuorumCnxManager$Listener@493] - Received connection request /10.10.34.13:46814
2015-07-29 19:34:02,047 - WARN  [SendWorker:188978561024:QuorumCnxManager$SendWorker@679] - Interrupted while waiting for message on queue
2015-07-29 19:34:02,047 - WARN  [SendWorker:188978561024:QuorumCnxManager$SendWorker@688] - Send worker leaving thread
2015-07-29 19:34:02,047 - WARN  [RecvWorker:188978561024:QuorumCnxManager$RecvWorker@762] - Connection broken for id 188978561024, my id = 3, error = 
2015-07-29 19:34:02,047 - WARN  [RecvWorker:188978561024:QuorumCnxManager$RecvWorker@765] - Interrupting SendWorker
2015-07-29 19:34:02,047 - INFO  [/10.10.34.13:3888:QuorumCnxManager$Listener@493] - Received connection request /10.10.34.13:46815
2015-07-29 19:34:02,048 - WARN  [SendWorker:188978561024:QuorumCnxManager$SendWorker@679] - Interrupted while waiting for message on queue
2015-07-29 19:34:02,048 - WARN  [SendWorker:188978561024:QuorumCnxManager$SendWorker@688] - Send worker leaving thread
2015-07-29 19:34:02,048 - WARN  [RecvWorker:188978561024:QuorumCnxManager$RecvWorker@762] - Connection broken for id 188978561024, my id = 3, error = 
2015-07-29 19:34:02,048 - WARN  [RecvWorker:188978561024:QuorumCnxManager$RecvWorker@765] - Interrupting SendWorker
2015-07-29 19:34:02,048 - WARN  [SendWorker:188978561024:QuorumCnxManager$SendWorker@679] - Interrupted while waiting for message on queue
2015-07-29 19:34:02,049 - WARN  [SendWorker:188978561024:QuorumCnxManager$SendWorker@688] - Send worker leaving thread
2015-07-29 19:34:02,525 - INFO  [/10.10.34.13:3888:QuorumCnxManager$Listener@493] - Received connection request /10.10.34.11:49359
2015-07-29 19:34:02,525 - WARN  [RecvWorker:188978561024:QuorumCnxManager$RecvWorker@762] - Connection broken for id 188978561024, my id = 3, error = 
2015-07-29 19:34:02,525 - WARN  [RecvWorker:188978561024:QuorumCnxManager$RecvWorker@765] - Interrupting SendWorker
2015-07-29 19:34:02,526 - WARN  [SendWorker:188978561024:QuorumCnxManager$SendWorker@679] - Interrupted while waiting for message on queue
2015-07-29 19:34:02,526 - WARN  [SendWorker:188978561024:QuorumCnxManager$SendWorker@688] - Send worker leaving thread
2015-07-29 19:34:05,182 - INFO  [/10.10.34.13:3888:QuorumCnxManager$Listener@493] - Received connection request /10.10.34.11:49361
2015-07-29 19:34:05,183 - WARN  [RecvWorker:188978561024:QuorumCnxManager$RecvWorker@762] - Connection broken for id 188978561024, my id = 3, error = 
2015-07-29 19:34:05,183 - WARN  [RecvWorker:188978561024:QuorumCnxManager$RecvWorker@765] - Interrupting SendWorker
2015-07-29 19:34:05,183 - WARN  [SendWorker:188978561024:QuorumCnxManager$SendWorker@679] - Interrupted while waiting for message on queue
2015-07-29 19:34:05,184 - WARN  [SendWorker:188978561024:QuorumCnxManager$SendWorker@688] - Send worker leaving thread
2015-07-29 19:34:05,184 - INFO  [/10.10.34.13:3888:QuorumCnxManager$Listener@493] - Received connection request /10.10.34.11:49367
2015-07-29 19:34:05,184 - WARN  [RecvWorker:188978561024:QuorumCnxManager$RecvWorker@762] - Connection broken for id 188978561024, my id = 3, error = 
2015-07-29 19:34:05,185 - WARN  [RecvWorker:188978561024:QuorumCnxManager$RecvWorker@765] - Interrupting SendWorker
2015-07-29 19:34:05,185 - WARN  [SendWorker:188978561024:QuorumCnxManager$SendWorker@679] - Interrupted while waiting for message on queue
2015-07-29 19:34:05,185 - WARN  [SendWorker:188978561024:QuorumCnxManager$SendWorker@688] - Send worker leaving thread
2015-07-29 19:34:05,185 - INFO  [/10.10.34.13:3888:QuorumCnxManager$Listener@493] - Received connection request /10.10.34.11:49370
2015-07-29 19:34:05,186 - INFO  [/10.10.34.13:3888:QuorumCnxManager$Listener@493] - Received connection request /10.10.34.11:49371
2015-07-29 19:34:05,186 - WARN  [RecvWorker:188978561024:QuorumCnxManager$RecvWorker@762] - Connection broken for id 188978561024, my id = 3, error = 
2015-07-29 19:34:05,186 - WARN  [RecvWorker:188978561024:QuorumCnxManager$RecvWorker@765] - Interrupting SendWorker
2015-07-29 19:34:05,186 - WARN  [SendWorker:188978561024:QuorumCnxManager$SendWorker@679] - Interrupted while waiting for message on queue
2015-07-29 19:34:05,187 - WARN  [SendWorker:188978561024:QuorumCnxManager$SendWorker@688] - Send worker leaving thread
2015-07-29 19:34:05,187 - WARN  [RecvWorker:188978561024:QuorumCnxManager$RecvWorker@762] - Connection broken for id 188978561024, my id = 3, error = 
2015-07-29 19:34:05,187 - WARN  [RecvWorker:188978561024:QuorumCnxManager$RecvWorker@765] - Interrupting SendWorker
2015-07-29 19:34:05,187 - WARN  [SendWorker:188978561024:QuorumCnxManager$SendWorker@679] - Interrupted while waiting for message on queue
2015-07-29 19:34:05,187 - WARN  [SendWorker:188978561024:QuorumCnxManager$SendWorker@688] - Send worker leaving thread
2015-07-29 19:34:05,272 - INFO  [/10.10.34.13:3888:QuorumCnxManager$Listener@493] - Received connection request /10.10.34.12:49546
2015-07-29 19:34:05,273 - WARN  [RecvWorker:188978561024:QuorumCnxManager$RecvWorker@762] - Connection broken for id 188978561024, my id = 3, error = 
2015-07-29 19:34:05,273 - WARN  [RecvWorker:188978561024:QuorumCnxManager$RecvWorker@765] - Interrupting SendWorker
2015-07-29 19:34:05,273 - WARN  [SendWorker:188978561024:QuorumCnxManager$SendWorker@679] - Interrupted while waiting for message on queue
2015-07-29 19:34:05,273 - WARN  [SendWorker:188978561024:QuorumCnxManager$SendWorker@688] - Send worker leaving thread
2015-07-29 19:34:05,274 - INFO  [/10.10.34.13:3888:QuorumCnxManager$Listener@493] - Received connection request /10.10.34.12:49549
2015-07-29 19:34:05,274 - WARN  [RecvWorker:188978561024:QuorumCnxManager$RecvWorker@762] - Connection broken for id 188978561024, my id = 3, error = 
2015-07-29 19:34:05,275 - WARN  [RecvWorker:188978561024:QuorumCnxManager$RecvWorker@765] - Interrupting SendWorker
2015-07-29 19:34:05,275 - WARN  [SendWorker:188978561024:QuorumCnxManager$SendWorker@679] - Interrupted while waiting for message on queue
2015-07-29 19:34:05,275 - WARN  [SendWorker:188978561024:QuorumCnxManager$SendWorker@688] - Send worker leaving thread
2015-07-29 19:34:05,275 - INFO  [/10.10.34.13:3888:QuorumCnxManager$Listener@493] - Received connection request /10.10.34.12:49552
2015-07-29 19:34:05,276 - WARN  [RecvWorker:188978561024:QuorumCnxManager$RecvWorker@762] - Connection broken for id 188978561024, my id = 3, error = 
2015-07-29 19:34:05,276 - WARN  [RecvWorker:188978561024:QuorumCnxManager$RecvWorker@765] - Interrupting SendWorker
2015-07-29 19:34:05,276 - WARN  [SendWorker:188978561024:QuorumCnxManager$SendWorker@679] - Interrupted while waiting for message on queue
2015-07-29 19:34:05,276 - WARN  [SendWorker:188978561024:QuorumCnxManager$SendWorker@688] - Send worker leaving thread
2015-07-29 19:34:05,277 - INFO  [/10.10.34.13:3888:QuorumCnxManager$Listener@493] - Received connection request /10.10.34.12:49556
2015-07-29 19:34:05,277 - WARN  [RecvWorker:188978561024:QuorumCnxManager$RecvWorker@762] - Connection broken for id 188978561024, my id = 3, error = 
2015-07-29 19:34:05,277 - WARN  [RecvWorker:188978561024:QuorumCnxManager$RecvWorker@765] - Interrupting SendWorker
2015-07-29 19:34:05,278 - WARN  [SendWorker:188978561024:QuorumCnxManager$SendWorker@679] - Interrupted while waiting for message on queue
2015-07-29 19:34:05,278 - WARN  [SendWorker:188978561024:QuorumCnxManager$SendWorker@688] - Send worker leaving thread
2015-07-29 19:34:05,379 - INFO  [/10.10.34.13:3888:QuorumCnxManager$Listener@493] - Received connection request /10.10.34.13:46818
2015-07-29 19:34:05,380 - WARN  [RecvWorker:188978561024:QuorumCnxManager$RecvWorker@762] - Connection broken for id 188978561024, my id = 3, error = 
2015-07-29 19:34:05,380 - WARN  [RecvWorker:188978561024:QuorumCnxManager$RecvWorker@765] - Interrupting SendWorker
2015-07-29 19:34:05,380 - WARN  [SendWorker:188978561024:QuorumCnxManager$SendWorker@679] - Interrupted while waiting for message on queue
2015-07-29 19:34:05,380 - WARN  [SendWorker:188978561024:QuorumCnxManager$SendWorker@688] - Send worker leaving thread
2015-07-29 19:34:05,386 - INFO  [/10.10.34.13:3888:QuorumCnxManager$Listener@493] - Received connection request /10.10.34.13:46824
2015-07-29 19:34:05,386 - WARN  [RecvWorker:188978561024:QuorumCnxManager$RecvWorker@762] - Connection broken for id 188978561024, my id = 3, error = 
2015-07-29 19:34:05,386 - WARN  [RecvWorker:188978561024:QuorumCnxManager$RecvWorker@765] - Interrupting SendWorker
2015-07-29 19:34:05,387 - WARN  [SendWorker:188978561024:QuorumCnxManager$SendWorker@679] - Interrupted while waiting for message on queue
2015-07-29 19:34:05,387 - WARN  [SendWorker:188978561024:QuorumCnxManager$SendWorker@688] - Send worker leaving thread
2015-07-29 19:34:05,387 - INFO  [/10.10.34.13:3888:QuorumCnxManager$Listener@493] - Received connection request /10.10.34.13:46826
2015-07-29 19:34:05,387 - INFO  [/10.10.34.13:3888:QuorumCnxManager$Listener@493] - Received connection request /10.10.34.13:46827
2015-07-29 19:34:05,387 - WARN  [RecvWorker:188978561024:QuorumCnxManager$RecvWorker@762] - Connection broken for id 188978561024, my id = 3, error = 
2015-07-29 19:34:05,388 - WARN  [RecvWorker:188978561024:QuorumCnxManager$RecvWorker@765] - Interrupting SendWorker
2015-07-29 19:34:05,388 - WARN  [SendWorker:188978561024:QuorumCnxManager$SendWorker@679] - Interrupted while waiting for message on queue
2015-07-29 19:34:05,388 - WARN  [SendWorker:188978561024:QuorumCnxManager$SendWorker@688] - Send worker leaving thread
2015-07-29 19:34:05,388 - WARN  [RecvWorker:188978561024:QuorumCnxManager$RecvWorker@762] - Connection broken for id 188978561024, my id = 3, error = 
2015-07-29 19:34:05,388 - WARN  [RecvWorker:188978561024:QuorumCnxManager$RecvWorker@765] - Interrupting SendWorker
2015-07-29 19:34:05,388 - WARN  [SendWorker:188978561024:QuorumCnxManager$SendWorker@679] - Interrupted while waiting for message on queue
2015-07-29 19:34:05,389 - WARN  [SendWorker:188978561024:QuorumCnxManager$SendWorker@688] - Send worker leaving thread
2015-07-29 19:34:05,865 - INFO  [/10.10.34.13:3888:QuorumCnxManager$Listener@493] - Received connection request /10.10.34.11:49374
2015-07-29 19:34:05,865 - WARN  [RecvWorker:188978561024:QuorumCnxManager$RecvWorker@762] - Connection broken for id 188978561024, my id = 3, error = 
2015-07-29 19:34:05,866 - WARN  [RecvWorker:188978561024:QuorumCnxManager$RecvWorker@765] - Interrupting SendWorker
2015-07-29 19:34:05,866 - WARN  [SendWorker:188978561024:QuorumCnxManager$SendWorker@679] - Interrupted while waiting for message on queue
2015-07-29 19:34:05,866 - WARN  [SendWorker:188978561024:QuorumCnxManager$SendWorker@688] - Send worker leaving thread
2015-07-29 19:34:08,522 - INFO  [/10.10.34.13:3888:QuorumCnxManager$Listener@493] - Received connection request /10.10.34.11:49376
2015-07-29 19:34:08,523 - WARN  [RecvWorker:188978561024:QuorumCnxManager$RecvWorker@762] - Connection broken for id 188978561024, my id = 3, error = 
2015-07-29 19:34:08,523 - WARN  [RecvWorker:188978561024:QuorumCnxManager$RecvWorker@765] - Interrupting SendWorker
2015-07-29 19:34:08,523 - WARN  [SendWorker:188978561024:QuorumCnxManager$SendWorker@679] - Interrupted while waiting for message on queue
2015-07-29 19:34:08,524 - WARN  [SendWorker:188978561024:QuorumCnxManager$SendWorker@688] - Send worker leaving thread
2015-07-29 19:34:08,524 - INFO  [/10.10.34.13:3888:QuorumCnxManager$Listener@493] - Received connection request /10.10.34.11:49381
2015-07-29 19:34:08,524 - WARN  [RecvWorker:188978561024:QuorumCnxManager$RecvWorker@762] - Connection broken for id 188978561024, my id = 3, error = 
2015-07-29 19:34:08,525 - WARN  [RecvWorker:188978561024:QuorumCnxManager$RecvWorker@765] - Interrupting SendWorker
2015-07-29 19:34:08,525 - WARN  [SendWorker:188978561024:QuorumCnxManager$SendWorker@679] - Interrupted while waiting for message on queue
2015-07-29 19:34:08,525 - WARN  [SendWorker:188978561024:QuorumCnxManager$SendWorker@688] - Send worker leaving thread
2015-07-29 19:34:08,526 - INFO  [/10.10.34.13:3888:QuorumCnxManager$Listener@493] - Received connection request /10.10.34.11:49385
2015-07-29 19:34:08,526 - INFO  [/10.10.34.13:3888:QuorumCnxManager$Listener@493] - Received connection request /10.10.34.11:49386
2015-07-29 19:34:08,526 - WARN  [RecvWorker:188978561024:QuorumCnxManager$RecvWorker@762] - Connection broken for id 188978561024, my id = 3, error = 
2015-07-29 19:34:08,526 - WARN  [RecvWorker:188978561024:QuorumCnxManager$RecvWorker@765] - Interrupting SendWorker
2015-07-29 19:34:08,526 - WARN  [SendWorker:188978561024:QuorumCnxManager$SendWorker@679] - Interrupted while waiting for message on queue
2015-07-29 19:34:08,527 - WARN  [SendWorker:188978561024:QuorumCnxManager$SendWorker@688] - Send worker leaving thread
2015-07-29 19:34:08,527 - WARN  [RecvWorker:188978561024:QuorumCnxManager$RecvWorker@762] - Connection broken for id 188978561024, my id = 3, error = 
2015-07-29 19:34:08,527 - WARN  [RecvWorker:188978561024:QuorumCnxManager$RecvWorker@765] - Interrupting SendWorker
2015-07-29 19:34:08,527 - WARN  [SendWorker:188978561024:QuorumCnxManager$SendWorker@679] - Interrupted while waiting for message on queue
2015-07-29 19:34:08,527 - WARN  [SendWorker:188978561024:QuorumCnxManager$SendWorker@688] - Send worker leaving thread
2015-07-29 19:34:08,612 - INFO  [/10.10.34.13:3888:QuorumCnxManager$Listener@493] - Received connection request /10.10.34.12:49558
2015-07-29 19:34:08,613 - WARN  [RecvWorker:188978561024:QuorumCnxManager$RecvWorker@762] - Connection broken for id 188978561024, my id = 3, error = 
2015-07-29 19:34:08,613 - WARN  [RecvWorker:188978561024:QuorumCnxManager$RecvWorker@765] - Interrupting SendWorker
2015-07-29 19:34:08,613 - WARN  [SendWorker:188978561024:QuorumCnxManager$SendWorker@679] - Interrupted while waiting for message on queue
2015-07-29 19:34:08,613 - WARN  [SendWorker:188978561024:QuorumCnxManager$SendWorker@688] - Send worker leaving thread
2015-07-29 19:34:08,614 - INFO  [/10.10.34.13:3888:QuorumCnxManager$Listener@493] - Received connection request /10.10.34.12:49561
2015-07-29 19:34:08,614 - WARN  [RecvWorker:188978561024:QuorumCnxManager$RecvWorker@762] - Connection broken for id 188978561024, my id = 3, error = 
2015-07-29 19:34:08,615 - WARN  [RecvWorker:188978561024:QuorumCnxManager$RecvWorker@765] - Interrupting SendWorker
2015-07-29 19:34:08,615 - WARN  [SendWorker:188978561024:QuorumCnxManager$SendWorker@679] - Interrupted while waiting for message on queue
2015-07-29 19:34:08,615 - WARN  [SendWorker:188978561024:QuorumCnxManager$SendWorker@688] - Send worker leaving thread
2015-07-29 19:34:08,615 - INFO  [/10.10.34.13:3888:QuorumCnxManager$Listener@493] - Received connection request /10.10.34.12:49565
2015-07-29 19:34:08,616 - WARN  [RecvWorker:188978561024:QuorumCnxManager$RecvWorker@762] - Connection broken for id 188978561024, my id = 3, error = 
2015-07-29 19:34:08,616 - WARN  [RecvWorker:188978561024:QuorumCnxManager$RecvWorker@765] - Interrupting SendWorker
2015-07-29 19:34:08,616 - WARN  [SendWorker:188978561024:QuorumCnxManager$SendWorker@679] - Interrupted while waiting for message on queue
2015-07-29 19:34:08,616 - WARN  [SendWorker:188978561024:QuorumCnxManager$SendWorker@688] - Send worker leaving thread
2015-07-29 19:34:08,617 - INFO  [/10.10.34.13:3888:QuorumCnxManager$Listener@493] - Received connection request /10.10.34.12:49568
2015-07-29 19:34:08,617 - WARN  [RecvWorker:188978561024:QuorumCnxManager$RecvWorker@762] - Connection broken for id 188978561024, my id = 3, error = 
2015-07-29 19:34:08,617 - WARN  [RecvWorker:188978561024:QuorumCnxManager$RecvWorker@765] - Interrupting SendWorker
2015-07-29 19:34:08,617 - WARN  [SendWorker:188978561024:QuorumCnxManager$SendWorker@679] - Interrupted while waiting for message on queue
2015-07-29 19:34:08,618 - WARN  [SendWorker:188978561024:QuorumCnxManager$SendWorker@688] - Send worker leaving thread
2015-07-29 19:34:08,719 - INFO  [/10.10.34.13:3888:QuorumCnxManager$Listener@493] - Received connection request /10.10.34.13:46830
2015-07-29 19:34:08,720 - WARN  [RecvWorker:188978561024:QuorumCnxManager$RecvWorker@762] - Connection broken for id 188978561024, my id = 3, error = 
2015-07-29 19:34:08,720 - WARN  [RecvWorker:188978561024:QuorumCnxManager$RecvWorker@765] - Interrupting SendWorker
2015-07-29 19:34:08,720 - WARN  [SendWorker:188978561024:QuorumCnxManager$SendWorker@679] - Interrupted while waiting for message on queue
2015-07-29 19:34:08,721 - WARN  [SendWorker:188978561024:QuorumCnxManager$SendWorker@688] - Send worker leaving thread
2015-07-29 19:34:08,726 - INFO  [/10.10.34.13:3888:QuorumCnxManager$Listener@493] - Received connection request /10.10.34.13:46836
2015-07-29 19:34:08,726 - WARN  [RecvWorker:188978561024:QuorumCnxManager$RecvWorker@762] - Connection broken for id 188978561024, my id = 3, error = 
2015-07-29 19:34:08,727 - WARN  [RecvWorker:188978561024:QuorumCnxManager$RecvWorker@765] - Interrupting SendWorker
2015-07-29 19:34:08,727 - INFO  [/10.10.34.13:3888:QuorumCnxManager$Listener@493] - Received connection request /10.10.34.13:46838
2015-07-29 19:34:08,727 - WARN  [SendWorker:188978561024:QuorumCnxManager$SendWorker@679] - Interrupted while waiting for message on queue
2015-07-29 19:34:08,727 - WARN  [SendWorker:188978561024:QuorumCnxManager$SendWorker@688] - Send worker leaving thread
2015-07-29 19:34:08,727 - WARN  [RecvWorker:188978561024:QuorumCnxManager$RecvWorker@762] - Connection broken for id 188978561024, my id = 3, error = 
2015-07-29 19:34:08,727 - WARN  [RecvWorker:188978561024:QuorumCnxManager$RecvWorker@765] - Interrupting SendWorker
2015-07-29 19:34:08,727 - INFO  [/10.10.34.13:3888:QuorumCnxManager$Listener@493] - Received connection request /10.10.34.13:46839
2015-07-29 19:34:08,728 - WARN  [SendWorker:188978561024:QuorumCnxManager$SendWorker@679] - Interrupted while waiting for message on queue
2015-07-29 19:34:08,728 - WARN  [SendWorker:188978561024:QuorumCnxManager$SendWorker@688] - Send worker leaving thread
2015-07-29 19:34:08,728 - WARN  [RecvWorker:188978561024:QuorumCnxManager$RecvWorker@762] - Connection broken for id 188978561024, my id = 3, error = 
2015-07-29 19:34:08,728 - WARN  [RecvWorker:188978561024:QuorumCnxManager$RecvWorker@765] - Interrupting SendWorker
2015-07-29 19:34:08,728 - WARN  [SendWorker:188978561024:QuorumCnxManager$SendWorker@679] - Interrupted while waiting for message on queue
2015-07-29 19:34:08,729 - WARN  [SendWorker:188978561024:QuorumCnxManager$SendWorker@688] - Send worker leaving thread
2015-07-29 19:34:09,205 - INFO  [/10.10.34.13:3888:QuorumCnxManager$Listener@493] - Received connection request /10.10.34.11:49389
2015-07-29 19:34:09,206 - WARN  [RecvWorker:188978561024:QuorumCnxManager$RecvWorker@762] - Connection broken for id 188978561024, my id = 3, error = 
2015-07-29 19:34:09,206 - WARN  [RecvWorker:188978561024:QuorumCnxManager$RecvWorker@765] - Interrupting SendWorker
2015-07-29 19:34:09,206 - WARN  [SendWorker:188978561024:QuorumCnxManager$SendWorker@679] - Interrupted while waiting for message on queue
2015-07-29 19:34:09,206 - WARN  [SendWorker:188978561024:QuorumCnxManager$SendWorker@688] - Send worker leaving thread
2015-07-29 19:34:11,862 - INFO  [/10.10.34.13:3888:QuorumCnxManager$Listener@493] - Received connection request /10.10.34.11:49391
2015-07-29 19:34:11,863 - WARN  [RecvWorker:188978561024:QuorumCnxManager$RecvWorker@762] - Connection broken for id 188978561024, my id = 3, error = 
2015-07-29 19:34:11,863 - WARN  [RecvWorker:188978561024:QuorumCnxManager$RecvWorker@765] - Interrupting SendWorker
2015-07-29 19:34:11,863 - WARN  [SendWorker:188978561024:QuorumCnxManager$SendWorker@679] - Interrupted while waiting for message on queue
2015-07-29 19:34:11,863 - WARN  [SendWorker:188978561024:QuorumCnxManager$SendWorker@688] - Send worker leaving thread
2015-07-29 19:34:11,864 - INFO  [/10.10.34.13:3888:QuorumCnxManager$Listener@493] - Received connection request /10.10.34.11:49396
2015-07-29 19:34:11,865 - WARN  [RecvWorker:188978561024:QuorumCnxManager$RecvWorker@762] - Connection broken for id 188978561024, my id = 3, error = 
2015-07-29 19:34:11,865 - WARN  [RecvWorker:188978561024:QuorumCnxManager$RecvWorker@765] - Interrupting SendWorker
2015-07-29 19:34:11,865 - WARN  [SendWorker:188978561024:QuorumCnxManager$SendWorker@679] - Interrupted while waiting for message on queue
2015-07-29 19:34:11,865 - WARN  [SendWorker:188978561024:QuorumCnxManager$SendWorker@688] - Send worker leaving thread
2015-07-29 19:34:11,866 - INFO  [/10.10.34.13:3888:QuorumCnxManager$Listener@493] - Received connection request /10.10.34.11:49400
2015-07-29 19:34:11,867 - WARN  [RecvWorker:188978561024:QuorumCnxManager$RecvWorker@762] - Connection broken for id 188978561024, my id = 3, error = 
2015-07-29 19:34:11,867 - WARN  [RecvWorker:188978561024:QuorumCnxManager$RecvWorker@765] - Interrupting SendWorker
2015-07-29 19:34:11,867 - INFO  [/10.10.34.13:3888:QuorumCnxManager$Listener@493] - Received connection request /10.10.34.11:49401
2015-07-29 19:34:11,867 - WARN  [SendWorker:188978561024:QuorumCnxManager$SendWorker@679] - Interrupted while waiting for message on queue
2015-07-29 19:34:11,867 - WARN  [SendWorker:188978561024:QuorumCnxManager$SendWorker@688] - Send worker leaving thread
2015-07-29 19:34:11,867 - WARN  [RecvWorker:188978561024:QuorumCnxManager$RecvWorker@762] - Connection broken for id 188978561024, my id = 3, error = 
2015-07-29 19:34:11,868 - WARN  [RecvWorker:188978561024:QuorumCnxManager$RecvWorker@765] - Interrupting SendWorker
2015-07-29 19:34:11,868 - WARN  [SendWorker:188978561024:QuorumCnxManager$SendWorker@679] - Interrupted while waiting for message on queue
2015-07-29 19:34:11,868 - WARN  [SendWorker:188978561024:QuorumCnxManager$SendWorker@688] - Send worker leaving thread
2015-07-29 19:34:11,952 - INFO  [/10.10.34.13:3888:QuorumCnxManager$Listener@493] - Received connection request /10.10.34.12:49570
2015-07-29 19:34:11,953 - WARN  [RecvWorker:188978561024:QuorumCnxManager$RecvWorker@762] - Connection broken for id 188978561024, my id = 3, error = 
2015-07-29 19:34:11,953 - WARN  [RecvWorker:188978561024:QuorumCnxManager$RecvWorker@765] - Interrupting SendWorker
2015-07-29 19:34:11,953 - WARN  [SendWorker:188978561024:QuorumCnxManager$SendWorker@679] - Interrupted while waiting for message on queue
2015-07-29 19:34:11,953 - WARN  [SendWorker:188978561024:QuorumCnxManager$SendWorker@688] - Send worker leaving thread
2015-07-29 19:34:11,954 - INFO  [/10.10.34.13:3888:QuorumCnxManager$Listener@493] - Received connection request /10.10.34.12:49573
2015-07-29 19:34:11,954 - WARN  [RecvWorker:188978561024:QuorumCnxManager$RecvWorker@762] - Connection broken for id 188978561024, my id = 3, error = 
2015-07-29 19:34:11,954 - WARN  [RecvWorker:188978561024:QuorumCnxManager$RecvWorker@765] - Interrupting SendWorker
2015-07-29 19:34:11,955 - WARN  [SendWorker:188978561024:QuorumCnxManager$SendWorker@679] - Interrupted while waiting for message on queue
2015-07-29 19:34:11,955 - WARN  [SendWorker:188978561024:QuorumCnxManager$SendWorker@688] - Send worker leaving thread
2015-07-29 19:34:11,955 - INFO  [/10.10.34.13:3888:QuorumCnxManager$Listener@493] - Received connection request /10.10.34.12:49577
2015-07-29 19:34:11,956 - WARN  [RecvWorker:188978561024:QuorumCnxManager$RecvWorker@762] - Connection broken for id 188978561024, my id = 3, error = 
2015-07-29 19:34:11,956 - WARN  [RecvWorker:188978561024:QuorumCnxManager$RecvWorker@765] - Interrupting SendWorker
2015-07-29 19:34:11,956 - WARN  [SendWorker:188978561024:QuorumCnxManager$SendWorker@679] - Interrupted while waiting for message on queue
2015-07-29 19:34:11,956 - WARN  [SendWorker:188978561024:QuorumCnxManager$SendWorker@688] - Send worker leaving thread
2015-07-29 19:34:11,956 - INFO  [/10.10.34.13:3888:QuorumCnxManager$Listener@493] - Received connection request /10.10.34.12:49580
2015-07-29 19:34:11,957 - WARN  [RecvWorker:188978561024:QuorumCnxManager$RecvWorker@762] - Connection broken for id 188978561024, my id = 3, error = 
2015-07-29 19:34:11,957 - WARN  [RecvWorker:188978561024:QuorumCnxManager$RecvWorker@765] - Interrupting SendWorker
2015-07-29 19:34:11,957 - WARN  [SendWorker:188978561024:QuorumCnxManager$SendWorker@679] - Interrupted while waiting for message on queue
2015-07-29 19:34:11,958 - WARN  [SendWorker:188978561024:QuorumCnxManager$SendWorker@688] - Send worker leaving thread
2015-07-29 19:34:12,060 - INFO  [/10.10.34.13:3888:QuorumCnxManager$Listener@493] - Received connection request /10.10.34.13:46842
2015-07-29 19:34:12,060 - WARN  [RecvWorker:188978561024:QuorumCnxManager$RecvWorker@762] - Connection broken for id 188978561024, my id = 3, error = 
2015-07-29 19:34:12,060 - WARN  [RecvWorker:188978561024:QuorumCnxManager$RecvWorker@765] - Interrupting SendWorker
2015-07-29 19:34:12,061 - WARN  [SendWorker:188978561024:QuorumCnxManager$SendWorker@679] - Interrupted while waiting for message on queue
2015-07-29 19:34:12,061 - WARN  [SendWorker:188978561024:QuorumCnxManager$SendWorker@688] - Send worker leaving thread
2015-07-29 19:34:12,066 - INFO  [/10.10.34.13:3888:QuorumCnxManager$Listener@493] - Received connection request /10.10.34.13:46849
2015-07-29 19:34:12,067 - INFO  [/10.10.34.13:3888:QuorumCnxManager$Listener@493] - Received connection request /10.10.34.13:46850
2015-07-29 19:34:12,067 - WARN  [RecvWorker:188978561024:QuorumCnxManager$RecvWorker@762] - Connection broken for id 188978561024, my id = 3, error = 
2015-07-29 19:34:12,067 - WARN  [RecvWorker:188978561024:QuorumCnxManager$RecvWorker@765] - Interrupting SendWorker
2015-07-29 19:34:12,067 - WARN  [SendWorker:188978561024:QuorumCnxManager$SendWorker@679] - Interrupted while waiting for message on queue
2015-07-29 19:34:12,067 - WARN  [SendWorker:188978561024:QuorumCnxManager$SendWorker@688] - Send worker leaving thread
2015-07-29 19:34:12,067 - WARN  [RecvWorker:188978561024:QuorumCnxManager$RecvWorker@762] - Connection broken for id 188978561024, my id = 3, error = 
2015-07-29 19:34:12,068 - WARN  [RecvWorker:188978561024:QuorumCnxManager$RecvWorker@765] - Interrupting SendWorker
2015-07-29 19:34:12,067 - INFO  [/10.10.34.13:3888:QuorumCnxManager$Listener@493] - Received connection request /10.10.34.13:46851
2015-07-29 19:34:12,068 - WARN  [SendWorker:188978561024:QuorumCnxManager$SendWorker@679] - Interrupted while waiting for message on queue
2015-07-29 19:34:12,068 - WARN  [SendWorker:188978561024:QuorumCnxManager$SendWorker@688] - Send worker leaving thread
2015-07-29 19:34:12,068 - WARN  [RecvWorker:188978561024:QuorumCnxManager$RecvWorker@762] - Connection broken for id 188978561024, my id = 3, error = 
2015-07-29 19:34:12,068 - WARN  [RecvWorker:188978561024:QuorumCnxManager$RecvWorker@765] - Interrupting SendWorker
2015-07-29 19:34:12,068 - WARN  [SendWorker:188978561024:QuorumCnxManager$SendWorker@679] - Interrupted while waiting for message on queue
2015-07-29 19:34:12,069 - WARN  [SendWorker:188978561024:QuorumCnxManager$SendWorker@688] - Send worker leaving thread
2015-07-29 19:34:12,545 - INFO  [/10.10.34.13:3888:QuorumCnxManager$Listener@493] - Received connection request /10.10.34.11:49404
2015-07-29 19:34:12,546 - WARN  [RecvWorker:188978561024:QuorumCnxManager$RecvWorker@762] - Connection broken for id 188978561024, my id = 3, error = 
2015-07-29 19:34:12,546 - WARN  [RecvWorker:188978561024:QuorumCnxManager$RecvWorker@765] - Interrupting SendWorker
2015-07-29 19:34:12,546 - WARN  [SendWorker:188978561024:QuorumCnxManager$SendWorker@679] - Interrupted while waiting for message on queue
2015-07-29 19:34:12,547 - WARN  [SendWorker:188978561024:QuorumCnxManager$SendWorker@688] - Send worker leaving thread
2015-07-29 19:34:15,202 - INFO  [/10.10.34.13:3888:QuorumCnxManager$Listener@493] - Received connection request /10.10.34.11:49406
2015-07-29 19:34:15,203 - WARN  [RecvWorker:188978561024:QuorumCnxManager$RecvWorker@762] - Connection broken for id 188978561024, my id = 3, error = 
2015-07-29 19:34:15,203 - WARN  [RecvWorker:188978561024:QuorumCnxManager$RecvWorker@765] - Interrupting SendWorker
2015-07-29 19:34:15,203 - WARN  [SendWorker:188978561024:QuorumCnxManager$SendWorker@679] - Interrupted while waiting for message on queue
2015-07-29 19:34:15,203 - WARN  [SendWorker:188978561024:QuorumCnxManager$SendWorker@688] - Send worker leaving thread
2015-07-29 19:34:15,204 - INFO  [/10.10.34.13:3888:QuorumCnxManager$Listener@493] - Received connection request /10.10.34.11:49411
2015-07-29 19:34:15,205 - WARN  [RecvWorker:188978561024:QuorumCnxManager$RecvWorker@762] - Connection broken for id 188978561024, my id = 3, error = 
2015-07-29 19:34:15,205 - WARN  [RecvWorker:188978561024:QuorumCnxManager$RecvWorker@765] - Interrupting SendWorker
2015-07-29 19:34:15,205 - WARN  [SendWorker:188978561024:QuorumCnxManager$SendWorker@679] - Interrupted while waiting for message on queue
2015-07-29 19:34:15,206 - WARN  [SendWorker:188978561024:QuorumCnxManager$SendWorker@688] - Send worker leaving thread
2015-07-29 19:34:15,207 - INFO  [/10.10.34.13:3888:QuorumCnxManager$Listener@493] - Received connection request /10.10.34.11:49415
2015-07-29 19:34:15,208 - INFO  [/10.10.34.13:3888:QuorumCnxManager$Listener@493] - Received connection request /10.10.34.11:49416
2015-07-29 19:34:15,208 - WARN  [RecvWorker:188978561024:QuorumCnxManager$RecvWorker@762] - Connection broken for id 188978561024, my id = 3, error = 
2015-07-29 19:34:15,208 - WARN  [RecvWorker:188978561024:QuorumCnxManager$RecvWorker@765] - Interrupting SendWorker
2015-07-29 19:34:15,208 - WARN  [SendWorker:188978561024:QuorumCnxManager$SendWorker@679] - Interrupted while waiting for message on queue
2015-07-29 19:34:15,208 - WARN  [SendWorker:188978561024:QuorumCnxManager$SendWorker@688] - Send worker leaving thread
2015-07-29 19:34:15,208 - WARN  [RecvWorker:188978561024:QuorumCnxManager$RecvWorker@762] - Connection broken for id 188978561024, my id = 3, error = 
2015-07-29 19:34:15,208 - WARN  [RecvWorker:188978561024:QuorumCnxManager$RecvWorker@765] - Interrupting SendWorker
2015-07-29 19:34:15,209 - WARN  [SendWorker:188978561024:QuorumCnxManager$SendWorker@679] - Interrupted while waiting for message on queue
2015-07-29 19:34:15,209 - WARN  [SendWorker:188978561024:QuorumCnxManager$SendWorker@688] - Send worker leaving thread
2015-07-29 19:34:15,292 - INFO  [/10.10.34.13:3888:QuorumCnxManager$Listener@493] - Received connection request /10.10.34.12:49582
2015-07-29 19:34:15,293 - WARN  [RecvWorker:188978561024:QuorumCnxManager$RecvWorker@762] - Connection broken for id 188978561024, my id = 3, error = 
2015-07-29 19:34:15,293 - WARN  [RecvWorker:188978561024:QuorumCnxManager$RecvWorker@765] - Interrupting SendWorker
2015-07-29 19:34:15,293 - WARN  [SendWorker:188978561024:QuorumCnxManager$SendWorker@679] - Interrupted while waiting for message on queue
2015-07-29 19:34:15,293 - WARN  [SendWorker:188978561024:QuorumCnxManager$SendWorker@688] - Send worker leaving thread
2015-07-29 19:34:15,294 - INFO  [/10.10.34.13:3888:QuorumCnxManager$Listener@493] - Received connection request /10.10.34.12:49585
2015-07-29 19:34:15,294 - WARN  [RecvWorker:188978561024:QuorumCnxManager$RecvWorker@762] - Connection broken for id 188978561024, my id = 3, error = 
2015-07-29 19:34:15,294 - WARN  [RecvWorker:188978561024:QuorumCnxManager$RecvWorker@765] - Interrupting SendWorker
2015-07-29 19:34:15,295 - WARN  [SendWorker:188978561024:QuorumCnxManager$SendWorker@679] - Interrupted while waiting for message on queue
2015-07-29 19:34:15,295 - WARN  [SendWorker:188978561024:QuorumCnxManager$SendWorker@688] - Send worker leaving thread
2015-07-29 19:34:15,295 - INFO  [/10.10.34.13:3888:QuorumCnxManager$Listener@493] - Received connection request /10.10.34.12:49588
2015-07-29 19:34:15,295 - WARN  [RecvWorker:188978561024:QuorumCnxManager$RecvWorker@762] - Connection broken for id 188978561024, my id = 3, error = 
2015-07-29 19:34:15,296 - WARN  [RecvWorker:188978561024:QuorumCnxManager$RecvWorker@765] - Interrupting SendWorker
2015-07-29 19:34:15,296 - WARN  [SendWorker:188978561024:QuorumCnxManager$SendWorker@679] - Interrupted while waiting for message on queue
2015-07-29 19:34:15,296 - WARN  [SendWorker:188978561024:QuorumCnxManager$SendWorker@688] - Send worker leaving thread
2015-07-29 19:34:15,296 - INFO  [/10.10.34.13:3888:QuorumCnxManager$Listener@493] - Received connection request /10.10.34.12:49592
2015-07-29 19:34:15,297 - WARN  [RecvWorker:188978561024:QuorumCnxManager$RecvWorker@762] - Connection broken for id 188978561024, my id = 3, error = 
2015-07-29 19:34:15,297 - WARN  [RecvWorker:188978561024:QuorumCnxManager$RecvWorker@765] - Interrupting SendWorker
2015-07-29 19:34:15,298 - WARN  [SendWorker:188978561024:QuorumCnxManager$SendWorker@679] - Interrupted while waiting for message on queue
2015-07-29 19:34:15,298 - WARN  [SendWorker:188978561024:QuorumCnxManager$SendWorker@688] - Send worker leaving thread
2015-07-29 19:34:15,400 - INFO  [/10.10.34.13:3888:QuorumCnxManager$Listener@493] - Received connection request /10.10.34.13:46854
2015-07-29 19:34:15,400 - WARN  [RecvWorker:188978561024:QuorumCnxManager$RecvWorker@762] - Connection broken for id 188978561024, my id = 3, error = 
2015-07-29 19:34:15,401 - WARN  [RecvWorker:188978561024:QuorumCnxManager$RecvWorker@765] - Interrupting SendWorker
2015-07-29 19:34:15,401 - WARN  [SendWorker:188978561024:QuorumCnxManager$SendWorker@679] - Interrupted while waiting for message on queue
2015-07-29 19:34:15,401 - WARN  [SendWorker:188978561024:QuorumCnxManager$SendWorker@688] - Send worker leaving thread
2015-07-29 19:34:15,406 - INFO  [/10.10.34.13:3888:QuorumCnxManager$Listener@493] - Received connection request /10.10.34.13:46861
2015-07-29 19:34:15,407 - INFO  [/10.10.34.13:3888:QuorumCnxManager$Listener@493] - Received connection request /10.10.34.13:46862
2015-07-29 19:34:15,407 - WARN  [RecvWorker:188978561024:QuorumCnxManager$RecvWorker@762] - Connection broken for id 188978561024, my id = 3, error = 
2015-07-29 19:34:15,407 - WARN  [RecvWorker:188978561024:QuorumCnxManager$RecvWorker@765] - Interrupting SendWorker
2015-07-29 19:34:15,407 - WARN  [SendWorker:188978561024:QuorumCnxManager$SendWorker@679] - Interrupted while waiting for message on queue
2015-07-29 19:34:15,407 - WARN  [SendWorker:188978561024:QuorumCnxManager$SendWorker@688] - Send worker leaving thread
2015-07-29 19:34:15,407 - WARN  [RecvWorker:188978561024:QuorumCnxManager$RecvWorker@762] - Connection broken for id 188978561024, my id = 3, error = 
2015-07-29 19:34:15,408 - WARN  [RecvWorker:188978561024:QuorumCnxManager$RecvWorker@765] - Interrupting SendWorker
2015-07-29 19:34:15,407 - INFO  [/10.10.34.13:3888:QuorumCnxManager$Listener@493] - Received connection request /10.10.34.13:46863
2015-07-29 19:34:15,408 - WARN  [SendWorker:188978561024:QuorumCnxManager$SendWorker@679] - Interrupted while waiting for message on queue
2015-07-29 19:34:15,408 - WARN  [SendWorker:188978561024:QuorumCnxManager$SendWorker@688] - Send worker leaving thread
2015-07-29 19:34:15,408 - WARN  [RecvWorker:188978561024:QuorumCnxManager$RecvWorker@762] - Connection broken for id 188978561024, my id = 3, error = 
2015-07-29 19:34:15,408 - WARN  [RecvWorker:188978561024:QuorumCnxManager$RecvWorker@765] - Interrupting SendWorker
2015-07-29 19:34:15,408 - WARN  [SendWorker:188978561024:QuorumCnxManager$SendWorker@679] - Interrupted while waiting for message on queue
2015-07-29 19:34:15,409 - WARN  [SendWorker:188978561024:QuorumCnxManager$SendWorker@688] - Send worker leaving thread
2015-07-29 19:34:15,886 - INFO  [/10.10.34.13:3888:QuorumCnxManager$Listener@493] - Received connection request /10.10.34.11:49419
2015-07-29 19:34:15,886 - WARN  [RecvWorker:188978561024:QuorumCnxManager$RecvWorker@762] - Connection broken for id 188978561024, my id = 3, error = 
2015-07-29 19:34:15,886 - WARN  [RecvWorker:188978561024:QuorumCnxManager$RecvWorker@765] - Interrupting SendWorker
2015-07-29 19:34:15,887 - WARN  [SendWorker:188978561024:QuorumCnxManager$SendWorker@679] - Interrupted while waiting for message on queue
2015-07-29 19:34:15,887 - WARN  [SendWorker:188978561024:QuorumCnxManager$SendWorker@688] - Send worker leaving thread
2015-07-29 19:34:18,542 - INFO  [/10.10.34.13:3888:QuorumCnxManager$Listener@493] - Received connection request /10.10.34.11:49421
2015-07-29 19:34:18,543 - WARN  [RecvWorker:188978561024:QuorumCnxManager$RecvWorker@762] - Connection broken for id 188978561024, my id = 3, error = 
2015-07-29 19:34:18,543 - WARN  [RecvWorker:188978561024:QuorumCnxManager$RecvWorker@765] - Interrupting SendWorker
2015-07-29 19:34:18,543 - WARN  [SendWorker:188978561024:QuorumCnxManager$SendWorker@679] - Interrupted while waiting for message on queue
2015-07-29 19:34:18,543 - WARN  [SendWorker:188978561024:QuorumCnxManager$SendWorker@688] - Send worker leaving thread
2015-07-29 19:34:18,545 - INFO  [/10.10.34.13:3888:QuorumCnxManager$Listener@493] - Received connection request /10.10.34.11:49426
2015-07-29 19:34:18,545 - WARN  [RecvWorker:188978561024:QuorumCnxManager$RecvWorker@762] - Connection broken for id 188978561024, my id = 3, error = 
2015-07-29 19:34:18,545 - WARN  [RecvWorker:188978561024:QuorumCnxManager$RecvWorker@765] - Interrupting SendWorker
2015-07-29 19:34:18,546 - WARN  [SendWorker:188978561024:QuorumCnxManager$SendWorker@679] - Interrupted while waiting for message on queue
2015-07-29 19:34:18,546 - WARN  [SendWorker:188978561024:QuorumCnxManager$SendWorker@688] - Send worker leaving thread
2015-07-29 19:34:18,547 - INFO  [/10.10.34.13:3888:QuorumCnxManager$Listener@493] - Received connection request /10.10.34.11:49430
2015-07-29 19:34:18,548 - INFO  [/10.10.34.13:3888:QuorumCnxManager$Listener@493] - Received connection request /10.10.34.11:49431
2015-07-29 19:34:18,548 - WARN  [RecvWorker:188978561024:QuorumCnxManager$RecvWorker@762] - Connection broken for id 188978561024, my id = 3, error = 
2015-07-29 19:34:18,548 - WARN  [RecvWorker:188978561024:QuorumCnxManager$RecvWorker@765] - Interrupting SendWorker
2015-07-29 19:34:18,548 - WARN  [SendWorker:188978561024:QuorumCnxManager$SendWorker@679] - Interrupted while waiting for message on queue
2015-07-29 19:34:18,548 - WARN  [SendWorker:188978561024:QuorumCnxManager$SendWorker@688] - Send worker leaving thread
2015-07-29 19:34:18,548 - WARN  [RecvWorker:188978561024:QuorumCnxManager$RecvWorker@762] - Connection broken for id 188978561024, my id = 3, error = 
2015-07-29 19:34:18,549 - WARN  [RecvWorker:188978561024:QuorumCnxManager$RecvWorker@765] - Interrupting SendWorker
2015-07-29 19:34:18,549 - WARN  [SendWorker:188978561024:QuorumCnxManager$SendWorker@679] - Interrupted while waiting for message on queue
2015-07-29 19:34:18,549 - WARN  [SendWorker:188978561024:QuorumCnxManager$SendWorker@688] - Send worker leaving thread
2015-07-29 19:34:18,632 - INFO  [/10.10.34.13:3888:QuorumCnxManager$Listener@493] - Received connection request /10.10.34.12:49594
2015-07-29 19:34:18,633 - INFO  [/10.10.34.13:3888:QuorumCnxManager$Listener@493] - Received connection request /10.10.34.12:49595
2015-07-29 19:34:18,633 - WARN  [RecvWorker:188978561024:QuorumCnxManager$RecvWorker@762] - Connection broken for id 188978561024, my id = 3, error = 
2015-07-29 19:34:18,633 - WARN  [RecvWorker:188978561024:QuorumCnxManager$RecvWorker@765] - Interrupting SendWorker
2015-07-29 19:34:18,633 - WARN  [SendWorker:188978561024:QuorumCnxManager$SendWorker@679] - Interrupted while waiting for message on queue
2015-07-29 19:34:18,635 - INFO  [/10.10.34.13:3888:QuorumCnxManager$Listener@493] - Received connection request /10.10.34.12:49598
2015-07-29 19:34:18,635 - WARN  [RecvWorker:188978561024:QuorumCnxManager$RecvWorker@762] - Connection broken for id 188978561024, my id = 3, error = 
2015-07-29 19:34:18,636 - WARN  [RecvWorker:188978561024:QuorumCnxManager$RecvWorker@765] - Interrupting SendWorker
2015-07-29 19:34:18,636 - WARN  [SendWorker:188978561024:QuorumCnxManager$SendWorker@679] - Interrupted while waiting for message on queue
2015-07-29 19:34:18,636 - WARN  [SendWorker:188978561024:QuorumCnxManager$SendWorker@688] - Send worker leaving thread
2015-07-29 19:34:18,635 - WARN  [SendWorker:188978561024:QuorumCnxManager$SendWorker@688] - Send worker leaving thread
2015-07-29 19:34:18,636 - WARN  [RecvWorker:188978561024:QuorumCnxManager$RecvWorker@762] - Connection broken for id 188978561024, my id = 3, error = 
2015-07-29 19:34:18,636 - WARN  [RecvWorker:188978561024:QuorumCnxManager$RecvWorker@765] - Interrupting SendWorker
2015-07-29 19:34:18,637 - WARN  [SendWorker:188978561024:QuorumCnxManager$SendWorker@679] - Interrupted while waiting for message on queue
2015-07-29 19:34:18,637 - WARN  [SendWorker:188978561024:QuorumCnxManager$SendWorker@688] - Send worker leaving thread
2015-07-29 19:34:18,637 - INFO  [/10.10.34.13:3888:QuorumCnxManager$Listener@493] - Received connection request /10.10.34.12:49603
2015-07-29 19:34:18,637 - WARN  [RecvWorker:188978561024:QuorumCnxManager$RecvWorker@762] - Connection broken for id 188978561024, my id = 3, error = 
2015-07-29 19:34:18,637 - WARN  [RecvWorker:188978561024:QuorumCnxManager$RecvWorker@765] - Interrupting SendWorker
2015-07-29 19:34:18,638 - WARN  [SendWorker:188978561024:QuorumCnxManager$SendWorker@679] - Interrupted while waiting for message on queue
2015-07-29 19:34:18,638 - WARN  [SendWorker:188978561024:QuorumCnxManager$SendWorker@688] - Send worker leaving thread
2015-07-29 19:34:18,740 - INFO  [/10.10.34.13:3888:QuorumCnxManager$Listener@493] - Received connection request /10.10.34.13:46866
2015-07-29 19:34:18,741 - WARN  [RecvWorker:188978561024:QuorumCnxManager$RecvWorker@762] - Connection broken for id 188978561024, my id = 3, error = 
2015-07-29 19:34:18,741 - WARN  [RecvWorker:188978561024:QuorumCnxManager$RecvWorker@765] - Interrupting SendWorker
2015-07-29 19:34:18,741 - WARN  [SendWorker:188978561024:QuorumCnxManager$SendWorker@679] - Interrupted while waiting for message on queue
2015-07-29 19:34:18,741 - WARN  [SendWorker:188978561024:QuorumCnxManager$SendWorker@688] - Send worker leaving thread
2015-07-29 19:34:18,746 - INFO  [/10.10.34.13:3888:QuorumCnxManager$Listener@493] - Received connection request /10.10.34.13:46873
2015-07-29 19:34:18,747 - INFO  [/10.10.34.13:3888:QuorumCnxManager$Listener@493] - Received connection request /10.10.34.13:46874
2015-07-29 19:34:18,747 - WARN  [RecvWorker:188978561024:QuorumCnxManager$RecvWorker@762] - Connection broken for id 188978561024, my id = 3, error = 
2015-07-29 19:34:18,747 - WARN  [RecvWorker:188978561024:QuorumCnxManager$RecvWorker@765] - Interrupting SendWorker
2015-07-29 19:34:18,747 - WARN  [SendWorker:188978561024:QuorumCnxManager$SendWorker@679] - Interrupted while waiting for message on queue
2015-07-29 19:34:18,748 - WARN  [SendWorker:188978561024:QuorumCnxManager$SendWorker@688] - Send worker leaving thread
2015-07-29 19:34:18,748 - INFO  [/10.10.34.13:3888:QuorumCnxManager$Listener@493] - Received connection request /10.10.34.13:46875
2015-07-29 19:34:18,748 - WARN  [RecvWorker:188978561024:QuorumCnxManager$RecvWorker@762] - Connection broken for id 188978561024, my id = 3, error = 
2015-07-29 19:34:18,748 - WARN  [RecvWorker:188978561024:QuorumCnxManager$RecvWorker@765] - Interrupting SendWorker
2015-07-29 19:34:18,748 - WARN  [SendWorker:188978561024:QuorumCnxManager$SendWorker@679] - Interrupted while waiting for message on queue
2015-07-29 19:34:18,748 - WARN  [SendWorker:188978561024:QuorumCnxManager$SendWorker@688] - Send worker leaving thread
2015-07-29 19:34:18,748 - WARN  [RecvWorker:188978561024:QuorumCnxManager$RecvWorker@762] - Connection broken for id 188978561024, my id = 3, error = 
2015-07-29 19:34:18,748 - WARN  [RecvWorker:188978561024:QuorumCnxManager$RecvWorker@765] - Interrupting SendWorker
2015-07-29 19:34:18,749 - WARN  [SendWorker:188978561024:QuorumCnxManager$SendWorker@679] - Interrupted while waiting for message on queue
2015-07-29 19:34:18,749 - WARN  [SendWorker:188978561024:QuorumCnxManager$SendWorker@688] - Send worker leaving thread
2015-07-29 19:34:19,226 - INFO  [/10.10.34.13:3888:QuorumCnxManager$Listener@493] - Received connection request /10.10.34.11:49434
2015-07-29 19:34:19,226 - WARN  [RecvWorker:188978561024:QuorumCnxManager$RecvWorker@762] - Connection broken for id 188978561024, my id = 3, error = 
2015-07-29 19:34:19,227 - WARN  [RecvWorker:188978561024:QuorumCnxManager$RecvWorker@765] - Interrupting SendWorker
2015-07-29 19:34:19,227 - WARN  [SendWorker:188978561024:QuorumCnxManager$SendWorker@679] - Interrupted while waiting for message on queue
2015-07-29 19:34:19,227 - WARN  [SendWorker:188978561024:QuorumCnxManager$SendWorker@688] - Send worker leaving thread
2015-07-29 19:34:21,882 - INFO  [/10.10.34.13:3888:QuorumCnxManager$Listener@493] - Received connection request /10.10.34.11:49436
2015-07-29 19:34:21,883 - WARN  [RecvWorker:188978561024:QuorumCnxManager$RecvWorker@762] - Connection broken for id 188978561024, my id = 3, error = 
2015-07-29 19:34:21,883 - WARN  [RecvWorker:188978561024:QuorumCnxManager$RecvWorker@765] - Interrupting SendWorker
2015-07-29 19:34:21,883 - WARN  [SendWorker:188978561024:QuorumCnxManager$SendWorker@679] - Interrupted while waiting for message on queue
2015-07-29 19:34:21,884 - WARN  [SendWorker:188978561024:QuorumCnxManager$SendWorker@688] - Send worker leaving thread
2015-07-29 19:34:21,885 - INFO  [/10.10.34.13:3888:QuorumCnxManager$Listener@493] - Received connection request /10.10.34.11:49440
2015-07-29 19:34:21,885 - WARN  [RecvWorker:188978561024:QuorumCnxManager$RecvWorker@762] - Connection broken for id 188978561024, my id = 3, error = 
2015-07-29 19:34:21,886 - WARN  [RecvWorker:188978561024:QuorumCnxManager$RecvWorker@765] - Interrupting SendWorker
2015-07-29 19:34:21,886 - WARN  [SendWorker:188978561024:QuorumCnxManager$SendWorker@679] - Interrupted while waiting for message on queue
2015-07-29 19:34:21,886 - WARN  [SendWorker:188978561024:QuorumCnxManager$SendWorker@688] - Send worker leaving thread
2015-07-29 19:34:21,887 - INFO  [/10.10.34.13:3888:QuorumCnxManager$Listener@493] - Received connection request /10.10.34.11:49445
2015-07-29 19:34:21,888 - INFO  [/10.10.34.13:3888:QuorumCnxManager$Listener@493] - Received connection request /10.10.34.11:49446
2015-07-29 19:34:21,888 - WARN  [RecvWorker:188978561024:QuorumCnxManager$RecvWorker@762] - Connection broken for id 188978561024, my id = 3, error = 
2015-07-29 19:34:21,888 - WARN  [RecvWorker:188978561024:QuorumCnxManager$RecvWorker@765] - Interrupting SendWorker
2015-07-29 19:34:21,888 - WARN  [SendWorker:188978561024:QuorumCnxManager$SendWorker@679] - Interrupted while waiting for message on queue
2015-07-29 19:34:21,888 - WARN  [SendWorker:188978561024:QuorumCnxManager$SendWorker@688] - Send worker leaving thread
2015-07-29 19:34:21,889 - WARN  [RecvWorker:188978561024:QuorumCnxManager$RecvWorker@762] - Connection broken for id 188978561024, my id = 3, error = 
2015-07-29 19:34:21,889 - WARN  [RecvWorker:188978561024:QuorumCnxManager$RecvWorker@765] - Interrupting SendWorker
2015-07-29 19:34:21,889 - WARN  [SendWorker:188978561024:QuorumCnxManager$SendWorker@679] - Interrupted while waiting for message on queue
2015-07-29 19:34:21,889 - WARN  [SendWorker:188978561024:QuorumCnxManager$SendWorker@688] - Send worker leaving thread
2015-07-29 19:34:21,972 - INFO  [/10.10.34.13:3888:QuorumCnxManager$Listener@493] - Received connection request /10.10.34.12:49606
2015-07-29 19:34:21,973 - WARN  [RecvWorker:188978561024:QuorumCnxManager$RecvWorker@762] - Connection broken for id 188978561024, my id = 3, error = 
2015-07-29 19:34:21,973 - WARN  [RecvWorker:188978561024:QuorumCnxManager$RecvWorker@765] - Interrupting SendWorker
2015-07-29 19:34:21,973 - WARN  [SendWorker:188978561024:QuorumCnxManager$SendWorker@679] - Interrupted while waiting for message on queue
2015-07-29 19:34:21,973 - WARN  [SendWorker:188978561024:QuorumCnxManager$SendWorker@688] - Send worker leaving thread
2015-07-29 19:34:21,974 - INFO  [/10.10.34.13:3888:QuorumCnxManager$Listener@493] - Received connection request /10.10.34.12:49610
2015-07-29 19:34:21,975 - WARN  [RecvWorker:188978561024:QuorumCnxManager$RecvWorker@762] - Connection broken for id 188978561024, my id = 3, error = 
2015-07-29 19:34:21,975 - WARN  [RecvWorker:188978561024:QuorumCnxManager$RecvWorker@765] - Interrupting SendWorker
2015-07-29 19:34:21,975 - WARN  [SendWorker:188978561024:QuorumCnxManager$SendWorker@679] - Interrupted while waiting for message on queue
2015-07-29 19:34:21,976 - WARN  [SendWorker:188978561024:QuorumCnxManager$SendWorker@688] - Send worker leaving thread
2015-07-29 19:34:21,975 - INFO  [/10.10.34.13:3888:QuorumCnxManager$Listener@493] - Received connection request /10.10.34.12:49612
2015-07-29 19:34:21,976 - WARN  [RecvWorker:188978561024:QuorumCnxManager$RecvWorker@762] - Connection broken for id 188978561024, my id = 3, error = 
2015-07-29 19:34:21,976 - WARN  [RecvWorker:188978561024:QuorumCnxManager$RecvWorker@765] - Interrupting SendWorker
2015-07-29 19:34:21,977 - WARN  [SendWorker:188978561024:QuorumCnxManager$SendWorker@679] - Interrupted while waiting for message on queue
2015-07-29 19:34:21,977 - WARN  [SendWorker:188978561024:QuorumCnxManager$SendWorker@688] - Send worker leaving thread
2015-07-29 19:34:21,977 - INFO  [/10.10.34.13:3888:QuorumCnxManager$Listener@493] - Received connection request /10.10.34.12:49617
2015-07-29 19:34:21,978 - WARN  [RecvWorker:188978561024:QuorumCnxManager$RecvWorker@762] - Connection broken for id 188978561024, my id = 3, error = 
2015-07-29 19:34:21,978 - WARN  [RecvWorker:188978561024:QuorumCnxManager$RecvWorker@765] - Interrupting SendWorker
2015-07-29 19:34:21,978 - WARN  [SendWorker:188978561024:QuorumCnxManager$SendWorker@679] - Interrupted while waiting for message on queue
2015-07-29 19:34:21,979 - WARN  [SendWorker:188978561024:QuorumCnxManager$SendWorker@688] - Send worker leaving thread
2015-07-29 19:34:22,080 - INFO  [/10.10.34.13:3888:QuorumCnxManager$Listener@493] - Received connection request /10.10.34.13:46878
2015-07-29 19:34:22,081 - WARN  [RecvWorker:188978561024:QuorumCnxManager$RecvWorker@762] - Connection broken for id 188978561024, my id = 3, error = 
2015-07-29 19:34:22,081 - WARN  [RecvWorker:188978561024:QuorumCnxManager$RecvWorker@765] - Interrupting SendWorker
2015-07-29 19:34:22,081 - WARN  [SendWorker:188978561024:QuorumCnxManager$SendWorker@679] - Interrupted while waiting for message on queue
2015-07-29 19:34:22,081 - WARN  [SendWorker:188978561024:QuorumCnxManager$SendWorker@688] - Send worker leaving thread
2015-07-29 19:34:22,087 - INFO  [/10.10.34.13:3888:QuorumCnxManager$Listener@493] - Received connection request /10.10.34.13:46885
2015-07-29 19:34:22,087 - INFO  [/10.10.34.13:3888:QuorumCnxManager$Listener@493] - Received connection request /10.10.34.13:46886
2015-07-29 19:34:22,087 - WARN  [RecvWorker:188978561024:QuorumCnxManager$RecvWorker@762] - Connection broken for id 188978561024, my id = 3, error = 
2015-07-29 19:34:22,088 - WARN  [RecvWorker:188978561024:QuorumCnxManager$RecvWorker@765] - Interrupting SendWorker
2015-07-29 19:34:22,088 - WARN  [SendWorker:188978561024:QuorumCnxManager$SendWorker@679] - Interrupted while waiting for message on queue
2015-07-29 19:34:22,088 - WARN  [SendWorker:188978561024:QuorumCnxManager$SendWorker@688] - Send worker leaving thread
2015-07-29 19:34:22,088 - INFO  [/10.10.34.13:3888:QuorumCnxManager$Listener@493] - Received connection request /10.10.34.13:46887
2015-07-29 19:34:22,088 - WARN  [RecvWorker:188978561024:QuorumCnxManager$RecvWorker@762] - Connection broken for id 188978561024, my id = 3, error = 
2015-07-29 19:34:22,088 - WARN  [RecvWorker:188978561024:QuorumCnxManager$RecvWorker@765] - Interrupting SendWorker
2015-07-29 19:34:22,088 - WARN  [SendWorker:188978561024:QuorumCnxManager$SendWorker@679] - Interrupted while waiting for message on queue
2015-07-29 19:34:22,088 - WARN  [SendWorker:188978561024:QuorumCnxManager$SendWorker@688] - Send worker leaving thread
2015-07-29 19:34:22,089 - WARN  [RecvWorker:188978561024:QuorumCnxManager$RecvWorker@762] - Connection broken for id 188978561024, my id = 3, error = 
2015-07-29 19:34:22,089 - WARN  [RecvWorker:188978561024:QuorumCnxManager$RecvWorker@765] - Interrupting SendWorker
2015-07-29 19:34:22,089 - WARN  [SendWorker:188978561024:QuorumCnxManager$SendWorker@679] - Interrupted while waiting for message on queue
2015-07-29 19:34:22,089 - WARN  [SendWorker:188978561024:QuorumCnxManager$SendWorker@688] - Send worker leaving thread
2015-07-29 19:34:22,566 - INFO  [/10.10.34.13:3888:QuorumCnxManager$Listener@493] - Received connection request /10.10.34.11:49449
2015-07-29 19:34:22,567 - WARN  [RecvWorker:188978561024:QuorumCnxManager$RecvWorker@762] - Connection broken for id 188978561024, my id = 3, error = 
2015-07-29 19:34:22,567 - WARN  [RecvWorker:188978561024:QuorumCnxManager$RecvWorker@765] - Interrupting SendWorker
2015-07-29 19:34:22,567 - WARN  [SendWorker:188978561024:QuorumCnxManager$SendWorker@679] - Interrupted while waiting for message on queue
2015-07-29 19:34:22,568 - WARN  [SendWorker:188978561024:QuorumCnxManager$SendWorker@688] - Send worker leaving thread
2015-07-29 19:34:25,222 - INFO  [/10.10.34.13:3888:QuorumCnxManager$Listener@493] - Received connection request /10.10.34.11:49450
2015-07-29 19:34:25,223 - WARN  [RecvWorker:188978561024:QuorumCnxManager$RecvWorker@762] - Connection broken for id 188978561024, my id = 3, error = 
2015-07-29 19:34:25,223 - WARN  [RecvWorker:188978561024:QuorumCnxManager$RecvWorker@765] - Interrupting SendWorker
2015-07-29 19:34:25,223 - WARN  [SendWorker:188978561024:QuorumCnxManager$SendWorker@679] - Interrupted while waiting for message on queue
2015-07-29 19:34:25,224 - WARN  [SendWorker:188978561024:QuorumCnxManager$SendWorker@688] - Send worker leaving thread
2015-07-29 19:34:25,225 - INFO  [/10.10.34.13:3888:QuorumCnxManager$Listener@493] - Received connection request /10.10.34.11:49456
2015-07-29 19:34:25,226 - WARN  [RecvWorker:188978561024:QuorumCnxManager$RecvWorker@762] - Connection broken for id 188978561024, my id = 3, error = 
2015-07-29 19:34:25,226 - WARN  [RecvWorker:188978561024:QuorumCnxManager$RecvWorker@765] - Interrupting SendWorker
2015-07-29 19:34:25,226 - WARN  [SendWorker:188978561024:QuorumCnxManager$SendWorker@679] - Interrupted while waiting for message on queue
2015-07-29 19:34:25,226 - WARN  [SendWorker:188978561024:QuorumCnxManager$SendWorker@688] - Send worker leaving thread
2015-07-29 19:34:25,227 - INFO  [/10.10.34.13:3888:QuorumCnxManager$Listener@493] - Received connection request /10.10.34.11:49460
2015-07-29 19:34:25,228 - INFO  [/10.10.34.13:3888:QuorumCnxManager$Listener@493] - Received connection request /10.10.34.11:49461
2015-07-29 19:34:25,228 - WARN  [RecvWorker:188978561024:QuorumCnxManager$RecvWorker@762] - Connection broken for id 188978561024, my id = 3, error = 
2015-07-29 19:34:25,228 - WARN  [RecvWorker:188978561024:QuorumCnxManager$RecvWorker@765] - Interrupting SendWorker
2015-07-29 19:34:25,228 - WARN  [SendWorker:188978561024:QuorumCnxManager$SendWorker@679] - Interrupted while waiting for message on queue
2015-07-29 19:34:25,229 - WARN  [SendWorker:188978561024:QuorumCnxManager$SendWorker@688] - Send worker leaving thread
2015-07-29 19:34:25,229 - WARN  [RecvWorker:188978561024:QuorumCnxManager$RecvWorker@762] - Connection broken for id 188978561024, my id = 3, error = 
2015-07-29 19:34:25,229 - WARN  [RecvWorker:188978561024:QuorumCnxManager$RecvWorker@765] - Interrupting SendWorker
2015-07-29 19:34:25,229 - WARN  [SendWorker:188978561024:QuorumCnxManager$SendWorker@679] - Interrupted while waiting for message on queue
2015-07-29 19:34:25,229 - WARN  [SendWorker:188978561024:QuorumCnxManager$SendWorker@688] - Send worker leaving thread
2015-07-29 19:34:25,312 - INFO  [/10.10.34.13:3888:QuorumCnxManager$Listener@493] - Received connection request /10.10.34.12:49618
2015-07-29 19:34:25,313 - WARN  [RecvWorker:188978561024:QuorumCnxManager$RecvWorker@762] - Connection broken for id 188978561024, my id = 3, error = 
2015-07-29 19:34:25,313 - WARN  [RecvWorker:188978561024:QuorumCnxManager$RecvWorker@765] - Interrupting SendWorker
2015-07-29 19:34:25,313 - WARN  [SendWorker:188978561024:QuorumCnxManager$SendWorker@679] - Interrupted while waiting for message on queue
2015-07-29 19:34:25,314 - WARN  [SendWorker:188978561024:QuorumCnxManager$SendWorker@688] - Send worker leaving thread
2015-07-29 19:34:25,314 - INFO  [/10.10.34.13:3888:QuorumCnxManager$Listener@493] - Received connection request /10.10.34.12:49620
2015-07-29 19:34:25,315 - WARN  [RecvWorker:188978561024:QuorumCnxManager$RecvWorker@762] - Connection broken for id 188978561024, my id = 3, error = 
2015-07-29 19:34:25,315 - WARN  [RecvWorker:188978561024:QuorumCnxManager$RecvWorker@765] - Interrupting SendWorker
2015-07-29 19:34:25,315 - WARN  [SendWorker:188978561024:QuorumCnxManager$SendWorker@679] - Interrupted while waiting for message on queue
2015-07-29 19:34:25,315 - WARN  [SendWorker:188978561024:QuorumCnxManager$SendWorker@688] - Send worker leaving thread
2015-07-29 19:34:25,316 - INFO  [/10.10.34.13:3888:QuorumCnxManager$Listener@493] - Received connection request /10.10.34.12:49625
2015-07-29 19:34:25,317 - WARN  [RecvWorker:188978561024:QuorumCnxManager$RecvWorker@762] - Connection broken for id 188978561024, my id = 3, error = 
2015-07-29 19:34:25,317 - WARN  [RecvWorker:188978561024:QuorumCnxManager$RecvWorker@765] - Interrupting SendWorker
2015-07-29 19:34:25,317 - WARN  [SendWorker:188978561024:QuorumCnxManager$SendWorker@679] - Interrupted while waiting for message on queue
2015-07-29 19:34:25,317 - WARN  [SendWorker:188978561024:QuorumCnxManager$SendWorker@688] - Send worker leaving thread
2015-07-29 19:34:25,318 - INFO  [/10.10.34.13:3888:QuorumCnxManager$Listener@493] - Received connection request /10.10.34.12:49629
2015-07-29 19:34:25,319 - WARN  [RecvWorker:188978561024:QuorumCnxManager$RecvWorker@762] - Connection broken for id 188978561024, my id = 3, error = 
2015-07-29 19:34:25,319 - WARN  [RecvWorker:188978561024:QuorumCnxManager$RecvWorker@765] - Interrupting SendWorker
2015-07-29 19:34:25,319 - WARN  [SendWorker:188978561024:QuorumCnxManager$SendWorker@679] - Interrupted while waiting for message on queue
2015-07-29 19:34:25,319 - WARN  [SendWorker:188978561024:QuorumCnxManager$SendWorker@688] - Send worker leaving thread
2015-07-29 19:34:25,420 - INFO  [/10.10.34.13:3888:QuorumCnxManager$Listener@493] - Received connection request /10.10.34.13:46890
2015-07-29 19:34:25,421 - WARN  [RecvWorker:188978561024:QuorumCnxManager$RecvWorker@762] - Connection broken for id 188978561024, my id = 3, error = 
2015-07-29 19:34:25,421 - WARN  [RecvWorker:188978561024:QuorumCnxManager$RecvWorker@765] - Interrupting SendWorker
2015-07-29 19:34:25,421 - WARN  [SendWorker:188978561024:QuorumCnxManager$SendWorker@679] - Interrupted while waiting for message on queue
2015-07-29 19:34:25,422 - WARN  [SendWorker:188978561024:QuorumCnxManager$SendWorker@688] - Send worker leaving thread
2015-07-29 19:34:25,427 - INFO  [/10.10.34.13:3888:QuorumCnxManager$Listener@493] - Received connection request /10.10.34.13:46897
2015-07-29 19:34:25,427 - INFO  [/10.10.34.13:3888:QuorumCnxManager$Listener@493] - Received connection request /10.10.34.13:46898
2015-07-29 19:34:25,427 - WARN  [RecvWorker:188978561024:QuorumCnxManager$RecvWorker@762] - Connection broken for id 188978561024, my id = 3, error = 
2015-07-29 19:34:25,428 - WARN  [RecvWorker:188978561024:QuorumCnxManager$RecvWorker@765] - Interrupting SendWorker
2015-07-29 19:34:25,428 - WARN  [SendWorker:188978561024:QuorumCnxManager$SendWorker@679] - Interrupted while waiting for message on queue
2015-07-29 19:34:25,428 - WARN  [RecvWorker:188978561024:QuorumCnxManager$RecvWorker@762] - Connection broken for id 188978561024, my id = 3, error = 
2015-07-29 19:34:25,428 - WARN  [RecvWorker:188978561024:QuorumCnxManager$RecvWorker@765] - Interrupting SendWorker
2015-07-29 19:34:25,428 - INFO  [/10.10.34.13:3888:QuorumCnxManager$Listener@493] - Received connection request /10.10.34.13:46899
2015-07-29 19:34:25,428 - WARN  [SendWorker:188978561024:QuorumCnxManager$SendWorker@688] - Send worker leaving thread
2015-07-29 19:34:25,428 - WARN  [SendWorker:188978561024:QuorumCnxManager$SendWorker@679] - Interrupted while waiting for message on queue
2015-07-29 19:34:25,429 - WARN  [SendWorker:188978561024:QuorumCnxManager$SendWorker@688] - Send worker leaving thread
2015-07-29 19:34:25,429 - WARN  [RecvWorker:188978561024:QuorumCnxManager$RecvWorker@762] - Connection broken for id 188978561024, my id = 3, error = 
2015-07-29 19:34:25,429 - WARN  [RecvWorker:188978561024:QuorumCnxManager$RecvWorker@765] - Interrupting SendWorker
2015-07-29 19:34:25,429 - WARN  [SendWorker:188978561024:QuorumCnxManager$SendWorker@679] - Interrupted while waiting for message on queue
2015-07-29 19:34:25,429 - WARN  [SendWorker:188978561024:QuorumCnxManager$SendWorker@688] - Send worker leaving thread
2015-07-29 19:34:25,907 - INFO  [/10.10.34.13:3888:QuorumCnxManager$Listener@493] - Received connection request /10.10.34.11:49464
2015-07-29 19:34:25,907 - WARN  [RecvWorker:188978561024:QuorumCnxManager$RecvWorker@762] - Connection broken for id 188978561024, my id = 3, error = 
2015-07-29 19:34:25,907 - WARN  [RecvWorker:188978561024:QuorumCnxManager$RecvWorker@765] - Interrupting SendWorker
2015-07-29 19:34:25,907 - WARN  [SendWorker:188978561024:QuorumCnxManager$SendWorker@679] - Interrupted while waiting for message on queue
2015-07-29 19:34:25,908 - WARN  [SendWorker:188978561024:QuorumCnxManager$SendWorker@688] - Send worker leaving thread
2015-07-29 19:34:28,563 - INFO  [/10.10.34.13:3888:QuorumCnxManager$Listener@493] - Received connection request /10.10.34.11:49465
2015-07-29 19:34:28,563 - WARN  [RecvWorker:188978561024:QuorumCnxManager$RecvWorker@762] - Connection broken for id 188978561024, my id = 3, error = 
2015-07-29 19:34:28,563 - WARN  [RecvWorker:188978561024:QuorumCnxManager$RecvWorker@765] - Interrupting SendWorker
2015-07-29 19:34:28,564 - WARN  [SendWorker:188978561024:QuorumCnxManager$SendWorker@679] - Interrupted while waiting for message on queue
2015-07-29 19:34:28,564 - WARN  [SendWorker:188978561024:QuorumCnxManager$SendWorker@688] - Send worker leaving thread
2015-07-29 19:34:28,565 - INFO  [/10.10.34.13:3888:QuorumCnxManager$Listener@493] - Received connection request /10.10.34.11:49471
2015-07-29 19:34:28,566 - WARN  [RecvWorker:188978561024:QuorumCnxManager$RecvWorker@762] - Connection broken for id 188978561024, my id = 3, error = 
2015-07-29 19:34:28,566 - WARN  [RecvWorker:188978561024:QuorumCnxManager$RecvWorker@765] - Interrupting SendWorker
2015-07-29 19:34:28,566 - WARN  [SendWorker:188978561024:QuorumCnxManager$SendWorker@679] - Interrupted while waiting for message on queue
2015-07-29 19:34:28,567 - WARN  [SendWorker:188978561024:QuorumCnxManager$SendWorker@688] - Send worker leaving thread
2015-07-29 19:34:28,568 - INFO  [/10.10.34.13:3888:QuorumCnxManager$Listener@493] - Received connection request /10.10.34.11:49475
2015-07-29 19:34:28,568 - INFO  [/10.10.34.13:3888:QuorumCnxManager$Listener@493] - Received connection request /10.10.34.11:49476
2015-07-29 19:34:28,568 - WARN  [RecvWorker:188978561024:QuorumCnxManager$RecvWorker@762] - Connection broken for id 188978561024, my id = 3, error = 
2015-07-29 19:34:28,569 - WARN  [RecvWorker:188978561024:QuorumCnxManager$RecvWorker@765] - Interrupting SendWorker
2015-07-29 19:34:28,569 - WARN  [SendWorker:188978561024:QuorumCnxManager$SendWorker@679] - Interrupted while waiting for message on queue
2015-07-29 19:34:28,569 - WARN  [SendWorker:188978561024:QuorumCnxManager$SendWorker@688] - Send worker leaving thread
2015-07-29 19:34:28,569 - WARN  [RecvWorker:188978561024:QuorumCnxManager$RecvWorker@762] - Connection broken for id 188978561024, my id = 3, error = 
2015-07-29 19:34:28,569 - WARN  [RecvWorker:188978561024:QuorumCnxManager$RecvWorker@765] - Interrupting SendWorker
2015-07-29 19:34:28,569 - WARN  [SendWorker:188978561024:QuorumCnxManager$SendWorker@679] - Interrupted while waiting for message on queue
2015-07-29 19:34:28,570 - WARN  [SendWorker:188978561024:QuorumCnxManager$SendWorker@688] - Send worker leaving thread
2015-07-29 19:34:28,653 - INFO  [/10.10.34.13:3888:QuorumCnxManager$Listener@493] - Received connection request /10.10.34.12:49630
2015-07-29 19:34:28,653 - WARN  [RecvWorker:188978561024:QuorumCnxManager$RecvWorker@762] - Connection broken for id 188978561024, my id = 3, error = 
2015-07-29 19:34:28,654 - WARN  [RecvWorker:188978561024:QuorumCnxManager$RecvWorker@765] - Interrupting SendWorker
2015-07-29 19:34:28,654 - WARN  [SendWorker:188978561024:QuorumCnxManager$SendWorker@679] - Interrupted while waiting for message on queue
2015-07-29 19:34:28,654 - WARN  [SendWorker:188978561024:QuorumCnxManager$SendWorker@688] - Send worker leaving thread
2015-07-29 19:34:28,655 - INFO  [/10.10.34.13:3888:QuorumCnxManager$Listener@493] - Received connection request /10.10.34.12:49633
2015-07-29 19:34:28,656 - INFO  [/10.10.34.13:3888:QuorumCnxManager$Listener@493] - Received connection request /10.10.34.12:49636
2015-07-29 19:34:28,656 - WARN  [RecvWorker:188978561024:QuorumCnxManager$RecvWorker@762] - Connection broken for id 188978561024, my id = 3, error = 
2015-07-29 19:34:28,656 - WARN  [RecvWorker:188978561024:QuorumCnxManager$RecvWorker@765] - Interrupting SendWorker
2015-07-29 19:34:28,656 - WARN  [SendWorker:188978561024:QuorumCnxManager$SendWorker@679] - Interrupted while waiting for message on queue
2015-07-29 19:34:28,657 - WARN  [SendWorker:188978561024:QuorumCnxManager$SendWorker@688] - Send worker leaving thread
2015-07-29 19:34:28,657 - WARN  [RecvWorker:188978561024:QuorumCnxManager$RecvWorker@762] - Connection broken for id 188978561024, my id = 3, error = 
2015-07-29 19:34:28,657 - WARN  [RecvWorker:188978561024:QuorumCnxManager$RecvWorker@765] - Interrupting SendWorker
2015-07-29 19:34:28,657 - WARN  [SendWorker:188978561024:QuorumCnxManager$SendWorker@679] - Interrupted while waiting for message on queue
2015-07-29 19:34:28,657 - WARN  [SendWorker:188978561024:QuorumCnxManager$SendWorker@688] - Send worker leaving thread
2015-07-29 19:34:28,658 - INFO  [/10.10.34.13:3888:QuorumCnxManager$Listener@493] - Received connection request /10.10.34.12:49641
2015-07-29 19:34:28,659 - WARN  [RecvWorker:188978561024:QuorumCnxManager$RecvWorker@762] - Connection broken for id 188978561024, my id = 3, error = 
2015-07-29 19:34:28,659 - WARN  [RecvWorker:188978561024:QuorumCnxManager$RecvWorker@765] - Interrupting SendWorker
2015-07-29 19:34:28,659 - WARN  [SendWorker:188978561024:QuorumCnxManager$SendWorker@679] - Interrupted while waiting for message on queue
2015-07-29 19:34:28,659 - WARN  [SendWorker:188978561024:QuorumCnxManager$SendWorker@688] - Send worker leaving thread
2015-07-29 19:34:28,761 - INFO  [/10.10.34.13:3888:QuorumCnxManager$Listener@493] - Received connection request /10.10.34.13:46902
2015-07-29 19:34:28,761 - WARN  [RecvWorker:188978561024:QuorumCnxManager$RecvWorker@762] - Connection broken for id 188978561024, my id = 3, error = 
2015-07-29 19:34:28,761 - WARN  [RecvWorker:188978561024:QuorumCnxManager$RecvWorker@765] - Interrupting SendWorker
2015-07-29 19:34:28,762 - WARN  [SendWorker:188978561024:QuorumCnxManager$SendWorker@679] - Interrupted while waiting for message on queue
2015-07-29 19:34:28,762 - WARN  [SendWorker:188978561024:QuorumCnxManager$SendWorker@688] - Send worker leaving thread
2015-07-29 19:34:28,767 - INFO  [/10.10.34.13:3888:QuorumCnxManager$Listener@493] - Received connection request /10.10.34.13:46908
2015-07-29 19:34:28,767 - INFO  [/10.10.34.13:3888:QuorumCnxManager$Listener@493] - Received connection request /10.10.34.13:46910
2015-07-29 19:34:28,767 - WARN  [RecvWorker:188978561024:QuorumCnxManager$RecvWorker@762] - Connection broken for id 188978561024, my id = 3, error = 
2015-07-29 19:34:28,768 - WARN  [RecvWorker:188978561024:QuorumCnxManager$RecvWorker@765] - Interrupting SendWorker
2015-07-29 19:34:28,768 - WARN  [SendWorker:188978561024:QuorumCnxManager$SendWorker@679] - Interrupted while waiting for message on queue
2015-07-29 19:34:28,768 - WARN  [SendWorker:188978561024:QuorumCnxManager$SendWorker@688] - Send worker leaving thread
2015-07-29 19:34:28,768 - WARN  [RecvWorker:188978561024:QuorumCnxManager$RecvWorker@762] - Connection broken for id 188978561024, my id = 3, error = 
2015-07-29 19:34:28,768 - WARN  [RecvWorker:188978561024:QuorumCnxManager$RecvWorker@765] - Interrupting SendWorker
2015-07-29 19:34:28,768 - INFO  [/10.10.34.13:3888:QuorumCnxManager$Listener@493] - Received connection request /10.10.34.13:46911
2015-07-29 19:34:28,768 - WARN  [SendWorker:188978561024:QuorumCnxManager$SendWorker@679] - Interrupted while waiting for message on queue
2015-07-29 19:34:28,769 - WARN  [SendWorker:188978561024:QuorumCnxManager$SendWorker@688] - Send worker leaving thread
2015-07-29 19:34:28,769 - WARN  [RecvWorker:188978561024:QuorumCnxManager$RecvWorker@762] - Connection broken for id 188978561024, my id = 3, error = 
2015-07-29 19:34:28,769 - WARN  [RecvWorker:188978561024:QuorumCnxManager$RecvWorker@765] - Interrupting SendWorker
2015-07-29 19:34:28,769 - WARN  [SendWorker:188978561024:QuorumCnxManager$SendWorker@679] - Interrupted while waiting for message on queue
2015-07-29 19:34:28,769 - WARN  [SendWorker:188978561024:QuorumCnxManager$SendWorker@688] - Send worker leaving thread
2015-07-29 19:34:29,247 - INFO  [/10.10.34.13:3888:QuorumCnxManager$Listener@493] - Received connection request /10.10.34.11:49479
2015-07-29 19:34:29,247 - WARN  [RecvWorker:188978561024:QuorumCnxManager$RecvWorker@762] - Connection broken for id 188978561024, my id = 3, error = 
2015-07-29 19:34:29,247 - WARN  [RecvWorker:188978561024:QuorumCnxManager$RecvWorker@765] - Interrupting SendWorker
2015-07-29 19:34:29,248 - WARN  [SendWorker:188978561024:QuorumCnxManager$SendWorker@679] - Interrupted while waiting for message on queue
2015-07-29 19:34:29,248 - WARN  [SendWorker:188978561024:QuorumCnxManager$SendWorker@688] - Send worker leaving thread
2015-07-29 19:34:31,903 - INFO  [/10.10.34.13:3888:QuorumCnxManager$Listener@493] - Received connection request /10.10.34.11:49480
2015-07-29 19:34:31,903 - WARN  [RecvWorker:188978561024:QuorumCnxManager$RecvWorker@762] - Connection broken for id 188978561024, my id = 3, error = 
2015-07-29 19:34:31,903 - WARN  [RecvWorker:188978561024:QuorumCnxManager$RecvWorker@765] - Interrupting SendWorker
2015-07-29 19:34:31,904 - WARN  [SendWorker:188978561024:QuorumCnxManager$SendWorker@679] - Interrupted while waiting for message on queue
2015-07-29 19:34:31,904 - WARN  [SendWorker:188978561024:QuorumCnxManager$SendWorker@688] - Send worker leaving thread
2015-07-29 19:34:31,905 - INFO  [/10.10.34.13:3888:QuorumCnxManager$Listener@493] - Received connection request /10.10.34.11:49486
2015-07-29 19:34:31,906 - WARN  [RecvWorker:188978561024:QuorumCnxManager$RecvWorker@762] - Connection broken for id 188978561024, my id = 3, error = 
2015-07-29 19:34:31,906 - WARN  [RecvWorker:188978561024:QuorumCnxManager$RecvWorker@765] - Interrupting SendWorker
2015-07-29 19:34:31,906 - WARN  [SendWorker:188978561024:QuorumCnxManager$SendWorker@679] - Interrupted while waiting for message on queue
2015-07-29 19:34:31,907 - WARN  [SendWorker:188978561024:QuorumCnxManager$SendWorker@688] - Send worker leaving thread
2015-07-29 19:34:31,908 - INFO  [/10.10.34.13:3888:QuorumCnxManager$Listener@493] - Received connection request /10.10.34.11:49490
2015-07-29 19:34:31,909 - WARN  [RecvWorker:188978561024:QuorumCnxManager$RecvWorker@762] - Connection broken for id 188978561024, my id = 3, error = 
2015-07-29 19:34:31,909 - WARN  [RecvWorker:188978561024:QuorumCnxManager$RecvWorker@765] - Interrupting SendWorker
2015-07-29 19:34:31,909 - WARN  [SendWorker:188978561024:QuorumCnxManager$SendWorker@679] - Interrupted while waiting for message on queue
2015-07-29 19:34:31,909 - WARN  [SendWorker:188978561024:QuorumCnxManager$SendWorker@688] - Send worker leaving thread
2015-07-29 19:34:31,912 - INFO  [/10.10.34.13:3888:QuorumCnxManager$Listener@493] - Received connection request /10.10.34.11:49491
2015-07-29 19:34:31,913 - WARN  [RecvWorker:188978561024:QuorumCnxManager$RecvWorker@762] - Connection broken for id 188978561024, my id = 3, error = 
2015-07-29 19:34:31,913 - WARN  [RecvWorker:188978561024:QuorumCnxManager$RecvWorker@765] - Interrupting SendWorker
2015-07-29 19:34:31,913 - WARN  [SendWorker:188978561024:QuorumCnxManager$SendWorker@679] - Interrupted while waiting for message on queue
2015-07-29 19:34:31,913 - WARN  [SendWorker:188978561024:QuorumCnxManager$SendWorker@688] - Send worker leaving thread
2015-07-29 19:34:31,993 - INFO  [/10.10.34.13:3888:QuorumCnxManager$Listener@493] - Received connection request /10.10.34.12:49642
2015-07-29 19:34:31,994 - WARN  [RecvWorker:188978561024:QuorumCnxManager$RecvWorker@762] - Connection broken for id 188978561024, my id = 3, error = 
2015-07-29 19:34:31,994 - WARN  [RecvWorker:188978561024:QuorumCnxManager$RecvWorker@765] - Interrupting SendWorker
2015-07-29 19:34:31,994 - WARN  [SendWorker:188978561024:QuorumCnxManager$SendWorker@679] - Interrupted while waiting for message on queue
2015-07-29 19:34:31,994 - WARN  [SendWorker:188978561024:QuorumCnxManager$SendWorker@688] - Send worker leaving thread
2015-07-29 19:34:31,995 - INFO  [/10.10.34.13:3888:QuorumCnxManager$Listener@493] - Received connection request /10.10.34.12:49645
2015-07-29 19:34:31,996 - INFO  [/10.10.34.13:3888:QuorumCnxManager$Listener@493] - Received connection request /10.10.34.12:49648
2015-07-29 19:34:31,996 - WARN  [RecvWorker:188978561024:QuorumCnxManager$RecvWorker@762] - Connection broken for id 188978561024, my id = 3, error = 
2015-07-29 19:34:31,996 - WARN  [RecvWorker:188978561024:QuorumCnxManager$RecvWorker@765] - Interrupting SendWorker
2015-07-29 19:34:31,996 - WARN  [SendWorker:188978561024:QuorumCnxManager$SendWorker@679] - Interrupted while waiting for message on queue
2015-07-29 19:34:31,997 - WARN  [SendWorker:188978561024:QuorumCnxManager$SendWorker@688] - Send worker leaving thread
2015-07-29 19:34:31,997 - WARN  [RecvWorker:188978561024:QuorumCnxManager$RecvWorker@762] - Connection broken for id 188978561024, my id = 3, error = 
2015-07-29 19:34:31,997 - WARN  [RecvWorker:188978561024:QuorumCnxManager$RecvWorker@765] - Interrupting SendWorker
2015-07-29 19:34:31,997 - WARN  [SendWorker:188978561024:QuorumCnxManager$SendWorker@679] - Interrupted while waiting for message on queue
2015-07-29 19:34:31,997 - WARN  [SendWorker:188978561024:QuorumCnxManager$SendWorker@688] - Send worker leaving thread
2015-07-29 19:34:31,998 - INFO  [/10.10.34.13:3888:QuorumCnxManager$Listener@493] - Received connection request /10.10.34.12:49653
2015-07-29 19:34:31,999 - WARN  [RecvWorker:188978561024:QuorumCnxManager$RecvWorker@762] - Connection broken for id 188978561024, my id = 3, error = 
2015-07-29 19:34:31,999 - WARN  [RecvWorker:188978561024:QuorumCnxManager$RecvWorker@765] - Interrupting SendWorker
2015-07-29 19:34:31,999 - WARN  [SendWorker:188978561024:QuorumCnxManager$SendWorker@679] - Interrupted while waiting for message on queue
2015-07-29 19:34:32,000 - WARN  [SendWorker:188978561024:QuorumCnxManager$SendWorker@688] - Send worker leaving thread
2015-07-29 19:34:32,101 - INFO  [/10.10.34.13:3888:QuorumCnxManager$Listener@493] - Received connection request /10.10.34.13:46914
2015-07-29 19:34:32,101 - WARN  [RecvWorker:188978561024:QuorumCnxManager$RecvWorker@762] - Connection broken for id 188978561024, my id = 3, error = 
2015-07-29 19:34:32,101 - WARN  [RecvWorker:188978561024:QuorumCnxManager$RecvWorker@765] - Interrupting SendWorker
2015-07-29 19:34:32,102 - WARN  [SendWorker:188978561024:QuorumCnxManager$SendWorker@679] - Interrupted while waiting for message on queue
2015-07-29 19:34:32,102 - WARN  [SendWorker:188978561024:QuorumCnxManager$SendWorker@688] - Send worker leaving thread
2015-07-29 19:34:32,107 - INFO  [/10.10.34.13:3888:QuorumCnxManager$Listener@493] - Received connection request /10.10.34.13:46921
2015-07-29 19:34:32,107 - INFO  [/10.10.34.13:3888:QuorumCnxManager$Listener@493] - Received connection request /10.10.34.13:46922
2015-07-29 19:34:32,108 - WARN  [RecvWorker:188978561024:QuorumCnxManager$RecvWorker@762] - Connection broken for id 188978561024, my id = 3, error = 
2015-07-29 19:34:32,108 - WARN  [RecvWorker:188978561024:QuorumCnxManager$RecvWorker@765] - Interrupting SendWorker
2015-07-29 19:34:32,108 - WARN  [SendWorker:188978561024:QuorumCnxManager$SendWorker@679] - Interrupted while waiting for message on queue
2015-07-29 19:34:32,108 - WARN  [SendWorker:188978561024:QuorumCnxManager$SendWorker@688] - Send worker leaving thread
2015-07-29 19:34:32,108 - WARN  [RecvWorker:188978561024:QuorumCnxManager$RecvWorker@762] - Connection broken for id 188978561024, my id = 3, error = 
2015-07-29 19:34:32,108 - WARN  [RecvWorker:188978561024:QuorumCnxManager$RecvWorker@765] - Interrupting SendWorker
2015-07-29 19:34:32,108 - INFO  [/10.10.34.13:3888:QuorumCnxManager$Listener@493] - Received connection request /10.10.34.13:46923
2015-07-29 19:34:32,109 - WARN  [SendWorker:188978561024:QuorumCnxManager$SendWorker@679] - Interrupted while waiting for message on queue
2015-07-29 19:34:32,109 - WARN  [SendWorker:188978561024:QuorumCnxManager$SendWorker@688] - Send worker leaving thread
2015-07-29 19:34:32,109 - WARN  [RecvWorker:188978561024:QuorumCnxManager$RecvWorker@762] - Connection broken for id 188978561024, my id = 3, error = 
2015-07-29 19:34:32,109 - WARN  [RecvWorker:188978561024:QuorumCnxManager$RecvWorker@765] - Interrupting SendWorker
2015-07-29 19:34:32,109 - WARN  [SendWorker:188978561024:QuorumCnxManager$SendWorker@679] - Interrupted while waiting for message on queue
2015-07-29 19:34:32,110 - WARN  [SendWorker:188978561024:QuorumCnxManager$SendWorker@688] - Send worker leaving thread
2015-07-29 19:34:32,587 - INFO  [/10.10.34.13:3888:QuorumCnxManager$Listener@493] - Received connection request /10.10.34.11:49494
2015-07-29 19:34:32,588 - WARN  [RecvWorker:188978561024:QuorumCnxManager$RecvWorker@762] - Connection broken for id 188978561024, my id = 3, error = 
2015-07-29 19:34:32,588 - WARN  [RecvWorker:188978561024:QuorumCnxManager$RecvWorker@765] - Interrupting SendWorker
2015-07-29 19:34:32,588 - WARN  [SendWorker:188978561024:QuorumCnxManager$SendWorker@679] - Interrupted while waiting for message on queue
2015-07-29 19:34:32,588 - WARN  [SendWorker:188978561024:QuorumCnxManager$SendWorker@688] - Send worker leaving thread
2015-07-29 19:34:35,243 - INFO  [/10.10.34.13:3888:QuorumCnxManager$Listener@493] - Received connection request /10.10.34.11:49495
2015-07-29 19:34:35,244 - WARN  [RecvWorker:188978561024:QuorumCnxManager$RecvWorker@762] - Connection broken for id 188978561024, my id = 3, error = 
2015-07-29 19:34:35,244 - WARN  [RecvWorker:188978561024:QuorumCnxManager$RecvWorker@765] - Interrupting SendWorker
2015-07-29 19:34:35,244 - WARN  [SendWorker:188978561024:QuorumCnxManager$SendWorker@679] - Interrupted while waiting for message on queue
2015-07-29 19:34:35,244 - WARN  [SendWorker:188978561024:QuorumCnxManager$SendWorker@688] - Send worker leaving thread
2015-07-29 19:34:35,246 - INFO  [/10.10.34.13:3888:QuorumCnxManager$Listener@493] - Received connection request /10.10.34.11:49501
2015-07-29 19:34:35,246 - WARN  [RecvWorker:188978561024:QuorumCnxManager$RecvWorker@762] - Connection broken for id 188978561024, my id = 3, error = 
2015-07-29 19:34:35,246 - WARN  [RecvWorker:188978561024:QuorumCnxManager$RecvWorker@765] - Interrupting SendWorker
2015-07-29 19:34:35,247 - WARN  [SendWorker:188978561024:QuorumCnxManager$SendWorker@679] - Interrupted while waiting for message on queue
2015-07-29 19:34:35,247 - WARN  [SendWorker:188978561024:QuorumCnxManager$SendWorker@688] - Send worker leaving thread
2015-07-29 19:34:35,248 - INFO  [/10.10.34.13:3888:QuorumCnxManager$Listener@493] - Received connection request /10.10.34.11:49503
2015-07-29 19:34:35,248 - WARN  [RecvWorker:188978561024:QuorumCnxManager$RecvWorker@762] - Connection broken for id 188978561024, my id = 3, error = 
2015-07-29 19:34:35,249 - WARN  [RecvWorker:188978561024:QuorumCnxManager$RecvWorker@765] - Interrupting SendWorker
2015-07-29 19:34:35,249 - WARN  [SendWorker:188978561024:QuorumCnxManager$SendWorker@679] - Interrupted while waiting for message on queue
2015-07-29 19:34:35,249 - WARN  [SendWorker:188978561024:QuorumCnxManager$SendWorker@688] - Send worker leaving thread
2015-07-29 19:34:35,252 - INFO  [/10.10.34.13:3888:QuorumCnxManager$Listener@493] - Received connection request /10.10.34.11:49506
2015-07-29 19:34:35,253 - WARN  [RecvWorker:188978561024:QuorumCnxManager$RecvWorker@762] - Connection broken for id 188978561024, my id = 3, error = 
2015-07-29 19:34:35,253 - WARN  [RecvWorker:188978561024:QuorumCnxManager$RecvWorker@765] - Interrupting SendWorker
2015-07-29 19:34:35,253 - WARN  [SendWorker:188978561024:QuorumCnxManager$SendWorker@679] - Interrupted while waiting for message on queue
2015-07-29 19:34:35,253 - WARN  [SendWorker:188978561024:QuorumCnxManager$SendWorker@688] - Send worker leaving thread
2015-07-29 19:34:35,333 - INFO  [/10.10.34.13:3888:QuorumCnxManager$Listener@493] - Received connection request /10.10.34.12:49654
2015-07-29 19:34:35,334 - WARN  [RecvWorker:188978561024:QuorumCnxManager$RecvWorker@762] - Connection broken for id 188978561024, my id = 3, error = 
2015-07-29 19:34:35,334 - WARN  [RecvWorker:188978561024:QuorumCnxManager$RecvWorker@765] - Interrupting SendWorker
2015-07-29 19:34:35,334 - WARN  [SendWorker:188978561024:QuorumCnxManager$SendWorker@679] - Interrupted while waiting for message on queue
2015-07-29 19:34:35,335 - WARN  [SendWorker:188978561024:QuorumCnxManager$SendWorker@688] - Send worker leaving thread
2015-07-29 19:34:35,335 - INFO  [/10.10.34.13:3888:QuorumCnxManager$Listener@493] - Received connection request /10.10.34.12:49657
2015-07-29 19:34:35,336 - INFO  [/10.10.34.13:3888:QuorumCnxManager$Listener@493] - Received connection request /10.10.34.12:49658
2015-07-29 19:34:35,336 - WARN  [RecvWorker:188978561024:QuorumCnxManager$RecvWorker@762] - Connection broken for id 188978561024, my id = 3, error = 
2015-07-29 19:34:35,336 - WARN  [RecvWorker:188978561024:QuorumCnxManager$RecvWorker@765] - Interrupting SendWorker
2015-07-29 19:34:35,336 - WARN  [SendWorker:188978561024:QuorumCnxManager$SendWorker@679] - Interrupted while waiting for message on queue
2015-07-29 19:34:35,337 - WARN  [SendWorker:188978561024:QuorumCnxManager$SendWorker@688] - Send worker leaving thread
2015-07-29 19:34:35,337 - WARN  [RecvWorker:188978561024:QuorumCnxManager$RecvWorker@762] - Connection broken for id 188978561024, my id = 3, error = 
2015-07-29 19:34:35,337 - WARN  [RecvWorker:188978561024:QuorumCnxManager$RecvWorker@765] - Interrupting SendWorker
2015-07-29 19:34:35,337 - WARN  [SendWorker:188978561024:QuorumCnxManager$SendWorker@679] - Interrupted while waiting for message on queue
2015-07-29 19:34:35,337 - WARN  [SendWorker:188978561024:QuorumCnxManager$SendWorker@688] - Send worker leaving thread
2015-07-29 19:34:35,338 - INFO  [/10.10.34.13:3888:QuorumCnxManager$Listener@493] - Received connection request /10.10.34.12:49665
2015-07-29 19:34:35,339 - WARN  [RecvWorker:188978561024:QuorumCnxManager$RecvWorker@762] - Connection broken for id 188978561024, my id = 3, error = 
2015-07-29 19:34:35,339 - WARN  [RecvWorker:188978561024:QuorumCnxManager$RecvWorker@765] - Interrupting SendWorker
2015-07-29 19:34:35,339 - WARN  [SendWorker:188978561024:QuorumCnxManager$SendWorker@679] - Interrupted while waiting for message on queue
2015-07-29 19:34:35,339 - WARN  [SendWorker:188978561024:QuorumCnxManager$SendWorker@688] - Send worker leaving thread
2015-07-29 19:34:35,441 - INFO  [/10.10.34.13:3888:QuorumCnxManager$Listener@493] - Received connection request /10.10.34.13:46926
2015-07-29 19:34:35,441 - WARN  [RecvWorker:188978561024:QuorumCnxManager$RecvWorker@762] - Connection broken for id 188978561024, my id = 3, error = 
2015-07-29 19:34:35,442 - WARN  [RecvWorker:188978561024:QuorumCnxManager$RecvWorker@765] - Interrupting SendWorker
2015-07-29 19:34:35,442 - WARN  [SendWorker:188978561024:QuorumCnxManager$SendWorker@679] - Interrupted while waiting for message on queue
2015-07-29 19:34:35,442 - WARN  [SendWorker:188978561024:QuorumCnxManager$SendWorker@688] - Send worker leaving thread
2015-07-29 19:34:35,447 - INFO  [/10.10.34.13:3888:QuorumCnxManager$Listener@493] - Received connection request /10.10.34.13:46932
2015-07-29 19:34:35,447 - WARN  [RecvWorker:188978561024:QuorumCnxManager$RecvWorker@762] - Connection broken for id 188978561024, my id = 3, error = 
2015-07-29 19:34:35,448 - WARN  [RecvWorker:188978561024:QuorumCnxManager$RecvWorker@765] - Interrupting SendWorker
2015-07-29 19:34:35,448 - INFO  [/10.10.34.13:3888:QuorumCnxManager$Listener@493] - Received connection request /10.10.34.13:46934
2015-07-29 19:34:35,448 - WARN  [SendWorker:188978561024:QuorumCnxManager$SendWorker@679] - Interrupted while waiting for message on queue
2015-07-29 19:34:35,448 - WARN  [SendWorker:188978561024:QuorumCnxManager$SendWorker@688] - Send worker leaving thread
2015-07-29 19:34:35,448 - WARN  [RecvWorker:188978561024:QuorumCnxManager$RecvWorker@762] - Connection broken for id 188978561024, my id = 3, error = 
2015-07-29 19:34:35,448 - WARN  [RecvWorker:188978561024:QuorumCnxManager$RecvWorker@765] - Interrupting SendWorker
2015-07-29 19:34:35,448 - INFO  [/10.10.34.13:3888:QuorumCnxManager$Listener@493] - Received connection request /10.10.34.13:46935
2015-07-29 19:34:35,449 - WARN  [SendWorker:188978561024:QuorumCnxManager$SendWorker@679] - Interrupted while waiting for message on queue
2015-07-29 19:34:35,449 - WARN  [SendWorker:188978561024:QuorumCnxManager$SendWorker@688] - Send worker leaving thread
2015-07-29 19:34:35,449 - WARN  [RecvWorker:188978561024:QuorumCnxManager$RecvWorker@762] - Connection broken for id 188978561024, my id = 3, error = 
2015-07-29 19:34:35,449 - WARN  [RecvWorker:188978561024:QuorumCnxManager$RecvWorker@765] - Interrupting SendWorker
2015-07-29 19:34:35,449 - WARN  [SendWorker:188978561024:QuorumCnxManager$SendWorker@679] - Interrupted while waiting for message on queue
2015-07-29 19:34:35,450 - WARN  [SendWorker:188978561024:QuorumCnxManager$SendWorker@688] - Send worker leaving thread
2015-07-29 19:34:38,583 - INFO  [/10.10.34.13:3888:QuorumCnxManager$Listener@493] - Received connection request /10.10.34.11:49507
2015-07-29 19:34:38,584 - WARN  [RecvWorker:188978561024:QuorumCnxManager$RecvWorker@762] - Connection broken for id 188978561024, my id = 3, error = 
2015-07-29 19:34:38,584 - WARN  [RecvWorker:188978561024:QuorumCnxManager$RecvWorker@765] - Interrupting SendWorker
2015-07-29 19:34:38,584 - WARN  [SendWorker:188978561024:QuorumCnxManager$SendWorker@679] - Interrupted while waiting for message on queue
2015-07-29 19:34:38,585 - WARN  [SendWorker:188978561024:QuorumCnxManager$SendWorker@688] - Send worker leaving thread
2015-07-29 19:34:38,586 - INFO  [/10.10.34.13:3888:QuorumCnxManager$Listener@493] - Received connection request /10.10.34.11:49513
2015-07-29 19:34:38,586 - WARN  [RecvWorker:188978561024:QuorumCnxManager$RecvWorker@762] - Connection broken for id 188978561024, my id = 3, error = 
2015-07-29 19:34:38,587 - WARN  [RecvWorker:188978561024:QuorumCnxManager$RecvWorker@765] - Interrupting SendWorker
2015-07-29 19:34:38,587 - WARN  [SendWorker:188978561024:QuorumCnxManager$SendWorker@679] - Interrupted while waiting for message on queue
2015-07-29 19:34:38,587 - WARN  [SendWorker:188978561024:QuorumCnxManager$SendWorker@688] - Send worker leaving thread
2015-07-29 19:34:38,589 - INFO  [/10.10.34.13:3888:QuorumCnxManager$Listener@493] - Received connection request /10.10.34.11:49515
2015-07-29 19:34:38,589 - WARN  [RecvWorker:188978561024:QuorumCnxManager$RecvWorker@762] - Connection broken for id 188978561024, my id = 3, error = 
2015-07-29 19:34:38,589 - WARN  [RecvWorker:188978561024:QuorumCnxManager$RecvWorker@765] - Interrupting SendWorker
2015-07-29 19:34:38,590 - WARN  [SendWorker:188978561024:QuorumCnxManager$SendWorker@679] - Interrupted while waiting for message on queue
2015-07-29 19:34:38,590 - WARN  [SendWorker:188978561024:QuorumCnxManager$SendWorker@688] - Send worker leaving thread
2015-07-29 19:34:38,592 - INFO  [/10.10.34.13:3888:QuorumCnxManager$Listener@493] - Received connection request /10.10.34.11:49518
2015-07-29 19:34:38,596 - WARN  [RecvWorker:188978561024:QuorumCnxManager$RecvWorker@762] - Connection broken for id 188978561024, my id = 3, error = 
2015-07-29 19:34:38,596 - WARN  [RecvWorker:188978561024:QuorumCnxManager$RecvWorker@765] - Interrupting SendWorker
2015-07-29 19:34:38,596 - WARN  [SendWorker:188978561024:QuorumCnxManager$SendWorker@679] - Interrupted while waiting for message on queue
2015-07-29 19:34:38,597 - WARN  [SendWorker:188978561024:QuorumCnxManager$SendWorker@688] - Send worker leaving thread
2015-07-29 19:34:38,673 - INFO  [/10.10.34.13:3888:QuorumCnxManager$Listener@493] - Received connection request /10.10.34.12:49666
2015-07-29 19:34:38,674 - WARN  [RecvWorker:188978561024:QuorumCnxManager$RecvWorker@762] - Connection broken for id 188978561024, my id = 3, error = 
2015-07-29 19:34:38,674 - WARN  [RecvWorker:188978561024:QuorumCnxManager$RecvWorker@765] - Interrupting SendWorker
2015-07-29 19:34:38,674 - WARN  [SendWorker:188978561024:QuorumCnxManager$SendWorker@679] - Interrupted while waiting for message on queue
2015-07-29 19:34:38,675 - WARN  [SendWorker:188978561024:QuorumCnxManager$SendWorker@688] - Send worker leaving thread
2015-07-29 19:34:38,675 - INFO  [/10.10.34.13:3888:QuorumCnxManager$Listener@493] - Received connection request /10.10.34.12:49669
2015-07-29 19:34:38,675 - WARN  [RecvWorker:188978561024:QuorumCnxManager$RecvWorker@762] - Connection broken for id 188978561024, my id = 3, error = 
2015-07-29 19:34:38,675 - WARN  [RecvWorker:188978561024:QuorumCnxManager$RecvWorker@765] - Interrupting SendWorker
2015-07-29 19:34:38,676 - WARN  [SendWorker:188978561024:QuorumCnxManager$SendWorker@679] - Interrupted while waiting for message on queue
2015-07-29 19:34:38,676 - INFO  [/10.10.34.13:3888:QuorumCnxManager$Listener@493] - Received connection request /10.10.34.12:49670
2015-07-29 19:34:38,676 - WARN  [SendWorker:188978561024:QuorumCnxManager$SendWorker@688] - Send worker leaving thread
2015-07-29 19:34:38,676 - WARN  [RecvWorker:188978561024:QuorumCnxManager$RecvWorker@762] - Connection broken for id 188978561024, my id = 3, error = 
2015-07-29 19:34:38,677 - WARN  [RecvWorker:188978561024:QuorumCnxManager$RecvWorker@765] - Interrupting SendWorker
2015-07-29 19:34:38,677 - WARN  [SendWorker:188978561024:QuorumCnxManager$SendWorker@679] - Interrupted while waiting for message on queue
2015-07-29 19:34:38,677 - WARN  [SendWorker:188978561024:QuorumCnxManager$SendWorker@688] - Send worker leaving thread
2015-07-29 19:34:38,678 - INFO  [/10.10.34.13:3888:QuorumCnxManager$Listener@493] - Received connection request /10.10.34.12:49677
2015-07-29 19:34:38,679 - WARN  [RecvWorker:188978561024:QuorumCnxManager$RecvWorker@762] - Connection broken for id 188978561024, my id = 3, error = 
2015-07-29 19:34:38,679 - WARN  [RecvWorker:188978561024:QuorumCnxManager$RecvWorker@765] - Interrupting SendWorker
2015-07-29 19:34:38,679 - WARN  [SendWorker:188978561024:QuorumCnxManager$SendWorker@679] - Interrupted while waiting for message on queue
2015-07-29 19:34:38,680 - WARN  [SendWorker:188978561024:QuorumCnxManager$SendWorker@688] - Send worker leaving thread
2015-07-29 19:34:38,781 - INFO  [/10.10.34.13:3888:QuorumCnxManager$Listener@493] - Received connection request /10.10.34.13:46938
2015-07-29 19:34:38,782 - WARN  [RecvWorker:188978561024:QuorumCnxManager$RecvWorker@762] - Connection broken for id 188978561024, my id = 3, error = 
2015-07-29 19:34:38,782 - WARN  [RecvWorker:188978561024:QuorumCnxManager$RecvWorker@765] - Interrupting SendWorker
2015-07-29 19:34:38,782 - WARN  [SendWorker:188978561024:QuorumCnxManager$SendWorker@679] - Interrupted while waiting for message on queue
2015-07-29 19:34:38,782 - WARN  [SendWorker:188978561024:QuorumCnxManager$SendWorker@688] - Send worker leaving thread
2015-07-29 19:34:38,787 - INFO  [/10.10.34.13:3888:QuorumCnxManager$Listener@493] - Received connection request /10.10.34.13:46944
2015-07-29 19:34:38,787 - WARN  [RecvWorker:188978561024:QuorumCnxManager$RecvWorker@762] - Connection broken for id 188978561024, my id = 3, error = 
2015-07-29 19:34:38,788 - WARN  [RecvWorker:188978561024:QuorumCnxManager$RecvWorker@765] - Interrupting SendWorker
2015-07-29 19:34:38,788 - INFO  [/10.10.34.13:3888:QuorumCnxManager$Listener@493] - Received connection request /10.10.34.13:46946
2015-07-29 19:34:38,788 - WARN  [SendWorker:188978561024:QuorumCnxManager$SendWorker@679] - Interrupted while waiting for message on queue
2015-07-29 19:34:38,788 - WARN  [SendWorker:188978561024:QuorumCnxManager$SendWorker@688] - Send worker leaving thread
2015-07-29 19:34:38,788 - WARN  [RecvWorker:188978561024:QuorumCnxManager$RecvWorker@762] - Connection broken for id 188978561024, my id = 3, error = 
2015-07-29 19:34:38,788 - WARN  [RecvWorker:188978561024:QuorumCnxManager$RecvWorker@765] - Interrupting SendWorker
2015-07-29 19:34:38,788 - INFO  [/10.10.34.13:3888:QuorumCnxManager$Listener@493] - Received connection request /10.10.34.13:46947
2015-07-29 19:34:38,789 - WARN  [SendWorker:188978561024:QuorumCnxManager$SendWorker@679] - Interrupted while waiting for message on queue
2015-07-29 19:34:38,789 - WARN  [SendWorker:188978561024:QuorumCnxManager$SendWorker@688] - Send worker leaving thread
2015-07-29 19:34:38,789 - WARN  [RecvWorker:188978561024:QuorumCnxManager$RecvWorker@762] - Connection broken for id 188978561024, my id = 3, error = 
2015-07-29 19:34:38,789 - WARN  [RecvWorker:188978561024:QuorumCnxManager$RecvWorker@765] - Interrupting SendWorker
2015-07-29 19:34:38,789 - WARN  [SendWorker:188978561024:QuorumCnxManager$SendWorker@679] - Interrupted while waiting for message on queue
2015-07-29 19:34:38,789 - WARN  [SendWorker:188978561024:QuorumCnxManager$SendWorker@688] - Send worker leaving thread
2015-07-29 19:34:41,924 - INFO  [/10.10.34.13:3888:QuorumCnxManager$Listener@493] - Received connection request /10.10.34.11:49520
2015-07-29 19:34:41,924 - WARN  [RecvWorker:188978561024:QuorumCnxManager$RecvWorker@762] - Connection broken for id 188978561024, my id = 3, error = 
2015-07-29 19:34:41,924 - WARN  [RecvWorker:188978561024:QuorumCnxManager$RecvWorker@765] - Interrupting SendWorker
2015-07-29 19:34:41,925 - WARN  [SendWorker:188978561024:QuorumCnxManager$SendWorker@679] - Interrupted while waiting for message on queue
2015-07-29 19:34:41,925 - WARN  [SendWorker:188978561024:QuorumCnxManager$SendWorker@688] - Send worker leaving thread
2015-07-29 19:34:41,926 - INFO  [/10.10.34.13:3888:QuorumCnxManager$Listener@493] - Received connection request /10.10.34.11:49523
2015-07-29 19:34:41,927 - WARN  [RecvWorker:188978561024:QuorumCnxManager$RecvWorker@762] - Connection broken for id 188978561024, my id = 3, error = 
2015-07-29 19:34:41,927 - WARN  [RecvWorker:188978561024:QuorumCnxManager$RecvWorker@765] - Interrupting SendWorker
2015-07-29 19:34:41,927 - WARN  [SendWorker:188978561024:QuorumCnxManager$SendWorker@679] - Interrupted while waiting for message on queue
2015-07-29 19:34:41,927 - WARN  [SendWorker:188978561024:QuorumCnxManager$SendWorker@688] - Send worker leaving thread
2015-07-29 19:34:41,929 - INFO  [/10.10.34.13:3888:QuorumCnxManager$Listener@493] - Received connection request /10.10.34.11:49527
2015-07-29 19:34:41,929 - WARN  [RecvWorker:188978561024:QuorumCnxManager$RecvWorker@762] - Connection broken for id 188978561024, my id = 3, error = 
2015-07-29 19:34:41,929 - WARN  [RecvWorker:188978561024:QuorumCnxManager$RecvWorker@765] - Interrupting SendWorker
2015-07-29 19:34:41,930 - WARN  [SendWorker:188978561024:QuorumCnxManager$SendWorker@679] - Interrupted while waiting for message on queue
2015-07-29 19:34:41,930 - WARN  [SendWorker:188978561024:QuorumCnxManager$SendWorker@688] - Send worker leaving thread
2015-07-29 19:34:41,936 - INFO  [/10.10.34.13:3888:QuorumCnxManager$Listener@493] - Received connection request /10.10.34.11:49530
2015-07-29 19:34:41,936 - WARN  [RecvWorker:188978561024:QuorumCnxManager$RecvWorker@762] - Connection broken for id 188978561024, my id = 3, error = 
2015-07-29 19:34:41,936 - WARN  [RecvWorker:188978561024:QuorumCnxManager$RecvWorker@765] - Interrupting SendWorker
2015-07-29 19:34:41,937 - WARN  [SendWorker:188978561024:QuorumCnxManager$SendWorker@679] - Interrupted while waiting for message on queue
2015-07-29 19:34:41,937 - WARN  [SendWorker:188978561024:QuorumCnxManager$SendWorker@688] - Send worker leaving thread
2015-07-29 19:34:42,014 - INFO  [/10.10.34.13:3888:QuorumCnxManager$Listener@493] - Received connection request /10.10.34.12:49678
2015-07-29 19:34:42,015 - WARN  [RecvWorker:188978561024:QuorumCnxManager$RecvWorker@762] - Connection broken for id 188978561024, my id = 3, error = 
2015-07-29 19:34:42,015 - WARN  [RecvWorker:188978561024:QuorumCnxManager$RecvWorker@765] - Interrupting SendWorker
2015-07-29 19:34:42,015 - INFO  [/10.10.34.13:3888:QuorumCnxManager$Listener@493] - Received connection request /10.10.34.12:49679
2015-07-29 19:34:42,015 - WARN  [SendWorker:188978561024:QuorumCnxManager$SendWorker@679] - Interrupted while waiting for message on queue
2015-07-29 19:34:42,015 - WARN  [SendWorker:188978561024:QuorumCnxManager$SendWorker@688] - Send worker leaving thread
2015-07-29 19:34:42,016 - WARN  [RecvWorker:188978561024:QuorumCnxManager$RecvWorker@762] - Connection broken for id 188978561024, my id = 3, error = 
2015-07-29 19:34:42,016 - WARN  [RecvWorker:188978561024:QuorumCnxManager$RecvWorker@765] - Interrupting SendWorker
2015-07-29 19:34:42,016 - WARN  [SendWorker:188978561024:QuorumCnxManager$SendWorker@679] - Interrupted while waiting for message on queue
2015-07-29 19:34:42,016 - WARN  [SendWorker:188978561024:QuorumCnxManager$SendWorker@688] - Send worker leaving thread
2015-07-29 19:34:42,017 - INFO  [/10.10.34.13:3888:QuorumCnxManager$Listener@493] - Received connection request /10.10.34.12:49685
2015-07-29 19:34:42,017 - WARN  [RecvWorker:188978561024:QuorumCnxManager$RecvWorker@762] - Connection broken for id 188978561024, my id = 3, error = 
2015-07-29 19:34:42,017 - WARN  [RecvWorker:188978561024:QuorumCnxManager$RecvWorker@765] - Interrupting SendWorker
2015-07-29 19:34:42,018 - WARN  [SendWorker:188978561024:QuorumCnxManager$SendWorker@679] - Interrupted while waiting for message on queue
2015-07-29 19:34:42,018 - WARN  [SendWorker:188978561024:QuorumCnxManager$SendWorker@688] - Send worker leaving thread
2015-07-29 19:34:42,018 - INFO  [/10.10.34.13:3888:QuorumCnxManager$Listener@493] - Received connection request /10.10.34.12:49689
2015-07-29 19:34:42,019 - WARN  [RecvWorker:188978561024:QuorumCnxManager$RecvWorker@762] - Connection broken for id 188978561024, my id = 3, error = 
2015-07-29 19:34:42,019 - WARN  [RecvWorker:188978561024:QuorumCnxManager$RecvWorker@765] - Interrupting SendWorker
2015-07-29 19:34:42,019 - WARN  [SendWorker:188978561024:QuorumCnxManager$SendWorker@679] - Interrupted while waiting for message on queue
2015-07-29 19:34:42,020 - WARN  [SendWorker:188978561024:QuorumCnxManager$SendWorker@688] - Send worker leaving thread
2015-07-29 19:34:42,121 - INFO  [/10.10.34.13:3888:QuorumCnxManager$Listener@493] - Received connection request /10.10.34.13:46950
2015-07-29 19:34:42,122 - WARN  [RecvWorker:188978561024:QuorumCnxManager$RecvWorker@762] - Connection broken for id 188978561024, my id = 3, error = 
2015-07-29 19:34:42,122 - WARN  [RecvWorker:188978561024:QuorumCnxManager$RecvWorker@765] - Interrupting SendWorker
2015-07-29 19:34:42,122 - WARN  [SendWorker:188978561024:QuorumCnxManager$SendWorker@679] - Interrupted while waiting for message on queue
2015-07-29 19:34:42,122 - WARN  [SendWorker:188978561024:QuorumCnxManager$SendWorker@688] - Send worker leaving thread
2015-07-29 19:34:42,127 - INFO  [/10.10.34.13:3888:QuorumCnxManager$Listener@493] - Received connection request /10.10.34.13:46956
2015-07-29 19:34:42,128 - WARN  [RecvWorker:188978561024:QuorumCnxManager$RecvWorker@762] - Connection broken for id 188978561024, my id = 3, error = 
2015-07-29 19:34:42,128 - WARN  [RecvWorker:188978561024:QuorumCnxManager$RecvWorker@765] - Interrupting SendWorker
2015-07-29 19:34:42,128 - INFO  [/10.10.34.13:3888:QuorumCnxManager$Listener@493] - Received connection request /10.10.34.13:46958
2015-07-29 19:34:42,128 - WARN  [SendWorker:188978561024:QuorumCnxManager$SendWorker@679] - Interrupted while waiting for message on queue
2015-07-29 19:34:42,128 - WARN  [SendWorker:188978561024:QuorumCnxManager$SendWorker@688] - Send worker leaving thread
2015-07-29 19:34:42,128 - INFO  [/10.10.34.13:3888:QuorumCnxManager$Listener@493] - Received connection request /10.10.34.13:46959
2015-07-29 19:34:42,128 - WARN  [RecvWorker:188978561024:QuorumCnxManager$RecvWorker@762] - Connection broken for id 188978561024, my id = 3, error = 
2015-07-29 19:34:42,129 - WARN  [RecvWorker:188978561024:QuorumCnxManager$RecvWorker@765] - Interrupting SendWorker
2015-07-29 19:34:42,129 - WARN  [SendWorker:188978561024:QuorumCnxManager$SendWorker@679] - Interrupted while waiting for message on queue
2015-07-29 19:34:42,129 - WARN  [SendWorker:188978561024:QuorumCnxManager$SendWorker@688] - Send worker leaving thread
2015-07-29 19:34:42,129 - WARN  [RecvWorker:188978561024:QuorumCnxManager$RecvWorker@762] - Connection broken for id 188978561024, my id = 3, error = 
2015-07-29 19:34:42,129 - WARN  [RecvWorker:188978561024:QuorumCnxManager$RecvWorker@765] - Interrupting SendWorker
2015-07-29 19:34:42,129 - WARN  [SendWorker:188978561024:QuorumCnxManager$SendWorker@679] - Interrupted while waiting for message on queue
2015-07-29 19:34:42,129 - WARN  [SendWorker:188978561024:QuorumCnxManager$SendWorker@688] - Send worker leaving thread
2015-07-29 19:34:45,264 - INFO  [/10.10.34.13:3888:QuorumCnxManager$Listener@493] - Received connection request /10.10.34.11:49532
2015-07-29 19:34:45,264 - WARN  [RecvWorker:188978561024:QuorumCnxManager$RecvWorker@762] - Connection broken for id 188978561024, my id = 3, error = 
2015-07-29 19:34:45,265 - WARN  [RecvWorker:188978561024:QuorumCnxManager$RecvWorker@765] - Interrupting SendWorker
2015-07-29 19:34:45,265 - WARN  [SendWorker:188978561024:QuorumCnxManager$SendWorker@679] - Interrupted while waiting for message on queue
2015-07-29 19:34:45,265 - WARN  [SendWorker:188978561024:QuorumCnxManager$SendWorker@688] - Send worker leaving thread
2015-07-29 19:34:45,266 - INFO  [/10.10.34.13:3888:QuorumCnxManager$Listener@493] - Received connection request /10.10.34.11:49536
2015-07-29 19:34:45,267 - WARN  [RecvWorker:188978561024:QuorumCnxManager$RecvWorker@762] - Connection broken for id 188978561024, my id = 3, error = 
2015-07-29 19:34:45,267 - WARN  [RecvWorker:188978561024:QuorumCnxManager$RecvWorker@765] - Interrupting SendWorker
2015-07-29 19:34:45,267 - WARN  [SendWorker:188978561024:QuorumCnxManager$SendWorker@679] - Interrupted while waiting for message on queue
2015-07-29 19:34:45,267 - WARN  [SendWorker:188978561024:QuorumCnxManager$SendWorker@688] - Send worker leaving thread
2015-07-29 19:34:45,269 - INFO  [/10.10.34.13:3888:QuorumCnxManager$Listener@493] - Received connection request /10.10.34.11:49539
2015-07-29 19:34:45,269 - WARN  [RecvWorker:188978561024:QuorumCnxManager$RecvWorker@762] - Connection broken for id 188978561024, my id = 3, error = 
2015-07-29 19:34:45,269 - WARN  [RecvWorker:188978561024:QuorumCnxManager$RecvWorker@765] - Interrupting SendWorker
2015-07-29 19:34:45,269 - WARN  [SendWorker:188978561024:QuorumCnxManager$SendWorker@679] - Interrupted while waiting for message on queue
2015-07-29 19:34:45,270 - WARN  [SendWorker:188978561024:QuorumCnxManager$SendWorker@688] - Send worker leaving thread
2015-07-29 19:34:45,276 - INFO  [/10.10.34.13:3888:QuorumCnxManager$Listener@493] - Received connection request /10.10.34.11:49542
2015-07-29 19:34:45,276 - WARN  [RecvWorker:188978561024:QuorumCnxManager$RecvWorker@762] - Connection broken for id 188978561024, my id = 3, error = 
2015-07-29 19:34:45,277 - WARN  [RecvWorker:188978561024:QuorumCnxManager$RecvWorker@765] - Interrupting SendWorker
2015-07-29 19:34:45,277 - WARN  [SendWorker:188978561024:QuorumCnxManager$SendWorker@679] - Interrupted while waiting for message on queue
2015-07-29 19:34:45,277 - WARN  [SendWorker:188978561024:QuorumCnxManager$SendWorker@688] - Send worker leaving thread
2015-07-29 19:34:45,354 - INFO  [/10.10.34.13:3888:QuorumCnxManager$Listener@493] - Received connection request /10.10.34.12:49690
2015-07-29 19:34:45,355 - WARN  [RecvWorker:188978561024:QuorumCnxManager$RecvWorker@762] - Connection broken for id 188978561024, my id = 3, error = 
2015-07-29 19:34:45,355 - WARN  [RecvWorker:188978561024:QuorumCnxManager$RecvWorker@765] - Interrupting SendWorker
2015-07-29 19:34:45,355 - INFO  [/10.10.34.13:3888:QuorumCnxManager$Listener@493] - Received connection request /10.10.34.12:49691
2015-07-29 19:34:45,355 - WARN  [SendWorker:188978561024:QuorumCnxManager$SendWorker@679] - Interrupted while waiting for message on queue
2015-07-29 19:34:45,355 - WARN  [SendWorker:188978561024:QuorumCnxManager$SendWorker@688] - Send worker leaving thread
2015-07-29 19:34:45,356 - WARN  [RecvWorker:188978561024:QuorumCnxManager$RecvWorker@762] - Connection broken for id 188978561024, my id = 3, error = 
2015-07-29 19:34:45,356 - WARN  [RecvWorker:188978561024:QuorumCnxManager$RecvWorker@765] - Interrupting SendWorker
2015-07-29 19:34:45,356 - WARN  [SendWorker:188978561024:QuorumCnxManager$SendWorker@679] - Interrupted while waiting for message on queue
2015-07-29 19:34:45,356 - WARN  [SendWorker:188978561024:QuorumCnxManager$SendWorker@688] - Send worker leaving thread
2015-07-29 19:34:45,357 - INFO  [/10.10.34.13:3888:QuorumCnxManager$Listener@493] - Received connection request /10.10.34.12:49697
2015-07-29 19:34:45,357 - WARN  [RecvWorker:188978561024:QuorumCnxManager$RecvWorker@762] - Connection broken for id 188978561024, my id = 3, error = 
2015-07-29 19:34:45,358 - WARN  [RecvWorker:188978561024:QuorumCnxManager$RecvWorker@765] - Interrupting SendWorker
2015-07-29 19:34:45,358 - WARN  [SendWorker:188978561024:QuorumCnxManager$SendWorker@679] - Interrupted while waiting for message on queue
2015-07-29 19:34:45,358 - WARN  [SendWorker:188978561024:QuorumCnxManager$SendWorker@688] - Send worker leaving thread
2015-07-29 19:34:45,359 - INFO  [/10.10.34.13:3888:QuorumCnxManager$Listener@493] - Received connection request /10.10.34.12:49701
2015-07-29 19:34:45,359 - WARN  [RecvWorker:188978561024:QuorumCnxManager$RecvWorker@762] - Connection broken for id 188978561024, my id = 3, error = 
2015-07-29 19:34:45,359 - WARN  [RecvWorker:188978561024:QuorumCnxManager$RecvWorker@765] - Interrupting SendWorker
2015-07-29 19:34:45,360 - WARN  [SendWorker:188978561024:QuorumCnxManager$SendWorker@679] - Interrupted while waiting for message on queue
2015-07-29 19:34:45,360 - WARN  [SendWorker:188978561024:QuorumCnxManager$SendWorker@688] - Send worker leaving thread
2015-07-29 19:34:45,461 - INFO  [/10.10.34.13:3888:QuorumCnxManager$Listener@493] - Received connection request /10.10.34.13:46962
2015-07-29 19:34:45,462 - WARN  [RecvWorker:188978561024:QuorumCnxManager$RecvWorker@762] - Connection broken for id 188978561024, my id = 3, error = 
2015-07-29 19:34:45,462 - WARN  [RecvWorker:188978561024:QuorumCnxManager$RecvWorker@765] - Interrupting SendWorker
2015-07-29 19:34:45,462 - WARN  [SendWorker:188978561024:QuorumCnxManager$SendWorker@679] - Interrupted while waiting for message on queue
2015-07-29 19:34:45,462 - WARN  [SendWorker:188978561024:QuorumCnxManager$SendWorker@688] - Send worker leaving thread
2015-07-29 19:34:45,467 - INFO  [/10.10.34.13:3888:QuorumCnxManager$Listener@493] - Received connection request /10.10.34.13:46968
2015-07-29 19:34:45,468 - WARN  [RecvWorker:188978561024:QuorumCnxManager$RecvWorker@762] - Connection broken for id 188978561024, my id = 3, error = 
2015-07-29 19:34:45,468 - WARN  [RecvWorker:188978561024:QuorumCnxManager$RecvWorker@765] - Interrupting SendWorker
2015-07-29 19:34:45,468 - INFO  [/10.10.34.13:3888:QuorumCnxManager$Listener@493] - Received connection request /10.10.34.13:46970
2015-07-29 19:34:45,468 - WARN  [SendWorker:188978561024:QuorumCnxManager$SendWorker@679] - Interrupted while waiting for message on queue
2015-07-29 19:34:45,468 - WARN  [SendWorker:188978561024:QuorumCnxManager$SendWorker@688] - Send worker leaving thread
2015-07-29 19:34:45,468 - INFO  [/10.10.34.13:3888:QuorumCnxManager$Listener@493] - Received connection request /10.10.34.13:46971
2015-07-29 19:34:45,468 - WARN  [RecvWorker:188978561024:QuorumCnxManager$RecvWorker@762] - Connection broken for id 188978561024, my id = 3, error = 
2015-07-29 19:34:45,468 - WARN  [RecvWorker:188978561024:QuorumCnxManager$RecvWorker@765] - Interrupting SendWorker
2015-07-29 19:34:45,469 - WARN  [SendWorker:188978561024:QuorumCnxManager$SendWorker@679] - Interrupted while waiting for message on queue
2015-07-29 19:34:45,469 - WARN  [SendWorker:188978561024:QuorumCnxManager$SendWorker@688] - Send worker leaving thread
2015-07-29 19:34:45,469 - WARN  [RecvWorker:188978561024:QuorumCnxManager$RecvWorker@762] - Connection broken for id 188978561024, my id = 3, error = 
2015-07-29 19:34:45,469 - WARN  [RecvWorker:188978561024:QuorumCnxManager$RecvWorker@765] - Interrupting SendWorker
2015-07-29 19:34:45,469 - WARN  [SendWorker:188978561024:QuorumCnxManager$SendWorker@679] - Interrupted while waiting for message on queue
2015-07-29 19:34:45,469 - WARN  [SendWorker:188978561024:QuorumCnxManager$SendWorker@688] - Send worker leaving thread
2015-07-29 19:34:48,604 - INFO  [/10.10.34.13:3888:QuorumCnxManager$Listener@493] - Received connection request /10.10.34.11:49543
2015-07-29 19:34:48,604 - WARN  [RecvWorker:188978561024:QuorumCnxManager$RecvWorker@762] - Connection broken for id 188978561024, my id = 3, error = 
2015-07-29 19:34:48,605 - WARN  [RecvWorker:188978561024:QuorumCnxManager$RecvWorker@765] - Interrupting SendWorker
2015-07-29 19:34:48,605 - WARN  [SendWorker:188978561024:QuorumCnxManager$SendWorker@679] - Interrupted while waiting for message on queue
2015-07-29 19:34:48,605 - WARN  [SendWorker:188978561024:QuorumCnxManager$SendWorker@688] - Send worker leaving thread
2015-07-29 19:34:48,606 - INFO  [/10.10.34.13:3888:QuorumCnxManager$Listener@493] - Received connection request /10.10.34.11:49548
2015-07-29 19:34:48,607 - WARN  [RecvWorker:188978561024:QuorumCnxManager$RecvWorker@762] - Connection broken for id 188978561024, my id = 3, error = 
2015-07-29 19:34:48,607 - WARN  [RecvWorker:188978561024:QuorumCnxManager$RecvWorker@765] - Interrupting SendWorker
2015-07-29 19:34:48,607 - WARN  [SendWorker:188978561024:QuorumCnxManager$SendWorker@679] - Interrupted while waiting for message on queue
2015-07-29 19:34:48,608 - WARN  [SendWorker:188978561024:QuorumCnxManager$SendWorker@688] - Send worker leaving thread
2015-07-29 19:34:48,613 - INFO  [/10.10.34.13:3888:QuorumCnxManager$Listener@493] - Received connection request /10.10.34.11:49551
2015-07-29 19:34:48,613 - WARN  [RecvWorker:188978561024:QuorumCnxManager$RecvWorker@762] - Connection broken for id 188978561024, my id = 3, error = 
2015-07-29 19:34:48,613 - WARN  [RecvWorker:188978561024:QuorumCnxManager$RecvWorker@765] - Interrupting SendWorker
2015-07-29 19:34:48,614 - WARN  [SendWorker:188978561024:QuorumCnxManager$SendWorker@679] - Interrupted while waiting for message on queue
2015-07-29 19:34:48,614 - WARN  [SendWorker:188978561024:QuorumCnxManager$SendWorker@688] - Send worker leaving thread
2015-07-29 19:34:48,616 - INFO  [/10.10.34.13:3888:QuorumCnxManager$Listener@493] - Received connection request /10.10.34.11:49554
2015-07-29 19:34:48,617 - WARN  [RecvWorker:188978561024:QuorumCnxManager$RecvWorker@762] - Connection broken for id 188978561024, my id = 3, error = 
2015-07-29 19:34:48,617 - WARN  [RecvWorker:188978561024:QuorumCnxManager$RecvWorker@765] - Interrupting SendWorker
2015-07-29 19:34:48,617 - WARN  [SendWorker:188978561024:QuorumCnxManager$SendWorker@679] - Interrupted while waiting for message on queue
2015-07-29 19:34:48,617 - WARN  [SendWorker:188978561024:QuorumCnxManager$SendWorker@688] - Send worker leaving thread
2015-07-29 19:34:48,694 - INFO  [/10.10.34.13:3888:QuorumCnxManager$Listener@493] - Received connection request /10.10.34.12:49702
2015-07-29 19:34:48,695 - INFO  [/10.10.34.13:3888:QuorumCnxManager$Listener@493] - Received connection request /10.10.34.12:49703
2015-07-29 19:34:48,695 - WARN  [RecvWorker:188978561024:QuorumCnxManager$RecvWorker@762] - Connection broken for id 188978561024, my id = 3, error = 
2015-07-29 19:34:48,695 - WARN  [RecvWorker:188978561024:QuorumCnxManager$RecvWorker@765] - Interrupting SendWorker
2015-07-29 19:34:48,695 - WARN  [SendWorker:188978561024:QuorumCnxManager$SendWorker@679] - Interrupted while waiting for message on queue
2015-07-29 19:34:48,696 - WARN  [SendWorker:188978561024:QuorumCnxManager$SendWorker@688] - Send worker leaving thread
2015-07-29 19:34:48,696 - WARN  [RecvWorker:188978561024:QuorumCnxManager$RecvWorker@762] - Connection broken for id 188978561024, my id = 3, error = 
2015-07-29 19:34:48,696 - WARN  [RecvWorker:188978561024:QuorumCnxManager$RecvWorker@765] - Interrupting SendWorker
2015-07-29 19:34:48,696 - WARN  [SendWorker:188978561024:QuorumCnxManager$SendWorker@679] - Interrupted while waiting for message on queue
2015-07-29 19:34:48,696 - WARN  [SendWorker:188978561024:QuorumCnxManager$SendWorker@688] - Send worker leaving thread
2015-07-29 19:34:48,697 - INFO  [/10.10.34.13:3888:QuorumCnxManager$Listener@493] - Received connection request /10.10.34.12:49708
2015-07-29 19:34:48,697 - WARN  [RecvWorker:188978561024:QuorumCnxManager$RecvWorker@762] - Connection broken for id 188978561024, my id = 3, error = 
2015-07-29 19:34:48,697 - WARN  [RecvWorker:188978561024:QuorumCnxManager$RecvWorker@765] - Interrupting SendWorker
2015-07-29 19:34:48,698 - WARN  [SendWorker:188978561024:QuorumCnxManager$SendWorker@679] - Interrupted while waiting for message on queue
2015-07-29 19:34:48,698 - WARN  [SendWorker:188978561024:QuorumCnxManager$SendWorker@688] - Send worker leaving thread
2015-07-29 19:34:48,699 - INFO  [/10.10.34.13:3888:QuorumCnxManager$Listener@493] - Received connection request /10.10.34.12:49713
2015-07-29 19:34:48,699 - WARN  [RecvWorker:188978561024:QuorumCnxManager$RecvWorker@762] - Connection broken for id 188978561024, my id = 3, error = 
2015-07-29 19:34:48,699 - WARN  [RecvWorker:188978561024:QuorumCnxManager$RecvWorker@765] - Interrupting SendWorker
2015-07-29 19:34:48,700 - WARN  [SendWorker:188978561024:QuorumCnxManager$SendWorker@679] - Interrupted while waiting for message on queue
2015-07-29 19:34:48,700 - WARN  [SendWorker:188978561024:QuorumCnxManager$SendWorker@688] - Send worker leaving thread
2015-07-29 19:34:48,801 - INFO  [/10.10.34.13:3888:QuorumCnxManager$Listener@493] - Received connection request /10.10.34.13:46974
2015-07-29 19:34:48,802 - WARN  [RecvWorker:188978561024:QuorumCnxManager$RecvWorker@762] - Connection broken for id 188978561024, my id = 3, error = 
2015-07-29 19:34:48,802 - WARN  [RecvWorker:188978561024:QuorumCnxManager$RecvWorker@765] - Interrupting SendWorker
2015-07-29 19:34:48,802 - WARN  [SendWorker:188978561024:QuorumCnxManager$SendWorker@679] - Interrupted while waiting for message on queue
2015-07-29 19:34:48,802 - WARN  [SendWorker:188978561024:QuorumCnxManager$SendWorker@688] - Send worker leaving thread
2015-07-29 19:34:48,805 - INFO  [/10.10.34.13:3888:QuorumCnxManager$Listener@493] - Received connection request /10.10.34.13:46979
2015-07-29 19:34:48,805 - WARN  [RecvWorker:188978561024:QuorumCnxManager$RecvWorker@762] - Connection broken for id 188978561024, my id = 3, error = 
2015-07-29 19:34:48,806 - WARN  [RecvWorker:188978561024:QuorumCnxManager$RecvWorker@765] - Interrupting SendWorker
2015-07-29 19:34:48,806 - WARN  [SendWorker:188978561024:QuorumCnxManager$SendWorker@679] - Interrupted while waiting for message on queue
2015-07-29 19:34:48,806 - WARN  [SendWorker:188978561024:QuorumCnxManager$SendWorker@688] - Send worker leaving thread
2015-07-29 19:34:48,807 - INFO  [/10.10.34.13:3888:QuorumCnxManager$Listener@493] - Received connection request /10.10.34.13:46982
2015-07-29 19:34:48,808 - INFO  [/10.10.34.13:3888:QuorumCnxManager$Listener@493] - Received connection request /10.10.34.13:46983
2015-07-29 19:34:48,808 - WARN  [RecvWorker:188978561024:QuorumCnxManager$RecvWorker@762] - Connection broken for id 188978561024, my id = 3, error = 
2015-07-29 19:34:48,808 - WARN  [RecvWorker:188978561024:QuorumCnxManager$RecvWorker@765] - Interrupting SendWorker
2015-07-29 19:34:48,808 - WARN  [SendWorker:188978561024:QuorumCnxManager$SendWorker@679] - Interrupted while waiting for message on queue
2015-07-29 19:34:48,808 - WARN  [SendWorker:188978561024:QuorumCnxManager$SendWorker@688] - Send worker leaving thread
2015-07-29 19:34:48,809 - WARN  [RecvWorker:188978561024:QuorumCnxManager$RecvWorker@762] - Connection broken for id 188978561024, my id = 3, error = 
2015-07-29 19:34:48,809 - WARN  [RecvWorker:188978561024:QuorumCnxManager$RecvWorker@765] - Interrupting SendWorker
2015-07-29 19:34:48,809 - WARN  [SendWorker:188978561024:QuorumCnxManager$SendWorker@679] - Interrupted while waiting for message on queue
2015-07-29 19:34:48,809 - WARN  [SendWorker:188978561024:QuorumCnxManager$SendWorker@688] - Send worker leaving thread
2015-07-29 19:34:51,947 - INFO  [/10.10.34.13:3888:QuorumCnxManager$Listener@493] - Received connection request /10.10.34.11:49557
2015-07-29 19:34:51,947 - WARN  [RecvWorker:188978561024:QuorumCnxManager$RecvWorker@762] - Connection broken for id 188978561024, my id = 3, error = 
2015-07-29 19:34:51,947 - WARN  [RecvWorker:188978561024:QuorumCnxManager$RecvWorker@765] - Interrupting SendWorker
2015-07-29 19:34:51,948 - WARN  [SendWorker:188978561024:QuorumCnxManager$SendWorker@679] - Interrupted while waiting for message on queue
2015-07-29 19:34:51,948 - WARN  [SendWorker:188978561024:QuorumCnxManager$SendWorker@688] - Send worker leaving thread
2015-07-29 19:34:51,948 - INFO  [/10.10.34.13:3888:QuorumCnxManager$Listener@493] - Received connection request /10.10.34.11:49558
2015-07-29 19:34:51,949 - WARN  [RecvWorker:188978561024:QuorumCnxManager$RecvWorker@762] - Connection broken for id 188978561024, my id = 3, error = 
2015-07-29 19:34:51,949 - WARN  [RecvWorker:188978561024:QuorumCnxManager$RecvWorker@765] - Interrupting SendWorker
2015-07-29 19:34:51,949 - WARN  [SendWorker:188978561024:QuorumCnxManager$SendWorker@679] - Interrupted while waiting for message on queue
2015-07-29 19:34:51,949 - WARN  [SendWorker:188978561024:QuorumCnxManager$SendWorker@688] - Send worker leaving thread
2015-07-29 19:34:51,953 - INFO  [/10.10.34.13:3888:QuorumCnxManager$Listener@493] - Received connection request /10.10.34.11:49563
2015-07-29 19:34:51,953 - WARN  [RecvWorker:188978561024:QuorumCnxManager$RecvWorker@762] - Connection broken for id 188978561024, my id = 3, error = 
2015-07-29 19:34:51,953 - WARN  [RecvWorker:188978561024:QuorumCnxManager$RecvWorker@765] - Interrupting SendWorker
2015-07-29 19:34:51,954 - WARN  [SendWorker:188978561024:QuorumCnxManager$SendWorker@679] - Interrupted while waiting for message on queue
2015-07-29 19:34:51,954 - WARN  [SendWorker:188978561024:QuorumCnxManager$SendWorker@688] - Send worker leaving thread
2015-07-29 19:34:51,956 - INFO  [/10.10.34.13:3888:QuorumCnxManager$Listener@493] - Received connection request /10.10.34.11:49566
2015-07-29 19:34:51,957 - WARN  [RecvWorker:188978561024:QuorumCnxManager$RecvWorker@762] - Connection broken for id 188978561024, my id = 3, error = 
2015-07-29 19:34:51,957 - WARN  [RecvWorker:188978561024:QuorumCnxManager$RecvWorker@765] - Interrupting SendWorker
2015-07-29 19:34:51,957 - WARN  [SendWorker:188978561024:QuorumCnxManager$SendWorker@679] - Interrupted while waiting for message on queue
2015-07-29 19:34:51,957 - WARN  [SendWorker:188978561024:QuorumCnxManager$SendWorker@688] - Send worker leaving thread
2015-07-29 19:34:52,034 - INFO  [/10.10.34.13:3888:QuorumCnxManager$Listener@493] - Received connection request /10.10.34.12:49714
2015-07-29 19:34:52,035 - WARN  [RecvWorker:188978561024:QuorumCnxManager$RecvWorker@762] - Connection broken for id 188978561024, my id = 3, error = 
2015-07-29 19:34:52,035 - WARN  [RecvWorker:188978561024:QuorumCnxManager$RecvWorker@765] - Interrupting SendWorker
2015-07-29 19:34:52,035 - INFO  [/10.10.34.13:3888:QuorumCnxManager$Listener@493] - Received connection request /10.10.34.12:49715
2015-07-29 19:34:52,035 - WARN  [SendWorker:188978561024:QuorumCnxManager$SendWorker@679] - Interrupted while waiting for message on queue
2015-07-29 19:34:52,035 - WARN  [SendWorker:188978561024:QuorumCnxManager$SendWorker@688] - Send worker leaving thread
2015-07-29 19:34:52,036 - WARN  [RecvWorker:188978561024:QuorumCnxManager$RecvWorker@762] - Connection broken for id 188978561024, my id = 3, error = 
2015-07-29 19:34:52,036 - WARN  [RecvWorker:188978561024:QuorumCnxManager$RecvWorker@765] - Interrupting SendWorker
2015-07-29 19:34:52,036 - WARN  [SendWorker:188978561024:QuorumCnxManager$SendWorker@679] - Interrupted while waiting for message on queue
2015-07-29 19:34:52,036 - WARN  [SendWorker:188978561024:QuorumCnxManager$SendWorker@688] - Send worker leaving thread
2015-07-29 19:34:52,037 - INFO  [/10.10.34.13:3888:QuorumCnxManager$Listener@493] - Received connection request /10.10.34.12:49721
2015-07-29 19:34:52,037 - WARN  [RecvWorker:188978561024:QuorumCnxManager$RecvWorker@762] - Connection broken for id 188978561024, my id = 3, error = 
2015-07-29 19:34:52,038 - WARN  [RecvWorker:188978561024:QuorumCnxManager$RecvWorker@765] - Interrupting SendWorker
2015-07-29 19:34:52,038 - WARN  [SendWorker:188978561024:QuorumCnxManager$SendWorker@679] - Interrupted while waiting for message on queue
2015-07-29 19:34:52,038 - WARN  [SendWorker:188978561024:QuorumCnxManager$SendWorker@688] - Send worker leaving thread
2015-07-29 19:34:52,039 - INFO  [/10.10.34.13:3888:QuorumCnxManager$Listener@493] - Received connection request /10.10.34.12:49725
2015-07-29 19:34:52,039 - WARN  [RecvWorker:188978561024:QuorumCnxManager$RecvWorker@762] - Connection broken for id 188978561024, my id = 3, error = 
2015-07-29 19:34:52,040 - WARN  [RecvWorker:188978561024:QuorumCnxManager$RecvWorker@765] - Interrupting SendWorker
2015-07-29 19:34:52,040 - WARN  [SendWorker:188978561024:QuorumCnxManager$SendWorker@679] - Interrupted while waiting for message on queue
2015-07-29 19:34:52,040 - WARN  [SendWorker:188978561024:QuorumCnxManager$SendWorker@688] - Send worker leaving thread
2015-07-29 19:34:52,141 - INFO  [/10.10.34.13:3888:QuorumCnxManager$Listener@493] - Received connection request /10.10.34.13:46986
2015-07-29 19:34:52,142 - WARN  [RecvWorker:188978561024:QuorumCnxManager$RecvWorker@762] - Connection broken for id 188978561024, my id = 3, error = 
2015-07-29 19:34:52,142 - WARN  [RecvWorker:188978561024:QuorumCnxManager$RecvWorker@765] - Interrupting SendWorker
2015-07-29 19:34:52,142 - WARN  [SendWorker:188978561024:QuorumCnxManager$SendWorker@679] - Interrupted while waiting for message on queue
2015-07-29 19:34:52,143 - WARN  [SendWorker:188978561024:QuorumCnxManager$SendWorker@688] - Send worker leaving thread
2015-07-29 19:34:52,145 - INFO  [/10.10.34.13:3888:QuorumCnxManager$Listener@493] - Received connection request /10.10.34.13:46991
2015-07-29 19:34:52,145 - WARN  [RecvWorker:188978561024:QuorumCnxManager$RecvWorker@762] - Connection broken for id 188978561024, my id = 3, error = 
2015-07-29 19:34:52,146 - WARN  [RecvWorker:188978561024:QuorumCnxManager$RecvWorker@765] - Interrupting SendWorker
2015-07-29 19:34:52,146 - WARN  [SendWorker:188978561024:QuorumCnxManager$SendWorker@679] - Interrupted while waiting for message on queue
2015-07-29 19:34:52,146 - WARN  [SendWorker:188978561024:QuorumCnxManager$SendWorker@688] - Send worker leaving thread
2015-07-29 19:34:52,147 - INFO  [/10.10.34.13:3888:QuorumCnxManager$Listener@493] - Received connection request /10.10.34.13:46994
2015-07-29 19:34:52,148 - WARN  [RecvWorker:188978561024:QuorumCnxManager$RecvWorker@762] - Connection broken for id 188978561024, my id = 3, error = 
2015-07-29 19:34:52,148 - WARN  [RecvWorker:188978561024:QuorumCnxManager$RecvWorker@765] - Interrupting SendWorker
2015-07-29 19:34:52,148 - INFO  [/10.10.34.13:3888:QuorumCnxManager$Listener@493] - Received connection request /10.10.34.13:46995
2015-07-29 19:34:52,148 - WARN  [SendWorker:188978561024:QuorumCnxManager$SendWorker@679] - Interrupted while waiting for message on queue
2015-07-29 19:34:52,148 - WARN  [SendWorker:188978561024:QuorumCnxManager$SendWorker@688] - Send worker leaving thread
2015-07-29 19:34:52,149 - WARN  [RecvWorker:188978561024:QuorumCnxManager$RecvWorker@762] - Connection broken for id 188978561024, my id = 3, error = 
2015-07-29 19:34:52,149 - WARN  [RecvWorker:188978561024:QuorumCnxManager$RecvWorker@765] - Interrupting SendWorker
2015-07-29 19:34:52,149 - WARN  [SendWorker:188978561024:QuorumCnxManager$SendWorker@679] - Interrupted while waiting for message on queue
2015-07-29 19:34:52,149 - WARN  [SendWorker:188978561024:QuorumCnxManager$SendWorker@688] - Send worker leaving thread
2015-07-29 19:34:55,287 - INFO  [/10.10.34.13:3888:QuorumCnxManager$Listener@493] - Received connection request /10.10.34.11:49569
2015-07-29 19:34:55,288 - WARN  [RecvWorker:188978561024:QuorumCnxManager$RecvWorker@762] - Connection broken for id 188978561024, my id = 3, error = 
2015-07-29 19:34:55,288 - WARN  [RecvWorker:188978561024:QuorumCnxManager$RecvWorker@765] - Interrupting SendWorker
2015-07-29 19:34:55,288 - WARN  [SendWorker:188978561024:QuorumCnxManager$SendWorker@679] - Interrupted while waiting for message on queue
2015-07-29 19:34:55,288 - WARN  [SendWorker:188978561024:QuorumCnxManager$SendWorker@688] - Send worker leaving thread
2015-07-29 19:34:55,288 - INFO  [/10.10.34.13:3888:QuorumCnxManager$Listener@493] - Received connection request /10.10.34.11:49570
2015-07-29 19:34:55,289 - WARN  [RecvWorker:188978561024:QuorumCnxManager$RecvWorker@762] - Connection broken for id 188978561024, my id = 3, error = 
2015-07-29 19:34:55,289 - WARN  [RecvWorker:188978561024:QuorumCnxManager$RecvWorker@765] - Interrupting SendWorker
2015-07-29 19:34:55,289 - WARN  [SendWorker:188978561024:QuorumCnxManager$SendWorker@679] - Interrupted while waiting for message on queue
2015-07-29 19:34:55,289 - WARN  [SendWorker:188978561024:QuorumCnxManager$SendWorker@688] - Send worker leaving thread
2015-07-29 19:34:55,293 - INFO  [/10.10.34.13:3888:QuorumCnxManager$Listener@493] - Received connection request /10.10.34.11:49575
2015-07-29 19:34:55,293 - WARN  [RecvWorker:188978561024:QuorumCnxManager$RecvWorker@762] - Connection broken for id 188978561024, my id = 3, error = 
2015-07-29 19:34:55,294 - WARN  [RecvWorker:188978561024:QuorumCnxManager$RecvWorker@765] - Interrupting SendWorker
2015-07-29 19:34:55,294 - WARN  [SendWorker:188978561024:QuorumCnxManager$SendWorker@679] - Interrupted while waiting for message on queue
2015-07-29 19:34:55,294 - WARN  [SendWorker:188978561024:QuorumCnxManager$SendWorker@688] - Send worker leaving thread
2015-07-29 19:34:55,296 - INFO  [/10.10.34.13:3888:QuorumCnxManager$Listener@493] - Received connection request /10.10.34.11:49578
2015-07-29 19:34:55,297 - WARN  [RecvWorker:188978561024:QuorumCnxManager$RecvWorker@762] - Connection broken for id 188978561024, my id = 3, error = 
2015-07-29 19:34:55,297 - WARN  [RecvWorker:188978561024:QuorumCnxManager$RecvWorker@765] - Interrupting SendWorker
2015-07-29 19:34:55,297 - WARN  [SendWorker:188978561024:QuorumCnxManager$SendWorker@679] - Interrupted while waiting for message on queue
2015-07-29 19:34:55,297 - WARN  [SendWorker:188978561024:QuorumCnxManager$SendWorker@688] - Send worker leaving thread
2015-07-29 19:34:55,374 - INFO  [/10.10.34.13:3888:QuorumCnxManager$Listener@493] - Received connection request /10.10.34.12:49726
2015-07-29 19:34:55,375 - INFO  [/10.10.34.13:3888:QuorumCnxManager$Listener@493] - Received connection request /10.10.34.12:49728
2015-07-29 19:34:55,375 - WARN  [RecvWorker:188978561024:QuorumCnxManager$RecvWorker@762] - Connection broken for id 188978561024, my id = 3, error = 
2015-07-29 19:34:55,375 - WARN  [RecvWorker:188978561024:QuorumCnxManager$RecvWorker@765] - Interrupting SendWorker
2015-07-29 19:34:55,375 - WARN  [SendWorker:188978561024:QuorumCnxManager$SendWorker@679] - Interrupted while waiting for message on queue
2015-07-29 19:34:55,376 - WARN  [SendWorker:188978561024:QuorumCnxManager$SendWorker@688] - Send worker leaving thread
2015-07-29 19:34:55,376 - WARN  [RecvWorker:188978561024:QuorumCnxManager$RecvWorker@762] - Connection broken for id 188978561024, my id = 3, error = 
2015-07-29 19:34:55,376 - WARN  [RecvWorker:188978561024:QuorumCnxManager$RecvWorker@765] - Interrupting SendWorker
2015-07-29 19:34:55,376 - WARN  [SendWorker:188978561024:QuorumCnxManager$SendWorker@679] - Interrupted while waiting for message on queue
2015-07-29 19:34:55,376 - WARN  [SendWorker:188978561024:QuorumCnxManager$SendWorker@688] - Send worker leaving thread
2015-07-29 19:34:55,377 - INFO  [/10.10.34.13:3888:QuorumCnxManager$Listener@493] - Received connection request /10.10.34.12:49733
2015-07-29 19:34:55,377 - WARN  [RecvWorker:188978561024:QuorumCnxManager$RecvWorker@762] - Connection broken for id 188978561024, my id = 3, error = 
2015-07-29 19:34:55,377 - WARN  [RecvWorker:188978561024:QuorumCnxManager$RecvWorker@765] - Interrupting SendWorker
2015-07-29 19:34:55,377 - INFO  [/10.10.34.13:3888:QuorumCnxManager$Listener@493] - Received connection request /10.10.34.12:49734
2015-07-29 19:34:55,377 - WARN  [SendWorker:188978561024:QuorumCnxManager$SendWorker@679] - Interrupted while waiting for message on queue
2015-07-29 19:34:55,378 - WARN  [SendWorker:188978561024:QuorumCnxManager$SendWorker@688] - Send worker leaving thread
2015-07-29 19:34:55,378 - WARN  [RecvWorker:188978561024:QuorumCnxManager$RecvWorker@762] - Connection broken for id 188978561024, my id = 3, error = 
2015-07-29 19:34:55,378 - WARN  [RecvWorker:188978561024:QuorumCnxManager$RecvWorker@765] - Interrupting SendWorker
2015-07-29 19:34:55,378 - WARN  [SendWorker:188978561024:QuorumCnxManager$SendWorker@679] - Interrupted while waiting for message on queue
2015-07-29 19:34:55,378 - WARN  [SendWorker:188978561024:QuorumCnxManager$SendWorker@688] - Send worker leaving thread
2015-07-29 19:34:55,481 - INFO  [/10.10.34.13:3888:QuorumCnxManager$Listener@493] - Received connection request /10.10.34.13:46998
2015-07-29 19:34:55,482 - WARN  [RecvWorker:188978561024:QuorumCnxManager$RecvWorker@762] - Connection broken for id 188978561024, my id = 3, error = 
2015-07-29 19:34:55,482 - WARN  [RecvWorker:188978561024:QuorumCnxManager$RecvWorker@765] - Interrupting SendWorker
2015-07-29 19:34:55,482 - WARN  [SendWorker:188978561024:QuorumCnxManager$SendWorker@679] - Interrupted while waiting for message on queue
2015-07-29 19:34:55,482 - WARN  [SendWorker:188978561024:QuorumCnxManager$SendWorker@688] - Send worker leaving thread
2015-07-29 19:34:55,485 - INFO  [/10.10.34.13:3888:QuorumCnxManager$Listener@493] - Received connection request /10.10.34.13:47003
2015-07-29 19:34:55,485 - WARN  [RecvWorker:188978561024:QuorumCnxManager$RecvWorker@762] - Connection broken for id 188978561024, my id = 3, error = 
2015-07-29 19:34:55,485 - WARN  [RecvWorker:188978561024:QuorumCnxManager$RecvWorker@765] - Interrupting SendWorker
2015-07-29 19:34:55,486 - WARN  [SendWorker:188978561024:QuorumCnxManager$SendWorker@679] - Interrupted while waiting for message on queue
2015-07-29 19:34:55,486 - WARN  [SendWorker:188978561024:QuorumCnxManager$SendWorker@688] - Send worker leaving thread
2015-07-29 19:34:55,487 - INFO  [/10.10.34.13:3888:QuorumCnxManager$Listener@493] - Received connection request /10.10.34.13:47006
2015-07-29 19:34:55,488 - WARN  [RecvWorker:188978561024:QuorumCnxManager$RecvWorker@762] - Connection broken for id 188978561024, my id = 3, error = 
2015-07-29 19:34:55,488 - WARN  [RecvWorker:188978561024:QuorumCnxManager$RecvWorker@765] - Interrupting SendWorker
2015-07-29 19:34:55,488 - INFO  [/10.10.34.13:3888:QuorumCnxManager$Listener@493] - Received connection request /10.10.34.13:47007
2015-07-29 19:34:55,488 - WARN  [SendWorker:188978561024:QuorumCnxManager$SendWorker@679] - Interrupted while waiting for message on queue
2015-07-29 19:34:55,488 - WARN  [SendWorker:188978561024:QuorumCnxManager$SendWorker@688] - Send worker leaving thread
2015-07-29 19:34:55,489 - WARN  [RecvWorker:188978561024:QuorumCnxManager$RecvWorker@762] - Connection broken for id 188978561024, my id = 3, error = 
2015-07-29 19:34:55,489 - WARN  [RecvWorker:188978561024:QuorumCnxManager$RecvWorker@765] - Interrupting SendWorker
2015-07-29 19:34:55,489 - WARN  [SendWorker:188978561024:QuorumCnxManager$SendWorker@679] - Interrupted while waiting for message on queue
2015-07-29 19:34:55,489 - WARN  [SendWorker:188978561024:QuorumCnxManager$SendWorker@688] - Send worker leaving thread
2015-07-29 19:34:58,627 - INFO  [/10.10.34.13:3888:QuorumCnxManager$Listener@493] - Received connection request /10.10.34.11:49581
2015-07-29 19:34:58,628 - WARN  [RecvWorker:188978561024:QuorumCnxManager$RecvWorker@762] - Connection broken for id 188978561024, my id = 3, error = 
2015-07-29 19:34:58,628 - WARN  [RecvWorker:188978561024:QuorumCnxManager$RecvWorker@765] - Interrupting SendWorker
2015-07-29 19:34:58,628 - WARN  [SendWorker:188978561024:QuorumCnxManager$SendWorker@679] - Interrupted while waiting for message on queue
2015-07-29 19:34:58,628 - WARN  [SendWorker:188978561024:QuorumCnxManager$SendWorker@688] - Send worker leaving thread
2015-07-29 19:34:58,628 - INFO  [/10.10.34.13:3888:QuorumCnxManager$Listener@493] - Received connection request /10.10.34.11:49582
2015-07-29 19:34:58,629 - WARN  [RecvWorker:188978561024:QuorumCnxManager$RecvWorker@762] - Connection broken for id 188978561024, my id = 3, error = 
2015-07-29 19:34:58,629 - WARN  [RecvWorker:188978561024:QuorumCnxManager$RecvWorker@765] - Interrupting SendWorker
2015-07-29 19:34:58,630 - WARN  [SendWorker:188978561024:QuorumCnxManager$SendWorker@679] - Interrupted while waiting for message on queue
2015-07-29 19:34:58,630 - WARN  [SendWorker:188978561024:QuorumCnxManager$SendWorker@688] - Send worker leaving thread
2015-07-29 19:34:58,633 - INFO  [/10.10.34.13:3888:QuorumCnxManager$Listener@493] - Received connection request /10.10.34.11:49587
2015-07-29 19:34:58,634 - WARN  [RecvWorker:188978561024:QuorumCnxManager$RecvWorker@762] - Connection broken for id 188978561024, my id = 3, error = 
2015-07-29 19:34:58,634 - WARN  [RecvWorker:188978561024:QuorumCnxManager$RecvWorker@765] - Interrupting SendWorker
2015-07-29 19:34:58,634 - WARN  [SendWorker:188978561024:QuorumCnxManager$SendWorker@679] - Interrupted while waiting for message on queue
2015-07-29 19:34:58,635 - WARN  [SendWorker:188978561024:QuorumCnxManager$SendWorker@688] - Send worker leaving thread
2015-07-29 19:34:58,636 - INFO  [/10.10.34.13:3888:QuorumCnxManager$Listener@493] - Received connection request /10.10.34.11:49590
2015-07-29 19:34:58,637 - WARN  [RecvWorker:188978561024:QuorumCnxManager$RecvWorker@762] - Connection broken for id 188978561024, my id = 3, error = 
2015-07-29 19:34:58,637 - WARN  [RecvWorker:188978561024:QuorumCnxManager$RecvWorker@765] - Interrupting SendWorker
2015-07-29 19:34:58,637 - WARN  [SendWorker:188978561024:QuorumCnxManager$SendWorker@679] - Interrupted while waiting for message on queue
2015-07-29 19:34:58,637 - WARN  [SendWorker:188978561024:QuorumCnxManager$SendWorker@688] - Send worker leaving thread
2015-07-29 19:34:58,715 - INFO  [/10.10.34.13:3888:QuorumCnxManager$Listener@493] - Received connection request /10.10.34.12:49740
2015-07-29 19:34:58,716 - WARN  [RecvWorker:188978561024:QuorumCnxManager$RecvWorker@762] - Connection broken for id 188978561024, my id = 3, error = 
2015-07-29 19:34:58,716 - WARN  [RecvWorker:188978561024:QuorumCnxManager$RecvWorker@765] - Interrupting SendWorker
2015-07-29 19:34:58,716 - INFO  [/10.10.34.13:3888:QuorumCnxManager$Listener@493] - Received connection request /10.10.34.12:49742
2015-07-29 19:34:58,716 - WARN  [SendWorker:188978561024:QuorumCnxManager$SendWorker@679] - Interrupted while waiting for message on queue
2015-07-29 19:34:58,716 - WARN  [SendWorker:188978561024:QuorumCnxManager$SendWorker@688] - Send worker leaving thread
2015-07-29 19:34:58,716 - INFO  [/10.10.34.13:3888:QuorumCnxManager$Listener@493] - Received connection request /10.10.34.12:49741
2015-07-29 19:34:58,716 - WARN  [RecvWorker:188978561024:QuorumCnxManager$RecvWorker@762] - Connection broken for id 188978561024, my id = 3, error = 
2015-07-29 19:34:58,717 - WARN  [RecvWorker:188978561024:QuorumCnxManager$RecvWorker@765] - Interrupting SendWorker
2015-07-29 19:34:58,717 - WARN  [SendWorker:188978561024:QuorumCnxManager$SendWorker@679] - Interrupted while waiting for message on queue
2015-07-29 19:34:58,717 - WARN  [SendWorker:188978561024:QuorumCnxManager$SendWorker@688] - Send worker leaving thread
2015-07-29 19:34:58,719 - INFO  [/10.10.34.13:3888:QuorumCnxManager$Listener@493] - Received connection request /10.10.34.12:49746
2015-07-29 19:34:58,719 - WARN  [RecvWorker:188978561024:QuorumCnxManager$RecvWorker@762] - Connection broken for id 188978561024, my id = 3, error = 
2015-07-29 19:34:58,720 - WARN  [RecvWorker:188978561024:QuorumCnxManager$RecvWorker@765] - Interrupting SendWorker
2015-07-29 19:34:58,720 - WARN  [SendWorker:188978561024:QuorumCnxManager$SendWorker@679] - Interrupted while waiting for message on queue
2015-07-29 19:34:58,720 - WARN  [SendWorker:188978561024:QuorumCnxManager$SendWorker@688] - Send worker leaving thread
2015-07-29 19:34:58,720 - WARN  [RecvWorker:188978561024:QuorumCnxManager$RecvWorker@762] - Connection broken for id 188978561024, my id = 3, error = 
2015-07-29 19:34:58,720 - WARN  [RecvWorker:188978561024:QuorumCnxManager$RecvWorker@765] - Interrupting SendWorker
2015-07-29 19:34:58,720 - WARN  [SendWorker:188978561024:QuorumCnxManager$SendWorker@679] - Interrupted while waiting for message on queue
2015-07-29 19:34:58,720 - WARN  [SendWorker:188978561024:QuorumCnxManager$SendWorker@688] - Send worker leaving thread
2015-07-29 19:34:58,821 - INFO  [/10.10.34.13:3888:QuorumCnxManager$Listener@493] - Received connection request /10.10.34.13:47010
2015-07-29 19:34:58,822 - WARN  [RecvWorker:188978561024:QuorumCnxManager$RecvWorker@762] - Connection broken for id 188978561024, my id = 3, error = 
2015-07-29 19:34:58,822 - WARN  [RecvWorker:188978561024:QuorumCnxManager$RecvWorker@765] - Interrupting SendWorker
2015-07-29 19:34:58,822 - WARN  [SendWorker:188978561024:QuorumCnxManager$SendWorker@679] - Interrupted while waiting for message on queue
2015-07-29 19:34:58,822 - WARN  [SendWorker:188978561024:QuorumCnxManager$SendWorker@688] - Send worker leaving thread
2015-07-29 19:34:58,825 - INFO  [/10.10.34.13:3888:QuorumCnxManager$Listener@493] - Received connection request /10.10.34.13:47015
2015-07-29 19:34:58,825 - WARN  [RecvWorker:188978561024:QuorumCnxManager$RecvWorker@762] - Connection broken for id 188978561024, my id = 3, error = 
2015-07-29 19:34:58,826 - WARN  [RecvWorker:188978561024:QuorumCnxManager$RecvWorker@765] - Interrupting SendWorker
2015-07-29 19:34:58,826 - WARN  [SendWorker:188978561024:QuorumCnxManager$SendWorker@679] - Interrupted while waiting for message on queue
2015-07-29 19:34:58,826 - WARN  [SendWorker:188978561024:QuorumCnxManager$SendWorker@688] - Send worker leaving thread
2015-07-29 19:34:58,827 - INFO  [/10.10.34.13:3888:QuorumCnxManager$Listener@493] - Received connection request /10.10.34.13:47018
2015-07-29 19:34:58,828 - WARN  [RecvWorker:188978561024:QuorumCnxManager$RecvWorker@762] - Connection broken for id 188978561024, my id = 3, error = 
2015-07-29 19:34:58,828 - WARN  [RecvWorker:188978561024:QuorumCnxManager$RecvWorker@765] - Interrupting SendWorker
2015-07-29 19:34:58,828 - WARN  [SendWorker:188978561024:QuorumCnxManager$SendWorker@679] - Interrupted while waiting for message on queue
2015-07-29 19:34:58,828 - WARN  [SendWorker:188978561024:QuorumCnxManager$SendWorker@688] - Send worker leaving thread
2015-07-29 19:34:58,828 - INFO  [/10.10.34.13:3888:QuorumCnxManager$Listener@493] - Received connection request /10.10.34.13:47020
2015-07-29 19:34:58,829 - WARN  [RecvWorker:188978561024:QuorumCnxManager$RecvWorker@762] - Connection broken for id 188978561024, my id = 3, error = 
2015-07-29 19:34:58,829 - WARN  [RecvWorker:188978561024:QuorumCnxManager$RecvWorker@765] - Interrupting SendWorker
2015-07-29 19:34:58,829 - WARN  [SendWorker:188978561024:QuorumCnxManager$SendWorker@679] - Interrupted while waiting for message on queue
2015-07-29 19:34:58,829 - WARN  [SendWorker:188978561024:QuorumCnxManager$SendWorker@688] - Send worker leaving thread
2015-07-29 19:35:01,968 - INFO  [/10.10.34.13:3888:QuorumCnxManager$Listener@493] - Received connection request /10.10.34.11:49593
2015-07-29 19:35:01,968 - WARN  [RecvWorker:188978561024:QuorumCnxManager$RecvWorker@762] - Connection broken for id 188978561024, my id = 3, error = 
2015-07-29 19:35:01,969 - WARN  [RecvWorker:188978561024:QuorumCnxManager$RecvWorker@765] - Interrupting SendWorker
2015-07-29 19:35:01,969 - INFO  [/10.10.34.13:3888:QuorumCnxManager$Listener@493] - Received connection request /10.10.34.11:49594
2015-07-29 19:35:01,969 - WARN  [SendWorker:188978561024:QuorumCnxManager$SendWorker@679] - Interrupted while waiting for message on queue
2015-07-29 19:35:01,969 - WARN  [SendWorker:188978561024:QuorumCnxManager$SendWorker@688] - Send worker leaving thread
2015-07-29 19:35:01,969 - WARN  [RecvWorker:188978561024:QuorumCnxManager$RecvWorker@762] - Connection broken for id 188978561024, my id = 3, error = 
2015-07-29 19:35:01,970 - WARN  [RecvWorker:188978561024:QuorumCnxManager$RecvWorker@765] - Interrupting SendWorker
2015-07-29 19:35:01,970 - WARN  [SendWorker:188978561024:QuorumCnxManager$SendWorker@679] - Interrupted while waiting for message on queue
2015-07-29 19:35:01,970 - WARN  [SendWorker:188978561024:QuorumCnxManager$SendWorker@688] - Send worker leaving thread
2015-07-29 19:35:01,974 - INFO  [/10.10.34.13:3888:QuorumCnxManager$Listener@493] - Received connection request /10.10.34.11:49599
2015-07-29 19:35:01,975 - WARN  [RecvWorker:188978561024:QuorumCnxManager$RecvWorker@762] - Connection broken for id 188978561024, my id = 3, error = 
2015-07-29 19:35:01,975 - WARN  [RecvWorker:188978561024:QuorumCnxManager$RecvWorker@765] - Interrupting SendWorker
2015-07-29 19:35:01,975 - WARN  [SendWorker:188978561024:QuorumCnxManager$SendWorker@679] - Interrupted while waiting for message on queue
2015-07-29 19:35:01,975 - WARN  [SendWorker:188978561024:QuorumCnxManager$SendWorker@688] - Send worker leaving thread
2015-07-29 19:35:01,976 - INFO  [/10.10.34.13:3888:QuorumCnxManager$Listener@493] - Received connection request /10.10.34.11:49602
2015-07-29 19:35:01,977 - WARN  [RecvWorker:188978561024:QuorumCnxManager$RecvWorker@762] - Connection broken for id 188978561024, my id = 3, error = 
2015-07-29 19:35:01,977 - WARN  [RecvWorker:188978561024:QuorumCnxManager$RecvWorker@765] - Interrupting SendWorker
2015-07-29 19:35:01,977 - WARN  [SendWorker:188978561024:QuorumCnxManager$SendWorker@679] - Interrupted while waiting for message on queue
2015-07-29 19:35:01,977 - WARN  [SendWorker:188978561024:QuorumCnxManager$SendWorker@688] - Send worker leaving thread
2015-07-29 19:35:02,055 - INFO  [/10.10.34.13:3888:QuorumCnxManager$Listener@493] - Received connection request /10.10.34.12:49751
2015-07-29 19:35:02,056 - WARN  [RecvWorker:188978561024:QuorumCnxManager$RecvWorker@762] - Connection broken for id 188978561024, my id = 3, error = 
2015-07-29 19:35:02,056 - WARN  [RecvWorker:188978561024:QuorumCnxManager$RecvWorker@765] - Interrupting SendWorker
2015-07-29 19:35:02,056 - INFO  [/10.10.34.13:3888:QuorumCnxManager$Listener@493] - Received connection request /10.10.34.12:49752
2015-07-29 19:35:02,056 - WARN  [SendWorker:188978561024:QuorumCnxManager$SendWorker@679] - Interrupted while waiting for message on queue
2015-07-29 19:35:02,056 - WARN  [SendWorker:188978561024:QuorumCnxManager$SendWorker@688] - Send worker leaving thread
2015-07-29 19:35:02,057 - WARN  [RecvWorker:188978561024:QuorumCnxManager$RecvWorker@762] - Connection broken for id 188978561024, my id = 3, error = 
2015-07-29 19:35:02,057 - WARN  [RecvWorker:188978561024:QuorumCnxManager$RecvWorker@765] - Interrupting SendWorker
2015-07-29 19:35:02,057 - WARN  [SendWorker:188978561024:QuorumCnxManager$SendWorker@679] - Interrupted while waiting for message on queue
2015-07-29 19:35:02,057 - WARN  [SendWorker:188978561024:QuorumCnxManager$SendWorker@688] - Send worker leaving thread
2015-07-29 19:35:02,059 - INFO  [/10.10.34.13:3888:QuorumCnxManager$Listener@493] - Received connection request /10.10.34.12:49758
2015-07-29 19:35:02,059 - WARN  [RecvWorker:188978561024:QuorumCnxManager$RecvWorker@762] - Connection broken for id 188978561024, my id = 3, error = 
2015-07-29 19:35:02,059 - WARN  [RecvWorker:188978561024:QuorumCnxManager$RecvWorker@765] - Interrupting SendWorker
2015-07-29 19:35:02,060 - INFO  [/10.10.34.13:3888:QuorumCnxManager$Listener@493] - Received connection request /10.10.34.12:49759
2015-07-29 19:35:02,060 - WARN  [SendWorker:188978561024:QuorumCnxManager$SendWorker@679] - Interrupted while waiting for message on queue
2015-07-29 19:35:02,060 - WARN  [SendWorker:188978561024:QuorumCnxManager$SendWorker@688] - Send worker leaving thread
2015-07-29 19:35:02,060 - WARN  [RecvWorker:188978561024:QuorumCnxManager$RecvWorker@762] - Connection broken for id 188978561024, my id = 3, error = 
2015-07-29 19:35:02,060 - WARN  [RecvWorker:188978561024:QuorumCnxManager$RecvWorker@765] - Interrupting SendWorker
2015-07-29 19:35:02,061 - WARN  [SendWorker:188978561024:QuorumCnxManager$SendWorker@679] - Interrupted while waiting for message on queue
2015-07-29 19:35:02,061 - WARN  [SendWorker:188978561024:QuorumCnxManager$SendWorker@688] - Send worker leaving thread
2015-07-29 19:35:02,161 - INFO  [/10.10.34.13:3888:QuorumCnxManager$Listener@493] - Received connection request /10.10.34.13:47022
2015-07-29 19:35:02,162 - WARN  [RecvWorker:188978561024:QuorumCnxManager$RecvWorker@762] - Connection broken for id 188978561024, my id = 3, error = 
2015-07-29 19:35:02,162 - WARN  [RecvWorker:188978561024:QuorumCnxManager$RecvWorker@765] - Interrupting SendWorker
2015-07-29 19:35:02,162 - WARN  [SendWorker:188978561024:QuorumCnxManager$SendWorker@679] - Interrupted while waiting for message on queue
2015-07-29 19:35:02,163 - WARN  [SendWorker:188978561024:QuorumCnxManager$SendWorker@688] - Send worker leaving thread
2015-07-29 19:35:02,165 - INFO  [/10.10.34.13:3888:QuorumCnxManager$Listener@493] - Received connection request /10.10.34.13:47027
2015-07-29 19:35:02,166 - WARN  [RecvWorker:188978561024:QuorumCnxManager$RecvWorker@762] - Connection broken for id 188978561024, my id = 3, error = 
2015-07-29 19:35:02,166 - WARN  [RecvWorker:188978561024:QuorumCnxManager$RecvWorker@765] - Interrupting SendWorker
2015-07-29 19:35:02,166 - WARN  [SendWorker:188978561024:QuorumCnxManager$SendWorker@679] - Interrupted while waiting for message on queue
2015-07-29 19:35:02,166 - WARN  [SendWorker:188978561024:QuorumCnxManager$SendWorker@688] - Send worker leaving thread
2015-07-29 19:35:02,167 - INFO  [/10.10.34.13:3888:QuorumCnxManager$Listener@493] - Received connection request /10.10.34.13:47029
2015-07-29 19:35:02,167 - WARN  [RecvWorker:188978561024:QuorumCnxManager$RecvWorker@762] - Connection broken for id 188978561024, my id = 3, error = 
2015-07-29 19:35:02,167 - WARN  [RecvWorker:188978561024:QuorumCnxManager$RecvWorker@765] - Interrupting SendWorker
2015-07-29 19:35:02,168 - WARN  [SendWorker:188978561024:QuorumCnxManager$SendWorker@679] - Interrupted while waiting for message on queue
2015-07-29 19:35:02,168 - WARN  [SendWorker:188978561024:QuorumCnxManager$SendWorker@688] - Send worker leaving thread
2015-07-29 19:35:02,168 - INFO  [/10.10.34.13:3888:QuorumCnxManager$Listener@493] - Received connection request /10.10.34.13:47032
2015-07-29 19:35:02,169 - WARN  [RecvWorker:188978561024:QuorumCnxManager$RecvWorker@762] - Connection broken for id 188978561024, my id = 3, error = 
2015-07-29 19:35:02,169 - WARN  [RecvWorker:188978561024:QuorumCnxManager$RecvWorker@765] - Interrupting SendWorker
2015-07-29 19:35:02,169 - WARN  [SendWorker:188978561024:QuorumCnxManager$SendWorker@679] - Interrupted while waiting for message on queue
2015-07-29 19:35:02,170 - WARN  [SendWorker:188978561024:QuorumCnxManager$SendWorker@688] - Send worker leaving thread
2015-07-29 19:35:05,308 - INFO  [/10.10.34.13:3888:QuorumCnxManager$Listener@493] - Received connection request /10.10.34.11:49605
2015-07-29 19:35:05,309 - INFO  [/10.10.34.13:3888:QuorumCnxManager$Listener@493] - Received connection request /10.10.34.11:49606
2015-07-29 19:35:05,309 - WARN  [RecvWorker:188978561024:QuorumCnxManager$RecvWorker@762] - Connection broken for id 188978561024, my id = 3, error = 
2015-07-29 19:35:05,309 - WARN  [RecvWorker:188978561024:QuorumCnxManager$RecvWorker@765] - Interrupting SendWorker
2015-07-29 19:35:05,309 - WARN  [SendWorker:188978561024:QuorumCnxManager$SendWorker@679] - Interrupted while waiting for message on queue
2015-07-29 19:35:05,309 - WARN  [SendWorker:188978561024:QuorumCnxManager$SendWorker@688] - Send worker leaving thread
2015-07-29 19:35:05,309 - WARN  [RecvWorker:188978561024:QuorumCnxManager$RecvWorker@762] - Connection broken for id 188978561024, my id = 3, error = 
2015-07-29 19:35:05,310 - WARN  [RecvWorker:188978561024:QuorumCnxManager$RecvWorker@765] - Interrupting SendWorker
2015-07-29 19:35:05,310 - WARN  [SendWorker:188978561024:QuorumCnxManager$SendWorker@679] - Interrupted while waiting for message on queue
2015-07-29 19:35:05,310 - WARN  [SendWorker:188978561024:QuorumCnxManager$SendWorker@688] - Send worker leaving thread
2015-07-29 19:35:05,314 - INFO  [/10.10.34.13:3888:QuorumCnxManager$Listener@493] - Received connection request /10.10.34.11:49611
2015-07-29 19:35:05,315 - WARN  [RecvWorker:188978561024:QuorumCnxManager$RecvWorker@762] - Connection broken for id 188978561024, my id = 3, error = 
2015-07-29 19:35:05,315 - WARN  [RecvWorker:188978561024:QuorumCnxManager$RecvWorker@765] - Interrupting SendWorker
2015-07-29 19:35:05,315 - WARN  [SendWorker:188978561024:QuorumCnxManager$SendWorker@679] - Interrupted while waiting for message on queue
2015-07-29 19:35:05,315 - WARN  [SendWorker:188978561024:QuorumCnxManager$SendWorker@688] - Send worker leaving thread
2015-07-29 19:35:05,316 - INFO  [/10.10.34.13:3888:QuorumCnxManager$Listener@493] - Received connection request /10.10.34.11:49614
2015-07-29 19:35:05,317 - WARN  [RecvWorker:188978561024:QuorumCnxManager$RecvWorker@762] - Connection broken for id 188978561024, my id = 3, error = 
2015-07-29 19:35:05,317 - WARN  [RecvWorker:188978561024:QuorumCnxManager$RecvWorker@765] - Interrupting SendWorker
2015-07-29 19:35:05,317 - WARN  [SendWorker:188978561024:QuorumCnxManager$SendWorker@679] - Interrupted while waiting for message on queue
2015-07-29 19:35:05,317 - WARN  [SendWorker:188978561024:QuorumCnxManager$SendWorker@688] - Send worker leaving thread
2015-07-29 19:35:05,395 - INFO  [/10.10.34.13:3888:QuorumCnxManager$Listener@493] - Received connection request /10.10.34.12:49762
2015-07-29 19:35:05,396 - WARN  [RecvWorker:188978561024:QuorumCnxManager$RecvWorker@762] - Connection broken for id 188978561024, my id = 3, error = 
2015-07-29 19:35:05,396 - WARN  [RecvWorker:188978561024:QuorumCnxManager$RecvWorker@765] - Interrupting SendWorker
2015-07-29 19:35:05,396 - WARN  [SendWorker:188978561024:QuorumCnxManager$SendWorker@679] - Interrupted while waiting for message on queue
2015-07-29 19:35:05,396 - WARN  [SendWorker:188978561024:QuorumCnxManager$SendWorker@688] - Send worker leaving thread
2015-07-29 19:35:05,396 - INFO  [/10.10.34.13:3888:QuorumCnxManager$Listener@493] - Received connection request /10.10.34.12:49765
2015-07-29 19:35:05,397 - WARN  [RecvWorker:188978561024:QuorumCnxManager$RecvWorker@762] - Connection broken for id 188978561024, my id = 3, error = 
2015-07-29 19:35:05,397 - WARN  [RecvWorker:188978561024:QuorumCnxManager$RecvWorker@765] - Interrupting SendWorker
2015-07-29 19:35:05,397 - WARN  [SendWorker:188978561024:QuorumCnxManager$SendWorker@679] - Interrupted while waiting for message on queue
2015-07-29 19:35:05,398 - WARN  [SendWorker:188978561024:QuorumCnxManager$SendWorker@688] - Send worker leaving thread
2015-07-29 19:35:05,399 - INFO  [/10.10.34.13:3888:QuorumCnxManager$Listener@493] - Received connection request /10.10.34.12:49770
2015-07-29 19:35:05,399 - WARN  [RecvWorker:188978561024:QuorumCnxManager$RecvWorker@762] - Connection broken for id 188978561024, my id = 3, error = 
2015-07-29 19:35:05,399 - WARN  [RecvWorker:188978561024:QuorumCnxManager$RecvWorker@765] - Interrupting SendWorker
2015-07-29 19:35:05,399 - INFO  [/10.10.34.13:3888:QuorumCnxManager$Listener@493] - Received connection request /10.10.34.12:49771
2015-07-29 19:35:05,400 - WARN  [SendWorker:188978561024:QuorumCnxManager$SendWorker@679] - Interrupted while waiting for message on queue
2015-07-29 19:35:05,400 - WARN  [SendWorker:188978561024:QuorumCnxManager$SendWorker@688] - Send worker leaving thread
2015-07-29 19:35:05,400 - WARN  [RecvWorker:188978561024:QuorumCnxManager$RecvWorker@762] - Connection broken for id 188978561024, my id = 3, error = 
2015-07-29 19:35:05,400 - WARN  [RecvWorker:188978561024:QuorumCnxManager$RecvWorker@765] - Interrupting SendWorker
2015-07-29 19:35:05,400 - WARN  [SendWorker:188978561024:QuorumCnxManager$SendWorker@679] - Interrupted while waiting for message on queue
2015-07-29 19:35:05,401 - WARN  [SendWorker:188978561024:QuorumCnxManager$SendWorker@688] - Send worker leaving thread
2015-07-29 19:35:05,501 - INFO  [/10.10.34.13:3888:QuorumCnxManager$Listener@493] - Received connection request /10.10.34.13:47034
2015-07-29 19:35:05,502 - WARN  [RecvWorker:188978561024:QuorumCnxManager$RecvWorker@762] - Connection broken for id 188978561024, my id = 3, error = 
2015-07-29 19:35:05,502 - WARN  [RecvWorker:188978561024:QuorumCnxManager$RecvWorker@765] - Interrupting SendWorker
2015-07-29 19:35:05,502 - WARN  [SendWorker:188978561024:QuorumCnxManager$SendWorker@679] - Interrupted while waiting for message on queue
2015-07-29 19:35:05,503 - WARN  [SendWorker:188978561024:QuorumCnxManager$SendWorker@688] - Send worker leaving thread
2015-07-29 19:35:05,505 - INFO  [/10.10.34.13:3888:QuorumCnxManager$Listener@493] - Received connection request /10.10.34.13:47039
2015-07-29 19:35:05,506 - WARN  [RecvWorker:188978561024:QuorumCnxManager$RecvWorker@762] - Connection broken for id 188978561024, my id = 3, error = 
2015-07-29 19:35:05,506 - WARN  [RecvWorker:188978561024:QuorumCnxManager$RecvWorker@765] - Interrupting SendWorker
2015-07-29 19:35:05,506 - WARN  [SendWorker:188978561024:QuorumCnxManager$SendWorker@679] - Interrupted while waiting for message on queue
2015-07-29 19:35:05,506 - WARN  [SendWorker:188978561024:QuorumCnxManager$SendWorker@688] - Send worker leaving thread
2015-07-29 19:35:05,507 - INFO  [/10.10.34.13:3888:QuorumCnxManager$Listener@493] - Received connection request /10.10.34.13:47041
2015-07-29 19:35:05,508 - WARN  [RecvWorker:188978561024:QuorumCnxManager$RecvWorker@762] - Connection broken for id 188978561024, my id = 3, error = 
2015-07-29 19:35:05,508 - WARN  [RecvWorker:188978561024:QuorumCnxManager$RecvWorker@765] - Interrupting SendWorker
2015-07-29 19:35:05,508 - WARN  [SendWorker:188978561024:QuorumCnxManager$SendWorker@679] - Interrupted while waiting for message on queue
2015-07-29 19:35:05,508 - WARN  [SendWorker:188978561024:QuorumCnxManager$SendWorker@688] - Send worker leaving thread
2015-07-29 19:35:05,509 - INFO  [/10.10.34.13:3888:QuorumCnxManager$Listener@493] - Received connection request /10.10.34.13:47044
2015-07-29 19:35:05,509 - WARN  [RecvWorker:188978561024:QuorumCnxManager$RecvWorker@762] - Connection broken for id 188978561024, my id = 3, error = 
2015-07-29 19:35:05,509 - WARN  [RecvWorker:188978561024:QuorumCnxManager$RecvWorker@765] - Interrupting SendWorker
2015-07-29 19:35:05,510 - WARN  [SendWorker:188978561024:QuorumCnxManager$SendWorker@679] - Interrupted while waiting for message on queue
2015-07-29 19:35:05,510 - WARN  [SendWorker:188978561024:QuorumCnxManager$SendWorker@688] - Send worker leaving thread
2015-07-29 19:35:08,648 - INFO  [/10.10.34.13:3888:QuorumCnxManager$Listener@493] - Received connection request /10.10.34.11:49617
2015-07-29 19:35:08,649 - INFO  [/10.10.34.13:3888:QuorumCnxManager$Listener@493] - Received connection request /10.10.34.11:49618
2015-07-29 19:35:08,649 - WARN  [RecvWorker:188978561024:QuorumCnxManager$RecvWorker@762] - Connection broken for id 188978561024, my id = 3, error = 
2015-07-29 19:35:08,649 - WARN  [RecvWorker:188978561024:QuorumCnxManager$RecvWorker@765] - Interrupting SendWorker
2015-07-29 19:35:08,649 - WARN  [SendWorker:188978561024:QuorumCnxManager$SendWorker@679] - Interrupted while waiting for message on queue
2015-07-29 19:35:08,650 - WARN  [SendWorker:188978561024:QuorumCnxManager$SendWorker@688] - Send worker leaving thread
2015-07-29 19:35:08,650 - WARN  [RecvWorker:188978561024:QuorumCnxManager$RecvWorker@762] - Connection broken for id 188978561024, my id = 3, error = 
2015-07-29 19:35:08,650 - WARN  [RecvWorker:188978561024:QuorumCnxManager$RecvWorker@765] - Interrupting SendWorker
2015-07-29 19:35:08,650 - WARN  [SendWorker:188978561024:QuorumCnxManager$SendWorker@679] - Interrupted while waiting for message on queue
2015-07-29 19:35:08,650 - WARN  [SendWorker:188978561024:QuorumCnxManager$SendWorker@688] - Send worker leaving thread
2015-07-29 19:35:08,654 - INFO  [/10.10.34.13:3888:QuorumCnxManager$Listener@493] - Received connection request /10.10.34.11:49624
2015-07-29 19:35:08,655 - WARN  [RecvWorker:188978561024:QuorumCnxManager$RecvWorker@762] - Connection broken for id 188978561024, my id = 3, error = 
2015-07-29 19:35:08,655 - WARN  [RecvWorker:188978561024:QuorumCnxManager$RecvWorker@765] - Interrupting SendWorker
2015-07-29 19:35:08,655 - WARN  [SendWorker:188978561024:QuorumCnxManager$SendWorker@679] - Interrupted while waiting for message on queue
2015-07-29 19:35:08,655 - WARN  [SendWorker:188978561024:QuorumCnxManager$SendWorker@688] - Send worker leaving thread
2015-07-29 19:35:08,656 - INFO  [/10.10.34.13:3888:QuorumCnxManager$Listener@493] - Received connection request /10.10.34.11:49626
2015-07-29 19:35:08,657 - WARN  [RecvWorker:188978561024:QuorumCnxManager$RecvWorker@762] - Connection broken for id 188978561024, my id = 3, error = 
2015-07-29 19:35:08,657 - WARN  [RecvWorker:188978561024:QuorumCnxManager$RecvWorker@765] - Interrupting SendWorker
2015-07-29 19:35:08,657 - WARN  [SendWorker:188978561024:QuorumCnxManager$SendWorker@679] - Interrupted while waiting for message on queue
2015-07-29 19:35:08,658 - WARN  [SendWorker:188978561024:QuorumCnxManager$SendWorker@688] - Send worker leaving thread
2015-07-29 19:35:08,735 - INFO  [/10.10.34.13:3888:QuorumCnxManager$Listener@493] - Received connection request /10.10.34.12:49774
2015-07-29 19:35:08,736 - WARN  [RecvWorker:188978561024:QuorumCnxManager$RecvWorker@762] - Connection broken for id 188978561024, my id = 3, error = 
2015-07-29 19:35:08,736 - WARN  [RecvWorker:188978561024:QuorumCnxManager$RecvWorker@765] - Interrupting SendWorker
2015-07-29 19:35:08,736 - WARN  [SendWorker:188978561024:QuorumCnxManager$SendWorker@679] - Interrupted while waiting for message on queue
2015-07-29 19:35:08,736 - WARN  [SendWorker:188978561024:QuorumCnxManager$SendWorker@688] - Send worker leaving thread
2015-07-29 19:35:08,736 - INFO  [/10.10.34.13:3888:QuorumCnxManager$Listener@493] - Received connection request /10.10.34.12:49777
2015-07-29 19:35:08,737 - WARN  [RecvWorker:188978561024:QuorumCnxManager$RecvWorker@762] - Connection broken for id 188978561024, my id = 3, error = 
2015-07-29 19:35:08,737 - WARN  [RecvWorker:188978561024:QuorumCnxManager$RecvWorker@765] - Interrupting SendWorker
2015-07-29 19:35:08,737 - WARN  [SendWorker:188978561024:QuorumCnxManager$SendWorker@679] - Interrupted while waiting for message on queue
2015-07-29 19:35:08,738 - WARN  [SendWorker:188978561024:QuorumCnxManager$SendWorker@688] - Send worker leaving thread
2015-07-29 19:35:08,740 - INFO  [/10.10.34.13:3888:QuorumCnxManager$Listener@493] - Received connection request /10.10.34.12:49782
2015-07-29 19:35:08,740 - WARN  [RecvWorker:188978561024:QuorumCnxManager$RecvWorker@762] - Connection broken for id 188978561024, my id = 3, error = 
2015-07-29 19:35:08,740 - WARN  [RecvWorker:188978561024:QuorumCnxManager$RecvWorker@765] - Interrupting SendWorker
2015-07-29 19:35:08,741 - WARN  [SendWorker:188978561024:QuorumCnxManager$SendWorker@679] - Interrupted while waiting for message on queue
2015-07-29 19:35:08,741 - WARN  [SendWorker:188978561024:QuorumCnxManager$SendWorker@688] - Send worker leaving thread
2015-07-29 19:35:08,741 - INFO  [/10.10.34.13:3888:QuorumCnxManager$Listener@493] - Received connection request /10.10.34.12:49783
2015-07-29 19:35:08,742 - WARN  [RecvWorker:188978561024:QuorumCnxManager$RecvWorker@762] - Connection broken for id 188978561024, my id = 3, error = 
2015-07-29 19:35:08,742 - WARN  [RecvWorker:188978561024:QuorumCnxManager$RecvWorker@765] - Interrupting SendWorker
2015-07-29 19:35:08,742 - WARN  [SendWorker:188978561024:QuorumCnxManager$SendWorker@679] - Interrupted while waiting for message on queue
2015-07-29 19:35:08,742 - WARN  [SendWorker:188978561024:QuorumCnxManager$SendWorker@688] - Send worker leaving thread
2015-07-29 19:35:08,842 - INFO  [/10.10.34.13:3888:QuorumCnxManager$Listener@493] - Received connection request /10.10.34.13:47046
2015-07-29 19:35:08,842 - WARN  [RecvWorker:188978561024:QuorumCnxManager$RecvWorker@762] - Connection broken for id 188978561024, my id = 3, error = 
2015-07-29 19:35:08,842 - WARN  [RecvWorker:188978561024:QuorumCnxManager$RecvWorker@765] - Interrupting SendWorker
2015-07-29 19:35:08,843 - WARN  [SendWorker:188978561024:QuorumCnxManager$SendWorker@679] - Interrupted while waiting for message on queue
2015-07-29 19:35:08,843 - WARN  [SendWorker:188978561024:QuorumCnxManager$SendWorker@688] - Send worker leaving thread
2015-07-29 19:35:08,845 - INFO  [/10.10.34.13:3888:QuorumCnxManager$Listener@493] - Received connection request /10.10.34.13:47051
2015-07-29 19:35:08,846 - WARN  [RecvWorker:188978561024:QuorumCnxManager$RecvWorker@762] - Connection broken for id 188978561024, my id = 3, error = 
2015-07-29 19:35:08,846 - WARN  [RecvWorker:188978561024:QuorumCnxManager$RecvWorker@765] - Interrupting SendWorker
2015-07-29 19:35:08,846 - WARN  [SendWorker:188978561024:QuorumCnxManager$SendWorker@679] - Interrupted while waiting for message on queue
2015-07-29 19:35:08,847 - WARN  [SendWorker:188978561024:QuorumCnxManager$SendWorker@688] - Send worker leaving thread
2015-07-29 19:35:08,847 - INFO  [/10.10.34.13:3888:QuorumCnxManager$Listener@493] - Received connection request /10.10.34.13:47053
2015-07-29 19:35:08,848 - WARN  [RecvWorker:188978561024:QuorumCnxManager$RecvWorker@762] - Connection broken for id 188978561024, my id = 3, error = 
2015-07-29 19:35:08,848 - WARN  [RecvWorker:188978561024:QuorumCnxManager$RecvWorker@765] - Interrupting SendWorker
2015-07-29 19:35:08,848 - WARN  [SendWorker:188978561024:QuorumCnxManager$SendWorker@679] - Interrupted while waiting for message on queue
2015-07-29 19:35:08,848 - WARN  [SendWorker:188978561024:QuorumCnxManager$SendWorker@688] - Send worker leaving thread
2015-07-29 19:35:08,849 - INFO  [/10.10.34.13:3888:QuorumCnxManager$Listener@493] - Received connection request /10.10.34.13:47056
2015-07-29 19:35:08,849 - WARN  [RecvWorker:188978561024:QuorumCnxManager$RecvWorker@762] - Connection broken for id 188978561024, my id = 3, error = 
2015-07-29 19:35:08,849 - WARN  [RecvWorker:188978561024:QuorumCnxManager$RecvWorker@765] - Interrupting SendWorker
2015-07-29 19:35:08,850 - WARN  [SendWorker:188978561024:QuorumCnxManager$SendWorker@679] - Interrupted while waiting for message on queue
2015-07-29 19:35:08,850 - WARN  [SendWorker:188978561024:QuorumCnxManager$SendWorker@688] - Send worker leaving thread
2015-07-29 19:35:11,989 - INFO  [/10.10.34.13:3888:QuorumCnxManager$Listener@493] - Received connection request /10.10.34.11:49629
2015-07-29 19:35:11,989 - INFO  [/10.10.34.13:3888:QuorumCnxManager$Listener@493] - Received connection request /10.10.34.11:49630
2015-07-29 19:35:11,989 - WARN  [RecvWorker:188978561024:QuorumCnxManager$RecvWorker@762] - Connection broken for id 188978561024, my id = 3, error = 
2015-07-29 19:35:11,990 - WARN  [RecvWorker:188978561024:QuorumCnxManager$RecvWorker@765] - Interrupting SendWorker
2015-07-29 19:35:11,990 - WARN  [SendWorker:188978561024:QuorumCnxManager$SendWorker@679] - Interrupted while waiting for message on queue
2015-07-29 19:35:11,990 - WARN  [SendWorker:188978561024:QuorumCnxManager$SendWorker@688] - Send worker leaving thread
2015-07-29 19:35:11,990 - WARN  [RecvWorker:188978561024:QuorumCnxManager$RecvWorker@762] - Connection broken for id 188978561024, my id = 3, error = 
2015-07-29 19:35:11,990 - WARN  [RecvWorker:188978561024:QuorumCnxManager$RecvWorker@765] - Interrupting SendWorker
2015-07-29 19:35:11,990 - WARN  [SendWorker:188978561024:QuorumCnxManager$SendWorker@679] - Interrupted while waiting for message on queue
2015-07-29 19:35:11,990 - WARN  [SendWorker:188978561024:QuorumCnxManager$SendWorker@688] - Send worker leaving thread
2015-07-29 19:35:11,994 - INFO  [/10.10.34.13:3888:QuorumCnxManager$Listener@493] - Received connection request /10.10.34.11:49636
2015-07-29 19:35:11,995 - WARN  [RecvWorker:188978561024:QuorumCnxManager$RecvWorker@762] - Connection broken for id 188978561024, my id = 3, error = 
2015-07-29 19:35:11,995 - WARN  [RecvWorker:188978561024:QuorumCnxManager$RecvWorker@765] - Interrupting SendWorker
2015-07-29 19:35:11,995 - WARN  [SendWorker:188978561024:QuorumCnxManager$SendWorker@679] - Interrupted while waiting for message on queue
2015-07-29 19:35:11,995 - WARN  [SendWorker:188978561024:QuorumCnxManager$SendWorker@688] - Send worker leaving thread
2015-07-29 19:35:11,997 - INFO  [/10.10.34.13:3888:QuorumCnxManager$Listener@493] - Received connection request /10.10.34.11:49638
2015-07-29 19:35:11,997 - WARN  [RecvWorker:188978561024:QuorumCnxManager$RecvWorker@762] - Connection broken for id 188978561024, my id = 3, error = 
2015-07-29 19:35:11,997 - WARN  [RecvWorker:188978561024:QuorumCnxManager$RecvWorker@765] - Interrupting SendWorker
2015-07-29 19:35:11,998 - WARN  [SendWorker:188978561024:QuorumCnxManager$SendWorker@679] - Interrupted while waiting for message on queue
2015-07-29 19:35:11,998 - WARN  [SendWorker:188978561024:QuorumCnxManager$SendWorker@688] - Send worker leaving thread
2015-07-29 19:35:12,075 - INFO  [/10.10.34.13:3888:QuorumCnxManager$Listener@493] - Received connection request /10.10.34.12:49786
2015-07-29 19:35:12,076 - WARN  [RecvWorker:188978561024:QuorumCnxManager$RecvWorker@762] - Connection broken for id 188978561024, my id = 3, error = 
2015-07-29 19:35:12,076 - WARN  [RecvWorker:188978561024:QuorumCnxManager$RecvWorker@765] - Interrupting SendWorker
2015-07-29 19:35:12,076 - WARN  [SendWorker:188978561024:QuorumCnxManager$SendWorker@679] - Interrupted while waiting for message on queue
2015-07-29 19:35:12,076 - WARN  [SendWorker:188978561024:QuorumCnxManager$SendWorker@688] - Send worker leaving thread
2015-07-29 19:35:12,077 - INFO  [/10.10.34.13:3888:QuorumCnxManager$Listener@493] - Received connection request /10.10.34.12:49789
2015-07-29 19:35:12,077 - WARN  [RecvWorker:188978561024:QuorumCnxManager$RecvWorker@762] - Connection broken for id 188978561024, my id = 3, error = 
2015-07-29 19:35:12,077 - WARN  [RecvWorker:188978561024:QuorumCnxManager$RecvWorker@765] - Interrupting SendWorker
2015-07-29 19:35:12,078 - WARN  [SendWorker:188978561024:QuorumCnxManager$SendWorker@679] - Interrupted while waiting for message on queue
2015-07-29 19:35:12,078 - WARN  [SendWorker:188978561024:QuorumCnxManager$SendWorker@688] - Send worker leaving thread
2015-07-29 19:35:12,080 - INFO  [/10.10.34.13:3888:QuorumCnxManager$Listener@493] - Received connection request /10.10.34.12:49794
2015-07-29 19:35:12,080 - WARN  [RecvWorker:188978561024:QuorumCnxManager$RecvWorker@762] - Connection broken for id 188978561024, my id = 3, error = 
2015-07-29 19:35:12,081 - WARN  [RecvWorker:188978561024:QuorumCnxManager$RecvWorker@765] - Interrupting SendWorker
2015-07-29 19:35:12,081 - WARN  [SendWorker:188978561024:QuorumCnxManager$SendWorker@679] - Interrupted while waiting for message on queue
2015-07-29 19:35:12,081 - WARN  [SendWorker:188978561024:QuorumCnxManager$SendWorker@688] - Send worker leaving thread
2015-07-29 19:35:12,081 - INFO  [/10.10.34.13:3888:QuorumCnxManager$Listener@493] - Received connection request /10.10.34.12:49795
2015-07-29 19:35:12,082 - WARN  [RecvWorker:188978561024:QuorumCnxManager$RecvWorker@762] - Connection broken for id 188978561024, my id = 3, error = 
2015-07-29 19:35:12,082 - WARN  [RecvWorker:188978561024:QuorumCnxManager$RecvWorker@765] - Interrupting SendWorker
2015-07-29 19:35:12,082 - WARN  [SendWorker:188978561024:QuorumCnxManager$SendWorker@679] - Interrupted while waiting for message on queue
2015-07-29 19:35:12,082 - WARN  [SendWorker:188978561024:QuorumCnxManager$SendWorker@688] - Send worker leaving thread
2015-07-29 19:35:12,182 - INFO  [/10.10.34.13:3888:QuorumCnxManager$Listener@493] - Received connection request /10.10.34.13:47058
2015-07-29 19:35:12,182 - WARN  [RecvWorker:188978561024:QuorumCnxManager$RecvWorker@762] - Connection broken for id 188978561024, my id = 3, error = 
2015-07-29 19:35:12,182 - WARN  [RecvWorker:188978561024:QuorumCnxManager$RecvWorker@765] - Interrupting SendWorker
2015-07-29 19:35:12,183 - WARN  [SendWorker:188978561024:QuorumCnxManager$SendWorker@679] - Interrupted while waiting for message on queue
2015-07-29 19:35:12,183 - WARN  [SendWorker:188978561024:QuorumCnxManager$SendWorker@688] - Send worker leaving thread
2015-07-29 19:35:12,185 - INFO  [/10.10.34.13:3888:QuorumCnxManager$Listener@493] - Received connection request /10.10.34.13:47063
2015-07-29 19:35:12,186 - WARN  [RecvWorker:188978561024:QuorumCnxManager$RecvWorker@762] - Connection broken for id 188978561024, my id = 3, error = 
2015-07-29 19:35:12,186 - WARN  [RecvWorker:188978561024:QuorumCnxManager$RecvWorker@765] - Interrupting SendWorker
2015-07-29 19:35:12,186 - WARN  [SendWorker:188978561024:QuorumCnxManager$SendWorker@679] - Interrupted while waiting for message on queue
2015-07-29 19:35:12,187 - WARN  [SendWorker:188978561024:QuorumCnxManager$SendWorker@688] - Send worker leaving thread
2015-07-29 19:35:12,187 - INFO  [/10.10.34.13:3888:QuorumCnxManager$Listener@493] - Received connection request /10.10.34.13:47065
2015-07-29 19:35:12,188 - WARN  [RecvWorker:188978561024:QuorumCnxManager$RecvWorker@762] - Connection broken for id 188978561024, my id = 3, error = 
2015-07-29 19:35:12,188 - WARN  [RecvWorker:188978561024:QuorumCnxManager$RecvWorker@765] - Interrupting SendWorker
2015-07-29 19:35:12,188 - WARN  [SendWorker:188978561024:QuorumCnxManager$SendWorker@679] - Interrupted while waiting for message on queue
2015-07-29 19:35:12,188 - WARN  [SendWorker:188978561024:QuorumCnxManager$SendWorker@688] - Send worker leaving thread
2015-07-29 19:35:12,189 - INFO  [/10.10.34.13:3888:QuorumCnxManager$Listener@493] - Received connection request /10.10.34.13:47068
2015-07-29 19:35:12,189 - WARN  [RecvWorker:188978561024:QuorumCnxManager$RecvWorker@762] - Connection broken for id 188978561024, my id = 3, error = 
2015-07-29 19:35:12,189 - WARN  [RecvWorker:188978561024:QuorumCnxManager$RecvWorker@765] - Interrupting SendWorker
2015-07-29 19:35:12,190 - WARN  [SendWorker:188978561024:QuorumCnxManager$SendWorker@679] - Interrupted while waiting for message on queue
2015-07-29 19:35:12,190 - WARN  [SendWorker:188978561024:QuorumCnxManager$SendWorker@688] - Send worker leaving thread
2015-07-29 19:35:15,329 - INFO  [/10.10.34.13:3888:QuorumCnxManager$Listener@493] - Received connection request /10.10.34.11:49641
2015-07-29 19:35:15,330 - INFO  [/10.10.34.13:3888:QuorumCnxManager$Listener@493] - Received connection request /10.10.34.11:49642
2015-07-29 19:35:15,330 - WARN  [RecvWorker:188978561024:QuorumCnxManager$RecvWorker@762] - Connection broken for id 188978561024, my id = 3, error = 
2015-07-29 19:35:15,330 - WARN  [RecvWorker:188978561024:QuorumCnxManager$RecvWorker@765] - Interrupting SendWorker
2015-07-29 19:35:15,330 - WARN  [SendWorker:188978561024:QuorumCnxManager$SendWorker@679] - Interrupted while waiting for message on queue
2015-07-29 19:35:15,330 - WARN  [SendWorker:188978561024:QuorumCnxManager$SendWorker@688] - Send worker leaving thread
2015-07-29 19:35:15,330 - WARN  [RecvWorker:188978561024:QuorumCnxManager$RecvWorker@762] - Connection broken for id 188978561024, my id = 3, error = 
2015-07-29 19:35:15,331 - WARN  [RecvWorker:188978561024:QuorumCnxManager$RecvWorker@765] - Interrupting SendWorker
2015-07-29 19:35:15,331 - WARN  [SendWorker:188978561024:QuorumCnxManager$SendWorker@679] - Interrupted while waiting for message on queue
2015-07-29 19:35:15,331 - WARN  [SendWorker:188978561024:QuorumCnxManager$SendWorker@688] - Send worker leaving thread
2015-07-29 19:35:15,334 - INFO  [/10.10.34.13:3888:QuorumCnxManager$Listener@493] - Received connection request /10.10.34.11:49648
2015-07-29 19:35:15,335 - WARN  [RecvWorker:188978561024:QuorumCnxManager$RecvWorker@762] - Connection broken for id 188978561024, my id = 3, error = 
2015-07-29 19:35:15,335 - WARN  [RecvWorker:188978561024:QuorumCnxManager$RecvWorker@765] - Interrupting SendWorker
2015-07-29 19:35:15,335 - WARN  [SendWorker:188978561024:QuorumCnxManager$SendWorker@679] - Interrupted while waiting for message on queue
2015-07-29 19:35:15,336 - WARN  [SendWorker:188978561024:QuorumCnxManager$SendWorker@688] - Send worker leaving thread
2015-07-29 19:35:15,337 - INFO  [/10.10.34.13:3888:QuorumCnxManager$Listener@493] - Received connection request /10.10.34.11:49650
2015-07-29 19:35:15,337 - WARN  [RecvWorker:188978561024:QuorumCnxManager$RecvWorker@762] - Connection broken for id 188978561024, my id = 3, error = 
2015-07-29 19:35:15,337 - WARN  [RecvWorker:188978561024:QuorumCnxManager$RecvWorker@765] - Interrupting SendWorker
2015-07-29 19:35:15,338 - WARN  [SendWorker:188978561024:QuorumCnxManager$SendWorker@679] - Interrupted while waiting for message on queue
2015-07-29 19:35:15,338 - WARN  [SendWorker:188978561024:QuorumCnxManager$SendWorker@688] - Send worker leaving thread
2015-07-29 19:35:15,415 - INFO  [/10.10.34.13:3888:QuorumCnxManager$Listener@493] - Received connection request /10.10.34.12:49798
2015-07-29 19:35:15,416 - WARN  [RecvWorker:188978561024:QuorumCnxManager$RecvWorker@762] - Connection broken for id 188978561024, my id = 3, error = 
2015-07-29 19:35:15,416 - WARN  [RecvWorker:188978561024:QuorumCnxManager$RecvWorker@765] - Interrupting SendWorker
2015-07-29 19:35:15,416 - WARN  [SendWorker:188978561024:QuorumCnxManager$SendWorker@679] - Interrupted while waiting for message on queue
2015-07-29 19:35:15,416 - WARN  [SendWorker:188978561024:QuorumCnxManager$SendWorker@688] - Send worker leaving thread
2015-07-29 19:35:15,417 - INFO  [/10.10.34.13:3888:QuorumCnxManager$Listener@493] - Received connection request /10.10.34.12:49801
2015-07-29 19:35:15,417 - WARN  [RecvWorker:188978561024:QuorumCnxManager$RecvWorker@762] - Connection broken for id 188978561024, my id = 3, error = 
2015-07-29 19:35:15,417 - WARN  [RecvWorker:188978561024:QuorumCnxManager$RecvWorker@765] - Interrupting SendWorker
2015-07-29 19:35:15,418 - WARN  [SendWorker:188978561024:QuorumCnxManager$SendWorker@679] - Interrupted while waiting for message on queue
2015-07-29 19:35:15,418 - WARN  [SendWorker:188978561024:QuorumCnxManager$SendWorker@688] - Send worker leaving thread
2015-07-29 19:35:15,420 - INFO  [/10.10.34.13:3888:QuorumCnxManager$Listener@493] - Received connection request /10.10.34.12:49806
2015-07-29 19:35:15,420 - WARN  [RecvWorker:188978561024:QuorumCnxManager$RecvWorker@762] - Connection broken for id 188978561024, my id = 3, error = 
2015-07-29 19:35:15,420 - WARN  [RecvWorker:188978561024:QuorumCnxManager$RecvWorker@765] - Interrupting SendWorker
2015-07-29 19:35:15,421 - WARN  [SendWorker:188978561024:QuorumCnxManager$SendWorker@679] - Interrupted while waiting for message on queue
2015-07-29 19:35:15,421 - WARN  [SendWorker:188978561024:QuorumCnxManager$SendWorker@688] - Send worker leaving thread
2015-07-29 19:35:15,421 - INFO  [/10.10.34.13:3888:QuorumCnxManager$Listener@493] - Received connection request /10.10.34.12:49807
2015-07-29 19:35:15,421 - WARN  [RecvWorker:188978561024:QuorumCnxManager$RecvWorker@762] - Connection broken for id 188978561024, my id = 3, error = 
2015-07-29 19:35:15,422 - WARN  [RecvWorker:188978561024:QuorumCnxManager$RecvWorker@765] - Interrupting SendWorker
2015-07-29 19:35:15,422 - WARN  [SendWorker:188978561024:QuorumCnxManager$SendWorker@679] - Interrupted while waiting for message on queue
2015-07-29 19:35:15,422 - WARN  [SendWorker:188978561024:QuorumCnxManager$SendWorker@688] - Send worker leaving thread
2015-07-29 19:35:15,522 - INFO  [/10.10.34.13:3888:QuorumCnxManager$Listener@493] - Received connection request /10.10.34.13:47070
2015-07-29 19:35:15,522 - WARN  [RecvWorker:188978561024:QuorumCnxManager$RecvWorker@762] - Connection broken for id 188978561024, my id = 3, error = 
2015-07-29 19:35:15,523 - WARN  [RecvWorker:188978561024:QuorumCnxManager$RecvWorker@765] - Interrupting SendWorker
2015-07-29 19:35:15,523 - WARN  [SendWorker:188978561024:QuorumCnxManager$SendWorker@679] - Interrupted while waiting for message on queue
2015-07-29 19:35:15,523 - WARN  [SendWorker:188978561024:QuorumCnxManager$SendWorker@688] - Send worker leaving thread
2015-07-29 19:35:15,526 - INFO  [/10.10.34.13:3888:QuorumCnxManager$Listener@493] - Received connection request /10.10.34.13:47075
2015-07-29 19:35:15,526 - WARN  [RecvWorker:188978561024:QuorumCnxManager$RecvWorker@762] - Connection broken for id 188978561024, my id = 3, error = 
2015-07-29 19:35:15,526 - WARN  [RecvWorker:188978561024:QuorumCnxManager$RecvWorker@765] - Interrupting SendWorker
2015-07-29 19:35:15,527 - WARN  [SendWorker:188978561024:QuorumCnxManager$SendWorker@679] - Interrupted while waiting for message on queue
2015-07-29 19:35:15,527 - WARN  [SendWorker:188978561024:QuorumCnxManager$SendWorker@688] - Send worker leaving thread
2015-07-29 19:35:15,527 - INFO  [/10.10.34.13:3888:QuorumCnxManager$Listener@493] - Received connection request /10.10.34.13:47077
2015-07-29 19:35:15,528 - WARN  [RecvWorker:188978561024:QuorumCnxManager$RecvWorker@762] - Connection broken for id 188978561024, my id = 3, error = 
2015-07-29 19:35:15,528 - WARN  [RecvWorker:188978561024:QuorumCnxManager$RecvWorker@765] - Interrupting SendWorker
2015-07-29 19:35:15,528 - WARN  [SendWorker:188978561024:QuorumCnxManager$SendWorker@679] - Interrupted while waiting for message on queue
2015-07-29 19:35:15,528 - WARN  [SendWorker:188978561024:QuorumCnxManager$SendWorker@688] - Send worker leaving thread
2015-07-29 19:35:15,529 - INFO  [/10.10.34.13:3888:QuorumCnxManager$Listener@493] - Received connection request /10.10.34.13:47080
2015-07-29 19:35:15,529 - WARN  [RecvWorker:188978561024:QuorumCnxManager$RecvWorker@762] - Connection broken for id 188978561024, my id = 3, error = 
2015-07-29 19:35:15,529 - WARN  [RecvWorker:188978561024:QuorumCnxManager$RecvWorker@765] - Interrupting SendWorker
2015-07-29 19:35:15,529 - WARN  [SendWorker:188978561024:QuorumCnxManager$SendWorker@679] - Interrupted while waiting for message on queue
2015-07-29 19:35:15,530 - WARN  [SendWorker:188978561024:QuorumCnxManager$SendWorker@688] - Send worker leaving thread
2015-07-29 19:35:18,669 - INFO  [/10.10.34.13:3888:QuorumCnxManager$Listener@493] - Received connection request /10.10.34.11:49653
2015-07-29 19:35:18,670 - INFO  [/10.10.34.13:3888:QuorumCnxManager$Listener@493] - Received connection request /10.10.34.11:49654
2015-07-29 19:35:18,670 - WARN  [RecvWorker:188978561024:QuorumCnxManager$RecvWorker@762] - Connection broken for id 188978561024, my id = 3, error = 
2015-07-29 19:35:18,670 - WARN  [RecvWorker:188978561024:QuorumCnxManager$RecvWorker@765] - Interrupting SendWorker
2015-07-29 19:35:18,670 - WARN  [SendWorker:188978561024:QuorumCnxManager$SendWorker@679] - Interrupted while waiting for message on queue
2015-07-29 19:35:18,670 - WARN  [SendWorker:188978561024:QuorumCnxManager$SendWorker@688] - Send worker leaving thread
2015-07-29 19:35:18,670 - WARN  [RecvWorker:188978561024:QuorumCnxManager$RecvWorker@762] - Connection broken for id 188978561024, my id = 3, error = 
2015-07-29 19:35:18,671 - WARN  [RecvWorker:188978561024:QuorumCnxManager$RecvWorker@765] - Interrupting SendWorker
2015-07-29 19:35:18,671 - WARN  [SendWorker:188978561024:QuorumCnxManager$SendWorker@679] - Interrupted while waiting for message on queue
2015-07-29 19:35:18,671 - WARN  [SendWorker:188978561024:QuorumCnxManager$SendWorker@688] - Send worker leaving thread
2015-07-29 19:35:18,674 - INFO  [/10.10.34.13:3888:QuorumCnxManager$Listener@493] - Received connection request /10.10.34.11:49660
2015-07-29 19:35:18,675 - WARN  [RecvWorker:188978561024:QuorumCnxManager$RecvWorker@762] - Connection broken for id 188978561024, my id = 3, error = 
2015-07-29 19:35:18,675 - WARN  [RecvWorker:188978561024:QuorumCnxManager$RecvWorker@765] - Interrupting SendWorker
2015-07-29 19:35:18,675 - WARN  [SendWorker:188978561024:QuorumCnxManager$SendWorker@679] - Interrupted while waiting for message on queue
2015-07-29 19:35:18,676 - WARN  [SendWorker:188978561024:QuorumCnxManager$SendWorker@688] - Send worker leaving thread
2015-07-29 19:35:18,677 - INFO  [/10.10.34.13:3888:QuorumCnxManager$Listener@493] - Received connection request /10.10.34.11:49662
2015-07-29 19:35:18,677 - WARN  [RecvWorker:188978561024:QuorumCnxManager$RecvWorker@762] - Connection broken for id 188978561024, my id = 3, error = 
2015-07-29 19:35:18,678 - WARN  [RecvWorker:188978561024:QuorumCnxManager$RecvWorker@765] - Interrupting SendWorker
2015-07-29 19:35:18,678 - WARN  [SendWorker:188978561024:QuorumCnxManager$SendWorker@679] - Interrupted while waiting for message on queue
2015-07-29 19:35:18,678 - WARN  [SendWorker:188978561024:QuorumCnxManager$SendWorker@688] - Send worker leaving thread
2015-07-29 19:35:18,755 - INFO  [/10.10.34.13:3888:QuorumCnxManager$Listener@493] - Received connection request /10.10.34.12:49810
2015-07-29 19:35:18,756 - WARN  [RecvWorker:188978561024:QuorumCnxManager$RecvWorker@762] - Connection broken for id 188978561024, my id = 3, error = 
2015-07-29 19:35:18,756 - WARN  [RecvWorker:188978561024:QuorumCnxManager$RecvWorker@765] - Interrupting SendWorker
2015-07-29 19:35:18,756 - WARN  [SendWorker:188978561024:QuorumCnxManager$SendWorker@679] - Interrupted while waiting for message on queue
2015-07-29 19:35:18,757 - WARN  [SendWorker:188978561024:QuorumCnxManager$SendWorker@688] - Send worker leaving thread
2015-07-29 19:35:18,757 - INFO  [/10.10.34.13:3888:QuorumCnxManager$Listener@493] - Received connection request /10.10.34.12:49813
2015-07-29 19:35:18,757 - WARN  [RecvWorker:188978561024:QuorumCnxManager$RecvWorker@762] - Connection broken for id 188978561024, my id = 3, error = 
2015-07-29 19:35:18,758 - WARN  [RecvWorker:188978561024:QuorumCnxManager$RecvWorker@765] - Interrupting SendWorker
2015-07-29 19:35:18,758 - WARN  [SendWorker:188978561024:QuorumCnxManager$SendWorker@679] - Interrupted while waiting for message on queue
2015-07-29 19:35:18,758 - WARN  [SendWorker:188978561024:QuorumCnxManager$SendWorker@688] - Send worker leaving thread
2015-07-29 19:35:18,760 - INFO  [/10.10.34.13:3888:QuorumCnxManager$Listener@493] - Received connection request /10.10.34.12:49818
2015-07-29 19:35:18,761 - WARN  [RecvWorker:188978561024:QuorumCnxManager$RecvWorker@762] - Connection broken for id 188978561024, my id = 3, error = 
2015-07-29 19:35:18,761 - WARN  [RecvWorker:188978561024:QuorumCnxManager$RecvWorker@765] - Interrupting SendWorker
2015-07-29 19:35:18,761 - INFO  [/10.10.34.13:3888:QuorumCnxManager$Listener@493] - Received connection request /10.10.34.12:49819
2015-07-29 19:35:18,761 - WARN  [SendWorker:188978561024:QuorumCnxManager$SendWorker@679] - Interrupted while waiting for message on queue
2015-07-29 19:35:18,761 - WARN  [SendWorker:188978561024:QuorumCnxManager$SendWorker@688] - Send worker leaving thread
2015-07-29 19:35:18,761 - WARN  [RecvWorker:188978561024:QuorumCnxManager$RecvWorker@762] - Connection broken for id 188978561024, my id = 3, error = 
2015-07-29 19:35:18,762 - WARN  [RecvWorker:188978561024:QuorumCnxManager$RecvWorker@765] - Interrupting SendWorker
2015-07-29 19:35:18,762 - WARN  [SendWorker:188978561024:QuorumCnxManager$SendWorker@679] - Interrupted while waiting for message on queue
2015-07-29 19:35:18,762 - WARN  [SendWorker:188978561024:QuorumCnxManager$SendWorker@688] - Send worker leaving thread
2015-07-29 19:35:18,862 - INFO  [/10.10.34.13:3888:QuorumCnxManager$Listener@493] - Received connection request /10.10.34.13:47082
2015-07-29 19:35:18,863 - WARN  [RecvWorker:188978561024:QuorumCnxManager$RecvWorker@762] - Connection broken for id 188978561024, my id = 3, error = 
2015-07-29 19:35:18,863 - WARN  [RecvWorker:188978561024:QuorumCnxManager$RecvWorker@765] - Interrupting SendWorker
2015-07-29 19:35:18,863 - WARN  [SendWorker:188978561024:QuorumCnxManager$SendWorker@679] - Interrupted while waiting for message on queue
2015-07-29 19:35:18,863 - WARN  [SendWorker:188978561024:QuorumCnxManager$SendWorker@688] - Send worker leaving thread
2015-07-29 19:35:18,866 - INFO  [/10.10.34.13:3888:QuorumCnxManager$Listener@493] - Received connection request /10.10.34.13:47087
2015-07-29 19:35:18,869 - WARN  [RecvWorker:188978561024:QuorumCnxManager$RecvWorker@762] - Connection broken for id 188978561024, my id = 3, error = 
2015-07-29 19:35:18,869 - INFO  [/10.10.34.13:3888:QuorumCnxManager$Listener@493] - Received connection request /10.10.34.13:47089
2015-07-29 19:35:18,869 - WARN  [RecvWorker:188978561024:QuorumCnxManager$RecvWorker@765] - Interrupting SendWorker
2015-07-29 19:35:18,869 - WARN  [SendWorker:188978561024:QuorumCnxManager$SendWorker@679] - Interrupted while waiting for message on queue
2015-07-29 19:35:18,869 - INFO  [/10.10.34.13:3888:QuorumCnxManager$Listener@493] - Received connection request /10.10.34.13:47091
2015-07-29 19:35:18,869 - WARN  [RecvWorker:188978561024:QuorumCnxManager$RecvWorker@762] - Connection broken for id 188978561024, my id = 3, error = 
2015-07-29 19:35:18,870 - WARN  [RecvWorker:188978561024:QuorumCnxManager$RecvWorker@765] - Interrupting SendWorker
2015-07-29 19:35:18,869 - WARN  [SendWorker:188978561024:QuorumCnxManager$SendWorker@688] - Send worker leaving thread
2015-07-29 19:35:18,870 - WARN  [SendWorker:188978561024:QuorumCnxManager$SendWorker@679] - Interrupted while waiting for message on queue
2015-07-29 19:35:18,870 - WARN  [SendWorker:188978561024:QuorumCnxManager$SendWorker@688] - Send worker leaving thread
2015-07-29 19:35:18,870 - WARN  [RecvWorker:188978561024:QuorumCnxManager$RecvWorker@762] - Connection broken for id 188978561024, my id = 3, error = 
2015-07-29 19:35:18,870 - WARN  [RecvWorker:188978561024:QuorumCnxManager$RecvWorker@765] - Interrupting SendWorker
2015-07-29 19:35:18,870 - WARN  [SendWorker:188978561024:QuorumCnxManager$SendWorker@679] - Interrupted while waiting for message on queue
2015-07-29 19:35:18,871 - WARN  [SendWorker:188978561024:QuorumCnxManager$SendWorker@688] - Send worker leaving thread
2015-07-29 19:35:22,009 - INFO  [/10.10.34.13:3888:QuorumCnxManager$Listener@493] - Received connection request /10.10.34.11:49665
2015-07-29 19:35:22,010 - INFO  [/10.10.34.13:3888:QuorumCnxManager$Listener@493] - Received connection request /10.10.34.11:49666
2015-07-29 19:35:22,010 - WARN  [RecvWorker:188978561024:QuorumCnxManager$RecvWorker@762] - Connection broken for id 188978561024, my id = 3, error = 
2015-07-29 19:35:22,010 - WARN  [RecvWorker:188978561024:QuorumCnxManager$RecvWorker@765] - Interrupting SendWorker
2015-07-29 19:35:22,010 - WARN  [SendWorker:188978561024:QuorumCnxManager$SendWorker@679] - Interrupted while waiting for message on queue
2015-07-29 19:35:22,011 - WARN  [SendWorker:188978561024:QuorumCnxManager$SendWorker@688] - Send worker leaving thread
2015-07-29 19:35:22,011 - WARN  [RecvWorker:188978561024:QuorumCnxManager$RecvWorker@762] - Connection broken for id 188978561024, my id = 3, error = 
2015-07-29 19:35:22,011 - WARN  [RecvWorker:188978561024:QuorumCnxManager$RecvWorker@765] - Interrupting SendWorker
2015-07-29 19:35:22,011 - WARN  [SendWorker:188978561024:QuorumCnxManager$SendWorker@679] - Interrupted while waiting for message on queue
2015-07-29 19:35:22,011 - WARN  [SendWorker:188978561024:QuorumCnxManager$SendWorker@688] - Send worker leaving thread
2015-07-29 19:35:22,015 - INFO  [/10.10.34.13:3888:QuorumCnxManager$Listener@493] - Received connection request /10.10.34.11:49672
2015-07-29 19:35:22,015 - WARN  [RecvWorker:188978561024:QuorumCnxManager$RecvWorker@762] - Connection broken for id 188978561024, my id = 3, error = 
2015-07-29 19:35:22,016 - WARN  [RecvWorker:188978561024:QuorumCnxManager$RecvWorker@765] - Interrupting SendWorker
2015-07-29 19:35:22,016 - WARN  [SendWorker:188978561024:QuorumCnxManager$SendWorker@679] - Interrupted while waiting for message on queue
2015-07-29 19:35:22,016 - WARN  [SendWorker:188978561024:QuorumCnxManager$SendWorker@688] - Send worker leaving thread
2015-07-29 19:35:22,017 - INFO  [/10.10.34.13:3888:QuorumCnxManager$Listener@493] - Received connection request /10.10.34.11:49674
2015-07-29 19:35:22,017 - WARN  [RecvWorker:188978561024:QuorumCnxManager$RecvWorker@762] - Connection broken for id 188978561024, my id = 3, error = 
2015-07-29 19:35:22,017 - WARN  [RecvWorker:188978561024:QuorumCnxManager$RecvWorker@765] - Interrupting SendWorker
2015-07-29 19:35:22,018 - WARN  [SendWorker:188978561024:QuorumCnxManager$SendWorker@679] - Interrupted while waiting for message on queue
2015-07-29 19:35:22,018 - WARN  [SendWorker:188978561024:QuorumCnxManager$SendWorker@688] - Send worker leaving thread
2015-07-29 19:35:22,095 - INFO  [/10.10.34.13:3888:QuorumCnxManager$Listener@493] - Received connection request /10.10.34.12:49822
2015-07-29 19:35:22,096 - WARN  [RecvWorker:188978561024:QuorumCnxManager$RecvWorker@762] - Connection broken for id 188978561024, my id = 3, error = 
2015-07-29 19:35:22,096 - WARN  [RecvWorker:188978561024:QuorumCnxManager$RecvWorker@765] - Interrupting SendWorker
2015-07-29 19:35:22,096 - WARN  [SendWorker:188978561024:QuorumCnxManager$SendWorker@679] - Interrupted while waiting for message on queue
2015-07-29 19:35:22,097 - WARN  [SendWorker:188978561024:QuorumCnxManager$SendWorker@688] - Send worker leaving thread
2015-07-29 19:35:22,097 - INFO  [/10.10.34.13:3888:QuorumCnxManager$Listener@493] - Received connection request /10.10.34.12:49825
2015-07-29 19:35:22,097 - WARN  [RecvWorker:188978561024:QuorumCnxManager$RecvWorker@762] - Connection broken for id 188978561024, my id = 3, error = 
2015-07-29 19:35:22,098 - WARN  [RecvWorker:188978561024:QuorumCnxManager$RecvWorker@765] - Interrupting SendWorker
2015-07-29 19:35:22,098 - WARN  [SendWorker:188978561024:QuorumCnxManager$SendWorker@679] - Interrupted while waiting for message on queue
2015-07-29 19:35:22,098 - WARN  [SendWorker:188978561024:QuorumCnxManager$SendWorker@688] - Send worker leaving thread
2015-07-29 19:35:22,100 - INFO  [/10.10.34.13:3888:QuorumCnxManager$Listener@493] - Received connection request /10.10.34.12:49830
2015-07-29 19:35:22,100 - INFO  [/10.10.34.13:3888:QuorumCnxManager$Listener@493] - Received connection request /10.10.34.12:49831
2015-07-29 19:35:22,100 - WARN  [RecvWorker:188978561024:QuorumCnxManager$RecvWorker@762] - Connection broken for id 188978561024, my id = 3, error = 
2015-07-29 19:35:22,100 - WARN  [RecvWorker:188978561024:QuorumCnxManager$RecvWorker@765] - Interrupting SendWorker
2015-07-29 19:35:22,100 - WARN  [SendWorker:188978561024:QuorumCnxManager$SendWorker@679] - Interrupted while waiting for message on queue
2015-07-29 19:35:22,101 - WARN  [SendWorker:188978561024:QuorumCnxManager$SendWorker@688] - Send worker leaving thread
2015-07-29 19:35:22,101 - WARN  [RecvWorker:188978561024:QuorumCnxManager$RecvWorker@762] - Connection broken for id 188978561024, my id = 3, error = 
2015-07-29 19:35:22,101 - WARN  [RecvWorker:188978561024:QuorumCnxManager$RecvWorker@765] - Interrupting SendWorker
2015-07-29 19:35:22,101 - WARN  [SendWorker:188978561024:QuorumCnxManager$SendWorker@679] - Interrupted while waiting for message on queue
2015-07-29 19:35:22,101 - WARN  [SendWorker:188978561024:QuorumCnxManager$SendWorker@688] - Send worker leaving thread
2015-07-29 19:35:22,202 - INFO  [/10.10.34.13:3888:QuorumCnxManager$Listener@493] - Received connection request /10.10.34.13:47094
2015-07-29 19:35:22,203 - WARN  [RecvWorker:188978561024:QuorumCnxManager$RecvWorker@762] - Connection broken for id 188978561024, my id = 3, error = 
2015-07-29 19:35:22,203 - WARN  [RecvWorker:188978561024:QuorumCnxManager$RecvWorker@765] - Interrupting SendWorker
2015-07-29 19:35:22,203 - WARN  [SendWorker:188978561024:QuorumCnxManager$SendWorker@679] - Interrupted while waiting for message on queue
2015-07-29 19:35:22,203 - WARN  [SendWorker:188978561024:QuorumCnxManager$SendWorker@688] - Send worker leaving thread
2015-07-29 19:35:22,208 - INFO  [/10.10.34.13:3888:QuorumCnxManager$Listener@493] - Received connection request /10.10.34.13:47101
2015-07-29 19:35:22,209 - INFO  [/10.10.34.13:3888:QuorumCnxManager$Listener@493] - Received connection request /10.10.34.13:47102
2015-07-29 19:35:22,209 - WARN  [RecvWorker:188978561024:QuorumCnxManager$RecvWorker@762] - Connection broken for id 188978561024, my id = 3, error = 
2015-07-29 19:35:22,209 - WARN  [RecvWorker:188978561024:QuorumCnxManager$RecvWorker@765] - Interrupting SendWorker
2015-07-29 19:35:22,209 - WARN  [SendWorker:188978561024:QuorumCnxManager$SendWorker@679] - Interrupted while waiting for message on queue
2015-07-29 19:35:22,209 - WARN  [SendWorker:188978561024:QuorumCnxManager$SendWorker@688] - Send worker leaving thread
2015-07-29 19:35:22,209 - INFO  [/10.10.34.13:3888:QuorumCnxManager$Listener@493] - Received connection request /10.10.34.13:47103
2015-07-29 19:35:22,209 - WARN  [RecvWorker:188978561024:QuorumCnxManager$RecvWorker@762] - Connection broken for id 188978561024, my id = 3, error = 
2015-07-29 19:35:22,210 - WARN  [RecvWorker:188978561024:QuorumCnxManager$RecvWorker@765] - Interrupting SendWorker
2015-07-29 19:35:22,210 - WARN  [SendWorker:188978561024:QuorumCnxManager$SendWorker@679] - Interrupted while waiting for message on queue
2015-07-29 19:35:22,210 - WARN  [SendWorker:188978561024:QuorumCnxManager$SendWorker@688] - Send worker leaving thread
2015-07-29 19:35:22,210 - WARN  [RecvWorker:188978561024:QuorumCnxManager$RecvWorker@762] - Connection broken for id 188978561024, my id = 3, error = 
2015-07-29 19:35:22,210 - WARN  [RecvWorker:188978561024:QuorumCnxManager$RecvWorker@765] - Interrupting SendWorker
2015-07-29 19:35:22,210 - WARN  [SendWorker:188978561024:QuorumCnxManager$SendWorker@679] - Interrupted while waiting for message on queue
2015-07-29 19:35:22,211 - WARN  [SendWorker:188978561024:QuorumCnxManager$SendWorker@688] - Send worker leaving thread
2015-07-29 19:35:25,350 - INFO  [/10.10.34.13:3888:QuorumCnxManager$Listener@493] - Received connection request /10.10.34.11:49677
2015-07-29 19:35:25,350 - INFO  [/10.10.34.13:3888:QuorumCnxManager$Listener@493] - Received connection request /10.10.34.11:49678
2015-07-29 19:35:25,350 - WARN  [RecvWorker:188978561024:QuorumCnxManager$RecvWorker@762] - Connection broken for id 188978561024, my id = 3, error = 
2015-07-29 19:35:25,351 - WARN  [RecvWorker:188978561024:QuorumCnxManager$RecvWorker@765] - Interrupting SendWorker
2015-07-29 19:35:25,351 - WARN  [SendWorker:188978561024:QuorumCnxManager$SendWorker@679] - Interrupted while waiting for message on queue
2015-07-29 19:35:25,351 - WARN  [SendWorker:188978561024:QuorumCnxManager$SendWorker@688] - Send worker leaving thread
2015-07-29 19:35:25,351 - WARN  [RecvWorker:188978561024:QuorumCnxManager$RecvWorker@762] - Connection broken for id 188978561024, my id = 3, error = 
2015-07-29 19:35:25,351 - WARN  [RecvWorker:188978561024:QuorumCnxManager$RecvWorker@765] - Interrupting SendWorker
2015-07-29 19:35:25,351 - WARN  [SendWorker:188978561024:QuorumCnxManager$SendWorker@679] - Interrupted while waiting for message on queue
2015-07-29 19:35:25,352 - WARN  [SendWorker:188978561024:QuorumCnxManager$SendWorker@688] - Send worker leaving thread
2015-07-29 19:35:25,355 - INFO  [/10.10.34.13:3888:QuorumCnxManager$Listener@493] - Received connection request /10.10.34.11:49684
2015-07-29 19:35:25,355 - WARN  [RecvWorker:188978561024:QuorumCnxManager$RecvWorker@762] - Connection broken for id 188978561024, my id = 3, error = 
2015-07-29 19:35:25,356 - WARN  [RecvWorker:188978561024:QuorumCnxManager$RecvWorker@765] - Interrupting SendWorker
2015-07-29 19:35:25,356 - WARN  [SendWorker:188978561024:QuorumCnxManager$SendWorker@679] - Interrupted while waiting for message on queue
2015-07-29 19:35:25,356 - WARN  [SendWorker:188978561024:QuorumCnxManager$SendWorker@688] - Send worker leaving thread
2015-07-29 19:35:25,356 - INFO  [/10.10.34.13:3888:QuorumCnxManager$Listener@493] - Received connection request /10.10.34.11:49686
2015-07-29 19:35:25,357 - WARN  [RecvWorker:188978561024:QuorumCnxManager$RecvWorker@762] - Connection broken for id 188978561024, my id = 3, error = 
2015-07-29 19:35:25,357 - WARN  [RecvWorker:188978561024:QuorumCnxManager$RecvWorker@765] - Interrupting SendWorker
2015-07-29 19:35:25,357 - WARN  [SendWorker:188978561024:QuorumCnxManager$SendWorker@679] - Interrupted while waiting for message on queue
2015-07-29 19:35:25,358 - WARN  [SendWorker:188978561024:QuorumCnxManager$SendWorker@688] - Send worker leaving thread
2015-07-29 19:35:25,435 - INFO  [/10.10.34.13:3888:QuorumCnxManager$Listener@493] - Received connection request /10.10.34.12:49834
2015-07-29 19:35:25,436 - WARN  [RecvWorker:188978561024:QuorumCnxManager$RecvWorker@762] - Connection broken for id 188978561024, my id = 3, error = 
2015-07-29 19:35:25,436 - WARN  [RecvWorker:188978561024:QuorumCnxManager$RecvWorker@765] - Interrupting SendWorker
2015-07-29 19:35:25,436 - WARN  [SendWorker:188978561024:QuorumCnxManager$SendWorker@679] - Interrupted while waiting for message on queue
2015-07-29 19:35:25,436 - WARN  [SendWorker:188978561024:QuorumCnxManager$SendWorker@688] - Send worker leaving thread
2015-07-29 19:35:25,437 - INFO  [/10.10.34.13:3888:QuorumCnxManager$Listener@493] - Received connection request /10.10.34.12:49837
2015-07-29 19:35:25,437 - WARN  [RecvWorker:188978561024:QuorumCnxManager$RecvWorker@762] - Connection broken for id 188978561024, my id = 3, error = 
2015-07-29 19:35:25,438 - WARN  [RecvWorker:188978561024:QuorumCnxManager$RecvWorker@765] - Interrupting SendWorker
2015-07-29 19:35:25,438 - WARN  [SendWorker:188978561024:QuorumCnxManager$SendWorker@679] - Interrupted while waiting for message on queue
2015-07-29 19:35:25,438 - WARN  [SendWorker:188978561024:QuorumCnxManager$SendWorker@688] - Send worker leaving thread
2015-07-29 19:35:25,439 - INFO  [/10.10.34.13:3888:QuorumCnxManager$Listener@493] - Received connection request /10.10.34.12:49842
2015-07-29 19:35:25,440 - WARN  [RecvWorker:188978561024:QuorumCnxManager$RecvWorker@762] - Connection broken for id 188978561024, my id = 3, error = 
2015-07-29 19:35:25,440 - INFO  [/10.10.34.13:3888:QuorumCnxManager$Listener@493] - Received connection request /10.10.34.12:49843
2015-07-29 19:35:25,440 - WARN  [RecvWorker:188978561024:QuorumCnxManager$RecvWorker@765] - Interrupting SendWorker
2015-07-29 19:35:25,440 - WARN  [SendWorker:188978561024:QuorumCnxManager$SendWorker@679] - Interrupted while waiting for message on queue
2015-07-29 19:35:25,441 - WARN  [SendWorker:188978561024:QuorumCnxManager$SendWorker@688] - Send worker leaving thread
2015-07-29 19:35:25,441 - WARN  [RecvWorker:188978561024:QuorumCnxManager$RecvWorker@762] - Connection broken for id 188978561024, my id = 3, error = 
2015-07-29 19:35:25,441 - WARN  [RecvWorker:188978561024:QuorumCnxManager$RecvWorker@765] - Interrupting SendWorker
2015-07-29 19:35:25,441 - WARN  [SendWorker:188978561024:QuorumCnxManager$SendWorker@679] - Interrupted while waiting for message on queue
2015-07-29 19:35:25,441 - WARN  [SendWorker:188978561024:QuorumCnxManager$SendWorker@688] - Send worker leaving thread
2015-07-29 19:35:25,542 - INFO  [/10.10.34.13:3888:QuorumCnxManager$Listener@493] - Received connection request /10.10.34.13:47106
2015-07-29 19:35:25,543 - WARN  [RecvWorker:188978561024:QuorumCnxManager$RecvWorker@762] - Connection broken for id 188978561024, my id = 3, error = 
2015-07-29 19:35:25,543 - WARN  [RecvWorker:188978561024:QuorumCnxManager$RecvWorker@765] - Interrupting SendWorker
2015-07-29 19:35:25,543 - WARN  [SendWorker:188978561024:QuorumCnxManager$SendWorker@679] - Interrupted while waiting for message on queue
2015-07-29 19:35:25,543 - WARN  [SendWorker:188978561024:QuorumCnxManager$SendWorker@688] - Send worker leaving thread
2015-07-29 19:35:25,548 - INFO  [/10.10.34.13:3888:QuorumCnxManager$Listener@493] - Received connection request /10.10.34.13:47113
2015-07-29 19:35:25,549 - WARN  [RecvWorker:188978561024:QuorumCnxManager$RecvWorker@762] - Connection broken for id 188978561024, my id = 3, error = 
2015-07-29 19:35:25,549 - WARN  [RecvWorker:188978561024:QuorumCnxManager$RecvWorker@765] - Interrupting SendWorker
2015-07-29 19:35:25,549 - INFO  [/10.10.34.13:3888:QuorumCnxManager$Listener@493] - Received connection request /10.10.34.13:47114
2015-07-29 19:35:25,549 - WARN  [SendWorker:188978561024:QuorumCnxManager$SendWorker@679] - Interrupted while waiting for message on queue
2015-07-29 19:35:25,549 - WARN  [SendWorker:188978561024:QuorumCnxManager$SendWorker@688] - Send worker leaving thread
2015-07-29 19:35:25,550 - INFO  [/10.10.34.13:3888:QuorumCnxManager$Listener@493] - Received connection request /10.10.34.13:47115
2015-07-29 19:35:25,550 - WARN  [RecvWorker:188978561024:QuorumCnxManager$RecvWorker@762] - Connection broken for id 188978561024, my id = 3, error = 
2015-07-29 19:35:25,550 - WARN  [RecvWorker:188978561024:QuorumCnxManager$RecvWorker@765] - Interrupting SendWorker
2015-07-29 19:35:25,550 - WARN  [SendWorker:188978561024:QuorumCnxManager$SendWorker@679] - Interrupted while waiting for message on queue
2015-07-29 19:35:25,550 - WARN  [SendWorker:188978561024:QuorumCnxManager$SendWorker@688] - Send worker leaving thread
2015-07-29 19:35:25,550 - WARN  [RecvWorker:188978561024:QuorumCnxManager$RecvWorker@762] - Connection broken for id 188978561024, my id = 3, error = 
2015-07-29 19:35:25,550 - WARN  [RecvWorker:188978561024:QuorumCnxManager$RecvWorker@765] - Interrupting SendWorker
2015-07-29 19:35:25,551 - WARN  [SendWorker:188978561024:QuorumCnxManager$SendWorker@679] - Interrupted while waiting for message on queue
2015-07-29 19:35:25,551 - WARN  [SendWorker:188978561024:QuorumCnxManager$SendWorker@688] - Send worker leaving thread
2015-07-29 19:35:28,690 - INFO  [/10.10.34.13:3888:QuorumCnxManager$Listener@493] - Received connection request /10.10.34.11:49689
2015-07-29 19:35:28,691 - INFO  [/10.10.34.13:3888:QuorumCnxManager$Listener@493] - Received connection request /10.10.34.11:49690
2015-07-29 19:35:28,691 - WARN  [RecvWorker:188978561024:QuorumCnxManager$RecvWorker@762] - Connection broken for id 188978561024, my id = 3, error = 
2015-07-29 19:35:28,691 - WARN  [RecvWorker:188978561024:QuorumCnxManager$RecvWorker@765] - Interrupting SendWorker
2015-07-29 19:35:28,691 - WARN  [SendWorker:188978561024:QuorumCnxManager$SendWorker@679] - Interrupted while waiting for message on queue
2015-07-29 19:35:28,691 - WARN  [SendWorker:188978561024:QuorumCnxManager$SendWorker@688] - Send worker leaving thread
2015-07-29 19:35:28,691 - WARN  [RecvWorker:188978561024:QuorumCnxManager$RecvWorker@762] - Connection broken for id 188978561024, my id = 3, error = 
2015-07-29 19:35:28,691 - WARN  [RecvWorker:188978561024:QuorumCnxManager$RecvWorker@765] - Interrupting SendWorker
2015-07-29 19:35:28,692 - WARN  [SendWorker:188978561024:QuorumCnxManager$SendWorker@679] - Interrupted while waiting for message on queue
2015-07-29 19:35:28,692 - WARN  [SendWorker:188978561024:QuorumCnxManager$SendWorker@688] - Send worker leaving thread
2015-07-29 19:35:28,695 - INFO  [/10.10.34.13:3888:QuorumCnxManager$Listener@493] - Received connection request /10.10.34.11:49696
2015-07-29 19:35:28,696 - WARN  [RecvWorker:188978561024:QuorumCnxManager$RecvWorker@762] - Connection broken for id 188978561024, my id = 3, error = 
2015-07-29 19:35:28,696 - WARN  [RecvWorker:188978561024:QuorumCnxManager$RecvWorker@765] - Interrupting SendWorker
2015-07-29 19:35:28,696 - WARN  [SendWorker:188978561024:QuorumCnxManager$SendWorker@679] - Interrupted while waiting for message on queue
2015-07-29 19:35:28,696 - WARN  [SendWorker:188978561024:QuorumCnxManager$SendWorker@688] - Send worker leaving thread
2015-07-29 19:35:28,697 - INFO  [/10.10.34.13:3888:QuorumCnxManager$Listener@493] - Received connection request /10.10.34.11:49698
2015-07-29 19:35:28,697 - WARN  [RecvWorker:188978561024:QuorumCnxManager$RecvWorker@762] - Connection broken for id 188978561024, my id = 3, error = 
2015-07-29 19:35:28,697 - WARN  [RecvWorker:188978561024:QuorumCnxManager$RecvWorker@765] - Interrupting SendWorker
2015-07-29 19:35:28,698 - WARN  [SendWorker:188978561024:QuorumCnxManager$SendWorker@679] - Interrupted while waiting for message on queue
2015-07-29 19:35:28,698 - WARN  [SendWorker:188978561024:QuorumCnxManager$SendWorker@688] - Send worker leaving thread
2015-07-29 19:35:28,775 - INFO  [/10.10.34.13:3888:QuorumCnxManager$Listener@493] - Received connection request /10.10.34.12:49846
2015-07-29 19:35:28,776 - WARN  [RecvWorker:188978561024:QuorumCnxManager$RecvWorker@762] - Connection broken for id 188978561024, my id = 3, error = 
2015-07-29 19:35:28,776 - WARN  [RecvWorker:188978561024:QuorumCnxManager$RecvWorker@765] - Interrupting SendWorker
2015-07-29 19:35:28,776 - WARN  [SendWorker:188978561024:QuorumCnxManager$SendWorker@679] - Interrupted while waiting for message on queue
2015-07-29 19:35:28,776 - WARN  [SendWorker:188978561024:QuorumCnxManager$SendWorker@688] - Send worker leaving thread
2015-07-29 19:35:28,777 - INFO  [/10.10.34.13:3888:QuorumCnxManager$Listener@493] - Received connection request /10.10.34.12:49849
2015-07-29 19:35:28,778 - WARN  [RecvWorker:188978561024:QuorumCnxManager$RecvWorker@762] - Connection broken for id 188978561024, my id = 3, error = 
2015-07-29 19:35:28,778 - WARN  [RecvWorker:188978561024:QuorumCnxManager$RecvWorker@765] - Interrupting SendWorker
2015-07-29 19:35:28,778 - WARN  [SendWorker:188978561024:QuorumCnxManager$SendWorker@679] - Interrupted while waiting for message on queue
2015-07-29 19:35:28,778 - WARN  [SendWorker:188978561024:QuorumCnxManager$SendWorker@688] - Send worker leaving thread
2015-07-29 19:35:28,779 - INFO  [/10.10.34.13:3888:QuorumCnxManager$Listener@493] - Received connection request /10.10.34.12:49854
2015-07-29 19:35:28,780 - WARN  [RecvWorker:188978561024:QuorumCnxManager$RecvWorker@762] - Connection broken for id 188978561024, my id = 3, error = 
2015-07-29 19:35:28,780 - WARN  [RecvWorker:188978561024:QuorumCnxManager$RecvWorker@765] - Interrupting SendWorker
2015-07-29 19:35:28,780 - INFO  [/10.10.34.13:3888:QuorumCnxManager$Listener@493] - Received connection request /10.10.34.12:49855
2015-07-29 19:35:28,780 - WARN  [SendWorker:188978561024:QuorumCnxManager$SendWorker@679] - Interrupted while waiting for message on queue
2015-07-29 19:35:28,780 - WARN  [SendWorker:188978561024:QuorumCnxManager$SendWorker@688] - Send worker leaving thread
2015-07-29 19:35:28,781 - WARN  [RecvWorker:188978561024:QuorumCnxManager$RecvWorker@762] - Connection broken for id 188978561024, my id = 3, error = 
2015-07-29 19:35:28,781 - WARN  [RecvWorker:188978561024:QuorumCnxManager$RecvWorker@765] - Interrupting SendWorker
2015-07-29 19:35:28,781 - WARN  [SendWorker:188978561024:QuorumCnxManager$SendWorker@679] - Interrupted while waiting for message on queue
2015-07-29 19:35:28,781 - WARN  [SendWorker:188978561024:QuorumCnxManager$SendWorker@688] - Send worker leaving thread
2015-07-29 19:35:28,882 - INFO  [/10.10.34.13:3888:QuorumCnxManager$Listener@493] - Received connection request /10.10.34.13:47118
2015-07-29 19:35:28,883 - WARN  [RecvWorker:188978561024:QuorumCnxManager$RecvWorker@762] - Connection broken for id 188978561024, my id = 3, error = 
2015-07-29 19:35:28,883 - WARN  [RecvWorker:188978561024:QuorumCnxManager$RecvWorker@765] - Interrupting SendWorker
2015-07-29 19:35:28,883 - WARN  [SendWorker:188978561024:QuorumCnxManager$SendWorker@679] - Interrupted while waiting for message on queue
2015-07-29 19:35:28,883 - WARN  [SendWorker:188978561024:QuorumCnxManager$SendWorker@688] - Send worker leaving thread
2015-07-29 19:35:28,888 - INFO  [/10.10.34.13:3888:QuorumCnxManager$Listener@493] - Received connection request /10.10.34.13:47124
2015-07-29 19:35:28,889 - WARN  [RecvWorker:188978561024:QuorumCnxManager$RecvWorker@762] - Connection broken for id 188978561024, my id = 3, error = 
2015-07-29 19:35:28,889 - WARN  [RecvWorker:188978561024:QuorumCnxManager$RecvWorker@765] - Interrupting SendWorker
2015-07-29 19:35:28,889 - INFO  [/10.10.34.13:3888:QuorumCnxManager$Listener@493] - Received connection request /10.10.34.13:47126
2015-07-29 19:35:28,889 - WARN  [SendWorker:188978561024:QuorumCnxManager$SendWorker@679] - Interrupted while waiting for message on queue
2015-07-29 19:35:28,889 - WARN  [SendWorker:188978561024:QuorumCnxManager$SendWorker@688] - Send worker leaving thread
2015-07-29 19:35:28,889 - WARN  [RecvWorker:188978561024:QuorumCnxManager$RecvWorker@762] - Connection broken for id 188978561024, my id = 3, error = 
2015-07-29 19:35:28,890 - WARN  [RecvWorker:188978561024:QuorumCnxManager$RecvWorker@765] - Interrupting SendWorker
2015-07-29 19:35:28,890 - INFO  [/10.10.34.13:3888:QuorumCnxManager$Listener@493] - Received connection request /10.10.34.13:47127
2015-07-29 19:35:28,890 - WARN  [SendWorker:188978561024:QuorumCnxManager$SendWorker@679] - Interrupted while waiting for message on queue
2015-07-29 19:35:28,890 - WARN  [SendWorker:188978561024:QuorumCnxManager$SendWorker@688] - Send worker leaving thread
2015-07-29 19:35:28,890 - WARN  [RecvWorker:188978561024:QuorumCnxManager$RecvWorker@762] - Connection broken for id 188978561024, my id = 3, error = 
2015-07-29 19:35:28,890 - WARN  [RecvWorker:188978561024:QuorumCnxManager$RecvWorker@765] - Interrupting SendWorker
2015-07-29 19:35:28,891 - WARN  [SendWorker:188978561024:QuorumCnxManager$SendWorker@679] - Interrupted while waiting for message on queue
2015-07-29 19:35:28,891 - WARN  [SendWorker:188978561024:QuorumCnxManager$SendWorker@688] - Send worker leaving thread
2015-07-29 19:35:32,030 - INFO  [/10.10.34.13:3888:QuorumCnxManager$Listener@493] - Received connection request /10.10.34.11:49701
2015-07-29 19:35:32,031 - INFO  [/10.10.34.13:3888:QuorumCnxManager$Listener@493] - Received connection request /10.10.34.11:49702
2015-07-29 19:35:32,031 - WARN  [RecvWorker:188978561024:QuorumCnxManager$RecvWorker@762] - Connection broken for id 188978561024, my id = 3, error = 
2015-07-29 19:35:32,031 - WARN  [RecvWorker:188978561024:QuorumCnxManager$RecvWorker@765] - Interrupting SendWorker
2015-07-29 19:35:32,031 - WARN  [SendWorker:188978561024:QuorumCnxManager$SendWorker@679] - Interrupted while waiting for message on queue
2015-07-29 19:35:32,031 - WARN  [SendWorker:188978561024:QuorumCnxManager$SendWorker@688] - Send worker leaving thread
2015-07-29 19:35:32,031 - WARN  [RecvWorker:188978561024:QuorumCnxManager$RecvWorker@762] - Connection broken for id 188978561024, my id = 3, error = 
2015-07-29 19:35:32,031 - WARN  [RecvWorker:188978561024:QuorumCnxManager$RecvWorker@765] - Interrupting SendWorker
2015-07-29 19:35:32,032 - WARN  [SendWorker:188978561024:QuorumCnxManager$SendWorker@679] - Interrupted while waiting for message on queue
2015-07-29 19:35:32,032 - WARN  [SendWorker:188978561024:QuorumCnxManager$SendWorker@688] - Send worker leaving thread
2015-07-29 19:35:32,035 - INFO  [/10.10.34.13:3888:QuorumCnxManager$Listener@493] - Received connection request /10.10.34.11:49708
2015-07-29 19:35:32,036 - WARN  [RecvWorker:188978561024:QuorumCnxManager$RecvWorker@762] - Connection broken for id 188978561024, my id = 3, error = 
2015-07-29 19:35:32,036 - WARN  [RecvWorker:188978561024:QuorumCnxManager$RecvWorker@765] - Interrupting SendWorker
2015-07-29 19:35:32,036 - WARN  [SendWorker:188978561024:QuorumCnxManager$SendWorker@679] - Interrupted while waiting for message on queue
2015-07-29 19:35:32,036 - WARN  [SendWorker:188978561024:QuorumCnxManager$SendWorker@688] - Send worker leaving thread
2015-07-29 19:35:32,037 - INFO  [/10.10.34.13:3888:QuorumCnxManager$Listener@493] - Received connection request /10.10.34.11:49710
2015-07-29 19:35:32,037 - WARN  [RecvWorker:188978561024:QuorumCnxManager$RecvWorker@762] - Connection broken for id 188978561024, my id = 3, error = 
2015-07-29 19:35:32,037 - WARN  [RecvWorker:188978561024:QuorumCnxManager$RecvWorker@765] - Interrupting SendWorker
2015-07-29 19:35:32,038 - WARN  [SendWorker:188978561024:QuorumCnxManager$SendWorker@679] - Interrupted while waiting for message on queue
2015-07-29 19:35:32,038 - WARN  [SendWorker:188978561024:QuorumCnxManager$SendWorker@688] - Send worker leaving thread
2015-07-29 19:35:32,115 - INFO  [/10.10.34.13:3888:QuorumCnxManager$Listener@493] - Received connection request /10.10.34.12:49858
2015-07-29 19:35:32,115 - WARN  [RecvWorker:188978561024:QuorumCnxManager$RecvWorker@762] - Connection broken for id 188978561024, my id = 3, error = 
2015-07-29 19:35:32,116 - WARN  [RecvWorker:188978561024:QuorumCnxManager$RecvWorker@765] - Interrupting SendWorker
2015-07-29 19:35:32,116 - WARN  [SendWorker:188978561024:QuorumCnxManager$SendWorker@679] - Interrupted while waiting for message on queue
2015-07-29 19:35:32,116 - WARN  [SendWorker:188978561024:QuorumCnxManager$SendWorker@688] - Send worker leaving thread
2015-07-29 19:35:32,117 - INFO  [/10.10.34.13:3888:QuorumCnxManager$Listener@493] - Received connection request /10.10.34.12:49861
2015-07-29 19:35:32,118 - WARN  [RecvWorker:188978561024:QuorumCnxManager$RecvWorker@762] - Connection broken for id 188978561024, my id = 3, error = 
2015-07-29 19:35:32,118 - WARN  [RecvWorker:188978561024:QuorumCnxManager$RecvWorker@765] - Interrupting SendWorker
2015-07-29 19:35:32,118 - WARN  [SendWorker:188978561024:QuorumCnxManager$SendWorker@679] - Interrupted while waiting for message on queue
2015-07-29 19:35:32,118 - WARN  [SendWorker:188978561024:QuorumCnxManager$SendWorker@688] - Send worker leaving thread
2015-07-29 19:35:32,119 - INFO  [/10.10.34.13:3888:QuorumCnxManager$Listener@493] - Received connection request /10.10.34.12:49866
2015-07-29 19:35:32,120 - WARN  [RecvWorker:188978561024:QuorumCnxManager$RecvWorker@762] - Connection broken for id 188978561024, my id = 3, error = 
2015-07-29 19:35:32,120 - WARN  [RecvWorker:188978561024:QuorumCnxManager$RecvWorker@765] - Interrupting SendWorker
2015-07-29 19:35:32,120 - INFO  [/10.10.34.13:3888:QuorumCnxManager$Listener@493] - Received connection request /10.10.34.12:49867
2015-07-29 19:35:32,120 - WARN  [SendWorker:188978561024:QuorumCnxManager$SendWorker@679] - Interrupted while waiting for message on queue
2015-07-29 19:35:32,121 - WARN  [SendWorker:188978561024:QuorumCnxManager$SendWorker@688] - Send worker leaving thread
2015-07-29 19:35:32,121 - WARN  [RecvWorker:188978561024:QuorumCnxManager$RecvWorker@762] - Connection broken for id 188978561024, my id = 3, error = 
2015-07-29 19:35:32,121 - WARN  [RecvWorker:188978561024:QuorumCnxManager$RecvWorker@765] - Interrupting SendWorker
2015-07-29 19:35:32,121 - WARN  [SendWorker:188978561024:QuorumCnxManager$SendWorker@679] - Interrupted while waiting for message on queue
2015-07-29 19:35:32,121 - WARN  [SendWorker:188978561024:QuorumCnxManager$SendWorker@688] - Send worker leaving thread
2015-07-29 19:35:32,222 - INFO  [/10.10.34.13:3888:QuorumCnxManager$Listener@493] - Received connection request /10.10.34.13:47130
2015-07-29 19:35:32,223 - WARN  [RecvWorker:188978561024:QuorumCnxManager$RecvWorker@762] - Connection broken for id 188978561024, my id = 3, error = 
2015-07-29 19:35:32,223 - WARN  [RecvWorker:188978561024:QuorumCnxManager$RecvWorker@765] - Interrupting SendWorker
2015-07-29 19:35:32,223 - WARN  [SendWorker:188978561024:QuorumCnxManager$SendWorker@679] - Interrupted while waiting for message on queue
2015-07-29 19:35:32,223 - WARN  [SendWorker:188978561024:QuorumCnxManager$SendWorker@688] - Send worker leaving thread
2015-07-29 19:35:32,228 - INFO  [/10.10.34.13:3888:QuorumCnxManager$Listener@493] - Received connection request /10.10.34.13:47136
2015-07-29 19:35:32,229 - WARN  [RecvWorker:188978561024:QuorumCnxManager$RecvWorker@762] - Connection broken for id 188978561024, my id = 3, error = 
2015-07-29 19:35:32,229 - WARN  [RecvWorker:188978561024:QuorumCnxManager$RecvWorker@765] - Interrupting SendWorker
2015-07-29 19:35:32,229 - INFO  [/10.10.34.13:3888:QuorumCnxManager$Listener@493] - Received connection request /10.10.34.13:47138
2015-07-29 19:35:32,229 - WARN  [SendWorker:188978561024:QuorumCnxManager$SendWorker@679] - Interrupted while waiting for message on queue
2015-07-29 19:35:32,229 - WARN  [SendWorker:188978561024:QuorumCnxManager$SendWorker@688] - Send worker leaving thread
2015-07-29 19:35:32,229 - WARN  [RecvWorker:188978561024:QuorumCnxManager$RecvWorker@762] - Connection broken for id 188978561024, my id = 3, error = 
2015-07-29 19:35:32,230 - WARN  [RecvWorker:188978561024:QuorumCnxManager$RecvWorker@765] - Interrupting SendWorker
2015-07-29 19:35:32,230 - INFO  [/10.10.34.13:3888:QuorumCnxManager$Listener@493] - Received connection request /10.10.34.13:47139
2015-07-29 19:35:32,230 - WARN  [SendWorker:188978561024:QuorumCnxManager$SendWorker@679] - Interrupted while waiting for message on queue
2015-07-29 19:35:32,230 - WARN  [SendWorker:188978561024:QuorumCnxManager$SendWorker@688] - Send worker leaving thread
2015-07-29 19:35:32,230 - WARN  [RecvWorker:188978561024:QuorumCnxManager$RecvWorker@762] - Connection broken for id 188978561024, my id = 3, error = 
2015-07-29 19:35:32,230 - WARN  [RecvWorker:188978561024:QuorumCnxManager$RecvWorker@765] - Interrupting SendWorker
2015-07-29 19:35:32,231 - WARN  [SendWorker:188978561024:QuorumCnxManager$SendWorker@679] - Interrupted while waiting for message on queue
2015-07-29 19:35:32,231 - WARN  [SendWorker:188978561024:QuorumCnxManager$SendWorker@688] - Send worker leaving thread
2015-07-29 19:35:35,370 - INFO  [/10.10.34.13:3888:QuorumCnxManager$Listener@493] - Received connection request /10.10.34.11:49713
2015-07-29 19:35:35,371 - INFO  [/10.10.34.13:3888:QuorumCnxManager$Listener@493] - Received connection request /10.10.34.11:49714
2015-07-29 19:35:35,371 - WARN  [RecvWorker:188978561024:QuorumCnxManager$RecvWorker@762] - Connection broken for id 188978561024, my id = 3, error = 
2015-07-29 19:35:35,371 - WARN  [RecvWorker:188978561024:QuorumCnxManager$RecvWorker@765] - Interrupting SendWorker
2015-07-29 19:35:35,371 - WARN  [SendWorker:188978561024:QuorumCnxManager$SendWorker@679] - Interrupted while waiting for message on queue
2015-07-29 19:35:35,371 - WARN  [SendWorker:188978561024:QuorumCnxManager$SendWorker@688] - Send worker leaving thread
2015-07-29 19:35:35,371 - WARN  [RecvWorker:188978561024:QuorumCnxManager$RecvWorker@762] - Connection broken for id 188978561024, my id = 3, error = 
2015-07-29 19:35:35,371 - WARN  [RecvWorker:188978561024:QuorumCnxManager$RecvWorker@765] - Interrupting SendWorker
2015-07-29 19:35:35,372 - WARN  [SendWorker:188978561024:QuorumCnxManager$SendWorker@679] - Interrupted while waiting for message on queue
2015-07-29 19:35:35,372 - WARN  [SendWorker:188978561024:QuorumCnxManager$SendWorker@688] - Send worker leaving thread
2015-07-29 19:35:35,375 - INFO  [/10.10.34.13:3888:QuorumCnxManager$Listener@493] - Received connection request /10.10.34.11:49720
2015-07-29 19:35:35,376 - WARN  [RecvWorker:188978561024:QuorumCnxManager$RecvWorker@762] - Connection broken for id 188978561024, my id = 3, error = 
2015-07-29 19:35:35,376 - WARN  [RecvWorker:188978561024:QuorumCnxManager$RecvWorker@765] - Interrupting SendWorker
2015-07-29 19:35:35,376 - WARN  [SendWorker:188978561024:QuorumCnxManager$SendWorker@679] - Interrupted while waiting for message on queue
2015-07-29 19:35:35,376 - WARN  [SendWorker:188978561024:QuorumCnxManager$SendWorker@688] - Send worker leaving thread
2015-07-29 19:35:35,377 - INFO  [/10.10.34.13:3888:QuorumCnxManager$Listener@493] - Received connection request /10.10.34.11:49722
2015-07-29 19:35:35,377 - WARN  [RecvWorker:188978561024:QuorumCnxManager$RecvWorker@762] - Connection broken for id 188978561024, my id = 3, error = 
2015-07-29 19:35:35,378 - WARN  [RecvWorker:188978561024:QuorumCnxManager$RecvWorker@765] - Interrupting SendWorker
2015-07-29 19:35:35,378 - WARN  [SendWorker:188978561024:QuorumCnxManager$SendWorker@679] - Interrupted while waiting for message on queue
2015-07-29 19:35:35,378 - WARN  [SendWorker:188978561024:QuorumCnxManager$SendWorker@688] - Send worker leaving thread
2015-07-29 19:35:35,455 - INFO  [/10.10.34.13:3888:QuorumCnxManager$Listener@493] - Received connection request /10.10.34.12:49870
2015-07-29 19:35:35,455 - WARN  [RecvWorker:188978561024:QuorumCnxManager$RecvWorker@762] - Connection broken for id 188978561024, my id = 3, error = 
2015-07-29 19:35:35,456 - WARN  [RecvWorker:188978561024:QuorumCnxManager$RecvWorker@765] - Interrupting SendWorker
2015-07-29 19:35:35,456 - WARN  [SendWorker:188978561024:QuorumCnxManager$SendWorker@679] - Interrupted while waiting for message on queue
2015-07-29 19:35:35,456 - WARN  [SendWorker:188978561024:QuorumCnxManager$SendWorker@688] - Send worker leaving thread
2015-07-29 19:35:35,457 - INFO  [/10.10.34.13:3888:QuorumCnxManager$Listener@493] - Received connection request /10.10.34.12:49873
2015-07-29 19:35:35,457 - WARN  [RecvWorker:188978561024:QuorumCnxManager$RecvWorker@762] - Connection broken for id 188978561024, my id = 3, error = 
2015-07-29 19:35:35,458 - WARN  [RecvWorker:188978561024:QuorumCnxManager$RecvWorker@765] - Interrupting SendWorker
2015-07-29 19:35:35,458 - WARN  [SendWorker:188978561024:QuorumCnxManager$SendWorker@679] - Interrupted while waiting for message on queue
2015-07-29 19:35:35,458 - WARN  [SendWorker:188978561024:QuorumCnxManager$SendWorker@688] - Send worker leaving thread
2015-07-29 19:35:35,459 - INFO  [/10.10.34.13:3888:QuorumCnxManager$Listener@493] - Received connection request /10.10.34.12:49878
2015-07-29 19:35:35,460 - WARN  [RecvWorker:188978561024:QuorumCnxManager$RecvWorker@762] - Connection broken for id 188978561024, my id = 3, error = 
2015-07-29 19:35:35,460 - INFO  [/10.10.34.13:3888:QuorumCnxManager$Listener@493] - Received connection request /10.10.34.12:49879
2015-07-29 19:35:35,460 - WARN  [RecvWorker:188978561024:QuorumCnxManager$RecvWorker@765] - Interrupting SendWorker
2015-07-29 19:35:35,460 - WARN  [SendWorker:188978561024:QuorumCnxManager$SendWorker@679] - Interrupted while waiting for message on queue
2015-07-29 19:35:35,461 - WARN  [SendWorker:188978561024:QuorumCnxManager$SendWorker@688] - Send worker leaving thread
2015-07-29 19:35:35,461 - WARN  [RecvWorker:188978561024:QuorumCnxManager$RecvWorker@762] - Connection broken for id 188978561024, my id = 3, error = 
2015-07-29 19:35:35,461 - WARN  [RecvWorker:188978561024:QuorumCnxManager$RecvWorker@765] - Interrupting SendWorker
2015-07-29 19:35:35,461 - WARN  [SendWorker:188978561024:QuorumCnxManager$SendWorker@679] - Interrupted while waiting for message on queue
2015-07-29 19:35:35,461 - WARN  [SendWorker:188978561024:QuorumCnxManager$SendWorker@688] - Send worker leaving thread
2015-07-29 19:35:35,562 - INFO  [/10.10.34.13:3888:QuorumCnxManager$Listener@493] - Received connection request /10.10.34.13:47142
2015-07-29 19:35:35,563 - WARN  [RecvWorker:188978561024:QuorumCnxManager$RecvWorker@762] - Connection broken for id 188978561024, my id = 3, error = 
2015-07-29 19:35:35,563 - WARN  [RecvWorker:188978561024:QuorumCnxManager$RecvWorker@765] - Interrupting SendWorker
2015-07-29 19:35:35,563 - WARN  [SendWorker:188978561024:QuorumCnxManager$SendWorker@679] - Interrupted while waiting for message on queue
2015-07-29 19:35:35,563 - WARN  [SendWorker:188978561024:QuorumCnxManager$SendWorker@688] - Send worker leaving thread
2015-07-29 19:35:35,568 - INFO  [/10.10.34.13:3888:QuorumCnxManager$Listener@493] - Received connection request /10.10.34.13:47149
2015-07-29 19:35:35,569 - WARN  [RecvWorker:188978561024:QuorumCnxManager$RecvWorker@762] - Connection broken for id 188978561024, my id = 3, error = 
2015-07-29 19:35:35,569 - WARN  [RecvWorker:188978561024:QuorumCnxManager$RecvWorker@765] - Interrupting SendWorker
2015-07-29 19:35:35,569 - INFO  [/10.10.34.13:3888:QuorumCnxManager$Listener@493] - Received connection request /10.10.34.13:47150
2015-07-29 19:35:35,569 - WARN  [SendWorker:188978561024:QuorumCnxManager$SendWorker@679] - Interrupted while waiting for message on queue
2015-07-29 19:35:35,570 - WARN  [SendWorker:188978561024:QuorumCnxManager$SendWorker@688] - Send worker leaving thread
2015-07-29 19:35:35,570 - INFO  [/10.10.34.13:3888:QuorumCnxManager$Listener@493] - Received connection request /10.10.34.13:47151
2015-07-29 19:35:35,570 - WARN  [RecvWorker:188978561024:QuorumCnxManager$RecvWorker@762] - Connection broken for id 188978561024, my id = 3, error = 
2015-07-29 19:35:35,570 - WARN  [RecvWorker:188978561024:QuorumCnxManager$RecvWorker@765] - Interrupting SendWorker
2015-07-29 19:35:35,570 - WARN  [SendWorker:188978561024:QuorumCnxManager$SendWorker@679] - Interrupted while waiting for message on queue
2015-07-29 19:35:35,570 - WARN  [RecvWorker:188978561024:QuorumCnxManager$RecvWorker@762] - Connection broken for id 188978561024, my id = 3, error = 
2015-07-29 19:35:35,571 - WARN  [RecvWorker:188978561024:QuorumCnxManager$RecvWorker@765] - Interrupting SendWorker
2015-07-29 19:35:35,570 - WARN  [SendWorker:188978561024:QuorumCnxManager$SendWorker@688] - Send worker leaving thread
2015-07-29 19:35:35,571 - WARN  [SendWorker:188978561024:QuorumCnxManager$SendWorker@679] - Interrupted while waiting for message on queue
2015-07-29 19:35:35,571 - WARN  [SendWorker:188978561024:QuorumCnxManager$SendWorker@688] - Send worker leaving thread
2015-07-29 19:35:38,710 - INFO  [/10.10.34.13:3888:QuorumCnxManager$Listener@493] - Received connection request /10.10.34.11:49725
2015-07-29 19:35:38,711 - INFO  [/10.10.34.13:3888:QuorumCnxManager$Listener@493] - Received connection request /10.10.34.11:49726
2015-07-29 19:35:38,711 - WARN  [RecvWorker:188978561024:QuorumCnxManager$RecvWorker@762] - Connection broken for id 188978561024, my id = 3, error = 
2015-07-29 19:35:38,711 - WARN  [RecvWorker:188978561024:QuorumCnxManager$RecvWorker@765] - Interrupting SendWorker
2015-07-29 19:35:38,711 - WARN  [SendWorker:188978561024:QuorumCnxManager$SendWorker@679] - Interrupted while waiting for message on queue
2015-07-29 19:35:38,711 - WARN  [SendWorker:188978561024:QuorumCnxManager$SendWorker@688] - Send worker leaving thread
2015-07-29 19:35:38,712 - WARN  [RecvWorker:188978561024:QuorumCnxManager$RecvWorker@762] - Connection broken for id 188978561024, my id = 3, error = 
2015-07-29 19:35:38,712 - WARN  [RecvWorker:188978561024:QuorumCnxManager$RecvWorker@765] - Interrupting SendWorker
2015-07-29 19:35:38,712 - WARN  [SendWorker:188978561024:QuorumCnxManager$SendWorker@679] - Interrupted while waiting for message on queue
2015-07-29 19:35:38,712 - WARN  [SendWorker:188978561024:QuorumCnxManager$SendWorker@688] - Send worker leaving thread
2015-07-29 19:35:38,716 - INFO  [/10.10.34.13:3888:QuorumCnxManager$Listener@493] - Received connection request /10.10.34.11:49733
2015-07-29 19:35:38,716 - INFO  [/10.10.34.13:3888:QuorumCnxManager$Listener@493] - Received connection request /10.10.34.11:49734
2015-07-29 19:35:38,716 - WARN  [RecvWorker:188978561024:QuorumCnxManager$RecvWorker@762] - Connection broken for id 188978561024, my id = 3, error = 
2015-07-29 19:35:38,717 - WARN  [RecvWorker:188978561024:QuorumCnxManager$RecvWorker@765] - Interrupting SendWorker
2015-07-29 19:35:38,717 - WARN  [SendWorker:188978561024:QuorumCnxManager$SendWorker@679] - Interrupted while waiting for message on queue
2015-07-29 19:35:38,717 - WARN  [RecvWorker:188978561024:QuorumCnxManager$RecvWorker@762] - Connection broken for id 188978561024, my id = 3, error = 
2015-07-29 19:35:38,717 - WARN  [RecvWorker:188978561024:QuorumCnxManager$RecvWorker@765] - Interrupting SendWorker
2015-07-29 19:35:38,717 - WARN  [SendWorker:188978561024:QuorumCnxManager$SendWorker@688] - Send worker leaving thread
2015-07-29 19:35:38,717 - WARN  [SendWorker:188978561024:QuorumCnxManager$SendWorker@679] - Interrupted while waiting for message on queue
2015-07-29 19:35:38,718 - WARN  [SendWorker:188978561024:QuorumCnxManager$SendWorker@688] - Send worker leaving thread
2015-07-29 19:35:38,795 - INFO  [/10.10.34.13:3888:QuorumCnxManager$Listener@493] - Received connection request /10.10.34.12:49882
2015-07-29 19:35:38,795 - WARN  [RecvWorker:188978561024:QuorumCnxManager$RecvWorker@762] - Connection broken for id 188978561024, my id = 3, error = 
2015-07-29 19:35:38,796 - WARN  [RecvWorker:188978561024:QuorumCnxManager$RecvWorker@765] - Interrupting SendWorker
2015-07-29 19:35:38,796 - WARN  [SendWorker:188978561024:QuorumCnxManager$SendWorker@679] - Interrupted while waiting for message on queue
2015-07-29 19:35:38,796 - WARN  [SendWorker:188978561024:QuorumCnxManager$SendWorker@688] - Send worker leaving thread
2015-07-29 19:35:38,797 - INFO  [/10.10.34.13:3888:QuorumCnxManager$Listener@493] - Received connection request /10.10.34.12:49885
2015-07-29 19:35:38,798 - WARN  [RecvWorker:188978561024:QuorumCnxManager$RecvWorker@762] - Connection broken for id 188978561024, my id = 3, error = 
2015-07-29 19:35:38,798 - WARN  [RecvWorker:188978561024:QuorumCnxManager$RecvWorker@765] - Interrupting SendWorker
2015-07-29 19:35:38,798 - WARN  [SendWorker:188978561024:QuorumCnxManager$SendWorker@679] - Interrupted while waiting for message on queue
2015-07-29 19:35:38,798 - WARN  [SendWorker:188978561024:QuorumCnxManager$SendWorker@688] - Send worker leaving thread
2015-07-29 19:35:38,799 - INFO  [/10.10.34.13:3888:QuorumCnxManager$Listener@493] - Received connection request /10.10.34.12:49890
2015-07-29 19:35:38,800 - WARN  [RecvWorker:188978561024:QuorumCnxManager$RecvWorker@762] - Connection broken for id 188978561024, my id = 3, error = 
2015-07-29 19:35:38,800 - WARN  [RecvWorker:188978561024:QuorumCnxManager$RecvWorker@765] - Interrupting SendWorker
2015-07-29 19:35:38,800 - INFO  [/10.10.34.13:3888:QuorumCnxManager$Listener@493] - Received connection request /10.10.34.12:49891
2015-07-29 19:35:38,800 - WARN  [SendWorker:188978561024:QuorumCnxManager$SendWorker@679] - Interrupted while waiting for message on queue
2015-07-29 19:35:38,801 - WARN  [SendWorker:188978561024:QuorumCnxManager$SendWorker@688] - Send worker leaving thread
2015-07-29 19:35:38,801 - WARN  [RecvWorker:188978561024:QuorumCnxManager$RecvWorker@762] - Connection broken for id 188978561024, my id = 3, error = 
2015-07-29 19:35:38,801 - WARN  [RecvWorker:188978561024:QuorumCnxManager$RecvWorker@765] - Interrupting SendWorker
2015-07-29 19:35:38,801 - WARN  [SendWorker:188978561024:QuorumCnxManager$SendWorker@679] - Interrupted while waiting for message on queue
2015-07-29 19:35:38,801 - WARN  [SendWorker:188978561024:QuorumCnxManager$SendWorker@688] - Send worker leaving thread
2015-07-29 19:35:38,902 - INFO  [/10.10.34.13:3888:QuorumCnxManager$Listener@493] - Received connection request /10.10.34.13:47154
2015-07-29 19:35:38,903 - WARN  [RecvWorker:188978561024:QuorumCnxManager$RecvWorker@762] - Connection broken for id 188978561024, my id = 3, error = 
2015-07-29 19:35:38,903 - WARN  [RecvWorker:188978561024:QuorumCnxManager$RecvWorker@765] - Interrupting SendWorker
2015-07-29 19:35:38,903 - WARN  [SendWorker:188978561024:QuorumCnxManager$SendWorker@679] - Interrupted while waiting for message on queue
2015-07-29 19:35:38,904 - WARN  [SendWorker:188978561024:QuorumCnxManager$SendWorker@688] - Send worker leaving thread
2015-07-29 19:35:38,909 - INFO  [/10.10.34.13:3888:QuorumCnxManager$Listener@493] - Received connection request /10.10.34.13:47161
2015-07-29 19:35:38,909 - WARN  [RecvWorker:188978561024:QuorumCnxManager$RecvWorker@762] - Connection broken for id 188978561024, my id = 3, error = 
2015-07-29 19:35:38,909 - WARN  [RecvWorker:188978561024:QuorumCnxManager$RecvWorker@765] - Interrupting SendWorker
2015-07-29 19:35:38,909 - INFO  [/10.10.34.13:3888:QuorumCnxManager$Listener@493] - Received connection request /10.10.34.13:47162
2015-07-29 19:35:38,910 - WARN  [SendWorker:188978561024:QuorumCnxManager$SendWorker@679] - Interrupted while waiting for message on queue
2015-07-29 19:35:38,910 - WARN  [SendWorker:188978561024:QuorumCnxManager$SendWorker@688] - Send worker leaving thread
2015-07-29 19:35:38,910 - INFO  [/10.10.34.13:3888:QuorumCnxManager$Listener@493] - Received connection request /10.10.34.13:47163
2015-07-29 19:35:38,910 - WARN  [RecvWorker:188978561024:QuorumCnxManager$RecvWorker@762] - Connection broken for id 188978561024, my id = 3, error = 
2015-07-29 19:35:38,910 - WARN  [RecvWorker:188978561024:QuorumCnxManager$RecvWorker@765] - Interrupting SendWorker
2015-07-29 19:35:38,910 - WARN  [SendWorker:188978561024:QuorumCnxManager$SendWorker@679] - Interrupted while waiting for message on queue
2015-07-29 19:35:38,910 - WARN  [SendWorker:188978561024:QuorumCnxManager$SendWorker@688] - Send worker leaving thread
2015-07-29 19:35:38,911 - WARN  [RecvWorker:188978561024:QuorumCnxManager$RecvWorker@762] - Connection broken for id 188978561024, my id = 3, error = 
2015-07-29 19:35:38,911 - WARN  [RecvWorker:188978561024:QuorumCnxManager$RecvWorker@765] - Interrupting SendWorker
2015-07-29 19:35:38,911 - WARN  [SendWorker:188978561024:QuorumCnxManager$SendWorker@679] - Interrupted while waiting for message on queue
2015-07-29 19:35:38,911 - WARN  [SendWorker:188978561024:QuorumCnxManager$SendWorker@688] - Send worker leaving thread
2015-07-29 19:35:42,050 - INFO  [/10.10.34.13:3888:QuorumCnxManager$Listener@493] - Received connection request /10.10.34.11:49737
2015-07-29 19:35:42,051 - INFO  [/10.10.34.13:3888:QuorumCnxManager$Listener@493] - Received connection request /10.10.34.11:49738
2015-07-29 19:35:42,051 - WARN  [RecvWorker:188978561024:QuorumCnxManager$RecvWorker@762] - Connection broken for id 188978561024, my id = 3, error = 
2015-07-29 19:35:42,051 - WARN  [RecvWorker:188978561024:QuorumCnxManager$RecvWorker@765] - Interrupting SendWorker
2015-07-29 19:35:42,051 - WARN  [SendWorker:188978561024:QuorumCnxManager$SendWorker@679] - Interrupted while waiting for message on queue
2015-07-29 19:35:42,052 - WARN  [SendWorker:188978561024:QuorumCnxManager$SendWorker@688] - Send worker leaving thread
2015-07-29 19:35:42,052 - WARN  [RecvWorker:188978561024:QuorumCnxManager$RecvWorker@762] - Connection broken for id 188978561024, my id = 3, error = 
2015-07-29 19:35:42,052 - WARN  [RecvWorker:188978561024:QuorumCnxManager$RecvWorker@765] - Interrupting SendWorker
2015-07-29 19:35:42,052 - WARN  [SendWorker:188978561024:QuorumCnxManager$SendWorker@679] - Interrupted while waiting for message on queue
2015-07-29 19:35:42,052 - WARN  [SendWorker:188978561024:QuorumCnxManager$SendWorker@688] - Send worker leaving thread
2015-07-29 19:35:42,056 - INFO  [/10.10.34.13:3888:QuorumCnxManager$Listener@493] - Received connection request /10.10.34.11:49745
2015-07-29 19:35:42,057 - INFO  [/10.10.34.13:3888:QuorumCnxManager$Listener@493] - Received connection request /10.10.34.11:49746
2015-07-29 19:35:42,057 - WARN  [RecvWorker:188978561024:QuorumCnxManager$RecvWorker@762] - Connection broken for id 188978561024, my id = 3, error = 
2015-07-29 19:35:42,057 - WARN  [RecvWorker:188978561024:QuorumCnxManager$RecvWorker@765] - Interrupting SendWorker
2015-07-29 19:35:42,057 - WARN  [SendWorker:188978561024:QuorumCnxManager$SendWorker@679] - Interrupted while waiting for message on queue
2015-07-29 19:35:42,057 - WARN  [SendWorker:188978561024:QuorumCnxManager$SendWorker@688] - Send worker leaving thread
2015-07-29 19:35:42,057 - WARN  [RecvWorker:188978561024:QuorumCnxManager$RecvWorker@762] - Connection broken for id 188978561024, my id = 3, error = 
2015-07-29 19:35:42,057 - WARN  [RecvWorker:188978561024:QuorumCnxManager$RecvWorker@765] - Interrupting SendWorker
2015-07-29 19:35:42,058 - WARN  [SendWorker:188978561024:QuorumCnxManager$SendWorker@679] - Interrupted while waiting for message on queue
2015-07-29 19:35:42,058 - WARN  [SendWorker:188978561024:QuorumCnxManager$SendWorker@688] - Send worker leaving thread
2015-07-29 19:35:42,135 - INFO  [/10.10.34.13:3888:QuorumCnxManager$Listener@493] - Received connection request /10.10.34.12:49894
2015-07-29 19:35:42,135 - WARN  [RecvWorker:188978561024:QuorumCnxManager$RecvWorker@762] - Connection broken for id 188978561024, my id = 3, error = 
2015-07-29 19:35:42,136 - WARN  [RecvWorker:188978561024:QuorumCnxManager$RecvWorker@765] - Interrupting SendWorker
2015-07-29 19:35:42,136 - WARN  [SendWorker:188978561024:QuorumCnxManager$SendWorker@679] - Interrupted while waiting for message on queue
2015-07-29 19:35:42,136 - WARN  [SendWorker:188978561024:QuorumCnxManager$SendWorker@688] - Send worker leaving thread
2015-07-29 19:35:42,137 - INFO  [/10.10.34.13:3888:QuorumCnxManager$Listener@493] - Received connection request /10.10.34.12:49897
2015-07-29 19:35:42,138 - WARN  [RecvWorker:188978561024:QuorumCnxManager$RecvWorker@762] - Connection broken for id 188978561024, my id = 3, error = 
2015-07-29 19:35:42,138 - WARN  [RecvWorker:188978561024:QuorumCnxManager$RecvWorker@765] - Interrupting SendWorker
2015-07-29 19:35:42,138 - WARN  [SendWorker:188978561024:QuorumCnxManager$SendWorker@679] - Interrupted while waiting for message on queue
2015-07-29 19:35:42,138 - WARN  [SendWorker:188978561024:QuorumCnxManager$SendWorker@688] - Send worker leaving thread
2015-07-29 19:35:42,139 - INFO  [/10.10.34.13:3888:QuorumCnxManager$Listener@493] - Received connection request /10.10.34.12:49902
2015-07-29 19:35:42,140 - WARN  [RecvWorker:188978561024:QuorumCnxManager$RecvWorker@762] - Connection broken for id 188978561024, my id = 3, error = 
2015-07-29 19:35:42,140 - WARN  [RecvWorker:188978561024:QuorumCnxManager$RecvWorker@765] - Interrupting SendWorker
2015-07-29 19:35:42,140 - INFO  [/10.10.34.13:3888:QuorumCnxManager$Listener@493] - Received connection request /10.10.34.12:49903
2015-07-29 19:35:42,140 - WARN  [SendWorker:188978561024:QuorumCnxManager$SendWorker@679] - Interrupted while waiting for message on queue
2015-07-29 19:35:42,141 - WARN  [SendWorker:188978561024:QuorumCnxManager$SendWorker@688] - Send worker leaving thread
2015-07-29 19:35:42,141 - WARN  [RecvWorker:188978561024:QuorumCnxManager$RecvWorker@762] - Connection broken for id 188978561024, my id = 3, error = 
2015-07-29 19:35:42,141 - WARN  [RecvWorker:188978561024:QuorumCnxManager$RecvWorker@765] - Interrupting SendWorker
2015-07-29 19:35:42,141 - WARN  [SendWorker:188978561024:QuorumCnxManager$SendWorker@679] - Interrupted while waiting for message on queue
2015-07-29 19:35:42,141 - WARN  [SendWorker:188978561024:QuorumCnxManager$SendWorker@688] - Send worker leaving thread
2015-07-29 19:35:42,242 - INFO  [/10.10.34.13:3888:QuorumCnxManager$Listener@493] - Received connection request /10.10.34.13:47166
2015-07-29 19:35:42,243 - WARN  [RecvWorker:188978561024:QuorumCnxManager$RecvWorker@762] - Connection broken for id 188978561024, my id = 3, error = 
2015-07-29 19:35:42,243 - WARN  [RecvWorker:188978561024:QuorumCnxManager$RecvWorker@765] - Interrupting SendWorker
2015-07-29 19:35:42,243 - WARN  [SendWorker:188978561024:QuorumCnxManager$SendWorker@679] - Interrupted while waiting for message on queue
2015-07-29 19:35:42,244 - WARN  [SendWorker:188978561024:QuorumCnxManager$SendWorker@688] - Send worker leaving thread
2015-07-29 19:35:42,249 - INFO  [/10.10.34.13:3888:QuorumCnxManager$Listener@493] - Received connection request /10.10.34.13:47172
2015-07-29 19:35:42,249 - WARN  [RecvWorker:188978561024:QuorumCnxManager$RecvWorker@762] - Connection broken for id 188978561024, my id = 3, error = 
2015-07-29 19:35:42,249 - WARN  [RecvWorker:188978561024:QuorumCnxManager$RecvWorker@765] - Interrupting SendWorker
2015-07-29 19:35:42,249 - INFO  [/10.10.34.13:3888:QuorumCnxManager$Listener@493] - Received connection request /10.10.34.13:47174
2015-07-29 19:35:42,249 - WARN  [SendWorker:188978561024:QuorumCnxManager$SendWorker@679] - Interrupted while waiting for message on queue
2015-07-29 19:35:42,250 - WARN  [SendWorker:188978561024:QuorumCnxManager$SendWorker@688] - Send worker leaving thread
2015-07-29 19:35:42,250 - INFO  [/10.10.34.13:3888:QuorumCnxManager$Listener@493] - Received connection request /10.10.34.13:47175
2015-07-29 19:35:42,250 - WARN  [RecvWorker:188978561024:QuorumCnxManager$RecvWorker@762] - Connection broken for id 188978561024, my id = 3, error = 
2015-07-29 19:35:42,250 - WARN  [RecvWorker:188978561024:QuorumCnxManager$RecvWorker@765] - Interrupting SendWorker
2015-07-29 19:35:42,250 - WARN  [SendWorker:188978561024:QuorumCnxManager$SendWorker@679] - Interrupted while waiting for message on queue
2015-07-29 19:35:42,251 - WARN  [SendWorker:188978561024:QuorumCnxManager$SendWorker@688] - Send worker leaving thread
2015-07-29 19:35:42,251 - WARN  [RecvWorker:188978561024:QuorumCnxManager$RecvWorker@762] - Connection broken for id 188978561024, my id = 3, error = 
2015-07-29 19:35:42,251 - WARN  [RecvWorker:188978561024:QuorumCnxManager$RecvWorker@765] - Interrupting SendWorker
2015-07-29 19:35:42,251 - WARN  [SendWorker:188978561024:QuorumCnxManager$SendWorker@679] - Interrupted while waiting for message on queue
2015-07-29 19:35:42,251 - WARN  [SendWorker:188978561024:QuorumCnxManager$SendWorker@688] - Send worker leaving thread
2015-07-29 19:35:45,391 - INFO  [/10.10.34.13:3888:QuorumCnxManager$Listener@493] - Received connection request /10.10.34.11:49749
2015-07-29 19:35:45,391 - INFO  [/10.10.34.13:3888:QuorumCnxManager$Listener@493] - Received connection request /10.10.34.11:49750
2015-07-29 19:35:45,391 - WARN  [RecvWorker:188978561024:QuorumCnxManager$RecvWorker@762] - Connection broken for id 188978561024, my id = 3, error = 
2015-07-29 19:35:45,391 - WARN  [RecvWorker:188978561024:QuorumCnxManager$RecvWorker@765] - Interrupting SendWorker
2015-07-29 19:35:45,391 - WARN  [SendWorker:188978561024:QuorumCnxManager$SendWorker@679] - Interrupted while waiting for message on queue
2015-07-29 19:35:45,392 - WARN  [SendWorker:188978561024:QuorumCnxManager$SendWorker@688] - Send worker leaving thread
2015-07-29 19:35:45,392 - WARN  [RecvWorker:188978561024:QuorumCnxManager$RecvWorker@762] - Connection broken for id 188978561024, my id = 3, error = 
2015-07-29 19:35:45,392 - WARN  [RecvWorker:188978561024:QuorumCnxManager$RecvWorker@765] - Interrupting SendWorker
2015-07-29 19:35:45,392 - WARN  [SendWorker:188978561024:QuorumCnxManager$SendWorker@679] - Interrupted while waiting for message on queue
2015-07-29 19:35:45,392 - WARN  [SendWorker:188978561024:QuorumCnxManager$SendWorker@688] - Send worker leaving thread
2015-07-29 19:35:45,397 - INFO  [/10.10.34.13:3888:QuorumCnxManager$Listener@493] - Received connection request /10.10.34.11:49757
2015-07-29 19:35:45,397 - INFO  [/10.10.34.13:3888:QuorumCnxManager$Listener@493] - Received connection request /10.10.34.11:49758
2015-07-29 19:35:45,397 - WARN  [RecvWorker:188978561024:QuorumCnxManager$RecvWorker@762] - Connection broken for id 188978561024, my id = 3, error = 
2015-07-29 19:35:45,397 - WARN  [RecvWorker:188978561024:QuorumCnxManager$RecvWorker@765] - Interrupting SendWorker
2015-07-29 19:35:45,397 - WARN  [SendWorker:188978561024:QuorumCnxManager$SendWorker@679] - Interrupted while waiting for message on queue
2015-07-29 19:35:45,398 - WARN  [SendWorker:188978561024:QuorumCnxManager$SendWorker@688] - Send worker leaving thread
2015-07-29 19:35:45,398 - WARN  [RecvWorker:188978561024:QuorumCnxManager$RecvWorker@762] - Connection broken for id 188978561024, my id = 3, error = 
2015-07-29 19:35:45,398 - WARN  [RecvWorker:188978561024:QuorumCnxManager$RecvWorker@765] - Interrupting SendWorker
2015-07-29 19:35:45,398 - WARN  [SendWorker:188978561024:QuorumCnxManager$SendWorker@679] - Interrupted while waiting for message on queue
2015-07-29 19:35:45,398 - WARN  [SendWorker:188978561024:QuorumCnxManager$SendWorker@688] - Send worker leaving thread
2015-07-29 19:35:45,475 - INFO  [/10.10.34.13:3888:QuorumCnxManager$Listener@493] - Received connection request /10.10.34.12:49906
2015-07-29 19:35:45,475 - WARN  [RecvWorker:188978561024:QuorumCnxManager$RecvWorker@762] - Connection broken for id 188978561024, my id = 3, error = 
2015-07-29 19:35:45,476 - WARN  [RecvWorker:188978561024:QuorumCnxManager$RecvWorker@765] - Interrupting SendWorker
2015-07-29 19:35:45,476 - WARN  [SendWorker:188978561024:QuorumCnxManager$SendWorker@679] - Interrupted while waiting for message on queue
2015-07-29 19:35:45,476 - WARN  [SendWorker:188978561024:QuorumCnxManager$SendWorker@688] - Send worker leaving thread
2015-07-29 19:35:45,477 - INFO  [/10.10.34.13:3888:QuorumCnxManager$Listener@493] - Received connection request /10.10.34.12:49909
2015-07-29 19:35:45,478 - WARN  [RecvWorker:188978561024:QuorumCnxManager$RecvWorker@762] - Connection broken for id 188978561024, my id = 3, error = 
2015-07-29 19:35:45,478 - WARN  [RecvWorker:188978561024:QuorumCnxManager$RecvWorker@765] - Interrupting SendWorker
2015-07-29 19:35:45,478 - WARN  [SendWorker:188978561024:QuorumCnxManager$SendWorker@679] - Interrupted while waiting for message on queue
2015-07-29 19:35:45,478 - WARN  [SendWorker:188978561024:QuorumCnxManager$SendWorker@688] - Send worker leaving thread
2015-07-29 19:35:45,479 - INFO  [/10.10.34.13:3888:QuorumCnxManager$Listener@493] - Received connection request /10.10.34.12:49914
2015-07-29 19:35:45,480 - WARN  [RecvWorker:188978561024:QuorumCnxManager$RecvWorker@762] - Connection broken for id 188978561024, my id = 3, error = 
2015-07-29 19:35:45,480 - WARN  [RecvWorker:188978561024:QuorumCnxManager$RecvWorker@765] - Interrupting SendWorker
2015-07-29 19:35:45,480 - INFO  [/10.10.34.13:3888:QuorumCnxManager$Listener@493] - Received connection request /10.10.34.12:49915
2015-07-29 19:35:45,480 - WARN  [SendWorker:188978561024:QuorumCnxManager$SendWorker@679] - Interrupted while waiting for message on queue
2015-07-29 19:35:45,481 - WARN  [SendWorker:188978561024:QuorumCnxManager$SendWorker@688] - Send worker leaving thread
2015-07-29 19:35:45,481 - WARN  [RecvWorker:188978561024:QuorumCnxManager$RecvWorker@762] - Connection broken for id 188978561024, my id = 3, error = 
2015-07-29 19:35:45,481 - WARN  [RecvWorker:188978561024:QuorumCnxManager$RecvWorker@765] - Interrupting SendWorker
2015-07-29 19:35:45,481 - WARN  [SendWorker:188978561024:QuorumCnxManager$SendWorker@679] - Interrupted while waiting for message on queue
2015-07-29 19:35:45,481 - WARN  [SendWorker:188978561024:QuorumCnxManager$SendWorker@688] - Send worker leaving thread
2015-07-29 19:35:45,582 - INFO  [/10.10.34.13:3888:QuorumCnxManager$Listener@493] - Received connection request /10.10.34.13:47178
2015-07-29 19:35:45,583 - WARN  [RecvWorker:188978561024:QuorumCnxManager$RecvWorker@762] - Connection broken for id 188978561024, my id = 3, error = 
2015-07-29 19:35:45,583 - WARN  [RecvWorker:188978561024:QuorumCnxManager$RecvWorker@765] - Interrupting SendWorker
2015-07-29 19:35:45,583 - WARN  [SendWorker:188978561024:QuorumCnxManager$SendWorker@679] - Interrupted while waiting for message on queue
2015-07-29 19:35:45,584 - WARN  [SendWorker:188978561024:QuorumCnxManager$SendWorker@688] - Send worker leaving thread
2015-07-29 19:35:45,589 - INFO  [/10.10.34.13:3888:QuorumCnxManager$Listener@493] - Received connection request /10.10.34.13:47184
2015-07-29 19:35:45,589 - WARN  [RecvWorker:188978561024:QuorumCnxManager$RecvWorker@762] - Connection broken for id 188978561024, my id = 3, error = 
2015-07-29 19:35:45,589 - WARN  [RecvWorker:188978561024:QuorumCnxManager$RecvWorker@765] - Interrupting SendWorker
2015-07-29 19:35:45,589 - WARN  [SendWorker:188978561024:QuorumCnxManager$SendWorker@679] - Interrupted while waiting for message on queue
2015-07-29 19:35:45,590 - WARN  [SendWorker:188978561024:QuorumCnxManager$SendWorker@688] - Send worker leaving thread
2015-07-29 19:35:45,589 - INFO  [/10.10.34.13:3888:QuorumCnxManager$Listener@493] - Received connection request /10.10.34.13:47186
2015-07-29 19:35:45,590 - INFO  [/10.10.34.13:3888:QuorumCnxManager$Listener@493] - Received connection request /10.10.34.13:47187
2015-07-29 19:35:45,590 - WARN  [RecvWorker:188978561024:QuorumCnxManager$RecvWorker@762] - Connection broken for id 188978561024, my id = 3, error = 
2015-07-29 19:35:45,591 - WARN  [RecvWorker:188978561024:QuorumCnxManager$RecvWorker@765] - Interrupting SendWorker
2015-07-29 19:35:45,591 - WARN  [SendWorker:188978561024:QuorumCnxManager$SendWorker@679] - Interrupted while waiting for message on queue
2015-07-29 19:35:45,591 - WARN  [SendWorker:188978561024:QuorumCnxManager$SendWorker@688] - Send worker leaving thread
2015-07-29 19:35:45,591 - WARN  [RecvWorker:188978561024:QuorumCnxManager$RecvWorker@762] - Connection broken for id 188978561024, my id = 3, error = 
2015-07-29 19:35:45,591 - WARN  [RecvWorker:188978561024:QuorumCnxManager$RecvWorker@765] - Interrupting SendWorker
2015-07-29 19:35:45,591 - WARN  [SendWorker:188978561024:QuorumCnxManager$SendWorker@679] - Interrupted while waiting for message on queue
2015-07-29 19:35:45,591 - WARN  [SendWorker:188978561024:QuorumCnxManager$SendWorker@688] - Send worker leaving thread
2015-07-29 19:35:48,731 - INFO  [/10.10.34.13:3888:QuorumCnxManager$Listener@493] - Received connection request /10.10.34.11:49761
2015-07-29 19:35:48,731 - INFO  [/10.10.34.13:3888:QuorumCnxManager$Listener@493] - Received connection request /10.10.34.11:49762
2015-07-29 19:35:48,731 - WARN  [RecvWorker:188978561024:QuorumCnxManager$RecvWorker@762] - Connection broken for id 188978561024, my id = 3, error = 
2015-07-29 19:35:48,732 - WARN  [RecvWorker:188978561024:QuorumCnxManager$RecvWorker@765] - Interrupting SendWorker
2015-07-29 19:35:48,732 - WARN  [SendWorker:188978561024:QuorumCnxManager$SendWorker@679] - Interrupted while waiting for message on queue
2015-07-29 19:35:48,732 - WARN  [SendWorker:188978561024:QuorumCnxManager$SendWorker@688] - Send worker leaving thread
2015-07-29 19:35:48,732 - WARN  [RecvWorker:188978561024:QuorumCnxManager$RecvWorker@762] - Connection broken for id 188978561024, my id = 3, error = 
2015-07-29 19:35:48,732 - WARN  [RecvWorker:188978561024:QuorumCnxManager$RecvWorker@765] - Interrupting SendWorker
2015-07-29 19:35:48,732 - WARN  [SendWorker:188978561024:QuorumCnxManager$SendWorker@679] - Interrupted while waiting for message on queue
2015-07-29 19:35:48,733 - WARN  [SendWorker:188978561024:QuorumCnxManager$SendWorker@688] - Send worker leaving thread
2015-07-29 19:35:48,737 - INFO  [/10.10.34.13:3888:QuorumCnxManager$Listener@493] - Received connection request /10.10.34.11:49769
2015-07-29 19:35:48,737 - INFO  [/10.10.34.13:3888:QuorumCnxManager$Listener@493] - Received connection request /10.10.34.11:49770
2015-07-29 19:35:48,737 - WARN  [RecvWorker:188978561024:QuorumCnxManager$RecvWorker@762] - Connection broken for id 188978561024, my id = 3, error = 
2015-07-29 19:35:48,737 - WARN  [RecvWorker:188978561024:QuorumCnxManager$RecvWorker@765] - Interrupting SendWorker
2015-07-29 19:35:48,737 - WARN  [SendWorker:188978561024:QuorumCnxManager$SendWorker@679] - Interrupted while waiting for message on queue
2015-07-29 19:35:48,738 - WARN  [SendWorker:188978561024:QuorumCnxManager$SendWorker@688] - Send worker leaving thread
2015-07-29 19:35:48,738 - WARN  [RecvWorker:188978561024:QuorumCnxManager$RecvWorker@762] - Connection broken for id 188978561024, my id = 3, error = 
2015-07-29 19:35:48,738 - WARN  [RecvWorker:188978561024:QuorumCnxManager$RecvWorker@765] - Interrupting SendWorker
2015-07-29 19:35:48,738 - WARN  [SendWorker:188978561024:QuorumCnxManager$SendWorker@679] - Interrupted while waiting for message on queue
2015-07-29 19:35:48,738 - WARN  [SendWorker:188978561024:QuorumCnxManager$SendWorker@688] - Send worker leaving thread
2015-07-29 19:35:48,815 - INFO  [/10.10.34.13:3888:QuorumCnxManager$Listener@493] - Received connection request /10.10.34.12:49918
2015-07-29 19:35:48,815 - WARN  [RecvWorker:188978561024:QuorumCnxManager$RecvWorker@762] - Connection broken for id 188978561024, my id = 3, error = 
2015-07-29 19:35:48,815 - WARN  [RecvWorker:188978561024:QuorumCnxManager$RecvWorker@765] - Interrupting SendWorker
2015-07-29 19:35:48,815 - WARN  [SendWorker:188978561024:QuorumCnxManager$SendWorker@679] - Interrupted while waiting for message on queue
2015-07-29 19:35:48,816 - WARN  [SendWorker:188978561024:QuorumCnxManager$SendWorker@688] - Send worker leaving thread
2015-07-29 19:35:48,817 - INFO  [/10.10.34.13:3888:QuorumCnxManager$Listener@493] - Received connection request /10.10.34.12:49922
2015-07-29 19:35:48,818 - WARN  [RecvWorker:188978561024:QuorumCnxManager$RecvWorker@762] - Connection broken for id 188978561024, my id = 3, error = 
2015-07-29 19:35:48,818 - WARN  [RecvWorker:188978561024:QuorumCnxManager$RecvWorker@765] - Interrupting SendWorker
2015-07-29 19:35:48,818 - WARN  [SendWorker:188978561024:QuorumCnxManager$SendWorker@679] - Interrupted while waiting for message on queue
2015-07-29 19:35:48,818 - WARN  [SendWorker:188978561024:QuorumCnxManager$SendWorker@688] - Send worker leaving thread
2015-07-29 19:35:48,819 - INFO  [/10.10.34.13:3888:QuorumCnxManager$Listener@493] - Received connection request /10.10.34.12:49926
2015-07-29 19:35:48,820 - WARN  [RecvWorker:188978561024:QuorumCnxManager$RecvWorker@762] - Connection broken for id 188978561024, my id = 3, error = 
2015-07-29 19:35:48,820 - WARN  [RecvWorker:188978561024:QuorumCnxManager$RecvWorker@765] - Interrupting SendWorker
2015-07-29 19:35:48,820 - WARN  [SendWorker:188978561024:QuorumCnxManager$SendWorker@679] - Interrupted while waiting for message on queue
2015-07-29 19:35:48,820 - WARN  [SendWorker:188978561024:QuorumCnxManager$SendWorker@688] - Send worker leaving thread
2015-07-29 19:35:48,820 - INFO  [/10.10.34.13:3888:QuorumCnxManager$Listener@493] - Received connection request /10.10.34.12:49927
2015-07-29 19:35:48,821 - WARN  [RecvWorker:188978561024:QuorumCnxManager$RecvWorker@762] - Connection broken for id 188978561024, my id = 3, error = 
2015-07-29 19:35:48,821 - WARN  [RecvWorker:188978561024:QuorumCnxManager$RecvWorker@765] - Interrupting SendWorker
2015-07-29 19:35:48,821 - WARN  [SendWorker:188978561024:QuorumCnxManager$SendWorker@679] - Interrupted while waiting for message on queue
2015-07-29 19:35:48,821 - WARN  [SendWorker:188978561024:QuorumCnxManager$SendWorker@688] - Send worker leaving thread
2015-07-29 19:35:48,922 - INFO  [/10.10.34.13:3888:QuorumCnxManager$Listener@493] - Received connection request /10.10.34.13:47190
2015-07-29 19:35:48,923 - WARN  [RecvWorker:188978561024:QuorumCnxManager$RecvWorker@762] - Connection broken for id 188978561024, my id = 3, error = 
2015-07-29 19:35:48,923 - WARN  [RecvWorker:188978561024:QuorumCnxManager$RecvWorker@765] - Interrupting SendWorker
2015-07-29 19:35:48,923 - WARN  [SendWorker:188978561024:QuorumCnxManager$SendWorker@679] - Interrupted while waiting for message on queue
2015-07-29 19:35:48,924 - WARN  [SendWorker:188978561024:QuorumCnxManager$SendWorker@688] - Send worker leaving thread
2015-07-29 19:35:48,929 - INFO  [/10.10.34.13:3888:QuorumCnxManager$Listener@493] - Received connection request /10.10.34.13:47196
2015-07-29 19:35:48,929 - WARN  [RecvWorker:188978561024:QuorumCnxManager$RecvWorker@762] - Connection broken for id 188978561024, my id = 3, error = 
2015-07-29 19:35:48,929 - WARN  [RecvWorker:188978561024:QuorumCnxManager$RecvWorker@765] - Interrupting SendWorker
2015-07-29 19:35:48,930 - WARN  [SendWorker:188978561024:QuorumCnxManager$SendWorker@679] - Interrupted while waiting for message on queue
2015-07-29 19:35:48,930 - WARN  [SendWorker:188978561024:QuorumCnxManager$SendWorker@688] - Send worker leaving thread
2015-07-29 19:35:48,930 - INFO  [/10.10.34.13:3888:QuorumCnxManager$Listener@493] - Received connection request /10.10.34.13:47198
2015-07-29 19:35:48,930 - INFO  [/10.10.34.13:3888:QuorumCnxManager$Listener@493] - Received connection request /10.10.34.13:47199
2015-07-29 19:35:48,930 - WARN  [RecvWorker:188978561024:QuorumCnxManager$RecvWorker@762] - Connection broken for id 188978561024, my id = 3, error = 
2015-07-29 19:35:48,931 - WARN  [RecvWorker:188978561024:QuorumCnxManager$RecvWorker@765] - Interrupting SendWorker
2015-07-29 19:35:48,931 - WARN  [SendWorker:188978561024:QuorumCnxManager$SendWorker@679] - Interrupted while waiting for message on queue
2015-07-29 19:35:48,931 - WARN  [SendWorker:188978561024:QuorumCnxManager$SendWorker@688] - Send worker leaving thread
2015-07-29 19:35:48,931 - WARN  [RecvWorker:188978561024:QuorumCnxManager$RecvWorker@762] - Connection broken for id 188978561024, my id = 3, error = 
2015-07-29 19:35:48,931 - WARN  [RecvWorker:188978561024:QuorumCnxManager$RecvWorker@765] - Interrupting SendWorker
2015-07-29 19:35:48,931 - WARN  [SendWorker:188978561024:QuorumCnxManager$SendWorker@679] - Interrupted while waiting for message on queue
2015-07-29 19:35:48,932 - WARN  [SendWorker:188978561024:QuorumCnxManager$SendWorker@688] - Send worker leaving thread
2015-07-29 19:35:52,071 - INFO  [/10.10.34.13:3888:QuorumCnxManager$Listener@493] - Received connection request /10.10.34.11:49773
2015-07-29 19:35:52,071 - INFO  [/10.10.34.13:3888:QuorumCnxManager$Listener@493] - Received connection request /10.10.34.11:49774
2015-07-29 19:35:52,072 - WARN  [RecvWorker:188978561024:QuorumCnxManager$RecvWorker@762] - Connection broken for id 188978561024, my id = 3, error = 
2015-07-29 19:35:52,072 - WARN  [RecvWorker:188978561024:QuorumCnxManager$RecvWorker@765] - Interrupting SendWorker
2015-07-29 19:35:52,072 - WARN  [SendWorker:188978561024:QuorumCnxManager$SendWorker@679] - Interrupted while waiting for message on queue
2015-07-29 19:35:52,072 - WARN  [SendWorker:188978561024:QuorumCnxManager$SendWorker@688] - Send worker leaving thread
2015-07-29 19:35:52,072 - WARN  [RecvWorker:188978561024:QuorumCnxManager$RecvWorker@762] - Connection broken for id 188978561024, my id = 3, error = 
2015-07-29 19:35:52,072 - WARN  [RecvWorker:188978561024:QuorumCnxManager$RecvWorker@765] - Interrupting SendWorker
2015-07-29 19:35:52,072 - WARN  [SendWorker:188978561024:QuorumCnxManager$SendWorker@679] - Interrupted while waiting for message on queue
2015-07-29 19:35:52,073 - WARN  [SendWorker:188978561024:QuorumCnxManager$SendWorker@688] - Send worker leaving thread
2015-07-29 19:35:52,077 - INFO  [/10.10.34.13:3888:QuorumCnxManager$Listener@493] - Received connection request /10.10.34.11:49781
2015-07-29 19:35:52,077 - INFO  [/10.10.34.13:3888:QuorumCnxManager$Listener@493] - Received connection request /10.10.34.11:49782
2015-07-29 19:35:52,077 - WARN  [RecvWorker:188978561024:QuorumCnxManager$RecvWorker@762] - Connection broken for id 188978561024, my id = 3, error = 
2015-07-29 19:35:52,077 - WARN  [RecvWorker:188978561024:QuorumCnxManager$RecvWorker@765] - Interrupting SendWorker
2015-07-29 19:35:52,077 - WARN  [SendWorker:188978561024:QuorumCnxManager$SendWorker@679] - Interrupted while waiting for message on queue
2015-07-29 19:35:52,078 - WARN  [SendWorker:188978561024:QuorumCnxManager$SendWorker@688] - Send worker leaving thread
2015-07-29 19:35:52,078 - WARN  [RecvWorker:188978561024:QuorumCnxManager$RecvWorker@762] - Connection broken for id 188978561024, my id = 3, error = 
2015-07-29 19:35:52,078 - WARN  [RecvWorker:188978561024:QuorumCnxManager$RecvWorker@765] - Interrupting SendWorker
2015-07-29 19:35:52,078 - WARN  [SendWorker:188978561024:QuorumCnxManager$SendWorker@679] - Interrupted while waiting for message on queue
2015-07-29 19:35:52,078 - WARN  [SendWorker:188978561024:QuorumCnxManager$SendWorker@688] - Send worker leaving thread
2015-07-29 19:35:52,155 - INFO  [/10.10.34.13:3888:QuorumCnxManager$Listener@493] - Received connection request /10.10.34.12:49930
2015-07-29 19:35:52,155 - WARN  [RecvWorker:188978561024:QuorumCnxManager$RecvWorker@762] - Connection broken for id 188978561024, my id = 3, error = 
2015-07-29 19:35:52,155 - WARN  [RecvWorker:188978561024:QuorumCnxManager$RecvWorker@765] - Interrupting SendWorker
2015-07-29 19:35:52,156 - WARN  [SendWorker:188978561024:QuorumCnxManager$SendWorker@679] - Interrupted while waiting for message on queue
2015-07-29 19:35:52,156 - WARN  [SendWorker:188978561024:QuorumCnxManager$SendWorker@688] - Send worker leaving thread
2015-07-29 19:35:52,157 - INFO  [/10.10.34.13:3888:QuorumCnxManager$Listener@493] - Received connection request /10.10.34.12:49934
2015-07-29 19:35:52,158 - WARN  [RecvWorker:188978561024:QuorumCnxManager$RecvWorker@762] - Connection broken for id 188978561024, my id = 3, error = 
2015-07-29 19:35:52,158 - WARN  [RecvWorker:188978561024:QuorumCnxManager$RecvWorker@765] - Interrupting SendWorker
2015-07-29 19:35:52,158 - WARN  [SendWorker:188978561024:QuorumCnxManager$SendWorker@679] - Interrupted while waiting for message on queue
2015-07-29 19:35:52,159 - WARN  [SendWorker:188978561024:QuorumCnxManager$SendWorker@688] - Send worker leaving thread
2015-07-29 19:35:52,159 - INFO  [/10.10.34.13:3888:QuorumCnxManager$Listener@493] - Received connection request /10.10.34.12:49938
2015-07-29 19:35:52,160 - WARN  [RecvWorker:188978561024:QuorumCnxManager$RecvWorker@762] - Connection broken for id 188978561024, my id = 3, error = 
2015-07-29 19:35:52,160 - WARN  [RecvWorker:188978561024:QuorumCnxManager$RecvWorker@765] - Interrupting SendWorker
2015-07-29 19:35:52,160 - WARN  [SendWorker:188978561024:QuorumCnxManager$SendWorker@679] - Interrupted while waiting for message on queue
2015-07-29 19:35:52,160 - WARN  [SendWorker:188978561024:QuorumCnxManager$SendWorker@688] - Send worker leaving thread
2015-07-29 19:35:52,160 - INFO  [/10.10.34.13:3888:QuorumCnxManager$Listener@493] - Received connection request /10.10.34.12:49939
2015-07-29 19:35:52,161 - WARN  [RecvWorker:188978561024:QuorumCnxManager$RecvWorker@762] - Connection broken for id 188978561024, my id = 3, error = 
2015-07-29 19:35:52,161 - WARN  [RecvWorker:188978561024:QuorumCnxManager$RecvWorker@765] - Interrupting SendWorker
2015-07-29 19:35:52,161 - WARN  [SendWorker:188978561024:QuorumCnxManager$SendWorker@679] - Interrupted while waiting for message on queue
2015-07-29 19:35:52,161 - WARN  [SendWorker:188978561024:QuorumCnxManager$SendWorker@688] - Send worker leaving thread
2015-07-29 19:35:52,262 - INFO  [/10.10.34.13:3888:QuorumCnxManager$Listener@493] - Received connection request /10.10.34.13:47202
2015-07-29 19:35:52,263 - WARN  [RecvWorker:188978561024:QuorumCnxManager$RecvWorker@762] - Connection broken for id 188978561024, my id = 3, error = 
2015-07-29 19:35:52,263 - WARN  [RecvWorker:188978561024:QuorumCnxManager$RecvWorker@765] - Interrupting SendWorker
2015-07-29 19:35:52,263 - WARN  [SendWorker:188978561024:QuorumCnxManager$SendWorker@679] - Interrupted while waiting for message on queue
2015-07-29 19:35:52,264 - WARN  [SendWorker:188978561024:QuorumCnxManager$SendWorker@688] - Send worker leaving thread
2015-07-29 19:35:52,269 - INFO  [/10.10.34.13:3888:QuorumCnxManager$Listener@493] - Received connection request /10.10.34.13:47208
2015-07-29 19:35:52,269 - WARN  [RecvWorker:188978561024:QuorumCnxManager$RecvWorker@762] - Connection broken for id 188978561024, my id = 3, error = 
2015-07-29 19:35:52,269 - WARN  [RecvWorker:188978561024:QuorumCnxManager$RecvWorker@765] - Interrupting SendWorker
2015-07-29 19:35:52,270 - WARN  [SendWorker:188978561024:QuorumCnxManager$SendWorker@679] - Interrupted while waiting for message on queue
2015-07-29 19:35:52,270 - WARN  [SendWorker:188978561024:QuorumCnxManager$SendWorker@688] - Send worker leaving thread
2015-07-29 19:35:52,270 - INFO  [/10.10.34.13:3888:QuorumCnxManager$Listener@493] - Received connection request /10.10.34.13:47210
2015-07-29 19:35:52,271 - INFO  [/10.10.34.13:3888:QuorumCnxManager$Listener@493] - Received connection request /10.10.34.13:47211
2015-07-29 19:35:52,271 - WARN  [RecvWorker:188978561024:QuorumCnxManager$RecvWorker@762] - Connection broken for id 188978561024, my id = 3, error = 
2015-07-29 19:35:52,271 - WARN  [RecvWorker:188978561024:QuorumCnxManager$RecvWorker@765] - Interrupting SendWorker
2015-07-29 19:35:52,271 - WARN  [SendWorker:188978561024:QuorumCnxManager$SendWorker@679] - Interrupted while waiting for message on queue
2015-07-29 19:35:52,271 - WARN  [SendWorker:188978561024:QuorumCnxManager$SendWorker@688] - Send worker leaving thread
2015-07-29 19:35:52,271 - WARN  [RecvWorker:188978561024:QuorumCnxManager$RecvWorker@762] - Connection broken for id 188978561024, my id = 3, error = 
2015-07-29 19:35:52,271 - WARN  [RecvWorker:188978561024:QuorumCnxManager$RecvWorker@765] - Interrupting SendWorker
2015-07-29 19:35:52,272 - WARN  [SendWorker:188978561024:QuorumCnxManager$SendWorker@679] - Interrupted while waiting for message on queue
2015-07-29 19:35:52,272 - WARN  [SendWorker:188978561024:QuorumCnxManager$SendWorker@688] - Send worker leaving thread
2015-07-29 19:35:55,411 - INFO  [/10.10.34.13:3888:QuorumCnxManager$Listener@493] - Received connection request /10.10.34.11:49785
2015-07-29 19:35:55,412 - INFO  [/10.10.34.13:3888:QuorumCnxManager$Listener@493] - Received connection request /10.10.34.11:49786
2015-07-29 19:35:55,412 - WARN  [RecvWorker:188978561024:QuorumCnxManager$RecvWorker@762] - Connection broken for id 188978561024, my id = 3, error = 
2015-07-29 19:35:55,412 - WARN  [RecvWorker:188978561024:QuorumCnxManager$RecvWorker@765] - Interrupting SendWorker
2015-07-29 19:35:55,412 - WARN  [SendWorker:188978561024:QuorumCnxManager$SendWorker@679] - Interrupted while waiting for message on queue
2015-07-29 19:35:55,412 - WARN  [SendWorker:188978561024:QuorumCnxManager$SendWorker@688] - Send worker leaving thread
2015-07-29 19:35:55,413 - WARN  [RecvWorker:188978561024:QuorumCnxManager$RecvWorker@762] - Connection broken for id 188978561024, my id = 3, error = 
2015-07-29 19:35:55,413 - WARN  [RecvWorker:188978561024:QuorumCnxManager$RecvWorker@765] - Interrupting SendWorker
2015-07-29 19:35:55,413 - WARN  [SendWorker:188978561024:QuorumCnxManager$SendWorker@679] - Interrupted while waiting for message on queue
2015-07-29 19:35:55,413 - WARN  [SendWorker:188978561024:QuorumCnxManager$SendWorker@688] - Send worker leaving thread
2015-07-29 19:35:55,416 - INFO  [/10.10.34.13:3888:QuorumCnxManager$Listener@493] - Received connection request /10.10.34.11:49793
2015-07-29 19:35:55,417 - INFO  [/10.10.34.13:3888:QuorumCnxManager$Listener@493] - Received connection request /10.10.34.11:49794
2015-07-29 19:35:55,417 - WARN  [RecvWorker:188978561024:QuorumCnxManager$RecvWorker@762] - Connection broken for id 188978561024, my id = 3, error = 
2015-07-29 19:35:55,417 - WARN  [RecvWorker:188978561024:QuorumCnxManager$RecvWorker@765] - Interrupting SendWorker
2015-07-29 19:35:55,417 - WARN  [SendWorker:188978561024:QuorumCnxManager$SendWorker@679] - Interrupted while waiting for message on queue
2015-07-29 19:35:55,417 - WARN  [SendWorker:188978561024:QuorumCnxManager$SendWorker@688] - Send worker leaving thread
2015-07-29 19:35:55,417 - WARN  [RecvWorker:188978561024:QuorumCnxManager$RecvWorker@762] - Connection broken for id 188978561024, my id = 3, error = 
2015-07-29 19:35:55,418 - WARN  [RecvWorker:188978561024:QuorumCnxManager$RecvWorker@765] - Interrupting SendWorker
2015-07-29 19:35:55,418 - WARN  [SendWorker:188978561024:QuorumCnxManager$SendWorker@679] - Interrupted while waiting for message on queue
2015-07-29 19:35:55,418 - WARN  [SendWorker:188978561024:QuorumCnxManager$SendWorker@688] - Send worker leaving thread
2015-07-29 19:35:55,495 - INFO  [/10.10.34.13:3888:QuorumCnxManager$Listener@493] - Received connection request /10.10.34.12:49942
2015-07-29 19:35:55,495 - WARN  [RecvWorker:188978561024:QuorumCnxManager$RecvWorker@762] - Connection broken for id 188978561024, my id = 3, error = 
2015-07-29 19:35:55,496 - WARN  [RecvWorker:188978561024:QuorumCnxManager$RecvWorker@765] - Interrupting SendWorker
2015-07-29 19:35:55,496 - WARN  [SendWorker:188978561024:QuorumCnxManager$SendWorker@679] - Interrupted while waiting for message on queue
2015-07-29 19:35:55,496 - WARN  [SendWorker:188978561024:QuorumCnxManager$SendWorker@688] - Send worker leaving thread
2015-07-29 19:35:55,497 - INFO  [/10.10.34.13:3888:QuorumCnxManager$Listener@493] - Received connection request /10.10.34.12:49945
2015-07-29 19:35:55,498 - WARN  [RecvWorker:188978561024:QuorumCnxManager$RecvWorker@762] - Connection broken for id 188978561024, my id = 3, error = 
2015-07-29 19:35:55,498 - WARN  [RecvWorker:188978561024:QuorumCnxManager$RecvWorker@765] - Interrupting SendWorker
2015-07-29 19:35:55,498 - WARN  [SendWorker:188978561024:QuorumCnxManager$SendWorker@679] - Interrupted while waiting for message on queue
2015-07-29 19:35:55,499 - WARN  [SendWorker:188978561024:QuorumCnxManager$SendWorker@688] - Send worker leaving thread
2015-07-29 19:35:55,499 - INFO  [/10.10.34.13:3888:QuorumCnxManager$Listener@493] - Received connection request /10.10.34.12:49949
2015-07-29 19:35:55,499 - WARN  [RecvWorker:188978561024:QuorumCnxManager$RecvWorker@762] - Connection broken for id 188978561024, my id = 3, error = 
2015-07-29 19:35:55,500 - WARN  [RecvWorker:188978561024:QuorumCnxManager$RecvWorker@765] - Interrupting SendWorker
2015-07-29 19:35:55,500 - WARN  [SendWorker:188978561024:QuorumCnxManager$SendWorker@679] - Interrupted while waiting for message on queue
2015-07-29 19:35:55,500 - WARN  [SendWorker:188978561024:QuorumCnxManager$SendWorker@688] - Send worker leaving thread
2015-07-29 19:35:55,500 - INFO  [/10.10.34.13:3888:QuorumCnxManager$Listener@493] - Received connection request /10.10.34.12:49952
2015-07-29 19:35:55,501 - WARN  [RecvWorker:188978561024:QuorumCnxManager$RecvWorker@762] - Connection broken for id 188978561024, my id = 3, error = 
2015-07-29 19:35:55,501 - WARN  [RecvWorker:188978561024:QuorumCnxManager$RecvWorker@765] - Interrupting SendWorker
2015-07-29 19:35:55,501 - WARN  [SendWorker:188978561024:QuorumCnxManager$SendWorker@679] - Interrupted while waiting for message on queue
2015-07-29 19:35:55,501 - WARN  [SendWorker:188978561024:QuorumCnxManager$SendWorker@688] - Send worker leaving thread
2015-07-29 19:35:55,603 - INFO  [/10.10.34.13:3888:QuorumCnxManager$Listener@493] - Received connection request /10.10.34.13:47214
2015-07-29 19:35:55,603 - WARN  [RecvWorker:188978561024:QuorumCnxManager$RecvWorker@762] - Connection broken for id 188978561024, my id = 3, error = 
2015-07-29 19:35:55,603 - WARN  [RecvWorker:188978561024:QuorumCnxManager$RecvWorker@765] - Interrupting SendWorker
2015-07-29 19:35:55,603 - WARN  [SendWorker:188978561024:QuorumCnxManager$SendWorker@679] - Interrupted while waiting for message on queue
2015-07-29 19:35:55,604 - WARN  [SendWorker:188978561024:QuorumCnxManager$SendWorker@688] - Send worker leaving thread
2015-07-29 19:35:55,609 - INFO  [/10.10.34.13:3888:QuorumCnxManager$Listener@493] - Received connection request /10.10.34.13:47220
2015-07-29 19:35:55,610 - WARN  [RecvWorker:188978561024:QuorumCnxManager$RecvWorker@762] - Connection broken for id 188978561024, my id = 3, error = 
2015-07-29 19:35:55,610 - WARN  [RecvWorker:188978561024:QuorumCnxManager$RecvWorker@765] - Interrupting SendWorker
2015-07-29 19:35:55,610 - WARN  [SendWorker:188978561024:QuorumCnxManager$SendWorker@679] - Interrupted while waiting for message on queue
2015-07-29 19:35:55,610 - WARN  [SendWorker:188978561024:QuorumCnxManager$SendWorker@688] - Send worker leaving thread
2015-07-29 19:35:55,610 - INFO  [/10.10.34.13:3888:QuorumCnxManager$Listener@493] - Received connection request /10.10.34.13:47222
2015-07-29 19:35:55,611 - INFO  [/10.10.34.13:3888:QuorumCnxManager$Listener@493] - Received connection request /10.10.34.13:47223
2015-07-29 19:35:55,611 - WARN  [RecvWorker:188978561024:QuorumCnxManager$RecvWorker@762] - Connection broken for id 188978561024, my id = 3, error = 
2015-07-29 19:35:55,611 - WARN  [RecvWorker:188978561024:QuorumCnxManager$RecvWorker@765] - Interrupting SendWorker
2015-07-29 19:35:55,611 - WARN  [SendWorker:188978561024:QuorumCnxManager$SendWorker@679] - Interrupted while waiting for message on queue
2015-07-29 19:35:55,611 - WARN  [SendWorker:188978561024:QuorumCnxManager$SendWorker@688] - Send worker leaving thread
2015-07-29 19:35:55,612 - WARN  [RecvWorker:188978561024:QuorumCnxManager$RecvWorker@762] - Connection broken for id 188978561024, my id = 3, error = 
2015-07-29 19:35:55,612 - WARN  [RecvWorker:188978561024:QuorumCnxManager$RecvWorker@765] - Interrupting SendWorker
2015-07-29 19:35:55,612 - WARN  [SendWorker:188978561024:QuorumCnxManager$SendWorker@679] - Interrupted while waiting for message on queue
2015-07-29 19:35:55,612 - WARN  [SendWorker:188978561024:QuorumCnxManager$SendWorker@688] - Send worker leaving thread
2015-07-29 19:35:58,752 - INFO  [/10.10.34.13:3888:QuorumCnxManager$Listener@493] - Received connection request /10.10.34.11:49797
2015-07-29 19:35:58,752 - INFO  [/10.10.34.13:3888:QuorumCnxManager$Listener@493] - Received connection request /10.10.34.11:49798
2015-07-29 19:35:58,752 - WARN  [RecvWorker:188978561024:QuorumCnxManager$RecvWorker@762] - Connection broken for id 188978561024, my id = 3, error = 
2015-07-29 19:35:58,752 - WARN  [RecvWorker:188978561024:QuorumCnxManager$RecvWorker@765] - Interrupting SendWorker
2015-07-29 19:35:58,753 - WARN  [SendWorker:188978561024:QuorumCnxManager$SendWorker@679] - Interrupted while waiting for message on queue
2015-07-29 19:35:58,753 - WARN  [SendWorker:188978561024:QuorumCnxManager$SendWorker@688] - Send worker leaving thread
2015-07-29 19:35:58,753 - WARN  [RecvWorker:188978561024:QuorumCnxManager$RecvWorker@762] - Connection broken for id 188978561024, my id = 3, error = 
2015-07-29 19:35:58,753 - WARN  [RecvWorker:188978561024:QuorumCnxManager$RecvWorker@765] - Interrupting SendWorker
2015-07-29 19:35:58,753 - WARN  [SendWorker:188978561024:QuorumCnxManager$SendWorker@679] - Interrupted while waiting for message on queue
2015-07-29 19:35:58,753 - WARN  [SendWorker:188978561024:QuorumCnxManager$SendWorker@688] - Send worker leaving thread
2015-07-29 19:35:58,756 - INFO  [/10.10.34.13:3888:QuorumCnxManager$Listener@493] - Received connection request /10.10.34.11:49805
2015-07-29 19:35:58,757 - WARN  [RecvWorker:188978561024:QuorumCnxManager$RecvWorker@762] - Connection broken for id 188978561024, my id = 3, error = 
2015-07-29 19:35:58,757 - WARN  [RecvWorker:188978561024:QuorumCnxManager$RecvWorker@765] - Interrupting SendWorker
2015-07-29 19:35:58,757 - INFO  [/10.10.34.13:3888:QuorumCnxManager$Listener@493] - Received connection request /10.10.34.11:49806
2015-07-29 19:35:58,757 - WARN  [SendWorker:188978561024:QuorumCnxManager$SendWorker@679] - Interrupted while waiting for message on queue
2015-07-29 19:35:58,757 - WARN  [SendWorker:188978561024:QuorumCnxManager$SendWorker@688] - Send worker leaving thread
2015-07-29 19:35:58,757 - WARN  [RecvWorker:188978561024:QuorumCnxManager$RecvWorker@762] - Connection broken for id 188978561024, my id = 3, error = 
2015-07-29 19:35:58,758 - WARN  [RecvWorker:188978561024:QuorumCnxManager$RecvWorker@765] - Interrupting SendWorker
2015-07-29 19:35:58,758 - WARN  [SendWorker:188978561024:QuorumCnxManager$SendWorker@679] - Interrupted while waiting for message on queue
2015-07-29 19:35:58,758 - WARN  [SendWorker:188978561024:QuorumCnxManager$SendWorker@688] - Send worker leaving thread
2015-07-29 19:35:58,835 - INFO  [/10.10.34.13:3888:QuorumCnxManager$Listener@493] - Received connection request /10.10.34.12:49954
2015-07-29 19:35:58,836 - WARN  [RecvWorker:188978561024:QuorumCnxManager$RecvWorker@762] - Connection broken for id 188978561024, my id = 3, error = 
2015-07-29 19:35:58,836 - WARN  [RecvWorker:188978561024:QuorumCnxManager$RecvWorker@765] - Interrupting SendWorker
2015-07-29 19:35:58,836 - WARN  [SendWorker:188978561024:QuorumCnxManager$SendWorker@679] - Interrupted while waiting for message on queue
2015-07-29 19:35:58,836 - WARN  [SendWorker:188978561024:QuorumCnxManager$SendWorker@688] - Send worker leaving thread
2015-07-29 19:35:58,837 - INFO  [/10.10.34.13:3888:QuorumCnxManager$Listener@493] - Received connection request /10.10.34.12:49957
2015-07-29 19:35:58,838 - WARN  [RecvWorker:188978561024:QuorumCnxManager$RecvWorker@762] - Connection broken for id 188978561024, my id = 3, error = 
2015-07-29 19:35:58,838 - WARN  [RecvWorker:188978561024:QuorumCnxManager$RecvWorker@765] - Interrupting SendWorker
2015-07-29 19:35:58,838 - WARN  [SendWorker:188978561024:QuorumCnxManager$SendWorker@679] - Interrupted while waiting for message on queue
2015-07-29 19:35:58,838 - WARN  [SendWorker:188978561024:QuorumCnxManager$SendWorker@688] - Send worker leaving thread
2015-07-29 19:35:58,839 - INFO  [/10.10.34.13:3888:QuorumCnxManager$Listener@493] - Received connection request /10.10.34.12:49962
2015-07-29 19:35:58,840 - WARN  [RecvWorker:188978561024:QuorumCnxManager$RecvWorker@762] - Connection broken for id 188978561024, my id = 3, error = 
2015-07-29 19:35:58,840 - WARN  [RecvWorker:188978561024:QuorumCnxManager$RecvWorker@765] - Interrupting SendWorker
2015-07-29 19:35:58,840 - WARN  [SendWorker:188978561024:QuorumCnxManager$SendWorker@679] - Interrupted while waiting for message on queue
2015-07-29 19:35:58,840 - WARN  [SendWorker:188978561024:QuorumCnxManager$SendWorker@688] - Send worker leaving thread
2015-07-29 19:35:58,840 - INFO  [/10.10.34.13:3888:QuorumCnxManager$Listener@493] - Received connection request /10.10.34.12:49963
2015-07-29 19:35:58,841 - WARN  [RecvWorker:188978561024:QuorumCnxManager$RecvWorker@762] - Connection broken for id 188978561024, my id = 3, error = 
2015-07-29 19:35:58,841 - WARN  [RecvWorker:188978561024:QuorumCnxManager$RecvWorker@765] - Interrupting SendWorker
2015-07-29 19:35:58,841 - WARN  [SendWorker:188978561024:QuorumCnxManager$SendWorker@679] - Interrupted while waiting for message on queue
2015-07-29 19:35:58,841 - WARN  [SendWorker:188978561024:QuorumCnxManager$SendWorker@688] - Send worker leaving thread
2015-07-29 19:35:58,943 - INFO  [/10.10.34.13:3888:QuorumCnxManager$Listener@493] - Received connection request /10.10.34.13:47226
2015-07-29 19:35:58,943 - WARN  [RecvWorker:188978561024:QuorumCnxManager$RecvWorker@762] - Connection broken for id 188978561024, my id = 3, error = 
2015-07-29 19:35:58,943 - WARN  [RecvWorker:188978561024:QuorumCnxManager$RecvWorker@765] - Interrupting SendWorker
2015-07-29 19:35:58,944 - WARN  [SendWorker:188978561024:QuorumCnxManager$SendWorker@679] - Interrupted while waiting for message on queue
2015-07-29 19:35:58,944 - WARN  [SendWorker:188978561024:QuorumCnxManager$SendWorker@688] - Send worker leaving thread
2015-07-29 19:35:58,949 - INFO  [/10.10.34.13:3888:QuorumCnxManager$Listener@493] - Received connection request /10.10.34.13:47232
2015-07-29 19:35:58,950 - WARN  [RecvWorker:188978561024:QuorumCnxManager$RecvWorker@762] - Connection broken for id 188978561024, my id = 3, error = 
2015-07-29 19:35:58,950 - WARN  [RecvWorker:188978561024:QuorumCnxManager$RecvWorker@765] - Interrupting SendWorker
2015-07-29 19:35:58,950 - WARN  [SendWorker:188978561024:QuorumCnxManager$SendWorker@679] - Interrupted while waiting for message on queue
2015-07-29 19:35:58,950 - WARN  [SendWorker:188978561024:QuorumCnxManager$SendWorker@688] - Send worker leaving thread
2015-07-29 19:35:58,950 - INFO  [/10.10.34.13:3888:QuorumCnxManager$Listener@493] - Received connection request /10.10.34.13:47234
2015-07-29 19:35:58,951 - WARN  [RecvWorker:188978561024:QuorumCnxManager$RecvWorker@762] - Connection broken for id 188978561024, my id = 3, error = 
2015-07-29 19:35:58,951 - WARN  [RecvWorker:188978561024:QuorumCnxManager$RecvWorker@765] - Interrupting SendWorker
2015-07-29 19:35:58,951 - INFO  [/10.10.34.13:3888:QuorumCnxManager$Listener@493] - Received connection request /10.10.34.13:47235
2015-07-29 19:35:58,951 - WARN  [SendWorker:188978561024:QuorumCnxManager$SendWorker@679] - Interrupted while waiting for message on queue
2015-07-29 19:35:58,951 - WARN  [SendWorker:188978561024:QuorumCnxManager$SendWorker@688] - Send worker leaving thread
2015-07-29 19:35:58,952 - WARN  [RecvWorker:188978561024:QuorumCnxManager$RecvWorker@762] - Connection broken for id 188978561024, my id = 3, error = 
2015-07-29 19:35:58,952 - WARN  [RecvWorker:188978561024:QuorumCnxManager$RecvWorker@765] - Interrupting SendWorker
2015-07-29 19:35:58,952 - WARN  [SendWorker:188978561024:QuorumCnxManager$SendWorker@679] - Interrupted while waiting for message on queue
2015-07-29 19:35:58,952 - WARN  [SendWorker:188978561024:QuorumCnxManager$SendWorker@688] - Send worker leaving thread
2015-07-29 19:36:02,092 - INFO  [/10.10.34.13:3888:QuorumCnxManager$Listener@493] - Received connection request /10.10.34.11:49809
2015-07-29 19:36:02,092 - INFO  [/10.10.34.13:3888:QuorumCnxManager$Listener@493] - Received connection request /10.10.34.11:49810
2015-07-29 19:36:02,093 - WARN  [RecvWorker:188978561024:QuorumCnxManager$RecvWorker@762] - Connection broken for id 188978561024, my id = 3, error = 
2015-07-29 19:36:02,093 - WARN  [RecvWorker:188978561024:QuorumCnxManager$RecvWorker@765] - Interrupting SendWorker
2015-07-29 19:36:02,093 - WARN  [SendWorker:188978561024:QuorumCnxManager$SendWorker@679] - Interrupted while waiting for message on queue
2015-07-29 19:36:02,093 - WARN  [SendWorker:188978561024:QuorumCnxManager$SendWorker@688] - Send worker leaving thread
2015-07-29 19:36:02,093 - WARN  [RecvWorker:188978561024:QuorumCnxManager$RecvWorker@762] - Connection broken for id 188978561024, my id = 3, error = 
2015-07-29 19:36:02,093 - WARN  [RecvWorker:188978561024:QuorumCnxManager$RecvWorker@765] - Interrupting SendWorker
2015-07-29 19:36:02,094 - WARN  [SendWorker:188978561024:QuorumCnxManager$SendWorker@679] - Interrupted while waiting for message on queue
2015-07-29 19:36:02,094 - WARN  [SendWorker:188978561024:QuorumCnxManager$SendWorker@688] - Send worker leaving thread
2015-07-29 19:36:02,096 - INFO  [/10.10.34.13:3888:QuorumCnxManager$Listener@493] - Received connection request /10.10.34.11:49817
2015-07-29 19:36:02,097 - INFO  [/10.10.34.13:3888:QuorumCnxManager$Listener@493] - Received connection request /10.10.34.11:49818
2015-07-29 19:36:02,097 - WARN  [RecvWorker:188978561024:QuorumCnxManager$RecvWorker@762] - Connection broken for id 188978561024, my id = 3, error = 
2015-07-29 19:36:02,097 - WARN  [RecvWorker:188978561024:QuorumCnxManager$RecvWorker@765] - Interrupting SendWorker
2015-07-29 19:36:02,097 - WARN  [SendWorker:188978561024:QuorumCnxManager$SendWorker@679] - Interrupted while waiting for message on queue
2015-07-29 19:36:02,101 - WARN  [SendWorker:188978561024:QuorumCnxManager$SendWorker@688] - Send worker leaving thread
2015-07-29 19:36:02,101 - WARN  [RecvWorker:188978561024:QuorumCnxManager$RecvWorker@762] - Connection broken for id 188978561024, my id = 3, error = 
2015-07-29 19:36:02,102 - WARN  [RecvWorker:188978561024:QuorumCnxManager$RecvWorker@765] - Interrupting SendWorker
2015-07-29 19:36:02,102 - WARN  [SendWorker:188978561024:QuorumCnxManager$SendWorker@679] - Interrupted while waiting for message on queue
2015-07-29 19:36:02,102 - WARN  [SendWorker:188978561024:QuorumCnxManager$SendWorker@688] - Send worker leaving thread
2015-07-29 19:36:02,175 - INFO  [/10.10.34.13:3888:QuorumCnxManager$Listener@493] - Received connection request /10.10.34.12:49966
2015-07-29 19:36:02,175 - WARN  [RecvWorker:188978561024:QuorumCnxManager$RecvWorker@762] - Connection broken for id 188978561024, my id = 3, error = 
2015-07-29 19:36:02,176 - WARN  [RecvWorker:188978561024:QuorumCnxManager$RecvWorker@765] - Interrupting SendWorker
2015-07-29 19:36:02,176 - WARN  [SendWorker:188978561024:QuorumCnxManager$SendWorker@679] - Interrupted while waiting for message on queue
2015-07-29 19:36:02,176 - WARN  [SendWorker:188978561024:QuorumCnxManager$SendWorker@688] - Send worker leaving thread
2015-07-29 19:36:02,177 - INFO  [/10.10.34.13:3888:QuorumCnxManager$Listener@493] - Received connection request /10.10.34.12:49969
2015-07-29 19:36:02,178 - WARN  [RecvWorker:188978561024:QuorumCnxManager$RecvWorker@762] - Connection broken for id 188978561024, my id = 3, error = 
2015-07-29 19:36:02,178 - WARN  [RecvWorker:188978561024:QuorumCnxManager$RecvWorker@765] - Interrupting SendWorker
2015-07-29 19:36:02,178 - WARN  [SendWorker:188978561024:QuorumCnxManager$SendWorker@679] - Interrupted while waiting for message on queue
2015-07-29 19:36:02,178 - WARN  [SendWorker:188978561024:QuorumCnxManager$SendWorker@688] - Send worker leaving thread
2015-07-29 19:36:02,179 - INFO  [/10.10.34.13:3888:QuorumCnxManager$Listener@493] - Received connection request /10.10.34.12:49973
2015-07-29 19:36:02,179 - WARN  [RecvWorker:188978561024:QuorumCnxManager$RecvWorker@762] - Connection broken for id 188978561024, my id = 3, error = 
2015-07-29 19:36:02,180 - WARN  [RecvWorker:188978561024:QuorumCnxManager$RecvWorker@765] - Interrupting SendWorker
2015-07-29 19:36:02,180 - WARN  [SendWorker:188978561024:QuorumCnxManager$SendWorker@679] - Interrupted while waiting for message on queue
2015-07-29 19:36:02,180 - WARN  [SendWorker:188978561024:QuorumCnxManager$SendWorker@688] - Send worker leaving thread
2015-07-29 19:36:02,180 - INFO  [/10.10.34.13:3888:QuorumCnxManager$Listener@493] - Received connection request /10.10.34.12:49975
2015-07-29 19:36:02,181 - WARN  [RecvWorker:188978561024:QuorumCnxManager$RecvWorker@762] - Connection broken for id 188978561024, my id = 3, error = 
2015-07-29 19:36:02,181 - WARN  [RecvWorker:188978561024:QuorumCnxManager$RecvWorker@765] - Interrupting SendWorker
2015-07-29 19:36:02,181 - WARN  [SendWorker:188978561024:QuorumCnxManager$SendWorker@679] - Interrupted while waiting for message on queue
2015-07-29 19:36:02,181 - WARN  [SendWorker:188978561024:QuorumCnxManager$SendWorker@688] - Send worker leaving thread
2015-07-29 19:36:02,283 - INFO  [/10.10.34.13:3888:QuorumCnxManager$Listener@493] - Received connection request /10.10.34.13:47238
2015-07-29 19:36:02,283 - WARN  [RecvWorker:188978561024:QuorumCnxManager$RecvWorker@762] - Connection broken for id 188978561024, my id = 3, error = 
2015-07-29 19:36:02,284 - WARN  [RecvWorker:188978561024:QuorumCnxManager$RecvWorker@765] - Interrupting SendWorker
2015-07-29 19:36:02,284 - WARN  [SendWorker:188978561024:QuorumCnxManager$SendWorker@679] - Interrupted while waiting for message on queue
2015-07-29 19:36:02,284 - WARN  [SendWorker:188978561024:QuorumCnxManager$SendWorker@688] - Send worker leaving thread
2015-07-29 19:36:02,289 - INFO  [/10.10.34.13:3888:QuorumCnxManager$Listener@493] - Received connection request /10.10.34.13:47244
2015-07-29 19:36:02,290 - WARN  [RecvWorker:188978561024:QuorumCnxManager$RecvWorker@762] - Connection broken for id 188978561024, my id = 3, error = 
2015-07-29 19:36:02,290 - WARN  [RecvWorker:188978561024:QuorumCnxManager$RecvWorker@765] - Interrupting SendWorker
2015-07-29 19:36:02,290 - WARN  [SendWorker:188978561024:QuorumCnxManager$SendWorker@679] - Interrupted while waiting for message on queue
2015-07-29 19:36:02,290 - WARN  [SendWorker:188978561024:QuorumCnxManager$SendWorker@688] - Send worker leaving thread
2015-07-29 19:36:02,291 - INFO  [/10.10.34.13:3888:QuorumCnxManager$Listener@493] - Received connection request /10.10.34.13:47246
2015-07-29 19:36:02,291 - INFO  [/10.10.34.13:3888:QuorumCnxManager$Listener@493] - Received connection request /10.10.34.13:47247
2015-07-29 19:36:02,291 - WARN  [RecvWorker:188978561024:QuorumCnxManager$RecvWorker@762] - Connection broken for id 188978561024, my id = 3, error = 
2015-07-29 19:36:02,291 - WARN  [RecvWorker:188978561024:QuorumCnxManager$RecvWorker@765] - Interrupting SendWorker
2015-07-29 19:36:02,291 - WARN  [SendWorker:188978561024:QuorumCnxManager$SendWorker@679] - Interrupted while waiting for message on queue
2015-07-29 19:36:02,292 - WARN  [RecvWorker:188978561024:QuorumCnxManager$RecvWorker@762] - Connection broken for id 188978561024, my id = 3, error = 
2015-07-29 19:36:02,292 - WARN  [RecvWorker:188978561024:QuorumCnxManager$RecvWorker@765] - Interrupting SendWorker
2015-07-29 19:36:02,292 - WARN  [SendWorker:188978561024:QuorumCnxManager$SendWorker@688] - Send worker leaving thread
2015-07-29 19:36:02,292 - WARN  [SendWorker:188978561024:QuorumCnxManager$SendWorker@679] - Interrupted while waiting for message on queue
2015-07-29 19:36:02,292 - WARN  [SendWorker:188978561024:QuorumCnxManager$SendWorker@688] - Send worker leaving thread
2015-07-29 19:36:05,432 - INFO  [/10.10.34.13:3888:QuorumCnxManager$Listener@493] - Received connection request /10.10.34.11:49821
2015-07-29 19:36:05,433 - INFO  [/10.10.34.13:3888:QuorumCnxManager$Listener@493] - Received connection request /10.10.34.11:49822
2015-07-29 19:36:05,433 - WARN  [RecvWorker:188978561024:QuorumCnxManager$RecvWorker@762] - Connection broken for id 188978561024, my id = 3, error = 
2015-07-29 19:36:05,433 - WARN  [RecvWorker:188978561024:QuorumCnxManager$RecvWorker@765] - Interrupting SendWorker
2015-07-29 19:36:05,433 - WARN  [SendWorker:188978561024:QuorumCnxManager$SendWorker@679] - Interrupted while waiting for message on queue
2015-07-29 19:36:05,433 - WARN  [SendWorker:188978561024:QuorumCnxManager$SendWorker@688] - Send worker leaving thread
2015-07-29 19:36:05,434 - WARN  [RecvWorker:188978561024:QuorumCnxManager$RecvWorker@762] - Connection broken for id 188978561024, my id = 3, error = 
2015-07-29 19:36:05,434 - WARN  [RecvWorker:188978561024:QuorumCnxManager$RecvWorker@765] - Interrupting SendWorker
2015-07-29 19:36:05,434 - WARN  [SendWorker:188978561024:QuorumCnxManager$SendWorker@679] - Interrupted while waiting for message on queue
2015-07-29 19:36:05,434 - WARN  [SendWorker:188978561024:QuorumCnxManager$SendWorker@688] - Send worker leaving thread
2015-07-29 19:36:05,436 - INFO  [/10.10.34.13:3888:QuorumCnxManager$Listener@493] - Received connection request /10.10.34.11:49827
2015-07-29 19:36:05,437 - WARN  [RecvWorker:188978561024:QuorumCnxManager$RecvWorker@762] - Connection broken for id 188978561024, my id = 3, error = 
2015-07-29 19:36:05,437 - WARN  [RecvWorker:188978561024:QuorumCnxManager$RecvWorker@765] - Interrupting SendWorker
2015-07-29 19:36:05,437 - WARN  [SendWorker:188978561024:QuorumCnxManager$SendWorker@679] - Interrupted while waiting for message on queue
2015-07-29 19:36:05,437 - WARN  [SendWorker:188978561024:QuorumCnxManager$SendWorker@688] - Send worker leaving thread
2015-07-29 19:36:05,441 - INFO  [/10.10.34.13:3888:QuorumCnxManager$Listener@493] - Received connection request /10.10.34.11:49830
2015-07-29 19:36:05,442 - WARN  [RecvWorker:188978561024:QuorumCnxManager$RecvWorker@762] - Connection broken for id 188978561024, my id = 3, error = 
2015-07-29 19:36:05,442 - WARN  [RecvWorker:188978561024:QuorumCnxManager$RecvWorker@765] - Interrupting SendWorker
2015-07-29 19:36:05,442 - WARN  [SendWorker:188978561024:QuorumCnxManager$SendWorker@679] - Interrupted while waiting for message on queue
2015-07-29 19:36:05,442 - WARN  [SendWorker:188978561024:QuorumCnxManager$SendWorker@688] - Send worker leaving thread
2015-07-29 19:36:05,515 - INFO  [/10.10.34.13:3888:QuorumCnxManager$Listener@493] - Received connection request /10.10.34.12:49978
2015-07-29 19:36:05,515 - WARN  [RecvWorker:188978561024:QuorumCnxManager$RecvWorker@762] - Connection broken for id 188978561024, my id = 3, error = 
2015-07-29 19:36:05,516 - WARN  [RecvWorker:188978561024:QuorumCnxManager$RecvWorker@765] - Interrupting SendWorker
2015-07-29 19:36:05,516 - WARN  [SendWorker:188978561024:QuorumCnxManager$SendWorker@679] - Interrupted while waiting for message on queue
2015-07-29 19:36:05,516 - WARN  [SendWorker:188978561024:QuorumCnxManager$SendWorker@688] - Send worker leaving thread
2015-07-29 19:36:05,517 - INFO  [/10.10.34.13:3888:QuorumCnxManager$Listener@493] - Received connection request /10.10.34.12:49981
2015-07-29 19:36:05,518 - WARN  [RecvWorker:188978561024:QuorumCnxManager$RecvWorker@762] - Connection broken for id 188978561024, my id = 3, error = 
2015-07-29 19:36:05,518 - WARN  [RecvWorker:188978561024:QuorumCnxManager$RecvWorker@765] - Interrupting SendWorker
2015-07-29 19:36:05,518 - WARN  [SendWorker:188978561024:QuorumCnxManager$SendWorker@679] - Interrupted while waiting for message on queue
2015-07-29 19:36:05,518 - WARN  [SendWorker:188978561024:QuorumCnxManager$SendWorker@688] - Send worker leaving thread
2015-07-29 19:36:05,519 - INFO  [/10.10.34.13:3888:QuorumCnxManager$Listener@493] - Received connection request /10.10.34.12:49986
2015-07-29 19:36:05,519 - WARN  [RecvWorker:188978561024:QuorumCnxManager$RecvWorker@762] - Connection broken for id 188978561024, my id = 3, error = 
2015-07-29 19:36:05,520 - WARN  [RecvWorker:188978561024:QuorumCnxManager$RecvWorker@765] - Interrupting SendWorker
2015-07-29 19:36:05,520 - WARN  [SendWorker:188978561024:QuorumCnxManager$SendWorker@679] - Interrupted while waiting for message on queue
2015-07-29 19:36:05,520 - WARN  [SendWorker:188978561024:QuorumCnxManager$SendWorker@688] - Send worker leaving thread
2015-07-29 19:36:05,520 - INFO  [/10.10.34.13:3888:QuorumCnxManager$Listener@493] - Received connection request /10.10.34.12:49987
2015-07-29 19:36:05,521 - WARN  [RecvWorker:188978561024:QuorumCnxManager$RecvWorker@762] - Connection broken for id 188978561024, my id = 3, error = 
2015-07-29 19:36:05,521 - WARN  [RecvWorker:188978561024:QuorumCnxManager$RecvWorker@765] - Interrupting SendWorker
2015-07-29 19:36:05,521 - WARN  [SendWorker:188978561024:QuorumCnxManager$SendWorker@679] - Interrupted while waiting for message on queue
2015-07-29 19:36:05,521 - WARN  [SendWorker:188978561024:QuorumCnxManager$SendWorker@688] - Send worker leaving thread
2015-07-29 19:36:05,623 - INFO  [/10.10.34.13:3888:QuorumCnxManager$Listener@493] - Received connection request /10.10.34.13:47250
2015-07-29 19:36:05,624 - WARN  [RecvWorker:188978561024:QuorumCnxManager$RecvWorker@762] - Connection broken for id 188978561024, my id = 3, error = 
2015-07-29 19:36:05,624 - WARN  [RecvWorker:188978561024:QuorumCnxManager$RecvWorker@765] - Interrupting SendWorker
2015-07-29 19:36:05,624 - WARN  [SendWorker:188978561024:QuorumCnxManager$SendWorker@679] - Interrupted while waiting for message on queue
2015-07-29 19:36:05,624 - WARN  [SendWorker:188978561024:QuorumCnxManager$SendWorker@688] - Send worker leaving thread
2015-07-29 19:36:05,629 - INFO  [/10.10.34.13:3888:QuorumCnxManager$Listener@493] - Received connection request /10.10.34.13:47256
2015-07-29 19:36:05,630 - WARN  [RecvWorker:188978561024:QuorumCnxManager$RecvWorker@762] - Connection broken for id 188978561024, my id = 3, error = 
2015-07-29 19:36:05,630 - WARN  [RecvWorker:188978561024:QuorumCnxManager$RecvWorker@765] - Interrupting SendWorker
2015-07-29 19:36:05,630 - WARN  [SendWorker:188978561024:QuorumCnxManager$SendWorker@679] - Interrupted while waiting for message on queue
2015-07-29 19:36:05,630 - WARN  [SendWorker:188978561024:QuorumCnxManager$SendWorker@688] - Send worker leaving thread
2015-07-29 19:36:05,630 - INFO  [/10.10.34.13:3888:QuorumCnxManager$Listener@493] - Received connection request /10.10.34.13:47258
2015-07-29 19:36:05,631 - INFO  [/10.10.34.13:3888:QuorumCnxManager$Listener@493] - Received connection request /10.10.34.13:47259
2015-07-29 19:36:05,631 - WARN  [RecvWorker:188978561024:QuorumCnxManager$RecvWorker@762] - Connection broken for id 188978561024, my id = 3, error = 
2015-07-29 19:36:05,631 - WARN  [RecvWorker:188978561024:QuorumCnxManager$RecvWorker@765] - Interrupting SendWorker
2015-07-29 19:36:05,631 - WARN  [SendWorker:188978561024:QuorumCnxManager$SendWorker@679] - Interrupted while waiting for message on queue
2015-07-29 19:36:05,631 - WARN  [SendWorker:188978561024:QuorumCnxManager$SendWorker@688] - Send worker leaving thread
2015-07-29 19:36:05,632 - WARN  [RecvWorker:188978561024:QuorumCnxManager$RecvWorker@762] - Connection broken for id 188978561024, my id = 3, error = 
2015-07-29 19:36:05,632 - WARN  [RecvWorker:188978561024:QuorumCnxManager$RecvWorker@765] - Interrupting SendWorker
2015-07-29 19:36:05,632 - WARN  [SendWorker:188978561024:QuorumCnxManager$SendWorker@679] - Interrupted while waiting for message on queue
2015-07-29 19:36:05,632 - WARN  [SendWorker:188978561024:QuorumCnxManager$SendWorker@688] - Send worker leaving thread
2015-07-29 19:36:08,773 - INFO  [/10.10.34.13:3888:QuorumCnxManager$Listener@493] - Received connection request /10.10.34.11:49833
2015-07-29 19:36:08,773 - INFO  [/10.10.34.13:3888:QuorumCnxManager$Listener@493] - Received connection request /10.10.34.11:49834
2015-07-29 19:36:08,773 - WARN  [RecvWorker:188978561024:QuorumCnxManager$RecvWorker@762] - Connection broken for id 188978561024, my id = 3, error = 
2015-07-29 19:36:08,774 - WARN  [RecvWorker:188978561024:QuorumCnxManager$RecvWorker@765] - Interrupting SendWorker
2015-07-29 19:36:08,774 - WARN  [SendWorker:188978561024:QuorumCnxManager$SendWorker@679] - Interrupted while waiting for message on queue
2015-07-29 19:36:08,774 - WARN  [SendWorker:188978561024:QuorumCnxManager$SendWorker@688] - Send worker leaving thread
2015-07-29 19:36:08,774 - WARN  [RecvWorker:188978561024:QuorumCnxManager$RecvWorker@762] - Connection broken for id 188978561024, my id = 3, error = 
2015-07-29 19:36:08,774 - WARN  [RecvWorker:188978561024:QuorumCnxManager$RecvWorker@765] - Interrupting SendWorker
2015-07-29 19:36:08,774 - WARN  [SendWorker:188978561024:QuorumCnxManager$SendWorker@679] - Interrupted while waiting for message on queue
2015-07-29 19:36:08,775 - WARN  [SendWorker:188978561024:QuorumCnxManager$SendWorker@688] - Send worker leaving thread
2015-07-29 19:36:08,777 - INFO  [/10.10.34.13:3888:QuorumCnxManager$Listener@493] - Received connection request /10.10.34.11:49839
2015-07-29 19:36:08,777 - WARN  [RecvWorker:188978561024:QuorumCnxManager$RecvWorker@762] - Connection broken for id 188978561024, my id = 3, error = 
2015-07-29 19:36:08,777 - WARN  [RecvWorker:188978561024:QuorumCnxManager$RecvWorker@765] - Interrupting SendWorker
2015-07-29 19:36:08,777 - WARN  [SendWorker:188978561024:QuorumCnxManager$SendWorker@679] - Interrupted while waiting for message on queue
2015-07-29 19:36:08,778 - WARN  [SendWorker:188978561024:QuorumCnxManager$SendWorker@688] - Send worker leaving thread
2015-07-29 19:36:08,781 - INFO  [/10.10.34.13:3888:QuorumCnxManager$Listener@493] - Received connection request /10.10.34.11:49842
2015-07-29 19:36:08,782 - WARN  [RecvWorker:188978561024:QuorumCnxManager$RecvWorker@762] - Connection broken for id 188978561024, my id = 3, error = 
2015-07-29 19:36:08,782 - WARN  [RecvWorker:188978561024:QuorumCnxManager$RecvWorker@765] - Interrupting SendWorker
2015-07-29 19:36:08,782 - WARN  [SendWorker:188978561024:QuorumCnxManager$SendWorker@679] - Interrupted while waiting for message on queue
2015-07-29 19:36:08,782 - WARN  [SendWorker:188978561024:QuorumCnxManager$SendWorker@688] - Send worker leaving thread
2015-07-29 19:36:08,855 - INFO  [/10.10.34.13:3888:QuorumCnxManager$Listener@493] - Received connection request /10.10.34.12:49990
2015-07-29 19:36:08,856 - WARN  [RecvWorker:188978561024:QuorumCnxManager$RecvWorker@762] - Connection broken for id 188978561024, my id = 3, error = 
2015-07-29 19:36:08,856 - WARN  [RecvWorker:188978561024:QuorumCnxManager$RecvWorker@765] - Interrupting SendWorker
2015-07-29 19:36:08,856 - WARN  [SendWorker:188978561024:QuorumCnxManager$SendWorker@679] - Interrupted while waiting for message on queue
2015-07-29 19:36:08,856 - WARN  [SendWorker:188978561024:QuorumCnxManager$SendWorker@688] - Send worker leaving thread
2015-07-29 19:36:08,857 - INFO  [/10.10.34.13:3888:QuorumCnxManager$Listener@493] - Received connection request /10.10.34.12:49993
2015-07-29 19:36:08,858 - WARN  [RecvWorker:188978561024:QuorumCnxManager$RecvWorker@762] - Connection broken for id 188978561024, my id = 3, error = 
2015-07-29 19:36:08,858 - WARN  [RecvWorker:188978561024:QuorumCnxManager$RecvWorker@765] - Interrupting SendWorker
2015-07-29 19:36:08,858 - WARN  [SendWorker:188978561024:QuorumCnxManager$SendWorker@679] - Interrupted while waiting for message on queue
2015-07-29 19:36:08,858 - WARN  [SendWorker:188978561024:QuorumCnxManager$SendWorker@688] - Send worker leaving thread
2015-07-29 19:36:08,859 - INFO  [/10.10.34.13:3888:QuorumCnxManager$Listener@493] - Received connection request /10.10.34.12:49997
2015-07-29 19:36:08,859 - WARN  [RecvWorker:188978561024:QuorumCnxManager$RecvWorker@762] - Connection broken for id 188978561024, my id = 3, error = 
2015-07-29 19:36:08,860 - WARN  [RecvWorker:188978561024:QuorumCnxManager$RecvWorker@765] - Interrupting SendWorker
2015-07-29 19:36:08,860 - WARN  [SendWorker:188978561024:QuorumCnxManager$SendWorker@679] - Interrupted while waiting for message on queue
2015-07-29 19:36:08,860 - WARN  [SendWorker:188978561024:QuorumCnxManager$SendWorker@688] - Send worker leaving thread
2015-07-29 19:36:08,860 - INFO  [/10.10.34.13:3888:QuorumCnxManager$Listener@493] - Received connection request /10.10.34.12:50000
2015-07-29 19:36:08,861 - WARN  [RecvWorker:188978561024:QuorumCnxManager$RecvWorker@762] - Connection broken for id 188978561024, my id = 3, error = 
2015-07-29 19:36:08,861 - WARN  [RecvWorker:188978561024:QuorumCnxManager$RecvWorker@765] - Interrupting SendWorker
2015-07-29 19:36:08,861 - WARN  [SendWorker:188978561024:QuorumCnxManager$SendWorker@679] - Interrupted while waiting for message on queue
2015-07-29 19:36:08,861 - WARN  [SendWorker:188978561024:QuorumCnxManager$SendWorker@688] - Send worker leaving thread
2015-07-29 19:36:08,963 - INFO  [/10.10.34.13:3888:QuorumCnxManager$Listener@493] - Received connection request /10.10.34.13:47262
2015-07-29 19:36:08,964 - WARN  [RecvWorker:188978561024:QuorumCnxManager$RecvWorker@762] - Connection broken for id 188978561024, my id = 3, error = 
2015-07-29 19:36:08,964 - WARN  [RecvWorker:188978561024:QuorumCnxManager$RecvWorker@765] - Interrupting SendWorker
2015-07-29 19:36:08,964 - WARN  [SendWorker:188978561024:QuorumCnxManager$SendWorker@679] - Interrupted while waiting for message on queue
2015-07-29 19:36:08,964 - WARN  [SendWorker:188978561024:QuorumCnxManager$SendWorker@688] - Send worker leaving thread
2015-07-29 19:36:08,969 - INFO  [/10.10.34.13:3888:QuorumCnxManager$Listener@493] - Received connection request /10.10.34.13:47268
2015-07-29 19:36:08,970 - WARN  [RecvWorker:188978561024:QuorumCnxManager$RecvWorker@762] - Connection broken for id 188978561024, my id = 3, error = 
2015-07-29 19:36:08,970 - WARN  [RecvWorker:188978561024:QuorumCnxManager$RecvWorker@765] - Interrupting SendWorker
2015-07-29 19:36:08,970 - WARN  [SendWorker:188978561024:QuorumCnxManager$SendWorker@679] - Interrupted while waiting for message on queue
2015-07-29 19:36:08,971 - WARN  [SendWorker:188978561024:QuorumCnxManager$SendWorker@688] - Send worker leaving thread
2015-07-29 19:36:08,971 - INFO  [/10.10.34.13:3888:QuorumCnxManager$Listener@493] - Received connection request /10.10.34.13:47270
2015-07-29 19:36:08,971 - INFO  [/10.10.34.13:3888:QuorumCnxManager$Listener@493] - Received connection request /10.10.34.13:47271
2015-07-29 19:36:08,971 - WARN  [RecvWorker:188978561024:QuorumCnxManager$RecvWorker@762] - Connection broken for id 188978561024, my id = 3, error = 
2015-07-29 19:36:08,971 - WARN  [RecvWorker:188978561024:QuorumCnxManager$RecvWorker@765] - Interrupting SendWorker
2015-07-29 19:36:08,971 - WARN  [SendWorker:188978561024:QuorumCnxManager$SendWorker@679] - Interrupted while waiting for message on queue
2015-07-29 19:36:08,972 - WARN  [SendWorker:188978561024:QuorumCnxManager$SendWorker@688] - Send worker leaving thread
2015-07-29 19:36:08,972 - WARN  [RecvWorker:188978561024:QuorumCnxManager$RecvWorker@762] - Connection broken for id 188978561024, my id = 3, error = 
2015-07-29 19:36:08,972 - WARN  [RecvWorker:188978561024:QuorumCnxManager$RecvWorker@765] - Interrupting SendWorker
2015-07-29 19:36:08,972 - WARN  [SendWorker:188978561024:QuorumCnxManager$SendWorker@679] - Interrupted while waiting for message on queue
2015-07-29 19:36:08,972 - WARN  [SendWorker:188978561024:QuorumCnxManager$SendWorker@688] - Send worker leaving thread
2015-07-29 19:36:12,113 - INFO  [/10.10.34.13:3888:QuorumCnxManager$Listener@493] - Received connection request /10.10.34.11:49845
2015-07-29 19:36:12,113 - INFO  [/10.10.34.13:3888:QuorumCnxManager$Listener@493] - Received connection request /10.10.34.11:49846
2015-07-29 19:36:12,113 - WARN  [RecvWorker:188978561024:QuorumCnxManager$RecvWorker@762] - Connection broken for id 188978561024, my id = 3, error = 
2015-07-29 19:36:12,114 - WARN  [RecvWorker:188978561024:QuorumCnxManager$RecvWorker@765] - Interrupting SendWorker
2015-07-29 19:36:12,114 - WARN  [SendWorker:188978561024:QuorumCnxManager$SendWorker@679] - Interrupted while waiting for message on queue
2015-07-29 19:36:12,114 - WARN  [SendWorker:188978561024:QuorumCnxManager$SendWorker@688] - Send worker leaving thread
2015-07-29 19:36:12,114 - WARN  [RecvWorker:188978561024:QuorumCnxManager$RecvWorker@762] - Connection broken for id 188978561024, my id = 3, error = 
2015-07-29 19:36:12,114 - WARN  [RecvWorker:188978561024:QuorumCnxManager$RecvWorker@765] - Interrupting SendWorker
2015-07-29 19:36:12,114 - WARN  [SendWorker:188978561024:QuorumCnxManager$SendWorker@679] - Interrupted while waiting for message on queue
2015-07-29 19:36:12,115 - WARN  [SendWorker:188978561024:QuorumCnxManager$SendWorker@688] - Send worker leaving thread
2015-07-29 19:36:12,117 - INFO  [/10.10.34.13:3888:QuorumCnxManager$Listener@493] - Received connection request /10.10.34.11:49851
2015-07-29 19:36:12,117 - WARN  [RecvWorker:188978561024:QuorumCnxManager$RecvWorker@762] - Connection broken for id 188978561024, my id = 3, error = 
2015-07-29 19:36:12,117 - WARN  [RecvWorker:188978561024:QuorumCnxManager$RecvWorker@765] - Interrupting SendWorker
2015-07-29 19:36:12,118 - WARN  [SendWorker:188978561024:QuorumCnxManager$SendWorker@679] - Interrupted while waiting for message on queue
2015-07-29 19:36:12,118 - WARN  [SendWorker:188978561024:QuorumCnxManager$SendWorker@688] - Send worker leaving thread
2015-07-29 19:36:12,121 - INFO  [/10.10.34.13:3888:QuorumCnxManager$Listener@493] - Received connection request /10.10.34.11:49854
2015-07-29 19:36:12,121 - WARN  [RecvWorker:188978561024:QuorumCnxManager$RecvWorker@762] - Connection broken for id 188978561024, my id = 3, error = 
2015-07-29 19:36:12,122 - WARN  [RecvWorker:188978561024:QuorumCnxManager$RecvWorker@765] - Interrupting SendWorker
2015-07-29 19:36:12,122 - WARN  [SendWorker:188978561024:QuorumCnxManager$SendWorker@679] - Interrupted while waiting for message on queue
2015-07-29 19:36:12,122 - WARN  [SendWorker:188978561024:QuorumCnxManager$SendWorker@688] - Send worker leaving thread
2015-07-29 19:36:12,195 - INFO  [/10.10.34.13:3888:QuorumCnxManager$Listener@493] - Received connection request /10.10.34.12:50002
2015-07-29 19:36:12,195 - WARN  [RecvWorker:188978561024:QuorumCnxManager$RecvWorker@762] - Connection broken for id 188978561024, my id = 3, error = 
2015-07-29 19:36:12,196 - WARN  [RecvWorker:188978561024:QuorumCnxManager$RecvWorker@765] - Interrupting SendWorker
2015-07-29 19:36:12,196 - WARN  [SendWorker:188978561024:QuorumCnxManager$SendWorker@679] - Interrupted while waiting for message on queue
2015-07-29 19:36:12,196 - WARN  [SendWorker:188978561024:QuorumCnxManager$SendWorker@688] - Send worker leaving thread
2015-07-29 19:36:12,197 - INFO  [/10.10.34.13:3888:QuorumCnxManager$Listener@493] - Received connection request /10.10.34.12:50005
2015-07-29 19:36:12,198 - WARN  [RecvWorker:188978561024:QuorumCnxManager$RecvWorker@762] - Connection broken for id 188978561024, my id = 3, error = 
2015-07-29 19:36:12,198 - WARN  [RecvWorker:188978561024:QuorumCnxManager$RecvWorker@765] - Interrupting SendWorker
2015-07-29 19:36:12,198 - WARN  [SendWorker:188978561024:QuorumCnxManager$SendWorker@679] - Interrupted while waiting for message on queue
2015-07-29 19:36:12,198 - WARN  [SendWorker:188978561024:QuorumCnxManager$SendWorker@688] - Send worker leaving thread
2015-07-29 19:36:12,199 - INFO  [/10.10.34.13:3888:QuorumCnxManager$Listener@493] - Received connection request /10.10.34.12:50009
2015-07-29 19:36:12,199 - WARN  [RecvWorker:188978561024:QuorumCnxManager$RecvWorker@762] - Connection broken for id 188978561024, my id = 3, error = 
2015-07-29 19:36:12,200 - WARN  [RecvWorker:188978561024:QuorumCnxManager$RecvWorker@765] - Interrupting SendWorker
2015-07-29 19:36:12,200 - WARN  [SendWorker:188978561024:QuorumCnxManager$SendWorker@679] - Interrupted while waiting for message on queue
2015-07-29 19:36:12,200 - INFO  [/10.10.34.13:3888:QuorumCnxManager$Listener@493] - Received connection request /10.10.34.12:50011
2015-07-29 19:36:12,200 - WARN  [SendWorker:188978561024:QuorumCnxManager$SendWorker@688] - Send worker leaving thread
2015-07-29 19:36:12,201 - WARN  [RecvWorker:188978561024:QuorumCnxManager$RecvWorker@762] - Connection broken for id 188978561024, my id = 3, error = 
2015-07-29 19:36:12,201 - WARN  [RecvWorker:188978561024:QuorumCnxManager$RecvWorker@765] - Interrupting SendWorker
2015-07-29 19:36:12,201 - WARN  [SendWorker:188978561024:QuorumCnxManager$SendWorker@679] - Interrupted while waiting for message on queue
2015-07-29 19:36:12,201 - WARN  [SendWorker:188978561024:QuorumCnxManager$SendWorker@688] - Send worker leaving thread
2015-07-29 19:36:12,303 - INFO  [/10.10.34.13:3888:QuorumCnxManager$Listener@493] - Received connection request /10.10.34.13:47274
2015-07-29 19:36:12,304 - WARN  [RecvWorker:188978561024:QuorumCnxManager$RecvWorker@762] - Connection broken for id 188978561024, my id = 3, error = 
2015-07-29 19:36:12,304 - WARN  [RecvWorker:188978561024:QuorumCnxManager$RecvWorker@765] - Interrupting SendWorker
2015-07-29 19:36:12,304 - WARN  [SendWorker:188978561024:QuorumCnxManager$SendWorker@679] - Interrupted while waiting for message on queue
2015-07-29 19:36:12,304 - WARN  [SendWorker:188978561024:QuorumCnxManager$SendWorker@688] - Send worker leaving thread
2015-07-29 19:36:12,310 - INFO  [/10.10.34.13:3888:QuorumCnxManager$Listener@493] - Received connection request /10.10.34.13:47280
2015-07-29 19:36:12,310 - WARN  [RecvWorker:188978561024:QuorumCnxManager$RecvWorker@762] - Connection broken for id 188978561024, my id = 3, error = 
2015-07-29 19:36:12,310 - WARN  [RecvWorker:188978561024:QuorumCnxManager$RecvWorker@765] - Interrupting SendWorker
2015-07-29 19:36:12,311 - INFO  [/10.10.34.13:3888:QuorumCnxManager$Listener@493] - Received connection request /10.10.34.13:47282
2015-07-29 19:36:12,311 - WARN  [SendWorker:188978561024:QuorumCnxManager$SendWorker@679] - Interrupted while waiting for message on queue
2015-07-29 19:36:12,311 - WARN  [SendWorker:188978561024:QuorumCnxManager$SendWorker@688] - Send worker leaving thread
2015-07-29 19:36:12,311 - INFO  [/10.10.34.13:3888:QuorumCnxManager$Listener@493] - Received connection request /10.10.34.13:47283
2015-07-29 19:36:12,311 - WARN  [RecvWorker:188978561024:QuorumCnxManager$RecvWorker@762] - Connection broken for id 188978561024, my id = 3, error = 
2015-07-29 19:36:12,311 - WARN  [RecvWorker:188978561024:QuorumCnxManager$RecvWorker@765] - Interrupting SendWorker
2015-07-29 19:36:12,312 - WARN  [SendWorker:188978561024:QuorumCnxManager$SendWorker@679] - Interrupted while waiting for message on queue
2015-07-29 19:36:12,312 - WARN  [SendWorker:188978561024:QuorumCnxManager$SendWorker@688] - Send worker leaving thread
2015-07-29 19:36:12,312 - WARN  [RecvWorker:188978561024:QuorumCnxManager$RecvWorker@762] - Connection broken for id 188978561024, my id = 3, error = 
2015-07-29 19:36:12,312 - WARN  [RecvWorker:188978561024:QuorumCnxManager$RecvWorker@765] - Interrupting SendWorker
2015-07-29 19:36:12,312 - WARN  [SendWorker:188978561024:QuorumCnxManager$SendWorker@679] - Interrupted while waiting for message on queue
2015-07-29 19:36:12,312 - WARN  [SendWorker:188978561024:QuorumCnxManager$SendWorker@688] - Send worker leaving thread
2015-07-29 19:36:15,453 - INFO  [/10.10.34.13:3888:QuorumCnxManager$Listener@493] - Received connection request /10.10.34.11:49857
2015-07-29 19:36:15,454 - INFO  [/10.10.34.13:3888:QuorumCnxManager$Listener@493] - Received connection request /10.10.34.11:49858
2015-07-29 19:36:15,454 - WARN  [RecvWorker:188978561024:QuorumCnxManager$RecvWorker@762] - Connection broken for id 188978561024, my id = 3, error = 
2015-07-29 19:36:15,454 - WARN  [RecvWorker:188978561024:QuorumCnxManager$RecvWorker@765] - Interrupting SendWorker
2015-07-29 19:36:15,454 - WARN  [SendWorker:188978561024:QuorumCnxManager$SendWorker@679] - Interrupted while waiting for message on queue
2015-07-29 19:36:15,454 - WARN  [SendWorker:188978561024:QuorumCnxManager$SendWorker@688] - Send worker leaving thread
2015-07-29 19:36:15,454 - WARN  [RecvWorker:188978561024:QuorumCnxManager$RecvWorker@762] - Connection broken for id 188978561024, my id = 3, error = 
2015-07-29 19:36:15,454 - WARN  [RecvWorker:188978561024:QuorumCnxManager$RecvWorker@765] - Interrupting SendWorker
2015-07-29 19:36:15,455 - WARN  [SendWorker:188978561024:QuorumCnxManager$SendWorker@679] - Interrupted while waiting for message on queue
2015-07-29 19:36:15,455 - WARN  [SendWorker:188978561024:QuorumCnxManager$SendWorker@688] - Send worker leaving thread
2015-07-29 19:36:15,457 - INFO  [/10.10.34.13:3888:QuorumCnxManager$Listener@493] - Received connection request /10.10.34.11:49863
2015-07-29 19:36:15,457 - WARN  [RecvWorker:188978561024:QuorumCnxManager$RecvWorker@762] - Connection broken for id 188978561024, my id = 3, error = 
2015-07-29 19:36:15,458 - WARN  [RecvWorker:188978561024:QuorumCnxManager$RecvWorker@765] - Interrupting SendWorker
2015-07-29 19:36:15,458 - WARN  [SendWorker:188978561024:QuorumCnxManager$SendWorker@679] - Interrupted while waiting for message on queue
2015-07-29 19:36:15,458 - WARN  [SendWorker:188978561024:QuorumCnxManager$SendWorker@688] - Send worker leaving thread
2015-07-29 19:36:15,461 - INFO  [/10.10.34.13:3888:QuorumCnxManager$Listener@493] - Received connection request /10.10.34.11:49866
2015-07-29 19:36:15,462 - WARN  [RecvWorker:188978561024:QuorumCnxManager$RecvWorker@762] - Connection broken for id 188978561024, my id = 3, error = 
2015-07-29 19:36:15,462 - WARN  [RecvWorker:188978561024:QuorumCnxManager$RecvWorker@765] - Interrupting SendWorker
2015-07-29 19:36:15,462 - WARN  [SendWorker:188978561024:QuorumCnxManager$SendWorker@679] - Interrupted while waiting for message on queue
2015-07-29 19:36:15,462 - WARN  [SendWorker:188978561024:QuorumCnxManager$SendWorker@688] - Send worker leaving thread
2015-07-29 19:36:15,535 - INFO  [/10.10.34.13:3888:QuorumCnxManager$Listener@493] - Received connection request /10.10.34.12:50014
2015-07-29 19:36:15,535 - WARN  [RecvWorker:188978561024:QuorumCnxManager$RecvWorker@762] - Connection broken for id 188978561024, my id = 3, error = 
2015-07-29 19:36:15,536 - WARN  [RecvWorker:188978561024:QuorumCnxManager$RecvWorker@765] - Interrupting SendWorker
2015-07-29 19:36:15,536 - WARN  [SendWorker:188978561024:QuorumCnxManager$SendWorker@679] - Interrupted while waiting for message on queue
2015-07-29 19:36:15,536 - WARN  [SendWorker:188978561024:QuorumCnxManager$SendWorker@688] - Send worker leaving thread
2015-07-29 19:36:15,537 - INFO  [/10.10.34.13:3888:QuorumCnxManager$Listener@493] - Received connection request /10.10.34.12:50017
2015-07-29 19:36:15,538 - WARN  [RecvWorker:188978561024:QuorumCnxManager$RecvWorker@762] - Connection broken for id 188978561024, my id = 3, error = 
2015-07-29 19:36:15,538 - WARN  [RecvWorker:188978561024:QuorumCnxManager$RecvWorker@765] - Interrupting SendWorker
2015-07-29 19:36:15,538 - WARN  [SendWorker:188978561024:QuorumCnxManager$SendWorker@679] - Interrupted while waiting for message on queue
2015-07-29 19:36:15,539 - WARN  [SendWorker:188978561024:QuorumCnxManager$SendWorker@688] - Send worker leaving thread
2015-07-29 19:36:15,539 - INFO  [/10.10.34.13:3888:QuorumCnxManager$Listener@493] - Received connection request /10.10.34.12:50021
2015-07-29 19:36:15,539 - WARN  [RecvWorker:188978561024:QuorumCnxManager$RecvWorker@762] - Connection broken for id 188978561024, my id = 3, error = 
2015-07-29 19:36:15,540 - WARN  [RecvWorker:188978561024:QuorumCnxManager$RecvWorker@765] - Interrupting SendWorker
2015-07-29 19:36:15,540 - WARN  [SendWorker:188978561024:QuorumCnxManager$SendWorker@679] - Interrupted while waiting for message on queue
2015-07-29 19:36:15,540 - WARN  [SendWorker:188978561024:QuorumCnxManager$SendWorker@688] - Send worker leaving thread
2015-07-29 19:36:15,542 - INFO  [/10.10.34.13:3888:QuorumCnxManager$Listener@493] - Received connection request /10.10.34.12:50025
2015-07-29 19:36:15,543 - WARN  [RecvWorker:188978561024:QuorumCnxManager$RecvWorker@762] - Connection broken for id 188978561024, my id = 3, error = 
2015-07-29 19:36:15,543 - WARN  [RecvWorker:188978561024:QuorumCnxManager$RecvWorker@765] - Interrupting SendWorker
2015-07-29 19:36:15,543 - WARN  [SendWorker:188978561024:QuorumCnxManager$SendWorker@679] - Interrupted while waiting for message on queue
2015-07-29 19:36:15,544 - WARN  [SendWorker:188978561024:QuorumCnxManager$SendWorker@688] - Send worker leaving thread
2015-07-29 19:36:15,643 - INFO  [/10.10.34.13:3888:QuorumCnxManager$Listener@493] - Received connection request /10.10.34.13:47286
2015-07-29 19:36:15,644 - WARN  [RecvWorker:188978561024:QuorumCnxManager$RecvWorker@762] - Connection broken for id 188978561024, my id = 3, error = 
2015-07-29 19:36:15,644 - WARN  [RecvWorker:188978561024:QuorumCnxManager$RecvWorker@765] - Interrupting SendWorker
2015-07-29 19:36:15,644 - WARN  [SendWorker:188978561024:QuorumCnxManager$SendWorker@679] - Interrupted while waiting for message on queue
2015-07-29 19:36:15,645 - WARN  [SendWorker:188978561024:QuorumCnxManager$SendWorker@688] - Send worker leaving thread
2015-07-29 19:36:15,650 - INFO  [/10.10.34.13:3888:QuorumCnxManager$Listener@493] - Received connection request /10.10.34.13:47292
2015-07-29 19:36:15,651 - WARN  [RecvWorker:188978561024:QuorumCnxManager$RecvWorker@762] - Connection broken for id 188978561024, my id = 3, error = 
2015-07-29 19:36:15,651 - WARN  [RecvWorker:188978561024:QuorumCnxManager$RecvWorker@765] - Interrupting SendWorker
2015-07-29 19:36:15,651 - INFO  [/10.10.34.13:3888:QuorumCnxManager$Listener@493] - Received connection request /10.10.34.13:47294
2015-07-29 19:36:15,651 - WARN  [SendWorker:188978561024:QuorumCnxManager$SendWorker@679] - Interrupted while waiting for message on queue
2015-07-29 19:36:15,651 - WARN  [SendWorker:188978561024:QuorumCnxManager$SendWorker@688] - Send worker leaving thread
2015-07-29 19:36:15,651 - WARN  [RecvWorker:188978561024:QuorumCnxManager$RecvWorker@762] - Connection broken for id 188978561024, my id = 3, error = 
2015-07-29 19:36:15,652 - WARN  [RecvWorker:188978561024:QuorumCnxManager$RecvWorker@765] - Interrupting SendWorker
2015-07-29 19:36:15,651 - INFO  [/10.10.34.13:3888:QuorumCnxManager$Listener@493] - Received connection request /10.10.34.13:47295
2015-07-29 19:36:15,652 - WARN  [SendWorker:188978561024:QuorumCnxManager$SendWorker@679] - Interrupted while waiting for message on queue
2015-07-29 19:36:15,652 - WARN  [SendWorker:188978561024:QuorumCnxManager$SendWorker@688] - Send worker leaving thread
2015-07-29 19:36:15,652 - WARN  [RecvWorker:188978561024:QuorumCnxManager$RecvWorker@762] - Connection broken for id 188978561024, my id = 3, error = 
2015-07-29 19:36:15,652 - WARN  [RecvWorker:188978561024:QuorumCnxManager$RecvWorker@765] - Interrupting SendWorker
2015-07-29 19:36:15,652 - WARN  [SendWorker:188978561024:QuorumCnxManager$SendWorker@679] - Interrupted while waiting for message on queue
2015-07-29 19:36:15,653 - WARN  [SendWorker:188978561024:QuorumCnxManager$SendWorker@688] - Send worker leaving thread
2015-07-29 19:36:18,794 - INFO  [/10.10.34.13:3888:QuorumCnxManager$Listener@493] - Received connection request /10.10.34.11:49869
2015-07-29 19:36:18,794 - WARN  [RecvWorker:188978561024:QuorumCnxManager$RecvWorker@762] - Connection broken for id 188978561024, my id = 3, error = 
2015-07-29 19:36:18,795 - WARN  [RecvWorker:188978561024:QuorumCnxManager$RecvWorker@765] - Interrupting SendWorker
2015-07-29 19:36:18,795 - WARN  [SendWorker:188978561024:QuorumCnxManager$SendWorker@679] - Interrupted while waiting for message on queue
2015-07-29 19:36:18,795 - WARN  [SendWorker:188978561024:QuorumCnxManager$SendWorker@688] - Send worker leaving thread
2015-07-29 19:36:18,796 - INFO  [/10.10.34.13:3888:QuorumCnxManager$Listener@493] - Received connection request /10.10.34.11:49872
2015-07-29 19:36:18,797 - WARN  [RecvWorker:188978561024:QuorumCnxManager$RecvWorker@762] - Connection broken for id 188978561024, my id = 3, error = 
2015-07-29 19:36:18,797 - WARN  [RecvWorker:188978561024:QuorumCnxManager$RecvWorker@765] - Interrupting SendWorker
2015-07-29 19:36:18,797 - WARN  [SendWorker:188978561024:QuorumCnxManager$SendWorker@679] - Interrupted while waiting for message on queue
2015-07-29 19:36:18,797 - WARN  [SendWorker:188978561024:QuorumCnxManager$SendWorker@688] - Send worker leaving thread
2015-07-29 19:36:18,798 - INFO  [/10.10.34.13:3888:QuorumCnxManager$Listener@493] - Received connection request /10.10.34.11:49875
2015-07-29 19:36:18,799 - WARN  [RecvWorker:188978561024:QuorumCnxManager$RecvWorker@762] - Connection broken for id 188978561024, my id = 3, error = 
2015-07-29 19:36:18,799 - WARN  [RecvWorker:188978561024:QuorumCnxManager$RecvWorker@765] - Interrupting SendWorker
2015-07-29 19:36:18,799 - WARN  [SendWorker:188978561024:QuorumCnxManager$SendWorker@679] - Interrupted while waiting for message on queue
2015-07-29 19:36:18,799 - WARN  [SendWorker:188978561024:QuorumCnxManager$SendWorker@688] - Send worker leaving thread
2015-07-29 19:36:18,801 - INFO  [/10.10.34.13:3888:QuorumCnxManager$Listener@493] - Received connection request /10.10.34.11:49878
2015-07-29 19:36:18,801 - WARN  [RecvWorker:188978561024:QuorumCnxManager$RecvWorker@762] - Connection broken for id 188978561024, my id = 3, error = 
2015-07-29 19:36:18,802 - WARN  [RecvWorker:188978561024:QuorumCnxManager$RecvWorker@765] - Interrupting SendWorker
2015-07-29 19:36:18,802 - WARN  [SendWorker:188978561024:QuorumCnxManager$SendWorker@679] - Interrupted while waiting for message on queue
2015-07-29 19:36:18,802 - WARN  [SendWorker:188978561024:QuorumCnxManager$SendWorker@688] - Send worker leaving thread
2015-07-29 19:36:18,875 - INFO  [/10.10.34.13:3888:QuorumCnxManager$Listener@493] - Received connection request /10.10.34.12:50026
2015-07-29 19:36:18,875 - WARN  [RecvWorker:188978561024:QuorumCnxManager$RecvWorker@762] - Connection broken for id 188978561024, my id = 3, error = 
2015-07-29 19:36:18,876 - WARN  [RecvWorker:188978561024:QuorumCnxManager$RecvWorker@765] - Interrupting SendWorker
2015-07-29 19:36:18,876 - WARN  [SendWorker:188978561024:QuorumCnxManager$SendWorker@679] - Interrupted while waiting for message on queue
2015-07-29 19:36:18,876 - WARN  [SendWorker:188978561024:QuorumCnxManager$SendWorker@688] - Send worker leaving thread
2015-07-29 19:36:18,879 - INFO  [/10.10.34.13:3888:QuorumCnxManager$Listener@493] - Received connection request /10.10.34.12:50030
2015-07-29 19:36:18,879 - INFO  [/10.10.34.13:3888:QuorumCnxManager$Listener@493] - Received connection request /10.10.34.12:50031
2015-07-29 19:36:18,880 - WARN  [RecvWorker:188978561024:QuorumCnxManager$RecvWorker@762] - Connection broken for id 188978561024, my id = 3, error = 
2015-07-29 19:36:18,880 - WARN  [RecvWorker:188978561024:QuorumCnxManager$RecvWorker@765] - Interrupting SendWorker
2015-07-29 19:36:18,880 - WARN  [SendWorker:188978561024:QuorumCnxManager$SendWorker@679] - Interrupted while waiting for message on queue
2015-07-29 19:36:18,880 - WARN  [SendWorker:188978561024:QuorumCnxManager$SendWorker@688] - Send worker leaving thread
2015-07-29 19:36:18,880 - WARN  [RecvWorker:188978561024:QuorumCnxManager$RecvWorker@762] - Connection broken for id 188978561024, my id = 3, error = 
2015-07-29 19:36:18,880 - WARN  [RecvWorker:188978561024:QuorumCnxManager$RecvWorker@765] - Interrupting SendWorker
2015-07-29 19:36:18,881 - WARN  [SendWorker:188978561024:QuorumCnxManager$SendWorker@679] - Interrupted while waiting for message on queue
2015-07-29 19:36:18,881 - WARN  [SendWorker:188978561024:QuorumCnxManager$SendWorker@688] - Send worker leaving thread
2015-07-29 19:36:18,882 - INFO  [/10.10.34.13:3888:QuorumCnxManager$Listener@493] - Received connection request /10.10.34.12:50037
2015-07-29 19:36:18,883 - WARN  [RecvWorker:188978561024:QuorumCnxManager$RecvWorker@762] - Connection broken for id 188978561024, my id = 3, error = 
2015-07-29 19:36:18,883 - WARN  [RecvWorker:188978561024:QuorumCnxManager$RecvWorker@765] - Interrupting SendWorker
2015-07-29 19:36:18,883 - WARN  [SendWorker:188978561024:QuorumCnxManager$SendWorker@679] - Interrupted while waiting for message on queue
2015-07-29 19:36:18,883 - WARN  [SendWorker:188978561024:QuorumCnxManager$SendWorker@688] - Send worker leaving thread
2015-07-29 19:36:18,984 - INFO  [/10.10.34.13:3888:QuorumCnxManager$Listener@493] - Received connection request /10.10.34.13:47298
2015-07-29 19:36:18,984 - WARN  [RecvWorker:188978561024:QuorumCnxManager$RecvWorker@762] - Connection broken for id 188978561024, my id = 3, error = 
2015-07-29 19:36:18,984 - WARN  [RecvWorker:188978561024:QuorumCnxManager$RecvWorker@765] - Interrupting SendWorker
2015-07-29 19:36:18,985 - WARN  [SendWorker:188978561024:QuorumCnxManager$SendWorker@679] - Interrupted while waiting for message on queue
2015-07-29 19:36:18,985 - WARN  [SendWorker:188978561024:QuorumCnxManager$SendWorker@688] - Send worker leaving thread
2015-07-29 19:36:18,990 - INFO  [/10.10.34.13:3888:QuorumCnxManager$Listener@493] - Received connection request /10.10.34.13:47304
2015-07-29 19:36:18,991 - WARN  [RecvWorker:188978561024:QuorumCnxManager$RecvWorker@762] - Connection broken for id 188978561024, my id = 3, error = 
2015-07-29 19:36:18,991 - WARN  [RecvWorker:188978561024:QuorumCnxManager$RecvWorker@765] - Interrupting SendWorker
2015-07-29 19:36:18,991 - INFO  [/10.10.34.13:3888:QuorumCnxManager$Listener@493] - Received connection request /10.10.34.13:47306
2015-07-29 19:36:18,991 - WARN  [SendWorker:188978561024:QuorumCnxManager$SendWorker@679] - Interrupted while waiting for message on queue
2015-07-29 19:36:18,991 - WARN  [SendWorker:188978561024:QuorumCnxManager$SendWorker@688] - Send worker leaving thread
2015-07-29 19:36:18,991 - WARN  [RecvWorker:188978561024:QuorumCnxManager$RecvWorker@762] - Connection broken for id 188978561024, my id = 3, error = 
2015-07-29 19:36:18,992 - WARN  [RecvWorker:188978561024:QuorumCnxManager$RecvWorker@765] - Interrupting SendWorker
2015-07-29 19:36:18,992 - INFO  [/10.10.34.13:3888:QuorumCnxManager$Listener@493] - Received connection request /10.10.34.13:47307
2015-07-29 19:36:18,992 - WARN  [SendWorker:188978561024:QuorumCnxManager$SendWorker@679] - Interrupted while waiting for message on queue
2015-07-29 19:36:18,992 - WARN  [SendWorker:188978561024:QuorumCnxManager$SendWorker@688] - Send worker leaving thread
2015-07-29 19:36:18,992 - WARN  [RecvWorker:188978561024:QuorumCnxManager$RecvWorker@762] - Connection broken for id 188978561024, my id = 3, error = 
2015-07-29 19:36:18,992 - WARN  [RecvWorker:188978561024:QuorumCnxManager$RecvWorker@765] - Interrupting SendWorker
2015-07-29 19:36:18,993 - WARN  [SendWorker:188978561024:QuorumCnxManager$SendWorker@679] - Interrupted while waiting for message on queue
2015-07-29 19:36:18,993 - WARN  [SendWorker:188978561024:QuorumCnxManager$SendWorker@688] - Send worker leaving thread
2015-07-29 19:36:22,134 - INFO  [/10.10.34.13:3888:QuorumCnxManager$Listener@493] - Received connection request /10.10.34.11:49880
2015-07-29 19:36:22,135 - WARN  [RecvWorker:188978561024:QuorumCnxManager$RecvWorker@762] - Connection broken for id 188978561024, my id = 3, error = 
2015-07-29 19:36:22,135 - WARN  [RecvWorker:188978561024:QuorumCnxManager$RecvWorker@765] - Interrupting SendWorker
2015-07-29 19:36:22,135 - WARN  [SendWorker:188978561024:QuorumCnxManager$SendWorker@679] - Interrupted while waiting for message on queue
2015-07-29 19:36:22,136 - WARN  [SendWorker:188978561024:QuorumCnxManager$SendWorker@688] - Send worker leaving thread
2015-07-29 19:36:22,136 - INFO  [/10.10.34.13:3888:QuorumCnxManager$Listener@493] - Received connection request /10.10.34.11:49885
2015-07-29 19:36:22,137 - WARN  [RecvWorker:188978561024:QuorumCnxManager$RecvWorker@762] - Connection broken for id 188978561024, my id = 3, error = 
2015-07-29 19:36:22,137 - WARN  [RecvWorker:188978561024:QuorumCnxManager$RecvWorker@765] - Interrupting SendWorker
2015-07-29 19:36:22,137 - WARN  [SendWorker:188978561024:QuorumCnxManager$SendWorker@679] - Interrupted while waiting for message on queue
2015-07-29 19:36:22,137 - WARN  [SendWorker:188978561024:QuorumCnxManager$SendWorker@688] - Send worker leaving thread
2015-07-29 19:36:22,138 - INFO  [/10.10.34.13:3888:QuorumCnxManager$Listener@493] - Received connection request /10.10.34.11:49889
2015-07-29 19:36:22,138 - INFO  [/10.10.34.13:3888:QuorumCnxManager$Listener@493] - Received connection request /10.10.34.11:49890
2015-07-29 19:36:22,139 - WARN  [RecvWorker:188978561024:QuorumCnxManager$RecvWorker@762] - Connection broken for id 188978561024, my id = 3, error = 
2015-07-29 19:36:22,139 - WARN  [RecvWorker:188978561024:QuorumCnxManager$RecvWorker@765] - Interrupting SendWorker
2015-07-29 19:36:22,139 - WARN  [SendWorker:188978561024:QuorumCnxManager$SendWorker@679] - Interrupted while waiting for message on queue
2015-07-29 19:36:22,139 - WARN  [RecvWorker:188978561024:QuorumCnxManager$RecvWorker@762] - Connection broken for id 188978561024, my id = 3, error = 
2015-07-29 19:36:22,139 - WARN  [RecvWorker:188978561024:QuorumCnxManager$RecvWorker@765] - Interrupting SendWorker
2015-07-29 19:36:22,139 - WARN  [SendWorker:188978561024:QuorumCnxManager$SendWorker@688] - Send worker leaving thread
2015-07-29 19:36:22,139 - WARN  [SendWorker:188978561024:QuorumCnxManager$SendWorker@679] - Interrupted while waiting for message on queue
2015-07-29 19:36:22,140 - WARN  [SendWorker:188978561024:QuorumCnxManager$SendWorker@688] - Send worker leaving thread
2015-07-29 19:36:22,215 - INFO  [/10.10.34.13:3888:QuorumCnxManager$Listener@493] - Received connection request /10.10.34.12:50038
2015-07-29 19:36:22,216 - WARN  [RecvWorker:188978561024:QuorumCnxManager$RecvWorker@762] - Connection broken for id 188978561024, my id = 3, error = 
2015-07-29 19:36:22,216 - WARN  [RecvWorker:188978561024:QuorumCnxManager$RecvWorker@765] - Interrupting SendWorker
2015-07-29 19:36:22,216 - WARN  [SendWorker:188978561024:QuorumCnxManager$SendWorker@679] - Interrupted while waiting for message on queue
2015-07-29 19:36:22,216 - WARN  [SendWorker:188978561024:QuorumCnxManager$SendWorker@688] - Send worker leaving thread
2015-07-29 19:36:22,219 - INFO  [/10.10.34.13:3888:QuorumCnxManager$Listener@493] - Received connection request /10.10.34.12:50042
2015-07-29 19:36:22,220 - INFO  [/10.10.34.13:3888:QuorumCnxManager$Listener@493] - Received connection request /10.10.34.12:50043
2015-07-29 19:36:22,220 - WARN  [RecvWorker:188978561024:QuorumCnxManager$RecvWorker@762] - Connection broken for id 188978561024, my id = 3, error = 
2015-07-29 19:36:22,220 - WARN  [RecvWorker:188978561024:QuorumCnxManager$RecvWorker@765] - Interrupting SendWorker
2015-07-29 19:36:22,220 - WARN  [SendWorker:188978561024:QuorumCnxManager$SendWorker@679] - Interrupted while waiting for message on queue
2015-07-29 19:36:22,222 - WARN  [RecvWorker:188978561024:QuorumCnxManager$RecvWorker@762] - Connection broken for id 188978561024, my id = 3, error = 
2015-07-29 19:36:22,223 - WARN  [RecvWorker:188978561024:QuorumCnxManager$RecvWorker@765] - Interrupting SendWorker
2015-07-29 19:36:22,222 - INFO  [/10.10.34.13:3888:QuorumCnxManager$Listener@493] - Received connection request /10.10.34.12:50048
2015-07-29 19:36:22,223 - WARN  [SendWorker:188978561024:QuorumCnxManager$SendWorker@679] - Interrupted while waiting for message on queue
2015-07-29 19:36:22,223 - WARN  [SendWorker:188978561024:QuorumCnxManager$SendWorker@688] - Send worker leaving thread
2015-07-29 19:36:22,222 - WARN  [SendWorker:188978561024:QuorumCnxManager$SendWorker@688] - Send worker leaving thread
2015-07-29 19:36:22,223 - WARN  [RecvWorker:188978561024:QuorumCnxManager$RecvWorker@762] - Connection broken for id 188978561024, my id = 3, error = 
2015-07-29 19:36:22,224 - WARN  [RecvWorker:188978561024:QuorumCnxManager$RecvWorker@765] - Interrupting SendWorker
2015-07-29 19:36:22,224 - WARN  [SendWorker:188978561024:QuorumCnxManager$SendWorker@679] - Interrupted while waiting for message on queue
2015-07-29 19:36:22,224 - WARN  [SendWorker:188978561024:QuorumCnxManager$SendWorker@688] - Send worker leaving thread
2015-07-29 19:36:22,324 - INFO  [/10.10.34.13:3888:QuorumCnxManager$Listener@493] - Received connection request /10.10.34.13:47310
2015-07-29 19:36:22,324 - WARN  [RecvWorker:188978561024:QuorumCnxManager$RecvWorker@762] - Connection broken for id 188978561024, my id = 3, error = 
2015-07-29 19:36:22,324 - WARN  [RecvWorker:188978561024:QuorumCnxManager$RecvWorker@765] - Interrupting SendWorker
2015-07-29 19:36:22,325 - WARN  [SendWorker:188978561024:QuorumCnxManager$SendWorker@679] - Interrupted while waiting for message on queue
2015-07-29 19:36:22,325 - WARN  [SendWorker:188978561024:QuorumCnxManager$SendWorker@688] - Send worker leaving thread
2015-07-29 19:36:22,330 - INFO  [/10.10.34.13:3888:QuorumCnxManager$Listener@493] - Received connection request /10.10.34.13:47316
2015-07-29 19:36:22,331 - WARN  [RecvWorker:188978561024:QuorumCnxManager$RecvWorker@762] - Connection broken for id 188978561024, my id = 3, error = 
2015-07-29 19:36:22,331 - WARN  [RecvWorker:188978561024:QuorumCnxManager$RecvWorker@765] - Interrupting SendWorker
2015-07-29 19:36:22,331 - INFO  [/10.10.34.13:3888:QuorumCnxManager$Listener@493] - Received connection request /10.10.34.13:47318
2015-07-29 19:36:22,331 - WARN  [SendWorker:188978561024:QuorumCnxManager$SendWorker@679] - Interrupted while waiting for message on queue
2015-07-29 19:36:22,331 - WARN  [SendWorker:188978561024:QuorumCnxManager$SendWorker@688] - Send worker leaving thread
2015-07-29 19:36:22,331 - WARN  [RecvWorker:188978561024:QuorumCnxManager$RecvWorker@762] - Connection broken for id 188978561024, my id = 3, error = 
2015-07-29 19:36:22,332 - WARN  [RecvWorker:188978561024:QuorumCnxManager$RecvWorker@765] - Interrupting SendWorker
2015-07-29 19:36:22,332 - INFO  [/10.10.34.13:3888:QuorumCnxManager$Listener@493] - Received connection request /10.10.34.13:47319
2015-07-29 19:36:22,332 - WARN  [SendWorker:188978561024:QuorumCnxManager$SendWorker@679] - Interrupted while waiting for message on queue
2015-07-29 19:36:22,332 - WARN  [SendWorker:188978561024:QuorumCnxManager$SendWorker@688] - Send worker leaving thread
2015-07-29 19:36:22,332 - WARN  [RecvWorker:188978561024:QuorumCnxManager$RecvWorker@762] - Connection broken for id 188978561024, my id = 3, error = 
2015-07-29 19:36:22,332 - WARN  [RecvWorker:188978561024:QuorumCnxManager$RecvWorker@765] - Interrupting SendWorker
2015-07-29 19:36:22,332 - WARN  [SendWorker:188978561024:QuorumCnxManager$SendWorker@679] - Interrupted while waiting for message on queue
2015-07-29 19:36:22,333 - WARN  [SendWorker:188978561024:QuorumCnxManager$SendWorker@688] - Send worker leaving thread
2015-07-29 19:36:25,475 - INFO  [/10.10.34.13:3888:QuorumCnxManager$Listener@493] - Received connection request /10.10.34.11:49892
2015-07-29 19:36:25,476 - WARN  [RecvWorker:188978561024:QuorumCnxManager$RecvWorker@762] - Connection broken for id 188978561024, my id = 3, error = 
2015-07-29 19:36:25,476 - WARN  [RecvWorker:188978561024:QuorumCnxManager$RecvWorker@765] - Interrupting SendWorker
2015-07-29 19:36:25,476 - WARN  [SendWorker:188978561024:QuorumCnxManager$SendWorker@679] - Interrupted while waiting for message on queue
2015-07-29 19:36:25,476 - WARN  [SendWorker:188978561024:QuorumCnxManager$SendWorker@688] - Send worker leaving thread
2015-07-29 19:36:25,476 - INFO  [/10.10.34.13:3888:QuorumCnxManager$Listener@493] - Received connection request /10.10.34.11:49896
2015-07-29 19:36:25,477 - WARN  [RecvWorker:188978561024:QuorumCnxManager$RecvWorker@762] - Connection broken for id 188978561024, my id = 3, error = 
2015-07-29 19:36:25,477 - WARN  [RecvWorker:188978561024:QuorumCnxManager$RecvWorker@765] - Interrupting SendWorker
2015-07-29 19:36:25,477 - WARN  [SendWorker:188978561024:QuorumCnxManager$SendWorker@679] - Interrupted while waiting for message on queue
2015-07-29 19:36:25,477 - WARN  [SendWorker:188978561024:QuorumCnxManager$SendWorker@688] - Send worker leaving thread
2015-07-29 19:36:25,478 - INFO  [/10.10.34.13:3888:QuorumCnxManager$Listener@493] - Received connection request /10.10.34.11:49901
2015-07-29 19:36:25,479 - INFO  [/10.10.34.13:3888:QuorumCnxManager$Listener@493] - Received connection request /10.10.34.11:49902
2015-07-29 19:36:25,479 - WARN  [RecvWorker:188978561024:QuorumCnxManager$RecvWorker@762] - Connection broken for id 188978561024, my id = 3, error = 
2015-07-29 19:36:25,479 - WARN  [RecvWorker:188978561024:QuorumCnxManager$RecvWorker@765] - Interrupting SendWorker
2015-07-29 19:36:25,479 - WARN  [SendWorker:188978561024:QuorumCnxManager$SendWorker@679] - Interrupted while waiting for message on queue
2015-07-29 19:36:25,479 - WARN  [SendWorker:188978561024:QuorumCnxManager$SendWorker@688] - Send worker leaving thread
2015-07-29 19:36:25,479 - WARN  [RecvWorker:188978561024:QuorumCnxManager$RecvWorker@762] - Connection broken for id 188978561024, my id = 3, error = 
2015-07-29 19:36:25,480 - WARN  [RecvWorker:188978561024:QuorumCnxManager$RecvWorker@765] - Interrupting SendWorker
2015-07-29 19:36:25,480 - WARN  [SendWorker:188978561024:QuorumCnxManager$SendWorker@679] - Interrupted while waiting for message on queue
2015-07-29 19:36:25,480 - WARN  [SendWorker:188978561024:QuorumCnxManager$SendWorker@688] - Send worker leaving thread
2015-07-29 19:36:25,555 - INFO  [/10.10.34.13:3888:QuorumCnxManager$Listener@493] - Received connection request /10.10.34.12:50050
2015-07-29 19:36:25,555 - WARN  [RecvWorker:188978561024:QuorumCnxManager$RecvWorker@762] - Connection broken for id 188978561024, my id = 3, error = 
2015-07-29 19:36:25,555 - WARN  [RecvWorker:188978561024:QuorumCnxManager$RecvWorker@765] - Interrupting SendWorker
2015-07-29 19:36:25,556 - WARN  [SendWorker:188978561024:QuorumCnxManager$SendWorker@679] - Interrupted while waiting for message on queue
2015-07-29 19:36:25,556 - WARN  [SendWorker:188978561024:QuorumCnxManager$SendWorker@688] - Send worker leaving thread
2015-07-29 19:36:25,559 - INFO  [/10.10.34.13:3888:QuorumCnxManager$Listener@493] - Received connection request /10.10.34.12:50053
2015-07-29 19:36:25,559 - WARN  [RecvWorker:188978561024:QuorumCnxManager$RecvWorker@762] - Connection broken for id 188978561024, my id = 3, error = 
2015-07-29 19:36:25,559 - WARN  [RecvWorker:188978561024:QuorumCnxManager$RecvWorker@765] - Interrupting SendWorker
2015-07-29 19:36:25,560 - WARN  [SendWorker:188978561024:QuorumCnxManager$SendWorker@679] - Interrupted while waiting for message on queue
2015-07-29 19:36:25,560 - WARN  [SendWorker:188978561024:QuorumCnxManager$SendWorker@688] - Send worker leaving thread
2015-07-29 19:36:25,562 - INFO  [/10.10.34.13:3888:QuorumCnxManager$Listener@493] - Received connection request /10.10.34.12:50059
2015-07-29 19:36:25,563 - WARN  [RecvWorker:188978561024:QuorumCnxManager$RecvWorker@762] - Connection broken for id 188978561024, my id = 3, error = 
2015-07-29 19:36:25,563 - WARN  [RecvWorker:188978561024:QuorumCnxManager$RecvWorker@765] - Interrupting SendWorker
2015-07-29 19:36:25,563 - WARN  [SendWorker:188978561024:QuorumCnxManager$SendWorker@679] - Interrupted while waiting for message on queue
2015-07-29 19:36:25,563 - WARN  [SendWorker:188978561024:QuorumCnxManager$SendWorker@688] - Send worker leaving thread
2015-07-29 19:36:25,563 - INFO  [/10.10.34.13:3888:QuorumCnxManager$Listener@493] - Received connection request /10.10.34.12:50060
2015-07-29 19:36:25,564 - WARN  [RecvWorker:188978561024:QuorumCnxManager$RecvWorker@762] - Connection broken for id 188978561024, my id = 3, error = 
2015-07-29 19:36:25,564 - WARN  [RecvWorker:188978561024:QuorumCnxManager$RecvWorker@765] - Interrupting SendWorker
2015-07-29 19:36:25,564 - WARN  [SendWorker:188978561024:QuorumCnxManager$SendWorker@679] - Interrupted while waiting for message on queue
2015-07-29 19:36:25,564 - WARN  [SendWorker:188978561024:QuorumCnxManager$SendWorker@688] - Send worker leaving thread
2015-07-29 19:36:25,664 - INFO  [/10.10.34.13:3888:QuorumCnxManager$Listener@493] - Received connection request /10.10.34.13:47322
2015-07-29 19:36:25,664 - WARN  [RecvWorker:188978561024:QuorumCnxManager$RecvWorker@762] - Connection broken for id 188978561024, my id = 3, error = 
2015-07-29 19:36:25,664 - WARN  [RecvWorker:188978561024:QuorumCnxManager$RecvWorker@765] - Interrupting SendWorker
2015-07-29 19:36:25,665 - WARN  [SendWorker:188978561024:QuorumCnxManager$SendWorker@679] - Interrupted while waiting for message on queue
2015-07-29 19:36:25,665 - WARN  [SendWorker:188978561024:QuorumCnxManager$SendWorker@688] - Send worker leaving thread
2015-07-29 19:36:25,670 - INFO  [/10.10.34.13:3888:QuorumCnxManager$Listener@493] - Received connection request /10.10.34.13:47329
2015-07-29 19:36:25,671 - INFO  [/10.10.34.13:3888:QuorumCnxManager$Listener@493] - Received connection request /10.10.34.13:47330
2015-07-29 19:36:25,671 - WARN  [RecvWorker:188978561024:QuorumCnxManager$RecvWorker@762] - Connection broken for id 188978561024, my id = 3, error = 
2015-07-29 19:36:25,671 - WARN  [RecvWorker:188978561024:QuorumCnxManager$RecvWorker@765] - Interrupting SendWorker
2015-07-29 19:36:25,671 - WARN  [SendWorker:188978561024:QuorumCnxManager$SendWorker@679] - Interrupted while waiting for message on queue
2015-07-29 19:36:25,671 - WARN  [SendWorker:188978561024:QuorumCnxManager$SendWorker@688] - Send worker leaving thread
2015-07-29 19:36:25,671 - WARN  [RecvWorker:188978561024:QuorumCnxManager$RecvWorker@762] - Connection broken for id 188978561024, my id = 3, error = 
2015-07-29 19:36:25,672 - WARN  [RecvWorker:188978561024:QuorumCnxManager$RecvWorker@765] - Interrupting SendWorker
2015-07-29 19:36:25,671 - INFO  [/10.10.34.13:3888:QuorumCnxManager$Listener@493] - Received connection request /10.10.34.13:47331
2015-07-29 19:36:25,672 - WARN  [SendWorker:188978561024:QuorumCnxManager$SendWorker@679] - Interrupted while waiting for message on queue
2015-07-29 19:36:25,672 - WARN  [SendWorker:188978561024:QuorumCnxManager$SendWorker@688] - Send worker leaving thread
2015-07-29 19:36:25,672 - WARN  [RecvWorker:188978561024:QuorumCnxManager$RecvWorker@762] - Connection broken for id 188978561024, my id = 3, error = 
2015-07-29 19:36:25,672 - WARN  [RecvWorker:188978561024:QuorumCnxManager$RecvWorker@765] - Interrupting SendWorker
2015-07-29 19:36:25,673 - WARN  [SendWorker:188978561024:QuorumCnxManager$SendWorker@679] - Interrupted while waiting for message on queue
2015-07-29 19:36:25,673 - WARN  [SendWorker:188978561024:QuorumCnxManager$SendWorker@688] - Send worker leaving thread
2015-07-29 19:36:28,815 - INFO  [/10.10.34.13:3888:QuorumCnxManager$Listener@493] - Received connection request /10.10.34.11:49905
2015-07-29 19:36:28,816 - WARN  [RecvWorker:188978561024:QuorumCnxManager$RecvWorker@762] - Connection broken for id 188978561024, my id = 3, error = 
2015-07-29 19:36:28,816 - WARN  [RecvWorker:188978561024:QuorumCnxManager$RecvWorker@765] - Interrupting SendWorker
2015-07-29 19:36:28,816 - INFO  [/10.10.34.13:3888:QuorumCnxManager$Listener@493] - Received connection request /10.10.34.11:49908
2015-07-29 19:36:28,816 - WARN  [SendWorker:188978561024:QuorumCnxManager$SendWorker@679] - Interrupted while waiting for message on queue
2015-07-29 19:36:28,817 - WARN  [SendWorker:188978561024:QuorumCnxManager$SendWorker@688] - Send worker leaving thread
2015-07-29 19:36:28,817 - WARN  [RecvWorker:188978561024:QuorumCnxManager$RecvWorker@762] - Connection broken for id 188978561024, my id = 3, error = 
2015-07-29 19:36:28,817 - WARN  [RecvWorker:188978561024:QuorumCnxManager$RecvWorker@765] - Interrupting SendWorker
2015-07-29 19:36:28,817 - WARN  [SendWorker:188978561024:QuorumCnxManager$SendWorker@679] - Interrupted while waiting for message on queue
2015-07-29 19:36:28,817 - WARN  [SendWorker:188978561024:QuorumCnxManager$SendWorker@688] - Send worker leaving thread
2015-07-29 19:36:28,818 - INFO  [/10.10.34.13:3888:QuorumCnxManager$Listener@493] - Received connection request /10.10.34.11:49913
2015-07-29 19:36:28,819 - INFO  [/10.10.34.13:3888:QuorumCnxManager$Listener@493] - Received connection request /10.10.34.11:49914
2015-07-29 19:36:28,819 - WARN  [RecvWorker:188978561024:QuorumCnxManager$RecvWorker@762] - Connection broken for id 188978561024, my id = 3, error = 
2015-07-29 19:36:28,819 - WARN  [RecvWorker:188978561024:QuorumCnxManager$RecvWorker@765] - Interrupting SendWorker
2015-07-29 19:36:28,819 - WARN  [SendWorker:188978561024:QuorumCnxManager$SendWorker@679] - Interrupted while waiting for message on queue
2015-07-29 19:36:28,819 - WARN  [SendWorker:188978561024:QuorumCnxManager$SendWorker@688] - Send worker leaving thread
2015-07-29 19:36:28,819 - WARN  [RecvWorker:188978561024:QuorumCnxManager$RecvWorker@762] - Connection broken for id 188978561024, my id = 3, error = 
2015-07-29 19:36:28,819 - WARN  [RecvWorker:188978561024:QuorumCnxManager$RecvWorker@765] - Interrupting SendWorker
2015-07-29 19:36:28,820 - WARN  [SendWorker:188978561024:QuorumCnxManager$SendWorker@679] - Interrupted while waiting for message on queue
2015-07-29 19:36:28,820 - WARN  [SendWorker:188978561024:QuorumCnxManager$SendWorker@688] - Send worker leaving thread
2015-07-29 19:36:28,895 - INFO  [/10.10.34.13:3888:QuorumCnxManager$Listener@493] - Received connection request /10.10.34.12:50062
2015-07-29 19:36:28,895 - WARN  [RecvWorker:188978561024:QuorumCnxManager$RecvWorker@762] - Connection broken for id 188978561024, my id = 3, error = 
2015-07-29 19:36:28,895 - WARN  [RecvWorker:188978561024:QuorumCnxManager$RecvWorker@765] - Interrupting SendWorker
2015-07-29 19:36:28,895 - WARN  [SendWorker:188978561024:QuorumCnxManager$SendWorker@679] - Interrupted while waiting for message on queue
2015-07-29 19:36:28,896 - WARN  [SendWorker:188978561024:QuorumCnxManager$SendWorker@688] - Send worker leaving thread
2015-07-29 19:36:28,899 - INFO  [/10.10.34.13:3888:QuorumCnxManager$Listener@493] - Received connection request /10.10.34.12:50066
2015-07-29 19:36:28,900 - WARN  [RecvWorker:188978561024:QuorumCnxManager$RecvWorker@762] - Connection broken for id 188978561024, my id = 3, error = 
2015-07-29 19:36:28,900 - WARN  [RecvWorker:188978561024:QuorumCnxManager$RecvWorker@765] - Interrupting SendWorker
2015-07-29 19:36:28,900 - WARN  [SendWorker:188978561024:QuorumCnxManager$SendWorker@679] - Interrupted while waiting for message on queue
2015-07-29 19:36:28,900 - WARN  [SendWorker:188978561024:QuorumCnxManager$SendWorker@688] - Send worker leaving thread
2015-07-29 19:36:28,901 - INFO  [/10.10.34.13:3888:QuorumCnxManager$Listener@493] - Received connection request /10.10.34.12:50070
2015-07-29 19:36:28,901 - WARN  [RecvWorker:188978561024:QuorumCnxManager$RecvWorker@762] - Connection broken for id 188978561024, my id = 3, error = 
2015-07-29 19:36:28,902 - WARN  [RecvWorker:188978561024:QuorumCnxManager$RecvWorker@765] - Interrupting SendWorker
2015-07-29 19:36:28,902 - WARN  [SendWorker:188978561024:QuorumCnxManager$SendWorker@679] - Interrupted while waiting for message on queue
2015-07-29 19:36:28,902 - WARN  [SendWorker:188978561024:QuorumCnxManager$SendWorker@688] - Send worker leaving thread
2015-07-29 19:36:28,902 - INFO  [/10.10.34.13:3888:QuorumCnxManager$Listener@493] - Received connection request /10.10.34.12:50072
2015-07-29 19:36:28,903 - WARN  [RecvWorker:188978561024:QuorumCnxManager$RecvWorker@762] - Connection broken for id 188978561024, my id = 3, error = 
2015-07-29 19:36:28,903 - WARN  [RecvWorker:188978561024:QuorumCnxManager$RecvWorker@765] - Interrupting SendWorker
2015-07-29 19:36:28,903 - WARN  [SendWorker:188978561024:QuorumCnxManager$SendWorker@679] - Interrupted while waiting for message on queue
2015-07-29 19:36:28,903 - WARN  [SendWorker:188978561024:QuorumCnxManager$SendWorker@688] - Send worker leaving thread
2015-07-29 19:36:29,004 - INFO  [/10.10.34.13:3888:QuorumCnxManager$Listener@493] - Received connection request /10.10.34.13:47334
2015-07-29 19:36:29,004 - WARN  [RecvWorker:188978561024:QuorumCnxManager$RecvWorker@762] - Connection broken for id 188978561024, my id = 3, error = 
2015-07-29 19:36:29,005 - WARN  [RecvWorker:188978561024:QuorumCnxManager$RecvWorker@765] - Interrupting SendWorker
2015-07-29 19:36:29,005 - WARN  [SendWorker:188978561024:QuorumCnxManager$SendWorker@679] - Interrupted while waiting for message on queue
2015-07-29 19:36:29,005 - WARN  [SendWorker:188978561024:QuorumCnxManager$SendWorker@688] - Send worker leaving thread
2015-07-29 19:36:29,010 - INFO  [/10.10.34.13:3888:QuorumCnxManager$Listener@493] - Received connection request /10.10.34.13:47340
2015-07-29 19:36:29,011 - INFO  [/10.10.34.13:3888:QuorumCnxManager$Listener@493] - Received connection request /10.10.34.13:47342
2015-07-29 19:36:29,011 - WARN  [RecvWorker:188978561024:QuorumCnxManager$RecvWorker@762] - Connection broken for id 188978561024, my id = 3, error = 
2015-07-29 19:36:29,011 - WARN  [RecvWorker:188978561024:QuorumCnxManager$RecvWorker@765] - Interrupting SendWorker
2015-07-29 19:36:29,011 - WARN  [SendWorker:188978561024:QuorumCnxManager$SendWorker@679] - Interrupted while waiting for message on queue
2015-07-29 19:36:29,011 - WARN  [SendWorker:188978561024:QuorumCnxManager$SendWorker@688] - Send worker leaving thread
2015-07-29 19:36:29,011 - WARN  [RecvWorker:188978561024:QuorumCnxManager$RecvWorker@762] - Connection broken for id 188978561024, my id = 3, error = 
2015-07-29 19:36:29,012 - WARN  [RecvWorker:188978561024:QuorumCnxManager$RecvWorker@765] - Interrupting SendWorker
2015-07-29 19:36:29,011 - INFO  [/10.10.34.13:3888:QuorumCnxManager$Listener@493] - Received connection request /10.10.34.13:47343
2015-07-29 19:36:29,012 - WARN  [SendWorker:188978561024:QuorumCnxManager$SendWorker@679] - Interrupted while waiting for message on queue
2015-07-29 19:36:29,012 - WARN  [SendWorker:188978561024:QuorumCnxManager$SendWorker@688] - Send worker leaving thread
2015-07-29 19:36:29,012 - WARN  [RecvWorker:188978561024:QuorumCnxManager$RecvWorker@762] - Connection broken for id 188978561024, my id = 3, error = 
2015-07-29 19:36:29,012 - WARN  [RecvWorker:188978561024:QuorumCnxManager$RecvWorker@765] - Interrupting SendWorker
2015-07-29 19:36:29,013 - WARN  [SendWorker:188978561024:QuorumCnxManager$SendWorker@679] - Interrupted while waiting for message on queue
2015-07-29 19:36:29,013 - WARN  [SendWorker:188978561024:QuorumCnxManager$SendWorker@688] - Send worker leaving thread
2015-07-29 19:36:32,156 - INFO  [/10.10.34.13:3888:QuorumCnxManager$Listener@493] - Received connection request /10.10.34.11:49917
2015-07-29 19:36:32,156 - WARN  [RecvWorker:188978561024:QuorumCnxManager$RecvWorker@762] - Connection broken for id 188978561024, my id = 3, error = 
2015-07-29 19:36:32,156 - WARN  [RecvWorker:188978561024:QuorumCnxManager$RecvWorker@765] - Interrupting SendWorker
2015-07-29 19:36:32,156 - INFO  [/10.10.34.13:3888:QuorumCnxManager$Listener@493] - Received connection request /10.10.34.11:49920
2015-07-29 19:36:32,157 - WARN  [SendWorker:188978561024:QuorumCnxManager$SendWorker@679] - Interrupted while waiting for message on queue
2015-07-29 19:36:32,157 - WARN  [SendWorker:188978561024:QuorumCnxManager$SendWorker@688] - Send worker leaving thread
2015-07-29 19:36:32,157 - WARN  [RecvWorker:188978561024:QuorumCnxManager$RecvWorker@762] - Connection broken for id 188978561024, my id = 3, error = 
2015-07-29 19:36:32,157 - WARN  [RecvWorker:188978561024:QuorumCnxManager$RecvWorker@765] - Interrupting SendWorker
2015-07-29 19:36:32,157 - WARN  [SendWorker:188978561024:QuorumCnxManager$SendWorker@679] - Interrupted while waiting for message on queue
2015-07-29 19:36:32,158 - WARN  [SendWorker:188978561024:QuorumCnxManager$SendWorker@688] - Send worker leaving thread
2015-07-29 19:36:32,158 - INFO  [/10.10.34.13:3888:QuorumCnxManager$Listener@493] - Received connection request /10.10.34.11:49925
2015-07-29 19:36:32,159 - INFO  [/10.10.34.13:3888:QuorumCnxManager$Listener@493] - Received connection request /10.10.34.11:49926
2015-07-29 19:36:32,159 - WARN  [RecvWorker:188978561024:QuorumCnxManager$RecvWorker@762] - Connection broken for id 188978561024, my id = 3, error = 
2015-07-29 19:36:32,159 - WARN  [RecvWorker:188978561024:QuorumCnxManager$RecvWorker@765] - Interrupting SendWorker
2015-07-29 19:36:32,159 - WARN  [SendWorker:188978561024:QuorumCnxManager$SendWorker@679] - Interrupted while waiting for message on queue
2015-07-29 19:36:32,159 - WARN  [SendWorker:188978561024:QuorumCnxManager$SendWorker@688] - Send worker leaving thread
2015-07-29 19:36:32,159 - WARN  [RecvWorker:188978561024:QuorumCnxManager$RecvWorker@762] - Connection broken for id 188978561024, my id = 3, error = 
2015-07-29 19:36:32,160 - WARN  [RecvWorker:188978561024:QuorumCnxManager$RecvWorker@765] - Interrupting SendWorker
2015-07-29 19:36:32,160 - WARN  [SendWorker:188978561024:QuorumCnxManager$SendWorker@679] - Interrupted while waiting for message on queue
2015-07-29 19:36:32,160 - WARN  [SendWorker:188978561024:QuorumCnxManager$SendWorker@688] - Send worker leaving thread
2015-07-29 19:36:32,235 - INFO  [/10.10.34.13:3888:QuorumCnxManager$Listener@493] - Received connection request /10.10.34.12:50074
2015-07-29 19:36:32,235 - WARN  [RecvWorker:188978561024:QuorumCnxManager$RecvWorker@762] - Connection broken for id 188978561024, my id = 3, error = 
2015-07-29 19:36:32,235 - WARN  [RecvWorker:188978561024:QuorumCnxManager$RecvWorker@765] - Interrupting SendWorker
2015-07-29 19:36:32,236 - WARN  [SendWorker:188978561024:QuorumCnxManager$SendWorker@679] - Interrupted while waiting for message on queue
2015-07-29 19:36:32,236 - WARN  [SendWorker:188978561024:QuorumCnxManager$SendWorker@688] - Send worker leaving thread
2015-07-29 19:36:32,239 - INFO  [/10.10.34.13:3888:QuorumCnxManager$Listener@493] - Received connection request /10.10.34.12:50078
2015-07-29 19:36:32,240 - WARN  [RecvWorker:188978561024:QuorumCnxManager$RecvWorker@762] - Connection broken for id 188978561024, my id = 3, error = 
2015-07-29 19:36:32,240 - WARN  [RecvWorker:188978561024:QuorumCnxManager$RecvWorker@765] - Interrupting SendWorker
2015-07-29 19:36:32,240 - WARN  [SendWorker:188978561024:QuorumCnxManager$SendWorker@679] - Interrupted while waiting for message on queue
2015-07-29 19:36:32,241 - WARN  [SendWorker:188978561024:QuorumCnxManager$SendWorker@688] - Send worker leaving thread
2015-07-29 19:36:32,241 - INFO  [/10.10.34.13:3888:QuorumCnxManager$Listener@493] - Received connection request /10.10.34.12:50081
2015-07-29 19:36:32,241 - WARN  [RecvWorker:188978561024:QuorumCnxManager$RecvWorker@762] - Connection broken for id 188978561024, my id = 3, error = 
2015-07-29 19:36:32,242 - WARN  [RecvWorker:188978561024:QuorumCnxManager$RecvWorker@765] - Interrupting SendWorker
2015-07-29 19:36:32,242 - WARN  [SendWorker:188978561024:QuorumCnxManager$SendWorker@679] - Interrupted while waiting for message on queue
2015-07-29 19:36:32,242 - WARN  [SendWorker:188978561024:QuorumCnxManager$SendWorker@688] - Send worker leaving thread
2015-07-29 19:36:32,242 - INFO  [/10.10.34.13:3888:QuorumCnxManager$Listener@493] - Received connection request /10.10.34.12:50084
2015-07-29 19:36:32,243 - WARN  [RecvWorker:188978561024:QuorumCnxManager$RecvWorker@762] - Connection broken for id 188978561024, my id = 3, error = 
2015-07-29 19:36:32,243 - WARN  [RecvWorker:188978561024:QuorumCnxManager$RecvWorker@765] - Interrupting SendWorker
2015-07-29 19:36:32,243 - WARN  [SendWorker:188978561024:QuorumCnxManager$SendWorker@679] - Interrupted while waiting for message on queue
2015-07-29 19:36:32,243 - WARN  [SendWorker:188978561024:QuorumCnxManager$SendWorker@688] - Send worker leaving thread
2015-07-29 19:36:32,344 - INFO  [/10.10.34.13:3888:QuorumCnxManager$Listener@493] - Received connection request /10.10.34.13:47346
2015-07-29 19:36:32,344 - WARN  [RecvWorker:188978561024:QuorumCnxManager$RecvWorker@762] - Connection broken for id 188978561024, my id = 3, error = 
2015-07-29 19:36:32,345 - WARN  [RecvWorker:188978561024:QuorumCnxManager$RecvWorker@765] - Interrupting SendWorker
2015-07-29 19:36:32,345 - WARN  [SendWorker:188978561024:QuorumCnxManager$SendWorker@679] - Interrupted while waiting for message on queue
2015-07-29 19:36:32,345 - WARN  [SendWorker:188978561024:QuorumCnxManager$SendWorker@688] - Send worker leaving thread
2015-07-29 19:36:32,350 - INFO  [/10.10.34.13:3888:QuorumCnxManager$Listener@493] - Received connection request /10.10.34.13:47352
2015-07-29 19:36:32,351 - WARN  [RecvWorker:188978561024:QuorumCnxManager$RecvWorker@762] - Connection broken for id 188978561024, my id = 3, error = 
2015-07-29 19:36:32,351 - WARN  [RecvWorker:188978561024:QuorumCnxManager$RecvWorker@765] - Interrupting SendWorker
2015-07-29 19:36:32,351 - WARN  [SendWorker:188978561024:QuorumCnxManager$SendWorker@679] - Interrupted while waiting for message on queue
2015-07-29 19:36:32,351 - WARN  [SendWorker:188978561024:QuorumCnxManager$SendWorker@688] - Send worker leaving thread
2015-07-29 19:36:32,351 - INFO  [/10.10.34.13:3888:QuorumCnxManager$Listener@493] - Received connection request /10.10.34.13:47354
2015-07-29 19:36:32,352 - INFO  [/10.10.34.13:3888:QuorumCnxManager$Listener@493] - Received connection request /10.10.34.13:47355
2015-07-29 19:36:32,352 - WARN  [RecvWorker:188978561024:QuorumCnxManager$RecvWorker@762] - Connection broken for id 188978561024, my id = 3, error = 
2015-07-29 19:36:32,352 - WARN  [RecvWorker:188978561024:QuorumCnxManager$RecvWorker@765] - Interrupting SendWorker
2015-07-29 19:36:32,352 - WARN  [SendWorker:188978561024:QuorumCnxManager$SendWorker@679] - Interrupted while waiting for message on queue
2015-07-29 19:36:32,352 - WARN  [SendWorker:188978561024:QuorumCnxManager$SendWorker@688] - Send worker leaving thread
2015-07-29 19:36:32,353 - WARN  [RecvWorker:188978561024:QuorumCnxManager$RecvWorker@762] - Connection broken for id 188978561024, my id = 3, error = 
2015-07-29 19:36:32,353 - WARN  [RecvWorker:188978561024:QuorumCnxManager$RecvWorker@765] - Interrupting SendWorker
2015-07-29 19:36:32,353 - WARN  [SendWorker:188978561024:QuorumCnxManager$SendWorker@679] - Interrupted while waiting for message on queue
2015-07-29 19:36:32,353 - WARN  [SendWorker:188978561024:QuorumCnxManager$SendWorker@688] - Send worker leaving thread
2015-07-29 19:36:35,496 - INFO  [/10.10.34.13:3888:QuorumCnxManager$Listener@493] - Received connection request /10.10.34.11:49929
2015-07-29 19:36:35,496 - WARN  [RecvWorker:188978561024:QuorumCnxManager$RecvWorker@762] - Connection broken for id 188978561024, my id = 3, error = 
2015-07-29 19:36:35,496 - WARN  [RecvWorker:188978561024:QuorumCnxManager$RecvWorker@765] - Interrupting SendWorker
2015-07-29 19:36:35,497 - WARN  [SendWorker:188978561024:QuorumCnxManager$SendWorker@679] - Interrupted while waiting for message on queue
2015-07-29 19:36:35,497 - WARN  [SendWorker:188978561024:QuorumCnxManager$SendWorker@688] - Send worker leaving thread
2015-07-29 19:36:35,497 - INFO  [/10.10.34.13:3888:QuorumCnxManager$Listener@493] - Received connection request /10.10.34.11:49932
2015-07-29 19:36:35,498 - WARN  [RecvWorker:188978561024:QuorumCnxManager$RecvWorker@762] - Connection broken for id 188978561024, my id = 3, error = 
2015-07-29 19:36:35,498 - WARN  [RecvWorker:188978561024:QuorumCnxManager$RecvWorker@765] - Interrupting SendWorker
2015-07-29 19:36:35,498 - WARN  [SendWorker:188978561024:QuorumCnxManager$SendWorker@679] - Interrupted while waiting for message on queue
2015-07-29 19:36:35,498 - WARN  [SendWorker:188978561024:QuorumCnxManager$SendWorker@688] - Send worker leaving thread
2015-07-29 19:36:35,498 - INFO  [/10.10.34.13:3888:QuorumCnxManager$Listener@493] - Received connection request /10.10.34.11:49937
2015-07-29 19:36:35,499 - INFO  [/10.10.34.13:3888:QuorumCnxManager$Listener@493] - Received connection request /10.10.34.11:49938
2015-07-29 19:36:35,499 - WARN  [RecvWorker:188978561024:QuorumCnxManager$RecvWorker@762] - Connection broken for id 188978561024, my id = 3, error = 
2015-07-29 19:36:35,499 - WARN  [RecvWorker:188978561024:QuorumCnxManager$RecvWorker@765] - Interrupting SendWorker
2015-07-29 19:36:35,499 - WARN  [SendWorker:188978561024:QuorumCnxManager$SendWorker@679] - Interrupted while waiting for message on queue
2015-07-29 19:36:35,499 - WARN  [SendWorker:188978561024:QuorumCnxManager$SendWorker@688] - Send worker leaving thread
2015-07-29 19:36:35,499 - WARN  [RecvWorker:188978561024:QuorumCnxManager$RecvWorker@762] - Connection broken for id 188978561024, my id = 3, error = 
2015-07-29 19:36:35,500 - WARN  [RecvWorker:188978561024:QuorumCnxManager$RecvWorker@765] - Interrupting SendWorker
2015-07-29 19:36:35,500 - WARN  [SendWorker:188978561024:QuorumCnxManager$SendWorker@679] - Interrupted while waiting for message on queue
2015-07-29 19:36:35,500 - WARN  [SendWorker:188978561024:QuorumCnxManager$SendWorker@688] - Send worker leaving thread
2015-07-29 19:36:35,575 - INFO  [/10.10.34.13:3888:QuorumCnxManager$Listener@493] - Received connection request /10.10.34.12:50086
2015-07-29 19:36:35,575 - WARN  [RecvWorker:188978561024:QuorumCnxManager$RecvWorker@762] - Connection broken for id 188978561024, my id = 3, error = 
2015-07-29 19:36:35,575 - WARN  [RecvWorker:188978561024:QuorumCnxManager$RecvWorker@765] - Interrupting SendWorker
2015-07-29 19:36:35,576 - WARN  [SendWorker:188978561024:QuorumCnxManager$SendWorker@679] - Interrupted while waiting for message on queue
2015-07-29 19:36:35,576 - WARN  [SendWorker:188978561024:QuorumCnxManager$SendWorker@688] - Send worker leaving thread
2015-07-29 19:36:35,579 - INFO  [/10.10.34.13:3888:QuorumCnxManager$Listener@493] - Received connection request /10.10.34.12:50090
2015-07-29 19:36:35,580 - WARN  [RecvWorker:188978561024:QuorumCnxManager$RecvWorker@762] - Connection broken for id 188978561024, my id = 3, error = 
2015-07-29 19:36:35,580 - WARN  [RecvWorker:188978561024:QuorumCnxManager$RecvWorker@765] - Interrupting SendWorker
2015-07-29 19:36:35,580 - WARN  [SendWorker:188978561024:QuorumCnxManager$SendWorker@679] - Interrupted while waiting for message on queue
2015-07-29 19:36:35,580 - INFO  [/10.10.34.13:3888:QuorumCnxManager$Listener@493] - Received connection request /10.10.34.12:50093
2015-07-29 19:36:35,580 - WARN  [SendWorker:188978561024:QuorumCnxManager$SendWorker@688] - Send worker leaving thread
2015-07-29 19:36:35,581 - WARN  [RecvWorker:188978561024:QuorumCnxManager$RecvWorker@762] - Connection broken for id 188978561024, my id = 3, error = 
2015-07-29 19:36:35,581 - WARN  [RecvWorker:188978561024:QuorumCnxManager$RecvWorker@765] - Interrupting SendWorker
2015-07-29 19:36:35,581 - INFO  [/10.10.34.13:3888:QuorumCnxManager$Listener@493] - Received connection request /10.10.34.12:50095
2015-07-29 19:36:35,581 - WARN  [SendWorker:188978561024:QuorumCnxManager$SendWorker@679] - Interrupted while waiting for message on queue
2015-07-29 19:36:35,581 - WARN  [SendWorker:188978561024:QuorumCnxManager$SendWorker@688] - Send worker leaving thread
2015-07-29 19:36:35,581 - WARN  [RecvWorker:188978561024:QuorumCnxManager$RecvWorker@762] - Connection broken for id 188978561024, my id = 3, error = 
2015-07-29 19:36:35,582 - WARN  [RecvWorker:188978561024:QuorumCnxManager$RecvWorker@765] - Interrupting SendWorker
2015-07-29 19:36:35,582 - WARN  [SendWorker:188978561024:QuorumCnxManager$SendWorker@679] - Interrupted while waiting for message on queue
2015-07-29 19:36:35,582 - WARN  [SendWorker:188978561024:QuorumCnxManager$SendWorker@688] - Send worker leaving thread
2015-07-29 19:36:35,684 - INFO  [/10.10.34.13:3888:QuorumCnxManager$Listener@493] - Received connection request /10.10.34.13:47358
2015-07-29 19:36:35,685 - WARN  [RecvWorker:188978561024:QuorumCnxManager$RecvWorker@762] - Connection broken for id 188978561024, my id = 3, error = 
2015-07-29 19:36:35,685 - WARN  [RecvWorker:188978561024:QuorumCnxManager$RecvWorker@765] - Interrupting SendWorker
2015-07-29 19:36:35,685 - WARN  [SendWorker:188978561024:QuorumCnxManager$SendWorker@679] - Interrupted while waiting for message on queue
2015-07-29 19:36:35,685 - WARN  [SendWorker:188978561024:QuorumCnxManager$SendWorker@688] - Send worker leaving thread
2015-07-29 19:36:35,690 - INFO  [/10.10.34.13:3888:QuorumCnxManager$Listener@493] - Received connection request /10.10.34.13:47364
2015-07-29 19:36:35,691 - WARN  [RecvWorker:188978561024:QuorumCnxManager$RecvWorker@762] - Connection broken for id 188978561024, my id = 3, error = 
2015-07-29 19:36:35,691 - WARN  [RecvWorker:188978561024:QuorumCnxManager$RecvWorker@765] - Interrupting SendWorker
2015-07-29 19:36:35,691 - WARN  [SendWorker:188978561024:QuorumCnxManager$SendWorker@679] - Interrupted while waiting for message on queue
2015-07-29 19:36:35,691 - WARN  [SendWorker:188978561024:QuorumCnxManager$SendWorker@688] - Send worker leaving thread
2015-07-29 19:36:35,691 - INFO  [/10.10.34.13:3888:QuorumCnxManager$Listener@493] - Received connection request /10.10.34.13:47366
2015-07-29 19:36:35,692 - INFO  [/10.10.34.13:3888:QuorumCnxManager$Listener@493] - Received connection request /10.10.34.13:47367
2015-07-29 19:36:35,692 - WARN  [RecvWorker:188978561024:QuorumCnxManager$RecvWorker@762] - Connection broken for id 188978561024, my id = 3, error = 
2015-07-29 19:36:35,692 - WARN  [RecvWorker:188978561024:QuorumCnxManager$RecvWorker@765] - Interrupting SendWorker
2015-07-29 19:36:35,692 - WARN  [SendWorker:188978561024:QuorumCnxManager$SendWorker@679] - Interrupted while waiting for message on queue
2015-07-29 19:36:35,692 - WARN  [SendWorker:188978561024:QuorumCnxManager$SendWorker@688] - Send worker leaving thread
2015-07-29 19:36:35,693 - WARN  [RecvWorker:188978561024:QuorumCnxManager$RecvWorker@762] - Connection broken for id 188978561024, my id = 3, error = 
2015-07-29 19:36:35,693 - WARN  [RecvWorker:188978561024:QuorumCnxManager$RecvWorker@765] - Interrupting SendWorker
2015-07-29 19:36:35,693 - WARN  [SendWorker:188978561024:QuorumCnxManager$SendWorker@679] - Interrupted while waiting for message on queue
2015-07-29 19:36:35,693 - WARN  [SendWorker:188978561024:QuorumCnxManager$SendWorker@688] - Send worker leaving thread
2015-07-29 19:36:38,836 - INFO  [/10.10.34.13:3888:QuorumCnxManager$Listener@493] - Received connection request /10.10.34.11:49940
2015-07-29 19:36:38,836 - WARN  [RecvWorker:188978561024:QuorumCnxManager$RecvWorker@762] - Connection broken for id 188978561024, my id = 3, error = 
2015-07-29 19:36:38,837 - WARN  [RecvWorker:188978561024:QuorumCnxManager$RecvWorker@765] - Interrupting SendWorker
2015-07-29 19:36:38,837 - WARN  [SendWorker:188978561024:QuorumCnxManager$SendWorker@679] - Interrupted while waiting for message on queue
2015-07-29 19:36:38,837 - WARN  [SendWorker:188978561024:QuorumCnxManager$SendWorker@688] - Send worker leaving thread
2015-07-29 19:36:38,837 - INFO  [/10.10.34.13:3888:QuorumCnxManager$Listener@493] - Received connection request /10.10.34.11:49946
2015-07-29 19:36:38,838 - WARN  [RecvWorker:188978561024:QuorumCnxManager$RecvWorker@762] - Connection broken for id 188978561024, my id = 3, error = 
2015-07-29 19:36:38,838 - WARN  [RecvWorker:188978561024:QuorumCnxManager$RecvWorker@765] - Interrupting SendWorker
2015-07-29 19:36:38,838 - WARN  [SendWorker:188978561024:QuorumCnxManager$SendWorker@679] - Interrupted while waiting for message on queue
2015-07-29 19:36:38,838 - WARN  [SendWorker:188978561024:QuorumCnxManager$SendWorker@688] - Send worker leaving thread
2015-07-29 19:36:38,838 - INFO  [/10.10.34.13:3888:QuorumCnxManager$Listener@493] - Received connection request /10.10.34.11:49949
2015-07-29 19:36:38,839 - INFO  [/10.10.34.13:3888:QuorumCnxManager$Listener@493] - Received connection request /10.10.34.11:49950
2015-07-29 19:36:38,839 - WARN  [RecvWorker:188978561024:QuorumCnxManager$RecvWorker@762] - Connection broken for id 188978561024, my id = 3, error = 
2015-07-29 19:36:38,839 - WARN  [RecvWorker:188978561024:QuorumCnxManager$RecvWorker@765] - Interrupting SendWorker
2015-07-29 19:36:38,839 - WARN  [SendWorker:188978561024:QuorumCnxManager$SendWorker@679] - Interrupted while waiting for message on queue
2015-07-29 19:36:38,840 - WARN  [SendWorker:188978561024:QuorumCnxManager$SendWorker@688] - Send worker leaving thread
2015-07-29 19:36:38,840 - WARN  [RecvWorker:188978561024:QuorumCnxManager$RecvWorker@762] - Connection broken for id 188978561024, my id = 3, error = 
2015-07-29 19:36:38,840 - WARN  [RecvWorker:188978561024:QuorumCnxManager$RecvWorker@765] - Interrupting SendWorker
2015-07-29 19:36:38,840 - WARN  [SendWorker:188978561024:QuorumCnxManager$SendWorker@679] - Interrupted while waiting for message on queue
2015-07-29 19:36:38,840 - WARN  [SendWorker:188978561024:QuorumCnxManager$SendWorker@688] - Send worker leaving thread
2015-07-29 19:36:38,915 - INFO  [/10.10.34.13:3888:QuorumCnxManager$Listener@493] - Received connection request /10.10.34.12:50098
2015-07-29 19:36:38,915 - WARN  [RecvWorker:188978561024:QuorumCnxManager$RecvWorker@762] - Connection broken for id 188978561024, my id = 3, error = 
2015-07-29 19:36:38,915 - WARN  [RecvWorker:188978561024:QuorumCnxManager$RecvWorker@765] - Interrupting SendWorker
2015-07-29 19:36:38,915 - WARN  [SendWorker:188978561024:QuorumCnxManager$SendWorker@679] - Interrupted while waiting for message on queue
2015-07-29 19:36:38,916 - WARN  [SendWorker:188978561024:QuorumCnxManager$SendWorker@688] - Send worker leaving thread
2015-07-29 19:36:38,920 - INFO  [/10.10.34.13:3888:QuorumCnxManager$Listener@493] - Received connection request /10.10.34.12:50103
2015-07-29 19:36:38,920 - INFO  [/10.10.34.13:3888:QuorumCnxManager$Listener@493] - Received connection request /10.10.34.12:50105
2015-07-29 19:36:38,920 - WARN  [RecvWorker:188978561024:QuorumCnxManager$RecvWorker@762] - Connection broken for id 188978561024, my id = 3, error = 
2015-07-29 19:36:38,920 - WARN  [RecvWorker:188978561024:QuorumCnxManager$RecvWorker@765] - Interrupting SendWorker
2015-07-29 19:36:38,920 - WARN  [SendWorker:188978561024:QuorumCnxManager$SendWorker@679] - Interrupted while waiting for message on queue
2015-07-29 19:36:38,921 - WARN  [SendWorker:188978561024:QuorumCnxManager$SendWorker@688] - Send worker leaving thread
2015-07-29 19:36:38,921 - INFO  [/10.10.34.13:3888:QuorumCnxManager$Listener@493] - Received connection request /10.10.34.12:50106
2015-07-29 19:36:38,921 - WARN  [RecvWorker:188978561024:QuorumCnxManager$RecvWorker@762] - Connection broken for id 188978561024, my id = 3, error = 
2015-07-29 19:36:38,921 - WARN  [RecvWorker:188978561024:QuorumCnxManager$RecvWorker@765] - Interrupting SendWorker
2015-07-29 19:36:38,921 - WARN  [SendWorker:188978561024:QuorumCnxManager$SendWorker@679] - Interrupted while waiting for message on queue
2015-07-29 19:36:38,921 - WARN  [SendWorker:188978561024:QuorumCnxManager$SendWorker@688] - Send worker leaving thread
2015-07-29 19:36:38,921 - WARN  [RecvWorker:188978561024:QuorumCnxManager$RecvWorker@762] - Connection broken for id 188978561024, my id = 3, error = 
2015-07-29 19:36:38,922 - WARN  [RecvWorker:188978561024:QuorumCnxManager$RecvWorker@765] - Interrupting SendWorker
2015-07-29 19:36:38,922 - WARN  [SendWorker:188978561024:QuorumCnxManager$SendWorker@679] - Interrupted while waiting for message on queue
2015-07-29 19:36:38,922 - WARN  [SendWorker:188978561024:QuorumCnxManager$SendWorker@688] - Send worker leaving thread
2015-07-29 19:36:39,024 - INFO  [/10.10.34.13:3888:QuorumCnxManager$Listener@493] - Received connection request /10.10.34.13:47370
2015-07-29 19:36:39,025 - WARN  [RecvWorker:188978561024:QuorumCnxManager$RecvWorker@762] - Connection broken for id 188978561024, my id = 3, error = 
2015-07-29 19:36:39,025 - WARN  [RecvWorker:188978561024:QuorumCnxManager$RecvWorker@765] - Interrupting SendWorker
2015-07-29 19:36:39,025 - WARN  [SendWorker:188978561024:QuorumCnxManager$SendWorker@679] - Interrupted while waiting for message on queue
2015-07-29 19:36:39,025 - WARN  [SendWorker:188978561024:QuorumCnxManager$SendWorker@688] - Send worker leaving thread
2015-07-29 19:36:39,030 - INFO  [/10.10.34.13:3888:QuorumCnxManager$Listener@493] - Received connection request /10.10.34.13:47376
2015-07-29 19:36:39,031 - INFO  [/10.10.34.13:3888:QuorumCnxManager$Listener@493] - Received connection request /10.10.34.13:47378
2015-07-29 19:36:39,031 - WARN  [RecvWorker:188978561024:QuorumCnxManager$RecvWorker@762] - Connection broken for id 188978561024, my id = 3, error = 
2015-07-29 19:36:39,031 - WARN  [RecvWorker:188978561024:QuorumCnxManager$RecvWorker@765] - Interrupting SendWorker
2015-07-29 19:36:39,031 - WARN  [SendWorker:188978561024:QuorumCnxManager$SendWorker@679] - Interrupted while waiting for message on queue
2015-07-29 19:36:39,031 - WARN  [SendWorker:188978561024:QuorumCnxManager$SendWorker@688] - Send worker leaving thread
2015-07-29 19:36:39,032 - INFO  [/10.10.34.13:3888:QuorumCnxManager$Listener@493] - Received connection request /10.10.34.13:47379
2015-07-29 19:36:39,031 - WARN  [RecvWorker:188978561024:QuorumCnxManager$RecvWorker@762] - Connection broken for id 188978561024, my id = 3, error = 
2015-07-29 19:36:39,032 - WARN  [RecvWorker:188978561024:QuorumCnxManager$RecvWorker@765] - Interrupting SendWorker
2015-07-29 19:36:39,032 - WARN  [SendWorker:188978561024:QuorumCnxManager$SendWorker@679] - Interrupted while waiting for message on queue
2015-07-29 19:36:39,032 - WARN  [SendWorker:188978561024:QuorumCnxManager$SendWorker@688] - Send worker leaving thread
2015-07-29 19:36:39,032 - WARN  [RecvWorker:188978561024:QuorumCnxManager$RecvWorker@762] - Connection broken for id 188978561024, my id = 3, error = 
2015-07-29 19:36:39,032 - WARN  [RecvWorker:188978561024:QuorumCnxManager$RecvWorker@765] - Interrupting SendWorker
2015-07-29 19:36:39,033 - WARN  [SendWorker:188978561024:QuorumCnxManager$SendWorker@679] - Interrupted while waiting for message on queue
2015-07-29 19:36:39,033 - WARN  [SendWorker:188978561024:QuorumCnxManager$SendWorker@688] - Send worker leaving thread
2015-07-29 19:36:42,176 - INFO  [/10.10.34.13:3888:QuorumCnxManager$Listener@493] - Received connection request /10.10.34.11:49953
2015-07-29 19:36:42,177 - WARN  [RecvWorker:188978561024:QuorumCnxManager$RecvWorker@762] - Connection broken for id 188978561024, my id = 3, error = 
2015-07-29 19:36:42,177 - WARN  [RecvWorker:188978561024:QuorumCnxManager$RecvWorker@765] - Interrupting SendWorker
2015-07-29 19:36:42,177 - WARN  [SendWorker:188978561024:QuorumCnxManager$SendWorker@679] - Interrupted while waiting for message on queue
2015-07-29 19:36:42,177 - WARN  [SendWorker:188978561024:QuorumCnxManager$SendWorker@688] - Send worker leaving thread
2015-07-29 19:36:42,177 - INFO  [/10.10.34.13:3888:QuorumCnxManager$Listener@493] - Received connection request /10.10.34.11:49957
2015-07-29 19:36:42,178 - WARN  [RecvWorker:188978561024:QuorumCnxManager$RecvWorker@762] - Connection broken for id 188978561024, my id = 3, error = 
2015-07-29 19:36:42,178 - WARN  [RecvWorker:188978561024:QuorumCnxManager$RecvWorker@765] - Interrupting SendWorker
2015-07-29 19:36:42,178 - WARN  [SendWorker:188978561024:QuorumCnxManager$SendWorker@679] - Interrupted while waiting for message on queue
2015-07-29 19:36:42,179 - WARN  [SendWorker:188978561024:QuorumCnxManager$SendWorker@688] - Send worker leaving thread
2015-07-29 19:36:42,179 - INFO  [/10.10.34.13:3888:QuorumCnxManager$Listener@493] - Received connection request /10.10.34.11:49961
2015-07-29 19:36:42,179 - INFO  [/10.10.34.13:3888:QuorumCnxManager$Listener@493] - Received connection request /10.10.34.11:49962
2015-07-29 19:36:42,179 - WARN  [RecvWorker:188978561024:QuorumCnxManager$RecvWorker@762] - Connection broken for id 188978561024, my id = 3, error = 
2015-07-29 19:36:42,180 - WARN  [RecvWorker:188978561024:QuorumCnxManager$RecvWorker@765] - Interrupting SendWorker
2015-07-29 19:36:42,180 - WARN  [SendWorker:188978561024:QuorumCnxManager$SendWorker@679] - Interrupted while waiting for message on queue
2015-07-29 19:36:42,180 - WARN  [SendWorker:188978561024:QuorumCnxManager$SendWorker@688] - Send worker leaving thread
2015-07-29 19:36:42,180 - WARN  [RecvWorker:188978561024:QuorumCnxManager$RecvWorker@762] - Connection broken for id 188978561024, my id = 3, error = 
2015-07-29 19:36:42,180 - WARN  [RecvWorker:188978561024:QuorumCnxManager$RecvWorker@765] - Interrupting SendWorker
2015-07-29 19:36:42,180 - WARN  [SendWorker:188978561024:QuorumCnxManager$SendWorker@679] - Interrupted while waiting for message on queue
2015-07-29 19:36:42,181 - WARN  [SendWorker:188978561024:QuorumCnxManager$SendWorker@688] - Send worker leaving thread
2015-07-29 19:36:42,254 - INFO  [/10.10.34.13:3888:QuorumCnxManager$Listener@493] - Received connection request /10.10.34.12:50110
2015-07-29 19:36:42,255 - WARN  [RecvWorker:188978561024:QuorumCnxManager$RecvWorker@762] - Connection broken for id 188978561024, my id = 3, error = 
2015-07-29 19:36:42,255 - WARN  [RecvWorker:188978561024:QuorumCnxManager$RecvWorker@765] - Interrupting SendWorker
2015-07-29 19:36:42,255 - WARN  [SendWorker:188978561024:QuorumCnxManager$SendWorker@679] - Interrupted while waiting for message on queue
2015-07-29 19:36:42,256 - WARN  [SendWorker:188978561024:QuorumCnxManager$SendWorker@688] - Send worker leaving thread
2015-07-29 19:36:42,260 - INFO  [/10.10.34.13:3888:QuorumCnxManager$Listener@493] - Received connection request /10.10.34.12:50116
2015-07-29 19:36:42,261 - INFO  [/10.10.34.13:3888:QuorumCnxManager$Listener@493] - Received connection request /10.10.34.12:50117
2015-07-29 19:36:42,261 - WARN  [RecvWorker:188978561024:QuorumCnxManager$RecvWorker@762] - Connection broken for id 188978561024, my id = 3, error = 
2015-07-29 19:36:42,261 - WARN  [RecvWorker:188978561024:QuorumCnxManager$RecvWorker@765] - Interrupting SendWorker
2015-07-29 19:36:42,261 - WARN  [SendWorker:188978561024:QuorumCnxManager$SendWorker@679] - Interrupted while waiting for message on queue
2015-07-29 19:36:42,261 - WARN  [SendWorker:188978561024:QuorumCnxManager$SendWorker@688] - Send worker leaving thread
2015-07-29 19:36:42,261 - INFO  [/10.10.34.13:3888:QuorumCnxManager$Listener@493] - Received connection request /10.10.34.12:50118
2015-07-29 19:36:42,261 - WARN  [RecvWorker:188978561024:QuorumCnxManager$RecvWorker@762] - Connection broken for id 188978561024, my id = 3, error = 
2015-07-29 19:36:42,261 - WARN  [RecvWorker:188978561024:QuorumCnxManager$RecvWorker@765] - Interrupting SendWorker
2015-07-29 19:36:42,262 - WARN  [SendWorker:188978561024:QuorumCnxManager$SendWorker@679] - Interrupted while waiting for message on queue
2015-07-29 19:36:42,262 - WARN  [SendWorker:188978561024:QuorumCnxManager$SendWorker@688] - Send worker leaving thread
2015-07-29 19:36:42,262 - WARN  [RecvWorker:188978561024:QuorumCnxManager$RecvWorker@762] - Connection broken for id 188978561024, my id = 3, error = 
2015-07-29 19:36:42,262 - WARN  [RecvWorker:188978561024:QuorumCnxManager$RecvWorker@765] - Interrupting SendWorker
2015-07-29 19:36:42,262 - WARN  [SendWorker:188978561024:QuorumCnxManager$SendWorker@679] - Interrupted while waiting for message on queue
2015-07-29 19:36:42,262 - WARN  [SendWorker:188978561024:QuorumCnxManager$SendWorker@688] - Send worker leaving thread
2015-07-29 19:36:42,364 - INFO  [/10.10.34.13:3888:QuorumCnxManager$Listener@493] - Received connection request /10.10.34.13:47382
2015-07-29 19:36:42,365 - WARN  [RecvWorker:188978561024:QuorumCnxManager$RecvWorker@762] - Connection broken for id 188978561024, my id = 3, error = 
2015-07-29 19:36:42,365 - WARN  [RecvWorker:188978561024:QuorumCnxManager$RecvWorker@765] - Interrupting SendWorker
2015-07-29 19:36:42,365 - WARN  [SendWorker:188978561024:QuorumCnxManager$SendWorker@679] - Interrupted while waiting for message on queue
2015-07-29 19:36:42,365 - WARN  [SendWorker:188978561024:QuorumCnxManager$SendWorker@688] - Send worker leaving thread
2015-07-29 19:36:42,370 - INFO  [/10.10.34.13:3888:QuorumCnxManager$Listener@493] - Received connection request /10.10.34.13:47389
2015-07-29 19:36:42,371 - WARN  [RecvWorker:188978561024:QuorumCnxManager$RecvWorker@762] - Connection broken for id 188978561024, my id = 3, error = 
2015-07-29 19:36:42,371 - WARN  [RecvWorker:188978561024:QuorumCnxManager$RecvWorker@765] - Interrupting SendWorker
2015-07-29 19:36:42,371 - INFO  [/10.10.34.13:3888:QuorumCnxManager$Listener@493] - Received connection request /10.10.34.13:47390
2015-07-29 19:36:42,371 - WARN  [SendWorker:188978561024:QuorumCnxManager$SendWorker@679] - Interrupted while waiting for message on queue
2015-07-29 19:36:42,372 - WARN  [SendWorker:188978561024:QuorumCnxManager$SendWorker@688] - Send worker leaving thread
2015-07-29 19:36:42,372 - INFO  [/10.10.34.13:3888:QuorumCnxManager$Listener@493] - Received connection request /10.10.34.13:47391
2015-07-29 19:36:42,372 - WARN  [RecvWorker:188978561024:QuorumCnxManager$RecvWorker@762] - Connection broken for id 188978561024, my id = 3, error = 
2015-07-29 19:36:42,372 - WARN  [RecvWorker:188978561024:QuorumCnxManager$RecvWorker@765] - Interrupting SendWorker
2015-07-29 19:36:42,372 - WARN  [SendWorker:188978561024:QuorumCnxManager$SendWorker@679] - Interrupted while waiting for message on queue
2015-07-29 19:36:42,372 - WARN  [RecvWorker:188978561024:QuorumCnxManager$RecvWorker@762] - Connection broken for id 188978561024, my id = 3, error = 
2015-07-29 19:36:42,372 - WARN  [RecvWorker:188978561024:QuorumCnxManager$RecvWorker@765] - Interrupting SendWorker
2015-07-29 19:36:42,372 - WARN  [SendWorker:188978561024:QuorumCnxManager$SendWorker@688] - Send worker leaving thread
2015-07-29 19:36:42,373 - WARN  [SendWorker:188978561024:QuorumCnxManager$SendWorker@679] - Interrupted while waiting for message on queue
2015-07-29 19:36:42,373 - WARN  [SendWorker:188978561024:QuorumCnxManager$SendWorker@688] - Send worker leaving thread
2015-07-29 19:36:45,516 - INFO  [/10.10.34.13:3888:QuorumCnxManager$Listener@493] - Received connection request /10.10.34.11:49964
2015-07-29 19:36:45,517 - WARN  [RecvWorker:188978561024:QuorumCnxManager$RecvWorker@762] - Connection broken for id 188978561024, my id = 3, error = 
2015-07-29 19:36:45,517 - WARN  [RecvWorker:188978561024:QuorumCnxManager$RecvWorker@765] - Interrupting SendWorker
2015-07-29 19:36:45,517 - WARN  [SendWorker:188978561024:QuorumCnxManager$SendWorker@679] - Interrupted while waiting for message on queue
2015-07-29 19:36:45,517 - WARN  [SendWorker:188978561024:QuorumCnxManager$SendWorker@688] - Send worker leaving thread
2015-07-29 19:36:45,517 - INFO  [/10.10.34.13:3888:QuorumCnxManager$Listener@493] - Received connection request /10.10.34.11:49970
2015-07-29 19:36:45,518 - WARN  [RecvWorker:188978561024:QuorumCnxManager$RecvWorker@762] - Connection broken for id 188978561024, my id = 3, error = 
2015-07-29 19:36:45,518 - WARN  [RecvWorker:188978561024:QuorumCnxManager$RecvWorker@765] - Interrupting SendWorker
2015-07-29 19:36:45,518 - WARN  [SendWorker:188978561024:QuorumCnxManager$SendWorker@679] - Interrupted while waiting for message on queue
2015-07-29 19:36:45,519 - WARN  [SendWorker:188978561024:QuorumCnxManager$SendWorker@688] - Send worker leaving thread
2015-07-29 19:36:45,519 - INFO  [/10.10.34.13:3888:QuorumCnxManager$Listener@493] - Received connection request /10.10.34.11:49973
2015-07-29 19:36:45,520 - INFO  [/10.10.34.13:3888:QuorumCnxManager$Listener@493] - Received connection request /10.10.34.11:49974
2015-07-29 19:36:45,520 - WARN  [RecvWorker:188978561024:QuorumCnxManager$RecvWorker@762] - Connection broken for id 188978561024, my id = 3, error = 
2015-07-29 19:36:45,520 - WARN  [RecvWorker:188978561024:QuorumCnxManager$RecvWorker@765] - Interrupting SendWorker
2015-07-29 19:36:45,520 - WARN  [SendWorker:188978561024:QuorumCnxManager$SendWorker@679] - Interrupted while waiting for message on queue
2015-07-29 19:36:45,520 - WARN  [SendWorker:188978561024:QuorumCnxManager$SendWorker@688] - Send worker leaving thread
2015-07-29 19:36:45,520 - WARN  [RecvWorker:188978561024:QuorumCnxManager$RecvWorker@762] - Connection broken for id 188978561024, my id = 3, error = 
2015-07-29 19:36:45,520 - WARN  [RecvWorker:188978561024:QuorumCnxManager$RecvWorker@765] - Interrupting SendWorker
2015-07-29 19:36:45,520 - WARN  [SendWorker:188978561024:QuorumCnxManager$SendWorker@679] - Interrupted while waiting for message on queue
2015-07-29 19:36:45,521 - WARN  [SendWorker:188978561024:QuorumCnxManager$SendWorker@688] - Send worker leaving thread
2015-07-29 19:36:45,594 - INFO  [/10.10.34.13:3888:QuorumCnxManager$Listener@493] - Received connection request /10.10.34.12:50122
2015-07-29 19:36:45,595 - WARN  [RecvWorker:188978561024:QuorumCnxManager$RecvWorker@762] - Connection broken for id 188978561024, my id = 3, error = 
2015-07-29 19:36:45,595 - WARN  [RecvWorker:188978561024:QuorumCnxManager$RecvWorker@765] - Interrupting SendWorker
2015-07-29 19:36:45,595 - WARN  [SendWorker:188978561024:QuorumCnxManager$SendWorker@679] - Interrupted while waiting for message on queue
2015-07-29 19:36:45,596 - WARN  [SendWorker:188978561024:QuorumCnxManager$SendWorker@688] - Send worker leaving thread
2015-07-29 19:36:45,600 - INFO  [/10.10.34.13:3888:QuorumCnxManager$Listener@493] - Received connection request /10.10.34.12:50127
2015-07-29 19:36:45,600 - INFO  [/10.10.34.13:3888:QuorumCnxManager$Listener@493] - Received connection request /10.10.34.12:50129
2015-07-29 19:36:45,601 - WARN  [RecvWorker:188978561024:QuorumCnxManager$RecvWorker@762] - Connection broken for id 188978561024, my id = 3, error = 
2015-07-29 19:36:45,601 - WARN  [RecvWorker:188978561024:QuorumCnxManager$RecvWorker@765] - Interrupting SendWorker
2015-07-29 19:36:45,601 - WARN  [SendWorker:188978561024:QuorumCnxManager$SendWorker@679] - Interrupted while waiting for message on queue
2015-07-29 19:36:45,601 - WARN  [SendWorker:188978561024:QuorumCnxManager$SendWorker@688] - Send worker leaving thread
2015-07-29 19:36:45,601 - WARN  [RecvWorker:188978561024:QuorumCnxManager$RecvWorker@762] - Connection broken for id 188978561024, my id = 3, error = 
2015-07-29 19:36:45,601 - WARN  [RecvWorker:188978561024:QuorumCnxManager$RecvWorker@765] - Interrupting SendWorker
2015-07-29 19:36:45,601 - INFO  [/10.10.34.13:3888:QuorumCnxManager$Listener@493] - Received connection request /10.10.34.12:50131
2015-07-29 19:36:45,601 - WARN  [SendWorker:188978561024:QuorumCnxManager$SendWorker@679] - Interrupted while waiting for message on queue
2015-07-29 19:36:45,602 - WARN  [SendWorker:188978561024:QuorumCnxManager$SendWorker@688] - Send worker leaving thread
2015-07-29 19:36:45,602 - WARN  [RecvWorker:188978561024:QuorumCnxManager$RecvWorker@762] - Connection broken for id 188978561024, my id = 3, error = 
2015-07-29 19:36:45,602 - WARN  [RecvWorker:188978561024:QuorumCnxManager$RecvWorker@765] - Interrupting SendWorker
2015-07-29 19:36:45,602 - WARN  [SendWorker:188978561024:QuorumCnxManager$SendWorker@679] - Interrupted while waiting for message on queue
2015-07-29 19:36:45,603 - WARN  [SendWorker:188978561024:QuorumCnxManager$SendWorker@688] - Send worker leaving thread
2015-07-29 19:36:45,704 - INFO  [/10.10.34.13:3888:QuorumCnxManager$Listener@493] - Received connection request /10.10.34.13:47394
2015-07-29 19:36:45,705 - WARN  [RecvWorker:188978561024:QuorumCnxManager$RecvWorker@762] - Connection broken for id 188978561024, my id = 3, error = 
2015-07-29 19:36:45,705 - WARN  [RecvWorker:188978561024:QuorumCnxManager$RecvWorker@765] - Interrupting SendWorker
2015-07-29 19:36:45,705 - WARN  [SendWorker:188978561024:QuorumCnxManager$SendWorker@679] - Interrupted while waiting for message on queue
2015-07-29 19:36:45,706 - WARN  [SendWorker:188978561024:QuorumCnxManager$SendWorker@688] - Send worker leaving thread
2015-07-29 19:36:45,710 - INFO  [/10.10.34.13:3888:QuorumCnxManager$Listener@493] - Received connection request /10.10.34.13:47401
2015-07-29 19:36:45,711 - WARN  [RecvWorker:188978561024:QuorumCnxManager$RecvWorker@762] - Connection broken for id 188978561024, my id = 3, error = 
2015-07-29 19:36:45,711 - WARN  [RecvWorker:188978561024:QuorumCnxManager$RecvWorker@765] - Interrupting SendWorker
2015-07-29 19:36:45,711 - INFO  [/10.10.34.13:3888:QuorumCnxManager$Listener@493] - Received connection request /10.10.34.13:47402
2015-07-29 19:36:45,711 - WARN  [SendWorker:188978561024:QuorumCnxManager$SendWorker@679] - Interrupted while waiting for message on queue
2015-07-29 19:36:45,712 - WARN  [SendWorker:188978561024:QuorumCnxManager$SendWorker@688] - Send worker leaving thread
2015-07-29 19:36:45,712 - INFO  [/10.10.34.13:3888:QuorumCnxManager$Listener@493] - Received connection request /10.10.34.13:47403
2015-07-29 19:36:45,712 - WARN  [RecvWorker:188978561024:QuorumCnxManager$RecvWorker@762] - Connection broken for id 188978561024, my id = 3, error = 
2015-07-29 19:36:45,712 - WARN  [RecvWorker:188978561024:QuorumCnxManager$RecvWorker@765] - Interrupting SendWorker
2015-07-29 19:36:45,712 - WARN  [SendWorker:188978561024:QuorumCnxManager$SendWorker@679] - Interrupted while waiting for message on queue
2015-07-29 19:36:45,712 - WARN  [SendWorker:188978561024:QuorumCnxManager$SendWorker@688] - Send worker leaving thread
2015-07-29 19:36:45,712 - WARN  [RecvWorker:188978561024:QuorumCnxManager$RecvWorker@762] - Connection broken for id 188978561024, my id = 3, error = 
2015-07-29 19:36:45,713 - WARN  [RecvWorker:188978561024:QuorumCnxManager$RecvWorker@765] - Interrupting SendWorker
2015-07-29 19:36:45,713 - WARN  [SendWorker:188978561024:QuorumCnxManager$SendWorker@679] - Interrupted while waiting for message on queue
2015-07-29 19:36:45,713 - WARN  [SendWorker:188978561024:QuorumCnxManager$SendWorker@688] - Send worker leaving thread
2015-07-29 19:36:48,856 - INFO  [/10.10.34.13:3888:QuorumCnxManager$Listener@493] - Received connection request /10.10.34.11:49976
2015-07-29 19:36:48,857 - WARN  [RecvWorker:188978561024:QuorumCnxManager$RecvWorker@762] - Connection broken for id 188978561024, my id = 3, error = 
2015-07-29 19:36:48,857 - WARN  [RecvWorker:188978561024:QuorumCnxManager$RecvWorker@765] - Interrupting SendWorker
2015-07-29 19:36:48,857 - WARN  [SendWorker:188978561024:QuorumCnxManager$SendWorker@679] - Interrupted while waiting for message on queue
2015-07-29 19:36:48,857 - WARN  [SendWorker:188978561024:QuorumCnxManager$SendWorker@688] - Send worker leaving thread
2015-07-29 19:36:48,858 - INFO  [/10.10.34.13:3888:QuorumCnxManager$Listener@493] - Received connection request /10.10.34.11:49981
2015-07-29 19:36:48,858 - WARN  [RecvWorker:188978561024:QuorumCnxManager$RecvWorker@762] - Connection broken for id 188978561024, my id = 3, error = 
2015-07-29 19:36:48,858 - WARN  [RecvWorker:188978561024:QuorumCnxManager$RecvWorker@765] - Interrupting SendWorker
2015-07-29 19:36:48,859 - WARN  [SendWorker:188978561024:QuorumCnxManager$SendWorker@679] - Interrupted while waiting for message on queue
2015-07-29 19:36:48,859 - WARN  [SendWorker:188978561024:QuorumCnxManager$SendWorker@688] - Send worker leaving thread
2015-07-29 19:36:48,859 - INFO  [/10.10.34.13:3888:QuorumCnxManager$Listener@493] - Received connection request /10.10.34.11:49985
2015-07-29 19:36:48,860 - WARN  [RecvWorker:188978561024:QuorumCnxManager$RecvWorker@762] - Connection broken for id 188978561024, my id = 3, error = 
2015-07-29 19:36:48,860 - INFO  [/10.10.34.13:3888:QuorumCnxManager$Listener@493] - Received connection request /10.10.34.11:49986
2015-07-29 19:36:48,860 - WARN  [RecvWorker:188978561024:QuorumCnxManager$RecvWorker@765] - Interrupting SendWorker
2015-07-29 19:36:48,860 - WARN  [SendWorker:188978561024:QuorumCnxManager$SendWorker@679] - Interrupted while waiting for message on queue
2015-07-29 19:36:48,860 - WARN  [SendWorker:188978561024:QuorumCnxManager$SendWorker@688] - Send worker leaving thread
2015-07-29 19:36:48,860 - WARN  [RecvWorker:188978561024:QuorumCnxManager$RecvWorker@762] - Connection broken for id 188978561024, my id = 3, error = 
2015-07-29 19:36:48,860 - WARN  [RecvWorker:188978561024:QuorumCnxManager$RecvWorker@765] - Interrupting SendWorker
2015-07-29 19:36:48,861 - WARN  [SendWorker:188978561024:QuorumCnxManager$SendWorker@679] - Interrupted while waiting for message on queue
2015-07-29 19:36:48,861 - WARN  [SendWorker:188978561024:QuorumCnxManager$SendWorker@688] - Send worker leaving thread
2015-07-29 19:36:48,934 - INFO  [/10.10.34.13:3888:QuorumCnxManager$Listener@493] - Received connection request /10.10.34.12:50134
2015-07-29 19:36:48,935 - WARN  [RecvWorker:188978561024:QuorumCnxManager$RecvWorker@762] - Connection broken for id 188978561024, my id = 3, error = 
2015-07-29 19:36:48,935 - WARN  [RecvWorker:188978561024:QuorumCnxManager$RecvWorker@765] - Interrupting SendWorker
2015-07-29 19:36:48,935 - WARN  [SendWorker:188978561024:QuorumCnxManager$SendWorker@679] - Interrupted while waiting for message on queue
2015-07-29 19:36:48,936 - WARN  [SendWorker:188978561024:QuorumCnxManager$SendWorker@688] - Send worker leaving thread
2015-07-29 19:36:48,940 - INFO  [/10.10.34.13:3888:QuorumCnxManager$Listener@493] - Received connection request /10.10.34.12:50139
2015-07-29 19:36:48,940 - INFO  [/10.10.34.13:3888:QuorumCnxManager$Listener@493] - Received connection request /10.10.34.12:50141
2015-07-29 19:36:48,940 - WARN  [RecvWorker:188978561024:QuorumCnxManager$RecvWorker@762] - Connection broken for id 188978561024, my id = 3, error = 
2015-07-29 19:36:48,941 - WARN  [RecvWorker:188978561024:QuorumCnxManager$RecvWorker@765] - Interrupting SendWorker
2015-07-29 19:36:48,941 - WARN  [SendWorker:188978561024:QuorumCnxManager$SendWorker@679] - Interrupted while waiting for message on queue
2015-07-29 19:36:48,941 - WARN  [SendWorker:188978561024:QuorumCnxManager$SendWorker@688] - Send worker leaving thread
2015-07-29 19:36:48,941 - WARN  [RecvWorker:188978561024:QuorumCnxManager$RecvWorker@762] - Connection broken for id 188978561024, my id = 3, error = 
2015-07-29 19:36:48,941 - WARN  [RecvWorker:188978561024:QuorumCnxManager$RecvWorker@765] - Interrupting SendWorker
2015-07-29 19:36:48,941 - WARN  [SendWorker:188978561024:QuorumCnxManager$SendWorker@679] - Interrupted while waiting for message on queue
2015-07-29 19:36:48,941 - WARN  [SendWorker:188978561024:QuorumCnxManager$SendWorker@688] - Send worker leaving thread
2015-07-29 19:36:48,941 - INFO  [/10.10.34.13:3888:QuorumCnxManager$Listener@493] - Received connection request /10.10.34.12:50143
2015-07-29 19:36:48,942 - WARN  [RecvWorker:188978561024:QuorumCnxManager$RecvWorker@762] - Connection broken for id 188978561024, my id = 3, error = 
2015-07-29 19:36:48,942 - WARN  [RecvWorker:188978561024:QuorumCnxManager$RecvWorker@765] - Interrupting SendWorker
2015-07-29 19:36:48,943 - WARN  [SendWorker:188978561024:QuorumCnxManager$SendWorker@679] - Interrupted while waiting for message on queue
2015-07-29 19:36:48,943 - WARN  [SendWorker:188978561024:QuorumCnxManager$SendWorker@688] - Send worker leaving thread
2015-07-29 19:36:49,044 - INFO  [/10.10.34.13:3888:QuorumCnxManager$Listener@493] - Received connection request /10.10.34.13:47406
2015-07-29 19:36:49,045 - WARN  [RecvWorker:188978561024:QuorumCnxManager$RecvWorker@762] - Connection broken for id 188978561024, my id = 3, error = 
2015-07-29 19:36:49,045 - WARN  [RecvWorker:188978561024:QuorumCnxManager$RecvWorker@765] - Interrupting SendWorker
2015-07-29 19:36:49,045 - WARN  [SendWorker:188978561024:QuorumCnxManager$SendWorker@679] - Interrupted while waiting for message on queue
2015-07-29 19:36:49,045 - WARN  [SendWorker:188978561024:QuorumCnxManager$SendWorker@688] - Send worker leaving thread
2015-07-29 19:36:49,050 - INFO  [/10.10.34.13:3888:QuorumCnxManager$Listener@493] - Received connection request /10.10.34.13:47413
2015-07-29 19:36:49,051 - WARN  [RecvWorker:188978561024:QuorumCnxManager$RecvWorker@762] - Connection broken for id 188978561024, my id = 3, error = 
2015-07-29 19:36:49,051 - WARN  [RecvWorker:188978561024:QuorumCnxManager$RecvWorker@765] - Interrupting SendWorker
2015-07-29 19:36:49,054 - INFO  [/10.10.34.13:3888:QuorumCnxManager$Listener@493] - Received connection request /10.10.34.13:47414
2015-07-29 19:36:49,054 - WARN  [SendWorker:188978561024:QuorumCnxManager$SendWorker@679] - Interrupted while waiting for message on queue
2015-07-29 19:36:49,054 - WARN  [SendWorker:188978561024:QuorumCnxManager$SendWorker@688] - Send worker leaving thread
2015-07-29 19:36:49,054 - WARN  [RecvWorker:188978561024:QuorumCnxManager$RecvWorker@762] - Connection broken for id 188978561024, my id = 3, error = 
2015-07-29 19:36:49,054 - WARN  [RecvWorker:188978561024:QuorumCnxManager$RecvWorker@765] - Interrupting SendWorker
2015-07-29 19:36:49,054 - WARN  [SendWorker:188978561024:QuorumCnxManager$SendWorker@679] - Interrupted while waiting for message on queue
2015-07-29 19:36:49,055 - WARN  [SendWorker:188978561024:QuorumCnxManager$SendWorker@688] - Send worker leaving thread
2015-07-29 19:36:49,055 - INFO  [/10.10.34.13:3888:QuorumCnxManager$Listener@493] - Received connection request /10.10.34.13:47415
2015-07-29 19:36:49,055 - WARN  [RecvWorker:188978561024:QuorumCnxManager$RecvWorker@762] - Connection broken for id 188978561024, my id = 3, error = 
2015-07-29 19:36:49,055 - WARN  [RecvWorker:188978561024:QuorumCnxManager$RecvWorker@765] - Interrupting SendWorker
2015-07-29 19:36:49,056 - WARN  [SendWorker:188978561024:QuorumCnxManager$SendWorker@679] - Interrupted while waiting for message on queue
2015-07-29 19:36:49,056 - WARN  [SendWorker:188978561024:QuorumCnxManager$SendWorker@688] - Send worker leaving thread
2015-07-29 19:36:52,196 - INFO  [/10.10.34.13:3888:QuorumCnxManager$Listener@493] - Received connection request /10.10.34.11:49988
2015-07-29 19:36:52,197 - WARN  [RecvWorker:188978561024:QuorumCnxManager$RecvWorker@762] - Connection broken for id 188978561024, my id = 3, error = 
2015-07-29 19:36:52,197 - WARN  [RecvWorker:188978561024:QuorumCnxManager$RecvWorker@765] - Interrupting SendWorker
2015-07-29 19:36:52,197 - WARN  [SendWorker:188978561024:QuorumCnxManager$SendWorker@679] - Interrupted while waiting for message on queue
2015-07-29 19:36:52,197 - WARN  [SendWorker:188978561024:QuorumCnxManager$SendWorker@688] - Send worker leaving thread
2015-07-29 19:36:52,198 - INFO  [/10.10.34.13:3888:QuorumCnxManager$Listener@493] - Received connection request /10.10.34.11:49994
2015-07-29 19:36:52,199 - WARN  [RecvWorker:188978561024:QuorumCnxManager$RecvWorker@762] - Connection broken for id 188978561024, my id = 3, error = 
2015-07-29 19:36:52,199 - WARN  [RecvWorker:188978561024:QuorumCnxManager$RecvWorker@765] - Interrupting SendWorker
2015-07-29 19:36:52,199 - WARN  [SendWorker:188978561024:QuorumCnxManager$SendWorker@679] - Interrupted while waiting for message on queue
2015-07-29 19:36:52,199 - WARN  [SendWorker:188978561024:QuorumCnxManager$SendWorker@688] - Send worker leaving thread
2015-07-29 19:36:52,199 - INFO  [/10.10.34.13:3888:QuorumCnxManager$Listener@493] - Received connection request /10.10.34.11:49997
2015-07-29 19:36:52,200 - INFO  [/10.10.34.13:3888:QuorumCnxManager$Listener@493] - Received connection request /10.10.34.11:49998
2015-07-29 19:36:52,200 - WARN  [RecvWorker:188978561024:QuorumCnxManager$RecvWorker@762] - Connection broken for id 188978561024, my id = 3, error = 
2015-07-29 19:36:52,200 - WARN  [RecvWorker:188978561024:QuorumCnxManager$RecvWorker@765] - Interrupting SendWorker
2015-07-29 19:36:52,200 - WARN  [SendWorker:188978561024:QuorumCnxManager$SendWorker@679] - Interrupted while waiting for message on queue
2015-07-29 19:36:52,200 - WARN  [SendWorker:188978561024:QuorumCnxManager$SendWorker@688] - Send worker leaving thread
2015-07-29 19:36:52,200 - WARN  [RecvWorker:188978561024:QuorumCnxManager$RecvWorker@762] - Connection broken for id 188978561024, my id = 3, error = 
2015-07-29 19:36:52,201 - WARN  [RecvWorker:188978561024:QuorumCnxManager$RecvWorker@765] - Interrupting SendWorker
2015-07-29 19:36:52,201 - WARN  [SendWorker:188978561024:QuorumCnxManager$SendWorker@679] - Interrupted while waiting for message on queue
2015-07-29 19:36:52,201 - WARN  [SendWorker:188978561024:QuorumCnxManager$SendWorker@688] - Send worker leaving thread
2015-07-29 19:36:52,275 - INFO  [/10.10.34.13:3888:QuorumCnxManager$Listener@493] - Received connection request /10.10.34.12:50146
2015-07-29 19:36:52,275 - WARN  [RecvWorker:188978561024:QuorumCnxManager$RecvWorker@762] - Connection broken for id 188978561024, my id = 3, error = 
2015-07-29 19:36:52,275 - WARN  [RecvWorker:188978561024:QuorumCnxManager$RecvWorker@765] - Interrupting SendWorker
2015-07-29 19:36:52,275 - WARN  [SendWorker:188978561024:QuorumCnxManager$SendWorker@679] - Interrupted while waiting for message on queue
2015-07-29 19:36:52,276 - WARN  [SendWorker:188978561024:QuorumCnxManager$SendWorker@688] - Send worker leaving thread
2015-07-29 19:36:52,280 - INFO  [/10.10.34.13:3888:QuorumCnxManager$Listener@493] - Received connection request /10.10.34.12:50152
2015-07-29 19:36:52,280 - INFO  [/10.10.34.13:3888:QuorumCnxManager$Listener@493] - Received connection request /10.10.34.12:50153
2015-07-29 19:36:52,280 - WARN  [RecvWorker:188978561024:QuorumCnxManager$RecvWorker@762] - Connection broken for id 188978561024, my id = 3, error = 
2015-07-29 19:36:52,280 - WARN  [RecvWorker:188978561024:QuorumCnxManager$RecvWorker@765] - Interrupting SendWorker
2015-07-29 19:36:52,281 - WARN  [SendWorker:188978561024:QuorumCnxManager$SendWorker@679] - Interrupted while waiting for message on queue
2015-07-29 19:36:52,281 - WARN  [SendWorker:188978561024:QuorumCnxManager$SendWorker@688] - Send worker leaving thread
2015-07-29 19:36:52,281 - INFO  [/10.10.34.13:3888:QuorumCnxManager$Listener@493] - Received connection request /10.10.34.12:50154
2015-07-29 19:36:52,281 - WARN  [RecvWorker:188978561024:QuorumCnxManager$RecvWorker@762] - Connection broken for id 188978561024, my id = 3, error = 
2015-07-29 19:36:52,281 - WARN  [RecvWorker:188978561024:QuorumCnxManager$RecvWorker@765] - Interrupting SendWorker
2015-07-29 19:36:52,281 - WARN  [SendWorker:188978561024:QuorumCnxManager$SendWorker@679] - Interrupted while waiting for message on queue
2015-07-29 19:36:52,281 - WARN  [SendWorker:188978561024:QuorumCnxManager$SendWorker@688] - Send worker leaving thread
2015-07-29 19:36:52,281 - WARN  [RecvWorker:188978561024:QuorumCnxManager$RecvWorker@762] - Connection broken for id 188978561024, my id = 3, error = 
2015-07-29 19:36:52,282 - WARN  [RecvWorker:188978561024:QuorumCnxManager$RecvWorker@765] - Interrupting SendWorker
2015-07-29 19:36:52,282 - WARN  [SendWorker:188978561024:QuorumCnxManager$SendWorker@679] - Interrupted while waiting for message on queue
2015-07-29 19:36:52,282 - WARN  [SendWorker:188978561024:QuorumCnxManager$SendWorker@688] - Send worker leaving thread
2015-07-29 19:36:52,384 - INFO  [/10.10.34.13:3888:QuorumCnxManager$Listener@493] - Received connection request /10.10.34.13:47418
2015-07-29 19:36:52,385 - WARN  [RecvWorker:188978561024:QuorumCnxManager$RecvWorker@762] - Connection broken for id 188978561024, my id = 3, error = 
2015-07-29 19:36:52,385 - WARN  [RecvWorker:188978561024:QuorumCnxManager$RecvWorker@765] - Interrupting SendWorker
2015-07-29 19:36:52,385 - WARN  [SendWorker:188978561024:QuorumCnxManager$SendWorker@679] - Interrupted while waiting for message on queue
2015-07-29 19:36:52,385 - WARN  [SendWorker:188978561024:QuorumCnxManager$SendWorker@688] - Send worker leaving thread
2015-07-29 19:36:52,391 - INFO  [/10.10.34.13:3888:QuorumCnxManager$Listener@493] - Received connection request /10.10.34.13:47424
2015-07-29 19:36:52,391 - WARN  [RecvWorker:188978561024:QuorumCnxManager$RecvWorker@762] - Connection broken for id 188978561024, my id = 3, error = 
2015-07-29 19:36:52,391 - WARN  [RecvWorker:188978561024:QuorumCnxManager$RecvWorker@765] - Interrupting SendWorker
2015-07-29 19:36:52,391 - WARN  [SendWorker:188978561024:QuorumCnxManager$SendWorker@679] - Interrupted while waiting for message on queue
2015-07-29 19:36:52,392 - WARN  [SendWorker:188978561024:QuorumCnxManager$SendWorker@688] - Send worker leaving thread
2015-07-29 19:36:52,392 - INFO  [/10.10.34.13:3888:QuorumCnxManager$Listener@493] - Received connection request /10.10.34.13:47425
2015-07-29 19:36:52,392 - WARN  [RecvWorker:188978561024:QuorumCnxManager$RecvWorker@762] - Connection broken for id 188978561024, my id = 3, error = 
2015-07-29 19:36:52,392 - WARN  [RecvWorker:188978561024:QuorumCnxManager$RecvWorker@765] - Interrupting SendWorker
2015-07-29 19:36:52,393 - WARN  [SendWorker:188978561024:QuorumCnxManager$SendWorker@679] - Interrupted while waiting for message on queue
2015-07-29 19:36:52,393 - WARN  [SendWorker:188978561024:QuorumCnxManager$SendWorker@688] - Send worker leaving thread
2015-07-29 19:36:52,395 - INFO  [/10.10.34.13:3888:QuorumCnxManager$Listener@493] - Received connection request /10.10.34.13:47428
2015-07-29 19:36:52,395 - WARN  [RecvWorker:188978561024:QuorumCnxManager$RecvWorker@762] - Connection broken for id 188978561024, my id = 3, error = 
2015-07-29 19:36:52,395 - WARN  [RecvWorker:188978561024:QuorumCnxManager$RecvWorker@765] - Interrupting SendWorker
2015-07-29 19:36:52,396 - WARN  [SendWorker:188978561024:QuorumCnxManager$SendWorker@679] - Interrupted while waiting for message on queue
2015-07-29 19:36:52,396 - WARN  [SendWorker:188978561024:QuorumCnxManager$SendWorker@688] - Send worker leaving thread
2015-07-29 19:36:55,536 - INFO  [/10.10.34.13:3888:QuorumCnxManager$Listener@493] - Received connection request /10.10.34.11:50000
2015-07-29 19:36:55,537 - WARN  [RecvWorker:188978561024:QuorumCnxManager$RecvWorker@762] - Connection broken for id 188978561024, my id = 3, error = 
2015-07-29 19:36:55,537 - WARN  [RecvWorker:188978561024:QuorumCnxManager$RecvWorker@765] - Interrupting SendWorker
2015-07-29 19:36:55,538 - WARN  [SendWorker:188978561024:QuorumCnxManager$SendWorker@679] - Interrupted while waiting for message on queue
2015-07-29 19:36:55,538 - WARN  [SendWorker:188978561024:QuorumCnxManager$SendWorker@688] - Send worker leaving thread
2015-07-29 19:36:55,538 - INFO  [/10.10.34.13:3888:QuorumCnxManager$Listener@493] - Received connection request /10.10.34.11:50006
2015-07-29 19:36:55,539 - WARN  [RecvWorker:188978561024:QuorumCnxManager$RecvWorker@762] - Connection broken for id 188978561024, my id = 3, error = 
2015-07-29 19:36:55,539 - WARN  [RecvWorker:188978561024:QuorumCnxManager$RecvWorker@765] - Interrupting SendWorker
2015-07-29 19:36:55,539 - WARN  [SendWorker:188978561024:QuorumCnxManager$SendWorker@679] - Interrupted while waiting for message on queue
2015-07-29 19:36:55,539 - WARN  [SendWorker:188978561024:QuorumCnxManager$SendWorker@688] - Send worker leaving thread
2015-07-29 19:36:55,539 - INFO  [/10.10.34.13:3888:QuorumCnxManager$Listener@493] - Received connection request /10.10.34.11:50009
2015-07-29 19:36:55,540 - WARN  [RecvWorker:188978561024:QuorumCnxManager$RecvWorker@762] - Connection broken for id 188978561024, my id = 3, error = 
2015-07-29 19:36:55,540 - WARN  [RecvWorker:188978561024:QuorumCnxManager$RecvWorker@765] - Interrupting SendWorker
2015-07-29 19:36:55,540 - INFO  [/10.10.34.13:3888:QuorumCnxManager$Listener@493] - Received connection request /10.10.34.11:50010
2015-07-29 19:36:55,540 - WARN  [SendWorker:188978561024:QuorumCnxManager$SendWorker@679] - Interrupted while waiting for message on queue
2015-07-29 19:36:55,541 - WARN  [SendWorker:188978561024:QuorumCnxManager$SendWorker@688] - Send worker leaving thread
2015-07-29 19:36:55,541 - WARN  [RecvWorker:188978561024:QuorumCnxManager$RecvWorker@762] - Connection broken for id 188978561024, my id = 3, error = 
2015-07-29 19:36:55,541 - WARN  [RecvWorker:188978561024:QuorumCnxManager$RecvWorker@765] - Interrupting SendWorker
2015-07-29 19:36:55,541 - WARN  [SendWorker:188978561024:QuorumCnxManager$SendWorker@679] - Interrupted while waiting for message on queue
2015-07-29 19:36:55,541 - WARN  [SendWorker:188978561024:QuorumCnxManager$SendWorker@688] - Send worker leaving thread
2015-07-29 19:36:55,614 - INFO  [/10.10.34.13:3888:QuorumCnxManager$Listener@493] - Received connection request /10.10.34.12:50158
2015-07-29 19:36:55,615 - WARN  [RecvWorker:188978561024:QuorumCnxManager$RecvWorker@762] - Connection broken for id 188978561024, my id = 3, error = 
2015-07-29 19:36:55,615 - WARN  [RecvWorker:188978561024:QuorumCnxManager$RecvWorker@765] - Interrupting SendWorker
2015-07-29 19:36:55,615 - WARN  [SendWorker:188978561024:QuorumCnxManager$SendWorker@679] - Interrupted while waiting for message on queue
2015-07-29 19:36:55,616 - WARN  [SendWorker:188978561024:QuorumCnxManager$SendWorker@688] - Send worker leaving thread
2015-07-29 19:36:55,620 - INFO  [/10.10.34.13:3888:QuorumCnxManager$Listener@493] - Received connection request /10.10.34.12:50163
2015-07-29 19:36:55,620 - INFO  [/10.10.34.13:3888:QuorumCnxManager$Listener@493] - Received connection request /10.10.34.12:50165
2015-07-29 19:36:55,620 - WARN  [RecvWorker:188978561024:QuorumCnxManager$RecvWorker@762] - Connection broken for id 188978561024, my id = 3, error = 
2015-07-29 19:36:55,620 - WARN  [RecvWorker:188978561024:QuorumCnxManager$RecvWorker@765] - Interrupting SendWorker
2015-07-29 19:36:55,620 - WARN  [SendWorker:188978561024:QuorumCnxManager$SendWorker@679] - Interrupted while waiting for message on queue
2015-07-29 19:36:55,621 - WARN  [SendWorker:188978561024:QuorumCnxManager$SendWorker@688] - Send worker leaving thread
2015-07-29 19:36:55,621 - WARN  [RecvWorker:188978561024:QuorumCnxManager$RecvWorker@762] - Connection broken for id 188978561024, my id = 3, error = 
2015-07-29 19:36:55,621 - WARN  [RecvWorker:188978561024:QuorumCnxManager$RecvWorker@765] - Interrupting SendWorker
2015-07-29 19:36:55,621 - INFO  [/10.10.34.13:3888:QuorumCnxManager$Listener@493] - Received connection request /10.10.34.12:50167
2015-07-29 19:36:55,621 - WARN  [SendWorker:188978561024:QuorumCnxManager$SendWorker@679] - Interrupted while waiting for message on queue
2015-07-29 19:36:55,621 - WARN  [SendWorker:188978561024:QuorumCnxManager$SendWorker@688] - Send worker leaving thread
2015-07-29 19:36:55,622 - WARN  [RecvWorker:188978561024:QuorumCnxManager$RecvWorker@762] - Connection broken for id 188978561024, my id = 3, error = 
2015-07-29 19:36:55,622 - WARN  [RecvWorker:188978561024:QuorumCnxManager$RecvWorker@765] - Interrupting SendWorker
2015-07-29 19:36:55,622 - WARN  [SendWorker:188978561024:QuorumCnxManager$SendWorker@679] - Interrupted while waiting for message on queue
2015-07-29 19:36:55,622 - WARN  [SendWorker:188978561024:QuorumCnxManager$SendWorker@688] - Send worker leaving thread
2015-07-29 19:36:55,724 - INFO  [/10.10.34.13:3888:QuorumCnxManager$Listener@493] - Received connection request /10.10.34.13:47430
2015-07-29 19:36:55,725 - WARN  [RecvWorker:188978561024:QuorumCnxManager$RecvWorker@762] - Connection broken for id 188978561024, my id = 3, error = 
2015-07-29 19:36:55,725 - WARN  [RecvWorker:188978561024:QuorumCnxManager$RecvWorker@765] - Interrupting SendWorker
2015-07-29 19:36:55,725 - WARN  [SendWorker:188978561024:QuorumCnxManager$SendWorker@679] - Interrupted while waiting for message on queue
2015-07-29 19:36:55,726 - WARN  [SendWorker:188978561024:QuorumCnxManager$SendWorker@688] - Send worker leaving thread
2015-07-29 19:36:55,731 - INFO  [/10.10.34.13:3888:QuorumCnxManager$Listener@493] - Received connection request /10.10.34.13:47436
2015-07-29 19:36:55,731 - WARN  [RecvWorker:188978561024:QuorumCnxManager$RecvWorker@762] - Connection broken for id 188978561024, my id = 3, error = 
2015-07-29 19:36:55,731 - WARN  [RecvWorker:188978561024:QuorumCnxManager$RecvWorker@765] - Interrupting SendWorker
2015-07-29 19:36:55,732 - INFO  [/10.10.34.13:3888:QuorumCnxManager$Listener@493] - Received connection request /10.10.34.13:47437
2015-07-29 19:36:55,732 - WARN  [SendWorker:188978561024:QuorumCnxManager$SendWorker@679] - Interrupted while waiting for message on queue
2015-07-29 19:36:55,732 - WARN  [SendWorker:188978561024:QuorumCnxManager$SendWorker@688] - Send worker leaving thread
2015-07-29 19:36:55,732 - WARN  [RecvWorker:188978561024:QuorumCnxManager$RecvWorker@762] - Connection broken for id 188978561024, my id = 3, error = 
2015-07-29 19:36:55,732 - WARN  [RecvWorker:188978561024:QuorumCnxManager$RecvWorker@765] - Interrupting SendWorker
2015-07-29 19:36:55,733 - WARN  [SendWorker:188978561024:QuorumCnxManager$SendWorker@679] - Interrupted while waiting for message on queue
2015-07-29 19:36:55,733 - WARN  [SendWorker:188978561024:QuorumCnxManager$SendWorker@688] - Send worker leaving thread
2015-07-29 19:36:55,734 - INFO  [/10.10.34.13:3888:QuorumCnxManager$Listener@493] - Received connection request /10.10.34.13:47440
2015-07-29 19:36:55,735 - WARN  [RecvWorker:188978561024:QuorumCnxManager$RecvWorker@762] - Connection broken for id 188978561024, my id = 3, error = 
2015-07-29 19:36:55,735 - WARN  [RecvWorker:188978561024:QuorumCnxManager$RecvWorker@765] - Interrupting SendWorker
2015-07-29 19:36:55,735 - WARN  [SendWorker:188978561024:QuorumCnxManager$SendWorker@679] - Interrupted while waiting for message on queue
2015-07-29 19:36:55,736 - WARN  [SendWorker:188978561024:QuorumCnxManager$SendWorker@688] - Send worker leaving thread
2015-07-29 19:36:58,876 - INFO  [/10.10.34.13:3888:QuorumCnxManager$Listener@493] - Received connection request /10.10.34.11:50012
2015-07-29 19:36:58,877 - WARN  [RecvWorker:188978561024:QuorumCnxManager$RecvWorker@762] - Connection broken for id 188978561024, my id = 3, error = 
2015-07-29 19:36:58,877 - WARN  [RecvWorker:188978561024:QuorumCnxManager$RecvWorker@765] - Interrupting SendWorker
2015-07-29 19:36:58,877 - WARN  [SendWorker:188978561024:QuorumCnxManager$SendWorker@679] - Interrupted while waiting for message on queue
2015-07-29 19:36:58,878 - WARN  [SendWorker:188978561024:QuorumCnxManager$SendWorker@688] - Send worker leaving thread
2015-07-29 19:36:58,878 - INFO  [/10.10.34.13:3888:QuorumCnxManager$Listener@493] - Received connection request /10.10.34.11:50017
2015-07-29 19:36:58,879 - WARN  [RecvWorker:188978561024:QuorumCnxManager$RecvWorker@762] - Connection broken for id 188978561024, my id = 3, error = 
2015-07-29 19:36:58,879 - WARN  [RecvWorker:188978561024:QuorumCnxManager$RecvWorker@765] - Interrupting SendWorker
2015-07-29 19:36:58,879 - WARN  [SendWorker:188978561024:QuorumCnxManager$SendWorker@679] - Interrupted while waiting for message on queue
2015-07-29 19:36:58,879 - WARN  [SendWorker:188978561024:QuorumCnxManager$SendWorker@688] - Send worker leaving thread
2015-07-29 19:36:58,880 - INFO  [/10.10.34.13:3888:QuorumCnxManager$Listener@493] - Received connection request /10.10.34.11:50021
2015-07-29 19:36:58,881 - INFO  [/10.10.34.13:3888:QuorumCnxManager$Listener@493] - Received connection request /10.10.34.11:50022
2015-07-29 19:36:58,881 - WARN  [RecvWorker:188978561024:QuorumCnxManager$RecvWorker@762] - Connection broken for id 188978561024, my id = 3, error = 
2015-07-29 19:36:58,881 - WARN  [RecvWorker:188978561024:QuorumCnxManager$RecvWorker@765] - Interrupting SendWorker
2015-07-29 19:36:58,881 - WARN  [SendWorker:188978561024:QuorumCnxManager$SendWorker@679] - Interrupted while waiting for message on queue
2015-07-29 19:36:58,881 - WARN  [SendWorker:188978561024:QuorumCnxManager$SendWorker@688] - Send worker leaving thread
2015-07-29 19:36:58,881 - WARN  [RecvWorker:188978561024:QuorumCnxManager$RecvWorker@762] - Connection broken for id 188978561024, my id = 3, error = 
2015-07-29 19:36:58,881 - WARN  [RecvWorker:188978561024:QuorumCnxManager$RecvWorker@765] - Interrupting SendWorker
2015-07-29 19:36:58,882 - WARN  [SendWorker:188978561024:QuorumCnxManager$SendWorker@679] - Interrupted while waiting for message on queue
2015-07-29 19:36:58,882 - WARN  [SendWorker:188978561024:QuorumCnxManager$SendWorker@688] - Send worker leaving thread
2015-07-29 19:36:58,954 - INFO  [/10.10.34.13:3888:QuorumCnxManager$Listener@493] - Received connection request /10.10.34.12:50170
2015-07-29 19:36:58,955 - WARN  [RecvWorker:188978561024:QuorumCnxManager$RecvWorker@762] - Connection broken for id 188978561024, my id = 3, error = 
2015-07-29 19:36:58,955 - WARN  [RecvWorker:188978561024:QuorumCnxManager$RecvWorker@765] - Interrupting SendWorker
2015-07-29 19:36:58,955 - WARN  [SendWorker:188978561024:QuorumCnxManager$SendWorker@679] - Interrupted while waiting for message on queue
2015-07-29 19:36:58,955 - WARN  [SendWorker:188978561024:QuorumCnxManager$SendWorker@688] - Send worker leaving thread
2015-07-29 19:36:58,960 - INFO  [/10.10.34.13:3888:QuorumCnxManager$Listener@493] - Received connection request /10.10.34.12:50175
2015-07-29 19:36:58,960 - INFO  [/10.10.34.13:3888:QuorumCnxManager$Listener@493] - Received connection request /10.10.34.12:50177
2015-07-29 19:36:58,960 - WARN  [RecvWorker:188978561024:QuorumCnxManager$RecvWorker@762] - Connection broken for id 188978561024, my id = 3, error = 
2015-07-29 19:36:58,960 - WARN  [RecvWorker:188978561024:QuorumCnxManager$RecvWorker@765] - Interrupting SendWorker
2015-07-29 19:36:58,960 - WARN  [SendWorker:188978561024:QuorumCnxManager$SendWorker@679] - Interrupted while waiting for message on queue
2015-07-29 19:36:58,960 - WARN  [SendWorker:188978561024:QuorumCnxManager$SendWorker@688] - Send worker leaving thread
2015-07-29 19:36:58,961 - WARN  [RecvWorker:188978561024:QuorumCnxManager$RecvWorker@762] - Connection broken for id 188978561024, my id = 3, error = 
2015-07-29 19:36:58,961 - WARN  [RecvWorker:188978561024:QuorumCnxManager$RecvWorker@765] - Interrupting SendWorker
2015-07-29 19:36:58,961 - INFO  [/10.10.34.13:3888:QuorumCnxManager$Listener@493] - Received connection request /10.10.34.12:50179
2015-07-29 19:36:58,961 - WARN  [SendWorker:188978561024:QuorumCnxManager$SendWorker@679] - Interrupted while waiting for message on queue
2015-07-29 19:36:58,961 - WARN  [SendWorker:188978561024:QuorumCnxManager$SendWorker@688] - Send worker leaving thread
2015-07-29 19:36:58,962 - WARN  [RecvWorker:188978561024:QuorumCnxManager$RecvWorker@762] - Connection broken for id 188978561024, my id = 3, error = 
2015-07-29 19:36:58,962 - WARN  [RecvWorker:188978561024:QuorumCnxManager$RecvWorker@765] - Interrupting SendWorker
2015-07-29 19:36:58,962 - WARN  [SendWorker:188978561024:QuorumCnxManager$SendWorker@679] - Interrupted while waiting for message on queue
2015-07-29 19:36:58,962 - WARN  [SendWorker:188978561024:QuorumCnxManager$SendWorker@688] - Send worker leaving thread
2015-07-29 19:36:59,064 - INFO  [/10.10.34.13:3888:QuorumCnxManager$Listener@493] - Received connection request /10.10.34.13:47442
2015-07-29 19:36:59,065 - WARN  [RecvWorker:188978561024:QuorumCnxManager$RecvWorker@762] - Connection broken for id 188978561024, my id = 3, error = 
2015-07-29 19:36:59,065 - WARN  [RecvWorker:188978561024:QuorumCnxManager$RecvWorker@765] - Interrupting SendWorker
2015-07-29 19:36:59,065 - WARN  [SendWorker:188978561024:QuorumCnxManager$SendWorker@679] - Interrupted while waiting for message on queue
2015-07-29 19:36:59,066 - WARN  [SendWorker:188978561024:QuorumCnxManager$SendWorker@688] - Send worker leaving thread
2015-07-29 19:36:59,070 - INFO  [/10.10.34.13:3888:QuorumCnxManager$Listener@493] - Received connection request /10.10.34.13:47448
2015-07-29 19:36:59,071 - WARN  [RecvWorker:188978561024:QuorumCnxManager$RecvWorker@762] - Connection broken for id 188978561024, my id = 3, error = 
2015-07-29 19:36:59,071 - WARN  [RecvWorker:188978561024:QuorumCnxManager$RecvWorker@765] - Interrupting SendWorker
2015-07-29 19:36:59,071 - WARN  [SendWorker:188978561024:QuorumCnxManager$SendWorker@679] - Interrupted while waiting for message on queue
2015-07-29 19:36:59,072 - WARN  [SendWorker:188978561024:QuorumCnxManager$SendWorker@688] - Send worker leaving thread
2015-07-29 19:36:59,071 - INFO  [/10.10.34.13:3888:QuorumCnxManager$Listener@493] - Received connection request /10.10.34.13:47449
2015-07-29 19:36:59,072 - WARN  [RecvWorker:188978561024:QuorumCnxManager$RecvWorker@762] - Connection broken for id 188978561024, my id = 3, error = 
2015-07-29 19:36:59,072 - WARN  [RecvWorker:188978561024:QuorumCnxManager$RecvWorker@765] - Interrupting SendWorker
2015-07-29 19:36:59,072 - WARN  [SendWorker:188978561024:QuorumCnxManager$SendWorker@679] - Interrupted while waiting for message on queue
2015-07-29 19:36:59,073 - WARN  [SendWorker:188978561024:QuorumCnxManager$SendWorker@688] - Send worker leaving thread
2015-07-29 19:36:59,075 - INFO  [/10.10.34.13:3888:QuorumCnxManager$Listener@493] - Received connection request /10.10.34.13:47452
2015-07-29 19:36:59,075 - WARN  [RecvWorker:188978561024:QuorumCnxManager$RecvWorker@762] - Connection broken for id 188978561024, my id = 3, error = 
2015-07-29 19:36:59,075 - WARN  [RecvWorker:188978561024:QuorumCnxManager$RecvWorker@765] - Interrupting SendWorker
2015-07-29 19:36:59,076 - WARN  [SendWorker:188978561024:QuorumCnxManager$SendWorker@679] - Interrupted while waiting for message on queue
2015-07-29 19:36:59,076 - WARN  [SendWorker:188978561024:QuorumCnxManager$SendWorker@688] - Send worker leaving thread
2015-07-29 19:37:02,217 - INFO  [/10.10.34.13:3888:QuorumCnxManager$Listener@493] - Received connection request /10.10.34.11:50025
2015-07-29 19:37:02,218 - WARN  [RecvWorker:188978561024:QuorumCnxManager$RecvWorker@762] - Connection broken for id 188978561024, my id = 3, error = 
2015-07-29 19:37:02,218 - WARN  [RecvWorker:188978561024:QuorumCnxManager$RecvWorker@765] - Interrupting SendWorker
2015-07-29 19:37:02,218 - WARN  [SendWorker:188978561024:QuorumCnxManager$SendWorker@679] - Interrupted while waiting for message on queue
2015-07-29 19:37:02,219 - WARN  [SendWorker:188978561024:QuorumCnxManager$SendWorker@688] - Send worker leaving thread
2015-07-29 19:37:02,218 - INFO  [/10.10.34.13:3888:QuorumCnxManager$Listener@493] - Received connection request /10.10.34.11:50028
2015-07-29 19:37:02,219 - WARN  [RecvWorker:188978561024:QuorumCnxManager$RecvWorker@762] - Connection broken for id 188978561024, my id = 3, error = 
2015-07-29 19:37:02,219 - WARN  [RecvWorker:188978561024:QuorumCnxManager$RecvWorker@765] - Interrupting SendWorker
2015-07-29 19:37:02,220 - WARN  [SendWorker:188978561024:QuorumCnxManager$SendWorker@679] - Interrupted while waiting for message on queue
2015-07-29 19:37:02,220 - WARN  [SendWorker:188978561024:QuorumCnxManager$SendWorker@688] - Send worker leaving thread
2015-07-29 19:37:02,220 - INFO  [/10.10.34.13:3888:QuorumCnxManager$Listener@493] - Received connection request /10.10.34.11:50033
2015-07-29 19:37:02,221 - INFO  [/10.10.34.13:3888:QuorumCnxManager$Listener@493] - Received connection request /10.10.34.11:50034
2015-07-29 19:37:02,221 - WARN  [RecvWorker:188978561024:QuorumCnxManager$RecvWorker@762] - Connection broken for id 188978561024, my id = 3, error = 
2015-07-29 19:37:02,221 - WARN  [RecvWorker:188978561024:QuorumCnxManager$RecvWorker@765] - Interrupting SendWorker
2015-07-29 19:37:02,221 - WARN  [SendWorker:188978561024:QuorumCnxManager$SendWorker@679] - Interrupted while waiting for message on queue
2015-07-29 19:37:02,222 - WARN  [SendWorker:188978561024:QuorumCnxManager$SendWorker@688] - Send worker leaving thread
2015-07-29 19:37:02,222 - WARN  [RecvWorker:188978561024:QuorumCnxManager$RecvWorker@762] - Connection broken for id 188978561024, my id = 3, error = 
2015-07-29 19:37:02,222 - WARN  [RecvWorker:188978561024:QuorumCnxManager$RecvWorker@765] - Interrupting SendWorker
2015-07-29 19:37:02,222 - WARN  [SendWorker:188978561024:QuorumCnxManager$SendWorker@679] - Interrupted while waiting for message on queue
2015-07-29 19:37:02,222 - WARN  [SendWorker:188978561024:QuorumCnxManager$SendWorker@688] - Send worker leaving thread
2015-07-29 19:37:02,294 - INFO  [/10.10.34.13:3888:QuorumCnxManager$Listener@493] - Received connection request /10.10.34.12:50182
2015-07-29 19:37:02,295 - WARN  [RecvWorker:188978561024:QuorumCnxManager$RecvWorker@762] - Connection broken for id 188978561024, my id = 3, error = 
2015-07-29 19:37:02,295 - WARN  [RecvWorker:188978561024:QuorumCnxManager$RecvWorker@765] - Interrupting SendWorker
2015-07-29 19:37:02,295 - WARN  [SendWorker:188978561024:QuorumCnxManager$SendWorker@679] - Interrupted while waiting for message on queue
2015-07-29 19:37:02,295 - WARN  [SendWorker:188978561024:QuorumCnxManager$SendWorker@688] - Send worker leaving thread
2015-07-29 19:37:02,300 - INFO  [/10.10.34.13:3888:QuorumCnxManager$Listener@493] - Received connection request /10.10.34.12:50187
2015-07-29 19:37:02,300 - INFO  [/10.10.34.13:3888:QuorumCnxManager$Listener@493] - Received connection request /10.10.34.12:50188
2015-07-29 19:37:02,300 - WARN  [RecvWorker:188978561024:QuorumCnxManager$RecvWorker@762] - Connection broken for id 188978561024, my id = 3, error = 
2015-07-29 19:37:02,300 - WARN  [RecvWorker:188978561024:QuorumCnxManager$RecvWorker@765] - Interrupting SendWorker
2015-07-29 19:37:02,300 - WARN  [SendWorker:188978561024:QuorumCnxManager$SendWorker@679] - Interrupted while waiting for message on queue
2015-07-29 19:37:02,301 - WARN  [SendWorker:188978561024:QuorumCnxManager$SendWorker@688] - Send worker leaving thread
2015-07-29 19:37:02,301 - WARN  [RecvWorker:188978561024:QuorumCnxManager$RecvWorker@762] - Connection broken for id 188978561024, my id = 3, error = 
2015-07-29 19:37:02,301 - WARN  [RecvWorker:188978561024:QuorumCnxManager$RecvWorker@765] - Interrupting SendWorker
2015-07-29 19:37:02,301 - INFO  [/10.10.34.13:3888:QuorumCnxManager$Listener@493] - Received connection request /10.10.34.12:50191
2015-07-29 19:37:02,301 - WARN  [SendWorker:188978561024:QuorumCnxManager$SendWorker@679] - Interrupted while waiting for message on queue
2015-07-29 19:37:02,301 - WARN  [SendWorker:188978561024:QuorumCnxManager$SendWorker@688] - Send worker leaving thread
2015-07-29 19:37:02,302 - WARN  [RecvWorker:188978561024:QuorumCnxManager$RecvWorker@762] - Connection broken for id 188978561024, my id = 3, error = 
2015-07-29 19:37:02,302 - WARN  [RecvWorker:188978561024:QuorumCnxManager$RecvWorker@765] - Interrupting SendWorker
2015-07-29 19:37:02,302 - WARN  [SendWorker:188978561024:QuorumCnxManager$SendWorker@679] - Interrupted while waiting for message on queue
2015-07-29 19:37:02,302 - WARN  [SendWorker:188978561024:QuorumCnxManager$SendWorker@688] - Send worker leaving thread
2015-07-29 19:37:02,404 - INFO  [/10.10.34.13:3888:QuorumCnxManager$Listener@493] - Received connection request /10.10.34.13:47454
2015-07-29 19:37:02,405 - WARN  [RecvWorker:188978561024:QuorumCnxManager$RecvWorker@762] - Connection broken for id 188978561024, my id = 3, error = 
2015-07-29 19:37:02,405 - WARN  [RecvWorker:188978561024:QuorumCnxManager$RecvWorker@765] - Interrupting SendWorker
2015-07-29 19:37:02,405 - WARN  [SendWorker:188978561024:QuorumCnxManager$SendWorker@679] - Interrupted while waiting for message on queue
2015-07-29 19:37:02,406 - WARN  [SendWorker:188978561024:QuorumCnxManager$SendWorker@688] - Send worker leaving thread
2015-07-29 19:37:02,410 - INFO  [/10.10.34.13:3888:QuorumCnxManager$Listener@493] - Received connection request /10.10.34.13:47460
2015-07-29 19:37:02,411 - WARN  [RecvWorker:188978561024:QuorumCnxManager$RecvWorker@762] - Connection broken for id 188978561024, my id = 3, error = 
2015-07-29 19:37:02,411 - WARN  [RecvWorker:188978561024:QuorumCnxManager$RecvWorker@765] - Interrupting SendWorker
2015-07-29 19:37:02,411 - WARN  [SendWorker:188978561024:QuorumCnxManager$SendWorker@679] - Interrupted while waiting for message on queue
2015-07-29 19:37:02,412 - WARN  [SendWorker:188978561024:QuorumCnxManager$SendWorker@688] - Send worker leaving thread
2015-07-29 19:37:02,411 - INFO  [/10.10.34.13:3888:QuorumCnxManager$Listener@493] - Received connection request /10.10.34.13:47461
2015-07-29 19:37:02,412 - WARN  [RecvWorker:188978561024:QuorumCnxManager$RecvWorker@762] - Connection broken for id 188978561024, my id = 3, error = 
2015-07-29 19:37:02,412 - WARN  [RecvWorker:188978561024:QuorumCnxManager$RecvWorker@765] - Interrupting SendWorker
2015-07-29 19:37:02,413 - WARN  [SendWorker:188978561024:QuorumCnxManager$SendWorker@679] - Interrupted while waiting for message on queue
2015-07-29 19:37:02,413 - WARN  [SendWorker:188978561024:QuorumCnxManager$SendWorker@688] - Send worker leaving thread
2015-07-29 19:37:02,415 - INFO  [/10.10.34.13:3888:QuorumCnxManager$Listener@493] - Received connection request /10.10.34.13:47464
2015-07-29 19:37:02,415 - WARN  [RecvWorker:188978561024:QuorumCnxManager$RecvWorker@762] - Connection broken for id 188978561024, my id = 3, error = 
2015-07-29 19:37:02,415 - WARN  [RecvWorker:188978561024:QuorumCnxManager$RecvWorker@765] - Interrupting SendWorker
2015-07-29 19:37:02,416 - WARN  [SendWorker:188978561024:QuorumCnxManager$SendWorker@679] - Interrupted while waiting for message on queue
2015-07-29 19:37:02,416 - WARN  [SendWorker:188978561024:QuorumCnxManager$SendWorker@688] - Send worker leaving thread
2015-07-29 19:37:05,557 - INFO  [/10.10.34.13:3888:QuorumCnxManager$Listener@493] - Received connection request /10.10.34.11:50036
2015-07-29 19:37:05,558 - WARN  [RecvWorker:188978561024:QuorumCnxManager$RecvWorker@762] - Connection broken for id 188978561024, my id = 3, error = 
2015-07-29 19:37:05,558 - WARN  [RecvWorker:188978561024:QuorumCnxManager$RecvWorker@765] - Interrupting SendWorker
2015-07-29 19:37:05,559 - WARN  [SendWorker:188978561024:QuorumCnxManager$SendWorker@679] - Interrupted while waiting for message on queue
2015-07-29 19:37:05,559 - WARN  [SendWorker:188978561024:QuorumCnxManager$SendWorker@688] - Send worker leaving thread
2015-07-29 19:37:05,559 - INFO  [/10.10.34.13:3888:QuorumCnxManager$Listener@493] - Received connection request /10.10.34.11:50041
2015-07-29 19:37:05,560 - WARN  [RecvWorker:188978561024:QuorumCnxManager$RecvWorker@762] - Connection broken for id 188978561024, my id = 3, error = 
2015-07-29 19:37:05,560 - WARN  [RecvWorker:188978561024:QuorumCnxManager$RecvWorker@765] - Interrupting SendWorker
2015-07-29 19:37:05,560 - WARN  [SendWorker:188978561024:QuorumCnxManager$SendWorker@679] - Interrupted while waiting for message on queue
2015-07-29 19:37:05,560 - WARN  [SendWorker:188978561024:QuorumCnxManager$SendWorker@688] - Send worker leaving thread
2015-07-29 19:37:05,561 - INFO  [/10.10.34.13:3888:QuorumCnxManager$Listener@493] - Received connection request /10.10.34.11:50045
2015-07-29 19:37:05,561 - INFO  [/10.10.34.13:3888:QuorumCnxManager$Listener@493] - Received connection request /10.10.34.11:50046
2015-07-29 19:37:05,561 - WARN  [RecvWorker:188978561024:QuorumCnxManager$RecvWorker@762] - Connection broken for id 188978561024, my id = 3, error = 
2015-07-29 19:37:05,561 - WARN  [RecvWorker:188978561024:QuorumCnxManager$RecvWorker@765] - Interrupting SendWorker
2015-07-29 19:37:05,561 - WARN  [SendWorker:188978561024:QuorumCnxManager$SendWorker@679] - Interrupted while waiting for message on queue
2015-07-29 19:37:05,562 - WARN  [SendWorker:188978561024:QuorumCnxManager$SendWorker@688] - Send worker leaving thread
2015-07-29 19:37:05,562 - WARN  [RecvWorker:188978561024:QuorumCnxManager$RecvWorker@762] - Connection broken for id 188978561024, my id = 3, error = 
2015-07-29 19:37:05,562 - WARN  [RecvWorker:188978561024:QuorumCnxManager$RecvWorker@765] - Interrupting SendWorker
2015-07-29 19:37:05,562 - WARN  [SendWorker:188978561024:QuorumCnxManager$SendWorker@679] - Interrupted while waiting for message on queue
2015-07-29 19:37:05,562 - WARN  [SendWorker:188978561024:QuorumCnxManager$SendWorker@688] - Send worker leaving thread
2015-07-29 19:37:05,634 - INFO  [/10.10.34.13:3888:QuorumCnxManager$Listener@493] - Received connection request /10.10.34.12:50194
2015-07-29 19:37:05,635 - WARN  [RecvWorker:188978561024:QuorumCnxManager$RecvWorker@762] - Connection broken for id 188978561024, my id = 3, error = 
2015-07-29 19:37:05,635 - WARN  [RecvWorker:188978561024:QuorumCnxManager$RecvWorker@765] - Interrupting SendWorker
2015-07-29 19:37:05,635 - WARN  [SendWorker:188978561024:QuorumCnxManager$SendWorker@679] - Interrupted while waiting for message on queue
2015-07-29 19:37:05,635 - WARN  [SendWorker:188978561024:QuorumCnxManager$SendWorker@688] - Send worker leaving thread
2015-07-29 19:37:05,640 - INFO  [/10.10.34.13:3888:QuorumCnxManager$Listener@493] - Received connection request /10.10.34.12:50199
2015-07-29 19:37:05,640 - INFO  [/10.10.34.13:3888:QuorumCnxManager$Listener@493] - Received connection request /10.10.34.12:50201
2015-07-29 19:37:05,640 - WARN  [RecvWorker:188978561024:QuorumCnxManager$RecvWorker@762] - Connection broken for id 188978561024, my id = 3, error = 
2015-07-29 19:37:05,640 - WARN  [RecvWorker:188978561024:QuorumCnxManager$RecvWorker@765] - Interrupting SendWorker
2015-07-29 19:37:05,640 - WARN  [SendWorker:188978561024:QuorumCnxManager$SendWorker@679] - Interrupted while waiting for message on queue
2015-07-29 19:37:05,641 - WARN  [SendWorker:188978561024:QuorumCnxManager$SendWorker@688] - Send worker leaving thread
2015-07-29 19:37:05,641 - WARN  [RecvWorker:188978561024:QuorumCnxManager$RecvWorker@762] - Connection broken for id 188978561024, my id = 3, error = 
2015-07-29 19:37:05,641 - WARN  [RecvWorker:188978561024:QuorumCnxManager$RecvWorker@765] - Interrupting SendWorker
2015-07-29 19:37:05,641 - INFO  [/10.10.34.13:3888:QuorumCnxManager$Listener@493] - Received connection request /10.10.34.12:50203
2015-07-29 19:37:05,641 - WARN  [SendWorker:188978561024:QuorumCnxManager$SendWorker@679] - Interrupted while waiting for message on queue
2015-07-29 19:37:05,641 - WARN  [SendWorker:188978561024:QuorumCnxManager$SendWorker@688] - Send worker leaving thread
2015-07-29 19:37:05,642 - WARN  [RecvWorker:188978561024:QuorumCnxManager$RecvWorker@762] - Connection broken for id 188978561024, my id = 3, error = 
2015-07-29 19:37:05,642 - WARN  [RecvWorker:188978561024:QuorumCnxManager$RecvWorker@765] - Interrupting SendWorker
2015-07-29 19:37:05,642 - WARN  [SendWorker:188978561024:QuorumCnxManager$SendWorker@679] - Interrupted while waiting for message on queue
2015-07-29 19:37:05,642 - WARN  [SendWorker:188978561024:QuorumCnxManager$SendWorker@688] - Send worker leaving thread
2015-07-29 19:37:05,745 - INFO  [/10.10.34.13:3888:QuorumCnxManager$Listener@493] - Received connection request /10.10.34.13:47466
2015-07-29 19:37:05,745 - WARN  [RecvWorker:188978561024:QuorumCnxManager$RecvWorker@762] - Connection broken for id 188978561024, my id = 3, error = 
2015-07-29 19:37:05,745 - WARN  [RecvWorker:188978561024:QuorumCnxManager$RecvWorker@765] - Interrupting SendWorker
2015-07-29 19:37:05,745 - WARN  [SendWorker:188978561024:QuorumCnxManager$SendWorker@679] - Interrupted while waiting for message on queue
2015-07-29 19:37:05,746 - WARN  [SendWorker:188978561024:QuorumCnxManager$SendWorker@688] - Send worker leaving thread
2015-07-29 19:37:05,751 - INFO  [/10.10.34.13:3888:QuorumCnxManager$Listener@493] - Received connection request /10.10.34.13:47472
2015-07-29 19:37:05,751 - WARN  [RecvWorker:188978561024:QuorumCnxManager$RecvWorker@762] - Connection broken for id 188978561024, my id = 3, error = 
2015-07-29 19:37:05,751 - WARN  [RecvWorker:188978561024:QuorumCnxManager$RecvWorker@765] - Interrupting SendWorker
2015-07-29 19:37:05,751 - INFO  [/10.10.34.13:3888:QuorumCnxManager$Listener@493] - Received connection request /10.10.34.13:47473
2015-07-29 19:37:05,752 - WARN  [SendWorker:188978561024:QuorumCnxManager$SendWorker@679] - Interrupted while waiting for message on queue
2015-07-29 19:37:05,752 - WARN  [SendWorker:188978561024:QuorumCnxManager$SendWorker@688] - Send worker leaving thread
2015-07-29 19:37:05,752 - WARN  [RecvWorker:188978561024:QuorumCnxManager$RecvWorker@762] - Connection broken for id 188978561024, my id = 3, error = 
2015-07-29 19:37:05,752 - WARN  [RecvWorker:188978561024:QuorumCnxManager$RecvWorker@765] - Interrupting SendWorker
2015-07-29 19:37:05,753 - WARN  [SendWorker:188978561024:QuorumCnxManager$SendWorker@679] - Interrupted while waiting for message on queue
2015-07-29 19:37:05,753 - WARN  [SendWorker:188978561024:QuorumCnxManager$SendWorker@688] - Send worker leaving thread
2015-07-29 19:37:05,755 - INFO  [/10.10.34.13:3888:QuorumCnxManager$Listener@493] - Received connection request /10.10.34.13:47476
2015-07-29 19:37:05,755 - WARN  [RecvWorker:188978561024:QuorumCnxManager$RecvWorker@762] - Connection broken for id 188978561024, my id = 3, error = 
2015-07-29 19:37:05,756 - WARN  [RecvWorker:188978561024:QuorumCnxManager$RecvWorker@765] - Interrupting SendWorker
2015-07-29 19:37:05,756 - WARN  [SendWorker:188978561024:QuorumCnxManager$SendWorker@679] - Interrupted while waiting for message on queue
2015-07-29 19:37:05,756 - WARN  [SendWorker:188978561024:QuorumCnxManager$SendWorker@688] - Send worker leaving thread
2015-07-29 19:37:08,898 - INFO  [/10.10.34.13:3888:QuorumCnxManager$Listener@493] - Received connection request /10.10.34.11:50049
2015-07-29 19:37:08,898 - WARN  [RecvWorker:188978561024:QuorumCnxManager$RecvWorker@762] - Connection broken for id 188978561024, my id = 3, error = 
2015-07-29 19:37:08,899 - WARN  [RecvWorker:188978561024:QuorumCnxManager$RecvWorker@765] - Interrupting SendWorker
2015-07-29 19:37:08,899 - WARN  [SendWorker:188978561024:QuorumCnxManager$SendWorker@679] - Interrupted while waiting for message on queue
2015-07-29 19:37:08,899 - WARN  [SendWorker:188978561024:QuorumCnxManager$SendWorker@688] - Send worker leaving thread
2015-07-29 19:37:08,899 - INFO  [/10.10.34.13:3888:QuorumCnxManager$Listener@493] - Received connection request /10.10.34.11:50053
2015-07-29 19:37:08,900 - WARN  [RecvWorker:188978561024:QuorumCnxManager$RecvWorker@762] - Connection broken for id 188978561024, my id = 3, error = 
2015-07-29 19:37:08,900 - WARN  [RecvWorker:188978561024:QuorumCnxManager$RecvWorker@765] - Interrupting SendWorker
2015-07-29 19:37:08,900 - WARN  [SendWorker:188978561024:QuorumCnxManager$SendWorker@679] - Interrupted while waiting for message on queue
2015-07-29 19:37:08,900 - WARN  [SendWorker:188978561024:QuorumCnxManager$SendWorker@688] - Send worker leaving thread
2015-07-29 19:37:08,901 - INFO  [/10.10.34.13:3888:QuorumCnxManager$Listener@493] - Received connection request /10.10.34.11:50057
2015-07-29 19:37:08,901 - INFO  [/10.10.34.13:3888:QuorumCnxManager$Listener@493] - Received connection request /10.10.34.11:50058
2015-07-29 19:37:08,901 - WARN  [RecvWorker:188978561024:QuorumCnxManager$RecvWorker@762] - Connection broken for id 188978561024, my id = 3, error = 
2015-07-29 19:37:08,901 - WARN  [RecvWorker:188978561024:QuorumCnxManager$RecvWorker@765] - Interrupting SendWorker
2015-07-29 19:37:08,901 - WARN  [SendWorker:188978561024:QuorumCnxManager$SendWorker@679] - Interrupted while waiting for message on queue
2015-07-29 19:37:08,902 - WARN  [SendWorker:188978561024:QuorumCnxManager$SendWorker@688] - Send worker leaving thread
2015-07-29 19:37:08,902 - WARN  [RecvWorker:188978561024:QuorumCnxManager$RecvWorker@762] - Connection broken for id 188978561024, my id = 3, error = 
2015-07-29 19:37:08,902 - WARN  [RecvWorker:188978561024:QuorumCnxManager$RecvWorker@765] - Interrupting SendWorker
2015-07-29 19:37:08,902 - WARN  [SendWorker:188978561024:QuorumCnxManager$SendWorker@679] - Interrupted while waiting for message on queue
2015-07-29 19:37:08,902 - WARN  [SendWorker:188978561024:QuorumCnxManager$SendWorker@688] - Send worker leaving thread
2015-07-29 19:37:08,974 - INFO  [/10.10.34.13:3888:QuorumCnxManager$Listener@493] - Received connection request /10.10.34.12:50206
2015-07-29 19:37:08,974 - WARN  [RecvWorker:188978561024:QuorumCnxManager$RecvWorker@762] - Connection broken for id 188978561024, my id = 3, error = 
2015-07-29 19:37:08,975 - WARN  [RecvWorker:188978561024:QuorumCnxManager$RecvWorker@765] - Interrupting SendWorker
2015-07-29 19:37:08,975 - WARN  [SendWorker:188978561024:QuorumCnxManager$SendWorker@679] - Interrupted while waiting for message on queue
2015-07-29 19:37:08,975 - WARN  [SendWorker:188978561024:QuorumCnxManager$SendWorker@688] - Send worker leaving thread
2015-07-29 19:37:08,980 - INFO  [/10.10.34.13:3888:QuorumCnxManager$Listener@493] - Received connection request /10.10.34.12:50211
2015-07-29 19:37:08,980 - INFO  [/10.10.34.13:3888:QuorumCnxManager$Listener@493] - Received connection request /10.10.34.12:50212
2015-07-29 19:37:08,980 - WARN  [RecvWorker:188978561024:QuorumCnxManager$RecvWorker@762] - Connection broken for id 188978561024, my id = 3, error = 
2015-07-29 19:37:08,980 - WARN  [RecvWorker:188978561024:QuorumCnxManager$RecvWorker@765] - Interrupting SendWorker
2015-07-29 19:37:08,980 - WARN  [SendWorker:188978561024:QuorumCnxManager$SendWorker@679] - Interrupted while waiting for message on queue
2015-07-29 19:37:08,981 - WARN  [SendWorker:188978561024:QuorumCnxManager$SendWorker@688] - Send worker leaving thread
2015-07-29 19:37:08,981 - WARN  [RecvWorker:188978561024:QuorumCnxManager$RecvWorker@762] - Connection broken for id 188978561024, my id = 3, error = 
2015-07-29 19:37:08,981 - WARN  [RecvWorker:188978561024:QuorumCnxManager$RecvWorker@765] - Interrupting SendWorker
2015-07-29 19:37:08,981 - WARN  [SendWorker:188978561024:QuorumCnxManager$SendWorker@679] - Interrupted while waiting for message on queue
2015-07-29 19:37:08,981 - WARN  [SendWorker:188978561024:QuorumCnxManager$SendWorker@688] - Send worker leaving thread
2015-07-29 19:37:08,981 - INFO  [/10.10.34.13:3888:QuorumCnxManager$Listener@493] - Received connection request /10.10.34.12:50215
2015-07-29 19:37:08,982 - WARN  [RecvWorker:188978561024:QuorumCnxManager$RecvWorker@762] - Connection broken for id 188978561024, my id = 3, error = 
2015-07-29 19:37:08,982 - WARN  [RecvWorker:188978561024:QuorumCnxManager$RecvWorker@765] - Interrupting SendWorker
2015-07-29 19:37:08,982 - WARN  [SendWorker:188978561024:QuorumCnxManager$SendWorker@679] - Interrupted while waiting for message on queue
2015-07-29 19:37:08,983 - WARN  [SendWorker:188978561024:QuorumCnxManager$SendWorker@688] - Send worker leaving thread
2015-07-29 19:37:09,085 - INFO  [/10.10.34.13:3888:QuorumCnxManager$Listener@493] - Received connection request /10.10.34.13:47478
2015-07-29 19:37:09,085 - WARN  [RecvWorker:188978561024:QuorumCnxManager$RecvWorker@762] - Connection broken for id 188978561024, my id = 3, error = 
2015-07-29 19:37:09,085 - WARN  [RecvWorker:188978561024:QuorumCnxManager$RecvWorker@765] - Interrupting SendWorker
2015-07-29 19:37:09,086 - WARN  [SendWorker:188978561024:QuorumCnxManager$SendWorker@679] - Interrupted while waiting for message on queue
2015-07-29 19:37:09,086 - WARN  [SendWorker:188978561024:QuorumCnxManager$SendWorker@688] - Send worker leaving thread
2015-07-29 19:37:09,091 - INFO  [/10.10.34.13:3888:QuorumCnxManager$Listener@493] - Received connection request /10.10.34.13:47484
2015-07-29 19:37:09,091 - WARN  [RecvWorker:188978561024:QuorumCnxManager$RecvWorker@762] - Connection broken for id 188978561024, my id = 3, error = 
2015-07-29 19:37:09,091 - WARN  [RecvWorker:188978561024:QuorumCnxManager$RecvWorker@765] - Interrupting SendWorker
2015-07-29 19:37:09,092 - WARN  [SendWorker:188978561024:QuorumCnxManager$SendWorker@679] - Interrupted while waiting for message on queue
2015-07-29 19:37:09,092 - WARN  [SendWorker:188978561024:QuorumCnxManager$SendWorker@688] - Send worker leaving thread
2015-07-29 19:37:09,092 - INFO  [/10.10.34.13:3888:QuorumCnxManager$Listener@493] - Received connection request /10.10.34.13:47485
2015-07-29 19:37:09,092 - WARN  [RecvWorker:188978561024:QuorumCnxManager$RecvWorker@762] - Connection broken for id 188978561024, my id = 3, error = 
2015-07-29 19:37:09,093 - WARN  [RecvWorker:188978561024:QuorumCnxManager$RecvWorker@765] - Interrupting SendWorker
2015-07-29 19:37:09,093 - WARN  [SendWorker:188978561024:QuorumCnxManager$SendWorker@679] - Interrupted while waiting for message on queue
2015-07-29 19:37:09,093 - WARN  [SendWorker:188978561024:QuorumCnxManager$SendWorker@688] - Send worker leaving thread
2015-07-29 19:37:09,095 - INFO  [/10.10.34.13:3888:QuorumCnxManager$Listener@493] - Received connection request /10.10.34.13:47488
2015-07-29 19:37:09,096 - WARN  [RecvWorker:188978561024:QuorumCnxManager$RecvWorker@762] - Connection broken for id 188978561024, my id = 3, error = 
2015-07-29 19:37:09,096 - WARN  [RecvWorker:188978561024:QuorumCnxManager$RecvWorker@765] - Interrupting SendWorker
2015-07-29 19:37:09,096 - WARN  [SendWorker:188978561024:QuorumCnxManager$SendWorker@679] - Interrupted while waiting for message on queue
2015-07-29 19:37:09,096 - WARN  [SendWorker:188978561024:QuorumCnxManager$SendWorker@688] - Send worker leaving thread
2015-07-29 19:37:12,238 - INFO  [/10.10.34.13:3888:QuorumCnxManager$Listener@493] - Received connection request /10.10.34.11:50062
2015-07-29 19:37:12,239 - WARN  [RecvWorker:188978561024:QuorumCnxManager$RecvWorker@762] - Connection broken for id 188978561024, my id = 3, error = 
2015-07-29 19:37:12,239 - WARN  [RecvWorker:188978561024:QuorumCnxManager$RecvWorker@765] - Interrupting SendWorker
2015-07-29 19:37:12,242 - INFO  [/10.10.34.13:3888:QuorumCnxManager$Listener@493] - Received connection request /10.10.34.11:50065
2015-07-29 19:37:12,242 - WARN  [SendWorker:188978561024:QuorumCnxManager$SendWorker@679] - Interrupted while waiting for message on queue
2015-07-29 19:37:12,242 - WARN  [SendWorker:188978561024:QuorumCnxManager$SendWorker@688] - Send worker leaving thread
2015-07-29 19:37:12,242 - INFO  [/10.10.34.13:3888:QuorumCnxManager$Listener@493] - Received connection request /10.10.34.11:50069
2015-07-29 19:37:12,242 - WARN  [RecvWorker:188978561024:QuorumCnxManager$RecvWorker@762] - Connection broken for id 188978561024, my id = 3, error = 
2015-07-29 19:37:12,242 - WARN  [RecvWorker:188978561024:QuorumCnxManager$RecvWorker@765] - Interrupting SendWorker
2015-07-29 19:37:12,242 - WARN  [SendWorker:188978561024:QuorumCnxManager$SendWorker@679] - Interrupted while waiting for message on queue
2015-07-29 19:37:12,243 - WARN  [SendWorker:188978561024:QuorumCnxManager$SendWorker@688] - Send worker leaving thread
2015-07-29 19:37:12,243 - INFO  [/10.10.34.13:3888:QuorumCnxManager$Listener@493] - Received connection request /10.10.34.11:50070
2015-07-29 19:37:12,243 - WARN  [RecvWorker:188978561024:QuorumCnxManager$RecvWorker@762] - Connection broken for id 188978561024, my id = 3, error = 
2015-07-29 19:37:12,243 - WARN  [RecvWorker:188978561024:QuorumCnxManager$RecvWorker@765] - Interrupting SendWorker
2015-07-29 19:37:12,243 - WARN  [SendWorker:188978561024:QuorumCnxManager$SendWorker@679] - Interrupted while waiting for message on queue
2015-07-29 19:37:12,243 - WARN  [SendWorker:188978561024:QuorumCnxManager$SendWorker@688] - Send worker leaving thread
2015-07-29 19:37:12,243 - WARN  [RecvWorker:188978561024:QuorumCnxManager$RecvWorker@762] - Connection broken for id 188978561024, my id = 3, error = 
2015-07-29 19:37:12,244 - WARN  [RecvWorker:188978561024:QuorumCnxManager$RecvWorker@765] - Interrupting SendWorker
2015-07-29 19:37:12,244 - WARN  [SendWorker:188978561024:QuorumCnxManager$SendWorker@679] - Interrupted while waiting for message on queue
2015-07-29 19:37:12,244 - WARN  [SendWorker:188978561024:QuorumCnxManager$SendWorker@688] - Send worker leaving thread
2015-07-29 19:37:12,314 - INFO  [/10.10.34.13:3888:QuorumCnxManager$Listener@493] - Received connection request /10.10.34.12:50218
2015-07-29 19:37:12,314 - WARN  [RecvWorker:188978561024:QuorumCnxManager$RecvWorker@762] - Connection broken for id 188978561024, my id = 3, error = 
2015-07-29 19:37:12,315 - WARN  [RecvWorker:188978561024:QuorumCnxManager$RecvWorker@765] - Interrupting SendWorker
2015-07-29 19:37:12,315 - WARN  [SendWorker:188978561024:QuorumCnxManager$SendWorker@679] - Interrupted while waiting for message on queue
2015-07-29 19:37:12,315 - WARN  [SendWorker:188978561024:QuorumCnxManager$SendWorker@688] - Send worker leaving thread
2015-07-29 19:37:12,320 - INFO  [/10.10.34.13:3888:QuorumCnxManager$Listener@493] - Received connection request /10.10.34.12:50223
2015-07-29 19:37:12,321 - INFO  [/10.10.34.13:3888:QuorumCnxManager$Listener@493] - Received connection request /10.10.34.12:50224
2015-07-29 19:37:12,321 - WARN  [RecvWorker:188978561024:QuorumCnxManager$RecvWorker@762] - Connection broken for id 188978561024, my id = 3, error = 
2015-07-29 19:37:12,321 - WARN  [RecvWorker:188978561024:QuorumCnxManager$RecvWorker@765] - Interrupting SendWorker
2015-07-29 19:37:12,321 - WARN  [SendWorker:188978561024:QuorumCnxManager$SendWorker@679] - Interrupted while waiting for message on queue
2015-07-29 19:37:12,321 - WARN  [SendWorker:188978561024:QuorumCnxManager$SendWorker@688] - Send worker leaving thread
2015-07-29 19:37:12,321 - WARN  [RecvWorker:188978561024:QuorumCnxManager$RecvWorker@762] - Connection broken for id 188978561024, my id = 3, error = 
2015-07-29 19:37:12,321 - WARN  [RecvWorker:188978561024:QuorumCnxManager$RecvWorker@765] - Interrupting SendWorker
2015-07-29 19:37:12,321 - INFO  [/10.10.34.13:3888:QuorumCnxManager$Listener@493] - Received connection request /10.10.34.12:50227
2015-07-29 19:37:12,322 - WARN  [SendWorker:188978561024:QuorumCnxManager$SendWorker@679] - Interrupted while waiting for message on queue
2015-07-29 19:37:12,322 - WARN  [SendWorker:188978561024:QuorumCnxManager$SendWorker@688] - Send worker leaving thread
2015-07-29 19:37:12,322 - WARN  [RecvWorker:188978561024:QuorumCnxManager$RecvWorker@762] - Connection broken for id 188978561024, my id = 3, error = 
2015-07-29 19:37:12,322 - WARN  [RecvWorker:188978561024:QuorumCnxManager$RecvWorker@765] - Interrupting SendWorker
2015-07-29 19:37:12,322 - WARN  [SendWorker:188978561024:QuorumCnxManager$SendWorker@679] - Interrupted while waiting for message on queue
2015-07-29 19:37:12,323 - WARN  [SendWorker:188978561024:QuorumCnxManager$SendWorker@688] - Send worker leaving thread
2015-07-29 19:37:12,425 - INFO  [/10.10.34.13:3888:QuorumCnxManager$Listener@493] - Received connection request /10.10.34.13:47490
2015-07-29 19:37:12,425 - WARN  [RecvWorker:188978561024:QuorumCnxManager$RecvWorker@762] - Connection broken for id 188978561024, my id = 3, error = 
2015-07-29 19:37:12,425 - WARN  [RecvWorker:188978561024:QuorumCnxManager$RecvWorker@765] - Interrupting SendWorker
2015-07-29 19:37:12,425 - WARN  [SendWorker:188978561024:QuorumCnxManager$SendWorker@679] - Interrupted while waiting for message on queue
2015-07-29 19:37:12,426 - WARN  [SendWorker:188978561024:QuorumCnxManager$SendWorker@688] - Send worker leaving thread
2015-07-29 19:37:12,431 - INFO  [/10.10.34.13:3888:QuorumCnxManager$Listener@493] - Received connection request /10.10.34.13:47496
2015-07-29 19:37:12,431 - WARN  [RecvWorker:188978561024:QuorumCnxManager$RecvWorker@762] - Connection broken for id 188978561024, my id = 3, error = 
2015-07-29 19:37:12,431 - WARN  [RecvWorker:188978561024:QuorumCnxManager$RecvWorker@765] - Interrupting SendWorker
2015-07-29 19:37:12,431 - WARN  [SendWorker:188978561024:QuorumCnxManager$SendWorker@679] - Interrupted while waiting for message on queue
2015-07-29 19:37:12,432 - WARN  [SendWorker:188978561024:QuorumCnxManager$SendWorker@688] - Send worker leaving thread
2015-07-29 19:37:12,432 - INFO  [/10.10.34.13:3888:QuorumCnxManager$Listener@493] - Received connection request /10.10.34.13:47497
2015-07-29 19:37:12,432 - WARN  [RecvWorker:188978561024:QuorumCnxManager$RecvWorker@762] - Connection broken for id 188978561024, my id = 3, error = 
2015-07-29 19:37:12,432 - WARN  [RecvWorker:188978561024:QuorumCnxManager$RecvWorker@765] - Interrupting SendWorker
2015-07-29 19:37:12,433 - WARN  [SendWorker:188978561024:QuorumCnxManager$SendWorker@679] - Interrupted while waiting for message on queue
2015-07-29 19:37:12,433 - WARN  [SendWorker:188978561024:QuorumCnxManager$SendWorker@688] - Send worker leaving thread
2015-07-29 19:37:12,435 - INFO  [/10.10.34.13:3888:QuorumCnxManager$Listener@493] - Received connection request /10.10.34.13:47500
2015-07-29 19:37:12,436 - WARN  [RecvWorker:188978561024:QuorumCnxManager$RecvWorker@762] - Connection broken for id 188978561024, my id = 3, error = 
2015-07-29 19:37:12,436 - WARN  [RecvWorker:188978561024:QuorumCnxManager$RecvWorker@765] - Interrupting SendWorker
2015-07-29 19:37:12,436 - WARN  [SendWorker:188978561024:QuorumCnxManager$SendWorker@679] - Interrupted while waiting for message on queue
2015-07-29 19:37:12,436 - WARN  [SendWorker:188978561024:QuorumCnxManager$SendWorker@688] - Send worker leaving thread
2015-07-29 19:37:15,578 - INFO  [/10.10.34.13:3888:QuorumCnxManager$Listener@493] - Received connection request /10.10.34.11:50071
2015-07-29 19:37:15,579 - WARN  [RecvWorker:188978561024:QuorumCnxManager$RecvWorker@762] - Connection broken for id 188978561024, my id = 3, error = 
2015-07-29 19:37:15,579 - WARN  [RecvWorker:188978561024:QuorumCnxManager$RecvWorker@765] - Interrupting SendWorker
2015-07-29 19:37:15,579 - WARN  [SendWorker:188978561024:QuorumCnxManager$SendWorker@679] - Interrupted while waiting for message on queue
2015-07-29 19:37:15,580 - WARN  [SendWorker:188978561024:QuorumCnxManager$SendWorker@688] - Send worker leaving thread
2015-07-29 19:37:15,582 - INFO  [/10.10.34.13:3888:QuorumCnxManager$Listener@493] - Received connection request /10.10.34.11:50079
2015-07-29 19:37:15,582 - WARN  [RecvWorker:188978561024:QuorumCnxManager$RecvWorker@762] - Connection broken for id 188978561024, my id = 3, error = 
2015-07-29 19:37:15,582 - WARN  [RecvWorker:188978561024:QuorumCnxManager$RecvWorker@765] - Interrupting SendWorker
2015-07-29 19:37:15,583 - WARN  [SendWorker:188978561024:QuorumCnxManager$SendWorker@679] - Interrupted while waiting for message on queue
2015-07-29 19:37:15,583 - WARN  [SendWorker:188978561024:QuorumCnxManager$SendWorker@688] - Send worker leaving thread
2015-07-29 19:37:15,583 - INFO  [/10.10.34.13:3888:QuorumCnxManager$Listener@493] - Received connection request /10.10.34.11:50081
2015-07-29 19:37:15,584 - WARN  [RecvWorker:188978561024:QuorumCnxManager$RecvWorker@762] - Connection broken for id 188978561024, my id = 3, error = 
2015-07-29 19:37:15,584 - WARN  [RecvWorker:188978561024:QuorumCnxManager$RecvWorker@765] - Interrupting SendWorker
2015-07-29 19:37:15,584 - INFO  [/10.10.34.13:3888:QuorumCnxManager$Listener@493] - Received connection request /10.10.34.11:50082
2015-07-29 19:37:15,584 - WARN  [SendWorker:188978561024:QuorumCnxManager$SendWorker@679] - Interrupted while waiting for message on queue
2015-07-29 19:37:15,584 - WARN  [SendWorker:188978561024:QuorumCnxManager$SendWorker@688] - Send worker leaving thread
2015-07-29 19:37:15,584 - WARN  [RecvWorker:188978561024:QuorumCnxManager$RecvWorker@762] - Connection broken for id 188978561024, my id = 3, error = 
2015-07-29 19:37:15,585 - WARN  [RecvWorker:188978561024:QuorumCnxManager$RecvWorker@765] - Interrupting SendWorker
2015-07-29 19:37:15,585 - WARN  [SendWorker:188978561024:QuorumCnxManager$SendWorker@679] - Interrupted while waiting for message on queue
2015-07-29 19:37:15,585 - WARN  [SendWorker:188978561024:QuorumCnxManager$SendWorker@688] - Send worker leaving thread
2015-07-29 19:37:15,654 - INFO  [/10.10.34.13:3888:QuorumCnxManager$Listener@493] - Received connection request /10.10.34.12:50230
2015-07-29 19:37:15,654 - WARN  [RecvWorker:188978561024:QuorumCnxManager$RecvWorker@762] - Connection broken for id 188978561024, my id = 3, error = 
2015-07-29 19:37:15,654 - WARN  [RecvWorker:188978561024:QuorumCnxManager$RecvWorker@765] - Interrupting SendWorker
2015-07-29 19:37:15,655 - WARN  [SendWorker:188978561024:QuorumCnxManager$SendWorker@679] - Interrupted while waiting for message on queue
2015-07-29 19:37:15,655 - WARN  [SendWorker:188978561024:QuorumCnxManager$SendWorker@688] - Send worker leaving thread
2015-07-29 19:37:15,660 - INFO  [/10.10.34.13:3888:QuorumCnxManager$Listener@493] - Received connection request /10.10.34.12:50235
2015-07-29 19:37:15,661 - INFO  [/10.10.34.13:3888:QuorumCnxManager$Listener@493] - Received connection request /10.10.34.12:50237
2015-07-29 19:37:15,661 - WARN  [RecvWorker:188978561024:QuorumCnxManager$RecvWorker@762] - Connection broken for id 188978561024, my id = 3, error = 
2015-07-29 19:37:15,661 - WARN  [RecvWorker:188978561024:QuorumCnxManager$RecvWorker@765] - Interrupting SendWorker
2015-07-29 19:37:15,661 - WARN  [SendWorker:188978561024:QuorumCnxManager$SendWorker@679] - Interrupted while waiting for message on queue
2015-07-29 19:37:15,661 - WARN  [SendWorker:188978561024:QuorumCnxManager$SendWorker@688] - Send worker leaving thread
2015-07-29 19:37:15,661 - WARN  [RecvWorker:188978561024:QuorumCnxManager$RecvWorker@762] - Connection broken for id 188978561024, my id = 3, error = 
2015-07-29 19:37:15,661 - WARN  [RecvWorker:188978561024:QuorumCnxManager$RecvWorker@765] - Interrupting SendWorker
2015-07-29 19:37:15,662 - WARN  [SendWorker:188978561024:QuorumCnxManager$SendWorker@679] - Interrupted while waiting for message on queue
2015-07-29 19:37:15,662 - WARN  [SendWorker:188978561024:QuorumCnxManager$SendWorker@688] - Send worker leaving thread
2015-07-29 19:37:15,662 - INFO  [/10.10.34.13:3888:QuorumCnxManager$Listener@493] - Received connection request /10.10.34.12:50239
2015-07-29 19:37:15,662 - WARN  [RecvWorker:188978561024:QuorumCnxManager$RecvWorker@762] - Connection broken for id 188978561024, my id = 3, error = 
2015-07-29 19:37:15,663 - WARN  [RecvWorker:188978561024:QuorumCnxManager$RecvWorker@765] - Interrupting SendWorker
2015-07-29 19:37:15,663 - WARN  [SendWorker:188978561024:QuorumCnxManager$SendWorker@679] - Interrupted while waiting for message on queue
2015-07-29 19:37:15,663 - WARN  [SendWorker:188978561024:QuorumCnxManager$SendWorker@688] - Send worker leaving thread
2015-07-29 19:37:15,765 - INFO  [/10.10.34.13:3888:QuorumCnxManager$Listener@493] - Received connection request /10.10.34.13:47502
2015-07-29 19:37:15,765 - WARN  [RecvWorker:188978561024:QuorumCnxManager$RecvWorker@762] - Connection broken for id 188978561024, my id = 3, error = 
2015-07-29 19:37:15,765 - WARN  [RecvWorker:188978561024:QuorumCnxManager$RecvWorker@765] - Interrupting SendWorker
2015-07-29 19:37:15,766 - WARN  [SendWorker:188978561024:QuorumCnxManager$SendWorker@679] - Interrupted while waiting for message on queue
2015-07-29 19:37:15,766 - WARN  [SendWorker:188978561024:QuorumCnxManager$SendWorker@688] - Send worker leaving thread
2015-07-29 19:37:15,771 - INFO  [/10.10.34.13:3888:QuorumCnxManager$Listener@493] - Received connection request /10.10.34.13:47508
2015-07-29 19:37:15,771 - WARN  [RecvWorker:188978561024:QuorumCnxManager$RecvWorker@762] - Connection broken for id 188978561024, my id = 3, error = 
2015-07-29 19:37:15,772 - WARN  [RecvWorker:188978561024:QuorumCnxManager$RecvWorker@765] - Interrupting SendWorker
2015-07-29 19:37:15,772 - WARN  [SendWorker:188978561024:QuorumCnxManager$SendWorker@679] - Interrupted while waiting for message on queue
2015-07-29 19:37:15,772 - WARN  [SendWorker:188978561024:QuorumCnxManager$SendWorker@688] - Send worker leaving thread
2015-07-29 19:37:15,772 - INFO  [/10.10.34.13:3888:QuorumCnxManager$Listener@493] - Received connection request /10.10.34.13:47509
2015-07-29 19:37:15,773 - WARN  [RecvWorker:188978561024:QuorumCnxManager$RecvWorker@762] - Connection broken for id 188978561024, my id = 3, error = 
2015-07-29 19:37:15,773 - WARN  [RecvWorker:188978561024:QuorumCnxManager$RecvWorker@765] - Interrupting SendWorker
2015-07-29 19:37:15,773 - WARN  [SendWorker:188978561024:QuorumCnxManager$SendWorker@679] - Interrupted while waiting for message on queue
2015-07-29 19:37:15,773 - WARN  [SendWorker:188978561024:QuorumCnxManager$SendWorker@688] - Send worker leaving thread
2015-07-29 19:37:15,775 - INFO  [/10.10.34.13:3888:QuorumCnxManager$Listener@493] - Received connection request /10.10.34.13:47512
2015-07-29 19:37:15,776 - WARN  [RecvWorker:188978561024:QuorumCnxManager$RecvWorker@762] - Connection broken for id 188978561024, my id = 3, error = 
2015-07-29 19:37:15,776 - WARN  [RecvWorker:188978561024:QuorumCnxManager$RecvWorker@765] - Interrupting SendWorker
2015-07-29 19:37:15,776 - WARN  [SendWorker:188978561024:QuorumCnxManager$SendWorker@679] - Interrupted while waiting for message on queue
2015-07-29 19:37:15,776 - WARN  [SendWorker:188978561024:QuorumCnxManager$SendWorker@688] - Send worker leaving thread
2015-07-29 19:37:18,919 - INFO  [/10.10.34.13:3888:QuorumCnxManager$Listener@493] - Received connection request /10.10.34.11:50084
2015-07-29 19:37:18,920 - WARN  [RecvWorker:188978561024:QuorumCnxManager$RecvWorker@762] - Connection broken for id 188978561024, my id = 3, error = 
2015-07-29 19:37:18,920 - WARN  [RecvWorker:188978561024:QuorumCnxManager$RecvWorker@765] - Interrupting SendWorker
2015-07-29 19:37:18,920 - WARN  [SendWorker:188978561024:QuorumCnxManager$SendWorker@679] - Interrupted while waiting for message on queue
2015-07-29 19:37:18,921 - WARN  [SendWorker:188978561024:QuorumCnxManager$SendWorker@688] - Send worker leaving thread
2015-07-29 19:37:18,922 - INFO  [/10.10.34.13:3888:QuorumCnxManager$Listener@493] - Received connection request /10.10.34.11:50089
2015-07-29 19:37:18,922 - WARN  [RecvWorker:188978561024:QuorumCnxManager$RecvWorker@762] - Connection broken for id 188978561024, my id = 3, error = 
2015-07-29 19:37:18,922 - WARN  [RecvWorker:188978561024:QuorumCnxManager$RecvWorker@765] - Interrupting SendWorker
2015-07-29 19:37:18,923 - WARN  [SendWorker:188978561024:QuorumCnxManager$SendWorker@679] - Interrupted while waiting for message on queue
2015-07-29 19:37:18,923 - WARN  [SendWorker:188978561024:QuorumCnxManager$SendWorker@688] - Send worker leaving thread
2015-07-29 19:37:18,923 - INFO  [/10.10.34.13:3888:QuorumCnxManager$Listener@493] - Received connection request /10.10.34.11:50093
2015-07-29 19:37:18,924 - WARN  [RecvWorker:188978561024:QuorumCnxManager$RecvWorker@762] - Connection broken for id 188978561024, my id = 3, error = 
2015-07-29 19:37:18,924 - WARN  [RecvWorker:188978561024:QuorumCnxManager$RecvWorker@765] - Interrupting SendWorker
2015-07-29 19:37:18,924 - INFO  [/10.10.34.13:3888:QuorumCnxManager$Listener@493] - Received connection request /10.10.34.11:50094
2015-07-29 19:37:18,924 - WARN  [SendWorker:188978561024:QuorumCnxManager$SendWorker@679] - Interrupted while waiting for message on queue
2015-07-29 19:37:18,925 - WARN  [SendWorker:188978561024:QuorumCnxManager$SendWorker@688] - Send worker leaving thread
2015-07-29 19:37:18,925 - WARN  [RecvWorker:188978561024:QuorumCnxManager$RecvWorker@762] - Connection broken for id 188978561024, my id = 3, error = 
2015-07-29 19:37:18,925 - WARN  [RecvWorker:188978561024:QuorumCnxManager$RecvWorker@765] - Interrupting SendWorker
2015-07-29 19:37:18,925 - WARN  [SendWorker:188978561024:QuorumCnxManager$SendWorker@679] - Interrupted while waiting for message on queue
2015-07-29 19:37:18,925 - WARN  [SendWorker:188978561024:QuorumCnxManager$SendWorker@688] - Send worker leaving thread
2015-07-29 19:37:18,994 - INFO  [/10.10.34.13:3888:QuorumCnxManager$Listener@493] - Received connection request /10.10.34.12:50242
2015-07-29 19:37:18,994 - WARN  [RecvWorker:188978561024:QuorumCnxManager$RecvWorker@762] - Connection broken for id 188978561024, my id = 3, error = 
2015-07-29 19:37:18,995 - WARN  [RecvWorker:188978561024:QuorumCnxManager$RecvWorker@765] - Interrupting SendWorker
2015-07-29 19:37:18,995 - WARN  [SendWorker:188978561024:QuorumCnxManager$SendWorker@679] - Interrupted while waiting for message on queue
2015-07-29 19:37:18,995 - WARN  [SendWorker:188978561024:QuorumCnxManager$SendWorker@688] - Send worker leaving thread
2015-07-29 19:37:19,000 - INFO  [/10.10.34.13:3888:QuorumCnxManager$Listener@493] - Received connection request /10.10.34.12:50247
2015-07-29 19:37:19,001 - INFO  [/10.10.34.13:3888:QuorumCnxManager$Listener@493] - Received connection request /10.10.34.12:50248
2015-07-29 19:37:19,001 - WARN  [RecvWorker:188978561024:QuorumCnxManager$RecvWorker@762] - Connection broken for id 188978561024, my id = 3, error = 
2015-07-29 19:37:19,001 - WARN  [RecvWorker:188978561024:QuorumCnxManager$RecvWorker@765] - Interrupting SendWorker
2015-07-29 19:37:19,001 - WARN  [SendWorker:188978561024:QuorumCnxManager$SendWorker@679] - Interrupted while waiting for message on queue
2015-07-29 19:37:19,001 - WARN  [RecvWorker:188978561024:QuorumCnxManager$RecvWorker@762] - Connection broken for id 188978561024, my id = 3, error = 
2015-07-29 19:37:19,001 - WARN  [RecvWorker:188978561024:QuorumCnxManager$RecvWorker@765] - Interrupting SendWorker
2015-07-29 19:37:19,001 - WARN  [SendWorker:188978561024:QuorumCnxManager$SendWorker@688] - Send worker leaving thread
2015-07-29 19:37:19,002 - INFO  [/10.10.34.13:3888:QuorumCnxManager$Listener@493] - Received connection request /10.10.34.12:50251
2015-07-29 19:37:19,002 - WARN  [SendWorker:188978561024:QuorumCnxManager$SendWorker@679] - Interrupted while waiting for message on queue
2015-07-29 19:37:19,002 - WARN  [SendWorker:188978561024:QuorumCnxManager$SendWorker@688] - Send worker leaving thread
2015-07-29 19:37:19,002 - WARN  [RecvWorker:188978561024:QuorumCnxManager$RecvWorker@762] - Connection broken for id 188978561024, my id = 3, error = 
2015-07-29 19:37:19,003 - WARN  [RecvWorker:188978561024:QuorumCnxManager$RecvWorker@765] - Interrupting SendWorker
2015-07-29 19:37:19,003 - WARN  [SendWorker:188978561024:QuorumCnxManager$SendWorker@679] - Interrupted while waiting for message on queue
2015-07-29 19:37:19,003 - WARN  [SendWorker:188978561024:QuorumCnxManager$SendWorker@688] - Send worker leaving thread
2015-07-29 19:37:19,105 - INFO  [/10.10.34.13:3888:QuorumCnxManager$Listener@493] - Received connection request /10.10.34.13:47514
2015-07-29 19:37:19,105 - WARN  [RecvWorker:188978561024:QuorumCnxManager$RecvWorker@762] - Connection broken for id 188978561024, my id = 3, error = 
2015-07-29 19:37:19,105 - WARN  [RecvWorker:188978561024:QuorumCnxManager$RecvWorker@765] - Interrupting SendWorker
2015-07-29 19:37:19,106 - WARN  [SendWorker:188978561024:QuorumCnxManager$SendWorker@679] - Interrupted while waiting for message on queue
2015-07-29 19:37:19,106 - WARN  [SendWorker:188978561024:QuorumCnxManager$SendWorker@688] - Send worker leaving thread
2015-07-29 19:37:19,111 - INFO  [/10.10.34.13:3888:QuorumCnxManager$Listener@493] - Received connection request /10.10.34.13:47519
2015-07-29 19:37:19,111 - WARN  [RecvWorker:188978561024:QuorumCnxManager$RecvWorker@762] - Connection broken for id 188978561024, my id = 3, error = 
2015-07-29 19:37:19,111 - WARN  [RecvWorker:188978561024:QuorumCnxManager$RecvWorker@765] - Interrupting SendWorker
2015-07-29 19:37:19,112 - WARN  [SendWorker:188978561024:QuorumCnxManager$SendWorker@679] - Interrupted while waiting for message on queue
2015-07-29 19:37:19,112 - WARN  [SendWorker:188978561024:QuorumCnxManager$SendWorker@688] - Send worker leaving thread
2015-07-29 19:37:19,112 - INFO  [/10.10.34.13:3888:QuorumCnxManager$Listener@493] - Received connection request /10.10.34.13:47521
2015-07-29 19:37:19,113 - WARN  [RecvWorker:188978561024:QuorumCnxManager$RecvWorker@762] - Connection broken for id 188978561024, my id = 3, error = 
2015-07-29 19:37:19,113 - WARN  [RecvWorker:188978561024:QuorumCnxManager$RecvWorker@765] - Interrupting SendWorker
2015-07-29 19:37:19,113 - WARN  [SendWorker:188978561024:QuorumCnxManager$SendWorker@679] - Interrupted while waiting for message on queue
2015-07-29 19:37:19,113 - WARN  [SendWorker:188978561024:QuorumCnxManager$SendWorker@688] - Send worker leaving thread
2015-07-29 19:37:19,115 - INFO  [/10.10.34.13:3888:QuorumCnxManager$Listener@493] - Received connection request /10.10.34.13:47524
2015-07-29 19:37:19,116 - WARN  [RecvWorker:188978561024:QuorumCnxManager$RecvWorker@762] - Connection broken for id 188978561024, my id = 3, error = 
2015-07-29 19:37:19,116 - WARN  [RecvWorker:188978561024:QuorumCnxManager$RecvWorker@765] - Interrupting SendWorker
2015-07-29 19:37:19,116 - WARN  [SendWorker:188978561024:QuorumCnxManager$SendWorker@679] - Interrupted while waiting for message on queue
2015-07-29 19:37:19,117 - WARN  [SendWorker:188978561024:QuorumCnxManager$SendWorker@688] - Send worker leaving thread
2015-07-29 19:37:24,535 - INFO  [NIOServerCxn.Factory:0.0.0.0/0.0.0.0:2181:NIOServerCnxnFactory@197] - Accepted socket connection from /10.10.34.11:33877
2015-07-29 19:37:24,543 - INFO  [NIOServerCxn.Factory:0.0.0.0/0.0.0.0:2181:NIOServerCnxnFactory@197] - Accepted socket connection from /10.10.34.11:33878
2015-07-29 19:37:24,546 - WARN  [NIOServerCxn.Factory:0.0.0.0/0.0.0.0:2181:ZooKeeperServer@793] - Connection request from old client /10.10.34.11:33877; will be dropped if server is in r-o mode
2015-07-29 19:37:24,548 - INFO  [NIOServerCxn.Factory:0.0.0.0/0.0.0.0:2181:ZooKeeperServer@839] - Client attempting to establish new session at /10.10.34.11:33877
2015-07-29 19:37:24,548 - WARN  [NIOServerCxn.Factory:0.0.0.0/0.0.0.0:2181:ZooKeeperServer@793] - Connection request from old client /10.10.34.11:33878; will be dropped if server is in r-o mode
2015-07-29 19:37:24,549 - INFO  [NIOServerCxn.Factory:0.0.0.0/0.0.0.0:2181:ZooKeeperServer@839] - Client attempting to establish new session at /10.10.34.11:33878
2015-07-29 19:37:24,554 - WARN  [QuorumPeer[myid=3]/0:0:0:0:0:0:0:0:2181:Follower@118] - Got zxid 0x100000001 expected 0x1
2015-07-29 19:37:24,555 - INFO  [SyncThread:3:FileTxnLog@199] - Creating new log file: log.100000001
2015-07-29 19:37:24,570 - INFO  [CommitProcessor:3:ZooKeeperServer@595] - Established session 0x34ed93485090000 with negotiated timeout 10000 for client /10.10.34.11:33877
2015-07-29 19:37:24,571 - INFO  [CommitProcessor:3:ZooKeeperServer@595] - Established session 0x34ed93485090001 with negotiated timeout 10000 for client /10.10.34.11:33878
2015-07-29 19:37:24,734 - INFO  [NIOServerCxn.Factory:0.0.0.0/0.0.0.0:2181:NIOServerCnxnFactory@197] - Accepted socket connection from /10.10.34.13:54203
2015-07-29 19:37:24,735 - WARN  [NIOServerCxn.Factory:0.0.0.0/0.0.0.0:2181:ZooKeeperServer@793] - Connection request from old client /10.10.34.13:54203; will be dropped if server is in r-o mode
2015-07-29 19:37:24,735 - INFO  [NIOServerCxn.Factory:0.0.0.0/0.0.0.0:2181:ZooKeeperServer@839] - Client attempting to establish new session at /10.10.34.13:54203
2015-07-29 19:37:24,736 - INFO  [NIOServerCxn.Factory:0.0.0.0/0.0.0.0:2181:NIOServerCnxnFactory@197] - Accepted socket connection from /10.10.34.13:54205
2015-07-29 19:37:24,736 - WARN  [NIOServerCxn.Factory:0.0.0.0/0.0.0.0:2181:ZooKeeperServer@793] - Connection request from old client /10.10.34.13:54205; will be dropped if server is in r-o mode
2015-07-29 19:37:24,736 - INFO  [NIOServerCxn.Factory:0.0.0.0/0.0.0.0:2181:ZooKeeperServer@839] - Client attempting to establish new session at /10.10.34.13:54205
2015-07-29 19:37:24,738 - INFO  [CommitProcessor:3:ZooKeeperServer@595] - Established session 0x34ed93485090002 with negotiated timeout 10000 for client /10.10.34.13:54203
2015-07-29 19:37:24,739 - INFO  [CommitProcessor:3:ZooKeeperServer@595] - Established session 0x34ed93485090003 with negotiated timeout 10000 for client /10.10.34.13:54205
2015-07-29 19:48:27,836 - INFO  [NIOServerCxn.Factory:0.0.0.0/0.0.0.0:2181:NIOServerCnxnFactory@197] - Accepted socket connection from /10.10.34.11:34028
2015-07-29 19:48:27,836 - WARN  [NIOServerCxn.Factory:0.0.0.0/0.0.0.0:2181:ZooKeeperServer@793] - Connection request from old client /10.10.34.11:34028; will be dropped if server is in r-o mode
2015-07-29 19:48:27,837 - INFO  [NIOServerCxn.Factory:0.0.0.0/0.0.0.0:2181:ZooKeeperServer@839] - Client attempting to establish new session at /10.10.34.11:34028
2015-07-29 19:48:27,839 - INFO  [CommitProcessor:3:ZooKeeperServer@595] - Established session 0x34ed93485090004 with negotiated timeout 10000 for client /10.10.34.11:34028
2015-07-29 19:48:28,756 - WARN  [NIOServerCxn.Factory:0.0.0.0/0.0.0.0:2181:NIOServerCnxn@349] - caught end of stream exception
2015-07-29 19:48:28,758 - INFO  [NIOServerCxn.Factory:0.0.0.0/0.0.0.0:2181:NIOServerCnxn@1001] - Closed socket connection for client /10.10.34.11:34028 which had sessionid 0x34ed93485090004
2015-07-29 19:52:08,731 - WARN  [NIOServerCxn.Factory:0.0.0.0/0.0.0.0:2181:NIOServerCnxn@349] - caught end of stream exception
2015-07-29 19:52:08,732 - INFO  [NIOServerCxn.Factory:0.0.0.0/0.0.0.0:2181:NIOServerCnxn@1001] - Closed socket connection for client /10.10.34.11:33877 which had sessionid 0x34ed93485090000
2015-07-29 19:52:08,732 - WARN  [NIOServerCxn.Factory:0.0.0.0/0.0.0.0:2181:NIOServerCnxn@349] - caught end of stream exception
2015-07-29 19:52:08,733 - INFO  [NIOServerCxn.Factory:0.0.0.0/0.0.0.0:2181:NIOServerCnxn@1001] - Closed socket connection for client /10.10.34.11:33878 which had sessionid 0x34ed93485090001
2015-07-29 19:52:08,934 - WARN  [NIOServerCxn.Factory:0.0.0.0/0.0.0.0:2181:NIOServerCnxn@349] - caught end of stream exception
2015-07-29 19:52:08,935 - INFO  [NIOServerCxn.Factory:0.0.0.0/0.0.0.0:2181:NIOServerCnxn@1001] - Closed socket connection for client /10.10.34.13:54203 which had sessionid 0x34ed93485090002
2015-07-29 19:52:08,936 - WARN  [NIOServerCxn.Factory:0.0.0.0/0.0.0.0:2181:NIOServerCnxn@349] - caught end of stream exception
2015-07-29 19:52:08,936 - INFO  [NIOServerCxn.Factory:0.0.0.0/0.0.0.0:2181:NIOServerCnxn@1001] - Closed socket connection for client /10.10.34.13:54205 which had sessionid 0x34ed93485090003
2015-07-29 19:52:17,954 - INFO  [NIOServerCxn.Factory:0.0.0.0/0.0.0.0:2181:NIOServerCnxnFactory@197] - Accepted socket connection from /10.10.34.11:34111
2015-07-29 19:52:17,955 - WARN  [NIOServerCxn.Factory:0.0.0.0/0.0.0.0:2181:ZooKeeperServer@793] - Connection request from old client /10.10.34.11:34111; will be dropped if server is in r-o mode
2015-07-29 19:52:17,955 - INFO  [NIOServerCxn.Factory:0.0.0.0/0.0.0.0:2181:ZooKeeperServer@839] - Client attempting to establish new session at /10.10.34.11:34111
2015-07-29 19:52:17,957 - INFO  [CommitProcessor:3:ZooKeeperServer@595] - Established session 0x34ed93485090005 with negotiated timeout 10000 for client /10.10.34.11:34111
2015-07-29 19:52:18,158 - INFO  [NIOServerCxn.Factory:0.0.0.0/0.0.0.0:2181:NIOServerCnxnFactory@197] - Accepted socket connection from /10.10.34.13:54211
2015-07-29 19:52:18,158 - WARN  [NIOServerCxn.Factory:0.0.0.0/0.0.0.0:2181:ZooKeeperServer@793] - Connection request from old client /10.10.34.13:54211; will be dropped if server is in r-o mode
2015-07-29 19:52:18,159 - INFO  [NIOServerCxn.Factory:0.0.0.0/0.0.0.0:2181:ZooKeeperServer@839] - Client attempting to establish new session at /10.10.34.13:54211
2015-07-29 19:52:18,159 - INFO  [NIOServerCxn.Factory:0.0.0.0/0.0.0.0:2181:NIOServerCnxnFactory@197] - Accepted socket connection from /10.10.34.12:59197
2015-07-29 19:52:18,160 - WARN  [NIOServerCxn.Factory:0.0.0.0/0.0.0.0:2181:ZooKeeperServer@793] - Connection request from old client /10.10.34.12:59197; will be dropped if server is in r-o mode
2015-07-29 19:52:18,160 - INFO  [NIOServerCxn.Factory:0.0.0.0/0.0.0.0:2181:ZooKeeperServer@839] - Client attempting to establish new session at /10.10.34.12:59197
2015-07-29 19:52:18,161 - INFO  [NIOServerCxn.Factory:0.0.0.0/0.0.0.0:2181:NIOServerCnxnFactory@197] - Accepted socket connection from /10.10.34.12:59199
2015-07-29 19:52:18,161 - INFO  [CommitProcessor:3:ZooKeeperServer@595] - Established session 0x34ed93485090006 with negotiated timeout 10000 for client /10.10.34.13:54211
2015-07-29 19:52:18,161 - WARN  [NIOServerCxn.Factory:0.0.0.0/0.0.0.0:2181:ZooKeeperServer@793] - Connection request from old client /10.10.34.12:59199; will be dropped if server is in r-o mode
2015-07-29 19:52:18,161 - INFO  [NIOServerCxn.Factory:0.0.0.0/0.0.0.0:2181:ZooKeeperServer@839] - Client attempting to establish new session at /10.10.34.12:59199
2015-07-29 19:52:18,162 - INFO  [CommitProcessor:3:ZooKeeperServer@595] - Established session 0x34ed93485090007 with negotiated timeout 10000 for client /10.10.34.12:59197
2015-07-29 19:52:18,163 - INFO  [CommitProcessor:3:ZooKeeperServer@595] - Established session 0x34ed93485090008 with negotiated timeout 10000 for client /10.10.34.12:59199
2015-07-29 19:52:19,781 - INFO  [NIOServerCxn.Factory:0.0.0.0/0.0.0.0:2181:NIOServerCnxnFactory@197] - Accepted socket connection from /10.10.34.11:34121
2015-07-29 19:52:19,782 - WARN  [NIOServerCxn.Factory:0.0.0.0/0.0.0.0:2181:ZooKeeperServer@793] - Connection request from old client /10.10.34.11:34121; will be dropped if server is in r-o mode
2015-07-29 19:52:19,782 - INFO  [NIOServerCxn.Factory:0.0.0.0/0.0.0.0:2181:ZooKeeperServer@839] - Client attempting to establish new session at /10.10.34.11:34121
2015-07-29 19:52:19,785 - INFO  [CommitProcessor:3:ZooKeeperServer@595] - Established session 0x34ed93485090009 with negotiated timeout 10000 for client /10.10.34.11:34121
2015-07-29 19:52:19,995 - INFO  [NIOServerCxn.Factory:0.0.0.0/0.0.0.0:2181:NIOServerCnxnFactory@197] - Accepted socket connection from /10.10.34.13:54217
2015-07-29 19:52:19,996 - WARN  [NIOServerCxn.Factory:0.0.0.0/0.0.0.0:2181:ZooKeeperServer@793] - Connection request from old client /10.10.34.13:54217; will be dropped if server is in r-o mode
2015-07-29 19:52:19,996 - INFO  [NIOServerCxn.Factory:0.0.0.0/0.0.0.0:2181:ZooKeeperServer@839] - Client attempting to establish new session at /10.10.34.13:54217
2015-07-29 19:52:19,998 - INFO  [CommitProcessor:3:ZooKeeperServer@595] - Established session 0x34ed9348509000a with negotiated timeout 10000 for client /10.10.34.13:54217
2015-07-29 19:52:20,476 - INFO  [NIOServerCxn.Factory:0.0.0.0/0.0.0.0:2181:NIOServerCnxnFactory@197] - Accepted socket connection from /10.10.34.18:46574
2015-07-29 19:52:20,476 - WARN  [NIOServerCxn.Factory:0.0.0.0/0.0.0.0:2181:ZooKeeperServer@793] - Connection request from old client /10.10.34.18:46574; will be dropped if server is in r-o mode
2015-07-29 19:52:20,476 - INFO  [NIOServerCxn.Factory:0.0.0.0/0.0.0.0:2181:ZooKeeperServer@839] - Client attempting to establish new session at /10.10.34.18:46574
2015-07-29 19:52:20,479 - INFO  [CommitProcessor:3:ZooKeeperServer@595] - Established session 0x34ed9348509000b with negotiated timeout 10000 for client /10.10.34.18:46574
2015-07-29 19:52:20,601 - INFO  [NIOServerCxn.Factory:0.0.0.0/0.0.0.0:2181:NIOServerCnxnFactory@197] - Accepted socket connection from /10.10.34.19:58054
2015-07-29 19:52:20,602 - WARN  [NIOServerCxn.Factory:0.0.0.0/0.0.0.0:2181:ZooKeeperServer@793] - Connection request from old client /10.10.34.19:58054; will be dropped if server is in r-o mode
2015-07-29 19:52:20,602 - INFO  [NIOServerCxn.Factory:0.0.0.0/0.0.0.0:2181:ZooKeeperServer@839] - Client attempting to establish new session at /10.10.34.19:58054
2015-07-29 19:52:20,604 - INFO  [CommitProcessor:3:ZooKeeperServer@595] - Established session 0x34ed9348509000c with negotiated timeout 10000 for client /10.10.34.19:58054
2015-07-29 19:52:20,828 - WARN  [NIOServerCxn.Factory:0.0.0.0/0.0.0.0:2181:NIOServerCnxn@349] - caught end of stream exception
2015-07-29 19:52:20,829 - INFO  [NIOServerCxn.Factory:0.0.0.0/0.0.0.0:2181:NIOServerCnxn@1001] - Closed socket connection for client /10.10.34.11:34121 which had sessionid 0x34ed93485090009
2015-07-29 19:52:20,905 - INFO  [NIOServerCxn.Factory:0.0.0.0/0.0.0.0:2181:NIOServerCnxnFactory@197] - Accepted socket connection from /10.10.34.22:60091
2015-07-29 19:52:20,905 - WARN  [NIOServerCxn.Factory:0.0.0.0/0.0.0.0:2181:ZooKeeperServer@793] - Connection request from old client /10.10.34.22:60091; will be dropped if server is in r-o mode
2015-07-29 19:52:20,905 - INFO  [NIOServerCxn.Factory:0.0.0.0/0.0.0.0:2181:ZooKeeperServer@839] - Client attempting to establish new session at /10.10.34.22:60091
2015-07-29 19:52:20,908 - INFO  [CommitProcessor:3:ZooKeeperServer@595] - Established session 0x34ed9348509000d with negotiated timeout 10000 for client /10.10.34.22:60091
2015-07-29 19:52:21,219 - INFO  [NIOServerCxn.Factory:0.0.0.0/0.0.0.0:2181:NIOServerCnxnFactory@197] - Accepted socket connection from /10.10.34.25:55817
2015-07-29 19:52:21,219 - WARN  [NIOServerCxn.Factory:0.0.0.0/0.0.0.0:2181:ZooKeeperServer@793] - Connection request from old client /10.10.34.25:55817; will be dropped if server is in r-o mode
2015-07-29 19:52:21,220 - INFO  [NIOServerCxn.Factory:0.0.0.0/0.0.0.0:2181:ZooKeeperServer@839] - Client attempting to establish new session at /10.10.34.25:55817
2015-07-29 19:52:21,222 - INFO  [CommitProcessor:3:ZooKeeperServer@595] - Established session 0x34ed9348509000e with negotiated timeout 10000 for client /10.10.34.25:55817
2015-07-29 19:53:04,899 - INFO  [NIOServerCxn.Factory:0.0.0.0/0.0.0.0:2181:NIOServerCnxnFactory@197] - Accepted socket connection from /10.10.34.13:54221
2015-07-29 19:53:04,900 - WARN  [NIOServerCxn.Factory:0.0.0.0/0.0.0.0:2181:ZooKeeperServer@793] - Connection request from old client /10.10.34.13:54221; will be dropped if server is in r-o mode
2015-07-29 19:53:04,900 - INFO  [NIOServerCxn.Factory:0.0.0.0/0.0.0.0:2181:ZooKeeperServer@832] - Client attempting to renew session 0x24ed9311942000f at /10.10.34.13:54221
2015-07-29 19:53:04,900 - INFO  [NIOServerCxn.Factory:0.0.0.0/0.0.0.0:2181:Learner@107] - Revalidating client: 0x24ed9311942000f
2015-07-29 19:53:09,882 - WARN  [QuorumPeer[myid=3]/0:0:0:0:0:0:0:0:2181:Follower@89] - Exception when following the leader
2015-07-29 19:53:09,883 - INFO  [QuorumPeer[myid=3]/0:0:0:0:0:0:0:0:2181:Follower@166] - shutdown called
2015-07-29 19:53:09,883 - INFO  [QuorumPeer[myid=3]/0:0:0:0:0:0:0:0:2181:NIOServerCnxn@1001] - Closed socket connection for client /10.10.34.13:54211 which had sessionid 0x34ed93485090006
2015-07-29 19:53:09,884 - INFO  [QuorumPeer[myid=3]/0:0:0:0:0:0:0:0:2181:NIOServerCnxn@1001] - Closed socket connection for client /10.10.34.18:46574 which had sessionid 0x34ed9348509000b
2015-07-29 19:53:09,885 - INFO  [QuorumPeer[myid=3]/0:0:0:0:0:0:0:0:2181:NIOServerCnxn@1001] - Closed socket connection for client /10.10.34.25:55817 which had sessionid 0x34ed9348509000e
2015-07-29 19:53:09,885 - INFO  [QuorumPeer[myid=3]/0:0:0:0:0:0:0:0:2181:NIOServerCnxn@1001] - Closed socket connection for client /10.10.34.13:54221 which had sessionid 0x24ed9311942000f
2015-07-29 19:53:09,885 - INFO  [QuorumPeer[myid=3]/0:0:0:0:0:0:0:0:2181:NIOServerCnxn@1001] - Closed socket connection for client /10.10.34.11:34111 which had sessionid 0x34ed93485090005
2015-07-29 19:53:09,886 - INFO  [QuorumPeer[myid=3]/0:0:0:0:0:0:0:0:2181:NIOServerCnxn@1001] - Closed socket connection for client /10.10.34.12:59197 which had sessionid 0x34ed93485090007
2015-07-29 19:53:09,886 - INFO  [QuorumPeer[myid=3]/0:0:0:0:0:0:0:0:2181:NIOServerCnxn@1001] - Closed socket connection for client /10.10.34.22:60091 which had sessionid 0x34ed9348509000d
2015-07-29 19:53:09,887 - INFO  [QuorumPeer[myid=3]/0:0:0:0:0:0:0:0:2181:NIOServerCnxn@1001] - Closed socket connection for client /10.10.34.13:54217 which had sessionid 0x34ed9348509000a
2015-07-29 19:53:09,887 - INFO  [QuorumPeer[myid=3]/0:0:0:0:0:0:0:0:2181:NIOServerCnxn@1001] - Closed socket connection for client /10.10.34.19:58054 which had sessionid 0x34ed9348509000c
2015-07-29 19:53:09,888 - INFO  [QuorumPeer[myid=3]/0:0:0:0:0:0:0:0:2181:NIOServerCnxn@1001] - Closed socket connection for client /10.10.34.12:59199 which had sessionid 0x34ed93485090008
2015-07-29 19:53:09,888 - INFO  [QuorumPeer[myid=3]/0:0:0:0:0:0:0:0:2181:FollowerZooKeeperServer@139] - Shutting down
2015-07-29 19:53:09,888 - INFO  [QuorumPeer[myid=3]/0:0:0:0:0:0:0:0:2181:ZooKeeperServer@419] - shutting down
2015-07-29 19:53:09,888 - INFO  [QuorumPeer[myid=3]/0:0:0:0:0:0:0:0:2181:FollowerRequestProcessor@105] - Shutting down
2015-07-29 19:53:09,888 - INFO  [QuorumPeer[myid=3]/0:0:0:0:0:0:0:0:2181:CommitProcessor@181] - Shutting down
2015-07-29 19:53:09,888 - INFO  [FollowerRequestProcessor:3:FollowerRequestProcessor@95] - FollowerRequestProcessor exited loop!
2015-07-29 19:53:09,889 - INFO  [CommitProcessor:3:CommitProcessor@150] - CommitProcessor exited loop!
2015-07-29 19:53:09,888 - INFO  [QuorumPeer[myid=3]/0:0:0:0:0:0:0:0:2181:FinalRequestProcessor@415] - shutdown of request processor complete
2015-07-29 19:53:09,889 - INFO  [QuorumPeer[myid=3]/0:0:0:0:0:0:0:0:2181:SyncRequestProcessor@175] - Shutting down
2015-07-29 19:53:09,890 - INFO  [SyncThread:3:SyncRequestProcessor@155] - SyncRequestProcessor exited!
2015-07-29 19:53:09,890 - INFO  [QuorumPeer[myid=3]/0:0:0:0:0:0:0:0:2181:QuorumPeer@670] - LOOKING
2015-07-29 19:53:09,893 - INFO  [QuorumPeer[myid=3]/0:0:0:0:0:0:0:0:2181:FileSnap@83] - Reading snapshot /var/lib/zookeeper/version-2/snapshot.100000000
2015-07-29 19:53:09,908 - INFO  [QuorumPeer[myid=3]/0:0:0:0:0:0:0:0:2181:FastLeaderElection@740] - New election. My id =  3, proposed zxid=0x10000006b
2015-07-29 19:53:09,909 - INFO  [WorkerReceiver[myid=3]:FastLeaderElection@542] - Notification: 3 (n.leader), 0x10000006b (n.zxid), 0x2 (n.round), LOOKING (n.state), 3 (n.sid), 0x1 (n.peerEPoch), LOOKING (my state)
2015-07-29 19:53:10,109 - INFO  [QuorumPeer[myid=3]/0:0:0:0:0:0:0:0:2181:FastLeaderElection@774] - Notification time out: 400
2015-07-29 19:53:10,110 - INFO  [WorkerReceiver[myid=3]:FastLeaderElection@542] - Notification: 3 (n.leader), 0x10000006b (n.zxid), 0x2 (n.round), LOOKING (n.state), 3 (n.sid), 0x1 (n.peerEPoch), LOOKING (my state)
2015-07-29 19:53:10,510 - INFO  [QuorumPeer[myid=3]/0:0:0:0:0:0:0:0:2181:FastLeaderElection@774] - Notification time out: 800
2015-07-29 19:53:10,510 - INFO  [WorkerReceiver[myid=3]:FastLeaderElection@542] - Notification: 3 (n.leader), 0x10000006b (n.zxid), 0x2 (n.round), LOOKING (n.state), 3 (n.sid), 0x1 (n.peerEPoch), LOOKING (my state)
2015-07-29 19:53:11,311 - INFO  [QuorumPeer[myid=3]/0:0:0:0:0:0:0:0:2181:FastLeaderElection@774] - Notification time out: 1600
2015-07-29 19:53:11,311 - INFO  [WorkerReceiver[myid=3]:FastLeaderElection@542] - Notification: 3 (n.leader), 0x10000006b (n.zxid), 0x2 (n.round), LOOKING (n.state), 3 (n.sid), 0x1 (n.peerEPoch), LOOKING (my state)
2015-07-29 19:53:11,551 - INFO  [NIOServerCxn.Factory:0.0.0.0/0.0.0.0:2181:NIOServerCnxnFactory@197] - Accepted socket connection from /10.10.34.13:54225
2015-07-29 19:53:11,552 - WARN  [NIOServerCxn.Factory:0.0.0.0/0.0.0.0:2181:NIOServerCnxn@354] - Exception causing close of session 0x0 due to java.io.IOException: ZooKeeperServer not running
2015-07-29 19:53:11,552 - INFO  [NIOServerCxn.Factory:0.0.0.0/0.0.0.0:2181:NIOServerCnxn@1001] - Closed socket connection for client /10.10.34.13:54225 (no session established for client)
2015-07-29 19:53:11,568 - INFO  [NIOServerCxn.Factory:0.0.0.0/0.0.0.0:2181:NIOServerCnxnFactory@197] - Accepted socket connection from /10.10.34.13:54226
2015-07-29 19:53:11,568 - WARN  [NIOServerCxn.Factory:0.0.0.0/0.0.0.0:2181:NIOServerCnxn@354] - Exception causing close of session 0x0 due to java.io.IOException: ZooKeeperServer not running
2015-07-29 19:53:11,568 - INFO  [NIOServerCxn.Factory:0.0.0.0/0.0.0.0:2181:NIOServerCnxn@1001] - Closed socket connection for client /10.10.34.13:54226 (no session established for client)
2015-07-29 19:53:12,912 - INFO  [QuorumPeer[myid=3]/0:0:0:0:0:0:0:0:2181:FastLeaderElection@774] - Notification time out: 3200
2015-07-29 19:53:12,912 - INFO  [WorkerReceiver[myid=3]:FastLeaderElection@542] - Notification: 3 (n.leader), 0x10000006b (n.zxid), 0x2 (n.round), LOOKING (n.state), 3 (n.sid), 0x1 (n.peerEPoch), LOOKING (my state)
2015-07-29 19:53:16,113 - INFO  [QuorumPeer[myid=3]/0:0:0:0:0:0:0:0:2181:FastLeaderElection@774] - Notification time out: 6400
2015-07-29 19:53:16,113 - INFO  [WorkerReceiver[myid=3]:FastLeaderElection@542] - Notification: 3 (n.leader), 0x10000006b (n.zxid), 0x2 (n.round), LOOKING (n.state), 3 (n.sid), 0x1 (n.peerEPoch), LOOKING (my state)
2015-07-29 19:53:21,557 - INFO  [NIOServerCxn.Factory:0.0.0.0/0.0.0.0:2181:NIOServerCnxnFactory@197] - Accepted socket connection from /10.10.34.13:54235
2015-07-29 19:53:21,558 - WARN  [NIOServerCxn.Factory:0.0.0.0/0.0.0.0:2181:NIOServerCnxn@354] - Exception causing close of session 0x0 due to java.io.IOException: ZooKeeperServer not running
2015-07-29 19:53:21,558 - INFO  [NIOServerCxn.Factory:0.0.0.0/0.0.0.0:2181:NIOServerCnxn@1001] - Closed socket connection for client /10.10.34.13:54235 (no session established for client)
2015-07-29 19:53:21,573 - INFO  [NIOServerCxn.Factory:0.0.0.0/0.0.0.0:2181:NIOServerCnxnFactory@197] - Accepted socket connection from /10.10.34.13:54237
2015-07-29 19:53:21,573 - WARN  [NIOServerCxn.Factory:0.0.0.0/0.0.0.0:2181:NIOServerCnxn@354] - Exception causing close of session 0x0 due to java.io.IOException: ZooKeeperServer not running
2015-07-29 19:53:21,573 - INFO  [NIOServerCxn.Factory:0.0.0.0/0.0.0.0:2181:NIOServerCnxn@1001] - Closed socket connection for client /10.10.34.13:54237 (no session established for client)
2015-07-29 19:53:21,573 - INFO  [NIOServerCxn.Factory:0.0.0.0/0.0.0.0:2181:NIOServerCnxnFactory@197] - Accepted socket connection from /10.10.34.13:54238
2015-07-29 19:53:21,574 - WARN  [NIOServerCxn.Factory:0.0.0.0/0.0.0.0:2181:NIOServerCnxn@354] - Exception causing close of session 0x0 due to java.io.IOException: ZooKeeperServer not running
2015-07-29 19:53:21,574 - INFO  [NIOServerCxn.Factory:0.0.0.0/0.0.0.0:2181:NIOServerCnxn@1001] - Closed socket connection for client /10.10.34.13:54238 (no session established for client)
2015-07-29 19:53:22,513 - INFO  [QuorumPeer[myid=3]/0:0:0:0:0:0:0:0:2181:FastLeaderElection@774] - Notification time out: 12800
2015-07-29 19:53:22,514 - INFO  [WorkerReceiver[myid=3]:FastLeaderElection@542] - Notification: 3 (n.leader), 0x10000006b (n.zxid), 0x2 (n.round), LOOKING (n.state), 3 (n.sid), 0x1 (n.peerEPoch), LOOKING (my state)
2015-07-29 19:53:33,229 - INFO  [NIOServerCxn.Factory:0.0.0.0/0.0.0.0:2181:NIOServerCnxnFactory@197] - Accepted socket connection from /10.10.34.13:54246
2015-07-29 19:53:33,229 - WARN  [NIOServerCxn.Factory:0.0.0.0/0.0.0.0:2181:NIOServerCnxn@354] - Exception causing close of session 0x0 due to java.io.IOException: ZooKeeperServer not running
2015-07-29 19:53:33,230 - INFO  [NIOServerCxn.Factory:0.0.0.0/0.0.0.0:2181:NIOServerCnxn@1001] - Closed socket connection for client /10.10.34.13:54246 (no session established for client)
2015-07-29 19:53:33,239 - INFO  [NIOServerCxn.Factory:0.0.0.0/0.0.0.0:2181:NIOServerCnxnFactory@197] - Accepted socket connection from /10.10.34.13:54247
2015-07-29 19:53:33,239 - WARN  [NIOServerCxn.Factory:0.0.0.0/0.0.0.0:2181:NIOServerCnxn@354] - Exception causing close of session 0x0 due to java.io.IOException: ZooKeeperServer not running
2015-07-29 19:53:33,239 - INFO  [NIOServerCxn.Factory:0.0.0.0/0.0.0.0:2181:NIOServerCnxn@1001] - Closed socket connection for client /10.10.34.13:54247 (no session established for client)
2015-07-29 19:53:35,314 - INFO  [QuorumPeer[myid=3]/0:0:0:0:0:0:0:0:2181:FastLeaderElection@774] - Notification time out: 25600
2015-07-29 19:53:35,315 - INFO  [WorkerReceiver[myid=3]:FastLeaderElection@542] - Notification: 3 (n.leader), 0x10000006b (n.zxid), 0x2 (n.round), LOOKING (n.state), 3 (n.sid), 0x1 (n.peerEPoch), LOOKING (my state)
2015-07-29 19:53:38,234 - INFO  [NIOServerCxn.Factory:0.0.0.0/0.0.0.0:2181:NIOServerCnxnFactory@197] - Accepted socket connection from /10.10.34.13:54250
2015-07-29 19:53:38,235 - WARN  [NIOServerCxn.Factory:0.0.0.0/0.0.0.0:2181:NIOServerCnxn@354] - Exception causing close of session 0x0 due to java.io.IOException: ZooKeeperServer not running
2015-07-29 19:53:38,235 - INFO  [NIOServerCxn.Factory:0.0.0.0/0.0.0.0:2181:NIOServerCnxn@1001] - Closed socket connection for client /10.10.34.13:54250 (no session established for client)
2015-07-29 19:53:38,250 - INFO  [NIOServerCxn.Factory:0.0.0.0/0.0.0.0:2181:NIOServerCnxnFactory@197] - Accepted socket connection from /10.10.34.13:54252
2015-07-29 19:53:38,251 - WARN  [NIOServerCxn.Factory:0.0.0.0/0.0.0.0:2181:NIOServerCnxn@354] - Exception causing close of session 0x0 due to java.io.IOException: ZooKeeperServer not running
2015-07-29 19:53:38,251 - INFO  [NIOServerCxn.Factory:0.0.0.0/0.0.0.0:2181:NIOServerCnxn@1001] - Closed socket connection for client /10.10.34.13:54252 (no session established for client)
2015-07-29 19:53:38,251 - INFO  [NIOServerCxn.Factory:0.0.0.0/0.0.0.0:2181:NIOServerCnxnFactory@197] - Accepted socket connection from /10.10.34.13:54253
2015-07-29 19:53:38,251 - WARN  [NIOServerCxn.Factory:0.0.0.0/0.0.0.0:2181:NIOServerCnxn@354] - Exception causing close of session 0x0 due to java.io.IOException: ZooKeeperServer not running
2015-07-29 19:53:38,251 - INFO  [NIOServerCxn.Factory:0.0.0.0/0.0.0.0:2181:NIOServerCnxn@1001] - Closed socket connection for client /10.10.34.13:54253 (no session established for client)
2015-07-29 19:53:49,906 - INFO  [NIOServerCxn.Factory:0.0.0.0/0.0.0.0:2181:NIOServerCnxnFactory@197] - Accepted socket connection from /10.10.34.13:54261
2015-07-29 19:53:49,907 - WARN  [NIOServerCxn.Factory:0.0.0.0/0.0.0.0:2181:NIOServerCnxn@354] - Exception causing close of session 0x0 due to java.io.IOException: ZooKeeperServer not running
2015-07-29 19:53:49,907 - INFO  [NIOServerCxn.Factory:0.0.0.0/0.0.0.0:2181:NIOServerCnxn@1001] - Closed socket connection for client /10.10.34.13:54261 (no session established for client)
2015-07-29 19:53:49,915 - INFO  [NIOServerCxn.Factory:0.0.0.0/0.0.0.0:2181:NIOServerCnxnFactory@197] - Accepted socket connection from /10.10.34.13:54262
2015-07-29 19:53:49,915 - WARN  [NIOServerCxn.Factory:0.0.0.0/0.0.0.0:2181:NIOServerCnxn@354] - Exception causing close of session 0x0 due to java.io.IOException: ZooKeeperServer not running
2015-07-29 19:53:49,915 - INFO  [NIOServerCxn.Factory:0.0.0.0/0.0.0.0:2181:NIOServerCnxn@1001] - Closed socket connection for client /10.10.34.13:54262 (no session established for client)
2015-07-29 19:53:54,912 - INFO  [NIOServerCxn.Factory:0.0.0.0/0.0.0.0:2181:NIOServerCnxnFactory@197] - Accepted socket connection from /10.10.34.13:54265
2015-07-29 19:53:54,912 - WARN  [NIOServerCxn.Factory:0.0.0.0/0.0.0.0:2181:NIOServerCnxn@354] - Exception causing close of session 0x0 due to java.io.IOException: ZooKeeperServer not running
2015-07-29 19:53:54,912 - INFO  [NIOServerCxn.Factory:0.0.0.0/0.0.0.0:2181:NIOServerCnxn@1001] - Closed socket connection for client /10.10.34.13:54265 (no session established for client)
2015-07-29 19:53:54,928 - INFO  [NIOServerCxn.Factory:0.0.0.0/0.0.0.0:2181:NIOServerCnxnFactory@197] - Accepted socket connection from /10.10.34.13:54267
2015-07-29 19:53:54,928 - INFO  [NIOServerCxn.Factory:0.0.0.0/0.0.0.0:2181:NIOServerCnxnFactory@197] - Accepted socket connection from /10.10.34.13:54268
2015-07-29 19:53:54,928 - WARN  [NIOServerCxn.Factory:0.0.0.0/0.0.0.0:2181:NIOServerCnxn@354] - Exception causing close of session 0x0 due to java.io.IOException: ZooKeeperServer not running
2015-07-29 19:53:54,928 - INFO  [NIOServerCxn.Factory:0.0.0.0/0.0.0.0:2181:NIOServerCnxn@1001] - Closed socket connection for client /10.10.34.13:54267 (no session established for client)
2015-07-29 19:53:54,929 - WARN  [NIOServerCxn.Factory:0.0.0.0/0.0.0.0:2181:NIOServerCnxn@354] - Exception causing close of session 0x0 due to java.io.IOException: ZooKeeperServer not running
2015-07-29 19:53:54,929 - INFO  [NIOServerCxn.Factory:0.0.0.0/0.0.0.0:2181:NIOServerCnxn@1001] - Closed socket connection for client /10.10.34.13:54268 (no session established for client)
2015-07-29 19:54:00,915 - INFO  [QuorumPeer[myid=3]/0:0:0:0:0:0:0:0:2181:FastLeaderElection@774] - Notification time out: 51200
2015-07-29 19:54:00,915 - INFO  [WorkerReceiver[myid=3]:FastLeaderElection@542] - Notification: 3 (n.leader), 0x10000006b (n.zxid), 0x2 (n.round), LOOKING (n.state), 3 (n.sid), 0x1 (n.peerEPoch), LOOKING (my state)
2015-07-29 19:54:02,239 - WARN  [RecvWorker:2:QuorumCnxManager$RecvWorker@762] - Connection broken for id 2, my id = 3, error = 
2015-07-29 19:54:02,239 - WARN  [RecvWorker:2:QuorumCnxManager$RecvWorker@765] - Interrupting SendWorker
2015-07-29 19:54:02,239 - WARN  [SendWorker:2:QuorumCnxManager$SendWorker@679] - Interrupted while waiting for message on queue
2015-07-29 19:54:02,239 - WARN  [SendWorker:2:QuorumCnxManager$SendWorker@688] - Send worker leaving thread
2015-07-29 19:54:06,587 - INFO  [NIOServerCxn.Factory:0.0.0.0/0.0.0.0:2181:NIOServerCnxnFactory@197] - Accepted socket connection from /10.10.34.13:54276
2015-07-29 19:54:06,588 - WARN  [NIOServerCxn.Factory:0.0.0.0/0.0.0.0:2181:NIOServerCnxn@354] - Exception causing close of session 0x0 due to java.io.IOException: ZooKeeperServer not running
2015-07-29 19:54:06,588 - INFO  [NIOServerCxn.Factory:0.0.0.0/0.0.0.0:2181:NIOServerCnxn@1001] - Closed socket connection for client /10.10.34.13:54276 (no session established for client)
2015-07-29 19:54:09,592 - INFO  [NIOServerCxn.Factory:0.0.0.0/0.0.0.0:2181:NIOServerCnxnFactory@197] - Accepted socket connection from /10.10.34.13:54277
2015-07-29 19:54:09,593 - WARN  [NIOServerCxn.Factory:0.0.0.0/0.0.0.0:2181:NIOServerCnxn@354] - Exception causing close of session 0x0 due to java.io.IOException: ZooKeeperServer not running
2015-07-29 19:54:09,593 - INFO  [NIOServerCxn.Factory:0.0.0.0/0.0.0.0:2181:NIOServerCnxn@1001] - Closed socket connection for client /10.10.34.13:54277 (no session established for client)
2015-07-29 19:54:11,587 - INFO  [NIOServerCxn.Factory:0.0.0.0/0.0.0.0:2181:NIOServerCnxnFactory@197] - Accepted socket connection from /10.10.34.13:54279
2015-07-29 19:54:11,587 - WARN  [NIOServerCxn.Factory:0.0.0.0/0.0.0.0:2181:NIOServerCnxn@354] - Exception causing close of session 0x0 due to java.io.IOException: ZooKeeperServer not running
2015-07-29 19:54:11,587 - INFO  [NIOServerCxn.Factory:0.0.0.0/0.0.0.0:2181:NIOServerCnxn@1001] - Closed socket connection for client /10.10.34.13:54279 (no session established for client)
2015-07-29 19:54:11,603 - INFO  [NIOServerCxn.Factory:0.0.0.0/0.0.0.0:2181:NIOServerCnxnFactory@197] - Accepted socket connection from /10.10.34.13:54281
2015-07-29 19:54:11,604 - WARN  [NIOServerCxn.Factory:0.0.0.0/0.0.0.0:2181:NIOServerCnxn@354] - Exception causing close of session 0x0 due to java.io.IOException: ZooKeeperServer not running
2015-07-29 19:54:11,604 - INFO  [NIOServerCxn.Factory:0.0.0.0/0.0.0.0:2181:NIOServerCnxn@1001] - Closed socket connection for client /10.10.34.13:54281 (no session established for client)
2015-07-29 19:54:47,986 - INFO  [NIOServerCxn.Factory:0.0.0.0/0.0.0.0:2181:NIOServerCnxnFactory@197] - Accepted socket connection from /10.10.34.13:54286
2015-07-29 19:54:47,986 - WARN  [NIOServerCxn.Factory:0.0.0.0/0.0.0.0:2181:NIOServerCnxn@354] - Exception causing close of session 0x0 due to java.io.IOException: ZooKeeperServer not running
2015-07-29 19:54:47,987 - INFO  [NIOServerCxn.Factory:0.0.0.0/0.0.0.0:2181:NIOServerCnxn@1001] - Closed socket connection for client /10.10.34.13:54286 (no session established for client)
2015-07-29 19:54:52,116 - INFO  [QuorumPeer[myid=3]/0:0:0:0:0:0:0:0:2181:FastLeaderElection@774] - Notification time out: 60000
2015-07-29 19:54:52,117 - INFO  [WorkerReceiver[myid=3]:FastLeaderElection@542] - Notification: 3 (n.leader), 0x10000006b (n.zxid), 0x2 (n.round), LOOKING (n.state), 3 (n.sid), 0x1 (n.peerEPoch), LOOKING (my state)
2015-07-29 19:54:52,118 - INFO  [WorkerReceiver[myid=3]:FastLeaderElection@542] - Notification: 2 (n.leader), 0x0 (n.zxid), 0x1 (n.round), LEADING (n.state), 2 (n.sid), 0x0 (n.peerEPoch), LOOKING (my state)
2015-07-29 19:54:52,118 - INFO  [WorkerReceiver[myid=3]:FastLeaderElection@542] - Notification: 2 (n.leader), 0x0 (n.zxid), 0x1 (n.round), LEADING (n.state), 2 (n.sid), 0x0 (n.peerEPoch), LOOKING (my state)
2015-07-29 19:54:52,976 - INFO  [NIOServerCxn.Factory:0.0.0.0/0.0.0.0:2181:NIOServerCnxnFactory@197] - Accepted socket connection from /10.10.34.13:54291
2015-07-29 19:54:52,977 - WARN  [NIOServerCxn.Factory:0.0.0.0/0.0.0.0:2181:NIOServerCnxn@354] - Exception causing close of session 0x0 due to java.io.IOException: ZooKeeperServer not running
2015-07-29 19:54:52,977 - INFO  [NIOServerCxn.Factory:0.0.0.0/0.0.0.0:2181:NIOServerCnxn@1001] - Closed socket connection for client /10.10.34.13:54291 (no session established for client)
2015-07-29 19:55:01,646 - INFO  [NIOServerCxn.Factory:0.0.0.0/0.0.0.0:2181:NIOServerCnxnFactory@197] - Accepted socket connection from /10.10.34.13:54294
2015-07-29 19:55:01,647 - WARN  [NIOServerCxn.Factory:0.0.0.0/0.0.0.0:2181:NIOServerCnxn@354] - Exception causing close of session 0x0 due to java.io.IOException: ZooKeeperServer not running
2015-07-29 19:55:01,647 - INFO  [NIOServerCxn.Factory:0.0.0.0/0.0.0.0:2181:NIOServerCnxn@1001] - Closed socket connection for client /10.10.34.13:54294 (no session established for client)
2015-07-29 19:55:02,044 - INFO  [NIOServerCxn.Factory:0.0.0.0/0.0.0.0:2181:NIOServerCnxnFactory@197] - Accepted socket connection from /10.10.34.13:54296
2015-07-29 19:55:02,045 - WARN  [NIOServerCxn.Factory:0.0.0.0/0.0.0.0:2181:NIOServerCnxn@354] - Exception causing close of session 0x0 due to java.io.IOException: ZooKeeperServer not running
2015-07-29 19:55:02,045 - INFO  [NIOServerCxn.Factory:0.0.0.0/0.0.0.0:2181:NIOServerCnxn@1001] - Closed socket connection for client /10.10.34.13:54296 (no session established for client)
2015-07-29 19:55:02,980 - INFO  [NIOServerCxn.Factory:0.0.0.0/0.0.0.0:2181:NIOServerCnxnFactory@197] - Accepted socket connection from /10.10.34.13:54298
2015-07-29 19:55:02,981 - WARN  [NIOServerCxn.Factory:0.0.0.0/0.0.0.0:2181:NIOServerCnxn@354] - Exception causing close of session 0x0 due to java.io.IOException: ZooKeeperServer not running
2015-07-29 19:55:02,981 - INFO  [NIOServerCxn.Factory:0.0.0.0/0.0.0.0:2181:NIOServerCnxn@1001] - Closed socket connection for client /10.10.34.13:54298 (no session established for client)
2015-07-29 19:55:11,329 - INFO  [NIOServerCxn.Factory:0.0.0.0/0.0.0.0:2181:NIOServerCnxnFactory@197] - Accepted socket connection from /10.10.34.13:54301
2015-07-29 19:55:11,329 - WARN  [NIOServerCxn.Factory:0.0.0.0/0.0.0.0:2181:NIOServerCnxn@354] - Exception causing close of session 0x0 due to java.io.IOException: ZooKeeperServer not running
2015-07-29 19:55:11,329 - INFO  [NIOServerCxn.Factory:0.0.0.0/0.0.0.0:2181:NIOServerCnxn@1001] - Closed socket connection for client /10.10.34.13:54301 (no session established for client)
2015-07-29 19:55:11,651 - INFO  [NIOServerCxn.Factory:0.0.0.0/0.0.0.0:2181:NIOServerCnxnFactory@197] - Accepted socket connection from /10.10.34.13:54302
2015-07-29 19:55:11,651 - WARN  [NIOServerCxn.Factory:0.0.0.0/0.0.0.0:2181:NIOServerCnxn@354] - Exception causing close of session 0x0 due to java.io.IOException: ZooKeeperServer not running
2015-07-29 19:55:11,651 - INFO  [NIOServerCxn.Factory:0.0.0.0/0.0.0.0:2181:NIOServerCnxn@1001] - Closed socket connection for client /10.10.34.13:54302 (no session established for client)
2015-07-29 19:55:12,048 - INFO  [NIOServerCxn.Factory:0.0.0.0/0.0.0.0:2181:NIOServerCnxnFactory@197] - Accepted socket connection from /10.10.34.13:54304
2015-07-29 19:55:12,049 - WARN  [NIOServerCxn.Factory:0.0.0.0/0.0.0.0:2181:NIOServerCnxn@354] - Exception causing close of session 0x0 due to java.io.IOException: ZooKeeperServer not running
2015-07-29 19:55:12,049 - INFO  [NIOServerCxn.Factory:0.0.0.0/0.0.0.0:2181:NIOServerCnxn@1001] - Closed socket connection for client /10.10.34.13:54304 (no session established for client)
2015-07-29 19:55:19,655 - INFO  [NIOServerCxn.Factory:0.0.0.0/0.0.0.0:2181:NIOServerCnxnFactory@197] - Accepted socket connection from /10.10.34.13:54310
2015-07-29 19:55:19,656 - WARN  [NIOServerCxn.Factory:0.0.0.0/0.0.0.0:2181:NIOServerCnxn@354] - Exception causing close of session 0x0 due to java.io.IOException: ZooKeeperServer not running
2015-07-29 19:55:19,656 - INFO  [NIOServerCxn.Factory:0.0.0.0/0.0.0.0:2181:NIOServerCnxn@1001] - Closed socket connection for client /10.10.34.13:54310 (no session established for client)
2015-07-29 19:55:28,005 - INFO  [NIOServerCxn.Factory:0.0.0.0/0.0.0.0:2181:NIOServerCnxnFactory@197] - Accepted socket connection from /10.10.34.13:54313
2015-07-29 19:55:28,005 - WARN  [NIOServerCxn.Factory:0.0.0.0/0.0.0.0:2181:NIOServerCnxn@354] - Exception causing close of session 0x0 due to java.io.IOException: ZooKeeperServer not running
2015-07-29 19:55:28,005 - INFO  [NIOServerCxn.Factory:0.0.0.0/0.0.0.0:2181:NIOServerCnxn@1001] - Closed socket connection for client /10.10.34.13:54313 (no session established for client)
2015-07-29 19:55:28,328 - INFO  [NIOServerCxn.Factory:0.0.0.0/0.0.0.0:2181:NIOServerCnxnFactory@197] - Accepted socket connection from /10.10.34.13:54314
2015-07-29 19:55:28,328 - WARN  [NIOServerCxn.Factory:0.0.0.0/0.0.0.0:2181:NIOServerCnxn@354] - Exception causing close of session 0x0 due to java.io.IOException: ZooKeeperServer not running
2015-07-29 19:55:28,329 - INFO  [NIOServerCxn.Factory:0.0.0.0/0.0.0.0:2181:NIOServerCnxn@1001] - Closed socket connection for client /10.10.34.13:54314 (no session established for client)
2015-07-29 19:55:28,724 - INFO  [NIOServerCxn.Factory:0.0.0.0/0.0.0.0:2181:NIOServerCnxnFactory@197] - Accepted socket connection from /10.10.34.13:54316
2015-07-29 19:55:28,725 - WARN  [NIOServerCxn.Factory:0.0.0.0/0.0.0.0:2181:NIOServerCnxn@354] - Exception causing close of session 0x0 due to java.io.IOException: ZooKeeperServer not running
2015-07-29 19:55:28,725 - INFO  [NIOServerCxn.Factory:0.0.0.0/0.0.0.0:2181:NIOServerCnxn@1001] - Closed socket connection for client /10.10.34.13:54316 (no session established for client)
2015-07-29 19:55:52,119 - INFO  [QuorumPeer[myid=3]/0:0:0:0:0:0:0:0:2181:FastLeaderElection@774] - Notification time out: 60000
2015-07-29 19:55:52,119 - INFO  [WorkerReceiver[myid=3]:FastLeaderElection@542] - Notification: 3 (n.leader), 0x10000006b (n.zxid), 0x2 (n.round), LOOKING (n.state), 3 (n.sid), 0x1 (n.peerEPoch), LOOKING (my state)
2015-07-29 19:55:58,463 - WARN  [RecvWorker:2:QuorumCnxManager$RecvWorker@762] - Connection broken for id 2, my id = 3, error = 
2015-07-29 19:55:58,463 - WARN  [RecvWorker:2:QuorumCnxManager$RecvWorker@765] - Interrupting SendWorker
2015-07-29 19:55:58,463 - WARN  [SendWorker:2:QuorumCnxManager$SendWorker@679] - Interrupted while waiting for message on queue
2015-07-29 19:55:58,463 - WARN  [SendWorker:2:QuorumCnxManager$SendWorker@688] - Send worker leaving thread
2015-07-29 19:56:39,231 - WARN  [RecvWorker:1:QuorumCnxManager$RecvWorker@762] - Connection broken for id 1, my id = 3, error = 
2015-07-29 19:56:39,231 - WARN  [RecvWorker:1:QuorumCnxManager$RecvWorker@765] - Interrupting SendWorker
2015-07-29 19:56:39,231 - WARN  [SendWorker:1:QuorumCnxManager$SendWorker@679] - Interrupted while waiting for message on queue
2015-07-29 19:56:39,231 - WARN  [SendWorker:1:QuorumCnxManager$SendWorker@688] - Send worker leaving thread
2015-07-29 19:56:52,120 - INFO  [QuorumPeer[myid=3]/0:0:0:0:0:0:0:0:2181:FastLeaderElection@774] - Notification time out: 60000
2015-07-29 19:56:52,121 - INFO  [WorkerReceiver[myid=3]:FastLeaderElection@542] - Notification: 2 (n.leader), 0x0 (n.zxid), 0x1 (n.round), FOLLOWING (n.state), 1 (n.sid), 0x0 (n.peerEPoch), LOOKING (my state)
2015-07-29 19:56:52,122 - INFO  [WorkerReceiver[myid=3]:FastLeaderElection@542] - Notification: 3 (n.leader), 0x10000006b (n.zxid), 0x2 (n.round), LOOKING (n.state), 3 (n.sid), 0x1 (n.peerEPoch), LOOKING (my state)
2015-07-29 19:56:52,122 - INFO  [WorkerReceiver[myid=3]:FastLeaderElection@542] - Notification: 2 (n.leader), 0x0 (n.zxid), 0x1 (n.round), LEADING (n.state), 2 (n.sid), 0x0 (n.peerEPoch), FOLLOWING (my state)
2015-07-29 19:56:52,122 - INFO  [QuorumPeer[myid=3]/0:0:0:0:0:0:0:0:2181:QuorumPeer@738] - FOLLOWING
2015-07-29 19:56:52,122 - INFO  [WorkerReceiver[myid=3]:FastLeaderElection@542] - Notification: 2 (n.leader), 0x0 (n.zxid), 0x1 (n.round), FOLLOWING (n.state), 1 (n.sid), 0x0 (n.peerEPoch), FOLLOWING (my state)
2015-07-29 19:56:52,122 - INFO  [QuorumPeer[myid=3]/0:0:0:0:0:0:0:0:2181:ZooKeeperServer@162] - Created server with tickTime 2000 minSessionTimeout 4000 maxSessionTimeout 40000 datadir /var/lib/zookeeper/version-2 snapdir /var/lib/zookeeper/version-2
2015-07-29 19:56:52,122 - INFO  [WorkerReceiver[myid=3]:FastLeaderElection@542] - Notification: 2 (n.leader), 0x0 (n.zxid), 0x1 (n.round), FOLLOWING (n.state), 3 (n.sid), 0x0 (n.peerEPoch), FOLLOWING (my state)
2015-07-29 19:56:52,122 - INFO  [QuorumPeer[myid=3]/0:0:0:0:0:0:0:0:2181:Follower@63] - FOLLOWING - LEADER ELECTION TOOK - 222231
2015-07-29 19:56:52,123 - INFO  [WorkerReceiver[myid=3]:FastLeaderElection@542] - Notification: 2 (n.leader), 0x0 (n.zxid), 0x1 (n.round), LEADING (n.state), 2 (n.sid), 0x0 (n.peerEPoch), FOLLOWING (my state)
2015-07-29 19:56:52,125 - INFO  [QuorumPeer[myid=3]/0:0:0:0:0:0:0:0:2181:Learner@322] - Getting a diff from the leader 0x100000082
2015-07-29 19:56:52,127 - WARN  [QuorumPeer[myid=3]/0:0:0:0:0:0:0:0:2181:Learner@373] - Got zxid 0x10000006c expected 0x1
2015-07-29 19:56:52,130 - INFO  [QuorumPeer[myid=3]/0:0:0:0:0:0:0:0:2181:FileTxnSnapLog@240] - Snapshotting: 0x100000082 to /var/lib/zookeeper/version-2/snapshot.100000082
2015-07-29 19:57:34,427 - WARN  [QuorumPeer[myid=3]/0:0:0:0:0:0:0:0:2181:Follower@118] - Got zxid 0x100000083 expected 0x1
2015-07-29 19:57:34,446 - INFO  [NIOServerCxn.Factory:0.0.0.0/0.0.0.0:2181:NIOServerCnxnFactory@197] - Accepted socket connection from /10.10.34.11:34214
2015-07-29 19:57:34,447 - WARN  [NIOServerCxn.Factory:0.0.0.0/0.0.0.0:2181:ZooKeeperServer@793] - Connection request from old client /10.10.34.11:34214; will be dropped if server is in r-o mode
2015-07-29 19:57:34,447 - INFO  [NIOServerCxn.Factory:0.0.0.0/0.0.0.0:2181:ZooKeeperServer@839] - Client attempting to establish new session at /10.10.34.11:34214
2015-07-29 19:57:34,449 - INFO  [CommitProcessor:3:ZooKeeperServer@595] - Established session 0x34ed9ac1c1e0000 with negotiated timeout 20000 for client /10.10.34.11:34214
2015-07-29 20:01:51,527 - WARN  [NIOServerCxn.Factory:0.0.0.0/0.0.0.0:2181:NIOServerCnxn@349] - caught end of stream exception
2015-07-29 20:01:51,528 - INFO  [NIOServerCxn.Factory:0.0.0.0/0.0.0.0:2181:NIOServerCnxn@1001] - Closed socket connection for client /10.10.34.11:34214 which had sessionid 0x34ed9ac1c1e0000
2015-07-29 20:12:10,882 - INFO  [NIOServerCxn.Factory:0.0.0.0/0.0.0.0:2181:NIOServerCnxnFactory@197] - Accepted socket connection from /10.10.34.11:34426
2015-07-29 20:12:10,882 - WARN  [NIOServerCxn.Factory:0.0.0.0/0.0.0.0:2181:ZooKeeperServer@793] - Connection request from old client /10.10.34.11:34426; will be dropped if server is in r-o mode
2015-07-29 20:12:10,882 - INFO  [NIOServerCxn.Factory:0.0.0.0/0.0.0.0:2181:ZooKeeperServer@839] - Client attempting to establish new session at /10.10.34.11:34426
2015-07-29 20:12:10,885 - INFO  [CommitProcessor:3:ZooKeeperServer@595] - Established session 0x34ed9ac1c1e0001 with negotiated timeout 20000 for client /10.10.34.11:34426
2015-07-29 20:12:10,914 - INFO  [NIOServerCxn.Factory:0.0.0.0/0.0.0.0:2181:NIOServerCnxnFactory@197] - Accepted socket connection from /10.10.34.11:34428
2015-07-29 20:12:10,915 - WARN  [NIOServerCxn.Factory:0.0.0.0/0.0.0.0:2181:ZooKeeperServer@793] - Connection request from old client /10.10.34.11:34428; will be dropped if server is in r-o mode
2015-07-29 20:12:10,915 - INFO  [NIOServerCxn.Factory:0.0.0.0/0.0.0.0:2181:ZooKeeperServer@839] - Client attempting to establish new session at /10.10.34.11:34428
2015-07-29 20:12:10,917 - INFO  [CommitProcessor:3:ZooKeeperServer@595] - Established session 0x34ed9ac1c1e0002 with negotiated timeout 10000 for client /10.10.34.11:34428
2015-07-29 20:14:56,845 - WARN  [NIOServerCxn.Factory:0.0.0.0/0.0.0.0:2181:NIOServerCnxn@349] - caught end of stream exception
2015-07-29 20:14:56,845 - INFO  [NIOServerCxn.Factory:0.0.0.0/0.0.0.0:2181:NIOServerCnxn@1001] - Closed socket connection for client /10.10.34.11:34426 which had sessionid 0x34ed9ac1c1e0001
2015-07-29 20:14:56,846 - WARN  [NIOServerCxn.Factory:0.0.0.0/0.0.0.0:2181:NIOServerCnxn@349] - caught end of stream exception
2015-07-29 20:14:56,846 - INFO  [NIOServerCxn.Factory:0.0.0.0/0.0.0.0:2181:NIOServerCnxn@1001] - Closed socket connection for client /10.10.34.11:34428 which had sessionid 0x34ed9ac1c1e0002
2015-07-29 20:31:52,288 - INFO  [NIOServerCxn.Factory:0.0.0.0/0.0.0.0:2181:NIOServerCnxnFactory@197] - Accepted socket connection from /10.10.34.11:34935
2015-07-29 20:31:52,288 - WARN  [NIOServerCxn.Factory:0.0.0.0/0.0.0.0:2181:ZooKeeperServer@793] - Connection request from old client /10.10.34.11:34935; will be dropped if server is in r-o mode
2015-07-29 20:31:52,288 - INFO  [NIOServerCxn.Factory:0.0.0.0/0.0.0.0:2181:ZooKeeperServer@839] - Client attempting to establish new session at /10.10.34.11:34935
2015-07-29 20:31:52,290 - INFO  [CommitProcessor:3:ZooKeeperServer@595] - Established session 0x34ed9ac1c1e0003 with negotiated timeout 20000 for client /10.10.34.11:34935
2015-07-29 20:31:52,298 - INFO  [NIOServerCxn.Factory:0.0.0.0/0.0.0.0:2181:NIOServerCnxnFactory@197] - Accepted socket connection from /10.10.34.11:34936
2015-07-29 20:31:52,299 - WARN  [NIOServerCxn.Factory:0.0.0.0/0.0.0.0:2181:ZooKeeperServer@793] - Connection request from old client /10.10.34.11:34936; will be dropped if server is in r-o mode
2015-07-29 20:31:52,299 - INFO  [NIOServerCxn.Factory:0.0.0.0/0.0.0.0:2181:ZooKeeperServer@839] - Client attempting to establish new session at /10.10.34.11:34936
2015-07-29 20:31:52,301 - INFO  [CommitProcessor:3:ZooKeeperServer@595] - Established session 0x34ed9ac1c1e0004 with negotiated timeout 10000 for client /10.10.34.11:34936
2015-07-29 20:38:48,345 - WARN  [NIOServerCxn.Factory:0.0.0.0/0.0.0.0:2181:NIOServerCnxn@349] - caught end of stream exception
2015-07-29 20:38:48,346 - INFO  [NIOServerCxn.Factory:0.0.0.0/0.0.0.0:2181:NIOServerCnxn@1001] - Closed socket connection for client /10.10.34.11:34936 which had sessionid 0x34ed9ac1c1e0004
2015-07-29 20:38:48,346 - WARN  [NIOServerCxn.Factory:0.0.0.0/0.0.0.0:2181:NIOServerCnxn@349] - caught end of stream exception
2015-07-29 20:38:48,347 - INFO  [NIOServerCxn.Factory:0.0.0.0/0.0.0.0:2181:NIOServerCnxn@1001] - Closed socket connection for client /10.10.34.11:34935 which had sessionid 0x34ed9ac1c1e0003
2015-07-29 21:01:38,289 - INFO  [NIOServerCxn.Factory:0.0.0.0/0.0.0.0:2181:NIOServerCnxnFactory@197] - Accepted socket connection from /10.10.34.12:59221
2015-07-29 21:01:38,290 - WARN  [NIOServerCxn.Factory:0.0.0.0/0.0.0.0:2181:ZooKeeperServer@793] - Connection request from old client /10.10.34.12:59221; will be dropped if server is in r-o mode
2015-07-29 21:01:38,290 - INFO  [NIOServerCxn.Factory:0.0.0.0/0.0.0.0:2181:ZooKeeperServer@839] - Client attempting to establish new session at /10.10.34.12:59221
2015-07-29 21:01:38,292 - INFO  [CommitProcessor:3:ZooKeeperServer@595] - Established session 0x34ed9ac1c1e0005 with negotiated timeout 10000 for client /10.10.34.12:59221
2015-07-29 21:01:40,569 - INFO  [NIOServerCxn.Factory:0.0.0.0/0.0.0.0:2181:NIOServerCnxnFactory@197] - Accepted socket connection from /10.10.34.17:51244
2015-07-29 21:01:40,570 - WARN  [NIOServerCxn.Factory:0.0.0.0/0.0.0.0:2181:ZooKeeperServer@793] - Connection request from old client /10.10.34.17:51244; will be dropped if server is in r-o mode
2015-07-29 21:01:40,570 - INFO  [NIOServerCxn.Factory:0.0.0.0/0.0.0.0:2181:ZooKeeperServer@839] - Client attempting to establish new session at /10.10.34.17:51244
2015-07-29 21:01:40,572 - INFO  [CommitProcessor:3:ZooKeeperServer@595] - Established session 0x34ed9ac1c1e0006 with negotiated timeout 10000 for client /10.10.34.17:51244
2015-07-29 21:01:45,068 - INFO  [NIOServerCxn.Factory:0.0.0.0/0.0.0.0:2181:NIOServerCnxnFactory@197] - Accepted socket connection from /10.10.34.12:59224
2015-07-29 21:01:45,069 - WARN  [NIOServerCxn.Factory:0.0.0.0/0.0.0.0:2181:ZooKeeperServer@793] - Connection request from old client /10.10.34.12:59224; will be dropped if server is in r-o mode
2015-07-29 21:01:45,069 - INFO  [NIOServerCxn.Factory:0.0.0.0/0.0.0.0:2181:ZooKeeperServer@839] - Client attempting to establish new session at /10.10.34.12:59224
2015-07-29 21:01:45,071 - INFO  [CommitProcessor:3:ZooKeeperServer@595] - Established session 0x34ed9ac1c1e0007 with negotiated timeout 10000 for client /10.10.34.12:59224
2015-07-29 21:34:32,162 - WARN  [NIOServerCxn.Factory:0.0.0.0/0.0.0.0:2181:NIOServerCnxn@349] - caught end of stream exception
2015-07-29 21:34:32,163 - INFO  [NIOServerCxn.Factory:0.0.0.0/0.0.0.0:2181:NIOServerCnxn@1001] - Closed socket connection for client /10.10.34.12:59224 which had sessionid 0x34ed9ac1c1e0007
2015-07-29 21:34:32,742 - WARN  [NIOServerCxn.Factory:0.0.0.0/0.0.0.0:2181:NIOServerCnxn@349] - caught end of stream exception
2015-07-29 21:34:32,743 - INFO  [NIOServerCxn.Factory:0.0.0.0/0.0.0.0:2181:NIOServerCnxn@1001] - Closed socket connection for client /10.10.34.17:51244 which had sessionid 0x34ed9ac1c1e0006
2015-07-29 21:34:36,691 - WARN  [NIOServerCxn.Factory:0.0.0.0/0.0.0.0:2181:NIOServerCnxn@349] - caught end of stream exception
2015-07-29 21:34:36,692 - INFO  [NIOServerCxn.Factory:0.0.0.0/0.0.0.0:2181:NIOServerCnxn@1001] - Closed socket connection for client /10.10.34.12:59221 which had sessionid 0x34ed9ac1c1e0005
2015-07-29 21:34:44,535 - INFO  [NIOServerCxn.Factory:0.0.0.0/0.0.0.0:2181:NIOServerCnxnFactory@197] - Accepted socket connection from /10.10.34.11:35671
2015-07-29 21:34:44,535 - INFO  [NIOServerCxn.Factory:0.0.0.0/0.0.0.0:2181:NIOServerCnxnFactory@197] - Accepted socket connection from /10.10.34.11:35672
2015-07-29 21:34:44,536 - WARN  [NIOServerCxn.Factory:0.0.0.0/0.0.0.0:2181:ZooKeeperServer@793] - Connection request from old client /10.10.34.11:35671; will be dropped if server is in r-o mode
2015-07-29 21:34:44,536 - INFO  [NIOServerCxn.Factory:0.0.0.0/0.0.0.0:2181:ZooKeeperServer@839] - Client attempting to establish new session at /10.10.34.11:35671
2015-07-29 21:34:44,536 - WARN  [NIOServerCxn.Factory:0.0.0.0/0.0.0.0:2181:ZooKeeperServer@793] - Connection request from old client /10.10.34.11:35672; will be dropped if server is in r-o mode
2015-07-29 21:34:44,536 - INFO  [NIOServerCxn.Factory:0.0.0.0/0.0.0.0:2181:ZooKeeperServer@839] - Client attempting to establish new session at /10.10.34.11:35672
2015-07-29 21:34:44,538 - INFO  [CommitProcessor:3:ZooKeeperServer@595] - Established session 0x34ed9ac1c1e0008 with negotiated timeout 10000 for client /10.10.34.11:35671
2015-07-29 21:34:44,540 - INFO  [CommitProcessor:3:ZooKeeperServer@595] - Established session 0x34ed9ac1c1e0009 with negotiated timeout 10000 for client /10.10.34.11:35672
2015-07-29 21:34:44,640 - INFO  [NIOServerCxn.Factory:0.0.0.0/0.0.0.0:2181:NIOServerCnxnFactory@197] - Accepted socket connection from /10.10.34.12:59230
2015-07-29 21:34:44,640 - WARN  [NIOServerCxn.Factory:0.0.0.0/0.0.0.0:2181:ZooKeeperServer@793] - Connection request from old client /10.10.34.12:59230; will be dropped if server is in r-o mode
2015-07-29 21:34:44,641 - INFO  [NIOServerCxn.Factory:0.0.0.0/0.0.0.0:2181:ZooKeeperServer@839] - Client attempting to establish new session at /10.10.34.12:59230
2015-07-29 21:34:44,641 - INFO  [NIOServerCxn.Factory:0.0.0.0/0.0.0.0:2181:NIOServerCnxnFactory@197] - Accepted socket connection from /10.10.34.12:59231
2015-07-29 21:34:44,641 - WARN  [NIOServerCxn.Factory:0.0.0.0/0.0.0.0:2181:ZooKeeperServer@793] - Connection request from old client /10.10.34.12:59231; will be dropped if server is in r-o mode
2015-07-29 21:34:44,641 - INFO  [NIOServerCxn.Factory:0.0.0.0/0.0.0.0:2181:ZooKeeperServer@839] - Client attempting to establish new session at /10.10.34.12:59231
2015-07-29 21:34:44,642 - INFO  [CommitProcessor:3:ZooKeeperServer@595] - Established session 0x34ed9ac1c1e000a with negotiated timeout 10000 for client /10.10.34.12:59230
2015-07-29 21:34:44,643 - INFO  [CommitProcessor:3:ZooKeeperServer@595] - Established session 0x34ed9ac1c1e000b with negotiated timeout 10000 for client /10.10.34.12:59231
2015-07-29 21:34:44,744 - INFO  [NIOServerCxn.Factory:0.0.0.0/0.0.0.0:2181:NIOServerCnxnFactory@197] - Accepted socket connection from /10.10.34.13:54348
2015-07-29 21:34:44,745 - WARN  [NIOServerCxn.Factory:0.0.0.0/0.0.0.0:2181:ZooKeeperServer@793] - Connection request from old client /10.10.34.13:54348; will be dropped if server is in r-o mode
2015-07-29 21:34:44,745 - INFO  [NIOServerCxn.Factory:0.0.0.0/0.0.0.0:2181:ZooKeeperServer@839] - Client attempting to establish new session at /10.10.34.13:54348
2015-07-29 21:34:44,747 - INFO  [CommitProcessor:3:ZooKeeperServer@595] - Established session 0x34ed9ac1c1e000c with negotiated timeout 10000 for client /10.10.34.13:54348
2015-07-29 21:34:46,432 - INFO  [NIOServerCxn.Factory:0.0.0.0/0.0.0.0:2181:NIOServerCnxnFactory@197] - Accepted socket connection from /10.10.34.12:59235
2015-07-29 21:34:46,433 - WARN  [NIOServerCxn.Factory:0.0.0.0/0.0.0.0:2181:ZooKeeperServer@793] - Connection request from old client /10.10.34.12:59235; will be dropped if server is in r-o mode
2015-07-29 21:34:46,433 - INFO  [NIOServerCxn.Factory:0.0.0.0/0.0.0.0:2181:ZooKeeperServer@839] - Client attempting to establish new session at /10.10.34.12:59235
2015-07-29 21:34:46,435 - INFO  [CommitProcessor:3:ZooKeeperServer@595] - Established session 0x34ed9ac1c1e000d with negotiated timeout 10000 for client /10.10.34.12:59235
2015-07-29 21:34:47,039 - INFO  [NIOServerCxn.Factory:0.0.0.0/0.0.0.0:2181:NIOServerCnxnFactory@197] - Accepted socket connection from /10.10.34.17:51260
2015-07-29 21:34:47,040 - WARN  [NIOServerCxn.Factory:0.0.0.0/0.0.0.0:2181:ZooKeeperServer@793] - Connection request from old client /10.10.34.17:51260; will be dropped if server is in r-o mode
2015-07-29 21:34:47,040 - INFO  [NIOServerCxn.Factory:0.0.0.0/0.0.0.0:2181:ZooKeeperServer@839] - Client attempting to establish new session at /10.10.34.17:51260
2015-07-29 21:34:47,042 - INFO  [CommitProcessor:3:ZooKeeperServer@595] - Established session 0x34ed9ac1c1e000e with negotiated timeout 10000 for client /10.10.34.17:51260
2015-07-29 21:34:47,363 - INFO  [NIOServerCxn.Factory:0.0.0.0/0.0.0.0:2181:NIOServerCnxnFactory@197] - Accepted socket connection from /10.10.34.20:39648
2015-07-29 21:34:47,363 - WARN  [NIOServerCxn.Factory:0.0.0.0/0.0.0.0:2181:ZooKeeperServer@793] - Connection request from old client /10.10.34.20:39648; will be dropped if server is in r-o mode
2015-07-29 21:34:47,363 - INFO  [NIOServerCxn.Factory:0.0.0.0/0.0.0.0:2181:ZooKeeperServer@839] - Client attempting to establish new session at /10.10.34.20:39648
2015-07-29 21:34:47,366 - INFO  [CommitProcessor:3:ZooKeeperServer@595] - Established session 0x34ed9ac1c1e000f with negotiated timeout 10000 for client /10.10.34.20:39648
2015-07-29 21:36:09,911 - WARN  [NIOServerCxn.Factory:0.0.0.0/0.0.0.0:2181:NIOServerCnxn@349] - caught end of stream exception
2015-07-29 21:36:09,912 - INFO  [NIOServerCxn.Factory:0.0.0.0/0.0.0.0:2181:NIOServerCnxn@1001] - Closed socket connection for client /10.10.34.12:59235 which had sessionid 0x34ed9ac1c1e000d
2015-07-29 21:36:10,520 - WARN  [NIOServerCxn.Factory:0.0.0.0/0.0.0.0:2181:NIOServerCnxn@349] - caught end of stream exception
2015-07-29 21:36:10,521 - INFO  [NIOServerCxn.Factory:0.0.0.0/0.0.0.0:2181:NIOServerCnxn@1001] - Closed socket connection for client /10.10.34.17:51260 which had sessionid 0x34ed9ac1c1e000e
2015-07-29 21:36:10,850 - WARN  [NIOServerCxn.Factory:0.0.0.0/0.0.0.0:2181:NIOServerCnxn@349] - caught end of stream exception
2015-07-29 21:36:10,851 - INFO  [NIOServerCxn.Factory:0.0.0.0/0.0.0.0:2181:NIOServerCnxn@1001] - Closed socket connection for client /10.10.34.20:39648 which had sessionid 0x34ed9ac1c1e000f
2015-07-29 21:36:14,351 - WARN  [NIOServerCxn.Factory:0.0.0.0/0.0.0.0:2181:NIOServerCnxn@349] - caught end of stream exception
2015-07-29 21:36:14,352 - INFO  [NIOServerCxn.Factory:0.0.0.0/0.0.0.0:2181:NIOServerCnxn@1001] - Closed socket connection for client /10.10.34.11:35672 which had sessionid 0x34ed9ac1c1e0009
2015-07-29 21:36:14,352 - WARN  [NIOServerCxn.Factory:0.0.0.0/0.0.0.0:2181:NIOServerCnxn@349] - caught end of stream exception
2015-07-29 21:36:14,353 - INFO  [NIOServerCxn.Factory:0.0.0.0/0.0.0.0:2181:NIOServerCnxn@1001] - Closed socket connection for client /10.10.34.11:35671 which had sessionid 0x34ed9ac1c1e0008
2015-07-29 21:36:14,454 - WARN  [NIOServerCxn.Factory:0.0.0.0/0.0.0.0:2181:NIOServerCnxn@349] - caught end of stream exception
2015-07-29 21:36:14,455 - INFO  [NIOServerCxn.Factory:0.0.0.0/0.0.0.0:2181:NIOServerCnxn@1001] - Closed socket connection for client /10.10.34.12:59231 which had sessionid 0x34ed9ac1c1e000b
2015-07-29 21:36:14,455 - WARN  [NIOServerCxn.Factory:0.0.0.0/0.0.0.0:2181:NIOServerCnxn@349] - caught end of stream exception
2015-07-29 21:36:14,456 - INFO  [NIOServerCxn.Factory:0.0.0.0/0.0.0.0:2181:NIOServerCnxn@1001] - Closed socket connection for client /10.10.34.12:59230 which had sessionid 0x34ed9ac1c1e000a
2015-07-29 21:36:14,552 - WARN  [NIOServerCxn.Factory:0.0.0.0/0.0.0.0:2181:NIOServerCnxn@349] - caught end of stream exception
2015-07-29 21:36:14,553 - INFO  [NIOServerCxn.Factory:0.0.0.0/0.0.0.0:2181:NIOServerCnxn@1001] - Closed socket connection for client /10.10.34.13:54348 which had sessionid 0x34ed9ac1c1e000c
2015-07-29 21:36:20,395 - INFO  [NIOServerCxn.Factory:0.0.0.0/0.0.0.0:2181:NIOServerCnxnFactory@197] - Accepted socket connection from /10.10.34.11:35822
2015-07-29 21:36:20,395 - WARN  [NIOServerCxn.Factory:0.0.0.0/0.0.0.0:2181:ZooKeeperServer@793] - Connection request from old client /10.10.34.11:35822; will be dropped if server is in r-o mode
2015-07-29 21:36:20,395 - INFO  [NIOServerCxn.Factory:0.0.0.0/0.0.0.0:2181:ZooKeeperServer@839] - Client attempting to establish new session at /10.10.34.11:35822
2015-07-29 21:36:20,396 - INFO  [NIOServerCxn.Factory:0.0.0.0/0.0.0.0:2181:NIOServerCnxnFactory@197] - Accepted socket connection from /10.10.34.11:35824
2015-07-29 21:36:20,396 - WARN  [NIOServerCxn.Factory:0.0.0.0/0.0.0.0:2181:ZooKeeperServer@793] - Connection request from old client /10.10.34.11:35824; will be dropped if server is in r-o mode
2015-07-29 21:36:20,396 - INFO  [NIOServerCxn.Factory:0.0.0.0/0.0.0.0:2181:ZooKeeperServer@839] - Client attempting to establish new session at /10.10.34.11:35824
2015-07-29 21:36:20,398 - INFO  [CommitProcessor:3:ZooKeeperServer@595] - Established session 0x34ed9ac1c1e0010 with negotiated timeout 10000 for client /10.10.34.11:35822
2015-07-29 21:36:20,398 - INFO  [CommitProcessor:3:ZooKeeperServer@595] - Established session 0x34ed9ac1c1e0011 with negotiated timeout 10000 for client /10.10.34.11:35824
2015-07-29 21:36:20,502 - INFO  [NIOServerCxn.Factory:0.0.0.0/0.0.0.0:2181:NIOServerCnxnFactory@197] - Accepted socket connection from /10.10.34.12:59240
2015-07-29 21:36:20,502 - WARN  [NIOServerCxn.Factory:0.0.0.0/0.0.0.0:2181:ZooKeeperServer@793] - Connection request from old client /10.10.34.12:59240; will be dropped if server is in r-o mode
2015-07-29 21:36:20,502 - INFO  [NIOServerCxn.Factory:0.0.0.0/0.0.0.0:2181:ZooKeeperServer@839] - Client attempting to establish new session at /10.10.34.12:59240
2015-07-29 21:36:20,504 - INFO  [CommitProcessor:3:ZooKeeperServer@595] - Established session 0x34ed9ac1c1e0012 with negotiated timeout 10000 for client /10.10.34.12:59240
2015-07-29 21:36:20,601 - INFO  [NIOServerCxn.Factory:0.0.0.0/0.0.0.0:2181:NIOServerCnxnFactory@197] - Accepted socket connection from /10.10.34.13:54354
2015-07-29 21:36:20,601 - WARN  [NIOServerCxn.Factory:0.0.0.0/0.0.0.0:2181:ZooKeeperServer@793] - Connection request from old client /10.10.34.13:54354; will be dropped if server is in r-o mode
2015-07-29 21:36:20,601 - INFO  [NIOServerCxn.Factory:0.0.0.0/0.0.0.0:2181:ZooKeeperServer@839] - Client attempting to establish new session at /10.10.34.13:54354
2015-07-29 21:36:20,603 - INFO  [CommitProcessor:3:ZooKeeperServer@595] - Established session 0x34ed9ac1c1e0013 with negotiated timeout 10000 for client /10.10.34.13:54354
2015-07-29 21:36:22,126 - INFO  [NIOServerCxn.Factory:0.0.0.0/0.0.0.0:2181:NIOServerCnxnFactory@197] - Accepted socket connection from /10.10.34.11:35839
2015-07-29 21:36:22,127 - WARN  [NIOServerCxn.Factory:0.0.0.0/0.0.0.0:2181:ZooKeeperServer@793] - Connection request from old client /10.10.34.11:35839; will be dropped if server is in r-o mode
2015-07-29 21:36:22,127 - INFO  [NIOServerCxn.Factory:0.0.0.0/0.0.0.0:2181:ZooKeeperServer@839] - Client attempting to establish new session at /10.10.34.11:35839
2015-07-29 21:36:22,130 - INFO  [CommitProcessor:3:ZooKeeperServer@595] - Established session 0x34ed9ac1c1e0014 with negotiated timeout 10000 for client /10.10.34.11:35839
2015-07-29 21:36:22,405 - INFO  [NIOServerCxn.Factory:0.0.0.0/0.0.0.0:2181:NIOServerCnxnFactory@197] - Accepted socket connection from /10.10.34.13:54359
2015-07-29 21:36:22,406 - WARN  [NIOServerCxn.Factory:0.0.0.0/0.0.0.0:2181:ZooKeeperServer@793] - Connection request from old client /10.10.34.13:54359; will be dropped if server is in r-o mode
2015-07-29 21:36:22,406 - INFO  [NIOServerCxn.Factory:0.0.0.0/0.0.0.0:2181:ZooKeeperServer@839] - Client attempting to establish new session at /10.10.34.13:54359
2015-07-29 21:36:22,408 - INFO  [CommitProcessor:3:ZooKeeperServer@595] - Established session 0x34ed9ac1c1e0015 with negotiated timeout 10000 for client /10.10.34.13:54359
2015-07-29 21:36:23,018 - INFO  [NIOServerCxn.Factory:0.0.0.0/0.0.0.0:2181:NIOServerCnxnFactory@197] - Accepted socket connection from /10.10.34.18:46593
2015-07-29 21:36:23,019 - WARN  [NIOServerCxn.Factory:0.0.0.0/0.0.0.0:2181:ZooKeeperServer@793] - Connection request from old client /10.10.34.18:46593; will be dropped if server is in r-o mode
2015-07-29 21:36:23,019 - INFO  [NIOServerCxn.Factory:0.0.0.0/0.0.0.0:2181:ZooKeeperServer@839] - Client attempting to establish new session at /10.10.34.18:46593
2015-07-29 21:36:23,021 - INFO  [CommitProcessor:3:ZooKeeperServer@595] - Established session 0x34ed9ac1c1e0016 with negotiated timeout 10000 for client /10.10.34.18:46593
2015-07-29 21:36:23,441 - INFO  [NIOServerCxn.Factory:0.0.0.0/0.0.0.0:2181:NIOServerCnxnFactory@197] - Accepted socket connection from /10.10.34.22:60113
2015-07-29 21:36:23,442 - WARN  [NIOServerCxn.Factory:0.0.0.0/0.0.0.0:2181:ZooKeeperServer@793] - Connection request from old client /10.10.34.22:60113; will be dropped if server is in r-o mode
2015-07-29 21:36:23,442 - INFO  [NIOServerCxn.Factory:0.0.0.0/0.0.0.0:2181:ZooKeeperServer@839] - Client attempting to establish new session at /10.10.34.22:60113
2015-07-29 21:36:23,444 - INFO  [CommitProcessor:3:ZooKeeperServer@595] - Established session 0x34ed9ac1c1e0017 with negotiated timeout 10000 for client /10.10.34.22:60113
2015-07-29 21:36:29,899 - WARN  [NIOServerCxn.Factory:0.0.0.0/0.0.0.0:2181:NIOServerCnxn@349] - caught end of stream exception
2015-07-29 21:36:29,899 - INFO  [NIOServerCxn.Factory:0.0.0.0/0.0.0.0:2181:NIOServerCnxn@1001] - Closed socket connection for client /10.10.34.11:35839 which had sessionid 0x34ed9ac1c1e0014
2015-07-29 21:39:05,412 - INFO  [NIOServerCxn.Factory:0.0.0.0/0.0.0.0:2181:NIOServerCnxnFactory@197] - Accepted socket connection from /10.10.34.30:58729
2015-07-29 21:39:05,413 - WARN  [NIOServerCxn.Factory:0.0.0.0/0.0.0.0:2181:ZooKeeperServer@793] - Connection request from old client /10.10.34.30:58729; will be dropped if server is in r-o mode
2015-07-29 21:39:05,413 - INFO  [NIOServerCxn.Factory:0.0.0.0/0.0.0.0:2181:ZooKeeperServer@839] - Client attempting to establish new session at /10.10.34.30:58729
2015-07-29 21:39:05,415 - INFO  [CommitProcessor:3:ZooKeeperServer@595] - Established session 0x34ed9ac1c1e0018 with negotiated timeout 10000 for client /10.10.34.30:58729
2015-07-29 21:39:06,623 - WARN  [NIOServerCxn.Factory:0.0.0.0/0.0.0.0:2181:NIOServerCnxn@349] - caught end of stream exception
2015-07-29 21:39:06,624 - INFO  [NIOServerCxn.Factory:0.0.0.0/0.0.0.0:2181:NIOServerCnxn@1001] - Closed socket connection for client /10.10.34.30:58729 which had sessionid 0x34ed9ac1c1e0018
2015-07-29 21:39:13,867 - WARN  [NIOServerCxn.Factory:0.0.0.0/0.0.0.0:2181:NIOServerCnxn@349] - caught end of stream exception
2015-07-29 21:39:13,868 - INFO  [NIOServerCxn.Factory:0.0.0.0/0.0.0.0:2181:NIOServerCnxn@1001] - Closed socket connection for client /10.10.34.13:54359 which had sessionid 0x34ed9ac1c1e0015
2015-07-29 21:39:14,477 - WARN  [NIOServerCxn.Factory:0.0.0.0/0.0.0.0:2181:NIOServerCnxn@349] - caught end of stream exception
2015-07-29 21:39:14,477 - INFO  [NIOServerCxn.Factory:0.0.0.0/0.0.0.0:2181:NIOServerCnxn@1001] - Closed socket connection for client /10.10.34.18:46593 which had sessionid 0x34ed9ac1c1e0016
2015-07-29 21:39:14,903 - WARN  [NIOServerCxn.Factory:0.0.0.0/0.0.0.0:2181:NIOServerCnxn@349] - caught end of stream exception
2015-07-29 21:39:14,904 - INFO  [NIOServerCxn.Factory:0.0.0.0/0.0.0.0:2181:NIOServerCnxn@1001] - Closed socket connection for client /10.10.34.22:60113 which had sessionid 0x34ed9ac1c1e0017
2015-07-29 21:39:18,208 - WARN  [NIOServerCxn.Factory:0.0.0.0/0.0.0.0:2181:NIOServerCnxn@349] - caught end of stream exception
2015-07-29 21:39:18,208 - INFO  [NIOServerCxn.Factory:0.0.0.0/0.0.0.0:2181:NIOServerCnxn@1001] - Closed socket connection for client /10.10.34.11:35822 which had sessionid 0x34ed9ac1c1e0010
2015-07-29 21:39:18,209 - WARN  [NIOServerCxn.Factory:0.0.0.0/0.0.0.0:2181:NIOServerCnxn@349] - caught end of stream exception
2015-07-29 21:39:18,209 - INFO  [NIOServerCxn.Factory:0.0.0.0/0.0.0.0:2181:NIOServerCnxn@1001] - Closed socket connection for client /10.10.34.11:35824 which had sessionid 0x34ed9ac1c1e0011
2015-07-29 21:39:18,310 - WARN  [NIOServerCxn.Factory:0.0.0.0/0.0.0.0:2181:NIOServerCnxn@349] - caught end of stream exception
2015-07-29 21:39:18,311 - INFO  [NIOServerCxn.Factory:0.0.0.0/0.0.0.0:2181:NIOServerCnxn@1001] - Closed socket connection for client /10.10.34.12:59240 which had sessionid 0x34ed9ac1c1e0012
2015-07-29 21:39:18,415 - WARN  [NIOServerCxn.Factory:0.0.0.0/0.0.0.0:2181:NIOServerCnxn@349] - caught end of stream exception
2015-07-29 21:39:18,416 - INFO  [NIOServerCxn.Factory:0.0.0.0/0.0.0.0:2181:NIOServerCnxn@1001] - Closed socket connection for client /10.10.34.13:54354 which had sessionid 0x34ed9ac1c1e0013
2015-07-29 21:39:24,077 - INFO  [NIOServerCxn.Factory:0.0.0.0/0.0.0.0:2181:NIOServerCnxnFactory@197] - Accepted socket connection from /10.10.34.11:35988
2015-07-29 21:39:24,077 - WARN  [NIOServerCxn.Factory:0.0.0.0/0.0.0.0:2181:ZooKeeperServer@793] - Connection request from old client /10.10.34.11:35988; will be dropped if server is in r-o mode
2015-07-29 21:39:24,078 - INFO  [NIOServerCxn.Factory:0.0.0.0/0.0.0.0:2181:ZooKeeperServer@839] - Client attempting to establish new session at /10.10.34.11:35988
2015-07-29 21:39:24,078 - INFO  [NIOServerCxn.Factory:0.0.0.0/0.0.0.0:2181:NIOServerCnxnFactory@197] - Accepted socket connection from /10.10.34.11:35990
2015-07-29 21:39:24,078 - WARN  [NIOServerCxn.Factory:0.0.0.0/0.0.0.0:2181:ZooKeeperServer@793] - Connection request from old client /10.10.34.11:35990; will be dropped if server is in r-o mode
2015-07-29 21:39:24,078 - INFO  [NIOServerCxn.Factory:0.0.0.0/0.0.0.0:2181:ZooKeeperServer@839] - Client attempting to establish new session at /10.10.34.11:35990
2015-07-29 21:39:24,080 - INFO  [CommitProcessor:3:ZooKeeperServer@595] - Established session 0x34ed9ac1c1e0019 with negotiated timeout 10000 for client /10.10.34.11:35988
2015-07-29 21:39:24,080 - INFO  [CommitProcessor:3:ZooKeeperServer@595] - Established session 0x34ed9ac1c1e001a with negotiated timeout 10000 for client /10.10.34.11:35990
2015-07-29 21:39:24,182 - INFO  [NIOServerCxn.Factory:0.0.0.0/0.0.0.0:2181:NIOServerCnxnFactory@197] - Accepted socket connection from /10.10.34.12:59247
2015-07-29 21:39:24,182 - WARN  [NIOServerCxn.Factory:0.0.0.0/0.0.0.0:2181:ZooKeeperServer@793] - Connection request from old client /10.10.34.12:59247; will be dropped if server is in r-o mode
2015-07-29 21:39:24,182 - INFO  [NIOServerCxn.Factory:0.0.0.0/0.0.0.0:2181:ZooKeeperServer@839] - Client attempting to establish new session at /10.10.34.12:59247
2015-07-29 21:39:24,182 - INFO  [NIOServerCxn.Factory:0.0.0.0/0.0.0.0:2181:NIOServerCnxnFactory@197] - Accepted socket connection from /10.10.34.12:59248
2015-07-29 21:39:24,183 - WARN  [NIOServerCxn.Factory:0.0.0.0/0.0.0.0:2181:ZooKeeperServer@793] - Connection request from old client /10.10.34.12:59248; will be dropped if server is in r-o mode
2015-07-29 21:39:24,183 - INFO  [NIOServerCxn.Factory:0.0.0.0/0.0.0.0:2181:ZooKeeperServer@839] - Client attempting to establish new session at /10.10.34.12:59248
2015-07-29 21:39:24,184 - INFO  [CommitProcessor:3:ZooKeeperServer@595] - Established session 0x34ed9ac1c1e001b with negotiated timeout 10000 for client /10.10.34.12:59247
2015-07-29 21:39:24,184 - INFO  [CommitProcessor:3:ZooKeeperServer@595] - Established session 0x34ed9ac1c1e001c with negotiated timeout 10000 for client /10.10.34.12:59248
2015-07-29 21:39:24,277 - INFO  [NIOServerCxn.Factory:0.0.0.0/0.0.0.0:2181:NIOServerCnxnFactory@197] - Accepted socket connection from /10.10.34.13:54362
2015-07-29 21:39:24,278 - WARN  [NIOServerCxn.Factory:0.0.0.0/0.0.0.0:2181:ZooKeeperServer@793] - Connection request from old client /10.10.34.13:54362; will be dropped if server is in r-o mode
2015-07-29 21:39:24,278 - INFO  [NIOServerCxn.Factory:0.0.0.0/0.0.0.0:2181:ZooKeeperServer@839] - Client attempting to establish new session at /10.10.34.13:54362
2015-07-29 21:39:24,280 - INFO  [CommitProcessor:3:ZooKeeperServer@595] - Established session 0x34ed9ac1c1e001d with negotiated timeout 10000 for client /10.10.34.13:54362
2015-07-29 21:39:25,881 - INFO  [NIOServerCxn.Factory:0.0.0.0/0.0.0.0:2181:NIOServerCnxnFactory@197] - Accepted socket connection from /10.10.34.11:36006
2015-07-29 21:39:25,881 - WARN  [NIOServerCxn.Factory:0.0.0.0/0.0.0.0:2181:ZooKeeperServer@793] - Connection request from old client /10.10.34.11:36006; will be dropped if server is in r-o mode
2015-07-29 21:39:25,882 - INFO  [NIOServerCxn.Factory:0.0.0.0/0.0.0.0:2181:ZooKeeperServer@839] - Client attempting to establish new session at /10.10.34.11:36006
2015-07-29 21:39:25,884 - INFO  [CommitProcessor:3:ZooKeeperServer@595] - Established session 0x34ed9ac1c1e001e with negotiated timeout 10000 for client /10.10.34.11:36006
2015-07-29 21:39:26,186 - INFO  [NIOServerCxn.Factory:0.0.0.0/0.0.0.0:2181:NIOServerCnxnFactory@197] - Accepted socket connection from /10.10.34.14:49746
2015-07-29 21:39:26,187 - WARN  [NIOServerCxn.Factory:0.0.0.0/0.0.0.0:2181:ZooKeeperServer@793] - Connection request from old client /10.10.34.14:49746; will be dropped if server is in r-o mode
2015-07-29 21:39:26,187 - INFO  [NIOServerCxn.Factory:0.0.0.0/0.0.0.0:2181:ZooKeeperServer@839] - Client attempting to establish new session at /10.10.34.14:49746
2015-07-29 21:39:26,189 - INFO  [CommitProcessor:3:ZooKeeperServer@595] - Established session 0x34ed9ac1c1e001f with negotiated timeout 10000 for client /10.10.34.14:49746
2015-07-29 21:39:26,398 - INFO  [NIOServerCxn.Factory:0.0.0.0/0.0.0.0:2181:NIOServerCnxnFactory@197] - Accepted socket connection from /10.10.34.16:42337
2015-07-29 21:39:26,399 - WARN  [NIOServerCxn.Factory:0.0.0.0/0.0.0.0:2181:ZooKeeperServer@793] - Connection request from old client /10.10.34.16:42337; will be dropped if server is in r-o mode
2015-07-29 21:39:26,399 - INFO  [NIOServerCxn.Factory:0.0.0.0/0.0.0.0:2181:ZooKeeperServer@839] - Client attempting to establish new session at /10.10.34.16:42337
2015-07-29 21:39:26,401 - INFO  [CommitProcessor:3:ZooKeeperServer@595] - Established session 0x34ed9ac1c1e0020 with negotiated timeout 10000 for client /10.10.34.16:42337
2015-07-29 21:39:26,697 - INFO  [NIOServerCxn.Factory:0.0.0.0/0.0.0.0:2181:NIOServerCnxnFactory@197] - Accepted socket connection from /10.10.34.18:46595
2015-07-29 21:39:26,698 - WARN  [NIOServerCxn.Factory:0.0.0.0/0.0.0.0:2181:ZooKeeperServer@793] - Connection request from old client /10.10.34.18:46595; will be dropped if server is in r-o mode
2015-07-29 21:39:26,698 - INFO  [NIOServerCxn.Factory:0.0.0.0/0.0.0.0:2181:ZooKeeperServer@839] - Client attempting to establish new session at /10.10.34.18:46595
2015-07-29 21:39:26,700 - INFO  [CommitProcessor:3:ZooKeeperServer@595] - Established session 0x34ed9ac1c1e0021 with negotiated timeout 10000 for client /10.10.34.18:46595
2015-07-29 21:39:27,121 - INFO  [NIOServerCxn.Factory:0.0.0.0/0.0.0.0:2181:NIOServerCnxnFactory@197] - Accepted socket connection from /10.10.34.22:60115
2015-07-29 21:39:27,121 - WARN  [NIOServerCxn.Factory:0.0.0.0/0.0.0.0:2181:ZooKeeperServer@793] - Connection request from old client /10.10.34.22:60115; will be dropped if server is in r-o mode
2015-07-29 21:39:27,122 - INFO  [NIOServerCxn.Factory:0.0.0.0/0.0.0.0:2181:ZooKeeperServer@839] - Client attempting to establish new session at /10.10.34.22:60115
2015-07-29 21:39:27,124 - INFO  [CommitProcessor:3:ZooKeeperServer@595] - Established session 0x34ed9ac1c1e0022 with negotiated timeout 10000 for client /10.10.34.22:60115
2015-07-29 21:39:27,432 - INFO  [NIOServerCxn.Factory:0.0.0.0/0.0.0.0:2181:NIOServerCnxnFactory@197] - Accepted socket connection from /10.10.34.25:55842
2015-07-29 21:39:27,433 - WARN  [NIOServerCxn.Factory:0.0.0.0/0.0.0.0:2181:ZooKeeperServer@793] - Connection request from old client /10.10.34.25:55842; will be dropped if server is in r-o mode
2015-07-29 21:39:27,433 - INFO  [NIOServerCxn.Factory:0.0.0.0/0.0.0.0:2181:ZooKeeperServer@839] - Client attempting to establish new session at /10.10.34.25:55842
2015-07-29 21:39:27,435 - INFO  [CommitProcessor:3:ZooKeeperServer@595] - Established session 0x34ed9ac1c1e0023 with negotiated timeout 10000 for client /10.10.34.25:55842
2015-07-29 21:39:27,655 - INFO  [NIOServerCxn.Factory:0.0.0.0/0.0.0.0:2181:NIOServerCnxnFactory@197] - Accepted socket connection from /10.10.34.31:34887
2015-07-29 21:39:27,656 - WARN  [NIOServerCxn.Factory:0.0.0.0/0.0.0.0:2181:ZooKeeperServer@793] - Connection request from old client /10.10.34.31:34887; will be dropped if server is in r-o mode
2015-07-29 21:39:27,656 - INFO  [NIOServerCxn.Factory:0.0.0.0/0.0.0.0:2181:ZooKeeperServer@839] - Client attempting to establish new session at /10.10.34.31:34887
2015-07-29 21:39:27,658 - INFO  [CommitProcessor:3:ZooKeeperServer@595] - Established session 0x34ed9ac1c1e0024 with negotiated timeout 10000 for client /10.10.34.31:34887
2015-07-29 21:39:28,476 - INFO  [NIOServerCxn.Factory:0.0.0.0/0.0.0.0:2181:NIOServerCnxnFactory@197] - Accepted socket connection from /10.10.34.39:53456
2015-07-29 21:39:28,476 - WARN  [NIOServerCxn.Factory:0.0.0.0/0.0.0.0:2181:ZooKeeperServer@793] - Connection request from old client /10.10.34.39:53456; will be dropped if server is in r-o mode
2015-07-29 21:39:28,476 - INFO  [NIOServerCxn.Factory:0.0.0.0/0.0.0.0:2181:ZooKeeperServer@839] - Client attempting to establish new session at /10.10.34.39:53456
2015-07-29 21:39:28,479 - INFO  [CommitProcessor:3:ZooKeeperServer@595] - Established session 0x34ed9ac1c1e0025 with negotiated timeout 10000 for client /10.10.34.39:53456
2015-07-29 21:41:20,221 - WARN  [NIOServerCxn.Factory:0.0.0.0/0.0.0.0:2181:NIOServerCnxn@349] - caught end of stream exception
2015-07-29 21:41:20,222 - INFO  [NIOServerCxn.Factory:0.0.0.0/0.0.0.0:2181:NIOServerCnxn@1001] - Closed socket connection for client /10.10.34.31:34887 which had sessionid 0x34ed9ac1c1e0024
2015-07-29 21:41:20,259 - WARN  [NIOServerCxn.Factory:0.0.0.0/0.0.0.0:2181:NIOServerCnxn@349] - caught end of stream exception
2015-07-29 21:41:20,260 - INFO  [NIOServerCxn.Factory:0.0.0.0/0.0.0.0:2181:NIOServerCnxn@1001] - Closed socket connection for client /10.10.34.39:53456 which had sessionid 0x34ed9ac1c1e0025
2015-07-29 23:02:32,345 - INFO  [NIOServerCxn.Factory:0.0.0.0/0.0.0.0:2181:NIOServerCnxnFactory@197] - Accepted socket connection from /10.10.34.27:34554
2015-07-29 23:02:32,346 - WARN  [NIOServerCxn.Factory:0.0.0.0/0.0.0.0:2181:ZooKeeperServer@793] - Connection request from old client /10.10.34.27:34554; will be dropped if server is in r-o mode
2015-07-29 23:02:32,346 - INFO  [NIOServerCxn.Factory:0.0.0.0/0.0.0.0:2181:ZooKeeperServer@839] - Client attempting to establish new session at /10.10.34.27:34554
2015-07-29 23:02:32,348 - INFO  [CommitProcessor:3:ZooKeeperServer@595] - Established session 0x34ed9ac1c1e0026 with negotiated timeout 10000 for client /10.10.34.27:34554
2015-07-29 23:02:32,519 - INFO  [NIOServerCxn.Factory:0.0.0.0/0.0.0.0:2181:NIOServerCnxnFactory@197] - Accepted socket connection from /10.10.34.26:44766
2015-07-29 23:02:32,520 - WARN  [NIOServerCxn.Factory:0.0.0.0/0.0.0.0:2181:ZooKeeperServer@793] - Connection request from old client /10.10.34.26:44766; will be dropped if server is in r-o mode
2015-07-29 23:02:32,520 - INFO  [NIOServerCxn.Factory:0.0.0.0/0.0.0.0:2181:ZooKeeperServer@839] - Client attempting to establish new session at /10.10.34.26:44766
2015-07-29 23:02:32,522 - INFO  [CommitProcessor:3:ZooKeeperServer@595] - Established session 0x34ed9ac1c1e0027 with negotiated timeout 10000 for client /10.10.34.26:44766
2015-07-29 23:02:32,736 - INFO  [NIOServerCxn.Factory:0.0.0.0/0.0.0.0:2181:NIOServerCnxnFactory@197] - Accepted socket connection from /10.10.34.36:37581
2015-07-29 23:02:32,737 - WARN  [NIOServerCxn.Factory:0.0.0.0/0.0.0.0:2181:ZooKeeperServer@793] - Connection request from old client /10.10.34.36:37581; will be dropped if server is in r-o mode
2015-07-29 23:02:32,737 - INFO  [NIOServerCxn.Factory:0.0.0.0/0.0.0.0:2181:ZooKeeperServer@839] - Client attempting to establish new session at /10.10.34.36:37581
2015-07-29 23:02:32,739 - INFO  [CommitProcessor:3:ZooKeeperServer@595] - Established session 0x34ed9ac1c1e0028 with negotiated timeout 10000 for client /10.10.34.36:37581
2015-07-29 23:02:32,997 - INFO  [NIOServerCxn.Factory:0.0.0.0/0.0.0.0:2181:NIOServerCnxnFactory@197] - Accepted socket connection from /10.10.34.31:39643
2015-07-29 23:02:32,997 - WARN  [NIOServerCxn.Factory:0.0.0.0/0.0.0.0:2181:ZooKeeperServer@793] - Connection request from old client /10.10.34.31:39643; will be dropped if server is in r-o mode
2015-07-29 23:02:32,997 - INFO  [NIOServerCxn.Factory:0.0.0.0/0.0.0.0:2181:ZooKeeperServer@839] - Client attempting to establish new session at /10.10.34.31:39643
2015-07-29 23:02:32,999 - INFO  [CommitProcessor:3:ZooKeeperServer@595] - Established session 0x34ed9ac1c1e0029 with negotiated timeout 10000 for client /10.10.34.31:39643
2015-07-29 23:02:33,102 - INFO  [NIOServerCxn.Factory:0.0.0.0/0.0.0.0:2181:NIOServerCnxnFactory@197] - Accepted socket connection from /10.10.34.38:43508
2015-07-29 23:02:33,103 - WARN  [NIOServerCxn.Factory:0.0.0.0/0.0.0.0:2181:ZooKeeperServer@793] - Connection request from old client /10.10.34.38:43508; will be dropped if server is in r-o mode
2015-07-29 23:02:33,103 - INFO  [NIOServerCxn.Factory:0.0.0.0/0.0.0.0:2181:ZooKeeperServer@839] - Client attempting to establish new session at /10.10.34.38:43508
2015-07-29 23:02:33,105 - INFO  [CommitProcessor:3:ZooKeeperServer@595] - Established session 0x34ed9ac1c1e002a with negotiated timeout 10000 for client /10.10.34.38:43508
2015-07-29 23:02:33,182 - INFO  [NIOServerCxn.Factory:0.0.0.0/0.0.0.0:2181:NIOServerCnxnFactory@197] - Accepted socket connection from /10.10.34.39:45020
2015-07-29 23:02:33,182 - WARN  [NIOServerCxn.Factory:0.0.0.0/0.0.0.0:2181:ZooKeeperServer@793] - Connection request from old client /10.10.34.39:45020; will be dropped if server is in r-o mode
2015-07-29 23:02:33,182 - INFO  [NIOServerCxn.Factory:0.0.0.0/0.0.0.0:2181:ZooKeeperServer@839] - Client attempting to establish new session at /10.10.34.39:45020
2015-07-29 23:02:33,184 - INFO  [CommitProcessor:3:ZooKeeperServer@595] - Established session 0x34ed9ac1c1e002b with negotiated timeout 10000 for client /10.10.34.39:45020
2015-07-29 23:02:33,504 - INFO  [NIOServerCxn.Factory:0.0.0.0/0.0.0.0:2181:NIOServerCnxnFactory@197] - Accepted socket connection from /10.10.34.42:39465
2015-07-29 23:02:33,504 - WARN  [NIOServerCxn.Factory:0.0.0.0/0.0.0.0:2181:ZooKeeperServer@793] - Connection request from old client /10.10.34.42:39465; will be dropped if server is in r-o mode
2015-07-29 23:02:33,504 - INFO  [NIOServerCxn.Factory:0.0.0.0/0.0.0.0:2181:ZooKeeperServer@839] - Client attempting to establish new session at /10.10.34.42:39465
2015-07-29 23:02:33,506 - INFO  [CommitProcessor:3:ZooKeeperServer@595] - Established session 0x34ed9ac1c1e002c with negotiated timeout 10000 for client /10.10.34.42:39465
2015-07-29 23:05:03,062 - WARN  [NIOServerCxn.Factory:0.0.0.0/0.0.0.0:2181:NIOServerCnxn@349] - caught end of stream exception
2015-07-29 23:05:03,062 - INFO  [NIOServerCxn.Factory:0.0.0.0/0.0.0.0:2181:NIOServerCnxn@1001] - Closed socket connection for client /10.10.34.11:36006 which had sessionid 0x34ed9ac1c1e001e
2015-07-29 23:05:03,363 - WARN  [NIOServerCxn.Factory:0.0.0.0/0.0.0.0:2181:NIOServerCnxn@349] - caught end of stream exception
2015-07-29 23:05:03,364 - INFO  [NIOServerCxn.Factory:0.0.0.0/0.0.0.0:2181:NIOServerCnxn@1001] - Closed socket connection for client /10.10.34.14:49746 which had sessionid 0x34ed9ac1c1e001f
2015-07-29 23:05:03,567 - WARN  [NIOServerCxn.Factory:0.0.0.0/0.0.0.0:2181:NIOServerCnxn@349] - caught end of stream exception
2015-07-29 23:05:03,568 - INFO  [NIOServerCxn.Factory:0.0.0.0/0.0.0.0:2181:NIOServerCnxn@1001] - Closed socket connection for client /10.10.34.16:42337 which had sessionid 0x34ed9ac1c1e0020
2015-07-29 23:05:03,870 - WARN  [NIOServerCxn.Factory:0.0.0.0/0.0.0.0:2181:NIOServerCnxn@349] - caught end of stream exception
2015-07-29 23:05:03,871 - INFO  [NIOServerCxn.Factory:0.0.0.0/0.0.0.0:2181:NIOServerCnxn@1001] - Closed socket connection for client /10.10.34.18:46595 which had sessionid 0x34ed9ac1c1e0021
2015-07-29 23:05:04,299 - WARN  [NIOServerCxn.Factory:0.0.0.0/0.0.0.0:2181:NIOServerCnxn@349] - caught end of stream exception
2015-07-29 23:05:04,300 - INFO  [NIOServerCxn.Factory:0.0.0.0/0.0.0.0:2181:NIOServerCnxn@1001] - Closed socket connection for client /10.10.34.22:60115 which had sessionid 0x34ed9ac1c1e0022
2015-07-29 23:05:04,448 - WARN  [NIOServerCxn.Factory:0.0.0.0/0.0.0.0:2181:NIOServerCnxn@349] - caught end of stream exception
2015-07-29 23:05:04,448 - INFO  [NIOServerCxn.Factory:0.0.0.0/0.0.0.0:2181:NIOServerCnxn@1001] - Closed socket connection for client /10.10.34.27:34554 which had sessionid 0x34ed9ac1c1e0026
2015-07-29 23:05:04,600 - WARN  [NIOServerCxn.Factory:0.0.0.0/0.0.0.0:2181:NIOServerCnxn@349] - caught end of stream exception
2015-07-29 23:05:04,601 - INFO  [NIOServerCxn.Factory:0.0.0.0/0.0.0.0:2181:NIOServerCnxn@1001] - Closed socket connection for client /10.10.34.25:55842 which had sessionid 0x34ed9ac1c1e0023
2015-07-29 23:05:04,710 - WARN  [NIOServerCxn.Factory:0.0.0.0/0.0.0.0:2181:NIOServerCnxn@349] - caught end of stream exception
2015-07-29 23:05:04,710 - INFO  [NIOServerCxn.Factory:0.0.0.0/0.0.0.0:2181:NIOServerCnxn@1001] - Closed socket connection for client /10.10.34.26:44766 which had sessionid 0x34ed9ac1c1e0027
2015-07-29 23:05:04,849 - WARN  [NIOServerCxn.Factory:0.0.0.0/0.0.0.0:2181:NIOServerCnxn@349] - caught end of stream exception
2015-07-29 23:05:04,849 - INFO  [NIOServerCxn.Factory:0.0.0.0/0.0.0.0:2181:NIOServerCnxn@1001] - Closed socket connection for client /10.10.34.31:39643 which had sessionid 0x34ed9ac1c1e0029
2015-07-29 23:05:05,368 - WARN  [NIOServerCxn.Factory:0.0.0.0/0.0.0.0:2181:NIOServerCnxn@349] - caught end of stream exception
2015-07-29 23:05:05,369 - INFO  [NIOServerCxn.Factory:0.0.0.0/0.0.0.0:2181:NIOServerCnxn@1001] - Closed socket connection for client /10.10.34.36:37581 which had sessionid 0x34ed9ac1c1e0028
2015-07-29 23:05:05,571 - WARN  [NIOServerCxn.Factory:0.0.0.0/0.0.0.0:2181:NIOServerCnxn@349] - caught end of stream exception
2015-07-29 23:05:05,571 - INFO  [NIOServerCxn.Factory:0.0.0.0/0.0.0.0:2181:NIOServerCnxn@1001] - Closed socket connection for client /10.10.34.38:43508 which had sessionid 0x34ed9ac1c1e002a
2015-07-29 23:05:05,678 - WARN  [NIOServerCxn.Factory:0.0.0.0/0.0.0.0:2181:NIOServerCnxn@349] - caught end of stream exception
2015-07-29 23:05:05,679 - INFO  [NIOServerCxn.Factory:0.0.0.0/0.0.0.0:2181:NIOServerCnxn@1001] - Closed socket connection for client /10.10.34.39:45020 which had sessionid 0x34ed9ac1c1e002b
2015-07-29 23:05:05,988 - WARN  [NIOServerCxn.Factory:0.0.0.0/0.0.0.0:2181:NIOServerCnxn@349] - caught end of stream exception
2015-07-29 23:05:05,988 - INFO  [NIOServerCxn.Factory:0.0.0.0/0.0.0.0:2181:NIOServerCnxn@1001] - Closed socket connection for client /10.10.34.42:39465 which had sessionid 0x34ed9ac1c1e002c
2015-07-29 23:41:58,324 - INFO  [NIOServerCxn.Factory:0.0.0.0/0.0.0.0:2181:NIOServerCnxnFactory@197] - Accepted socket connection from /10.10.34.11:36262
2015-07-29 23:41:58,324 - WARN  [NIOServerCxn.Factory:0.0.0.0/0.0.0.0:2181:ZooKeeperServer@793] - Connection request from old client /10.10.34.11:36262; will be dropped if server is in r-o mode
2015-07-29 23:41:58,324 - INFO  [NIOServerCxn.Factory:0.0.0.0/0.0.0.0:2181:ZooKeeperServer@839] - Client attempting to establish new session at /10.10.34.11:36262
2015-07-29 23:41:58,327 - INFO  [CommitProcessor:3:ZooKeeperServer@595] - Established session 0x34ed9ac1c1e002d with negotiated timeout 10000 for client /10.10.34.11:36262
2015-07-29 23:42:53,381 - INFO  [NIOServerCxn.Factory:0.0.0.0/0.0.0.0:2181:NIOServerCnxnFactory@197] - Accepted socket connection from /10.10.34.42:39469
2015-07-29 23:42:53,382 - WARN  [NIOServerCxn.Factory:0.0.0.0/0.0.0.0:2181:ZooKeeperServer@793] - Connection request from old client /10.10.34.42:39469; will be dropped if server is in r-o mode
2015-07-29 23:42:53,382 - INFO  [NIOServerCxn.Factory:0.0.0.0/0.0.0.0:2181:ZooKeeperServer@839] - Client attempting to establish new session at /10.10.34.42:39469
2015-07-29 23:42:53,384 - INFO  [CommitProcessor:3:ZooKeeperServer@595] - Established session 0x34ed9ac1c1e002e with negotiated timeout 10000 for client /10.10.34.42:39469
2015-07-29 23:43:22,227 - WARN  [NIOServerCxn.Factory:0.0.0.0/0.0.0.0:2181:NIOServerCnxn@349] - caught end of stream exception
2015-07-29 23:43:22,227 - INFO  [NIOServerCxn.Factory:0.0.0.0/0.0.0.0:2181:NIOServerCnxn@1001] - Closed socket connection for client /10.10.34.42:39469 which had sessionid 0x34ed9ac1c1e002e
2015-07-29 23:44:20,944 - INFO  [NIOServerCxn.Factory:0.0.0.0/0.0.0.0:2181:NIOServerCnxnFactory@197] - Accepted socket connection from /10.10.34.16:42339
2015-07-29 23:44:20,945 - WARN  [NIOServerCxn.Factory:0.0.0.0/0.0.0.0:2181:ZooKeeperServer@793] - Connection request from old client /10.10.34.16:42339; will be dropped if server is in r-o mode
2015-07-29 23:44:20,945 - INFO  [NIOServerCxn.Factory:0.0.0.0/0.0.0.0:2181:ZooKeeperServer@839] - Client attempting to establish new session at /10.10.34.16:42339
2015-07-29 23:44:20,947 - INFO  [CommitProcessor:3:ZooKeeperServer@595] - Established session 0x34ed9ac1c1e002f with negotiated timeout 10000 for client /10.10.34.16:42339
2015-07-29 23:44:21,254 - INFO  [NIOServerCxn.Factory:0.0.0.0/0.0.0.0:2181:NIOServerCnxnFactory@197] - Accepted socket connection from /10.10.34.18:46598
2015-07-29 23:44:21,255 - WARN  [NIOServerCxn.Factory:0.0.0.0/0.0.0.0:2181:ZooKeeperServer@793] - Connection request from old client /10.10.34.18:46598; will be dropped if server is in r-o mode
2015-07-29 23:44:21,255 - INFO  [NIOServerCxn.Factory:0.0.0.0/0.0.0.0:2181:ZooKeeperServer@839] - Client attempting to establish new session at /10.10.34.18:46598
2015-07-29 23:44:21,257 - INFO  [CommitProcessor:3:ZooKeeperServer@595] - Established session 0x34ed9ac1c1e0030 with negotiated timeout 10000 for client /10.10.34.18:46598
2015-07-29 23:44:21,498 - WARN  [NIOServerCxn.Factory:0.0.0.0/0.0.0.0:2181:NIOServerCnxn@349] - caught end of stream exception
2015-07-29 23:44:21,498 - INFO  [NIOServerCxn.Factory:0.0.0.0/0.0.0.0:2181:NIOServerCnxn@1001] - Closed socket connection for client /10.10.34.18:46598 which had sessionid 0x34ed9ac1c1e0030
2015-07-29 23:44:21,500 - ERROR [CommitProcessor:3:NIOServerCnxn@180] - Unexpected Exception: 
2015-07-29 23:44:21,574 - INFO  [NIOServerCxn.Factory:0.0.0.0/0.0.0.0:2181:NIOServerCnxnFactory@197] - Accepted socket connection from /10.10.34.21:52833
2015-07-29 23:44:21,575 - WARN  [NIOServerCxn.Factory:0.0.0.0/0.0.0.0:2181:ZooKeeperServer@793] - Connection request from old client /10.10.34.21:52833; will be dropped if server is in r-o mode
2015-07-29 23:44:21,575 - INFO  [NIOServerCxn.Factory:0.0.0.0/0.0.0.0:2181:ZooKeeperServer@839] - Client attempting to establish new session at /10.10.34.21:52833
2015-07-29 23:44:21,577 - INFO  [CommitProcessor:3:ZooKeeperServer@595] - Established session 0x34ed9ac1c1e0031 with negotiated timeout 10000 for client /10.10.34.21:52833
2015-07-29 23:44:21,907 - INFO  [NIOServerCxn.Factory:0.0.0.0/0.0.0.0:2181:NIOServerCnxnFactory@197] - Accepted socket connection from /10.10.34.28:49848
2015-07-29 23:44:21,907 - WARN  [NIOServerCxn.Factory:0.0.0.0/0.0.0.0:2181:ZooKeeperServer@793] - Connection request from old client /10.10.34.28:49848; will be dropped if server is in r-o mode
2015-07-29 23:44:21,907 - INFO  [NIOServerCxn.Factory:0.0.0.0/0.0.0.0:2181:ZooKeeperServer@839] - Client attempting to establish new session at /10.10.34.28:49848
2015-07-29 23:44:21,909 - INFO  [CommitProcessor:3:ZooKeeperServer@595] - Established session 0x34ed9ac1c1e0032 with negotiated timeout 10000 for client /10.10.34.28:49848
2015-07-29 23:44:22,000 - WARN  [NIOServerCxn.Factory:0.0.0.0/0.0.0.0:2181:NIOServerCnxn@349] - caught end of stream exception
2015-07-29 23:44:22,000 - INFO  [NIOServerCxn.Factory:0.0.0.0/0.0.0.0:2181:NIOServerCnxn@1001] - Closed socket connection for client /10.10.34.21:52833 which had sessionid 0x34ed9ac1c1e0031
2015-07-29 23:44:22,001 - ERROR [CommitProcessor:3:NIOServerCnxn@180] - Unexpected Exception: 
2015-07-29 23:44:22,213 - INFO  [NIOServerCxn.Factory:0.0.0.0/0.0.0.0:2181:NIOServerCnxnFactory@197] - Accepted socket connection from /10.10.34.31:39645
2015-07-29 23:44:22,214 - WARN  [NIOServerCxn.Factory:0.0.0.0/0.0.0.0:2181:ZooKeeperServer@793] - Connection request from old client /10.10.34.31:39645; will be dropped if server is in r-o mode
2015-07-29 23:44:22,214 - INFO  [NIOServerCxn.Factory:0.0.0.0/0.0.0.0:2181:ZooKeeperServer@839] - Client attempting to establish new session at /10.10.34.31:39645
2015-07-29 23:44:22,216 - INFO  [CommitProcessor:3:ZooKeeperServer@595] - Established session 0x34ed9ac1c1e0033 with negotiated timeout 10000 for client /10.10.34.31:39645
2015-07-29 23:44:22,315 - INFO  [NIOServerCxn.Factory:0.0.0.0/0.0.0.0:2181:NIOServerCnxnFactory@197] - Accepted socket connection from /10.10.34.32:55283
2015-07-29 23:44:22,315 - WARN  [NIOServerCxn.Factory:0.0.0.0/0.0.0.0:2181:ZooKeeperServer@793] - Connection request from old client /10.10.34.32:55283; will be dropped if server is in r-o mode
2015-07-29 23:44:22,315 - INFO  [NIOServerCxn.Factory:0.0.0.0/0.0.0.0:2181:ZooKeeperServer@839] - Client attempting to establish new session at /10.10.34.32:55283
2015-07-29 23:44:22,317 - INFO  [CommitProcessor:3:ZooKeeperServer@595] - Established session 0x34ed9ac1c1e0034 with negotiated timeout 10000 for client /10.10.34.32:55283
2015-07-29 23:44:22,546 - INFO  [NIOServerCxn.Factory:0.0.0.0/0.0.0.0:2181:NIOServerCnxnFactory@197] - Accepted socket connection from /10.10.34.34:54698
2015-07-29 23:44:22,547 - WARN  [NIOServerCxn.Factory:0.0.0.0/0.0.0.0:2181:ZooKeeperServer@793] - Connection request from old client /10.10.34.34:54698; will be dropped if server is in r-o mode
2015-07-29 23:44:22,547 - INFO  [NIOServerCxn.Factory:0.0.0.0/0.0.0.0:2181:ZooKeeperServer@839] - Client attempting to establish new session at /10.10.34.34:54698
2015-07-29 23:44:22,549 - INFO  [CommitProcessor:3:ZooKeeperServer@595] - Established session 0x34ed9ac1c1e0035 with negotiated timeout 10000 for client /10.10.34.34:54698
2015-07-29 23:44:22,731 - INFO  [NIOServerCxn.Factory:0.0.0.0/0.0.0.0:2181:NIOServerCnxnFactory@197] - Accepted socket connection from /10.10.34.36:37583
2015-07-29 23:44:22,732 - WARN  [NIOServerCxn.Factory:0.0.0.0/0.0.0.0:2181:ZooKeeperServer@793] - Connection request from old client /10.10.34.36:37583; will be dropped if server is in r-o mode
2015-07-29 23:44:22,732 - INFO  [NIOServerCxn.Factory:0.0.0.0/0.0.0.0:2181:ZooKeeperServer@839] - Client attempting to establish new session at /10.10.34.36:37583
2015-07-29 23:44:22,733 - INFO  [CommitProcessor:3:ZooKeeperServer@595] - Established session 0x34ed9ac1c1e0036 with negotiated timeout 10000 for client /10.10.34.36:37583
2015-07-29 23:44:22,834 - INFO  [NIOServerCxn.Factory:0.0.0.0/0.0.0.0:2181:NIOServerCnxnFactory@197] - Accepted socket connection from /10.10.34.37:36473
2015-07-29 23:44:22,834 - WARN  [NIOServerCxn.Factory:0.0.0.0/0.0.0.0:2181:ZooKeeperServer@793] - Connection request from old client /10.10.34.37:36473; will be dropped if server is in r-o mode
2015-07-29 23:44:22,834 - INFO  [NIOServerCxn.Factory:0.0.0.0/0.0.0.0:2181:ZooKeeperServer@839] - Client attempting to establish new session at /10.10.34.37:36473
2015-07-29 23:44:22,836 - INFO  [CommitProcessor:3:ZooKeeperServer@595] - Established session 0x34ed9ac1c1e0037 with negotiated timeout 10000 for client /10.10.34.37:36473
2015-07-29 23:44:23,033 - INFO  [NIOServerCxn.Factory:0.0.0.0/0.0.0.0:2181:NIOServerCnxnFactory@197] - Accepted socket connection from /10.10.34.39:45022
2015-07-29 23:44:23,034 - WARN  [NIOServerCxn.Factory:0.0.0.0/0.0.0.0:2181:ZooKeeperServer@793] - Connection request from old client /10.10.34.39:45022; will be dropped if server is in r-o mode
2015-07-29 23:44:23,034 - INFO  [NIOServerCxn.Factory:0.0.0.0/0.0.0.0:2181:ZooKeeperServer@839] - Client attempting to establish new session at /10.10.34.39:45022
2015-07-29 23:44:23,036 - INFO  [CommitProcessor:3:ZooKeeperServer@595] - Established session 0x34ed9ac1c1e0038 with negotiated timeout 10000 for client /10.10.34.39:45022
2015-07-29 23:44:23,136 - INFO  [NIOServerCxn.Factory:0.0.0.0/0.0.0.0:2181:NIOServerCnxnFactory@197] - Accepted socket connection from /10.10.34.40:57194
2015-07-29 23:44:23,137 - WARN  [NIOServerCxn.Factory:0.0.0.0/0.0.0.0:2181:ZooKeeperServer@793] - Connection request from old client /10.10.34.40:57194; will be dropped if server is in r-o mode
2015-07-29 23:44:23,137 - INFO  [NIOServerCxn.Factory:0.0.0.0/0.0.0.0:2181:ZooKeeperServer@839] - Client attempting to establish new session at /10.10.34.40:57194
2015-07-29 23:44:23,139 - INFO  [CommitProcessor:3:ZooKeeperServer@595] - Established session 0x34ed9ac1c1e0039 with negotiated timeout 10000 for client /10.10.34.40:57194
2015-07-29 23:44:23,246 - INFO  [NIOServerCxn.Factory:0.0.0.0/0.0.0.0:2181:NIOServerCnxnFactory@197] - Accepted socket connection from /10.10.34.41:54921
2015-07-29 23:44:23,247 - WARN  [NIOServerCxn.Factory:0.0.0.0/0.0.0.0:2181:ZooKeeperServer@793] - Connection request from old client /10.10.34.41:54921; will be dropped if server is in r-o mode
2015-07-29 23:44:23,247 - INFO  [NIOServerCxn.Factory:0.0.0.0/0.0.0.0:2181:ZooKeeperServer@839] - Client attempting to establish new session at /10.10.34.41:54921
2015-07-29 23:44:23,249 - INFO  [CommitProcessor:3:ZooKeeperServer@595] - Established session 0x34ed9ac1c1e003a with negotiated timeout 10000 for client /10.10.34.41:54921
2015-07-29 23:45:12,565 - WARN  [NIOServerCxn.Factory:0.0.0.0/0.0.0.0:2181:NIOServerCnxn@349] - caught end of stream exception
2015-07-29 23:45:12,566 - INFO  [NIOServerCxn.Factory:0.0.0.0/0.0.0.0:2181:NIOServerCnxn@1001] - Closed socket connection for client /10.10.34.11:36262 which had sessionid 0x34ed9ac1c1e002d
2015-07-29 23:45:12,566 - ERROR [CommitProcessor:3:NIOServerCnxn@180] - Unexpected Exception: 
2015-07-29 23:49:16,813 - INFO  [NIOServerCxn.Factory:0.0.0.0/0.0.0.0:2181:NIOServerCnxnFactory@197] - Accepted socket connection from /10.10.34.11:36746
2015-07-29 23:49:16,813 - WARN  [NIOServerCxn.Factory:0.0.0.0/0.0.0.0:2181:ZooKeeperServer@793] - Connection request from old client /10.10.34.11:36746; will be dropped if server is in r-o mode
2015-07-29 23:49:16,813 - INFO  [NIOServerCxn.Factory:0.0.0.0/0.0.0.0:2181:ZooKeeperServer@839] - Client attempting to establish new session at /10.10.34.11:36746
2015-07-29 23:49:16,815 - INFO  [CommitProcessor:3:ZooKeeperServer@595] - Established session 0x34ed9ac1c1e003b with negotiated timeout 10000 for client /10.10.34.11:36746
2015-07-29 23:50:36,741 - WARN  [NIOServerCxn.Factory:0.0.0.0/0.0.0.0:2181:NIOServerCnxn@349] - caught end of stream exception
2015-07-29 23:50:36,742 - INFO  [NIOServerCxn.Factory:0.0.0.0/0.0.0.0:2181:NIOServerCnxn@1001] - Closed socket connection for client /10.10.34.11:36746 which had sessionid 0x34ed9ac1c1e003b
2015-07-29 23:50:37,250 - WARN  [NIOServerCxn.Factory:0.0.0.0/0.0.0.0:2181:NIOServerCnxn@349] - caught end of stream exception
2015-07-29 23:50:37,250 - INFO  [NIOServerCxn.Factory:0.0.0.0/0.0.0.0:2181:NIOServerCnxn@1001] - Closed socket connection for client /10.10.34.16:42339 which had sessionid 0x34ed9ac1c1e002f
2015-07-29 23:50:38,225 - WARN  [NIOServerCxn.Factory:0.0.0.0/0.0.0.0:2181:NIOServerCnxn@349] - caught end of stream exception
2015-07-29 23:50:38,226 - INFO  [NIOServerCxn.Factory:0.0.0.0/0.0.0.0:2181:NIOServerCnxn@1001] - Closed socket connection for client /10.10.34.28:49848 which had sessionid 0x34ed9ac1c1e0032
2015-07-29 23:50:38,530 - WARN  [NIOServerCxn.Factory:0.0.0.0/0.0.0.0:2181:NIOServerCnxn@349] - caught end of stream exception
2015-07-29 23:50:38,530 - INFO  [NIOServerCxn.Factory:0.0.0.0/0.0.0.0:2181:NIOServerCnxn@1001] - Closed socket connection for client /10.10.34.31:39645 which had sessionid 0x34ed9ac1c1e0033
2015-07-29 23:50:38,633 - WARN  [NIOServerCxn.Factory:0.0.0.0/0.0.0.0:2181:NIOServerCnxn@349] - caught end of stream exception
2015-07-29 23:50:38,634 - INFO  [NIOServerCxn.Factory:0.0.0.0/0.0.0.0:2181:NIOServerCnxn@1001] - Closed socket connection for client /10.10.34.32:55283 which had sessionid 0x34ed9ac1c1e0034
2015-07-29 23:50:38,859 - WARN  [NIOServerCxn.Factory:0.0.0.0/0.0.0.0:2181:NIOServerCnxn@349] - caught end of stream exception
2015-07-29 23:50:38,859 - INFO  [NIOServerCxn.Factory:0.0.0.0/0.0.0.0:2181:NIOServerCnxn@1001] - Closed socket connection for client /10.10.34.34:54698 which had sessionid 0x34ed9ac1c1e0035
2015-07-29 23:50:39,049 - WARN  [NIOServerCxn.Factory:0.0.0.0/0.0.0.0:2181:NIOServerCnxn@349] - caught end of stream exception
2015-07-29 23:50:39,050 - INFO  [NIOServerCxn.Factory:0.0.0.0/0.0.0.0:2181:NIOServerCnxn@1001] - Closed socket connection for client /10.10.34.36:37583 which had sessionid 0x34ed9ac1c1e0036
2015-07-29 23:50:39,148 - WARN  [NIOServerCxn.Factory:0.0.0.0/0.0.0.0:2181:NIOServerCnxn@349] - caught end of stream exception
2015-07-29 23:50:39,148 - INFO  [NIOServerCxn.Factory:0.0.0.0/0.0.0.0:2181:NIOServerCnxn@1001] - Closed socket connection for client /10.10.34.37:36473 which had sessionid 0x34ed9ac1c1e0037
2015-07-29 23:50:39,352 - WARN  [NIOServerCxn.Factory:0.0.0.0/0.0.0.0:2181:NIOServerCnxn@349] - caught end of stream exception
2015-07-29 23:50:39,352 - INFO  [NIOServerCxn.Factory:0.0.0.0/0.0.0.0:2181:NIOServerCnxn@1001] - Closed socket connection for client /10.10.34.39:45022 which had sessionid 0x34ed9ac1c1e0038
2015-07-29 23:50:39,456 - WARN  [NIOServerCxn.Factory:0.0.0.0/0.0.0.0:2181:NIOServerCnxn@349] - caught end of stream exception
2015-07-29 23:50:39,456 - INFO  [NIOServerCxn.Factory:0.0.0.0/0.0.0.0:2181:NIOServerCnxn@1001] - Closed socket connection for client /10.10.34.40:57194 which had sessionid 0x34ed9ac1c1e0039
2015-07-29 23:50:39,553 - WARN  [NIOServerCxn.Factory:0.0.0.0/0.0.0.0:2181:NIOServerCnxn@349] - caught end of stream exception
2015-07-29 23:50:39,553 - INFO  [NIOServerCxn.Factory:0.0.0.0/0.0.0.0:2181:NIOServerCnxn@1001] - Closed socket connection for client /10.10.34.41:54921 which had sessionid 0x34ed9ac1c1e003a
2015-07-29 23:50:41,289 - WARN  [NIOServerCxn.Factory:0.0.0.0/0.0.0.0:2181:NIOServerCnxn@349] - caught end of stream exception
2015-07-29 23:50:41,289 - INFO  [NIOServerCxn.Factory:0.0.0.0/0.0.0.0:2181:NIOServerCnxn@1001] - Closed socket connection for client /10.10.34.11:35988 which had sessionid 0x34ed9ac1c1e0019
2015-07-29 23:50:41,290 - WARN  [NIOServerCxn.Factory:0.0.0.0/0.0.0.0:2181:NIOServerCnxn@349] - caught end of stream exception
2015-07-29 23:50:41,290 - INFO  [NIOServerCxn.Factory:0.0.0.0/0.0.0.0:2181:NIOServerCnxn@1001] - Closed socket connection for client /10.10.34.11:35990 which had sessionid 0x34ed9ac1c1e001a
2015-07-29 23:50:41,382 - WARN  [NIOServerCxn.Factory:0.0.0.0/0.0.0.0:2181:NIOServerCnxn@349] - caught end of stream exception
2015-07-29 23:50:41,382 - INFO  [NIOServerCxn.Factory:0.0.0.0/0.0.0.0:2181:NIOServerCnxn@1001] - Closed socket connection for client /10.10.34.12:59248 which had sessionid 0x34ed9ac1c1e001c
2015-07-29 23:50:41,383 - WARN  [NIOServerCxn.Factory:0.0.0.0/0.0.0.0:2181:NIOServerCnxn@349] - caught end of stream exception
2015-07-29 23:50:41,383 - INFO  [NIOServerCxn.Factory:0.0.0.0/0.0.0.0:2181:NIOServerCnxn@1001] - Closed socket connection for client /10.10.34.12:59247 which had sessionid 0x34ed9ac1c1e001b
2015-07-29 23:50:41,490 - WARN  [NIOServerCxn.Factory:0.0.0.0/0.0.0.0:2181:NIOServerCnxn@349] - caught end of stream exception
2015-07-29 23:50:41,491 - INFO  [NIOServerCxn.Factory:0.0.0.0/0.0.0.0:2181:NIOServerCnxn@1001] - Closed socket connection for client /10.10.34.13:54362 which had sessionid 0x34ed9ac1c1e001d
2015-07-29 23:52:04,971 - INFO  [NIOServerCxn.Factory:0.0.0.0/0.0.0.0:2181:NIOServerCnxnFactory@197] - Accepted socket connection from /10.10.34.11:36808
2015-07-29 23:52:04,971 - WARN  [NIOServerCxn.Factory:0.0.0.0/0.0.0.0:2181:ZooKeeperServer@793] - Connection request from old client /10.10.34.11:36808; will be dropped if server is in r-o mode
2015-07-29 23:52:04,972 - INFO  [NIOServerCxn.Factory:0.0.0.0/0.0.0.0:2181:ZooKeeperServer@839] - Client attempting to establish new session at /10.10.34.11:36808
2015-07-29 23:52:04,973 - INFO  [CommitProcessor:3:ZooKeeperServer@595] - Established session 0x34ed9ac1c1e003c with negotiated timeout 10000 for client /10.10.34.11:36808
2015-07-29 23:52:05,073 - INFO  [NIOServerCxn.Factory:0.0.0.0/0.0.0.0:2181:NIOServerCnxnFactory@197] - Accepted socket connection from /10.10.34.12:59258
2015-07-29 23:52:05,073 - WARN  [NIOServerCxn.Factory:0.0.0.0/0.0.0.0:2181:ZooKeeperServer@793] - Connection request from old client /10.10.34.12:59258; will be dropped if server is in r-o mode
2015-07-29 23:52:05,073 - INFO  [NIOServerCxn.Factory:0.0.0.0/0.0.0.0:2181:ZooKeeperServer@839] - Client attempting to establish new session at /10.10.34.12:59258
2015-07-29 23:52:05,075 - INFO  [CommitProcessor:3:ZooKeeperServer@595] - Established session 0x34ed9ac1c1e003d with negotiated timeout 10000 for client /10.10.34.12:59258
2015-07-29 23:52:05,174 - INFO  [NIOServerCxn.Factory:0.0.0.0/0.0.0.0:2181:NIOServerCnxnFactory@197] - Accepted socket connection from /10.10.34.13:54371
2015-07-29 23:52:05,175 - WARN  [NIOServerCxn.Factory:0.0.0.0/0.0.0.0:2181:ZooKeeperServer@793] - Connection request from old client /10.10.34.13:54371; will be dropped if server is in r-o mode
2015-07-29 23:52:05,175 - INFO  [NIOServerCxn.Factory:0.0.0.0/0.0.0.0:2181:ZooKeeperServer@839] - Client attempting to establish new session at /10.10.34.13:54371
2015-07-29 23:52:05,176 - INFO  [NIOServerCxn.Factory:0.0.0.0/0.0.0.0:2181:NIOServerCnxnFactory@197] - Accepted socket connection from /10.10.34.13:54374
2015-07-29 23:52:05,176 - WARN  [NIOServerCxn.Factory:0.0.0.0/0.0.0.0:2181:ZooKeeperServer@793] - Connection request from old client /10.10.34.13:54374; will be dropped if server is in r-o mode
2015-07-29 23:52:05,176 - INFO  [NIOServerCxn.Factory:0.0.0.0/0.0.0.0:2181:ZooKeeperServer@839] - Client attempting to establish new session at /10.10.34.13:54374
2015-07-29 23:52:05,177 - INFO  [CommitProcessor:3:ZooKeeperServer@595] - Established session 0x34ed9ac1c1e003e with negotiated timeout 10000 for client /10.10.34.13:54371
2015-07-29 23:52:05,178 - INFO  [CommitProcessor:3:ZooKeeperServer@595] - Established session 0x34ed9ac1c1e003f with negotiated timeout 10000 for client /10.10.34.13:54374
2015-07-29 23:52:07,057 - INFO  [NIOServerCxn.Factory:0.0.0.0/0.0.0.0:2181:NIOServerCnxnFactory@197] - Accepted socket connection from /10.10.34.14:49750
2015-07-29 23:52:07,058 - WARN  [NIOServerCxn.Factory:0.0.0.0/0.0.0.0:2181:ZooKeeperServer@793] - Connection request from old client /10.10.34.14:49750; will be dropped if server is in r-o mode
2015-07-29 23:52:07,058 - INFO  [NIOServerCxn.Factory:0.0.0.0/0.0.0.0:2181:ZooKeeperServer@839] - Client attempting to establish new session at /10.10.34.14:49750
2015-07-29 23:52:07,060 - INFO  [CommitProcessor:3:ZooKeeperServer@595] - Established session 0x34ed9ac1c1e0040 with negotiated timeout 10000 for client /10.10.34.14:49750
2015-07-29 23:52:08,118 - INFO  [NIOServerCxn.Factory:0.0.0.0/0.0.0.0:2181:NIOServerCnxnFactory@197] - Accepted socket connection from /10.10.34.27:34558
2015-07-29 23:52:08,118 - WARN  [NIOServerCxn.Factory:0.0.0.0/0.0.0.0:2181:ZooKeeperServer@793] - Connection request from old client /10.10.34.27:34558; will be dropped if server is in r-o mode
2015-07-29 23:52:08,118 - INFO  [NIOServerCxn.Factory:0.0.0.0/0.0.0.0:2181:ZooKeeperServer@839] - Client attempting to establish new session at /10.10.34.27:34558
2015-07-29 23:52:08,120 - INFO  [CommitProcessor:3:ZooKeeperServer@595] - Established session 0x34ed9ac1c1e0041 with negotiated timeout 10000 for client /10.10.34.27:34558
2015-07-29 23:52:08,196 - INFO  [NIOServerCxn.Factory:0.0.0.0/0.0.0.0:2181:NIOServerCnxnFactory@197] - Accepted socket connection from /10.10.34.24:37192
2015-07-29 23:52:08,196 - WARN  [NIOServerCxn.Factory:0.0.0.0/0.0.0.0:2181:ZooKeeperServer@793] - Connection request from old client /10.10.34.24:37192; will be dropped if server is in r-o mode
2015-07-29 23:52:08,197 - INFO  [NIOServerCxn.Factory:0.0.0.0/0.0.0.0:2181:ZooKeeperServer@839] - Client attempting to establish new session at /10.10.34.24:37192
2015-07-29 23:52:08,199 - INFO  [CommitProcessor:3:ZooKeeperServer@595] - Established session 0x34ed9ac1c1e0042 with negotiated timeout 10000 for client /10.10.34.24:37192
2015-07-29 23:52:08,411 - INFO  [NIOServerCxn.Factory:0.0.0.0/0.0.0.0:2181:NIOServerCnxnFactory@197] - Accepted socket connection from /10.10.34.26:44770
2015-07-29 23:52:08,411 - WARN  [NIOServerCxn.Factory:0.0.0.0/0.0.0.0:2181:ZooKeeperServer@793] - Connection request from old client /10.10.34.26:44770; will be dropped if server is in r-o mode
2015-07-29 23:52:08,411 - INFO  [NIOServerCxn.Factory:0.0.0.0/0.0.0.0:2181:ZooKeeperServer@839] - Client attempting to establish new session at /10.10.34.26:44770
2015-07-29 23:52:08,413 - INFO  [CommitProcessor:3:ZooKeeperServer@595] - Established session 0x34ed9ac1c1e0043 with negotiated timeout 10000 for client /10.10.34.26:44770
2015-07-29 23:52:08,629 - INFO  [NIOServerCxn.Factory:0.0.0.0/0.0.0.0:2181:NIOServerCnxnFactory@197] - Accepted socket connection from /10.10.34.32:55285
2015-07-29 23:52:08,629 - WARN  [NIOServerCxn.Factory:0.0.0.0/0.0.0.0:2181:ZooKeeperServer@793] - Connection request from old client /10.10.34.32:55285; will be dropped if server is in r-o mode
2015-07-29 23:52:08,629 - INFO  [NIOServerCxn.Factory:0.0.0.0/0.0.0.0:2181:ZooKeeperServer@839] - Client attempting to establish new session at /10.10.34.32:55285
2015-07-29 23:52:08,631 - INFO  [CommitProcessor:3:ZooKeeperServer@595] - Established session 0x34ed9ac1c1e0044 with negotiated timeout 10000 for client /10.10.34.32:55285
2015-07-29 23:52:08,867 - INFO  [NIOServerCxn.Factory:0.0.0.0/0.0.0.0:2181:NIOServerCnxnFactory@197] - Accepted socket connection from /10.10.34.34:54700
2015-07-29 23:52:08,867 - WARN  [NIOServerCxn.Factory:0.0.0.0/0.0.0.0:2181:ZooKeeperServer@793] - Connection request from old client /10.10.34.34:54700; will be dropped if server is in r-o mode
2015-07-29 23:52:08,867 - INFO  [NIOServerCxn.Factory:0.0.0.0/0.0.0.0:2181:ZooKeeperServer@839] - Client attempting to establish new session at /10.10.34.34:54700
2015-07-29 23:52:08,869 - INFO  [CommitProcessor:3:ZooKeeperServer@595] - Established session 0x34ed9ac1c1e0045 with negotiated timeout 10000 for client /10.10.34.34:54700
2015-07-29 23:52:08,943 - INFO  [NIOServerCxn.Factory:0.0.0.0/0.0.0.0:2181:NIOServerCnxnFactory@197] - Accepted socket connection from /10.10.34.35:37439
2015-07-29 23:52:08,943 - WARN  [NIOServerCxn.Factory:0.0.0.0/0.0.0.0:2181:ZooKeeperServer@793] - Connection request from old client /10.10.34.35:37439; will be dropped if server is in r-o mode
2015-07-29 23:52:08,943 - INFO  [NIOServerCxn.Factory:0.0.0.0/0.0.0.0:2181:ZooKeeperServer@839] - Client attempting to establish new session at /10.10.34.35:37439
2015-07-29 23:52:08,945 - INFO  [CommitProcessor:3:ZooKeeperServer@595] - Established session 0x34ed9ac1c1e0046 with negotiated timeout 10000 for client /10.10.34.35:37439
2015-07-29 23:52:09,151 - INFO  [NIOServerCxn.Factory:0.0.0.0/0.0.0.0:2181:NIOServerCnxnFactory@197] - Accepted socket connection from /10.10.34.37:36475
2015-07-29 23:52:09,151 - WARN  [NIOServerCxn.Factory:0.0.0.0/0.0.0.0:2181:ZooKeeperServer@793] - Connection request from old client /10.10.34.37:36475; will be dropped if server is in r-o mode
2015-07-29 23:52:09,151 - INFO  [NIOServerCxn.Factory:0.0.0.0/0.0.0.0:2181:ZooKeeperServer@839] - Client attempting to establish new session at /10.10.34.37:36475
2015-07-29 23:52:09,153 - INFO  [CommitProcessor:3:ZooKeeperServer@595] - Established session 0x34ed9ac1c1e0047 with negotiated timeout 10000 for client /10.10.34.37:36475
2015-07-29 23:52:09,253 - INFO  [NIOServerCxn.Factory:0.0.0.0/0.0.0.0:2181:NIOServerCnxnFactory@197] - Accepted socket connection from /10.10.34.38:43512
2015-07-29 23:52:09,254 - WARN  [NIOServerCxn.Factory:0.0.0.0/0.0.0.0:2181:ZooKeeperServer@793] - Connection request from old client /10.10.34.38:43512; will be dropped if server is in r-o mode
2015-07-29 23:52:09,254 - INFO  [NIOServerCxn.Factory:0.0.0.0/0.0.0.0:2181:ZooKeeperServer@839] - Client attempting to establish new session at /10.10.34.38:43512
2015-07-29 23:52:09,256 - INFO  [CommitProcessor:3:ZooKeeperServer@595] - Established session 0x34ed9ac1c1e0048 with negotiated timeout 10000 for client /10.10.34.38:43512
2015-07-29 23:52:09,448 - INFO  [NIOServerCxn.Factory:0.0.0.0/0.0.0.0:2181:NIOServerCnxnFactory@197] - Accepted socket connection from /10.10.34.40:57196
2015-07-29 23:52:09,449 - WARN  [NIOServerCxn.Factory:0.0.0.0/0.0.0.0:2181:ZooKeeperServer@793] - Connection request from old client /10.10.34.40:57196; will be dropped if server is in r-o mode
2015-07-29 23:52:09,449 - INFO  [NIOServerCxn.Factory:0.0.0.0/0.0.0.0:2181:ZooKeeperServer@839] - Client attempting to establish new session at /10.10.34.40:57196
2015-07-29 23:52:09,450 - INFO  [CommitProcessor:3:ZooKeeperServer@595] - Established session 0x34ed9ac1c1e0049 with negotiated timeout 10000 for client /10.10.34.40:57196
2015-07-29 23:52:09,561 - INFO  [NIOServerCxn.Factory:0.0.0.0/0.0.0.0:2181:NIOServerCnxnFactory@197] - Accepted socket connection from /10.10.34.41:54923
2015-07-29 23:52:09,561 - WARN  [NIOServerCxn.Factory:0.0.0.0/0.0.0.0:2181:ZooKeeperServer@793] - Connection request from old client /10.10.34.41:54923; will be dropped if server is in r-o mode
2015-07-29 23:52:09,561 - INFO  [NIOServerCxn.Factory:0.0.0.0/0.0.0.0:2181:ZooKeeperServer@839] - Client attempting to establish new session at /10.10.34.41:54923
2015-07-29 23:52:09,563 - INFO  [CommitProcessor:3:ZooKeeperServer@595] - Established session 0x34ed9ac1c1e004a with negotiated timeout 10000 for client /10.10.34.41:54923
2015-07-30 11:34:54,616 - WARN  [NIOServerCxn.Factory:0.0.0.0/0.0.0.0:2181:NIOServerCnxn@349] - caught end of stream exception
2015-07-30 11:34:54,616 - INFO  [NIOServerCxn.Factory:0.0.0.0/0.0.0.0:2181:NIOServerCnxn@1001] - Closed socket connection for client /10.10.34.35:37439 which had sessionid 0x34ed9ac1c1e0046
2015-07-30 13:34:15,611 - INFO  [NIOServerCxn.Factory:0.0.0.0/0.0.0.0:2181:NIOServerCnxnFactory@197] - Accepted socket connection from /10.10.34.11:60223
2015-07-30 13:34:15,611 - WARN  [NIOServerCxn.Factory:0.0.0.0/0.0.0.0:2181:ZooKeeperServer@793] - Connection request from old client /10.10.34.11:60223; will be dropped if server is in r-o mode
2015-07-30 13:34:15,611 - INFO  [NIOServerCxn.Factory:0.0.0.0/0.0.0.0:2181:ZooKeeperServer@839] - Client attempting to establish new session at /10.10.34.11:60223
2015-07-30 13:34:15,613 - INFO  [CommitProcessor:3:ZooKeeperServer@595] - Established session 0x34ed9ac1c1e004b with negotiated timeout 10000 for client /10.10.34.11:60223
2015-07-30 13:34:39,543 - WARN  [NIOServerCxn.Factory:0.0.0.0/0.0.0.0:2181:NIOServerCnxn@349] - caught end of stream exception
2015-07-30 13:34:39,544 - INFO  [NIOServerCxn.Factory:0.0.0.0/0.0.0.0:2181:NIOServerCnxn@1001] - Closed socket connection for client /10.10.34.11:60223 which had sessionid 0x34ed9ac1c1e004b
2015-07-30 13:47:24,989 - INFO  [NIOServerCxn.Factory:0.0.0.0/0.0.0.0:2181:NIOServerCnxnFactory@197] - Accepted socket connection from /10.10.34.11:60976
2015-07-30 13:47:24,989 - WARN  [NIOServerCxn.Factory:0.0.0.0/0.0.0.0:2181:ZooKeeperServer@793] - Connection request from old client /10.10.34.11:60976; will be dropped if server is in r-o mode
2015-07-30 13:47:24,989 - INFO  [NIOServerCxn.Factory:0.0.0.0/0.0.0.0:2181:ZooKeeperServer@839] - Client attempting to establish new session at /10.10.34.11:60976
2015-07-30 13:47:24,991 - INFO  [CommitProcessor:3:ZooKeeperServer@595] - Established session 0x34ed9ac1c1e004c with negotiated timeout 20000 for client /10.10.34.11:60976
2015-07-30 14:00:29,754 - WARN  [NIOServerCxn.Factory:0.0.0.0/0.0.0.0:2181:NIOServerCnxn@349] - caught end of stream exception
2015-07-30 14:00:29,755 - INFO  [NIOServerCxn.Factory:0.0.0.0/0.0.0.0:2181:NIOServerCnxn@1001] - Closed socket connection for client /10.10.34.11:60976 which had sessionid 0x34ed9ac1c1e004c
2015-07-30 14:01:22,456 - INFO  [NIOServerCxn.Factory:0.0.0.0/0.0.0.0:2181:NIOServerCnxnFactory@197] - Accepted socket connection from /10.10.34.11:33596
2015-07-30 14:01:22,456 - WARN  [NIOServerCxn.Factory:0.0.0.0/0.0.0.0:2181:ZooKeeperServer@793] - Connection request from old client /10.10.34.11:33596; will be dropped if server is in r-o mode
2015-07-30 14:01:22,456 - INFO  [NIOServerCxn.Factory:0.0.0.0/0.0.0.0:2181:ZooKeeperServer@839] - Client attempting to establish new session at /10.10.34.11:33596
2015-07-30 14:01:22,458 - INFO  [CommitProcessor:3:ZooKeeperServer@595] - Established session 0x34ed9ac1c1e004d with negotiated timeout 20000 for client /10.10.34.11:33596
2015-07-30 14:01:22,476 - INFO  [NIOServerCxn.Factory:0.0.0.0/0.0.0.0:2181:NIOServerCnxnFactory@197] - Accepted socket connection from /10.10.34.11:33597
2015-07-30 14:01:22,476 - WARN  [NIOServerCxn.Factory:0.0.0.0/0.0.0.0:2181:ZooKeeperServer@793] - Connection request from old client /10.10.34.11:33597; will be dropped if server is in r-o mode
2015-07-30 14:01:22,476 - INFO  [NIOServerCxn.Factory:0.0.0.0/0.0.0.0:2181:ZooKeeperServer@839] - Client attempting to establish new session at /10.10.34.11:33597
2015-07-30 14:01:22,478 - INFO  [CommitProcessor:3:ZooKeeperServer@595] - Established session 0x34ed9ac1c1e004e with negotiated timeout 20000 for client /10.10.34.11:33597
2015-07-30 14:01:22,487 - INFO  [NIOServerCxn.Factory:0.0.0.0/0.0.0.0:2181:NIOServerCnxnFactory@197] - Accepted socket connection from /10.10.34.11:33598
2015-07-30 14:01:22,488 - WARN  [NIOServerCxn.Factory:0.0.0.0/0.0.0.0:2181:ZooKeeperServer@793] - Connection request from old client /10.10.34.11:33598; will be dropped if server is in r-o mode
2015-07-30 14:01:22,488 - INFO  [NIOServerCxn.Factory:0.0.0.0/0.0.0.0:2181:ZooKeeperServer@839] - Client attempting to establish new session at /10.10.34.11:33598
2015-07-30 14:01:22,489 - INFO  [CommitProcessor:3:ZooKeeperServer@595] - Established session 0x34ed9ac1c1e004f with negotiated timeout 10000 for client /10.10.34.11:33598
2015-07-30 14:07:28,268 - WARN  [NIOServerCxn.Factory:0.0.0.0/0.0.0.0:2181:NIOServerCnxn@349] - caught end of stream exception
2015-07-30 14:07:28,268 - INFO  [NIOServerCxn.Factory:0.0.0.0/0.0.0.0:2181:NIOServerCnxn@1001] - Closed socket connection for client /10.10.34.11:33597 which had sessionid 0x34ed9ac1c1e004e
2015-07-30 14:07:28,269 - WARN  [NIOServerCxn.Factory:0.0.0.0/0.0.0.0:2181:NIOServerCnxn@349] - caught end of stream exception
2015-07-30 14:07:28,269 - INFO  [NIOServerCxn.Factory:0.0.0.0/0.0.0.0:2181:NIOServerCnxn@1001] - Closed socket connection for client /10.10.34.11:33598 which had sessionid 0x34ed9ac1c1e004f
2015-07-30 14:07:28,269 - WARN  [NIOServerCxn.Factory:0.0.0.0/0.0.0.0:2181:NIOServerCnxn@349] - caught end of stream exception
2015-07-30 14:07:28,270 - INFO  [NIOServerCxn.Factory:0.0.0.0/0.0.0.0:2181:NIOServerCnxn@1001] - Closed socket connection for client /10.10.34.11:33596 which had sessionid 0x34ed9ac1c1e004d
2015-07-30 14:08:43,008 - INFO  [NIOServerCxn.Factory:0.0.0.0/0.0.0.0:2181:NIOServerCnxnFactory@197] - Accepted socket connection from /10.10.34.11:34033
2015-07-30 14:08:43,008 - WARN  [NIOServerCxn.Factory:0.0.0.0/0.0.0.0:2181:ZooKeeperServer@793] - Connection request from old client /10.10.34.11:34033; will be dropped if server is in r-o mode
2015-07-30 14:08:43,008 - INFO  [NIOServerCxn.Factory:0.0.0.0/0.0.0.0:2181:ZooKeeperServer@839] - Client attempting to establish new session at /10.10.34.11:34033
2015-07-30 14:08:43,010 - INFO  [CommitProcessor:3:ZooKeeperServer@595] - Established session 0x34ed9ac1c1e0050 with negotiated timeout 10000 for client /10.10.34.11:34033
2015-07-30 14:08:55,867 - WARN  [NIOServerCxn.Factory:0.0.0.0/0.0.0.0:2181:NIOServerCnxn@349] - caught end of stream exception
2015-07-30 14:08:55,868 - INFO  [NIOServerCxn.Factory:0.0.0.0/0.0.0.0:2181:NIOServerCnxn@1001] - Closed socket connection for client /10.10.34.11:34033 which had sessionid 0x34ed9ac1c1e0050
2015-07-30 14:12:06,549 - INFO  [NIOServerCxn.Factory:0.0.0.0/0.0.0.0:2181:NIOServerCnxnFactory@197] - Accepted socket connection from /10.10.34.11:34234
2015-07-30 14:12:06,549 - WARN  [NIOServerCxn.Factory:0.0.0.0/0.0.0.0:2181:ZooKeeperServer@793] - Connection request from old client /10.10.34.11:34234; will be dropped if server is in r-o mode
2015-07-30 14:12:06,549 - INFO  [NIOServerCxn.Factory:0.0.0.0/0.0.0.0:2181:ZooKeeperServer@839] - Client attempting to establish new session at /10.10.34.11:34234
2015-07-30 14:12:06,551 - INFO  [CommitProcessor:3:ZooKeeperServer@595] - Established session 0x34ed9ac1c1e0051 with negotiated timeout 20000 for client /10.10.34.11:34234
2015-07-30 14:12:33,920 - WARN  [NIOServerCxn.Factory:0.0.0.0/0.0.0.0:2181:NIOServerCnxn@349] - caught end of stream exception
2015-07-30 14:12:33,921 - INFO  [NIOServerCxn.Factory:0.0.0.0/0.0.0.0:2181:NIOServerCnxn@1001] - Closed socket connection for client /10.10.34.11:34234 which had sessionid 0x34ed9ac1c1e0051
2015-07-30 14:35:09,454 - INFO  [NIOServerCxn.Factory:0.0.0.0/0.0.0.0:2181:NIOServerCnxnFactory@197] - Accepted socket connection from /10.10.34.11:35611
2015-07-30 14:35:09,454 - WARN  [NIOServerCxn.Factory:0.0.0.0/0.0.0.0:2181:ZooKeeperServer@793] - Connection request from old client /10.10.34.11:35611; will be dropped if server is in r-o mode
2015-07-30 14:35:09,454 - INFO  [NIOServerCxn.Factory:0.0.0.0/0.0.0.0:2181:ZooKeeperServer@839] - Client attempting to establish new session at /10.10.34.11:35611
2015-07-30 14:35:09,456 - INFO  [CommitProcessor:3:ZooKeeperServer@595] - Established session 0x34ed9ac1c1e0052 with negotiated timeout 20000 for client /10.10.34.11:35611
2015-07-30 14:36:18,781 - WARN  [NIOServerCxn.Factory:0.0.0.0/0.0.0.0:2181:NIOServerCnxn@349] - caught end of stream exception
2015-07-30 14:36:18,781 - INFO  [NIOServerCxn.Factory:0.0.0.0/0.0.0.0:2181:NIOServerCnxn@1001] - Closed socket connection for client /10.10.34.11:35611 which had sessionid 0x34ed9ac1c1e0052
2015-07-30 14:38:37,500 - INFO  [NIOServerCxn.Factory:0.0.0.0/0.0.0.0:2181:NIOServerCnxnFactory@197] - Accepted socket connection from /10.10.34.11:35811
2015-07-30 14:38:37,500 - WARN  [NIOServerCxn.Factory:0.0.0.0/0.0.0.0:2181:ZooKeeperServer@793] - Connection request from old client /10.10.34.11:35811; will be dropped if server is in r-o mode
2015-07-30 14:38:37,501 - INFO  [NIOServerCxn.Factory:0.0.0.0/0.0.0.0:2181:ZooKeeperServer@839] - Client attempting to establish new session at /10.10.34.11:35811
2015-07-30 14:38:37,503 - INFO  [CommitProcessor:3:ZooKeeperServer@595] - Established session 0x34ed9ac1c1e0053 with negotiated timeout 10000 for client /10.10.34.11:35811
2015-07-30 14:38:37,720 - WARN  [NIOServerCxn.Factory:0.0.0.0/0.0.0.0:2181:NIOServerCnxn@349] - caught end of stream exception
2015-07-30 14:38:37,720 - INFO  [NIOServerCxn.Factory:0.0.0.0/0.0.0.0:2181:NIOServerCnxn@1001] - Closed socket connection for client /10.10.34.11:35811 which had sessionid 0x34ed9ac1c1e0053
2015-07-30 14:38:37,721 - ERROR [CommitProcessor:3:NIOServerCnxn@180] - Unexpected Exception: 
2015-07-30 14:42:39,545 - INFO  [NIOServerCxn.Factory:0.0.0.0/0.0.0.0:2181:NIOServerCnxnFactory@197] - Accepted socket connection from /10.10.34.11:36094
2015-07-30 14:42:39,545 - WARN  [NIOServerCxn.Factory:0.0.0.0/0.0.0.0:2181:ZooKeeperServer@793] - Connection request from old client /10.10.34.11:36094; will be dropped if server is in r-o mode
2015-07-30 14:42:39,545 - INFO  [NIOServerCxn.Factory:0.0.0.0/0.0.0.0:2181:ZooKeeperServer@839] - Client attempting to establish new session at /10.10.34.11:36094
2015-07-30 14:42:39,547 - INFO  [CommitProcessor:3:ZooKeeperServer@595] - Established session 0x34ed9ac1c1e0054 with negotiated timeout 10000 for client /10.10.34.11:36094
2015-07-30 14:44:01,864 - WARN  [NIOServerCxn.Factory:0.0.0.0/0.0.0.0:2181:NIOServerCnxn@349] - caught end of stream exception
2015-07-30 14:44:01,865 - INFO  [NIOServerCxn.Factory:0.0.0.0/0.0.0.0:2181:NIOServerCnxn@1001] - Closed socket connection for client /10.10.34.11:36094 which had sessionid 0x34ed9ac1c1e0054
2015-07-30 14:47:14,930 - INFO  [NIOServerCxn.Factory:0.0.0.0/0.0.0.0:2181:NIOServerCnxnFactory@197] - Accepted socket connection from /10.10.34.11:36549
2015-07-30 14:47:14,931 - WARN  [NIOServerCxn.Factory:0.0.0.0/0.0.0.0:2181:ZooKeeperServer@793] - Connection request from old client /10.10.34.11:36549; will be dropped if server is in r-o mode
2015-07-30 14:47:14,931 - INFO  [NIOServerCxn.Factory:0.0.0.0/0.0.0.0:2181:ZooKeeperServer@839] - Client attempting to establish new session at /10.10.34.11:36549
2015-07-30 14:47:14,933 - INFO  [CommitProcessor:3:ZooKeeperServer@595] - Established session 0x34ed9ac1c1e0055 with negotiated timeout 10000 for client /10.10.34.11:36549
2015-07-30 14:48:54,960 - WARN  [NIOServerCxn.Factory:0.0.0.0/0.0.0.0:2181:NIOServerCnxn@349] - caught end of stream exception
2015-07-30 14:48:54,960 - INFO  [NIOServerCxn.Factory:0.0.0.0/0.0.0.0:2181:NIOServerCnxn@1001] - Closed socket connection for client /10.10.34.11:36549 which had sessionid 0x34ed9ac1c1e0055
2015-07-30 14:51:46,457 - INFO  [NIOServerCxn.Factory:0.0.0.0/0.0.0.0:2181:NIOServerCnxnFactory@197] - Accepted socket connection from /10.10.34.11:36937
2015-07-30 14:51:46,457 - WARN  [NIOServerCxn.Factory:0.0.0.0/0.0.0.0:2181:ZooKeeperServer@793] - Connection request from old client /10.10.34.11:36937; will be dropped if server is in r-o mode
2015-07-30 14:51:46,457 - INFO  [NIOServerCxn.Factory:0.0.0.0/0.0.0.0:2181:ZooKeeperServer@839] - Client attempting to establish new session at /10.10.34.11:36937
2015-07-30 14:51:46,459 - INFO  [CommitProcessor:3:ZooKeeperServer@595] - Established session 0x34ed9ac1c1e0056 with negotiated timeout 20000 for client /10.10.34.11:36937
2015-07-30 14:52:11,929 - WARN  [NIOServerCxn.Factory:0.0.0.0/0.0.0.0:2181:NIOServerCnxn@349] - caught end of stream exception
2015-07-30 14:52:11,929 - INFO  [NIOServerCxn.Factory:0.0.0.0/0.0.0.0:2181:NIOServerCnxn@1001] - Closed socket connection for client /10.10.34.11:36937 which had sessionid 0x34ed9ac1c1e0056
2015-07-30 14:52:19,672 - WARN  [NIOServerCxn.Factory:0.0.0.0/0.0.0.0:2181:NIOServerCnxn@349] - caught end of stream exception
2015-07-30 14:52:19,673 - INFO  [NIOServerCxn.Factory:0.0.0.0/0.0.0.0:2181:NIOServerCnxn@1001] - Closed socket connection for client /10.10.34.14:49750 which had sessionid 0x34ed9ac1c1e0040
2015-07-30 14:52:20,758 - WARN  [NIOServerCxn.Factory:0.0.0.0/0.0.0.0:2181:NIOServerCnxn@349] - caught end of stream exception
2015-07-30 14:52:20,758 - INFO  [NIOServerCxn.Factory:0.0.0.0/0.0.0.0:2181:NIOServerCnxn@1001] - Closed socket connection for client /10.10.34.27:34558 which had sessionid 0x34ed9ac1c1e0041
2015-07-30 14:52:20,814 - WARN  [NIOServerCxn.Factory:0.0.0.0/0.0.0.0:2181:NIOServerCnxn@349] - caught end of stream exception
2015-07-30 14:52:20,815 - INFO  [NIOServerCxn.Factory:0.0.0.0/0.0.0.0:2181:NIOServerCnxn@1001] - Closed socket connection for client /10.10.34.24:37192 which had sessionid 0x34ed9ac1c1e0042
2015-07-30 14:52:21,013 - WARN  [NIOServerCxn.Factory:0.0.0.0/0.0.0.0:2181:NIOServerCnxn@349] - caught end of stream exception
2015-07-30 14:52:21,014 - INFO  [NIOServerCxn.Factory:0.0.0.0/0.0.0.0:2181:NIOServerCnxn@1001] - Closed socket connection for client /10.10.34.26:44770 which had sessionid 0x34ed9ac1c1e0043
2015-07-30 14:52:21,262 - WARN  [NIOServerCxn.Factory:0.0.0.0/0.0.0.0:2181:NIOServerCnxn@349] - caught end of stream exception
2015-07-30 14:52:21,263 - INFO  [NIOServerCxn.Factory:0.0.0.0/0.0.0.0:2181:NIOServerCnxn@1001] - Closed socket connection for client /10.10.34.32:55285 which had sessionid 0x34ed9ac1c1e0044
2015-07-30 14:52:21,490 - WARN  [NIOServerCxn.Factory:0.0.0.0/0.0.0.0:2181:NIOServerCnxn@349] - caught end of stream exception
2015-07-30 14:52:21,490 - INFO  [NIOServerCxn.Factory:0.0.0.0/0.0.0.0:2181:NIOServerCnxn@1001] - Closed socket connection for client /10.10.34.34:54700 which had sessionid 0x34ed9ac1c1e0045
2015-07-30 14:52:21,780 - WARN  [NIOServerCxn.Factory:0.0.0.0/0.0.0.0:2181:NIOServerCnxn@349] - caught end of stream exception
2015-07-30 14:52:21,781 - INFO  [NIOServerCxn.Factory:0.0.0.0/0.0.0.0:2181:NIOServerCnxn@1001] - Closed socket connection for client /10.10.34.37:36475 which had sessionid 0x34ed9ac1c1e0047
2015-07-30 14:52:21,881 - WARN  [NIOServerCxn.Factory:0.0.0.0/0.0.0.0:2181:NIOServerCnxn@349] - caught end of stream exception
2015-07-30 14:52:21,882 - INFO  [NIOServerCxn.Factory:0.0.0.0/0.0.0.0:2181:NIOServerCnxn@1001] - Closed socket connection for client /10.10.34.38:43512 which had sessionid 0x34ed9ac1c1e0048
2015-07-30 14:52:22,082 - WARN  [NIOServerCxn.Factory:0.0.0.0/0.0.0.0:2181:NIOServerCnxn@349] - caught end of stream exception
2015-07-30 14:52:22,083 - INFO  [NIOServerCxn.Factory:0.0.0.0/0.0.0.0:2181:NIOServerCnxn@1001] - Closed socket connection for client /10.10.34.40:57196 which had sessionid 0x34ed9ac1c1e0049
2015-07-30 14:52:22,187 - WARN  [NIOServerCxn.Factory:0.0.0.0/0.0.0.0:2181:NIOServerCnxn@349] - caught end of stream exception
2015-07-30 14:52:22,188 - INFO  [NIOServerCxn.Factory:0.0.0.0/0.0.0.0:2181:NIOServerCnxn@1001] - Closed socket connection for client /10.10.34.41:54923 which had sessionid 0x34ed9ac1c1e004a
2015-07-30 14:52:23,917 - WARN  [NIOServerCxn.Factory:0.0.0.0/0.0.0.0:2181:NIOServerCnxn@349] - caught end of stream exception
2015-07-30 14:52:23,918 - INFO  [NIOServerCxn.Factory:0.0.0.0/0.0.0.0:2181:NIOServerCnxn@1001] - Closed socket connection for client /10.10.34.11:36808 which had sessionid 0x34ed9ac1c1e003c
2015-07-30 14:52:24,018 - WARN  [NIOServerCxn.Factory:0.0.0.0/0.0.0.0:2181:NIOServerCnxn@349] - caught end of stream exception
2015-07-30 14:52:24,019 - INFO  [NIOServerCxn.Factory:0.0.0.0/0.0.0.0:2181:NIOServerCnxn@1001] - Closed socket connection for client /10.10.34.12:59258 which had sessionid 0x34ed9ac1c1e003d
2015-07-30 14:52:24,120 - WARN  [NIOServerCxn.Factory:0.0.0.0/0.0.0.0:2181:NIOServerCnxn@349] - caught end of stream exception
2015-07-30 14:52:24,120 - INFO  [NIOServerCxn.Factory:0.0.0.0/0.0.0.0:2181:NIOServerCnxn@1001] - Closed socket connection for client /10.10.34.13:54371 which had sessionid 0x34ed9ac1c1e003e
2015-07-30 14:52:24,121 - WARN  [NIOServerCxn.Factory:0.0.0.0/0.0.0.0:2181:NIOServerCnxn@349] - caught end of stream exception
2015-07-30 14:52:24,121 - INFO  [NIOServerCxn.Factory:0.0.0.0/0.0.0.0:2181:NIOServerCnxn@1001] - Closed socket connection for client /10.10.34.13:54374 which had sessionid 0x34ed9ac1c1e003f
2015-07-30 14:52:35,531 - INFO  [NIOServerCxn.Factory:0.0.0.0/0.0.0.0:2181:NIOServerCnxnFactory@197] - Accepted socket connection from /10.10.34.11:37021
2015-07-30 14:52:35,532 - WARN  [NIOServerCxn.Factory:0.0.0.0/0.0.0.0:2181:ZooKeeperServer@793] - Connection request from old client /10.10.34.11:37021; will be dropped if server is in r-o mode
2015-07-30 14:52:35,532 - INFO  [NIOServerCxn.Factory:0.0.0.0/0.0.0.0:2181:ZooKeeperServer@839] - Client attempting to establish new session at /10.10.34.11:37021
2015-07-30 14:52:35,532 - INFO  [NIOServerCxn.Factory:0.0.0.0/0.0.0.0:2181:NIOServerCnxnFactory@197] - Accepted socket connection from /10.10.34.11:37024
2015-07-30 14:52:35,533 - WARN  [NIOServerCxn.Factory:0.0.0.0/0.0.0.0:2181:ZooKeeperServer@793] - Connection request from old client /10.10.34.11:37024; will be dropped if server is in r-o mode
2015-07-30 14:52:35,533 - INFO  [NIOServerCxn.Factory:0.0.0.0/0.0.0.0:2181:ZooKeeperServer@839] - Client attempting to establish new session at /10.10.34.11:37024
2015-07-30 14:52:35,534 - INFO  [CommitProcessor:3:ZooKeeperServer@595] - Established session 0x34ed9ac1c1e0057 with negotiated timeout 10000 for client /10.10.34.11:37021
2015-07-30 14:52:35,535 - INFO  [CommitProcessor:3:ZooKeeperServer@595] - Established session 0x34ed9ac1c1e0058 with negotiated timeout 10000 for client /10.10.34.11:37024
2015-07-30 14:52:35,631 - INFO  [NIOServerCxn.Factory:0.0.0.0/0.0.0.0:2181:NIOServerCnxnFactory@197] - Accepted socket connection from /10.10.34.12:59284
2015-07-30 14:52:35,631 - INFO  [NIOServerCxn.Factory:0.0.0.0/0.0.0.0:2181:NIOServerCnxnFactory@197] - Accepted socket connection from /10.10.34.12:59285
2015-07-30 14:52:35,632 - WARN  [NIOServerCxn.Factory:0.0.0.0/0.0.0.0:2181:ZooKeeperServer@793] - Connection request from old client /10.10.34.12:59284; will be dropped if server is in r-o mode
2015-07-30 14:52:35,632 - INFO  [NIOServerCxn.Factory:0.0.0.0/0.0.0.0:2181:ZooKeeperServer@839] - Client attempting to establish new session at /10.10.34.12:59284
2015-07-30 14:52:35,632 - WARN  [NIOServerCxn.Factory:0.0.0.0/0.0.0.0:2181:ZooKeeperServer@793] - Connection request from old client /10.10.34.12:59285; will be dropped if server is in r-o mode
2015-07-30 14:52:35,632 - INFO  [NIOServerCxn.Factory:0.0.0.0/0.0.0.0:2181:ZooKeeperServer@839] - Client attempting to establish new session at /10.10.34.12:59285
2015-07-30 14:52:35,633 - INFO  [CommitProcessor:3:ZooKeeperServer@595] - Established session 0x34ed9ac1c1e0059 with negotiated timeout 10000 for client /10.10.34.12:59284
2015-07-30 14:52:35,634 - INFO  [CommitProcessor:3:ZooKeeperServer@595] - Established session 0x34ed9ac1c1e005a with negotiated timeout 10000 for client /10.10.34.12:59285
2015-07-30 14:52:35,737 - INFO  [NIOServerCxn.Factory:0.0.0.0/0.0.0.0:2181:NIOServerCnxnFactory@197] - Accepted socket connection from /10.10.34.13:54384
2015-07-30 14:52:35,737 - WARN  [NIOServerCxn.Factory:0.0.0.0/0.0.0.0:2181:ZooKeeperServer@793] - Connection request from old client /10.10.34.13:54384; will be dropped if server is in r-o mode
2015-07-30 14:52:35,738 - INFO  [NIOServerCxn.Factory:0.0.0.0/0.0.0.0:2181:ZooKeeperServer@839] - Client attempting to establish new session at /10.10.34.13:54384
2015-07-30 14:52:35,739 - INFO  [CommitProcessor:3:ZooKeeperServer@595] - Established session 0x34ed9ac1c1e005b with negotiated timeout 10000 for client /10.10.34.13:54384
2015-07-30 14:53:20,421 - INFO  [NIOServerCxn.Factory:0.0.0.0/0.0.0.0:2181:NIOServerCnxnFactory@197] - Accepted socket connection from /10.10.34.11:37034
2015-07-30 14:53:20,422 - WARN  [NIOServerCxn.Factory:0.0.0.0/0.0.0.0:2181:ZooKeeperServer@793] - Connection request from old client /10.10.34.11:37034; will be dropped if server is in r-o mode
2015-07-30 14:53:20,422 - INFO  [NIOServerCxn.Factory:0.0.0.0/0.0.0.0:2181:ZooKeeperServer@839] - Client attempting to establish new session at /10.10.34.11:37034
2015-07-30 14:53:20,423 - INFO  [CommitProcessor:3:ZooKeeperServer@595] - Established session 0x34ed9ac1c1e005c with negotiated timeout 20000 for client /10.10.34.11:37034
2015-07-30 15:00:16,699 - WARN  [NIOServerCxn.Factory:0.0.0.0/0.0.0.0:2181:NIOServerCnxn@349] - caught end of stream exception
2015-07-30 15:00:16,700 - INFO  [NIOServerCxn.Factory:0.0.0.0/0.0.0.0:2181:NIOServerCnxn@1001] - Closed socket connection for client /10.10.34.11:37034 which had sessionid 0x34ed9ac1c1e005c
2015-07-30 15:00:23,867 - INFO  [NIOServerCxn.Factory:0.0.0.0/0.0.0.0:2181:NIOServerCnxnFactory@197] - Accepted socket connection from /10.10.34.11:37047
2015-07-30 15:00:23,868 - WARN  [NIOServerCxn.Factory:0.0.0.0/0.0.0.0:2181:ZooKeeperServer@793] - Connection request from old client /10.10.34.11:37047; will be dropped if server is in r-o mode
2015-07-30 15:00:23,868 - INFO  [NIOServerCxn.Factory:0.0.0.0/0.0.0.0:2181:ZooKeeperServer@839] - Client attempting to establish new session at /10.10.34.11:37047
2015-07-30 15:00:23,869 - INFO  [CommitProcessor:3:ZooKeeperServer@595] - Established session 0x34ed9ac1c1e005d with negotiated timeout 20000 for client /10.10.34.11:37047
2015-07-30 15:03:31,794 - WARN  [NIOServerCxn.Factory:0.0.0.0/0.0.0.0:2181:NIOServerCnxn@349] - caught end of stream exception
2015-07-30 15:03:31,794 - INFO  [NIOServerCxn.Factory:0.0.0.0/0.0.0.0:2181:NIOServerCnxn@1001] - Closed socket connection for client /10.10.34.11:37047 which had sessionid 0x34ed9ac1c1e005d
2015-07-30 15:13:08,574 - INFO  [NIOServerCxn.Factory:0.0.0.0/0.0.0.0:2181:NIOServerCnxnFactory@197] - Accepted socket connection from /10.10.34.11:37061
2015-07-30 15:13:08,575 - WARN  [NIOServerCxn.Factory:0.0.0.0/0.0.0.0:2181:ZooKeeperServer@793] - Connection request from old client /10.10.34.11:37061; will be dropped if server is in r-o mode
2015-07-30 15:13:08,575 - INFO  [NIOServerCxn.Factory:0.0.0.0/0.0.0.0:2181:ZooKeeperServer@839] - Client attempting to establish new session at /10.10.34.11:37061
2015-07-30 15:13:08,577 - INFO  [CommitProcessor:3:ZooKeeperServer@595] - Established session 0x34ed9ac1c1e005e with negotiated timeout 10000 for client /10.10.34.11:37061
2015-07-30 15:13:10,340 - WARN  [NIOServerCxn.Factory:0.0.0.0/0.0.0.0:2181:NIOServerCnxn@349] - caught end of stream exception
2015-07-30 15:13:10,340 - INFO  [NIOServerCxn.Factory:0.0.0.0/0.0.0.0:2181:NIOServerCnxn@1001] - Closed socket connection for client /10.10.34.11:37061 which had sessionid 0x34ed9ac1c1e005e
2015-07-30 15:13:10,341 - ERROR [CommitProcessor:3:NIOServerCnxn@180] - Unexpected Exception: 
2015-07-30 15:13:40,825 - WARN  [NIOServerCxn.Factory:0.0.0.0/0.0.0.0:2181:NIOServerCnxn@349] - caught end of stream exception
2015-07-30 15:13:40,825 - INFO  [NIOServerCxn.Factory:0.0.0.0/0.0.0.0:2181:NIOServerCnxn@1001] - Closed socket connection for client /10.10.34.11:37021 which had sessionid 0x34ed9ac1c1e0057
2015-07-30 15:13:40,826 - WARN  [NIOServerCxn.Factory:0.0.0.0/0.0.0.0:2181:NIOServerCnxn@349] - caught end of stream exception
2015-07-30 15:13:40,826 - INFO  [NIOServerCxn.Factory:0.0.0.0/0.0.0.0:2181:NIOServerCnxn@1001] - Closed socket connection for client /10.10.34.11:37024 which had sessionid 0x34ed9ac1c1e0058
2015-07-30 15:13:40,915 - WARN  [NIOServerCxn.Factory:0.0.0.0/0.0.0.0:2181:NIOServerCnxn@349] - caught end of stream exception
2015-07-30 15:13:40,916 - INFO  [NIOServerCxn.Factory:0.0.0.0/0.0.0.0:2181:NIOServerCnxn@1001] - Closed socket connection for client /10.10.34.12:59284 which had sessionid 0x34ed9ac1c1e0059
2015-07-30 15:13:40,916 - WARN  [NIOServerCxn.Factory:0.0.0.0/0.0.0.0:2181:NIOServerCnxn@349] - caught end of stream exception
2015-07-30 15:13:40,917 - INFO  [NIOServerCxn.Factory:0.0.0.0/0.0.0.0:2181:NIOServerCnxn@1001] - Closed socket connection for client /10.10.34.12:59285 which had sessionid 0x34ed9ac1c1e005a
2015-07-30 15:13:41,019 - WARN  [NIOServerCxn.Factory:0.0.0.0/0.0.0.0:2181:NIOServerCnxn@349] - caught end of stream exception
2015-07-30 15:13:41,020 - INFO  [NIOServerCxn.Factory:0.0.0.0/0.0.0.0:2181:NIOServerCnxn@1001] - Closed socket connection for client /10.10.34.13:54384 which had sessionid 0x34ed9ac1c1e005b
2015-07-30 15:13:48,999 - INFO  [NIOServerCxn.Factory:0.0.0.0/0.0.0.0:2181:NIOServerCnxnFactory@197] - Accepted socket connection from /10.10.34.11:37106
2015-07-30 15:13:48,999 - WARN  [NIOServerCxn.Factory:0.0.0.0/0.0.0.0:2181:ZooKeeperServer@793] - Connection request from old client /10.10.34.11:37106; will be dropped if server is in r-o mode
2015-07-30 15:13:49,000 - INFO  [NIOServerCxn.Factory:0.0.0.0/0.0.0.0:2181:ZooKeeperServer@839] - Client attempting to establish new session at /10.10.34.11:37106
2015-07-30 15:13:49,001 - INFO  [CommitProcessor:3:ZooKeeperServer@595] - Established session 0x34ed9ac1c1e005f with negotiated timeout 10000 for client /10.10.34.11:37106
2015-07-30 15:13:49,097 - INFO  [NIOServerCxn.Factory:0.0.0.0/0.0.0.0:2181:NIOServerCnxnFactory@197] - Accepted socket connection from /10.10.34.12:59293
2015-07-30 15:13:49,097 - WARN  [NIOServerCxn.Factory:0.0.0.0/0.0.0.0:2181:ZooKeeperServer@793] - Connection request from old client /10.10.34.12:59293; will be dropped if server is in r-o mode
2015-07-30 15:13:49,097 - INFO  [NIOServerCxn.Factory:0.0.0.0/0.0.0.0:2181:ZooKeeperServer@839] - Client attempting to establish new session at /10.10.34.12:59293
2015-07-30 15:13:49,098 - INFO  [CommitProcessor:3:ZooKeeperServer@595] - Established session 0x34ed9ac1c1e0060 with negotiated timeout 10000 for client /10.10.34.12:59293
2015-07-30 15:13:49,196 - INFO  [NIOServerCxn.Factory:0.0.0.0/0.0.0.0:2181:NIOServerCnxnFactory@197] - Accepted socket connection from /10.10.34.13:54387
2015-07-30 15:13:49,196 - WARN  [NIOServerCxn.Factory:0.0.0.0/0.0.0.0:2181:ZooKeeperServer@793] - Connection request from old client /10.10.34.13:54387; will be dropped if server is in r-o mode
2015-07-30 15:13:49,197 - INFO  [NIOServerCxn.Factory:0.0.0.0/0.0.0.0:2181:ZooKeeperServer@839] - Client attempting to establish new session at /10.10.34.13:54387
2015-07-30 15:13:49,197 - INFO  [NIOServerCxn.Factory:0.0.0.0/0.0.0.0:2181:NIOServerCnxnFactory@197] - Accepted socket connection from /10.10.34.13:54388
2015-07-30 15:13:49,197 - WARN  [NIOServerCxn.Factory:0.0.0.0/0.0.0.0:2181:ZooKeeperServer@793] - Connection request from old client /10.10.34.13:54388; will be dropped if server is in r-o mode
2015-07-30 15:13:49,197 - INFO  [NIOServerCxn.Factory:0.0.0.0/0.0.0.0:2181:ZooKeeperServer@839] - Client attempting to establish new session at /10.10.34.13:54388
2015-07-30 15:13:49,197 - INFO  [NIOServerCxn.Factory:0.0.0.0/0.0.0.0:2181:NIOServerCnxnFactory@197] - Accepted socket connection from /10.10.34.13:54390
2015-07-30 15:13:49,198 - WARN  [NIOServerCxn.Factory:0.0.0.0/0.0.0.0:2181:ZooKeeperServer@793] - Connection request from old client /10.10.34.13:54390; will be dropped if server is in r-o mode
2015-07-30 15:13:49,198 - INFO  [NIOServerCxn.Factory:0.0.0.0/0.0.0.0:2181:ZooKeeperServer@839] - Client attempting to establish new session at /10.10.34.13:54390
2015-07-30 15:13:49,198 - INFO  [CommitProcessor:3:ZooKeeperServer@595] - Established session 0x34ed9ac1c1e0061 with negotiated timeout 10000 for client /10.10.34.13:54387
2015-07-30 15:13:49,199 - INFO  [CommitProcessor:3:ZooKeeperServer@595] - Established session 0x34ed9ac1c1e0062 with negotiated timeout 10000 for client /10.10.34.13:54388
2015-07-30 15:13:49,200 - INFO  [CommitProcessor:3:ZooKeeperServer@595] - Established session 0x34ed9ac1c1e0063 with negotiated timeout 10000 for client /10.10.34.13:54390
2015-07-30 15:13:54,421 - INFO  [NIOServerCxn.Factory:0.0.0.0/0.0.0.0:2181:NIOServerCnxnFactory@197] - Accepted socket connection from /10.10.34.11:37111
2015-07-30 15:13:54,421 - WARN  [NIOServerCxn.Factory:0.0.0.0/0.0.0.0:2181:ZooKeeperServer@793] - Connection request from old client /10.10.34.11:37111; will be dropped if server is in r-o mode
2015-07-30 15:13:54,422 - INFO  [NIOServerCxn.Factory:0.0.0.0/0.0.0.0:2181:ZooKeeperServer@839] - Client attempting to establish new session at /10.10.34.11:37111
2015-07-30 15:13:54,423 - INFO  [CommitProcessor:3:ZooKeeperServer@595] - Established session 0x34ed9ac1c1e0064 with negotiated timeout 10000 for client /10.10.34.11:37111
2015-07-30 15:14:15,340 - INFO  [NIOServerCxn.Factory:0.0.0.0/0.0.0.0:2181:NIOServerCnxnFactory@197] - Accepted socket connection from /10.10.34.11:37114
2015-07-30 15:14:15,340 - WARN  [NIOServerCxn.Factory:0.0.0.0/0.0.0.0:2181:ZooKeeperServer@793] - Connection request from old client /10.10.34.11:37114; will be dropped if server is in r-o mode
2015-07-30 15:14:15,340 - INFO  [NIOServerCxn.Factory:0.0.0.0/0.0.0.0:2181:ZooKeeperServer@839] - Client attempting to establish new session at /10.10.34.11:37114
2015-07-30 15:14:15,342 - INFO  [CommitProcessor:3:ZooKeeperServer@595] - Established session 0x34ed9ac1c1e0065 with negotiated timeout 20000 for client /10.10.34.11:37114
2015-07-30 15:14:15,365 - INFO  [NIOServerCxn.Factory:0.0.0.0/0.0.0.0:2181:NIOServerCnxnFactory@197] - Accepted socket connection from /10.10.34.11:37115
2015-07-30 15:14:15,365 - WARN  [NIOServerCxn.Factory:0.0.0.0/0.0.0.0:2181:ZooKeeperServer@793] - Connection request from old client /10.10.34.11:37115; will be dropped if server is in r-o mode
2015-07-30 15:14:15,366 - INFO  [NIOServerCxn.Factory:0.0.0.0/0.0.0.0:2181:ZooKeeperServer@839] - Client attempting to establish new session at /10.10.34.11:37115
2015-07-30 15:14:15,367 - INFO  [CommitProcessor:3:ZooKeeperServer@595] - Established session 0x34ed9ac1c1e0066 with negotiated timeout 20000 for client /10.10.34.11:37115
2015-07-30 15:14:15,378 - INFO  [NIOServerCxn.Factory:0.0.0.0/0.0.0.0:2181:NIOServerCnxnFactory@197] - Accepted socket connection from /10.10.34.11:37116
2015-07-30 15:14:15,378 - WARN  [NIOServerCxn.Factory:0.0.0.0/0.0.0.0:2181:ZooKeeperServer@793] - Connection request from old client /10.10.34.11:37116; will be dropped if server is in r-o mode
2015-07-30 15:14:15,378 - INFO  [NIOServerCxn.Factory:0.0.0.0/0.0.0.0:2181:ZooKeeperServer@839] - Client attempting to establish new session at /10.10.34.11:37116
2015-07-30 15:14:15,380 - INFO  [CommitProcessor:3:ZooKeeperServer@595] - Established session 0x34ed9ac1c1e0067 with negotiated timeout 10000 for client /10.10.34.11:37116
2015-07-30 15:16:42,843 - WARN  [NIOServerCxn.Factory:0.0.0.0/0.0.0.0:2181:NIOServerCnxn@349] - caught end of stream exception
2015-07-30 15:16:42,844 - INFO  [NIOServerCxn.Factory:0.0.0.0/0.0.0.0:2181:NIOServerCnxn@1001] - Closed socket connection for client /10.10.34.11:37111 which had sessionid 0x34ed9ac1c1e0064
2015-07-30 15:17:56,001 - INFO  [NIOServerCxn.Factory:0.0.0.0/0.0.0.0:2181:NIOServerCnxnFactory@197] - Accepted socket connection from /10.10.34.11:37124
2015-07-30 15:17:56,002 - WARN  [NIOServerCxn.Factory:0.0.0.0/0.0.0.0:2181:ZooKeeperServer@793] - Connection request from old client /10.10.34.11:37124; will be dropped if server is in r-o mode
2015-07-30 15:17:56,002 - INFO  [NIOServerCxn.Factory:0.0.0.0/0.0.0.0:2181:ZooKeeperServer@839] - Client attempting to establish new session at /10.10.34.11:37124
2015-07-30 15:17:56,004 - INFO  [CommitProcessor:3:ZooKeeperServer@595] - Established session 0x34ed9ac1c1e0068 with negotiated timeout 10000 for client /10.10.34.11:37124
2015-07-30 15:18:18,427 - WARN  [NIOServerCxn.Factory:0.0.0.0/0.0.0.0:2181:NIOServerCnxn@349] - caught end of stream exception
2015-07-30 15:18:18,428 - INFO  [NIOServerCxn.Factory:0.0.0.0/0.0.0.0:2181:NIOServerCnxn@1001] - Closed socket connection for client /10.10.34.11:37124 which had sessionid 0x34ed9ac1c1e0068
2015-07-30 15:18:18,429 - ERROR [CommitProcessor:3:NIOServerCnxn@180] - Unexpected Exception: 
2015-07-30 15:18:26,748 - WARN  [NIOServerCxn.Factory:0.0.0.0/0.0.0.0:2181:NIOServerCnxn@349] - caught end of stream exception
2015-07-30 15:18:26,748 - INFO  [NIOServerCxn.Factory:0.0.0.0/0.0.0.0:2181:NIOServerCnxn@1001] - Closed socket connection for client /10.10.34.11:37115 which had sessionid 0x34ed9ac1c1e0066
2015-07-30 15:18:26,749 - WARN  [NIOServerCxn.Factory:0.0.0.0/0.0.0.0:2181:NIOServerCnxn@349] - caught end of stream exception
2015-07-30 15:18:26,749 - INFO  [NIOServerCxn.Factory:0.0.0.0/0.0.0.0:2181:NIOServerCnxn@1001] - Closed socket connection for client /10.10.34.11:37116 which had sessionid 0x34ed9ac1c1e0067
2015-07-30 15:18:26,749 - WARN  [NIOServerCxn.Factory:0.0.0.0/0.0.0.0:2181:NIOServerCnxn@349] - caught end of stream exception
2015-07-30 15:18:26,749 - INFO  [NIOServerCxn.Factory:0.0.0.0/0.0.0.0:2181:NIOServerCnxn@1001] - Closed socket connection for client /10.10.34.11:37114 which had sessionid 0x34ed9ac1c1e0065
2015-07-30 15:19:31,873 - INFO  [NIOServerCxn.Factory:0.0.0.0/0.0.0.0:2181:NIOServerCnxnFactory@197] - Accepted socket connection from /10.10.34.14:49756
2015-07-30 15:19:31,873 - WARN  [NIOServerCxn.Factory:0.0.0.0/0.0.0.0:2181:ZooKeeperServer@793] - Connection request from old client /10.10.34.14:49756; will be dropped if server is in r-o mode
2015-07-30 15:19:31,873 - INFO  [NIOServerCxn.Factory:0.0.0.0/0.0.0.0:2181:ZooKeeperServer@839] - Client attempting to establish new session at /10.10.34.14:49756
2015-07-30 15:19:31,875 - INFO  [CommitProcessor:3:ZooKeeperServer@595] - Established session 0x34ed9ac1c1e0069 with negotiated timeout 10000 for client /10.10.34.14:49756
2015-07-30 15:21:08,523 - WARN  [NIOServerCxn.Factory:0.0.0.0/0.0.0.0:2181:NIOServerCnxn@349] - caught end of stream exception
2015-07-30 15:21:08,523 - INFO  [NIOServerCxn.Factory:0.0.0.0/0.0.0.0:2181:NIOServerCnxn@1001] - Closed socket connection for client /10.10.34.14:49756 which had sessionid 0x34ed9ac1c1e0069
2015-07-30 15:25:19,869 - WARN  [NIOServerCxn.Factory:0.0.0.0/0.0.0.0:2181:NIOServerCnxn@349] - caught end of stream exception
2015-07-30 15:25:19,869 - INFO  [NIOServerCxn.Factory:0.0.0.0/0.0.0.0:2181:NIOServerCnxn@1001] - Closed socket connection for client /10.10.34.11:37106 which had sessionid 0x34ed9ac1c1e005f
2015-07-30 15:25:19,967 - WARN  [NIOServerCxn.Factory:0.0.0.0/0.0.0.0:2181:NIOServerCnxn@349] - caught end of stream exception
2015-07-30 15:25:19,968 - INFO  [NIOServerCxn.Factory:0.0.0.0/0.0.0.0:2181:NIOServerCnxn@1001] - Closed socket connection for client /10.10.34.12:59293 which had sessionid 0x34ed9ac1c1e0060
2015-07-30 15:25:20,066 - WARN  [NIOServerCxn.Factory:0.0.0.0/0.0.0.0:2181:NIOServerCnxn@349] - caught end of stream exception
2015-07-30 15:25:20,067 - INFO  [NIOServerCxn.Factory:0.0.0.0/0.0.0.0:2181:NIOServerCnxn@1001] - Closed socket connection for client /10.10.34.13:54388 which had sessionid 0x34ed9ac1c1e0062
2015-07-30 15:25:20,067 - WARN  [NIOServerCxn.Factory:0.0.0.0/0.0.0.0:2181:NIOServerCnxn@349] - caught end of stream exception
2015-07-30 15:25:20,067 - INFO  [NIOServerCxn.Factory:0.0.0.0/0.0.0.0:2181:NIOServerCnxn@1001] - Closed socket connection for client /10.10.34.13:54387 which had sessionid 0x34ed9ac1c1e0061
2015-07-30 15:25:20,067 - WARN  [NIOServerCxn.Factory:0.0.0.0/0.0.0.0:2181:NIOServerCnxn@349] - caught end of stream exception
2015-07-30 15:25:20,068 - INFO  [NIOServerCxn.Factory:0.0.0.0/0.0.0.0:2181:NIOServerCnxn@1001] - Closed socket connection for client /10.10.34.13:54390 which had sessionid 0x34ed9ac1c1e0063
2015-07-30 15:30:01,323 - INFO  [NIOServerCxn.Factory:0.0.0.0/0.0.0.0:2181:NIOServerCnxnFactory@197] - Accepted socket connection from /10.10.34.11:37320
2015-07-30 15:30:01,324 - WARN  [NIOServerCxn.Factory:0.0.0.0/0.0.0.0:2181:ZooKeeperServer@793] - Connection request from old client /10.10.34.11:37320; will be dropped if server is in r-o mode
2015-07-30 15:30:01,324 - INFO  [NIOServerCxn.Factory:0.0.0.0/0.0.0.0:2181:ZooKeeperServer@839] - Client attempting to establish new session at /10.10.34.11:37320
2015-07-30 15:30:01,325 - INFO  [NIOServerCxn.Factory:0.0.0.0/0.0.0.0:2181:NIOServerCnxnFactory@197] - Accepted socket connection from /10.10.34.11:37321
2015-07-30 15:30:01,325 - WARN  [NIOServerCxn.Factory:0.0.0.0/0.0.0.0:2181:ZooKeeperServer@793] - Connection request from old client /10.10.34.11:37321; will be dropped if server is in r-o mode
2015-07-30 15:30:01,325 - INFO  [NIOServerCxn.Factory:0.0.0.0/0.0.0.0:2181:ZooKeeperServer@839] - Client attempting to establish new session at /10.10.34.11:37321
2015-07-30 15:30:01,326 - INFO  [CommitProcessor:3:ZooKeeperServer@595] - Established session 0x34ed9ac1c1e006a with negotiated timeout 10000 for client /10.10.34.11:37320
2015-07-30 15:30:01,327 - INFO  [CommitProcessor:3:ZooKeeperServer@595] - Established session 0x34ed9ac1c1e006b with negotiated timeout 10000 for client /10.10.34.11:37321
2015-07-30 15:30:30,081 - WARN  [NIOServerCxn.Factory:0.0.0.0/0.0.0.0:2181:NIOServerCnxn@349] - caught end of stream exception
2015-07-30 15:30:30,082 - INFO  [NIOServerCxn.Factory:0.0.0.0/0.0.0.0:2181:NIOServerCnxn@1001] - Closed socket connection for client /10.10.34.11:37320 which had sessionid 0x34ed9ac1c1e006a
2015-07-30 15:30:30,082 - WARN  [NIOServerCxn.Factory:0.0.0.0/0.0.0.0:2181:NIOServerCnxn@349] - caught end of stream exception
2015-07-30 15:30:30,082 - INFO  [NIOServerCxn.Factory:0.0.0.0/0.0.0.0:2181:NIOServerCnxn@1001] - Closed socket connection for client /10.10.34.11:37321 which had sessionid 0x34ed9ac1c1e006b
2015-07-30 15:32:23,858 - INFO  [NIOServerCxn.Factory:0.0.0.0/0.0.0.0:2181:NIOServerCnxnFactory@197] - Accepted socket connection from /10.10.34.11:37329
2015-07-30 15:32:23,858 - WARN  [NIOServerCxn.Factory:0.0.0.0/0.0.0.0:2181:ZooKeeperServer@793] - Connection request from old client /10.10.34.11:37329; will be dropped if server is in r-o mode
2015-07-30 15:32:23,858 - INFO  [NIOServerCxn.Factory:0.0.0.0/0.0.0.0:2181:ZooKeeperServer@839] - Client attempting to establish new session at /10.10.34.11:37329
2015-07-30 15:32:23,858 - INFO  [NIOServerCxn.Factory:0.0.0.0/0.0.0.0:2181:NIOServerCnxnFactory@197] - Accepted socket connection from /10.10.34.11:37330
2015-07-30 15:32:23,859 - WARN  [NIOServerCxn.Factory:0.0.0.0/0.0.0.0:2181:ZooKeeperServer@793] - Connection request from old client /10.10.34.11:37330; will be dropped if server is in r-o mode
2015-07-30 15:32:23,859 - INFO  [NIOServerCxn.Factory:0.0.0.0/0.0.0.0:2181:ZooKeeperServer@839] - Client attempting to establish new session at /10.10.34.11:37330
2015-07-30 15:32:23,860 - INFO  [NIOServerCxn.Factory:0.0.0.0/0.0.0.0:2181:NIOServerCnxnFactory@197] - Accepted socket connection from /10.10.34.11:37332
2015-07-30 15:32:23,860 - WARN  [NIOServerCxn.Factory:0.0.0.0/0.0.0.0:2181:ZooKeeperServer@793] - Connection request from old client /10.10.34.11:37332; will be dropped if server is in r-o mode
2015-07-30 15:32:23,860 - INFO  [NIOServerCxn.Factory:0.0.0.0/0.0.0.0:2181:ZooKeeperServer@839] - Client attempting to establish new session at /10.10.34.11:37332
2015-07-30 15:32:23,860 - INFO  [CommitProcessor:3:ZooKeeperServer@595] - Established session 0x34ed9ac1c1e006c with negotiated timeout 10000 for client /10.10.34.11:37329
2015-07-30 15:32:23,861 - INFO  [CommitProcessor:3:ZooKeeperServer@595] - Established session 0x34ed9ac1c1e006d with negotiated timeout 10000 for client /10.10.34.11:37330
2015-07-30 15:32:23,861 - INFO  [CommitProcessor:3:ZooKeeperServer@595] - Established session 0x34ed9ac1c1e006e with negotiated timeout 10000 for client /10.10.34.11:37332
2015-07-30 15:32:24,059 - INFO  [NIOServerCxn.Factory:0.0.0.0/0.0.0.0:2181:NIOServerCnxnFactory@197] - Accepted socket connection from /10.10.34.13:54393
2015-07-30 15:32:24,060 - INFO  [NIOServerCxn.Factory:0.0.0.0/0.0.0.0:2181:NIOServerCnxnFactory@197] - Accepted socket connection from /10.10.34.13:54394
2015-07-30 15:32:24,060 - WARN  [NIOServerCxn.Factory:0.0.0.0/0.0.0.0:2181:ZooKeeperServer@793] - Connection request from old client /10.10.34.13:54393; will be dropped if server is in r-o mode
2015-07-30 15:32:24,060 - INFO  [NIOServerCxn.Factory:0.0.0.0/0.0.0.0:2181:ZooKeeperServer@839] - Client attempting to establish new session at /10.10.34.13:54393
2015-07-30 15:32:24,060 - WARN  [NIOServerCxn.Factory:0.0.0.0/0.0.0.0:2181:ZooKeeperServer@793] - Connection request from old client /10.10.34.13:54394; will be dropped if server is in r-o mode
2015-07-30 15:32:24,060 - INFO  [NIOServerCxn.Factory:0.0.0.0/0.0.0.0:2181:ZooKeeperServer@839] - Client attempting to establish new session at /10.10.34.13:54394
2015-07-30 15:32:24,061 - INFO  [NIOServerCxn.Factory:0.0.0.0/0.0.0.0:2181:NIOServerCnxnFactory@197] - Accepted socket connection from /10.10.34.13:54395
2015-07-30 15:32:24,061 - WARN  [NIOServerCxn.Factory:0.0.0.0/0.0.0.0:2181:ZooKeeperServer@793] - Connection request from old client /10.10.34.13:54395; will be dropped if server is in r-o mode
2015-07-30 15:32:24,061 - INFO  [NIOServerCxn.Factory:0.0.0.0/0.0.0.0:2181:ZooKeeperServer@839] - Client attempting to establish new session at /10.10.34.13:54395
2015-07-30 15:32:24,062 - INFO  [CommitProcessor:3:ZooKeeperServer@595] - Established session 0x34ed9ac1c1e006f with negotiated timeout 10000 for client /10.10.34.13:54393
2015-07-30 15:32:24,063 - INFO  [CommitProcessor:3:ZooKeeperServer@595] - Established session 0x34ed9ac1c1e0070 with negotiated timeout 10000 for client /10.10.34.13:54394
2015-07-30 15:32:24,063 - INFO  [CommitProcessor:3:ZooKeeperServer@595] - Established session 0x34ed9ac1c1e0071 with negotiated timeout 10000 for client /10.10.34.13:54395
2015-07-30 15:32:44,068 - INFO  [NIOServerCxn.Factory:0.0.0.0/0.0.0.0:2181:NIOServerCnxnFactory@197] - Accepted socket connection from /10.10.34.11:37335
2015-07-30 15:32:44,069 - WARN  [NIOServerCxn.Factory:0.0.0.0/0.0.0.0:2181:ZooKeeperServer@793] - Connection request from old client /10.10.34.11:37335; will be dropped if server is in r-o mode
2015-07-30 15:32:44,069 - INFO  [NIOServerCxn.Factory:0.0.0.0/0.0.0.0:2181:ZooKeeperServer@839] - Client attempting to establish new session at /10.10.34.11:37335
2015-07-30 15:32:44,071 - INFO  [CommitProcessor:3:ZooKeeperServer@595] - Established session 0x34ed9ac1c1e0072 with negotiated timeout 10000 for client /10.10.34.11:37335
2015-07-30 15:33:24,857 - INFO  [NIOServerCxn.Factory:0.0.0.0/0.0.0.0:2181:NIOServerCnxnFactory@197] - Accepted socket connection from /10.10.34.11:37339
2015-07-30 15:33:24,857 - WARN  [NIOServerCxn.Factory:0.0.0.0/0.0.0.0:2181:ZooKeeperServer@793] - Connection request from old client /10.10.34.11:37339; will be dropped if server is in r-o mode
2015-07-30 15:33:24,857 - INFO  [NIOServerCxn.Factory:0.0.0.0/0.0.0.0:2181:ZooKeeperServer@839] - Client attempting to establish new session at /10.10.34.11:37339
2015-07-30 15:33:24,859 - INFO  [CommitProcessor:3:ZooKeeperServer@595] - Established session 0x34ed9ac1c1e0073 with negotiated timeout 20000 for client /10.10.34.11:37339
2015-07-30 15:33:24,882 - INFO  [NIOServerCxn.Factory:0.0.0.0/0.0.0.0:2181:NIOServerCnxnFactory@197] - Accepted socket connection from /10.10.34.11:37340
2015-07-30 15:33:24,883 - WARN  [NIOServerCxn.Factory:0.0.0.0/0.0.0.0:2181:ZooKeeperServer@793] - Connection request from old client /10.10.34.11:37340; will be dropped if server is in r-o mode
2015-07-30 15:33:24,883 - INFO  [NIOServerCxn.Factory:0.0.0.0/0.0.0.0:2181:ZooKeeperServer@839] - Client attempting to establish new session at /10.10.34.11:37340
2015-07-30 15:33:24,884 - INFO  [CommitProcessor:3:ZooKeeperServer@595] - Established session 0x34ed9ac1c1e0074 with negotiated timeout 20000 for client /10.10.34.11:37340
2015-07-30 15:34:26,958 - WARN  [NIOServerCxn.Factory:0.0.0.0/0.0.0.0:2181:NIOServerCnxn@349] - caught end of stream exception
2015-07-30 15:34:26,959 - INFO  [NIOServerCxn.Factory:0.0.0.0/0.0.0.0:2181:NIOServerCnxn@1001] - Closed socket connection for client /10.10.34.11:37339 which had sessionid 0x34ed9ac1c1e0073
2015-07-30 15:34:26,959 - WARN  [NIOServerCxn.Factory:0.0.0.0/0.0.0.0:2181:NIOServerCnxn@349] - caught end of stream exception
2015-07-30 15:34:26,959 - INFO  [NIOServerCxn.Factory:0.0.0.0/0.0.0.0:2181:NIOServerCnxn@1001] - Closed socket connection for client /10.10.34.11:37340 which had sessionid 0x34ed9ac1c1e0074
2015-07-30 15:34:34,596 - WARN  [NIOServerCxn.Factory:0.0.0.0/0.0.0.0:2181:NIOServerCnxn@349] - caught end of stream exception
2015-07-30 15:34:34,597 - INFO  [NIOServerCxn.Factory:0.0.0.0/0.0.0.0:2181:NIOServerCnxn@1001] - Closed socket connection for client /10.10.34.11:37335 which had sessionid 0x34ed9ac1c1e0072
2015-07-30 15:35:02,561 - INFO  [NIOServerCxn.Factory:0.0.0.0/0.0.0.0:2181:NIOServerCnxnFactory@197] - Accepted socket connection from /10.10.34.12:59304
2015-07-30 15:35:02,561 - WARN  [NIOServerCxn.Factory:0.0.0.0/0.0.0.0:2181:ZooKeeperServer@793] - Connection request from old client /10.10.34.12:59304; will be dropped if server is in r-o mode
2015-07-30 15:35:02,561 - INFO  [NIOServerCxn.Factory:0.0.0.0/0.0.0.0:2181:ZooKeeperServer@839] - Client attempting to establish new session at /10.10.34.12:59304
2015-07-30 15:35:02,563 - INFO  [CommitProcessor:3:ZooKeeperServer@595] - Established session 0x34ed9ac1c1e0075 with negotiated timeout 10000 for client /10.10.34.12:59304
2015-07-30 15:35:03,828 - INFO  [NIOServerCxn.Factory:0.0.0.0/0.0.0.0:2181:NIOServerCnxnFactory@197] - Accepted socket connection from /10.10.34.27:34562
2015-07-30 15:35:03,828 - WARN  [NIOServerCxn.Factory:0.0.0.0/0.0.0.0:2181:ZooKeeperServer@793] - Connection request from old client /10.10.34.27:34562; will be dropped if server is in r-o mode
2015-07-30 15:35:03,828 - INFO  [NIOServerCxn.Factory:0.0.0.0/0.0.0.0:2181:ZooKeeperServer@839] - Client attempting to establish new session at /10.10.34.27:34562
2015-07-30 15:35:03,830 - INFO  [CommitProcessor:3:ZooKeeperServer@595] - Established session 0x34ed9ac1c1e0076 with negotiated timeout 10000 for client /10.10.34.27:34562
2015-07-30 15:35:03,931 - INFO  [NIOServerCxn.Factory:0.0.0.0/0.0.0.0:2181:NIOServerCnxnFactory@197] - Accepted socket connection from /10.10.34.28:49854
2015-07-30 15:35:03,931 - WARN  [NIOServerCxn.Factory:0.0.0.0/0.0.0.0:2181:ZooKeeperServer@793] - Connection request from old client /10.10.34.28:49854; will be dropped if server is in r-o mode
2015-07-30 15:35:03,931 - INFO  [NIOServerCxn.Factory:0.0.0.0/0.0.0.0:2181:ZooKeeperServer@839] - Client attempting to establish new session at /10.10.34.28:49854
2015-07-30 15:35:03,932 - INFO  [CommitProcessor:3:ZooKeeperServer@595] - Established session 0x34ed9ac1c1e0077 with negotiated timeout 10000 for client /10.10.34.28:49854
2015-07-30 15:35:04,031 - INFO  [NIOServerCxn.Factory:0.0.0.0/0.0.0.0:2181:NIOServerCnxnFactory@197] - Accepted socket connection from /10.10.34.29:50494
2015-07-30 15:35:04,031 - WARN  [NIOServerCxn.Factory:0.0.0.0/0.0.0.0:2181:ZooKeeperServer@793] - Connection request from old client /10.10.34.29:50494; will be dropped if server is in r-o mode
2015-07-30 15:35:04,032 - INFO  [NIOServerCxn.Factory:0.0.0.0/0.0.0.0:2181:ZooKeeperServer@839] - Client attempting to establish new session at /10.10.34.29:50494
2015-07-30 15:35:04,033 - INFO  [CommitProcessor:3:ZooKeeperServer@595] - Established session 0x34ed9ac1c1e0078 with negotiated timeout 10000 for client /10.10.34.29:50494
2015-07-30 15:35:04,338 - INFO  [NIOServerCxn.Factory:0.0.0.0/0.0.0.0:2181:NIOServerCnxnFactory@197] - Accepted socket connection from /10.10.34.32:55289
2015-07-30 15:35:04,338 - WARN  [NIOServerCxn.Factory:0.0.0.0/0.0.0.0:2181:ZooKeeperServer@793] - Connection request from old client /10.10.34.32:55289; will be dropped if server is in r-o mode
2015-07-30 15:35:04,338 - INFO  [NIOServerCxn.Factory:0.0.0.0/0.0.0.0:2181:ZooKeeperServer@839] - Client attempting to establish new session at /10.10.34.32:55289
2015-07-30 15:35:04,340 - INFO  [CommitProcessor:3:ZooKeeperServer@595] - Established session 0x34ed9ac1c1e0079 with negotiated timeout 10000 for client /10.10.34.32:55289
2015-07-30 15:35:04,435 - INFO  [NIOServerCxn.Factory:0.0.0.0/0.0.0.0:2181:NIOServerCnxnFactory@197] - Accepted socket connection from /10.10.34.33:34481
2015-07-30 15:35:04,436 - WARN  [NIOServerCxn.Factory:0.0.0.0/0.0.0.0:2181:ZooKeeperServer@793] - Connection request from old client /10.10.34.33:34481; will be dropped if server is in r-o mode
2015-07-30 15:35:04,436 - INFO  [NIOServerCxn.Factory:0.0.0.0/0.0.0.0:2181:ZooKeeperServer@839] - Client attempting to establish new session at /10.10.34.33:34481
2015-07-30 15:35:04,438 - INFO  [CommitProcessor:3:ZooKeeperServer@595] - Established session 0x34ed9ac1c1e007a with negotiated timeout 10000 for client /10.10.34.33:34481
2015-07-30 15:35:04,646 - INFO  [NIOServerCxn.Factory:0.0.0.0/0.0.0.0:2181:NIOServerCnxnFactory@197] - Accepted socket connection from /10.10.34.35:37448
2015-07-30 15:35:04,646 - WARN  [NIOServerCxn.Factory:0.0.0.0/0.0.0.0:2181:ZooKeeperServer@793] - Connection request from old client /10.10.34.35:37448; will be dropped if server is in r-o mode
2015-07-30 15:35:04,646 - INFO  [NIOServerCxn.Factory:0.0.0.0/0.0.0.0:2181:ZooKeeperServer@839] - Client attempting to establish new session at /10.10.34.35:37448
2015-07-30 15:35:04,648 - INFO  [CommitProcessor:3:ZooKeeperServer@595] - Established session 0x34ed9ac1c1e007b with negotiated timeout 10000 for client /10.10.34.35:37448
2015-07-30 15:35:04,850 - INFO  [NIOServerCxn.Factory:0.0.0.0/0.0.0.0:2181:NIOServerCnxnFactory@197] - Accepted socket connection from /10.10.34.37:36479
2015-07-30 15:35:04,850 - WARN  [NIOServerCxn.Factory:0.0.0.0/0.0.0.0:2181:ZooKeeperServer@793] - Connection request from old client /10.10.34.37:36479; will be dropped if server is in r-o mode
2015-07-30 15:35:04,850 - INFO  [NIOServerCxn.Factory:0.0.0.0/0.0.0.0:2181:ZooKeeperServer@839] - Client attempting to establish new session at /10.10.34.37:36479
2015-07-30 15:35:04,852 - INFO  [CommitProcessor:3:ZooKeeperServer@595] - Established session 0x34ed9ac1c1e007c with negotiated timeout 10000 for client /10.10.34.37:36479
2015-07-30 15:35:04,958 - INFO  [NIOServerCxn.Factory:0.0.0.0/0.0.0.0:2181:NIOServerCnxnFactory@197] - Accepted socket connection from /10.10.34.38:43516
2015-07-30 15:35:04,958 - WARN  [NIOServerCxn.Factory:0.0.0.0/0.0.0.0:2181:ZooKeeperServer@793] - Connection request from old client /10.10.34.38:43516; will be dropped if server is in r-o mode
2015-07-30 15:35:04,958 - INFO  [NIOServerCxn.Factory:0.0.0.0/0.0.0.0:2181:ZooKeeperServer@839] - Client attempting to establish new session at /10.10.34.38:43516
2015-07-30 15:35:04,960 - INFO  [CommitProcessor:3:ZooKeeperServer@595] - Established session 0x34ed9ac1c1e007d with negotiated timeout 10000 for client /10.10.34.38:43516
2015-07-30 15:35:05,259 - INFO  [NIOServerCxn.Factory:0.0.0.0/0.0.0.0:2181:NIOServerCnxnFactory@197] - Accepted socket connection from /10.10.34.41:54927
2015-07-30 15:35:05,259 - WARN  [NIOServerCxn.Factory:0.0.0.0/0.0.0.0:2181:ZooKeeperServer@793] - Connection request from old client /10.10.34.41:54927; will be dropped if server is in r-o mode
2015-07-30 15:35:05,260 - INFO  [NIOServerCxn.Factory:0.0.0.0/0.0.0.0:2181:ZooKeeperServer@839] - Client attempting to establish new session at /10.10.34.41:54927
2015-07-30 15:35:05,261 - INFO  [CommitProcessor:3:ZooKeeperServer@595] - Established session 0x34ed9ac1c1e007e with negotiated timeout 10000 for client /10.10.34.41:54927
2015-07-30 15:55:50,770 - INFO  [NIOServerCxn.Factory:0.0.0.0/0.0.0.0:2181:NIOServerCnxnFactory@197] - Accepted socket connection from /10.10.34.11:39553
2015-07-30 15:55:50,771 - WARN  [NIOServerCxn.Factory:0.0.0.0/0.0.0.0:2181:ZooKeeperServer@793] - Connection request from old client /10.10.34.11:39553; will be dropped if server is in r-o mode
2015-07-30 15:55:50,771 - INFO  [NIOServerCxn.Factory:0.0.0.0/0.0.0.0:2181:ZooKeeperServer@839] - Client attempting to establish new session at /10.10.34.11:39553
2015-07-30 15:55:50,773 - INFO  [CommitProcessor:3:ZooKeeperServer@595] - Established session 0x34ed9ac1c1e007f with negotiated timeout 10000 for client /10.10.34.11:39553
2015-07-30 15:56:33,334 - INFO  [NIOServerCxn.Factory:0.0.0.0/0.0.0.0:2181:NIOServerCnxnFactory@197] - Accepted socket connection from /10.10.34.11:39586
2015-07-30 15:56:33,335 - WARN  [NIOServerCxn.Factory:0.0.0.0/0.0.0.0:2181:ZooKeeperServer@793] - Connection request from old client /10.10.34.11:39586; will be dropped if server is in r-o mode
2015-07-30 15:56:33,335 - INFO  [NIOServerCxn.Factory:0.0.0.0/0.0.0.0:2181:ZooKeeperServer@839] - Client attempting to establish new session at /10.10.34.11:39586
2015-07-30 15:56:33,337 - INFO  [CommitProcessor:3:ZooKeeperServer@595] - Established session 0x34ed9ac1c1e0080 with negotiated timeout 20000 for client /10.10.34.11:39586
2015-07-30 15:56:33,347 - INFO  [NIOServerCxn.Factory:0.0.0.0/0.0.0.0:2181:NIOServerCnxnFactory@197] - Accepted socket connection from /10.10.34.11:39587
2015-07-30 15:56:33,347 - WARN  [NIOServerCxn.Factory:0.0.0.0/0.0.0.0:2181:ZooKeeperServer@793] - Connection request from old client /10.10.34.11:39587; will be dropped if server is in r-o mode
2015-07-30 15:56:33,347 - INFO  [NIOServerCxn.Factory:0.0.0.0/0.0.0.0:2181:ZooKeeperServer@839] - Client attempting to establish new session at /10.10.34.11:39587
2015-07-30 15:56:33,349 - INFO  [CommitProcessor:3:ZooKeeperServer@595] - Established session 0x34ed9ac1c1e0081 with negotiated timeout 10000 for client /10.10.34.11:39587
2015-07-30 16:00:07,723 - WARN  [NIOServerCxn.Factory:0.0.0.0/0.0.0.0:2181:NIOServerCnxn@349] - caught end of stream exception
2015-07-30 16:00:07,723 - INFO  [NIOServerCxn.Factory:0.0.0.0/0.0.0.0:2181:NIOServerCnxn@1001] - Closed socket connection for client /10.10.34.11:39587 which had sessionid 0x34ed9ac1c1e0081
2015-07-30 16:00:07,724 - WARN  [NIOServerCxn.Factory:0.0.0.0/0.0.0.0:2181:NIOServerCnxn@349] - caught end of stream exception
2015-07-30 16:00:07,724 - INFO  [NIOServerCxn.Factory:0.0.0.0/0.0.0.0:2181:NIOServerCnxn@1001] - Closed socket connection for client /10.10.34.11:39586 which had sessionid 0x34ed9ac1c1e0080
2015-07-30 16:11:34,275 - WARN  [NIOServerCxn.Factory:0.0.0.0/0.0.0.0:2181:NIOServerCnxn@349] - caught end of stream exception
2015-07-30 16:11:34,275 - INFO  [NIOServerCxn.Factory:0.0.0.0/0.0.0.0:2181:NIOServerCnxn@1001] - Closed socket connection for client /10.10.34.11:39553 which had sessionid 0x34ed9ac1c1e007f
2015-07-30 16:11:34,371 - WARN  [NIOServerCxn.Factory:0.0.0.0/0.0.0.0:2181:NIOServerCnxn@349] - caught end of stream exception
2015-07-30 16:11:34,371 - INFO  [NIOServerCxn.Factory:0.0.0.0/0.0.0.0:2181:NIOServerCnxn@1001] - Closed socket connection for client /10.10.34.12:59304 which had sessionid 0x34ed9ac1c1e0075
2015-07-30 16:11:35,644 - WARN  [NIOServerCxn.Factory:0.0.0.0/0.0.0.0:2181:NIOServerCnxn@349] - caught end of stream exception
2015-07-30 16:11:35,645 - INFO  [NIOServerCxn.Factory:0.0.0.0/0.0.0.0:2181:NIOServerCnxn@1001] - Closed socket connection for client /10.10.34.27:34562 which had sessionid 0x34ed9ac1c1e0076
2015-07-30 16:11:35,747 - WARN  [NIOServerCxn.Factory:0.0.0.0/0.0.0.0:2181:NIOServerCnxn@349] - caught end of stream exception
2015-07-30 16:11:35,747 - INFO  [NIOServerCxn.Factory:0.0.0.0/0.0.0.0:2181:NIOServerCnxn@1001] - Closed socket connection for client /10.10.34.28:49854 which had sessionid 0x34ed9ac1c1e0077
2015-07-30 16:11:35,848 - WARN  [NIOServerCxn.Factory:0.0.0.0/0.0.0.0:2181:NIOServerCnxn@349] - caught end of stream exception
2015-07-30 16:11:35,848 - INFO  [NIOServerCxn.Factory:0.0.0.0/0.0.0.0:2181:NIOServerCnxn@1001] - Closed socket connection for client /10.10.34.29:50494 which had sessionid 0x34ed9ac1c1e0078
2015-07-30 16:11:36,152 - WARN  [NIOServerCxn.Factory:0.0.0.0/0.0.0.0:2181:NIOServerCnxn@349] - caught end of stream exception
2015-07-30 16:11:36,152 - INFO  [NIOServerCxn.Factory:0.0.0.0/0.0.0.0:2181:NIOServerCnxn@1001] - Closed socket connection for client /10.10.34.32:55289 which had sessionid 0x34ed9ac1c1e0079
2015-07-30 16:11:36,253 - WARN  [NIOServerCxn.Factory:0.0.0.0/0.0.0.0:2181:NIOServerCnxn@349] - caught end of stream exception
2015-07-30 16:11:36,253 - INFO  [NIOServerCxn.Factory:0.0.0.0/0.0.0.0:2181:NIOServerCnxn@1001] - Closed socket connection for client /10.10.34.33:34481 which had sessionid 0x34ed9ac1c1e007a
2015-07-30 16:11:36,462 - WARN  [NIOServerCxn.Factory:0.0.0.0/0.0.0.0:2181:NIOServerCnxn@349] - caught end of stream exception
2015-07-30 16:11:36,462 - INFO  [NIOServerCxn.Factory:0.0.0.0/0.0.0.0:2181:NIOServerCnxn@1001] - Closed socket connection for client /10.10.34.35:37448 which had sessionid 0x34ed9ac1c1e007b
2015-07-30 16:11:36,673 - WARN  [NIOServerCxn.Factory:0.0.0.0/0.0.0.0:2181:NIOServerCnxn@349] - caught end of stream exception
2015-07-30 16:11:36,673 - INFO  [NIOServerCxn.Factory:0.0.0.0/0.0.0.0:2181:NIOServerCnxn@1001] - Closed socket connection for client /10.10.34.37:36479 which had sessionid 0x34ed9ac1c1e007c
2015-07-30 16:11:36,774 - WARN  [NIOServerCxn.Factory:0.0.0.0/0.0.0.0:2181:NIOServerCnxn@349] - caught end of stream exception
2015-07-30 16:11:36,774 - INFO  [NIOServerCxn.Factory:0.0.0.0/0.0.0.0:2181:NIOServerCnxn@1001] - Closed socket connection for client /10.10.34.38:43516 which had sessionid 0x34ed9ac1c1e007d
2015-07-30 16:11:37,081 - WARN  [NIOServerCxn.Factory:0.0.0.0/0.0.0.0:2181:NIOServerCnxn@349] - caught end of stream exception
2015-07-30 16:11:37,081 - INFO  [NIOServerCxn.Factory:0.0.0.0/0.0.0.0:2181:NIOServerCnxn@1001] - Closed socket connection for client /10.10.34.41:54927 which had sessionid 0x34ed9ac1c1e007e
2015-07-30 16:11:38,817 - WARN  [NIOServerCxn.Factory:0.0.0.0/0.0.0.0:2181:NIOServerCnxn@349] - caught end of stream exception
2015-07-30 16:11:38,818 - INFO  [NIOServerCxn.Factory:0.0.0.0/0.0.0.0:2181:NIOServerCnxn@1001] - Closed socket connection for client /10.10.34.11:37330 which had sessionid 0x34ed9ac1c1e006d
2015-07-30 16:11:38,818 - WARN  [NIOServerCxn.Factory:0.0.0.0/0.0.0.0:2181:NIOServerCnxn@349] - caught end of stream exception
2015-07-30 16:11:38,818 - INFO  [NIOServerCxn.Factory:0.0.0.0/0.0.0.0:2181:NIOServerCnxn@1001] - Closed socket connection for client /10.10.34.11:37329 which had sessionid 0x34ed9ac1c1e006c
2015-07-30 16:11:38,819 - WARN  [NIOServerCxn.Factory:0.0.0.0/0.0.0.0:2181:NIOServerCnxn@349] - caught end of stream exception
2015-07-30 16:11:38,819 - INFO  [NIOServerCxn.Factory:0.0.0.0/0.0.0.0:2181:NIOServerCnxn@1001] - Closed socket connection for client /10.10.34.11:37332 which had sessionid 0x34ed9ac1c1e006e
2015-07-30 16:11:39,017 - WARN  [NIOServerCxn.Factory:0.0.0.0/0.0.0.0:2181:NIOServerCnxn@349] - caught end of stream exception
2015-07-30 16:11:39,018 - INFO  [NIOServerCxn.Factory:0.0.0.0/0.0.0.0:2181:NIOServerCnxn@1001] - Closed socket connection for client /10.10.34.13:54393 which had sessionid 0x34ed9ac1c1e006f
2015-07-30 16:11:39,018 - WARN  [NIOServerCxn.Factory:0.0.0.0/0.0.0.0:2181:NIOServerCnxn@349] - caught end of stream exception
2015-07-30 16:11:39,019 - INFO  [NIOServerCxn.Factory:0.0.0.0/0.0.0.0:2181:NIOServerCnxn@1001] - Closed socket connection for client /10.10.34.13:54394 which had sessionid 0x34ed9ac1c1e0070
2015-07-30 16:11:39,019 - WARN  [NIOServerCxn.Factory:0.0.0.0/0.0.0.0:2181:NIOServerCnxn@349] - caught end of stream exception
2015-07-30 16:11:39,019 - INFO  [NIOServerCxn.Factory:0.0.0.0/0.0.0.0:2181:NIOServerCnxn@1001] - Closed socket connection for client /10.10.34.13:54395 which had sessionid 0x34ed9ac1c1e0071
2015-07-30 16:11:58,033 - INFO  [NIOServerCxn.Factory:0.0.0.0/0.0.0.0:2181:NIOServerCnxnFactory@197] - Accepted socket connection from /10.10.34.12:59309
2015-07-30 16:11:58,034 - WARN  [NIOServerCxn.Factory:0.0.0.0/0.0.0.0:2181:ZooKeeperServer@793] - Connection request from old client /10.10.34.12:59309; will be dropped if server is in r-o mode
2015-07-30 16:11:58,034 - INFO  [NIOServerCxn.Factory:0.0.0.0/0.0.0.0:2181:ZooKeeperServer@839] - Client attempting to establish new session at /10.10.34.12:59309
2015-07-30 16:11:58,036 - INFO  [CommitProcessor:3:ZooKeeperServer@595] - Established session 0x34ed9ac1c1e0082 with negotiated timeout 10000 for client /10.10.34.12:59309
2015-07-30 16:11:58,135 - INFO  [NIOServerCxn.Factory:0.0.0.0/0.0.0.0:2181:NIOServerCnxnFactory@197] - Accepted socket connection from /10.10.34.13:54579
2015-07-30 16:11:58,135 - WARN  [NIOServerCxn.Factory:0.0.0.0/0.0.0.0:2181:ZooKeeperServer@793] - Connection request from old client /10.10.34.13:54579; will be dropped if server is in r-o mode
2015-07-30 16:11:58,136 - INFO  [NIOServerCxn.Factory:0.0.0.0/0.0.0.0:2181:ZooKeeperServer@839] - Client attempting to establish new session at /10.10.34.13:54579
2015-07-30 16:11:58,136 - INFO  [NIOServerCxn.Factory:0.0.0.0/0.0.0.0:2181:NIOServerCnxnFactory@197] - Accepted socket connection from /10.10.34.13:54580
2015-07-30 16:11:58,136 - WARN  [NIOServerCxn.Factory:0.0.0.0/0.0.0.0:2181:ZooKeeperServer@793] - Connection request from old client /10.10.34.13:54580; will be dropped if server is in r-o mode
2015-07-30 16:11:58,136 - INFO  [NIOServerCxn.Factory:0.0.0.0/0.0.0.0:2181:ZooKeeperServer@839] - Client attempting to establish new session at /10.10.34.13:54580
2015-07-30 16:11:58,137 - INFO  [CommitProcessor:3:ZooKeeperServer@595] - Established session 0x34ed9ac1c1e0083 with negotiated timeout 10000 for client /10.10.34.13:54579
2015-07-30 16:11:58,138 - INFO  [CommitProcessor:3:ZooKeeperServer@595] - Established session 0x34ed9ac1c1e0084 with negotiated timeout 10000 for client /10.10.34.13:54580
2015-07-30 16:11:59,662 - INFO  [NIOServerCxn.Factory:0.0.0.0/0.0.0.0:2181:NIOServerCnxnFactory@197] - Accepted socket connection from /10.10.34.11:39755
2015-07-30 16:11:59,663 - WARN  [NIOServerCxn.Factory:0.0.0.0/0.0.0.0:2181:ZooKeeperServer@793] - Connection request from old client /10.10.34.11:39755; will be dropped if server is in r-o mode
2015-07-30 16:11:59,663 - INFO  [NIOServerCxn.Factory:0.0.0.0/0.0.0.0:2181:ZooKeeperServer@839] - Client attempting to establish new session at /10.10.34.11:39755
2015-07-30 16:11:59,665 - INFO  [CommitProcessor:3:ZooKeeperServer@595] - Established session 0x34ed9ac1c1e0085 with negotiated timeout 10000 for client /10.10.34.11:39755
2015-07-30 16:12:00,247 - WARN  [NIOServerCxn.Factory:0.0.0.0/0.0.0.0:2181:NIOServerCnxn@349] - caught end of stream exception
2015-07-30 16:12:00,247 - INFO  [NIOServerCxn.Factory:0.0.0.0/0.0.0.0:2181:NIOServerCnxn@1001] - Closed socket connection for client /10.10.34.11:39755 which had sessionid 0x34ed9ac1c1e0085
2015-07-30 16:12:00,471 - INFO  [NIOServerCxn.Factory:0.0.0.0/0.0.0.0:2181:NIOServerCnxnFactory@197] - Accepted socket connection from /10.10.34.18:46783
2015-07-30 16:12:00,471 - WARN  [NIOServerCxn.Factory:0.0.0.0/0.0.0.0:2181:ZooKeeperServer@793] - Connection request from old client /10.10.34.18:46783; will be dropped if server is in r-o mode
2015-07-30 16:12:00,471 - INFO  [NIOServerCxn.Factory:0.0.0.0/0.0.0.0:2181:ZooKeeperServer@839] - Client attempting to establish new session at /10.10.34.18:46783
2015-07-30 16:12:00,473 - INFO  [CommitProcessor:3:ZooKeeperServer@595] - Established session 0x34ed9ac1c1e0086 with negotiated timeout 10000 for client /10.10.34.18:46783
2015-07-30 16:12:00,703 - INFO  [NIOServerCxn.Factory:0.0.0.0/0.0.0.0:2181:NIOServerCnxnFactory@197] - Accepted socket connection from /10.10.34.20:39662
2015-07-30 16:12:00,704 - WARN  [NIOServerCxn.Factory:0.0.0.0/0.0.0.0:2181:ZooKeeperServer@793] - Connection request from old client /10.10.34.20:39662; will be dropped if server is in r-o mode
2015-07-30 16:12:00,704 - INFO  [NIOServerCxn.Factory:0.0.0.0/0.0.0.0:2181:ZooKeeperServer@839] - Client attempting to establish new session at /10.10.34.20:39662
2015-07-30 16:12:00,706 - INFO  [CommitProcessor:3:ZooKeeperServer@595] - Established session 0x34ed9ac1c1e0087 with negotiated timeout 10000 for client /10.10.34.20:39662
2015-07-30 16:12:01,117 - INFO  [NIOServerCxn.Factory:0.0.0.0/0.0.0.0:2181:NIOServerCnxnFactory@197] - Accepted socket connection from /10.10.34.28:49856
2015-07-30 16:12:01,118 - WARN  [NIOServerCxn.Factory:0.0.0.0/0.0.0.0:2181:ZooKeeperServer@793] - Connection request from old client /10.10.34.28:49856; will be dropped if server is in r-o mode
2015-07-30 16:12:01,118 - INFO  [NIOServerCxn.Factory:0.0.0.0/0.0.0.0:2181:ZooKeeperServer@839] - Client attempting to establish new session at /10.10.34.28:49856
2015-07-30 16:12:01,119 - INFO  [CommitProcessor:3:ZooKeeperServer@595] - Established session 0x34ed9ac1c1e0088 with negotiated timeout 10000 for client /10.10.34.28:49856
2015-07-30 16:12:01,208 - INFO  [NIOServerCxn.Factory:0.0.0.0/0.0.0.0:2181:NIOServerCnxnFactory@197] - Accepted socket connection from /10.10.34.25:55853
2015-07-30 16:12:01,208 - WARN  [NIOServerCxn.Factory:0.0.0.0/0.0.0.0:2181:ZooKeeperServer@793] - Connection request from old client /10.10.34.25:55853; will be dropped if server is in r-o mode
2015-07-30 16:12:01,208 - INFO  [NIOServerCxn.Factory:0.0.0.0/0.0.0.0:2181:ZooKeeperServer@839] - Client attempting to establish new session at /10.10.34.25:55853
2015-07-30 16:12:01,210 - INFO  [CommitProcessor:3:ZooKeeperServer@595] - Established session 0x34ed9ac1c1e0089 with negotiated timeout 10000 for client /10.10.34.25:55853
2015-07-30 16:12:01,758 - INFO  [NIOServerCxn.Factory:0.0.0.0/0.0.0.0:2181:NIOServerCnxnFactory@197] - Accepted socket connection from /10.10.34.34:54706
2015-07-30 16:12:01,759 - WARN  [NIOServerCxn.Factory:0.0.0.0/0.0.0.0:2181:ZooKeeperServer@793] - Connection request from old client /10.10.34.34:54706; will be dropped if server is in r-o mode
2015-07-30 16:12:01,759 - INFO  [NIOServerCxn.Factory:0.0.0.0/0.0.0.0:2181:ZooKeeperServer@839] - Client attempting to establish new session at /10.10.34.34:54706
2015-07-30 16:12:01,760 - INFO  [CommitProcessor:3:ZooKeeperServer@595] - Established session 0x34ed9ac1c1e008a with negotiated timeout 10000 for client /10.10.34.34:54706
2015-07-30 16:12:02,142 - INFO  [NIOServerCxn.Factory:0.0.0.0/0.0.0.0:2181:NIOServerCnxnFactory@197] - Accepted socket connection from /10.10.34.38:43518
2015-07-30 16:12:02,143 - WARN  [NIOServerCxn.Factory:0.0.0.0/0.0.0.0:2181:ZooKeeperServer@793] - Connection request from old client /10.10.34.38:43518; will be dropped if server is in r-o mode
2015-07-30 16:12:02,143 - INFO  [NIOServerCxn.Factory:0.0.0.0/0.0.0.0:2181:ZooKeeperServer@839] - Client attempting to establish new session at /10.10.34.38:43518
2015-07-30 16:12:02,145 - INFO  [CommitProcessor:3:ZooKeeperServer@595] - Established session 0x34ed9ac1c1e008b with negotiated timeout 10000 for client /10.10.34.38:43518
2015-07-30 16:12:02,247 - INFO  [NIOServerCxn.Factory:0.0.0.0/0.0.0.0:2181:NIOServerCnxnFactory@197] - Accepted socket connection from /10.10.34.39:45030
2015-07-30 16:12:02,247 - WARN  [NIOServerCxn.Factory:0.0.0.0/0.0.0.0:2181:ZooKeeperServer@793] - Connection request from old client /10.10.34.39:45030; will be dropped if server is in r-o mode
2015-07-30 16:12:02,247 - INFO  [NIOServerCxn.Factory:0.0.0.0/0.0.0.0:2181:ZooKeeperServer@839] - Client attempting to establish new session at /10.10.34.39:45030
2015-07-30 16:12:02,249 - INFO  [CommitProcessor:3:ZooKeeperServer@595] - Established session 0x34ed9ac1c1e008c with negotiated timeout 10000 for client /10.10.34.39:45030
2015-07-30 16:12:13,409 - INFO  [NIOServerCxn.Factory:0.0.0.0/0.0.0.0:2181:NIOServerCnxnFactory@197] - Accepted socket connection from /10.10.34.11:39916
2015-07-30 16:12:13,410 - WARN  [NIOServerCxn.Factory:0.0.0.0/0.0.0.0:2181:ZooKeeperServer@793] - Connection request from old client /10.10.34.11:39916; will be dropped if server is in r-o mode
2015-07-30 16:12:13,410 - INFO  [NIOServerCxn.Factory:0.0.0.0/0.0.0.0:2181:ZooKeeperServer@839] - Client attempting to establish new session at /10.10.34.11:39916
2015-07-30 16:12:13,411 - INFO  [CommitProcessor:3:ZooKeeperServer@595] - Established session 0x34ed9ac1c1e008d with negotiated timeout 10000 for client /10.10.34.11:39916
2015-07-30 16:13:35,447 - WARN  [NIOServerCxn.Factory:0.0.0.0/0.0.0.0:2181:NIOServerCnxn@349] - caught end of stream exception
2015-07-30 16:13:35,448 - INFO  [NIOServerCxn.Factory:0.0.0.0/0.0.0.0:2181:NIOServerCnxn@1001] - Closed socket connection for client /10.10.34.11:39916 which had sessionid 0x34ed9ac1c1e008d
2015-07-30 16:18:14,810 - WARN  [NIOServerCxn.Factory:0.0.0.0/0.0.0.0:2181:NIOServerCnxn@349] - caught end of stream exception
2015-07-30 16:18:14,811 - INFO  [NIOServerCxn.Factory:0.0.0.0/0.0.0.0:2181:NIOServerCnxn@1001] - Closed socket connection for client /10.10.34.18:46783 which had sessionid 0x34ed9ac1c1e0086
2015-07-30 16:18:15,033 - WARN  [NIOServerCxn.Factory:0.0.0.0/0.0.0.0:2181:NIOServerCnxn@349] - caught end of stream exception
2015-07-30 16:18:15,034 - INFO  [NIOServerCxn.Factory:0.0.0.0/0.0.0.0:2181:NIOServerCnxn@1001] - Closed socket connection for client /10.10.34.20:39662 which had sessionid 0x34ed9ac1c1e0087
2015-07-30 16:18:15,483 - WARN  [NIOServerCxn.Factory:0.0.0.0/0.0.0.0:2181:NIOServerCnxn@349] - caught end of stream exception
2015-07-30 16:18:15,484 - INFO  [NIOServerCxn.Factory:0.0.0.0/0.0.0.0:2181:NIOServerCnxn@1001] - Closed socket connection for client /10.10.34.28:49856 which had sessionid 0x34ed9ac1c1e0088
2015-07-30 16:18:15,542 - WARN  [NIOServerCxn.Factory:0.0.0.0/0.0.0.0:2181:NIOServerCnxn@349] - caught end of stream exception
2015-07-30 16:18:15,542 - INFO  [NIOServerCxn.Factory:0.0.0.0/0.0.0.0:2181:NIOServerCnxn@1001] - Closed socket connection for client /10.10.34.25:55853 which had sessionid 0x34ed9ac1c1e0089
2015-07-30 16:18:16,112 - WARN  [NIOServerCxn.Factory:0.0.0.0/0.0.0.0:2181:NIOServerCnxn@349] - caught end of stream exception
2015-07-30 16:18:16,113 - INFO  [NIOServerCxn.Factory:0.0.0.0/0.0.0.0:2181:NIOServerCnxn@1001] - Closed socket connection for client /10.10.34.34:54706 which had sessionid 0x34ed9ac1c1e008a
2015-07-30 16:18:16,503 - WARN  [NIOServerCxn.Factory:0.0.0.0/0.0.0.0:2181:NIOServerCnxn@349] - caught end of stream exception
2015-07-30 16:18:16,504 - INFO  [NIOServerCxn.Factory:0.0.0.0/0.0.0.0:2181:NIOServerCnxn@1001] - Closed socket connection for client /10.10.34.38:43518 which had sessionid 0x34ed9ac1c1e008b
2015-07-30 16:18:16,605 - WARN  [NIOServerCxn.Factory:0.0.0.0/0.0.0.0:2181:NIOServerCnxn@349] - caught end of stream exception
2015-07-30 16:18:16,606 - INFO  [NIOServerCxn.Factory:0.0.0.0/0.0.0.0:2181:NIOServerCnxn@1001] - Closed socket connection for client /10.10.34.39:45030 which had sessionid 0x34ed9ac1c1e008c
2015-07-30 16:18:18,652 - WARN  [NIOServerCxn.Factory:0.0.0.0/0.0.0.0:2181:NIOServerCnxn@349] - caught end of stream exception
2015-07-30 16:18:18,653 - INFO  [NIOServerCxn.Factory:0.0.0.0/0.0.0.0:2181:NIOServerCnxn@1001] - Closed socket connection for client /10.10.34.12:59309 which had sessionid 0x34ed9ac1c1e0082
2015-07-30 16:18:18,748 - WARN  [NIOServerCxn.Factory:0.0.0.0/0.0.0.0:2181:NIOServerCnxn@349] - caught end of stream exception
2015-07-30 16:18:18,749 - INFO  [NIOServerCxn.Factory:0.0.0.0/0.0.0.0:2181:NIOServerCnxn@1001] - Closed socket connection for client /10.10.34.13:54579 which had sessionid 0x34ed9ac1c1e0083
2015-07-30 16:18:18,749 - WARN  [NIOServerCxn.Factory:0.0.0.0/0.0.0.0:2181:NIOServerCnxn@349] - caught end of stream exception
2015-07-30 16:18:18,749 - INFO  [NIOServerCxn.Factory:0.0.0.0/0.0.0.0:2181:NIOServerCnxn@1001] - Closed socket connection for client /10.10.34.13:54580 which had sessionid 0x34ed9ac1c1e0084
2015-07-30 16:18:33,090 - INFO  [NIOServerCxn.Factory:0.0.0.0/0.0.0.0:2181:NIOServerCnxnFactory@197] - Accepted socket connection from /10.10.34.11:40569
2015-07-30 16:18:33,090 - WARN  [NIOServerCxn.Factory:0.0.0.0/0.0.0.0:2181:ZooKeeperServer@793] - Connection request from old client /10.10.34.11:40569; will be dropped if server is in r-o mode
2015-07-30 16:18:33,090 - INFO  [NIOServerCxn.Factory:0.0.0.0/0.0.0.0:2181:ZooKeeperServer@839] - Client attempting to establish new session at /10.10.34.11:40569
2015-07-30 16:18:33,092 - INFO  [CommitProcessor:3:ZooKeeperServer@595] - Established session 0x34ed9ac1c1e008e with negotiated timeout 10000 for client /10.10.34.11:40569
2015-07-30 16:18:33,185 - INFO  [NIOServerCxn.Factory:0.0.0.0/0.0.0.0:2181:NIOServerCnxnFactory@197] - Accepted socket connection from /10.10.34.12:59314
2015-07-30 16:18:33,185 - WARN  [NIOServerCxn.Factory:0.0.0.0/0.0.0.0:2181:ZooKeeperServer@793] - Connection request from old client /10.10.34.12:59314; will be dropped if server is in r-o mode
2015-07-30 16:18:33,185 - INFO  [NIOServerCxn.Factory:0.0.0.0/0.0.0.0:2181:ZooKeeperServer@839] - Client attempting to establish new session at /10.10.34.12:59314
2015-07-30 16:18:33,186 - INFO  [NIOServerCxn.Factory:0.0.0.0/0.0.0.0:2181:NIOServerCnxnFactory@197] - Accepted socket connection from /10.10.34.12:59315
2015-07-30 16:18:33,186 - WARN  [NIOServerCxn.Factory:0.0.0.0/0.0.0.0:2181:ZooKeeperServer@793] - Connection request from old client /10.10.34.12:59315; will be dropped if server is in r-o mode
2015-07-30 16:18:33,186 - INFO  [NIOServerCxn.Factory:0.0.0.0/0.0.0.0:2181:ZooKeeperServer@839] - Client attempting to establish new session at /10.10.34.12:59315
2015-07-30 16:18:33,187 - INFO  [CommitProcessor:3:ZooKeeperServer@595] - Established session 0x34ed9ac1c1e008f with negotiated timeout 10000 for client /10.10.34.12:59314
2015-07-30 16:18:33,188 - INFO  [CommitProcessor:3:ZooKeeperServer@595] - Established session 0x34ed9ac1c1e0090 with negotiated timeout 10000 for client /10.10.34.12:59315
2015-07-30 16:18:33,292 - INFO  [NIOServerCxn.Factory:0.0.0.0/0.0.0.0:2181:NIOServerCnxnFactory@197] - Accepted socket connection from /10.10.34.13:54603
2015-07-30 16:18:33,293 - WARN  [NIOServerCxn.Factory:0.0.0.0/0.0.0.0:2181:ZooKeeperServer@793] - Connection request from old client /10.10.34.13:54603; will be dropped if server is in r-o mode
2015-07-30 16:18:33,293 - INFO  [NIOServerCxn.Factory:0.0.0.0/0.0.0.0:2181:ZooKeeperServer@839] - Client attempting to establish new session at /10.10.34.13:54603
2015-07-30 16:18:33,293 - INFO  [NIOServerCxn.Factory:0.0.0.0/0.0.0.0:2181:NIOServerCnxnFactory@197] - Accepted socket connection from /10.10.34.13:54604
2015-07-30 16:18:33,293 - WARN  [NIOServerCxn.Factory:0.0.0.0/0.0.0.0:2181:ZooKeeperServer@793] - Connection request from old client /10.10.34.13:54604; will be dropped if server is in r-o mode
2015-07-30 16:18:33,293 - INFO  [NIOServerCxn.Factory:0.0.0.0/0.0.0.0:2181:ZooKeeperServer@839] - Client attempting to establish new session at /10.10.34.13:54604
2015-07-30 16:18:33,294 - INFO  [CommitProcessor:3:ZooKeeperServer@595] - Established session 0x34ed9ac1c1e0091 with negotiated timeout 10000 for client /10.10.34.13:54603
2015-07-30 16:18:33,295 - INFO  [CommitProcessor:3:ZooKeeperServer@595] - Established session 0x34ed9ac1c1e0092 with negotiated timeout 10000 for client /10.10.34.13:54604
2015-07-30 16:18:34,824 - INFO  [NIOServerCxn.Factory:0.0.0.0/0.0.0.0:2181:NIOServerCnxnFactory@197] - Accepted socket connection from /10.10.34.11:40581
2015-07-30 16:18:34,825 - WARN  [NIOServerCxn.Factory:0.0.0.0/0.0.0.0:2181:ZooKeeperServer@793] - Connection request from old client /10.10.34.11:40581; will be dropped if server is in r-o mode
2015-07-30 16:18:34,825 - INFO  [NIOServerCxn.Factory:0.0.0.0/0.0.0.0:2181:ZooKeeperServer@839] - Client attempting to establish new session at /10.10.34.11:40581
2015-07-30 16:18:34,827 - INFO  [CommitProcessor:3:ZooKeeperServer@595] - Established session 0x34ed9ac1c1e0093 with negotiated timeout 10000 for client /10.10.34.11:40581
2015-07-30 16:18:35,120 - INFO  [NIOServerCxn.Factory:0.0.0.0/0.0.0.0:2181:NIOServerCnxnFactory@197] - Accepted socket connection from /10.10.34.14:49813
2015-07-30 16:18:35,121 - WARN  [NIOServerCxn.Factory:0.0.0.0/0.0.0.0:2181:ZooKeeperServer@793] - Connection request from old client /10.10.34.14:49813; will be dropped if server is in r-o mode
2015-07-30 16:18:35,121 - INFO  [NIOServerCxn.Factory:0.0.0.0/0.0.0.0:2181:ZooKeeperServer@839] - Client attempting to establish new session at /10.10.34.14:49813
2015-07-30 16:18:35,123 - INFO  [CommitProcessor:3:ZooKeeperServer@595] - Established session 0x34ed9ac1c1e0094 with negotiated timeout 10000 for client /10.10.34.14:49813
2015-07-30 16:18:35,218 - INFO  [NIOServerCxn.Factory:0.0.0.0/0.0.0.0:2181:NIOServerCnxnFactory@197] - Accepted socket connection from /10.10.34.15:44438
2015-07-30 16:18:35,218 - WARN  [NIOServerCxn.Factory:0.0.0.0/0.0.0.0:2181:ZooKeeperServer@793] - Connection request from old client /10.10.34.15:44438; will be dropped if server is in r-o mode
2015-07-30 16:18:35,218 - INFO  [NIOServerCxn.Factory:0.0.0.0/0.0.0.0:2181:ZooKeeperServer@839] - Client attempting to establish new session at /10.10.34.15:44438
2015-07-30 16:18:35,220 - INFO  [CommitProcessor:3:ZooKeeperServer@595] - Established session 0x34ed9ac1c1e0095 with negotiated timeout 10000 for client /10.10.34.15:44438
2015-07-30 16:18:36,028 - WARN  [NIOServerCxn.Factory:0.0.0.0/0.0.0.0:2181:NIOServerCnxn@349] - caught end of stream exception
2015-07-30 16:18:36,028 - INFO  [NIOServerCxn.Factory:0.0.0.0/0.0.0.0:2181:NIOServerCnxn@1001] - Closed socket connection for client /10.10.34.11:40581 which had sessionid 0x34ed9ac1c1e0093
2015-07-30 16:18:36,191 - INFO  [NIOServerCxn.Factory:0.0.0.0/0.0.0.0:2181:NIOServerCnxnFactory@197] - Accepted socket connection from /10.10.34.27:34566
2015-07-30 16:18:36,191 - WARN  [NIOServerCxn.Factory:0.0.0.0/0.0.0.0:2181:ZooKeeperServer@793] - Connection request from old client /10.10.34.27:34566; will be dropped if server is in r-o mode
2015-07-30 16:18:36,192 - INFO  [NIOServerCxn.Factory:0.0.0.0/0.0.0.0:2181:ZooKeeperServer@839] - Client attempting to establish new session at /10.10.34.27:34566
2015-07-30 16:18:36,193 - INFO  [CommitProcessor:3:ZooKeeperServer@595] - Established session 0x34ed9ac1c1e0096 with negotiated timeout 10000 for client /10.10.34.27:34566
2015-07-30 16:18:36,372 - INFO  [NIOServerCxn.Factory:0.0.0.0/0.0.0.0:2181:NIOServerCnxnFactory@197] - Accepted socket connection from /10.10.34.25:55855
2015-07-30 16:18:36,373 - WARN  [NIOServerCxn.Factory:0.0.0.0/0.0.0.0:2181:ZooKeeperServer@793] - Connection request from old client /10.10.34.25:55855; will be dropped if server is in r-o mode
2015-07-30 16:18:36,373 - INFO  [NIOServerCxn.Factory:0.0.0.0/0.0.0.0:2181:ZooKeeperServer@839] - Client attempting to establish new session at /10.10.34.25:55855
2015-07-30 16:18:36,374 - INFO  [CommitProcessor:3:ZooKeeperServer@595] - Established session 0x34ed9ac1c1e0097 with negotiated timeout 10000 for client /10.10.34.25:55855
2015-07-30 16:18:36,386 - INFO  [NIOServerCxn.Factory:0.0.0.0/0.0.0.0:2181:NIOServerCnxnFactory@197] - Accepted socket connection from /10.10.34.29:50498
2015-07-30 16:18:36,386 - WARN  [NIOServerCxn.Factory:0.0.0.0/0.0.0.0:2181:ZooKeeperServer@793] - Connection request from old client /10.10.34.29:50498; will be dropped if server is in r-o mode
2015-07-30 16:18:36,386 - INFO  [NIOServerCxn.Factory:0.0.0.0/0.0.0.0:2181:ZooKeeperServer@839] - Client attempting to establish new session at /10.10.34.29:50498
2015-07-30 16:18:36,388 - INFO  [CommitProcessor:3:ZooKeeperServer@595] - Established session 0x34ed9ac1c1e0098 with negotiated timeout 10000 for client /10.10.34.29:50498
2015-07-30 16:18:36,480 - INFO  [NIOServerCxn.Factory:0.0.0.0/0.0.0.0:2181:NIOServerCnxnFactory@197] - Accepted socket connection from /10.10.34.26:44778
2015-07-30 16:18:36,480 - WARN  [NIOServerCxn.Factory:0.0.0.0/0.0.0.0:2181:ZooKeeperServer@793] - Connection request from old client /10.10.34.26:44778; will be dropped if server is in r-o mode
2015-07-30 16:18:36,480 - INFO  [NIOServerCxn.Factory:0.0.0.0/0.0.0.0:2181:ZooKeeperServer@839] - Client attempting to establish new session at /10.10.34.26:44778
2015-07-30 16:18:36,482 - INFO  [CommitProcessor:3:ZooKeeperServer@595] - Established session 0x34ed9ac1c1e0099 with negotiated timeout 10000 for client /10.10.34.26:44778
2015-07-30 16:18:36,592 - INFO  [NIOServerCxn.Factory:0.0.0.0/0.0.0.0:2181:NIOServerCnxnFactory@197] - Accepted socket connection from /10.10.34.31:39655
2015-07-30 16:18:36,593 - WARN  [NIOServerCxn.Factory:0.0.0.0/0.0.0.0:2181:ZooKeeperServer@793] - Connection request from old client /10.10.34.31:39655; will be dropped if server is in r-o mode
2015-07-30 16:18:36,593 - INFO  [NIOServerCxn.Factory:0.0.0.0/0.0.0.0:2181:ZooKeeperServer@839] - Client attempting to establish new session at /10.10.34.31:39655
2015-07-30 16:18:36,594 - INFO  [CommitProcessor:3:ZooKeeperServer@595] - Established session 0x34ed9ac1c1e009a with negotiated timeout 10000 for client /10.10.34.31:39655
2015-07-30 16:18:36,691 - INFO  [NIOServerCxn.Factory:0.0.0.0/0.0.0.0:2181:NIOServerCnxnFactory@197] - Accepted socket connection from /10.10.34.32:55293
2015-07-30 16:18:36,692 - WARN  [NIOServerCxn.Factory:0.0.0.0/0.0.0.0:2181:ZooKeeperServer@793] - Connection request from old client /10.10.34.32:55293; will be dropped if server is in r-o mode
2015-07-30 16:18:36,692 - INFO  [NIOServerCxn.Factory:0.0.0.0/0.0.0.0:2181:ZooKeeperServer@839] - Client attempting to establish new session at /10.10.34.32:55293
2015-07-30 16:18:36,693 - INFO  [CommitProcessor:3:ZooKeeperServer@595] - Established session 0x34ed9ac1c1e009b with negotiated timeout 10000 for client /10.10.34.32:55293
2015-07-30 16:18:36,799 - INFO  [NIOServerCxn.Factory:0.0.0.0/0.0.0.0:2181:NIOServerCnxnFactory@197] - Accepted socket connection from /10.10.34.33:34485
2015-07-30 16:18:36,799 - WARN  [NIOServerCxn.Factory:0.0.0.0/0.0.0.0:2181:ZooKeeperServer@793] - Connection request from old client /10.10.34.33:34485; will be dropped if server is in r-o mode
2015-07-30 16:18:36,799 - INFO  [NIOServerCxn.Factory:0.0.0.0/0.0.0.0:2181:ZooKeeperServer@839] - Client attempting to establish new session at /10.10.34.33:34485
2015-07-30 16:18:36,801 - INFO  [CommitProcessor:3:ZooKeeperServer@595] - Established session 0x34ed9ac1c1e009c with negotiated timeout 10000 for client /10.10.34.33:34485
2015-07-30 16:18:37,011 - INFO  [NIOServerCxn.Factory:0.0.0.0/0.0.0.0:2181:NIOServerCnxnFactory@197] - Accepted socket connection from /10.10.34.35:37452
2015-07-30 16:18:37,012 - WARN  [NIOServerCxn.Factory:0.0.0.0/0.0.0.0:2181:ZooKeeperServer@793] - Connection request from old client /10.10.34.35:37452; will be dropped if server is in r-o mode
2015-07-30 16:18:37,012 - INFO  [NIOServerCxn.Factory:0.0.0.0/0.0.0.0:2181:ZooKeeperServer@839] - Client attempting to establish new session at /10.10.34.35:37452
2015-07-30 16:18:37,013 - INFO  [CommitProcessor:3:ZooKeeperServer@595] - Established session 0x34ed9ac1c1e009d with negotiated timeout 10000 for client /10.10.34.35:37452
2015-07-30 16:18:37,610 - INFO  [NIOServerCxn.Factory:0.0.0.0/0.0.0.0:2181:NIOServerCnxnFactory@197] - Accepted socket connection from /10.10.34.41:54931
2015-07-30 16:18:37,610 - WARN  [NIOServerCxn.Factory:0.0.0.0/0.0.0.0:2181:ZooKeeperServer@793] - Connection request from old client /10.10.34.41:54931; will be dropped if server is in r-o mode
2015-07-30 16:18:37,610 - INFO  [NIOServerCxn.Factory:0.0.0.0/0.0.0.0:2181:ZooKeeperServer@839] - Client attempting to establish new session at /10.10.34.41:54931
2015-07-30 16:18:37,612 - INFO  [CommitProcessor:3:ZooKeeperServer@595] - Established session 0x34ed9ac1c1e009e with negotiated timeout 10000 for client /10.10.34.41:54931
2015-07-30 16:21:11,913 - WARN  [NIOServerCxn.Factory:0.0.0.0/0.0.0.0:2181:NIOServerCnxn@349] - caught end of stream exception
2015-07-30 16:21:11,914 - INFO  [NIOServerCxn.Factory:0.0.0.0/0.0.0.0:2181:NIOServerCnxn@1001] - Closed socket connection for client /10.10.34.14:49813 which had sessionid 0x34ed9ac1c1e0094
2015-07-30 16:21:12,015 - WARN  [NIOServerCxn.Factory:0.0.0.0/0.0.0.0:2181:NIOServerCnxn@349] - caught end of stream exception
2015-07-30 16:21:12,016 - INFO  [NIOServerCxn.Factory:0.0.0.0/0.0.0.0:2181:NIOServerCnxn@1001] - Closed socket connection for client /10.10.34.15:44438 which had sessionid 0x34ed9ac1c1e0095
2015-07-30 16:21:12,991 - WARN  [NIOServerCxn.Factory:0.0.0.0/0.0.0.0:2181:NIOServerCnxn@349] - caught end of stream exception
2015-07-30 16:21:12,992 - INFO  [NIOServerCxn.Factory:0.0.0.0/0.0.0.0:2181:NIOServerCnxn@1001] - Closed socket connection for client /10.10.34.27:34566 which had sessionid 0x34ed9ac1c1e0096
2015-07-30 16:21:13,155 - WARN  [NIOServerCxn.Factory:0.0.0.0/0.0.0.0:2181:NIOServerCnxn@349] - caught end of stream exception
2015-07-30 16:21:13,156 - INFO  [NIOServerCxn.Factory:0.0.0.0/0.0.0.0:2181:NIOServerCnxn@1001] - Closed socket connection for client /10.10.34.25:55855 which had sessionid 0x34ed9ac1c1e0097
2015-07-30 16:21:13,195 - WARN  [NIOServerCxn.Factory:0.0.0.0/0.0.0.0:2181:NIOServerCnxn@349] - caught end of stream exception
2015-07-30 16:21:13,196 - INFO  [NIOServerCxn.Factory:0.0.0.0/0.0.0.0:2181:NIOServerCnxn@1001] - Closed socket connection for client /10.10.34.29:50498 which had sessionid 0x34ed9ac1c1e0098
2015-07-30 16:21:13,256 - WARN  [NIOServerCxn.Factory:0.0.0.0/0.0.0.0:2181:NIOServerCnxn@349] - caught end of stream exception
2015-07-30 16:21:13,256 - INFO  [NIOServerCxn.Factory:0.0.0.0/0.0.0.0:2181:NIOServerCnxn@1001] - Closed socket connection for client /10.10.34.26:44778 which had sessionid 0x34ed9ac1c1e0099
2015-07-30 16:21:13,398 - WARN  [NIOServerCxn.Factory:0.0.0.0/0.0.0.0:2181:NIOServerCnxn@349] - caught end of stream exception
2015-07-30 16:21:13,399 - INFO  [NIOServerCxn.Factory:0.0.0.0/0.0.0.0:2181:NIOServerCnxn@1001] - Closed socket connection for client /10.10.34.31:39655 which had sessionid 0x34ed9ac1c1e009a
2015-07-30 16:21:13,499 - WARN  [NIOServerCxn.Factory:0.0.0.0/0.0.0.0:2181:NIOServerCnxn@349] - caught end of stream exception
2015-07-30 16:21:13,500 - INFO  [NIOServerCxn.Factory:0.0.0.0/0.0.0.0:2181:NIOServerCnxn@1001] - Closed socket connection for client /10.10.34.32:55293 which had sessionid 0x34ed9ac1c1e009b
2015-07-30 16:21:13,599 - WARN  [NIOServerCxn.Factory:0.0.0.0/0.0.0.0:2181:NIOServerCnxn@349] - caught end of stream exception
2015-07-30 16:21:13,599 - INFO  [NIOServerCxn.Factory:0.0.0.0/0.0.0.0:2181:NIOServerCnxn@1001] - Closed socket connection for client /10.10.34.33:34485 which had sessionid 0x34ed9ac1c1e009c
2015-07-30 16:21:13,810 - WARN  [NIOServerCxn.Factory:0.0.0.0/0.0.0.0:2181:NIOServerCnxn@349] - caught end of stream exception
2015-07-30 16:21:13,811 - INFO  [NIOServerCxn.Factory:0.0.0.0/0.0.0.0:2181:NIOServerCnxn@1001] - Closed socket connection for client /10.10.34.35:37452 which had sessionid 0x34ed9ac1c1e009d
2015-07-30 16:21:14,421 - WARN  [NIOServerCxn.Factory:0.0.0.0/0.0.0.0:2181:NIOServerCnxn@349] - caught end of stream exception
2015-07-30 16:21:14,421 - INFO  [NIOServerCxn.Factory:0.0.0.0/0.0.0.0:2181:NIOServerCnxn@1001] - Closed socket connection for client /10.10.34.41:54931 which had sessionid 0x34ed9ac1c1e009e
2015-07-30 16:21:16,163 - WARN  [NIOServerCxn.Factory:0.0.0.0/0.0.0.0:2181:NIOServerCnxn@349] - caught end of stream exception
2015-07-30 16:21:16,164 - INFO  [NIOServerCxn.Factory:0.0.0.0/0.0.0.0:2181:NIOServerCnxn@1001] - Closed socket connection for client /10.10.34.11:40569 which had sessionid 0x34ed9ac1c1e008e
2015-07-30 16:21:16,258 - WARN  [NIOServerCxn.Factory:0.0.0.0/0.0.0.0:2181:NIOServerCnxn@349] - caught end of stream exception
2015-07-30 16:21:16,258 - INFO  [NIOServerCxn.Factory:0.0.0.0/0.0.0.0:2181:NIOServerCnxn@1001] - Closed socket connection for client /10.10.34.12:59314 which had sessionid 0x34ed9ac1c1e008f
2015-07-30 16:21:16,259 - WARN  [NIOServerCxn.Factory:0.0.0.0/0.0.0.0:2181:NIOServerCnxn@349] - caught end of stream exception
2015-07-30 16:21:16,259 - INFO  [NIOServerCxn.Factory:0.0.0.0/0.0.0.0:2181:NIOServerCnxn@1001] - Closed socket connection for client /10.10.34.12:59315 which had sessionid 0x34ed9ac1c1e0090
2015-07-30 16:21:16,366 - WARN  [NIOServerCxn.Factory:0.0.0.0/0.0.0.0:2181:NIOServerCnxn@349] - caught end of stream exception
2015-07-30 16:21:16,366 - INFO  [NIOServerCxn.Factory:0.0.0.0/0.0.0.0:2181:NIOServerCnxn@1001] - Closed socket connection for client /10.10.34.13:54603 which had sessionid 0x34ed9ac1c1e0091
2015-07-30 16:21:16,367 - WARN  [NIOServerCxn.Factory:0.0.0.0/0.0.0.0:2181:NIOServerCnxn@349] - caught end of stream exception
2015-07-30 16:21:16,367 - INFO  [NIOServerCxn.Factory:0.0.0.0/0.0.0.0:2181:NIOServerCnxn@1001] - Closed socket connection for client /10.10.34.13:54604 which had sessionid 0x34ed9ac1c1e0092
2015-07-30 16:21:27,198 - INFO  [NIOServerCxn.Factory:0.0.0.0/0.0.0.0:2181:NIOServerCnxnFactory@197] - Accepted socket connection from /10.10.34.11:41045
2015-07-30 16:21:27,198 - WARN  [NIOServerCxn.Factory:0.0.0.0/0.0.0.0:2181:ZooKeeperServer@793] - Connection request from old client /10.10.34.11:41045; will be dropped if server is in r-o mode
2015-07-30 16:21:27,199 - INFO  [NIOServerCxn.Factory:0.0.0.0/0.0.0.0:2181:ZooKeeperServer@839] - Client attempting to establish new session at /10.10.34.11:41045
2015-07-30 16:21:27,200 - INFO  [CommitProcessor:3:ZooKeeperServer@595] - Established session 0x34ed9ac1c1e009f with negotiated timeout 10000 for client /10.10.34.11:41045
2015-07-30 16:21:27,293 - INFO  [NIOServerCxn.Factory:0.0.0.0/0.0.0.0:2181:NIOServerCnxnFactory@197] - Accepted socket connection from /10.10.34.12:59323
2015-07-30 16:21:27,293 - WARN  [NIOServerCxn.Factory:0.0.0.0/0.0.0.0:2181:ZooKeeperServer@793] - Connection request from old client /10.10.34.12:59323; will be dropped if server is in r-o mode
2015-07-30 16:21:27,293 - INFO  [NIOServerCxn.Factory:0.0.0.0/0.0.0.0:2181:ZooKeeperServer@839] - Client attempting to establish new session at /10.10.34.12:59323
2015-07-30 16:21:27,295 - INFO  [CommitProcessor:3:ZooKeeperServer@595] - Established session 0x34ed9ac1c1e00a0 with negotiated timeout 10000 for client /10.10.34.12:59323
2015-07-30 16:21:27,295 - INFO  [NIOServerCxn.Factory:0.0.0.0/0.0.0.0:2181:NIOServerCnxnFactory@197] - Accepted socket connection from /10.10.34.12:59325
2015-07-30 16:21:27,295 - WARN  [NIOServerCxn.Factory:0.0.0.0/0.0.0.0:2181:ZooKeeperServer@793] - Connection request from old client /10.10.34.12:59325; will be dropped if server is in r-o mode
2015-07-30 16:21:27,295 - INFO  [NIOServerCxn.Factory:0.0.0.0/0.0.0.0:2181:ZooKeeperServer@839] - Client attempting to establish new session at /10.10.34.12:59325
2015-07-30 16:21:27,296 - INFO  [CommitProcessor:3:ZooKeeperServer@595] - Established session 0x34ed9ac1c1e00a1 with negotiated timeout 10000 for client /10.10.34.12:59325
2015-07-30 16:22:10,990 - INFO  [NIOServerCxn.Factory:0.0.0.0/0.0.0.0:2181:NIOServerCnxnFactory@197] - Accepted socket connection from /10.10.34.14:49815
2015-07-30 16:22:10,990 - WARN  [NIOServerCxn.Factory:0.0.0.0/0.0.0.0:2181:ZooKeeperServer@793] - Connection request from old client /10.10.34.14:49815; will be dropped if server is in r-o mode
2015-07-30 16:22:10,990 - INFO  [NIOServerCxn.Factory:0.0.0.0/0.0.0.0:2181:ZooKeeperServer@839] - Client attempting to establish new session at /10.10.34.14:49815
2015-07-30 16:22:10,992 - INFO  [CommitProcessor:3:ZooKeeperServer@595] - Established session 0x34ed9ac1c1e00a2 with negotiated timeout 10000 for client /10.10.34.14:49815
2015-07-30 16:22:37,710 - INFO  [NIOServerCxn.Factory:0.0.0.0/0.0.0.0:2181:NIOServerCnxnFactory@197] - Accepted socket connection from /10.10.34.11:41055
2015-07-30 16:22:37,710 - WARN  [NIOServerCxn.Factory:0.0.0.0/0.0.0.0:2181:ZooKeeperServer@793] - Connection request from old client /10.10.34.11:41055; will be dropped if server is in r-o mode
2015-07-30 16:22:37,710 - INFO  [NIOServerCxn.Factory:0.0.0.0/0.0.0.0:2181:ZooKeeperServer@839] - Client attempting to establish new session at /10.10.34.11:41055
2015-07-30 16:22:37,712 - INFO  [CommitProcessor:3:ZooKeeperServer@595] - Established session 0x34ed9ac1c1e00a3 with negotiated timeout 20000 for client /10.10.34.11:41055
2015-07-30 16:24:56,103 - WARN  [NIOServerCxn.Factory:0.0.0.0/0.0.0.0:2181:NIOServerCnxn@349] - caught end of stream exception
2015-07-30 16:24:56,104 - INFO  [NIOServerCxn.Factory:0.0.0.0/0.0.0.0:2181:NIOServerCnxn@1001] - Closed socket connection for client /10.10.34.14:49815 which had sessionid 0x34ed9ac1c1e00a2
2015-07-30 16:33:26,215 - WARN  [NIOServerCxn.Factory:0.0.0.0/0.0.0.0:2181:NIOServerCnxn@349] - caught end of stream exception
2015-07-30 16:33:26,215 - INFO  [NIOServerCxn.Factory:0.0.0.0/0.0.0.0:2181:NIOServerCnxn@1001] - Closed socket connection for client /10.10.34.11:41055 which had sessionid 0x34ed9ac1c1e00a3
2015-07-30 16:34:18,822 - WARN  [NIOServerCxn.Factory:0.0.0.0/0.0.0.0:2181:NIOServerCnxn@349] - caught end of stream exception
2015-07-30 16:34:18,822 - INFO  [NIOServerCxn.Factory:0.0.0.0/0.0.0.0:2181:NIOServerCnxn@1001] - Closed socket connection for client /10.10.34.11:41045 which had sessionid 0x34ed9ac1c1e009f
2015-07-30 16:34:18,920 - WARN  [NIOServerCxn.Factory:0.0.0.0/0.0.0.0:2181:NIOServerCnxn@349] - caught end of stream exception
2015-07-30 16:34:18,920 - INFO  [NIOServerCxn.Factory:0.0.0.0/0.0.0.0:2181:NIOServerCnxn@1001] - Closed socket connection for client /10.10.34.12:59325 which had sessionid 0x34ed9ac1c1e00a1
2015-07-30 16:34:18,920 - WARN  [NIOServerCxn.Factory:0.0.0.0/0.0.0.0:2181:NIOServerCnxn@349] - caught end of stream exception
2015-07-30 16:34:18,921 - INFO  [NIOServerCxn.Factory:0.0.0.0/0.0.0.0:2181:NIOServerCnxn@1001] - Closed socket connection for client /10.10.34.12:59323 which had sessionid 0x34ed9ac1c1e00a0
2015-07-30 16:34:25,403 - INFO  [NIOServerCxn.Factory:0.0.0.0/0.0.0.0:2181:NIOServerCnxnFactory@197] - Accepted socket connection from /10.10.34.11:41143
2015-07-30 16:34:25,403 - WARN  [NIOServerCxn.Factory:0.0.0.0/0.0.0.0:2181:ZooKeeperServer@793] - Connection request from old client /10.10.34.11:41143; will be dropped if server is in r-o mode
2015-07-30 16:34:25,404 - INFO  [NIOServerCxn.Factory:0.0.0.0/0.0.0.0:2181:ZooKeeperServer@839] - Client attempting to establish new session at /10.10.34.11:41143
2015-07-30 16:34:25,405 - INFO  [CommitProcessor:3:ZooKeeperServer@595] - Established session 0x34ed9ac1c1e00a4 with negotiated timeout 10000 for client /10.10.34.11:41143
2015-07-30 16:34:25,604 - INFO  [NIOServerCxn.Factory:0.0.0.0/0.0.0.0:2181:NIOServerCnxnFactory@197] - Accepted socket connection from /10.10.34.13:54615
2015-07-30 16:34:25,605 - INFO  [NIOServerCxn.Factory:0.0.0.0/0.0.0.0:2181:NIOServerCnxnFactory@197] - Accepted socket connection from /10.10.34.13:54616
2015-07-30 16:34:25,605 - WARN  [NIOServerCxn.Factory:0.0.0.0/0.0.0.0:2181:ZooKeeperServer@793] - Connection request from old client /10.10.34.13:54615; will be dropped if server is in r-o mode
2015-07-30 16:34:25,605 - INFO  [NIOServerCxn.Factory:0.0.0.0/0.0.0.0:2181:ZooKeeperServer@839] - Client attempting to establish new session at /10.10.34.13:54615
2015-07-30 16:34:25,605 - WARN  [NIOServerCxn.Factory:0.0.0.0/0.0.0.0:2181:ZooKeeperServer@793] - Connection request from old client /10.10.34.13:54616; will be dropped if server is in r-o mode
2015-07-30 16:34:25,606 - INFO  [NIOServerCxn.Factory:0.0.0.0/0.0.0.0:2181:ZooKeeperServer@839] - Client attempting to establish new session at /10.10.34.13:54616
2015-07-30 16:34:25,606 - INFO  [NIOServerCxn.Factory:0.0.0.0/0.0.0.0:2181:NIOServerCnxnFactory@197] - Accepted socket connection from /10.10.34.13:54617
2015-07-30 16:34:25,606 - WARN  [NIOServerCxn.Factory:0.0.0.0/0.0.0.0:2181:ZooKeeperServer@793] - Connection request from old client /10.10.34.13:54617; will be dropped if server is in r-o mode
2015-07-30 16:34:25,606 - INFO  [NIOServerCxn.Factory:0.0.0.0/0.0.0.0:2181:ZooKeeperServer@839] - Client attempting to establish new session at /10.10.34.13:54617
2015-07-30 16:34:25,607 - INFO  [CommitProcessor:3:ZooKeeperServer@595] - Established session 0x34ed9ac1c1e00a5 with negotiated timeout 10000 for client /10.10.34.13:54615
2015-07-30 16:34:25,607 - INFO  [CommitProcessor:3:ZooKeeperServer@595] - Established session 0x34ed9ac1c1e00a6 with negotiated timeout 10000 for client /10.10.34.13:54616
2015-07-30 16:34:25,608 - INFO  [CommitProcessor:3:ZooKeeperServer@595] - Established session 0x34ed9ac1c1e00a7 with negotiated timeout 10000 for client /10.10.34.13:54617
2015-07-30 16:34:35,580 - INFO  [NIOServerCxn.Factory:0.0.0.0/0.0.0.0:2181:NIOServerCnxnFactory@197] - Accepted socket connection from /10.10.34.14:49822
2015-07-30 16:34:35,580 - WARN  [NIOServerCxn.Factory:0.0.0.0/0.0.0.0:2181:ZooKeeperServer@793] - Connection request from old client /10.10.34.14:49822; will be dropped if server is in r-o mode
2015-07-30 16:34:35,580 - INFO  [NIOServerCxn.Factory:0.0.0.0/0.0.0.0:2181:ZooKeeperServer@839] - Client attempting to establish new session at /10.10.34.14:49822
2015-07-30 16:34:35,582 - INFO  [CommitProcessor:3:ZooKeeperServer@595] - Established session 0x34ed9ac1c1e00a8 with negotiated timeout 10000 for client /10.10.34.14:49822
2015-07-30 16:34:49,160 - INFO  [NIOServerCxn.Factory:0.0.0.0/0.0.0.0:2181:NIOServerCnxnFactory@197] - Accepted socket connection from /10.10.34.11:41160
2015-07-30 16:34:49,161 - WARN  [NIOServerCxn.Factory:0.0.0.0/0.0.0.0:2181:ZooKeeperServer@793] - Connection request from old client /10.10.34.11:41160; will be dropped if server is in r-o mode
2015-07-30 16:34:49,161 - INFO  [NIOServerCxn.Factory:0.0.0.0/0.0.0.0:2181:ZooKeeperServer@839] - Client attempting to establish new session at /10.10.34.11:41160
2015-07-30 16:34:49,162 - INFO  [CommitProcessor:3:ZooKeeperServer@595] - Established session 0x34ed9ac1c1e00a9 with negotiated timeout 10000 for client /10.10.34.11:41160
2015-07-30 16:36:03,086 - WARN  [NIOServerCxn.Factory:0.0.0.0/0.0.0.0:2181:NIOServerCnxn@349] - caught end of stream exception
2015-07-30 16:36:03,087 - INFO  [NIOServerCxn.Factory:0.0.0.0/0.0.0.0:2181:NIOServerCnxn@1001] - Closed socket connection for client /10.10.34.14:49822 which had sessionid 0x34ed9ac1c1e00a8
2015-07-30 16:36:05,148 - WARN  [NIOServerCxn.Factory:0.0.0.0/0.0.0.0:2181:NIOServerCnxn@349] - caught end of stream exception
2015-07-30 16:36:05,149 - INFO  [NIOServerCxn.Factory:0.0.0.0/0.0.0.0:2181:NIOServerCnxn@1001] - Closed socket connection for client /10.10.34.11:41160 which had sessionid 0x34ed9ac1c1e00a9
2015-07-30 16:44:25,526 - WARN  [NIOServerCxn.Factory:0.0.0.0/0.0.0.0:2181:NIOServerCnxn@349] - caught end of stream exception
2015-07-30 16:44:25,526 - INFO  [NIOServerCxn.Factory:0.0.0.0/0.0.0.0:2181:NIOServerCnxn@1001] - Closed socket connection for client /10.10.34.11:41143 which had sessionid 0x34ed9ac1c1e00a4
2015-07-30 16:44:25,723 - WARN  [NIOServerCxn.Factory:0.0.0.0/0.0.0.0:2181:NIOServerCnxn@349] - caught end of stream exception
2015-07-30 16:44:25,724 - INFO  [NIOServerCxn.Factory:0.0.0.0/0.0.0.0:2181:NIOServerCnxn@1001] - Closed socket connection for client /10.10.34.13:54616 which had sessionid 0x34ed9ac1c1e00a6
2015-07-30 16:44:25,724 - WARN  [NIOServerCxn.Factory:0.0.0.0/0.0.0.0:2181:NIOServerCnxn@349] - caught end of stream exception
2015-07-30 16:44:25,724 - INFO  [NIOServerCxn.Factory:0.0.0.0/0.0.0.0:2181:NIOServerCnxn@1001] - Closed socket connection for client /10.10.34.13:54617 which had sessionid 0x34ed9ac1c1e00a7
2015-07-30 16:44:25,724 - WARN  [NIOServerCxn.Factory:0.0.0.0/0.0.0.0:2181:NIOServerCnxn@349] - caught end of stream exception
2015-07-30 16:44:25,725 - INFO  [NIOServerCxn.Factory:0.0.0.0/0.0.0.0:2181:NIOServerCnxn@1001] - Closed socket connection for client /10.10.34.13:54615 which had sessionid 0x34ed9ac1c1e00a5
2015-07-30 16:44:35,760 - INFO  [NIOServerCxn.Factory:0.0.0.0/0.0.0.0:2181:NIOServerCnxnFactory@197] - Accepted socket connection from /10.10.34.11:41230
2015-07-30 16:44:35,760 - WARN  [NIOServerCxn.Factory:0.0.0.0/0.0.0.0:2181:ZooKeeperServer@793] - Connection request from old client /10.10.34.11:41230; will be dropped if server is in r-o mode
2015-07-30 16:44:35,760 - INFO  [NIOServerCxn.Factory:0.0.0.0/0.0.0.0:2181:ZooKeeperServer@839] - Client attempting to establish new session at /10.10.34.11:41230
2015-07-30 16:44:35,761 - INFO  [NIOServerCxn.Factory:0.0.0.0/0.0.0.0:2181:NIOServerCnxnFactory@197] - Accepted socket connection from /10.10.34.11:41233
2015-07-30 16:44:35,761 - WARN  [NIOServerCxn.Factory:0.0.0.0/0.0.0.0:2181:ZooKeeperServer@793] - Connection request from old client /10.10.34.11:41233; will be dropped if server is in r-o mode
2015-07-30 16:44:35,761 - INFO  [NIOServerCxn.Factory:0.0.0.0/0.0.0.0:2181:ZooKeeperServer@839] - Client attempting to establish new session at /10.10.34.11:41233
2015-07-30 16:44:35,762 - INFO  [CommitProcessor:3:ZooKeeperServer@595] - Established session 0x34ed9ac1c1e00aa with negotiated timeout 10000 for client /10.10.34.11:41230
2015-07-30 16:44:35,763 - INFO  [CommitProcessor:3:ZooKeeperServer@595] - Established session 0x34ed9ac1c1e00ab with negotiated timeout 10000 for client /10.10.34.11:41233
2015-07-30 16:44:35,861 - INFO  [NIOServerCxn.Factory:0.0.0.0/0.0.0.0:2181:NIOServerCnxnFactory@197] - Accepted socket connection from /10.10.34.12:59336
2015-07-30 16:44:35,861 - WARN  [NIOServerCxn.Factory:0.0.0.0/0.0.0.0:2181:ZooKeeperServer@793] - Connection request from old client /10.10.34.12:59336; will be dropped if server is in r-o mode
2015-07-30 16:44:35,861 - INFO  [NIOServerCxn.Factory:0.0.0.0/0.0.0.0:2181:ZooKeeperServer@839] - Client attempting to establish new session at /10.10.34.12:59336
2015-07-30 16:44:35,862 - INFO  [NIOServerCxn.Factory:0.0.0.0/0.0.0.0:2181:NIOServerCnxnFactory@197] - Accepted socket connection from /10.10.34.12:59337
2015-07-30 16:44:35,862 - WARN  [NIOServerCxn.Factory:0.0.0.0/0.0.0.0:2181:ZooKeeperServer@793] - Connection request from old client /10.10.34.12:59337; will be dropped if server is in r-o mode
2015-07-30 16:44:35,862 - INFO  [NIOServerCxn.Factory:0.0.0.0/0.0.0.0:2181:ZooKeeperServer@839] - Client attempting to establish new session at /10.10.34.12:59337
2015-07-30 16:44:35,863 - INFO  [NIOServerCxn.Factory:0.0.0.0/0.0.0.0:2181:NIOServerCnxnFactory@197] - Accepted socket connection from /10.10.34.12:59339
2015-07-30 16:44:35,863 - INFO  [CommitProcessor:3:ZooKeeperServer@595] - Established session 0x34ed9ac1c1e00ac with negotiated timeout 10000 for client /10.10.34.12:59336
2015-07-30 16:44:35,863 - WARN  [NIOServerCxn.Factory:0.0.0.0/0.0.0.0:2181:ZooKeeperServer@793] - Connection request from old client /10.10.34.12:59339; will be dropped if server is in r-o mode
2015-07-30 16:44:35,863 - INFO  [NIOServerCxn.Factory:0.0.0.0/0.0.0.0:2181:ZooKeeperServer@839] - Client attempting to establish new session at /10.10.34.12:59339
2015-07-30 16:44:35,863 - INFO  [CommitProcessor:3:ZooKeeperServer@595] - Established session 0x34ed9ac1c1e00ad with negotiated timeout 10000 for client /10.10.34.12:59337
2015-07-30 16:44:35,864 - INFO  [CommitProcessor:3:ZooKeeperServer@595] - Established session 0x34ed9ac1c1e00ae with negotiated timeout 10000 for client /10.10.34.12:59339
2015-07-30 16:44:35,961 - INFO  [NIOServerCxn.Factory:0.0.0.0/0.0.0.0:2181:NIOServerCnxnFactory@197] - Accepted socket connection from /10.10.34.13:54621
2015-07-30 16:44:35,962 - WARN  [NIOServerCxn.Factory:0.0.0.0/0.0.0.0:2181:ZooKeeperServer@793] - Connection request from old client /10.10.34.13:54621; will be dropped if server is in r-o mode
2015-07-30 16:44:35,962 - INFO  [NIOServerCxn.Factory:0.0.0.0/0.0.0.0:2181:ZooKeeperServer@839] - Client attempting to establish new session at /10.10.34.13:54621
2015-07-30 16:44:35,964 - INFO  [CommitProcessor:3:ZooKeeperServer@595] - Established session 0x34ed9ac1c1e00af with negotiated timeout 10000 for client /10.10.34.13:54621
2015-07-30 16:44:48,211 - INFO  [NIOServerCxn.Factory:0.0.0.0/0.0.0.0:2181:NIOServerCnxnFactory@197] - Accepted socket connection from /10.10.34.14:49837
2015-07-30 16:44:48,211 - WARN  [NIOServerCxn.Factory:0.0.0.0/0.0.0.0:2181:ZooKeeperServer@793] - Connection request from old client /10.10.34.14:49837; will be dropped if server is in r-o mode
2015-07-30 16:44:48,211 - INFO  [NIOServerCxn.Factory:0.0.0.0/0.0.0.0:2181:ZooKeeperServer@839] - Client attempting to establish new session at /10.10.34.14:49837
2015-07-30 16:44:48,213 - INFO  [CommitProcessor:3:ZooKeeperServer@595] - Established session 0x34ed9ac1c1e00b0 with negotiated timeout 10000 for client /10.10.34.14:49837
2015-07-30 16:44:50,258 - INFO  [NIOServerCxn.Factory:0.0.0.0/0.0.0.0:2181:NIOServerCnxnFactory@197] - Accepted socket connection from /10.10.34.11:41239
2015-07-30 16:44:50,258 - WARN  [NIOServerCxn.Factory:0.0.0.0/0.0.0.0:2181:ZooKeeperServer@793] - Connection request from old client /10.10.34.11:41239; will be dropped if server is in r-o mode
2015-07-30 16:44:50,258 - INFO  [NIOServerCxn.Factory:0.0.0.0/0.0.0.0:2181:ZooKeeperServer@839] - Client attempting to establish new session at /10.10.34.11:41239
2015-07-30 16:44:50,260 - INFO  [CommitProcessor:3:ZooKeeperServer@595] - Established session 0x34ed9ac1c1e00b1 with negotiated timeout 10000 for client /10.10.34.11:41239
2015-07-30 16:44:54,693 - INFO  [NIOServerCxn.Factory:0.0.0.0/0.0.0.0:2181:NIOServerCnxnFactory@197] - Accepted socket connection from /10.10.34.11:41243
2015-07-30 16:44:54,694 - WARN  [NIOServerCxn.Factory:0.0.0.0/0.0.0.0:2181:ZooKeeperServer@793] - Connection request from old client /10.10.34.11:41243; will be dropped if server is in r-o mode
2015-07-30 16:44:54,694 - INFO  [NIOServerCxn.Factory:0.0.0.0/0.0.0.0:2181:ZooKeeperServer@839] - Client attempting to establish new session at /10.10.34.11:41243
2015-07-30 16:44:54,696 - INFO  [CommitProcessor:3:ZooKeeperServer@595] - Established session 0x34ed9ac1c1e00b2 with negotiated timeout 20000 for client /10.10.34.11:41243
2015-07-30 16:44:54,731 - INFO  [NIOServerCxn.Factory:0.0.0.0/0.0.0.0:2181:NIOServerCnxnFactory@197] - Accepted socket connection from /10.10.34.11:41245
2015-07-30 16:44:54,731 - WARN  [NIOServerCxn.Factory:0.0.0.0/0.0.0.0:2181:ZooKeeperServer@793] - Connection request from old client /10.10.34.11:41245; will be dropped if server is in r-o mode
2015-07-30 16:44:54,731 - INFO  [NIOServerCxn.Factory:0.0.0.0/0.0.0.0:2181:ZooKeeperServer@839] - Client attempting to establish new session at /10.10.34.11:41245
2015-07-30 16:44:54,733 - INFO  [CommitProcessor:3:ZooKeeperServer@595] - Established session 0x34ed9ac1c1e00b3 with negotiated timeout 10000 for client /10.10.34.11:41245
2015-07-30 16:45:46,443 - WARN  [NIOServerCxn.Factory:0.0.0.0/0.0.0.0:2181:NIOServerCnxn@349] - caught end of stream exception
2015-07-30 16:45:46,443 - INFO  [NIOServerCxn.Factory:0.0.0.0/0.0.0.0:2181:NIOServerCnxn@1001] - Closed socket connection for client /10.10.34.11:41239 which had sessionid 0x34ed9ac1c1e00b1
2015-07-30 16:45:49,892 - WARN  [NIOServerCxn.Factory:0.0.0.0/0.0.0.0:2181:NIOServerCnxn@349] - caught end of stream exception
2015-07-30 16:45:49,892 - INFO  [NIOServerCxn.Factory:0.0.0.0/0.0.0.0:2181:NIOServerCnxn@1001] - Closed socket connection for client /10.10.34.11:41245 which had sessionid 0x34ed9ac1c1e00b3
2015-07-30 16:45:49,893 - WARN  [NIOServerCxn.Factory:0.0.0.0/0.0.0.0:2181:NIOServerCnxn@349] - caught end of stream exception
2015-07-30 16:45:49,893 - INFO  [NIOServerCxn.Factory:0.0.0.0/0.0.0.0:2181:NIOServerCnxn@1001] - Closed socket connection for client /10.10.34.11:41243 which had sessionid 0x34ed9ac1c1e00b2
2015-07-30 16:47:45,024 - INFO  [NIOServerCxn.Factory:0.0.0.0/0.0.0.0:2181:NIOServerCnxnFactory@197] - Accepted socket connection from /10.10.34.11:41263
2015-07-30 16:47:45,024 - WARN  [NIOServerCxn.Factory:0.0.0.0/0.0.0.0:2181:ZooKeeperServer@793] - Connection request from old client /10.10.34.11:41263; will be dropped if server is in r-o mode
2015-07-30 16:47:45,024 - INFO  [NIOServerCxn.Factory:0.0.0.0/0.0.0.0:2181:ZooKeeperServer@839] - Client attempting to establish new session at /10.10.34.11:41263
2015-07-30 16:47:45,026 - INFO  [CommitProcessor:3:ZooKeeperServer@595] - Established session 0x34ed9ac1c1e00b4 with negotiated timeout 10000 for client /10.10.34.11:41263
2015-07-30 16:47:45,823 - WARN  [NIOServerCxn.Factory:0.0.0.0/0.0.0.0:2181:NIOServerCnxn@349] - caught end of stream exception
2015-07-30 16:47:45,823 - INFO  [NIOServerCxn.Factory:0.0.0.0/0.0.0.0:2181:NIOServerCnxn@1001] - Closed socket connection for client /10.10.34.11:41263 which had sessionid 0x34ed9ac1c1e00b4
2015-07-30 16:47:45,824 - ERROR [CommitProcessor:3:NIOServerCnxn@180] - Unexpected Exception: 
2015-07-30 16:48:37,393 - WARN  [NIOServerCxn.Factory:0.0.0.0/0.0.0.0:2181:NIOServerCnxn@349] - caught end of stream exception
2015-07-30 16:48:37,393 - INFO  [NIOServerCxn.Factory:0.0.0.0/0.0.0.0:2181:NIOServerCnxn@1001] - Closed socket connection for client /10.10.34.14:49837 which had sessionid 0x34ed9ac1c1e00b0
2015-07-30 16:49:03,304 - WARN  [NIOServerCxn.Factory:0.0.0.0/0.0.0.0:2181:NIOServerCnxn@349] - caught end of stream exception
2015-07-30 16:49:03,304 - INFO  [NIOServerCxn.Factory:0.0.0.0/0.0.0.0:2181:NIOServerCnxn@1001] - Closed socket connection for client /10.10.34.11:41230 which had sessionid 0x34ed9ac1c1e00aa
2015-07-30 16:49:03,305 - WARN  [NIOServerCxn.Factory:0.0.0.0/0.0.0.0:2181:NIOServerCnxn@349] - caught end of stream exception
2015-07-30 16:49:03,305 - INFO  [NIOServerCxn.Factory:0.0.0.0/0.0.0.0:2181:NIOServerCnxn@1001] - Closed socket connection for client /10.10.34.11:41233 which had sessionid 0x34ed9ac1c1e00ab
2015-07-30 16:49:03,399 - WARN  [NIOServerCxn.Factory:0.0.0.0/0.0.0.0:2181:NIOServerCnxn@349] - caught end of stream exception
2015-07-30 16:49:03,400 - INFO  [NIOServerCxn.Factory:0.0.0.0/0.0.0.0:2181:NIOServerCnxn@1001] - Closed socket connection for client /10.10.34.12:59336 which had sessionid 0x34ed9ac1c1e00ac
2015-07-30 16:49:03,400 - WARN  [NIOServerCxn.Factory:0.0.0.0/0.0.0.0:2181:NIOServerCnxn@349] - caught end of stream exception
2015-07-30 16:49:03,400 - INFO  [NIOServerCxn.Factory:0.0.0.0/0.0.0.0:2181:NIOServerCnxn@1001] - Closed socket connection for client /10.10.34.12:59337 which had sessionid 0x34ed9ac1c1e00ad
2015-07-30 16:49:03,401 - WARN  [NIOServerCxn.Factory:0.0.0.0/0.0.0.0:2181:NIOServerCnxn@349] - caught end of stream exception
2015-07-30 16:49:03,401 - INFO  [NIOServerCxn.Factory:0.0.0.0/0.0.0.0:2181:NIOServerCnxn@1001] - Closed socket connection for client /10.10.34.12:59339 which had sessionid 0x34ed9ac1c1e00ae
2015-07-30 16:49:03,500 - WARN  [NIOServerCxn.Factory:0.0.0.0/0.0.0.0:2181:NIOServerCnxn@349] - caught end of stream exception
2015-07-30 16:49:03,500 - INFO  [NIOServerCxn.Factory:0.0.0.0/0.0.0.0:2181:NIOServerCnxn@1001] - Closed socket connection for client /10.10.34.13:54621 which had sessionid 0x34ed9ac1c1e00af
2015-07-30 16:49:10,849 - INFO  [NIOServerCxn.Factory:0.0.0.0/0.0.0.0:2181:NIOServerCnxnFactory@197] - Accepted socket connection from /10.10.34.11:41306
2015-07-30 16:49:10,849 - INFO  [NIOServerCxn.Factory:0.0.0.0/0.0.0.0:2181:NIOServerCnxnFactory@197] - Accepted socket connection from /10.10.34.11:41307
2015-07-30 16:49:10,849 - WARN  [NIOServerCxn.Factory:0.0.0.0/0.0.0.0:2181:ZooKeeperServer@793] - Connection request from old client /10.10.34.11:41306; will be dropped if server is in r-o mode
2015-07-30 16:49:10,849 - INFO  [NIOServerCxn.Factory:0.0.0.0/0.0.0.0:2181:ZooKeeperServer@839] - Client attempting to establish new session at /10.10.34.11:41306
2015-07-30 16:49:10,850 - WARN  [NIOServerCxn.Factory:0.0.0.0/0.0.0.0:2181:ZooKeeperServer@793] - Connection request from old client /10.10.34.11:41307; will be dropped if server is in r-o mode
2015-07-30 16:49:10,850 - INFO  [NIOServerCxn.Factory:0.0.0.0/0.0.0.0:2181:ZooKeeperServer@839] - Client attempting to establish new session at /10.10.34.11:41307
2015-07-30 16:49:10,851 - INFO  [CommitProcessor:3:ZooKeeperServer@595] - Established session 0x34ed9ac1c1e00b5 with negotiated timeout 10000 for client /10.10.34.11:41306
2015-07-30 16:49:10,852 - INFO  [CommitProcessor:3:ZooKeeperServer@595] - Established session 0x34ed9ac1c1e00b6 with negotiated timeout 10000 for client /10.10.34.11:41307
2015-07-30 16:49:10,941 - INFO  [NIOServerCxn.Factory:0.0.0.0/0.0.0.0:2181:NIOServerCnxnFactory@197] - Accepted socket connection from /10.10.34.12:59343
2015-07-30 16:49:10,941 - WARN  [NIOServerCxn.Factory:0.0.0.0/0.0.0.0:2181:ZooKeeperServer@793] - Connection request from old client /10.10.34.12:59343; will be dropped if server is in r-o mode
2015-07-30 16:49:10,941 - INFO  [NIOServerCxn.Factory:0.0.0.0/0.0.0.0:2181:ZooKeeperServer@839] - Client attempting to establish new session at /10.10.34.12:59343
2015-07-30 16:49:10,943 - INFO  [CommitProcessor:3:ZooKeeperServer@595] - Established session 0x34ed9ac1c1e00b7 with negotiated timeout 10000 for client /10.10.34.12:59343
2015-07-30 16:49:30,719 - INFO  [NIOServerCxn.Factory:0.0.0.0/0.0.0.0:2181:NIOServerCnxnFactory@197] - Accepted socket connection from /10.10.34.11:41318
2015-07-30 16:49:30,720 - WARN  [NIOServerCxn.Factory:0.0.0.0/0.0.0.0:2181:ZooKeeperServer@793] - Connection request from old client /10.10.34.11:41318; will be dropped if server is in r-o mode
2015-07-30 16:49:30,720 - INFO  [NIOServerCxn.Factory:0.0.0.0/0.0.0.0:2181:ZooKeeperServer@839] - Client attempting to establish new session at /10.10.34.11:41318
2015-07-30 16:49:30,722 - INFO  [CommitProcessor:3:ZooKeeperServer@595] - Established session 0x34ed9ac1c1e00b8 with negotiated timeout 20000 for client /10.10.34.11:41318
2015-07-30 16:49:30,745 - INFO  [NIOServerCxn.Factory:0.0.0.0/0.0.0.0:2181:NIOServerCnxnFactory@197] - Accepted socket connection from /10.10.34.11:41319
2015-07-30 16:49:30,745 - WARN  [NIOServerCxn.Factory:0.0.0.0/0.0.0.0:2181:ZooKeeperServer@793] - Connection request from old client /10.10.34.11:41319; will be dropped if server is in r-o mode
2015-07-30 16:49:30,745 - INFO  [NIOServerCxn.Factory:0.0.0.0/0.0.0.0:2181:ZooKeeperServer@839] - Client attempting to establish new session at /10.10.34.11:41319
2015-07-30 16:49:30,747 - INFO  [CommitProcessor:3:ZooKeeperServer@595] - Established session 0x34ed9ac1c1e00b9 with negotiated timeout 20000 for client /10.10.34.11:41319
2015-07-30 17:03:49,892 - WARN  [NIOServerCxn.Factory:0.0.0.0/0.0.0.0:2181:NIOServerCnxn@349] - caught end of stream exception
2015-07-30 17:03:49,893 - INFO  [NIOServerCxn.Factory:0.0.0.0/0.0.0.0:2181:NIOServerCnxn@1001] - Closed socket connection for client /10.10.34.11:41318 which had sessionid 0x34ed9ac1c1e00b8
2015-07-30 17:03:49,893 - WARN  [NIOServerCxn.Factory:0.0.0.0/0.0.0.0:2181:NIOServerCnxn@349] - caught end of stream exception
2015-07-30 17:03:49,894 - INFO  [NIOServerCxn.Factory:0.0.0.0/0.0.0.0:2181:NIOServerCnxn@1001] - Closed socket connection for client /10.10.34.11:41319 which had sessionid 0x34ed9ac1c1e00b9
2015-07-30 17:06:33,184 - WARN  [NIOServerCxn.Factory:0.0.0.0/0.0.0.0:2181:NIOServerCnxn@349] - caught end of stream exception
2015-07-30 17:06:33,185 - INFO  [NIOServerCxn.Factory:0.0.0.0/0.0.0.0:2181:NIOServerCnxn@1001] - Closed socket connection for client /10.10.34.11:41306 which had sessionid 0x34ed9ac1c1e00b5
2015-07-30 17:06:33,186 - WARN  [NIOServerCxn.Factory:0.0.0.0/0.0.0.0:2181:NIOServerCnxn@349] - caught end of stream exception
2015-07-30 17:06:33,186 - INFO  [NIOServerCxn.Factory:0.0.0.0/0.0.0.0:2181:NIOServerCnxn@1001] - Closed socket connection for client /10.10.34.11:41307 which had sessionid 0x34ed9ac1c1e00b6
2015-07-30 17:06:33,283 - WARN  [NIOServerCxn.Factory:0.0.0.0/0.0.0.0:2181:NIOServerCnxn@349] - caught end of stream exception
2015-07-30 17:06:33,283 - INFO  [NIOServerCxn.Factory:0.0.0.0/0.0.0.0:2181:NIOServerCnxn@1001] - Closed socket connection for client /10.10.34.12:59343 which had sessionid 0x34ed9ac1c1e00b7
2015-07-30 17:06:39,640 - INFO  [NIOServerCxn.Factory:0.0.0.0/0.0.0.0:2181:NIOServerCnxnFactory@197] - Accepted socket connection from /10.10.34.11:41378
2015-07-30 17:06:39,641 - WARN  [NIOServerCxn.Factory:0.0.0.0/0.0.0.0:2181:ZooKeeperServer@793] - Connection request from old client /10.10.34.11:41378; will be dropped if server is in r-o mode
2015-07-30 17:06:39,641 - INFO  [NIOServerCxn.Factory:0.0.0.0/0.0.0.0:2181:ZooKeeperServer@839] - Client attempting to establish new session at /10.10.34.11:41378
2015-07-30 17:06:39,643 - INFO  [CommitProcessor:3:ZooKeeperServer@595] - Established session 0x34ed9ac1c1e00ba with negotiated timeout 10000 for client /10.10.34.11:41378
2015-07-30 17:06:39,739 - INFO  [NIOServerCxn.Factory:0.0.0.0/0.0.0.0:2181:NIOServerCnxnFactory@197] - Accepted socket connection from /10.10.34.12:59351
2015-07-30 17:06:39,739 - WARN  [NIOServerCxn.Factory:0.0.0.0/0.0.0.0:2181:ZooKeeperServer@793] - Connection request from old client /10.10.34.12:59351; will be dropped if server is in r-o mode
2015-07-30 17:06:39,739 - INFO  [NIOServerCxn.Factory:0.0.0.0/0.0.0.0:2181:ZooKeeperServer@839] - Client attempting to establish new session at /10.10.34.12:59351
2015-07-30 17:06:39,741 - INFO  [CommitProcessor:3:ZooKeeperServer@595] - Established session 0x34ed9ac1c1e00bb with negotiated timeout 10000 for client /10.10.34.12:59351
2015-07-30 17:06:39,741 - INFO  [NIOServerCxn.Factory:0.0.0.0/0.0.0.0:2181:NIOServerCnxnFactory@197] - Accepted socket connection from /10.10.34.12:59354
2015-07-30 17:06:39,741 - WARN  [NIOServerCxn.Factory:0.0.0.0/0.0.0.0:2181:ZooKeeperServer@793] - Connection request from old client /10.10.34.12:59354; will be dropped if server is in r-o mode
2015-07-30 17:06:39,741 - INFO  [NIOServerCxn.Factory:0.0.0.0/0.0.0.0:2181:ZooKeeperServer@839] - Client attempting to establish new session at /10.10.34.12:59354
2015-07-30 17:06:39,743 - INFO  [CommitProcessor:3:ZooKeeperServer@595] - Established session 0x34ed9ac1c1e00bc with negotiated timeout 10000 for client /10.10.34.12:59354
2015-07-30 17:06:39,839 - INFO  [NIOServerCxn.Factory:0.0.0.0/0.0.0.0:2181:NIOServerCnxnFactory@197] - Accepted socket connection from /10.10.34.13:54634
2015-07-30 17:06:39,839 - WARN  [NIOServerCxn.Factory:0.0.0.0/0.0.0.0:2181:ZooKeeperServer@793] - Connection request from old client /10.10.34.13:54634; will be dropped if server is in r-o mode
2015-07-30 17:06:39,839 - INFO  [NIOServerCxn.Factory:0.0.0.0/0.0.0.0:2181:ZooKeeperServer@839] - Client attempting to establish new session at /10.10.34.13:54634
2015-07-30 17:06:39,841 - INFO  [CommitProcessor:3:ZooKeeperServer@595] - Established session 0x34ed9ac1c1e00bd with negotiated timeout 10000 for client /10.10.34.13:54634
2015-07-30 17:07:02,295 - INFO  [NIOServerCxn.Factory:0.0.0.0/0.0.0.0:2181:NIOServerCnxnFactory@197] - Accepted socket connection from /10.10.34.11:41388
2015-07-30 17:07:02,296 - WARN  [NIOServerCxn.Factory:0.0.0.0/0.0.0.0:2181:ZooKeeperServer@793] - Connection request from old client /10.10.34.11:41388; will be dropped if server is in r-o mode
2015-07-30 17:07:02,296 - INFO  [NIOServerCxn.Factory:0.0.0.0/0.0.0.0:2181:ZooKeeperServer@839] - Client attempting to establish new session at /10.10.34.11:41388
2015-07-30 17:07:02,298 - INFO  [CommitProcessor:3:ZooKeeperServer@595] - Established session 0x34ed9ac1c1e00be with negotiated timeout 10000 for client /10.10.34.11:41388
2015-07-30 17:07:54,758 - INFO  [NIOServerCxn.Factory:0.0.0.0/0.0.0.0:2181:NIOServerCnxnFactory@197] - Accepted socket connection from /10.10.34.11:41392
2015-07-30 17:07:54,758 - WARN  [NIOServerCxn.Factory:0.0.0.0/0.0.0.0:2181:ZooKeeperServer@793] - Connection request from old client /10.10.34.11:41392; will be dropped if server is in r-o mode
2015-07-30 17:07:54,758 - INFO  [NIOServerCxn.Factory:0.0.0.0/0.0.0.0:2181:ZooKeeperServer@839] - Client attempting to establish new session at /10.10.34.11:41392
2015-07-30 17:07:54,760 - INFO  [CommitProcessor:3:ZooKeeperServer@595] - Established session 0x34ed9ac1c1e00bf with negotiated timeout 20000 for client /10.10.34.11:41392
2015-07-30 17:07:54,770 - INFO  [NIOServerCxn.Factory:0.0.0.0/0.0.0.0:2181:NIOServerCnxnFactory@197] - Accepted socket connection from /10.10.34.11:41393
2015-07-30 17:07:54,770 - WARN  [NIOServerCxn.Factory:0.0.0.0/0.0.0.0:2181:ZooKeeperServer@793] - Connection request from old client /10.10.34.11:41393; will be dropped if server is in r-o mode
2015-07-30 17:07:54,770 - INFO  [NIOServerCxn.Factory:0.0.0.0/0.0.0.0:2181:ZooKeeperServer@839] - Client attempting to establish new session at /10.10.34.11:41393
2015-07-30 17:07:54,772 - INFO  [CommitProcessor:3:ZooKeeperServer@595] - Established session 0x34ed9ac1c1e00c0 with negotiated timeout 10000 for client /10.10.34.11:41393
2015-07-30 17:09:04,466 - WARN  [NIOServerCxn.Factory:0.0.0.0/0.0.0.0:2181:NIOServerCnxn@349] - caught end of stream exception
2015-07-30 17:09:04,466 - INFO  [NIOServerCxn.Factory:0.0.0.0/0.0.0.0:2181:NIOServerCnxn@1001] - Closed socket connection for client /10.10.34.11:41388 which had sessionid 0x34ed9ac1c1e00be
2015-07-30 17:10:23,896 - WARN  [NIOServerCxn.Factory:0.0.0.0/0.0.0.0:2181:NIOServerCnxn@349] - caught end of stream exception
2015-07-30 17:10:23,897 - INFO  [NIOServerCxn.Factory:0.0.0.0/0.0.0.0:2181:NIOServerCnxn@1001] - Closed socket connection for client /10.10.34.11:41392 which had sessionid 0x34ed9ac1c1e00bf
2015-07-30 17:10:23,897 - WARN  [NIOServerCxn.Factory:0.0.0.0/0.0.0.0:2181:NIOServerCnxn@349] - caught end of stream exception
2015-07-30 17:10:23,897 - INFO  [NIOServerCxn.Factory:0.0.0.0/0.0.0.0:2181:NIOServerCnxn@1001] - Closed socket connection for client /10.10.34.11:41393 which had sessionid 0x34ed9ac1c1e00c0
2015-07-30 17:11:41,940 - INFO  [NIOServerCxn.Factory:0.0.0.0/0.0.0.0:2181:NIOServerCnxnFactory@197] - Accepted socket connection from /10.10.34.11:41415
2015-07-30 17:11:41,940 - WARN  [NIOServerCxn.Factory:0.0.0.0/0.0.0.0:2181:ZooKeeperServer@793] - Connection request from old client /10.10.34.11:41415; will be dropped if server is in r-o mode
2015-07-30 17:11:41,940 - INFO  [NIOServerCxn.Factory:0.0.0.0/0.0.0.0:2181:ZooKeeperServer@839] - Client attempting to establish new session at /10.10.34.11:41415
2015-07-30 17:11:41,942 - INFO  [CommitProcessor:3:ZooKeeperServer@595] - Established session 0x34ed9ac1c1e00c1 with negotiated timeout 10000 for client /10.10.34.11:41415
2015-07-30 17:11:44,591 - WARN  [NIOServerCxn.Factory:0.0.0.0/0.0.0.0:2181:NIOServerCnxn@349] - caught end of stream exception
2015-07-30 17:11:44,591 - INFO  [NIOServerCxn.Factory:0.0.0.0/0.0.0.0:2181:NIOServerCnxn@1001] - Closed socket connection for client /10.10.34.11:41415 which had sessionid 0x34ed9ac1c1e00c1
2015-07-30 17:11:44,592 - ERROR [CommitProcessor:3:NIOServerCnxn@180] - Unexpected Exception: 
2015-07-30 17:11:53,871 - WARN  [NIOServerCxn.Factory:0.0.0.0/0.0.0.0:2181:NIOServerCnxn@349] - caught end of stream exception
2015-07-30 17:11:53,872 - INFO  [NIOServerCxn.Factory:0.0.0.0/0.0.0.0:2181:NIOServerCnxn@1001] - Closed socket connection for client /10.10.34.11:41378 which had sessionid 0x34ed9ac1c1e00ba
2015-07-30 17:11:53,962 - WARN  [NIOServerCxn.Factory:0.0.0.0/0.0.0.0:2181:NIOServerCnxn@349] - caught end of stream exception
2015-07-30 17:11:53,962 - INFO  [NIOServerCxn.Factory:0.0.0.0/0.0.0.0:2181:NIOServerCnxn@1001] - Closed socket connection for client /10.10.34.12:59351 which had sessionid 0x34ed9ac1c1e00bb
2015-07-30 17:11:53,963 - WARN  [NIOServerCxn.Factory:0.0.0.0/0.0.0.0:2181:NIOServerCnxn@349] - caught end of stream exception
2015-07-30 17:11:53,963 - INFO  [NIOServerCxn.Factory:0.0.0.0/0.0.0.0:2181:NIOServerCnxn@1001] - Closed socket connection for client /10.10.34.12:59354 which had sessionid 0x34ed9ac1c1e00bc
2015-07-30 17:11:54,069 - WARN  [NIOServerCxn.Factory:0.0.0.0/0.0.0.0:2181:NIOServerCnxn@349] - caught end of stream exception
2015-07-30 17:11:54,069 - INFO  [NIOServerCxn.Factory:0.0.0.0/0.0.0.0:2181:NIOServerCnxn@1001] - Closed socket connection for client /10.10.34.13:54634 which had sessionid 0x34ed9ac1c1e00bd
2015-07-30 17:11:56,508 - INFO  [NIOServerCxn.Factory:0.0.0.0/0.0.0.0:2181:NIOServerCnxnFactory@197] - Accepted socket connection from /10.10.34.12:59359
2015-07-30 17:11:56,508 - WARN  [NIOServerCxn.Factory:0.0.0.0/0.0.0.0:2181:ZooKeeperServer@793] - Connection request from old client /10.10.34.12:59359; will be dropped if server is in r-o mode
2015-07-30 17:11:56,509 - INFO  [NIOServerCxn.Factory:0.0.0.0/0.0.0.0:2181:ZooKeeperServer@839] - Client attempting to establish new session at /10.10.34.12:59359
2015-07-30 17:11:56,509 - INFO  [NIOServerCxn.Factory:0.0.0.0/0.0.0.0:2181:NIOServerCnxnFactory@197] - Accepted socket connection from /10.10.34.12:59361
2015-07-30 17:11:56,509 - WARN  [NIOServerCxn.Factory:0.0.0.0/0.0.0.0:2181:ZooKeeperServer@793] - Connection request from old client /10.10.34.12:59361; will be dropped if server is in r-o mode
2015-07-30 17:11:56,509 - INFO  [NIOServerCxn.Factory:0.0.0.0/0.0.0.0:2181:ZooKeeperServer@839] - Client attempting to establish new session at /10.10.34.12:59361
2015-07-30 17:11:56,510 - INFO  [NIOServerCxn.Factory:0.0.0.0/0.0.0.0:2181:NIOServerCnxnFactory@197] - Accepted socket connection from /10.10.34.12:59362
2015-07-30 17:11:56,510 - WARN  [NIOServerCxn.Factory:0.0.0.0/0.0.0.0:2181:ZooKeeperServer@793] - Connection request from old client /10.10.34.12:59362; will be dropped if server is in r-o mode
2015-07-30 17:11:56,510 - INFO  [CommitProcessor:3:ZooKeeperServer@595] - Established session 0x34ed9ac1c1e00c2 with negotiated timeout 10000 for client /10.10.34.12:59359
2015-07-30 17:11:56,510 - INFO  [NIOServerCxn.Factory:0.0.0.0/0.0.0.0:2181:ZooKeeperServer@839] - Client attempting to establish new session at /10.10.34.12:59362
2015-07-30 17:11:56,511 - INFO  [CommitProcessor:3:ZooKeeperServer@595] - Established session 0x34ed9ac1c1e00c3 with negotiated timeout 10000 for client /10.10.34.12:59361
2015-07-30 17:11:56,512 - INFO  [CommitProcessor:3:ZooKeeperServer@595] - Established session 0x34ed9ac1c1e00c4 with negotiated timeout 10000 for client /10.10.34.12:59362
2015-07-30 17:12:07,776 - INFO  [NIOServerCxn.Factory:0.0.0.0/0.0.0.0:2181:NIOServerCnxnFactory@197] - Accepted socket connection from /10.10.34.11:41472
2015-07-30 17:12:07,776 - WARN  [NIOServerCxn.Factory:0.0.0.0/0.0.0.0:2181:ZooKeeperServer@793] - Connection request from old client /10.10.34.11:41472; will be dropped if server is in r-o mode
2015-07-30 17:12:07,776 - INFO  [NIOServerCxn.Factory:0.0.0.0/0.0.0.0:2181:ZooKeeperServer@839] - Client attempting to establish new session at /10.10.34.11:41472
2015-07-30 17:12:07,778 - INFO  [CommitProcessor:3:ZooKeeperServer@595] - Established session 0x34ed9ac1c1e00c5 with negotiated timeout 20000 for client /10.10.34.11:41472
2015-07-30 17:12:07,787 - INFO  [NIOServerCxn.Factory:0.0.0.0/0.0.0.0:2181:NIOServerCnxnFactory@197] - Accepted socket connection from /10.10.34.11:41473
2015-07-30 17:12:07,787 - WARN  [NIOServerCxn.Factory:0.0.0.0/0.0.0.0:2181:ZooKeeperServer@793] - Connection request from old client /10.10.34.11:41473; will be dropped if server is in r-o mode
2015-07-30 17:12:07,788 - INFO  [NIOServerCxn.Factory:0.0.0.0/0.0.0.0:2181:ZooKeeperServer@839] - Client attempting to establish new session at /10.10.34.11:41473
2015-07-30 17:12:07,789 - INFO  [CommitProcessor:3:ZooKeeperServer@595] - Established session 0x34ed9ac1c1e00c6 with negotiated timeout 10000 for client /10.10.34.11:41473
2015-07-30 17:12:57,405 - WARN  [NIOServerCxn.Factory:0.0.0.0/0.0.0.0:2181:NIOServerCnxn@349] - caught end of stream exception
2015-07-30 17:12:57,406 - INFO  [NIOServerCxn.Factory:0.0.0.0/0.0.0.0:2181:NIOServerCnxn@1001] - Closed socket connection for client /10.10.34.11:41473 which had sessionid 0x34ed9ac1c1e00c6
2015-07-30 17:12:57,406 - WARN  [NIOServerCxn.Factory:0.0.0.0/0.0.0.0:2181:NIOServerCnxn@349] - caught end of stream exception
2015-07-30 17:12:57,406 - INFO  [NIOServerCxn.Factory:0.0.0.0/0.0.0.0:2181:NIOServerCnxn@1001] - Closed socket connection for client /10.10.34.11:41472 which had sessionid 0x34ed9ac1c1e00c5
2015-07-30 17:15:28,716 - INFO  [NIOServerCxn.Factory:0.0.0.0/0.0.0.0:2181:NIOServerCnxnFactory@197] - Accepted socket connection from /10.10.34.11:41514
2015-07-30 17:15:28,717 - WARN  [NIOServerCxn.Factory:0.0.0.0/0.0.0.0:2181:ZooKeeperServer@793] - Connection request from old client /10.10.34.11:41514; will be dropped if server is in r-o mode
2015-07-30 17:15:28,717 - INFO  [NIOServerCxn.Factory:0.0.0.0/0.0.0.0:2181:ZooKeeperServer@839] - Client attempting to establish new session at /10.10.34.11:41514
2015-07-30 17:15:28,719 - INFO  [CommitProcessor:3:ZooKeeperServer@595] - Established session 0x34ed9ac1c1e00c7 with negotiated timeout 20000 for client /10.10.34.11:41514
2015-07-30 17:16:35,027 - WARN  [NIOServerCxn.Factory:0.0.0.0/0.0.0.0:2181:NIOServerCnxn@349] - caught end of stream exception
2015-07-30 17:16:35,027 - INFO  [NIOServerCxn.Factory:0.0.0.0/0.0.0.0:2181:NIOServerCnxn@1001] - Closed socket connection for client /10.10.34.11:41514 which had sessionid 0x34ed9ac1c1e00c7
2015-07-30 17:22:33,268 - WARN  [NIOServerCxn.Factory:0.0.0.0/0.0.0.0:2181:NIOServerCnxn@349] - caught end of stream exception
2015-07-30 17:22:33,269 - INFO  [NIOServerCxn.Factory:0.0.0.0/0.0.0.0:2181:NIOServerCnxn@1001] - Closed socket connection for client /10.10.34.12:59359 which had sessionid 0x34ed9ac1c1e00c2
2015-07-30 17:22:33,274 - WARN  [NIOServerCxn.Factory:0.0.0.0/0.0.0.0:2181:NIOServerCnxn@349] - caught end of stream exception
2015-07-30 17:22:33,274 - INFO  [NIOServerCxn.Factory:0.0.0.0/0.0.0.0:2181:NIOServerCnxn@1001] - Closed socket connection for client /10.10.34.12:59361 which had sessionid 0x34ed9ac1c1e00c3
2015-07-30 17:22:33,274 - WARN  [NIOServerCxn.Factory:0.0.0.0/0.0.0.0:2181:NIOServerCnxn@349] - caught end of stream exception
2015-07-30 17:22:33,275 - INFO  [NIOServerCxn.Factory:0.0.0.0/0.0.0.0:2181:NIOServerCnxn@1001] - Closed socket connection for client /10.10.34.12:59362 which had sessionid 0x34ed9ac1c1e00c4
2015-07-30 17:22:36,249 - INFO  [NIOServerCxn.Factory:0.0.0.0/0.0.0.0:2181:NIOServerCnxnFactory@197] - Accepted socket connection from /10.10.34.11:41626
2015-07-30 17:22:36,249 - WARN  [NIOServerCxn.Factory:0.0.0.0/0.0.0.0:2181:ZooKeeperServer@793] - Connection request from old client /10.10.34.11:41626; will be dropped if server is in r-o mode
2015-07-30 17:22:36,249 - INFO  [NIOServerCxn.Factory:0.0.0.0/0.0.0.0:2181:ZooKeeperServer@839] - Client attempting to establish new session at /10.10.34.11:41626
2015-07-30 17:22:36,250 - INFO  [NIOServerCxn.Factory:0.0.0.0/0.0.0.0:2181:NIOServerCnxnFactory@197] - Accepted socket connection from /10.10.34.11:41627
2015-07-30 17:22:36,250 - WARN  [NIOServerCxn.Factory:0.0.0.0/0.0.0.0:2181:ZooKeeperServer@793] - Connection request from old client /10.10.34.11:41627; will be dropped if server is in r-o mode
2015-07-30 17:22:36,250 - INFO  [NIOServerCxn.Factory:0.0.0.0/0.0.0.0:2181:ZooKeeperServer@839] - Client attempting to establish new session at /10.10.34.11:41627
2015-07-30 17:22:36,251 - INFO  [CommitProcessor:3:ZooKeeperServer@595] - Established session 0x34ed9ac1c1e00c8 with negotiated timeout 10000 for client /10.10.34.11:41626
2015-07-30 17:22:36,251 - INFO  [CommitProcessor:3:ZooKeeperServer@595] - Established session 0x34ed9ac1c1e00c9 with negotiated timeout 10000 for client /10.10.34.11:41627
2015-07-30 17:22:36,350 - INFO  [NIOServerCxn.Factory:0.0.0.0/0.0.0.0:2181:NIOServerCnxnFactory@197] - Accepted socket connection from /10.10.34.12:59370
2015-07-30 17:22:36,351 - WARN  [NIOServerCxn.Factory:0.0.0.0/0.0.0.0:2181:ZooKeeperServer@793] - Connection request from old client /10.10.34.12:59370; will be dropped if server is in r-o mode
2015-07-30 17:22:36,351 - INFO  [NIOServerCxn.Factory:0.0.0.0/0.0.0.0:2181:ZooKeeperServer@839] - Client attempting to establish new session at /10.10.34.12:59370
2015-07-30 17:22:36,352 - INFO  [CommitProcessor:3:ZooKeeperServer@595] - Established session 0x34ed9ac1c1e00ca with negotiated timeout 10000 for client /10.10.34.12:59370
2015-07-30 17:22:36,450 - INFO  [NIOServerCxn.Factory:0.0.0.0/0.0.0.0:2181:NIOServerCnxnFactory@197] - Accepted socket connection from /10.10.34.13:54649
2015-07-30 17:22:36,450 - WARN  [NIOServerCxn.Factory:0.0.0.0/0.0.0.0:2181:ZooKeeperServer@793] - Connection request from old client /10.10.34.13:54649; will be dropped if server is in r-o mode
2015-07-30 17:22:36,451 - INFO  [NIOServerCxn.Factory:0.0.0.0/0.0.0.0:2181:ZooKeeperServer@839] - Client attempting to establish new session at /10.10.34.13:54649
2015-07-30 17:22:36,452 - INFO  [CommitProcessor:3:ZooKeeperServer@595] - Established session 0x34ed9ac1c1e00cb with negotiated timeout 10000 for client /10.10.34.13:54649
2015-07-30 17:22:47,107 - INFO  [NIOServerCxn.Factory:0.0.0.0/0.0.0.0:2181:NIOServerCnxnFactory@197] - Accepted socket connection from /10.10.34.11:41639
2015-07-30 17:22:47,107 - WARN  [NIOServerCxn.Factory:0.0.0.0/0.0.0.0:2181:ZooKeeperServer@793] - Connection request from old client /10.10.34.11:41639; will be dropped if server is in r-o mode
2015-07-30 17:22:47,107 - INFO  [NIOServerCxn.Factory:0.0.0.0/0.0.0.0:2181:ZooKeeperServer@839] - Client attempting to establish new session at /10.10.34.11:41639
2015-07-30 17:22:47,109 - INFO  [CommitProcessor:3:ZooKeeperServer@595] - Established session 0x34ed9ac1c1e00cc with negotiated timeout 20000 for client /10.10.34.11:41639
2015-07-30 17:23:34,653 - WARN  [NIOServerCxn.Factory:0.0.0.0/0.0.0.0:2181:NIOServerCnxn@349] - caught end of stream exception
2015-07-30 17:23:34,654 - INFO  [NIOServerCxn.Factory:0.0.0.0/0.0.0.0:2181:NIOServerCnxn@1001] - Closed socket connection for client /10.10.34.11:41639 which had sessionid 0x34ed9ac1c1e00cc
2015-07-30 17:31:19,712 - INFO  [NIOServerCxn.Factory:0.0.0.0/0.0.0.0:2181:NIOServerCnxnFactory@197] - Accepted socket connection from /10.10.34.11:41671
2015-07-30 17:31:19,712 - WARN  [NIOServerCxn.Factory:0.0.0.0/0.0.0.0:2181:ZooKeeperServer@793] - Connection request from old client /10.10.34.11:41671; will be dropped if server is in r-o mode
2015-07-30 17:31:19,712 - INFO  [NIOServerCxn.Factory:0.0.0.0/0.0.0.0:2181:ZooKeeperServer@839] - Client attempting to establish new session at /10.10.34.11:41671
2015-07-30 17:31:19,714 - INFO  [CommitProcessor:3:ZooKeeperServer@595] - Established session 0x34ed9ac1c1e00cd with negotiated timeout 10000 for client /10.10.34.11:41671
2015-07-30 17:32:12,493 - WARN  [NIOServerCxn.Factory:0.0.0.0/0.0.0.0:2181:NIOServerCnxn@349] - caught end of stream exception
2015-07-30 17:32:12,494 - INFO  [NIOServerCxn.Factory:0.0.0.0/0.0.0.0:2181:NIOServerCnxn@1001] - Closed socket connection for client /10.10.34.11:41671 which had sessionid 0x34ed9ac1c1e00cd
2015-07-30 17:34:50,730 - INFO  [NIOServerCxn.Factory:0.0.0.0/0.0.0.0:2181:NIOServerCnxnFactory@197] - Accepted socket connection from /10.10.34.11:41732
2015-07-30 17:34:50,730 - WARN  [NIOServerCxn.Factory:0.0.0.0/0.0.0.0:2181:ZooKeeperServer@793] - Connection request from old client /10.10.34.11:41732; will be dropped if server is in r-o mode
2015-07-30 17:34:50,730 - INFO  [NIOServerCxn.Factory:0.0.0.0/0.0.0.0:2181:ZooKeeperServer@839] - Client attempting to establish new session at /10.10.34.11:41732
2015-07-30 17:34:50,732 - INFO  [CommitProcessor:3:ZooKeeperServer@595] - Established session 0x34ed9ac1c1e00ce with negotiated timeout 10000 for client /10.10.34.11:41732
2015-07-30 17:36:30,995 - WARN  [NIOServerCxn.Factory:0.0.0.0/0.0.0.0:2181:NIOServerCnxn@349] - caught end of stream exception
2015-07-30 17:36:30,995 - INFO  [NIOServerCxn.Factory:0.0.0.0/0.0.0.0:2181:NIOServerCnxn@1001] - Closed socket connection for client /10.10.34.11:41732 which had sessionid 0x34ed9ac1c1e00ce
2015-07-30 17:36:52,812 - WARN  [NIOServerCxn.Factory:0.0.0.0/0.0.0.0:2181:NIOServerCnxn@349] - caught end of stream exception
2015-07-30 17:36:52,812 - INFO  [NIOServerCxn.Factory:0.0.0.0/0.0.0.0:2181:NIOServerCnxn@1001] - Closed socket connection for client /10.10.34.11:41627 which had sessionid 0x34ed9ac1c1e00c9
2015-07-30 17:36:52,813 - WARN  [NIOServerCxn.Factory:0.0.0.0/0.0.0.0:2181:NIOServerCnxn@349] - caught end of stream exception
2015-07-30 17:36:52,813 - INFO  [NIOServerCxn.Factory:0.0.0.0/0.0.0.0:2181:NIOServerCnxn@1001] - Closed socket connection for client /10.10.34.11:41626 which had sessionid 0x34ed9ac1c1e00c8
2015-07-30 17:36:52,904 - WARN  [NIOServerCxn.Factory:0.0.0.0/0.0.0.0:2181:NIOServerCnxn@349] - caught end of stream exception
2015-07-30 17:36:52,905 - INFO  [NIOServerCxn.Factory:0.0.0.0/0.0.0.0:2181:NIOServerCnxn@1001] - Closed socket connection for client /10.10.34.12:59370 which had sessionid 0x34ed9ac1c1e00ca
2015-07-30 17:36:53,005 - WARN  [NIOServerCxn.Factory:0.0.0.0/0.0.0.0:2181:NIOServerCnxn@349] - caught end of stream exception
2015-07-30 17:36:53,005 - INFO  [NIOServerCxn.Factory:0.0.0.0/0.0.0.0:2181:NIOServerCnxn@1001] - Closed socket connection for client /10.10.34.13:54649 which had sessionid 0x34ed9ac1c1e00cb
2015-07-30 17:40:45,765 - WARN  [RecvWorker:1:QuorumCnxManager$RecvWorker@762] - Connection broken for id 1, my id = 3, error = 
2015-07-30 17:40:45,766 - WARN  [RecvWorker:1:QuorumCnxManager$RecvWorker@765] - Interrupting SendWorker
2015-07-30 17:40:45,766 - WARN  [SendWorker:1:QuorumCnxManager$SendWorker@679] - Interrupted while waiting for message on queue
2015-07-30 17:40:45,766 - WARN  [SendWorker:1:QuorumCnxManager$SendWorker@688] - Send worker leaving thread
2015-07-30 17:43:56,711 - INFO  [/10.10.34.13:3888:QuorumCnxManager$Listener@493] - Received connection request /10.10.34.11:35032
2015-07-30 17:43:56,717 - INFO  [WorkerReceiver[myid=3]:FastLeaderElection@542] - Notification: 1 (n.leader), 0x100001546 (n.zxid), 0x1 (n.round), LOOKING (n.state), 1 (n.sid), 0x1 (n.peerEPoch), FOLLOWING (my state)
2015-07-30 17:43:56,718 - INFO  [WorkerReceiver[myid=3]:FastLeaderElection@542] - Notification: 1 (n.leader), 0x100001546 (n.zxid), 0x2 (n.round), LOOKING (n.state), 1 (n.sid), 0x1 (n.peerEPoch), FOLLOWING (my state)
2015-07-30 17:49:00,254 - INFO  [NIOServerCxn.Factory:0.0.0.0/0.0.0.0:2181:NIOServerCnxnFactory@197] - Accepted socket connection from /10.10.34.12:59379
2015-07-30 17:49:00,255 - WARN  [NIOServerCxn.Factory:0.0.0.0/0.0.0.0:2181:ZooKeeperServer@793] - Connection request from old client /10.10.34.12:59379; will be dropped if server is in r-o mode
2015-07-30 17:49:00,255 - INFO  [NIOServerCxn.Factory:0.0.0.0/0.0.0.0:2181:ZooKeeperServer@839] - Client attempting to establish new session at /10.10.34.12:59379
2015-07-30 17:49:00,257 - INFO  [CommitProcessor:3:ZooKeeperServer@595] - Established session 0x34ed9ac1c1e00cf with negotiated timeout 10000 for client /10.10.34.12:59379
2015-07-30 17:49:00,354 - INFO  [NIOServerCxn.Factory:0.0.0.0/0.0.0.0:2181:NIOServerCnxnFactory@197] - Accepted socket connection from /10.10.34.13:54656
2015-07-30 17:49:00,354 - WARN  [NIOServerCxn.Factory:0.0.0.0/0.0.0.0:2181:ZooKeeperServer@793] - Connection request from old client /10.10.34.13:54656; will be dropped if server is in r-o mode
2015-07-30 17:49:00,354 - INFO  [NIOServerCxn.Factory:0.0.0.0/0.0.0.0:2181:ZooKeeperServer@839] - Client attempting to establish new session at /10.10.34.13:54656
2015-07-30 17:49:00,355 - INFO  [CommitProcessor:3:ZooKeeperServer@595] - Established session 0x34ed9ac1c1e00d0 with negotiated timeout 10000 for client /10.10.34.13:54656
2015-07-30 17:49:01,417 - INFO  [NIOServerCxn.Factory:0.0.0.0/0.0.0.0:2181:NIOServerCnxnFactory@197] - Accepted socket connection from /10.10.34.11:49255
2015-07-30 17:49:01,418 - WARN  [NIOServerCxn.Factory:0.0.0.0/0.0.0.0:2181:ZooKeeperServer@793] - Connection request from old client /10.10.34.11:49255; will be dropped if server is in r-o mode
2015-07-30 17:49:01,418 - INFO  [NIOServerCxn.Factory:0.0.0.0/0.0.0.0:2181:ZooKeeperServer@839] - Client attempting to establish new session at /10.10.34.11:49255
2015-07-30 17:49:01,419 - INFO  [CommitProcessor:3:ZooKeeperServer@595] - Established session 0x34ed9ac1c1e00d1 with negotiated timeout 10000 for client /10.10.34.11:49255
2015-07-30 17:49:41,770 - WARN  [NIOServerCxn.Factory:0.0.0.0/0.0.0.0:2181:NIOServerCnxn@349] - caught end of stream exception
2015-07-30 17:49:41,771 - INFO  [NIOServerCxn.Factory:0.0.0.0/0.0.0.0:2181:NIOServerCnxn@1001] - Closed socket connection for client /10.10.34.11:49255 which had sessionid 0x34ed9ac1c1e00d1
2015-07-30 17:49:41,869 - WARN  [NIOServerCxn.Factory:0.0.0.0/0.0.0.0:2181:NIOServerCnxn@349] - caught end of stream exception
2015-07-30 17:49:41,870 - INFO  [NIOServerCxn.Factory:0.0.0.0/0.0.0.0:2181:NIOServerCnxn@1001] - Closed socket connection for client /10.10.34.12:59379 which had sessionid 0x34ed9ac1c1e00cf
2015-07-30 17:49:41,976 - WARN  [NIOServerCxn.Factory:0.0.0.0/0.0.0.0:2181:NIOServerCnxn@349] - caught end of stream exception
2015-07-30 17:49:41,976 - INFO  [NIOServerCxn.Factory:0.0.0.0/0.0.0.0:2181:NIOServerCnxn@1001] - Closed socket connection for client /10.10.34.13:54656 which had sessionid 0x34ed9ac1c1e00d0
2015-07-30 17:52:32,512 - WARN  [RecvWorker:2:QuorumCnxManager$RecvWorker@762] - Connection broken for id 2, my id = 3, error = 
2015-07-30 17:52:32,512 - WARN  [RecvWorker:2:QuorumCnxManager$RecvWorker@765] - Interrupting SendWorker
2015-07-30 17:52:32,512 - WARN  [QuorumPeer[myid=3]/0:0:0:0:0:0:0:0:2181:Follower@89] - Exception when following the leader
2015-07-30 17:52:32,513 - WARN  [SendWorker:2:QuorumCnxManager$SendWorker@679] - Interrupted while waiting for message on queue
2015-07-30 17:52:32,513 - WARN  [SendWorker:2:QuorumCnxManager$SendWorker@688] - Send worker leaving thread
2015-07-30 17:52:32,513 - INFO  [QuorumPeer[myid=3]/0:0:0:0:0:0:0:0:2181:Follower@166] - shutdown called
2015-07-30 17:52:32,513 - INFO  [QuorumPeer[myid=3]/0:0:0:0:0:0:0:0:2181:FollowerZooKeeperServer@139] - Shutting down
2015-07-30 17:52:32,513 - INFO  [QuorumPeer[myid=3]/0:0:0:0:0:0:0:0:2181:ZooKeeperServer@419] - shutting down
2015-07-30 17:52:32,513 - INFO  [QuorumPeer[myid=3]/0:0:0:0:0:0:0:0:2181:FollowerRequestProcessor@105] - Shutting down
2015-07-30 17:52:32,513 - INFO  [QuorumPeer[myid=3]/0:0:0:0:0:0:0:0:2181:CommitProcessor@181] - Shutting down
2015-07-30 17:52:32,514 - INFO  [QuorumPeer[myid=3]/0:0:0:0:0:0:0:0:2181:FinalRequestProcessor@415] - shutdown of request processor complete
2015-07-30 17:52:32,514 - INFO  [CommitProcessor:3:CommitProcessor@150] - CommitProcessor exited loop!
2015-07-30 17:52:32,514 - INFO  [FollowerRequestProcessor:3:FollowerRequestProcessor@95] - FollowerRequestProcessor exited loop!
2015-07-30 17:52:32,514 - INFO  [QuorumPeer[myid=3]/0:0:0:0:0:0:0:0:2181:SyncRequestProcessor@175] - Shutting down
2015-07-30 17:52:32,514 - INFO  [SyncThread:3:SyncRequestProcessor@155] - SyncRequestProcessor exited!
2015-07-30 17:52:32,514 - INFO  [QuorumPeer[myid=3]/0:0:0:0:0:0:0:0:2181:QuorumPeer@670] - LOOKING
2015-07-30 17:52:32,516 - INFO  [QuorumPeer[myid=3]/0:0:0:0:0:0:0:0:2181:FileSnap@83] - Reading snapshot /var/lib/zookeeper/version-2/snapshot.100000082
2015-07-30 17:52:32,641 - INFO  [WorkerReceiver[myid=3]:FastLeaderElection@542] - Notification: 1 (n.leader), 0x100001564 (n.zxid), 0x2 (n.round), LOOKING (n.state), 1 (n.sid), 0x1 (n.peerEPoch), LOOKING (my state)
2015-07-30 17:52:32,834 - INFO  [QuorumPeer[myid=3]/0:0:0:0:0:0:0:0:2181:FastLeaderElection@740] - New election. My id =  3, proposed zxid=0x100001564
2015-07-30 17:52:32,835 - WARN  [WorkerSender[myid=3]:QuorumCnxManager@368] - Cannot open channel to 2 at election address /10.10.34.12:3888
2015-07-30 17:52:32,835 - INFO  [WorkerReceiver[myid=3]:FastLeaderElection@542] - Notification: 3 (n.leader), 0x100001564 (n.zxid), 0x2 (n.round), LOOKING (n.state), 3 (n.sid), 0x1 (n.peerEPoch), LOOKING (my state)
2015-07-30 17:52:32,837 - INFO  [WorkerReceiver[myid=3]:FastLeaderElection@542] - Notification: 3 (n.leader), 0x100001564 (n.zxid), 0x2 (n.round), LOOKING (n.state), 1 (n.sid), 0x1 (n.peerEPoch), LOOKING (my state)
2015-07-30 17:52:33,037 - INFO  [QuorumPeer[myid=3]/0:0:0:0:0:0:0:0:2181:QuorumPeer@750] - LEADING
2015-07-30 17:52:33,045 - INFO  [QuorumPeer[myid=3]/0:0:0:0:0:0:0:0:2181:Leader@58] - TCP NoDelay set to: true
2015-07-30 17:52:33,047 - INFO  [QuorumPeer[myid=3]/0:0:0:0:0:0:0:0:2181:ZooKeeperServer@162] - Created server with tickTime 2000 minSessionTimeout 4000 maxSessionTimeout 40000 datadir /var/lib/zookeeper/version-2 snapdir /var/lib/zookeeper/version-2
2015-07-30 17:52:33,048 - INFO  [QuorumPeer[myid=3]/0:0:0:0:0:0:0:0:2181:Leader@345] - LEADING - LEADER ELECTION TOOK - 532
2015-07-30 17:52:33,052 - INFO  [QuorumPeer[myid=3]/0:0:0:0:0:0:0:0:2181:FileSnap@83] - Reading snapshot /var/lib/zookeeper/version-2/snapshot.100000082
2015-07-30 17:52:33,207 - INFO  [QuorumPeer[myid=3]/0:0:0:0:0:0:0:0:2181:FileTxnSnapLog@240] - Snapshotting: 0x100001564 to /var/lib/zookeeper/version-2/snapshot.100001564
2015-07-30 17:52:34,047 - INFO  [LearnerHandler-/10.10.34.11:36797:LearnerHandler@263] - Follower sid: 1 : info : org.apache.zookeeper.server.quorum.QuorumPeer$QuorumServer@34ac1072
2015-07-30 17:52:34,050 - INFO  [LearnerHandler-/10.10.34.11:36797:LearnerHandler@318] - Synchronizing with Follower sid: 1 maxCommittedLog=0x100001564 minCommittedLog=0x100001370 peerLastZxid=0x100001564
2015-07-30 17:52:34,051 - INFO  [LearnerHandler-/10.10.34.11:36797:LearnerHandler@395] - Sending DIFF
2015-07-30 17:52:34,056 - WARN  [LearnerHandler-/10.10.34.11:36797:Leader@574] - Commiting zxid 0x200000000 from /10.10.34.13:2888 not first!
2015-07-30 17:52:34,056 - WARN  [LearnerHandler-/10.10.34.11:36797:Leader@576] - First is 0x0
2015-07-30 17:52:34,057 - INFO  [LearnerHandler-/10.10.34.11:36797:Leader@598] - Have quorum of supporters; starting up and setting last processed zxid: 0x200000000
2015-07-30 17:57:37,957 - INFO  [main:QuorumPeerConfig@101] - Reading configuration from: /etc/zookeeper/conf/zoo.cfg
2015-07-30 17:57:37,971 - INFO  [main:QuorumPeerConfig@334] - Defaulting to majority quorums
2015-07-30 17:57:37,989 - INFO  [main:DatadirCleanupManager@78] - autopurge.snapRetainCount set to 3
2015-07-30 17:57:37,989 - INFO  [main:DatadirCleanupManager@79] - autopurge.purgeInterval set to 0
2015-07-30 17:57:37,990 - INFO  [main:DatadirCleanupManager@101] - Purge task is not scheduled.
2015-07-30 17:57:38,013 - INFO  [main:QuorumPeerMain@127] - Starting quorum peer
2015-07-30 17:57:38,058 - INFO  [main:NIOServerCnxnFactory@94] - binding to port 0.0.0.0/0.0.0.0:2181
2015-07-30 17:57:38,116 - INFO  [main:QuorumPeer@913] - tickTime set to 2000
2015-07-30 17:57:38,117 - INFO  [main:QuorumPeer@933] - minSessionTimeout set to -1
2015-07-30 17:57:38,117 - INFO  [main:QuorumPeer@944] - maxSessionTimeout set to -1
2015-07-30 17:57:38,117 - INFO  [main:QuorumPeer@959] - initLimit set to 10
2015-07-30 17:57:38,154 - INFO  [main:FileSnap@83] - Reading snapshot /var/lib/zookeeper/version-2/snapshot.100001564
2015-07-30 17:57:38,391 - INFO  [Thread-1:QuorumCnxManager$Listener@486] - My election bind port: 0.0.0.0/0.0.0.0:3888
2015-07-30 17:57:38,413 - INFO  [QuorumPeer[myid=3]/0:0:0:0:0:0:0:0:2181:QuorumPeer@670] - LOOKING
2015-07-30 17:57:38,418 - INFO  [QuorumPeer[myid=3]/0:0:0:0:0:0:0:0:2181:FastLeaderElection@740] - New election. My id =  3, proposed zxid=0x100001564
2015-07-30 17:57:38,433 - INFO  [WorkerReceiver[myid=3]:FastLeaderElection@542] - Notification: 3 (n.leader), 0x100001564 (n.zxid), 0x1 (n.round), LOOKING (n.state), 3 (n.sid), 0x2 (n.peerEPoch), LOOKING (my state)
2015-07-30 17:57:38,438 - INFO  [WorkerReceiver[myid=3]:FastLeaderElection@542] - Notification: 1 (n.leader), 0x100001564 (n.zxid), 0x3 (n.round), LOOKING (n.state), 1 (n.sid), 0x2 (n.peerEPoch), LOOKING (my state)
2015-07-30 17:57:38,438 - INFO  [WorkerReceiver[myid=3]:FastLeaderElection@542] - Notification: 1 (n.leader), 0x100001564 (n.zxid), 0x3 (n.round), LEADING (n.state), 1 (n.sid), 0x2 (n.peerEPoch), LOOKING (my state)
2015-07-30 17:57:38,438 - INFO  [WorkerReceiver[myid=3]:FastLeaderElection@542] - Notification: 1 (n.leader), 0x100001564 (n.zxid), 0x3 (n.round), LOOKING (n.state), 2 (n.sid), 0x2 (n.peerEPoch), LOOKING (my state)
2015-07-30 17:57:38,439 - INFO  [WorkerReceiver[myid=3]:FastLeaderElection@542] - Notification: 1 (n.leader), 0x100001564 (n.zxid), 0x3 (n.round), FOLLOWING (n.state), 2 (n.sid), 0x2 (n.peerEPoch), LOOKING (my state)
2015-07-30 17:57:38,440 - INFO  [WorkerReceiver[myid=3]:FastLeaderElection@542] - Notification: 3 (n.leader), 0x100001564 (n.zxid), 0x3 (n.round), LOOKING (n.state), 3 (n.sid), 0x2 (n.peerEPoch), FOLLOWING (my state)
2015-07-30 17:57:38,440 - INFO  [QuorumPeer[myid=3]/0:0:0:0:0:0:0:0:2181:QuorumPeer@738] - FOLLOWING
2015-07-30 17:57:38,440 - INFO  [WorkerReceiver[myid=3]:FastLeaderElection@542] - Notification: 3 (n.leader), 0x100001564 (n.zxid), 0x3 (n.round), FOLLOWING (n.state), 3 (n.sid), 0x2 (n.peerEPoch), FOLLOWING (my state)
2015-07-30 17:57:38,440 - INFO  [WorkerReceiver[myid=3]:FastLeaderElection@542] - Notification: 1 (n.leader), 0x100001564 (n.zxid), 0x3 (n.round), LEADING (n.state), 1 (n.sid), 0x2 (n.peerEPoch), FOLLOWING (my state)
2015-07-30 17:57:38,441 - INFO  [WorkerReceiver[myid=3]:FastLeaderElection@542] - Notification: 1 (n.leader), 0x100001564 (n.zxid), 0x3 (n.round), FOLLOWING (n.state), 2 (n.sid), 0x2 (n.peerEPoch), FOLLOWING (my state)
2015-07-30 17:57:38,450 - INFO  [QuorumPeer[myid=3]/0:0:0:0:0:0:0:0:2181:Learner@85] - TCP NoDelay set to: true
2015-07-30 17:57:38,465 - INFO  [QuorumPeer[myid=3]/0:0:0:0:0:0:0:0:2181:Environment@100] - Server environment:zookeeper.version=3.4.5--1, built on 06/10/2013 17:26 GMT
2015-07-30 17:57:38,465 - INFO  [QuorumPeer[myid=3]/0:0:0:0:0:0:0:0:2181:Environment@100] - Server environment:host.name=mesos-master-3
2015-07-30 17:57:38,465 - INFO  [QuorumPeer[myid=3]/0:0:0:0:0:0:0:0:2181:Environment@100] - Server environment:java.version=1.7.0_79
2015-07-30 17:57:38,465 - INFO  [QuorumPeer[myid=3]/0:0:0:0:0:0:0:0:2181:Environment@100] - Server environment:java.vendor=Oracle Corporation
2015-07-30 17:57:38,465 - INFO  [QuorumPeer[myid=3]/0:0:0:0:0:0:0:0:2181:Environment@100] - Server environment:java.home=/usr/lib/jvm/java-7-openjdk-amd64/jre
2015-07-30 17:57:38,466 - INFO  [QuorumPeer[myid=3]/0:0:0:0:0:0:0:0:2181:Environment@100] - Server environment:java.class.path=/etc/zookeeper/conf:/usr/share/java/jline.jar:/usr/share/java/log4j-1.2.jar:/usr/share/java/xercesImpl.jar:/usr/share/java/xmlParserAPIs.jar:/usr/share/java/netty.jar:/usr/share/java/slf4j-api.jar:/usr/share/java/slf4j-log4j12.jar:/usr/share/java/zookeeper.jar
2015-07-30 17:57:38,466 - INFO  [QuorumPeer[myid=3]/0:0:0:0:0:0:0:0:2181:Environment@100] - Server environment:java.library.path=/usr/java/packages/lib/amd64:/usr/lib/x86_64-linux-gnu/jni:/lib/x86_64-linux-gnu:/usr/lib/x86_64-linux-gnu:/usr/lib/jni:/lib:/usr/lib
2015-07-30 17:57:38,466 - INFO  [QuorumPeer[myid=3]/0:0:0:0:0:0:0:0:2181:Environment@100] - Server environment:java.io.tmpdir=/tmp
2015-07-30 17:57:38,466 - INFO  [QuorumPeer[myid=3]/0:0:0:0:0:0:0:0:2181:Environment@100] - Server environment:java.compiler=<NA>
2015-07-30 17:57:38,467 - INFO  [QuorumPeer[myid=3]/0:0:0:0:0:0:0:0:2181:Environment@100] - Server environment:os.name=Linux
2015-07-30 17:57:38,467 - INFO  [QuorumPeer[myid=3]/0:0:0:0:0:0:0:0:2181:Environment@100] - Server environment:os.arch=amd64
2015-07-30 17:57:38,467 - INFO  [QuorumPeer[myid=3]/0:0:0:0:0:0:0:0:2181:Environment@100] - Server environment:os.version=3.16.0-30-generic
2015-07-30 17:57:38,467 - INFO  [QuorumPeer[myid=3]/0:0:0:0:0:0:0:0:2181:Environment@100] - Server environment:user.name=zookeeper
2015-07-30 17:57:38,467 - INFO  [QuorumPeer[myid=3]/0:0:0:0:0:0:0:0:2181:Environment@100] - Server environment:user.home=/var/lib/zookeeper
2015-07-30 17:57:38,468 - INFO  [QuorumPeer[myid=3]/0:0:0:0:0:0:0:0:2181:Environment@100] - Server environment:user.dir=/
2015-07-30 17:57:38,470 - INFO  [QuorumPeer[myid=3]/0:0:0:0:0:0:0:0:2181:ZooKeeperServer@162] - Created server with tickTime 2000 minSessionTimeout 4000 maxSessionTimeout 40000 datadir /var/lib/zookeeper/version-2 snapdir /var/lib/zookeeper/version-2
2015-07-30 17:57:38,472 - INFO  [QuorumPeer[myid=3]/0:0:0:0:0:0:0:0:2181:Follower@63] - FOLLOWING - LEADER ELECTION TOOK - 54
2015-07-30 17:57:38,487 - INFO  [QuorumPeer[myid=3]/0:0:0:0:0:0:0:0:2181:Learner@325] - Getting a snapshot from leader
2015-07-30 17:57:38,498 - INFO  [QuorumPeer[myid=3]/0:0:0:0:0:0:0:0:2181:FileTxnSnapLog@240] - Snapshotting: 0x300000000 to /var/lib/zookeeper/version-2/snapshot.300000000
2015-07-30 17:58:22,341 - WARN  [QuorumPeer[myid=3]/0:0:0:0:0:0:0:0:2181:Follower@118] - Got zxid 0x300000001 expected 0x1
2015-07-30 17:58:22,342 - INFO  [SyncThread:3:FileTxnLog@199] - Creating new log file: log.300000001
2015-07-30 17:58:23,822 - INFO  [NIOServerCxn.Factory:0.0.0.0/0.0.0.0:2181:NIOServerCnxnFactory@197] - Accepted socket connection from /10.10.34.13:50178
2015-07-30 17:58:23,829 - INFO  [NIOServerCxn.Factory:0.0.0.0/0.0.0.0:2181:NIOServerCnxnFactory@197] - Accepted socket connection from /10.10.34.13:50179
2015-07-30 17:58:23,833 - WARN  [NIOServerCxn.Factory:0.0.0.0/0.0.0.0:2181:ZooKeeperServer@793] - Connection request from old client /10.10.34.13:50178; will be dropped if server is in r-o mode
2015-07-30 17:58:23,835 - INFO  [NIOServerCxn.Factory:0.0.0.0/0.0.0.0:2181:ZooKeeperServer@839] - Client attempting to establish new session at /10.10.34.13:50178
2015-07-30 17:58:23,836 - WARN  [NIOServerCxn.Factory:0.0.0.0/0.0.0.0:2181:ZooKeeperServer@793] - Connection request from old client /10.10.34.13:50179; will be dropped if server is in r-o mode
2015-07-30 17:58:23,836 - INFO  [NIOServerCxn.Factory:0.0.0.0/0.0.0.0:2181:ZooKeeperServer@839] - Client attempting to establish new session at /10.10.34.13:50179
2015-07-30 17:58:23,837 - INFO  [NIOServerCxn.Factory:0.0.0.0/0.0.0.0:2181:NIOServerCnxnFactory@197] - Accepted socket connection from /10.10.34.13:50180
2015-07-30 17:58:23,838 - WARN  [NIOServerCxn.Factory:0.0.0.0/0.0.0.0:2181:ZooKeeperServer@793] - Connection request from old client /10.10.34.13:50180; will be dropped if server is in r-o mode
2015-07-30 17:58:23,838 - INFO  [NIOServerCxn.Factory:0.0.0.0/0.0.0.0:2181:ZooKeeperServer@839] - Client attempting to establish new session at /10.10.34.13:50180
2015-07-30 17:58:23,845 - INFO  [CommitProcessor:3:ZooKeeperServer@595] - Established session 0x34ede65503f0000 with negotiated timeout 10000 for client /10.10.34.13:50178
2015-07-30 17:58:23,847 - INFO  [CommitProcessor:3:ZooKeeperServer@595] - Established session 0x34ede65503f0001 with negotiated timeout 10000 for client /10.10.34.13:50179
2015-07-30 17:58:23,848 - INFO  [CommitProcessor:3:ZooKeeperServer@595] - Established session 0x34ede65503f0002 with negotiated timeout 10000 for client /10.10.34.13:50180
2015-07-30 18:00:45,625 - INFO  [NIOServerCxn.Factory:0.0.0.0/0.0.0.0:2181:NIOServerCnxnFactory@197] - Accepted socket connection from /10.10.34.11:49302
2015-07-30 18:00:45,626 - WARN  [NIOServerCxn.Factory:0.0.0.0/0.0.0.0:2181:ZooKeeperServer@793] - Connection request from old client /10.10.34.11:49302; will be dropped if server is in r-o mode
2015-07-30 18:00:45,626 - INFO  [NIOServerCxn.Factory:0.0.0.0/0.0.0.0:2181:ZooKeeperServer@839] - Client attempting to establish new session at /10.10.34.11:49302
2015-07-30 18:00:45,630 - INFO  [CommitProcessor:3:ZooKeeperServer@595] - Established session 0x34ede65503f0003 with negotiated timeout 10000 for client /10.10.34.11:49302
2015-07-30 18:06:19,476 - WARN  [NIOServerCxn.Factory:0.0.0.0/0.0.0.0:2181:NIOServerCnxn@349] - caught end of stream exception
2015-07-30 18:06:19,487 - INFO  [NIOServerCxn.Factory:0.0.0.0/0.0.0.0:2181:NIOServerCnxn@1001] - Closed socket connection for client /10.10.34.11:49302 which had sessionid 0x34ede65503f0003
2015-07-30 18:07:17,346 - INFO  [NIOServerCxn.Factory:0.0.0.0/0.0.0.0:2181:NIOServerCnxnFactory@197] - Accepted socket connection from /10.10.34.11:49551
2015-07-30 18:07:17,347 - WARN  [NIOServerCxn.Factory:0.0.0.0/0.0.0.0:2181:ZooKeeperServer@793] - Connection request from old client /10.10.34.11:49551; will be dropped if server is in r-o mode
2015-07-30 18:07:17,347 - INFO  [NIOServerCxn.Factory:0.0.0.0/0.0.0.0:2181:ZooKeeperServer@839] - Client attempting to establish new session at /10.10.34.11:49551
2015-07-30 18:07:17,350 - INFO  [CommitProcessor:3:ZooKeeperServer@595] - Established session 0x34ede65503f0004 with negotiated timeout 20000 for client /10.10.34.11:49551
2015-07-30 18:08:02,420 - WARN  [NIOServerCxn.Factory:0.0.0.0/0.0.0.0:2181:NIOServerCnxn@349] - caught end of stream exception
2015-07-30 18:08:02,421 - INFO  [NIOServerCxn.Factory:0.0.0.0/0.0.0.0:2181:NIOServerCnxn@1001] - Closed socket connection for client /10.10.34.11:49551 which had sessionid 0x34ede65503f0004
2015-07-30 18:08:57,855 - INFO  [NIOServerCxn.Factory:0.0.0.0/0.0.0.0:2181:NIOServerCnxnFactory@197] - Accepted socket connection from /10.10.34.11:49563
2015-07-30 18:08:57,855 - WARN  [NIOServerCxn.Factory:0.0.0.0/0.0.0.0:2181:ZooKeeperServer@793] - Connection request from old client /10.10.34.11:49563; will be dropped if server is in r-o mode
2015-07-30 18:08:57,856 - INFO  [NIOServerCxn.Factory:0.0.0.0/0.0.0.0:2181:ZooKeeperServer@839] - Client attempting to establish new session at /10.10.34.11:49563
2015-07-30 18:08:57,858 - INFO  [CommitProcessor:3:ZooKeeperServer@595] - Established session 0x34ede65503f0005 with negotiated timeout 20000 for client /10.10.34.11:49563
2015-07-30 18:13:12,736 - WARN  [NIOServerCxn.Factory:0.0.0.0/0.0.0.0:2181:NIOServerCnxn@349] - caught end of stream exception
2015-07-30 18:13:12,737 - INFO  [NIOServerCxn.Factory:0.0.0.0/0.0.0.0:2181:NIOServerCnxn@1001] - Closed socket connection for client /10.10.34.11:49563 which had sessionid 0x34ede65503f0005
2015-07-30 18:17:53,361 - WARN  [NIOServerCxn.Factory:0.0.0.0/0.0.0.0:2181:NIOServerCnxn@349] - caught end of stream exception
2015-07-30 18:17:53,363 - INFO  [NIOServerCxn.Factory:0.0.0.0/0.0.0.0:2181:NIOServerCnxn@1001] - Closed socket connection for client /10.10.34.13:50180 which had sessionid 0x34ede65503f0002
2015-07-30 18:17:53,363 - WARN  [NIOServerCxn.Factory:0.0.0.0/0.0.0.0:2181:NIOServerCnxn@349] - caught end of stream exception
2015-07-30 18:17:53,364 - INFO  [NIOServerCxn.Factory:0.0.0.0/0.0.0.0:2181:NIOServerCnxn@1001] - Closed socket connection for client /10.10.34.13:50179 which had sessionid 0x34ede65503f0001
2015-07-30 18:17:53,364 - WARN  [NIOServerCxn.Factory:0.0.0.0/0.0.0.0:2181:NIOServerCnxn@349] - caught end of stream exception
2015-07-30 18:17:53,365 - INFO  [NIOServerCxn.Factory:0.0.0.0/0.0.0.0:2181:NIOServerCnxn@1001] - Closed socket connection for client /10.10.34.13:50178 which had sessionid 0x34ede65503f0000
2015-07-30 18:18:01,917 - INFO  [NIOServerCxn.Factory:0.0.0.0/0.0.0.0:2181:NIOServerCnxnFactory@197] - Accepted socket connection from /10.10.34.11:49694
2015-07-30 18:18:01,918 - WARN  [NIOServerCxn.Factory:0.0.0.0/0.0.0.0:2181:ZooKeeperServer@793] - Connection request from old client /10.10.34.11:49694; will be dropped if server is in r-o mode
2015-07-30 18:18:01,918 - INFO  [NIOServerCxn.Factory:0.0.0.0/0.0.0.0:2181:ZooKeeperServer@839] - Client attempting to establish new session at /10.10.34.11:49694
2015-07-30 18:18:01,921 - INFO  [CommitProcessor:3:ZooKeeperServer@595] - Established session 0x34ede65503f0006 with negotiated timeout 10000 for client /10.10.34.11:49694
2015-07-30 18:18:02,012 - INFO  [NIOServerCxn.Factory:0.0.0.0/0.0.0.0:2181:NIOServerCnxnFactory@197] - Accepted socket connection from /10.10.34.12:56324
2015-07-30 18:18:02,013 - WARN  [NIOServerCxn.Factory:0.0.0.0/0.0.0.0:2181:ZooKeeperServer@793] - Connection request from old client /10.10.34.12:56324; will be dropped if server is in r-o mode
2015-07-30 18:18:02,013 - INFO  [NIOServerCxn.Factory:0.0.0.0/0.0.0.0:2181:ZooKeeperServer@839] - Client attempting to establish new session at /10.10.34.12:56324
2015-07-30 18:18:02,015 - INFO  [CommitProcessor:3:ZooKeeperServer@595] - Established session 0x34ede65503f0007 with negotiated timeout 10000 for client /10.10.34.12:56324
2015-07-30 18:18:03,749 - INFO  [NIOServerCxn.Factory:0.0.0.0/0.0.0.0:2181:NIOServerCnxnFactory@197] - Accepted socket connection from /10.10.34.11:49712
2015-07-30 18:18:03,750 - WARN  [NIOServerCxn.Factory:0.0.0.0/0.0.0.0:2181:ZooKeeperServer@793] - Connection request from old client /10.10.34.11:49712; will be dropped if server is in r-o mode
2015-07-30 18:18:03,750 - INFO  [NIOServerCxn.Factory:0.0.0.0/0.0.0.0:2181:ZooKeeperServer@839] - Client attempting to establish new session at /10.10.34.11:49712
2015-07-30 18:18:03,753 - INFO  [CommitProcessor:3:ZooKeeperServer@595] - Established session 0x34ede65503f0008 with negotiated timeout 10000 for client /10.10.34.11:49712
2015-07-30 18:18:03,897 - INFO  [NIOServerCxn.Factory:0.0.0.0/0.0.0.0:2181:NIOServerCnxnFactory@197] - Accepted socket connection from /10.10.34.12:56331
2015-07-30 18:18:03,898 - WARN  [NIOServerCxn.Factory:0.0.0.0/0.0.0.0:2181:ZooKeeperServer@793] - Connection request from old client /10.10.34.12:56331; will be dropped if server is in r-o mode
2015-07-30 18:18:03,898 - INFO  [NIOServerCxn.Factory:0.0.0.0/0.0.0.0:2181:ZooKeeperServer@839] - Client attempting to establish new session at /10.10.34.12:56331
2015-07-30 18:18:03,901 - INFO  [CommitProcessor:3:ZooKeeperServer@595] - Established session 0x34ede65503f0009 with negotiated timeout 10000 for client /10.10.34.12:56331
2015-07-30 18:18:04,006 - INFO  [NIOServerCxn.Factory:0.0.0.0/0.0.0.0:2181:NIOServerCnxnFactory@197] - Accepted socket connection from /10.10.34.13:50189
2015-07-30 18:18:04,007 - WARN  [NIOServerCxn.Factory:0.0.0.0/0.0.0.0:2181:ZooKeeperServer@793] - Connection request from old client /10.10.34.13:50189; will be dropped if server is in r-o mode
2015-07-30 18:18:04,007 - INFO  [NIOServerCxn.Factory:0.0.0.0/0.0.0.0:2181:ZooKeeperServer@839] - Client attempting to establish new session at /10.10.34.13:50189
2015-07-30 18:18:04,010 - INFO  [CommitProcessor:3:ZooKeeperServer@595] - Established session 0x34ede65503f000a with negotiated timeout 10000 for client /10.10.34.13:50189
2015-07-30 18:18:04,457 - INFO  [NIOServerCxn.Factory:0.0.0.0/0.0.0.0:2181:NIOServerCnxnFactory@197] - Accepted socket connection from /10.10.34.17:51279
2015-07-30 18:18:04,458 - WARN  [NIOServerCxn.Factory:0.0.0.0/0.0.0.0:2181:ZooKeeperServer@793] - Connection request from old client /10.10.34.17:51279; will be dropped if server is in r-o mode
2015-07-30 18:18:04,458 - INFO  [NIOServerCxn.Factory:0.0.0.0/0.0.0.0:2181:ZooKeeperServer@839] - Client attempting to establish new session at /10.10.34.17:51279
2015-07-30 18:18:04,460 - INFO  [CommitProcessor:3:ZooKeeperServer@595] - Established session 0x34ede65503f000b with negotiated timeout 10000 for client /10.10.34.17:51279
2015-07-30 18:18:04,562 - INFO  [NIOServerCxn.Factory:0.0.0.0/0.0.0.0:2181:NIOServerCnxnFactory@197] - Accepted socket connection from /10.10.34.18:46803
2015-07-30 18:18:04,563 - WARN  [NIOServerCxn.Factory:0.0.0.0/0.0.0.0:2181:ZooKeeperServer@793] - Connection request from old client /10.10.34.18:46803; will be dropped if server is in r-o mode
2015-07-30 18:18:04,563 - INFO  [NIOServerCxn.Factory:0.0.0.0/0.0.0.0:2181:ZooKeeperServer@839] - Client attempting to establish new session at /10.10.34.18:46803
2015-07-30 18:18:04,565 - INFO  [CommitProcessor:3:ZooKeeperServer@595] - Established session 0x34ede65503f000c with negotiated timeout 10000 for client /10.10.34.18:46803
2015-07-30 18:18:04,692 - INFO  [NIOServerCxn.Factory:0.0.0.0/0.0.0.0:2181:NIOServerCnxnFactory@197] - Accepted socket connection from /10.10.34.19:58092
2015-07-30 18:18:04,692 - WARN  [NIOServerCxn.Factory:0.0.0.0/0.0.0.0:2181:ZooKeeperServer@793] - Connection request from old client /10.10.34.19:58092; will be dropped if server is in r-o mode
2015-07-30 18:18:04,693 - INFO  [NIOServerCxn.Factory:0.0.0.0/0.0.0.0:2181:ZooKeeperServer@839] - Client attempting to establish new session at /10.10.34.19:58092
2015-07-30 18:18:04,695 - INFO  [CommitProcessor:3:ZooKeeperServer@595] - Established session 0x34ede65503f000d with negotiated timeout 10000 for client /10.10.34.19:58092
2015-07-30 18:18:04,887 - INFO  [NIOServerCxn.Factory:0.0.0.0/0.0.0.0:2181:NIOServerCnxnFactory@197] - Accepted socket connection from /10.10.34.21:52846
2015-07-30 18:18:04,888 - WARN  [NIOServerCxn.Factory:0.0.0.0/0.0.0.0:2181:ZooKeeperServer@793] - Connection request from old client /10.10.34.21:52846; will be dropped if server is in r-o mode
2015-07-30 18:18:04,888 - INFO  [NIOServerCxn.Factory:0.0.0.0/0.0.0.0:2181:ZooKeeperServer@839] - Client attempting to establish new session at /10.10.34.21:52846
2015-07-30 18:18:04,890 - INFO  [CommitProcessor:3:ZooKeeperServer@595] - Established session 0x34ede65503f000e with negotiated timeout 10000 for client /10.10.34.21:52846
2015-07-30 18:18:05,590 - INFO  [NIOServerCxn.Factory:0.0.0.0/0.0.0.0:2181:NIOServerCnxnFactory@197] - Accepted socket connection from /10.10.34.32:55295
2015-07-30 18:18:05,590 - WARN  [NIOServerCxn.Factory:0.0.0.0/0.0.0.0:2181:ZooKeeperServer@793] - Connection request from old client /10.10.34.32:55295; will be dropped if server is in r-o mode
2015-07-30 18:18:05,591 - INFO  [NIOServerCxn.Factory:0.0.0.0/0.0.0.0:2181:ZooKeeperServer@839] - Client attempting to establish new session at /10.10.34.32:55295
2015-07-30 18:18:05,593 - INFO  [CommitProcessor:3:ZooKeeperServer@595] - Established session 0x34ede65503f000f with negotiated timeout 10000 for client /10.10.34.32:55295
2015-07-30 18:18:05,836 - INFO  [NIOServerCxn.Factory:0.0.0.0/0.0.0.0:2181:NIOServerCnxnFactory@197] - Accepted socket connection from /10.10.34.34:54710
2015-07-30 18:18:05,836 - WARN  [NIOServerCxn.Factory:0.0.0.0/0.0.0.0:2181:ZooKeeperServer@793] - Connection request from old client /10.10.34.34:54710; will be dropped if server is in r-o mode
2015-07-30 18:18:05,837 - INFO  [NIOServerCxn.Factory:0.0.0.0/0.0.0.0:2181:ZooKeeperServer@839] - Client attempting to establish new session at /10.10.34.34:54710
2015-07-30 18:18:05,839 - INFO  [CommitProcessor:3:ZooKeeperServer@595] - Established session 0x34ede65503f0010 with negotiated timeout 10000 for client /10.10.34.34:54710
2015-07-30 18:18:06,226 - INFO  [NIOServerCxn.Factory:0.0.0.0/0.0.0.0:2181:NIOServerCnxnFactory@197] - Accepted socket connection from /10.10.34.38:43522
2015-07-30 18:18:06,227 - WARN  [NIOServerCxn.Factory:0.0.0.0/0.0.0.0:2181:ZooKeeperServer@793] - Connection request from old client /10.10.34.38:43522; will be dropped if server is in r-o mode
2015-07-30 18:18:06,227 - INFO  [NIOServerCxn.Factory:0.0.0.0/0.0.0.0:2181:ZooKeeperServer@839] - Client attempting to establish new session at /10.10.34.38:43522
2015-07-30 18:18:06,229 - INFO  [CommitProcessor:3:ZooKeeperServer@595] - Established session 0x34ede65503f0011 with negotiated timeout 10000 for client /10.10.34.38:43522
2015-07-30 18:18:18,280 - WARN  [NIOServerCxn.Factory:0.0.0.0/0.0.0.0:2181:NIOServerCnxn@349] - caught end of stream exception
2015-07-30 18:18:18,281 - INFO  [NIOServerCxn.Factory:0.0.0.0/0.0.0.0:2181:NIOServerCnxn@1001] - Closed socket connection for client /10.10.34.11:49712 which had sessionid 0x34ede65503f0008
2015-07-30 18:18:18,377 - WARN  [NIOServerCxn.Factory:0.0.0.0/0.0.0.0:2181:NIOServerCnxn@349] - caught end of stream exception
2015-07-30 18:18:18,378 - INFO  [NIOServerCxn.Factory:0.0.0.0/0.0.0.0:2181:NIOServerCnxn@1001] - Closed socket connection for client /10.10.34.12:56331 which had sessionid 0x34ede65503f0009
2015-07-30 18:18:18,477 - WARN  [NIOServerCxn.Factory:0.0.0.0/0.0.0.0:2181:NIOServerCnxn@349] - caught end of stream exception
2015-07-30 18:18:18,478 - INFO  [NIOServerCxn.Factory:0.0.0.0/0.0.0.0:2181:NIOServerCnxn@1001] - Closed socket connection for client /10.10.34.13:50189 which had sessionid 0x34ede65503f000a
2015-07-30 18:18:18,979 - WARN  [NIOServerCxn.Factory:0.0.0.0/0.0.0.0:2181:NIOServerCnxn@349] - caught end of stream exception
2015-07-30 18:18:18,980 - INFO  [NIOServerCxn.Factory:0.0.0.0/0.0.0.0:2181:NIOServerCnxn@1001] - Closed socket connection for client /10.10.34.17:51279 which had sessionid 0x34ede65503f000b
2015-07-30 18:18:19,088 - WARN  [NIOServerCxn.Factory:0.0.0.0/0.0.0.0:2181:NIOServerCnxn@349] - caught end of stream exception
2015-07-30 18:18:19,089 - INFO  [NIOServerCxn.Factory:0.0.0.0/0.0.0.0:2181:NIOServerCnxn@1001] - Closed socket connection for client /10.10.34.18:46803 which had sessionid 0x34ede65503f000c
2015-07-30 18:18:19,209 - WARN  [NIOServerCxn.Factory:0.0.0.0/0.0.0.0:2181:NIOServerCnxn@349] - caught end of stream exception
2015-07-30 18:18:19,210 - INFO  [NIOServerCxn.Factory:0.0.0.0/0.0.0.0:2181:NIOServerCnxn@1001] - Closed socket connection for client /10.10.34.19:58092 which had sessionid 0x34ede65503f000d
2015-07-30 18:18:19,408 - WARN  [NIOServerCxn.Factory:0.0.0.0/0.0.0.0:2181:NIOServerCnxn@349] - caught end of stream exception
2015-07-30 18:18:19,409 - INFO  [NIOServerCxn.Factory:0.0.0.0/0.0.0.0:2181:NIOServerCnxn@1001] - Closed socket connection for client /10.10.34.21:52846 which had sessionid 0x34ede65503f000e
2015-07-30 18:18:20,163 - WARN  [NIOServerCxn.Factory:0.0.0.0/0.0.0.0:2181:NIOServerCnxn@349] - caught end of stream exception
2015-07-30 18:18:20,164 - INFO  [NIOServerCxn.Factory:0.0.0.0/0.0.0.0:2181:NIOServerCnxn@1001] - Closed socket connection for client /10.10.34.32:55295 which had sessionid 0x34ede65503f000f
2015-07-30 18:18:20,392 - WARN  [NIOServerCxn.Factory:0.0.0.0/0.0.0.0:2181:NIOServerCnxn@349] - caught end of stream exception
2015-07-30 18:18:20,392 - INFO  [NIOServerCxn.Factory:0.0.0.0/0.0.0.0:2181:NIOServerCnxn@1001] - Closed socket connection for client /10.10.34.34:54710 which had sessionid 0x34ede65503f0010
2015-07-30 18:18:20,778 - WARN  [NIOServerCxn.Factory:0.0.0.0/0.0.0.0:2181:NIOServerCnxn@349] - caught end of stream exception
2015-07-30 18:18:20,779 - INFO  [NIOServerCxn.Factory:0.0.0.0/0.0.0.0:2181:NIOServerCnxn@1001] - Closed socket connection for client /10.10.34.38:43522 which had sessionid 0x34ede65503f0011
2015-07-30 18:18:22,819 - WARN  [NIOServerCxn.Factory:0.0.0.0/0.0.0.0:2181:NIOServerCnxn@349] - caught end of stream exception
2015-07-30 18:18:22,820 - INFO  [NIOServerCxn.Factory:0.0.0.0/0.0.0.0:2181:NIOServerCnxn@1001] - Closed socket connection for client /10.10.34.11:49694 which had sessionid 0x34ede65503f0006
2015-07-30 18:18:22,911 - WARN  [NIOServerCxn.Factory:0.0.0.0/0.0.0.0:2181:NIOServerCnxn@349] - caught end of stream exception
2015-07-30 18:18:22,912 - INFO  [NIOServerCxn.Factory:0.0.0.0/0.0.0.0:2181:NIOServerCnxn@1001] - Closed socket connection for client /10.10.34.12:56324 which had sessionid 0x34ede65503f0007
2015-07-30 18:18:28,754 - INFO  [NIOServerCxn.Factory:0.0.0.0/0.0.0.0:2181:NIOServerCnxnFactory@197] - Accepted socket connection from /10.10.34.11:49812
2015-07-30 18:18:28,755 - WARN  [NIOServerCxn.Factory:0.0.0.0/0.0.0.0:2181:ZooKeeperServer@793] - Connection request from old client /10.10.34.11:49812; will be dropped if server is in r-o mode
2015-07-30 18:18:28,755 - INFO  [NIOServerCxn.Factory:0.0.0.0/0.0.0.0:2181:ZooKeeperServer@839] - Client attempting to establish new session at /10.10.34.11:49812
2015-07-30 18:18:28,757 - INFO  [CommitProcessor:3:ZooKeeperServer@595] - Established session 0x34ede65503f0012 with negotiated timeout 10000 for client /10.10.34.11:49812
2015-07-30 18:18:28,851 - INFO  [NIOServerCxn.Factory:0.0.0.0/0.0.0.0:2181:NIOServerCnxnFactory@197] - Accepted socket connection from /10.10.34.12:56335
2015-07-30 18:18:28,852 - WARN  [NIOServerCxn.Factory:0.0.0.0/0.0.0.0:2181:ZooKeeperServer@793] - Connection request from old client /10.10.34.12:56335; will be dropped if server is in r-o mode
2015-07-30 18:18:28,852 - INFO  [NIOServerCxn.Factory:0.0.0.0/0.0.0.0:2181:ZooKeeperServer@839] - Client attempting to establish new session at /10.10.34.12:56335
2015-07-30 18:18:28,854 - INFO  [CommitProcessor:3:ZooKeeperServer@595] - Established session 0x34ede65503f0013 with negotiated timeout 10000 for client /10.10.34.12:56335
2015-07-30 18:18:28,952 - INFO  [NIOServerCxn.Factory:0.0.0.0/0.0.0.0:2181:NIOServerCnxnFactory@197] - Accepted socket connection from /10.10.34.13:50192
2015-07-30 18:18:28,953 - WARN  [NIOServerCxn.Factory:0.0.0.0/0.0.0.0:2181:ZooKeeperServer@793] - Connection request from old client /10.10.34.13:50192; will be dropped if server is in r-o mode
2015-07-30 18:18:28,953 - INFO  [NIOServerCxn.Factory:0.0.0.0/0.0.0.0:2181:ZooKeeperServer@839] - Client attempting to establish new session at /10.10.34.13:50192
2015-07-30 18:18:28,955 - INFO  [CommitProcessor:3:ZooKeeperServer@595] - Established session 0x34ede65503f0014 with negotiated timeout 10000 for client /10.10.34.13:50192
2015-07-30 18:18:52,299 - INFO  [NIOServerCxn.Factory:0.0.0.0/0.0.0.0:2181:NIOServerCnxnFactory@197] - Accepted socket connection from /10.10.34.11:49825
2015-07-30 18:18:52,300 - WARN  [NIOServerCxn.Factory:0.0.0.0/0.0.0.0:2181:ZooKeeperServer@793] - Connection request from old client /10.10.34.11:49825; will be dropped if server is in r-o mode
2015-07-30 18:18:52,300 - INFO  [NIOServerCxn.Factory:0.0.0.0/0.0.0.0:2181:ZooKeeperServer@839] - Client attempting to establish new session at /10.10.34.11:49825
2015-07-30 18:18:52,303 - INFO  [CommitProcessor:3:ZooKeeperServer@595] - Established session 0x34ede65503f0015 with negotiated timeout 20000 for client /10.10.34.11:49825
2015-07-30 18:20:25,346 - WARN  [NIOServerCxn.Factory:0.0.0.0/0.0.0.0:2181:NIOServerCnxn@349] - caught end of stream exception
2015-07-30 18:20:25,347 - INFO  [NIOServerCxn.Factory:0.0.0.0/0.0.0.0:2181:NIOServerCnxn@1001] - Closed socket connection for client /10.10.34.11:49825 which had sessionid 0x34ede65503f0015
2015-07-30 18:23:09,785 - INFO  [NIOServerCxn.Factory:0.0.0.0/0.0.0.0:2181:NIOServerCnxnFactory@197] - Accepted socket connection from /10.10.34.11:49860
2015-07-30 18:23:09,786 - WARN  [NIOServerCxn.Factory:0.0.0.0/0.0.0.0:2181:ZooKeeperServer@793] - Connection request from old client /10.10.34.11:49860; will be dropped if server is in r-o mode
2015-07-30 18:23:09,786 - INFO  [NIOServerCxn.Factory:0.0.0.0/0.0.0.0:2181:ZooKeeperServer@839] - Client attempting to establish new session at /10.10.34.11:49860
2015-07-30 18:23:09,788 - INFO  [CommitProcessor:3:ZooKeeperServer@595] - Established session 0x34ede65503f0016 with negotiated timeout 20000 for client /10.10.34.11:49860
2015-07-30 18:23:09,797 - INFO  [NIOServerCxn.Factory:0.0.0.0/0.0.0.0:2181:NIOServerCnxnFactory@197] - Accepted socket connection from /10.10.34.11:49861
2015-07-30 18:23:09,798 - WARN  [NIOServerCxn.Factory:0.0.0.0/0.0.0.0:2181:ZooKeeperServer@793] - Connection request from old client /10.10.34.11:49861; will be dropped if server is in r-o mode
2015-07-30 18:23:09,798 - INFO  [NIOServerCxn.Factory:0.0.0.0/0.0.0.0:2181:ZooKeeperServer@839] - Client attempting to establish new session at /10.10.34.11:49861
2015-07-30 18:23:09,800 - INFO  [CommitProcessor:3:ZooKeeperServer@595] - Established session 0x34ede65503f0017 with negotiated timeout 10000 for client /10.10.34.11:49861
2015-07-30 19:02:09,017 - WARN  [NIOServerCxn.Factory:0.0.0.0/0.0.0.0:2181:NIOServerCnxn@349] - caught end of stream exception
2015-07-30 19:02:09,019 - INFO  [NIOServerCxn.Factory:0.0.0.0/0.0.0.0:2181:NIOServerCnxn@1001] - Closed socket connection for client /10.10.34.11:49860 which had sessionid 0x34ede65503f0016
2015-07-30 19:02:09,019 - WARN  [NIOServerCxn.Factory:0.0.0.0/0.0.0.0:2181:NIOServerCnxn@349] - caught end of stream exception
2015-07-30 19:02:09,020 - INFO  [NIOServerCxn.Factory:0.0.0.0/0.0.0.0:2181:NIOServerCnxn@1001] - Closed socket connection for client /10.10.34.11:49861 which had sessionid 0x34ede65503f0017
2015-07-30 19:19:02,968 - WARN  [NIOServerCxn.Factory:0.0.0.0/0.0.0.0:2181:NIOServerCnxn@349] - caught end of stream exception
2015-07-30 19:19:02,969 - INFO  [NIOServerCxn.Factory:0.0.0.0/0.0.0.0:2181:NIOServerCnxn@1001] - Closed socket connection for client /10.10.34.11:49812 which had sessionid 0x34ede65503f0012
2015-07-30 19:19:03,057 - WARN  [NIOServerCxn.Factory:0.0.0.0/0.0.0.0:2181:NIOServerCnxn@349] - caught end of stream exception
2015-07-30 19:19:03,058 - INFO  [NIOServerCxn.Factory:0.0.0.0/0.0.0.0:2181:NIOServerCnxn@1001] - Closed socket connection for client /10.10.34.12:56335 which had sessionid 0x34ede65503f0013
2015-07-30 19:19:03,160 - WARN  [NIOServerCxn.Factory:0.0.0.0/0.0.0.0:2181:NIOServerCnxn@349] - caught end of stream exception
2015-07-30 19:19:03,161 - INFO  [NIOServerCxn.Factory:0.0.0.0/0.0.0.0:2181:NIOServerCnxn@1001] - Closed socket connection for client /10.10.34.13:50192 which had sessionid 0x34ede65503f0014
2015-07-30 19:19:12,505 - INFO  [NIOServerCxn.Factory:0.0.0.0/0.0.0.0:2181:NIOServerCnxnFactory@197] - Accepted socket connection from /10.10.34.11:50715
2015-07-30 19:19:12,505 - WARN  [NIOServerCxn.Factory:0.0.0.0/0.0.0.0:2181:ZooKeeperServer@793] - Connection request from old client /10.10.34.11:50715; will be dropped if server is in r-o mode
2015-07-30 19:19:12,506 - INFO  [NIOServerCxn.Factory:0.0.0.0/0.0.0.0:2181:ZooKeeperServer@839] - Client attempting to establish new session at /10.10.34.11:50715
2015-07-30 19:19:12,506 - INFO  [NIOServerCxn.Factory:0.0.0.0/0.0.0.0:2181:NIOServerCnxnFactory@197] - Accepted socket connection from /10.10.34.11:50714
2015-07-30 19:19:12,506 - WARN  [NIOServerCxn.Factory:0.0.0.0/0.0.0.0:2181:ZooKeeperServer@793] - Connection request from old client /10.10.34.11:50714; will be dropped if server is in r-o mode
2015-07-30 19:19:12,507 - INFO  [NIOServerCxn.Factory:0.0.0.0/0.0.0.0:2181:ZooKeeperServer@839] - Client attempting to establish new session at /10.10.34.11:50714
2015-07-30 19:19:12,507 - INFO  [NIOServerCxn.Factory:0.0.0.0/0.0.0.0:2181:NIOServerCnxnFactory@197] - Accepted socket connection from /10.10.34.11:50716
2015-07-30 19:19:12,507 - WARN  [NIOServerCxn.Factory:0.0.0.0/0.0.0.0:2181:ZooKeeperServer@793] - Connection request from old client /10.10.34.11:50716; will be dropped if server is in r-o mode
2015-07-30 19:19:12,508 - INFO  [NIOServerCxn.Factory:0.0.0.0/0.0.0.0:2181:ZooKeeperServer@839] - Client attempting to establish new session at /10.10.34.11:50716
2015-07-30 19:19:12,508 - INFO  [CommitProcessor:3:ZooKeeperServer@595] - Established session 0x34ede65503f0018 with negotiated timeout 10000 for client /10.10.34.11:50715
2015-07-30 19:19:12,509 - INFO  [CommitProcessor:3:ZooKeeperServer@595] - Established session 0x34ede65503f0019 with negotiated timeout 10000 for client /10.10.34.11:50714
2015-07-30 19:19:12,510 - INFO  [CommitProcessor:3:ZooKeeperServer@595] - Established session 0x34ede65503f001a with negotiated timeout 10000 for client /10.10.34.11:50716
2015-07-30 19:19:12,597 - INFO  [NIOServerCxn.Factory:0.0.0.0/0.0.0.0:2181:NIOServerCnxnFactory@197] - Accepted socket connection from /10.10.34.12:56343
2015-07-30 19:19:12,598 - WARN  [NIOServerCxn.Factory:0.0.0.0/0.0.0.0:2181:ZooKeeperServer@793] - Connection request from old client /10.10.34.12:56343; will be dropped if server is in r-o mode
2015-07-30 19:19:12,598 - INFO  [NIOServerCxn.Factory:0.0.0.0/0.0.0.0:2181:ZooKeeperServer@839] - Client attempting to establish new session at /10.10.34.12:56343
2015-07-30 19:19:12,598 - INFO  [NIOServerCxn.Factory:0.0.0.0/0.0.0.0:2181:NIOServerCnxnFactory@197] - Accepted socket connection from /10.10.34.12:56344
2015-07-30 19:19:12,599 - WARN  [NIOServerCxn.Factory:0.0.0.0/0.0.0.0:2181:ZooKeeperServer@793] - Connection request from old client /10.10.34.12:56344; will be dropped if server is in r-o mode
2015-07-30 19:19:12,599 - INFO  [NIOServerCxn.Factory:0.0.0.0/0.0.0.0:2181:ZooKeeperServer@839] - Client attempting to establish new session at /10.10.34.12:56344
2015-07-30 19:19:12,600 - INFO  [CommitProcessor:3:ZooKeeperServer@595] - Established session 0x34ede65503f001b with negotiated timeout 10000 for client /10.10.34.12:56343
2015-07-30 19:19:12,601 - INFO  [CommitProcessor:3:ZooKeeperServer@595] - Established session 0x34ede65503f001c with negotiated timeout 10000 for client /10.10.34.12:56344
2015-07-30 19:19:56,192 - INFO  [NIOServerCxn.Factory:0.0.0.0/0.0.0.0:2181:NIOServerCnxnFactory@197] - Accepted socket connection from /10.10.34.11:50730
2015-07-30 19:19:56,192 - WARN  [NIOServerCxn.Factory:0.0.0.0/0.0.0.0:2181:ZooKeeperServer@793] - Connection request from old client /10.10.34.11:50730; will be dropped if server is in r-o mode
2015-07-30 19:19:56,193 - INFO  [NIOServerCxn.Factory:0.0.0.0/0.0.0.0:2181:ZooKeeperServer@839] - Client attempting to establish new session at /10.10.34.11:50730
2015-07-30 19:19:56,194 - INFO  [CommitProcessor:3:ZooKeeperServer@595] - Established session 0x34ede65503f001d with negotiated timeout 10000 for client /10.10.34.11:50730
2015-07-30 19:24:43,695 - WARN  [NIOServerCxn.Factory:0.0.0.0/0.0.0.0:2181:NIOServerCnxn@349] - caught end of stream exception
2015-07-30 19:24:43,696 - INFO  [NIOServerCxn.Factory:0.0.0.0/0.0.0.0:2181:NIOServerCnxn@1001] - Closed socket connection for client /10.10.34.11:50730 which had sessionid 0x34ede65503f001d
2015-07-30 19:28:17,161 - WARN  [NIOServerCxn.Factory:0.0.0.0/0.0.0.0:2181:NIOServerCnxn@349] - caught end of stream exception
2015-07-30 19:28:17,162 - INFO  [NIOServerCxn.Factory:0.0.0.0/0.0.0.0:2181:NIOServerCnxn@1001] - Closed socket connection for client /10.10.34.11:50715 which had sessionid 0x34ede65503f0018
2015-07-30 19:28:17,163 - WARN  [NIOServerCxn.Factory:0.0.0.0/0.0.0.0:2181:NIOServerCnxn@349] - caught end of stream exception
2015-07-30 19:28:17,163 - INFO  [NIOServerCxn.Factory:0.0.0.0/0.0.0.0:2181:NIOServerCnxn@1001] - Closed socket connection for client /10.10.34.11:50714 which had sessionid 0x34ede65503f0019
2015-07-30 19:28:17,164 - WARN  [NIOServerCxn.Factory:0.0.0.0/0.0.0.0:2181:NIOServerCnxn@349] - caught end of stream exception
2015-07-30 19:28:17,164 - INFO  [NIOServerCxn.Factory:0.0.0.0/0.0.0.0:2181:NIOServerCnxn@1001] - Closed socket connection for client /10.10.34.11:50716 which had sessionid 0x34ede65503f001a
2015-07-30 19:28:17,247 - WARN  [NIOServerCxn.Factory:0.0.0.0/0.0.0.0:2181:NIOServerCnxn@349] - caught end of stream exception
2015-07-30 19:28:17,248 - INFO  [NIOServerCxn.Factory:0.0.0.0/0.0.0.0:2181:NIOServerCnxn@1001] - Closed socket connection for client /10.10.34.12:56343 which had sessionid 0x34ede65503f001b
2015-07-30 19:28:17,248 - WARN  [NIOServerCxn.Factory:0.0.0.0/0.0.0.0:2181:NIOServerCnxn@349] - caught end of stream exception
2015-07-30 19:28:17,249 - INFO  [NIOServerCxn.Factory:0.0.0.0/0.0.0.0:2181:NIOServerCnxn@1001] - Closed socket connection for client /10.10.34.12:56344 which had sessionid 0x34ede65503f001c
2015-07-30 19:28:24,513 - INFO  [NIOServerCxn.Factory:0.0.0.0/0.0.0.0:2181:NIOServerCnxnFactory@197] - Accepted socket connection from /10.10.34.11:50837
2015-07-30 19:28:24,514 - INFO  [NIOServerCxn.Factory:0.0.0.0/0.0.0.0:2181:NIOServerCnxnFactory@197] - Accepted socket connection from /10.10.34.11:50838
2015-07-30 19:28:24,514 - WARN  [NIOServerCxn.Factory:0.0.0.0/0.0.0.0:2181:ZooKeeperServer@793] - Connection request from old client /10.10.34.11:50837; will be dropped if server is in r-o mode
2015-07-30 19:28:24,514 - INFO  [NIOServerCxn.Factory:0.0.0.0/0.0.0.0:2181:ZooKeeperServer@839] - Client attempting to establish new session at /10.10.34.11:50837
2015-07-30 19:28:24,515 - WARN  [NIOServerCxn.Factory:0.0.0.0/0.0.0.0:2181:ZooKeeperServer@793] - Connection request from old client /10.10.34.11:50838; will be dropped if server is in r-o mode
2015-07-30 19:28:24,515 - INFO  [NIOServerCxn.Factory:0.0.0.0/0.0.0.0:2181:ZooKeeperServer@839] - Client attempting to establish new session at /10.10.34.11:50838
2015-07-30 19:28:24,515 - INFO  [NIOServerCxn.Factory:0.0.0.0/0.0.0.0:2181:NIOServerCnxnFactory@197] - Accepted socket connection from /10.10.34.11:50839
2015-07-30 19:28:24,516 - WARN  [NIOServerCxn.Factory:0.0.0.0/0.0.0.0:2181:ZooKeeperServer@793] - Connection request from old client /10.10.34.11:50839; will be dropped if server is in r-o mode
2015-07-30 19:28:24,516 - INFO  [NIOServerCxn.Factory:0.0.0.0/0.0.0.0:2181:ZooKeeperServer@839] - Client attempting to establish new session at /10.10.34.11:50839
2015-07-30 19:28:24,517 - INFO  [CommitProcessor:3:ZooKeeperServer@595] - Established session 0x34ede65503f001e with negotiated timeout 10000 for client /10.10.34.11:50837
2015-07-30 19:28:24,518 - INFO  [CommitProcessor:3:ZooKeeperServer@595] - Established session 0x34ede65503f001f with negotiated timeout 10000 for client /10.10.34.11:50838
2015-07-30 19:28:24,519 - INFO  [CommitProcessor:3:ZooKeeperServer@595] - Established session 0x34ede65503f0020 with negotiated timeout 10000 for client /10.10.34.11:50839
2015-07-30 19:28:24,614 - INFO  [NIOServerCxn.Factory:0.0.0.0/0.0.0.0:2181:NIOServerCnxnFactory@197] - Accepted socket connection from /10.10.34.12:56349
2015-07-30 19:28:24,614 - INFO  [NIOServerCxn.Factory:0.0.0.0/0.0.0.0:2181:NIOServerCnxnFactory@197] - Accepted socket connection from /10.10.34.12:56350
2015-07-30 19:28:24,615 - WARN  [NIOServerCxn.Factory:0.0.0.0/0.0.0.0:2181:ZooKeeperServer@793] - Connection request from old client /10.10.34.12:56349; will be dropped if server is in r-o mode
2015-07-30 19:28:24,615 - INFO  [NIOServerCxn.Factory:0.0.0.0/0.0.0.0:2181:ZooKeeperServer@839] - Client attempting to establish new session at /10.10.34.12:56349
2015-07-30 19:28:24,616 - WARN  [NIOServerCxn.Factory:0.0.0.0/0.0.0.0:2181:ZooKeeperServer@793] - Connection request from old client /10.10.34.12:56350; will be dropped if server is in r-o mode
2015-07-30 19:28:24,616 - INFO  [NIOServerCxn.Factory:0.0.0.0/0.0.0.0:2181:ZooKeeperServer@839] - Client attempting to establish new session at /10.10.34.12:56350
2015-07-30 19:28:24,617 - INFO  [CommitProcessor:3:ZooKeeperServer@595] - Established session 0x34ede65503f0021 with negotiated timeout 10000 for client /10.10.34.12:56349
2015-07-30 19:28:24,618 - INFO  [CommitProcessor:3:ZooKeeperServer@595] - Established session 0x34ede65503f0022 with negotiated timeout 10000 for client /10.10.34.12:56350
2015-07-30 19:28:24,712 - INFO  [NIOServerCxn.Factory:0.0.0.0/0.0.0.0:2181:NIOServerCnxnFactory@197] - Accepted socket connection from /10.10.34.13:50206
2015-07-30 19:28:24,713 - WARN  [NIOServerCxn.Factory:0.0.0.0/0.0.0.0:2181:ZooKeeperServer@793] - Connection request from old client /10.10.34.13:50206; will be dropped if server is in r-o mode
2015-07-30 19:28:24,713 - INFO  [NIOServerCxn.Factory:0.0.0.0/0.0.0.0:2181:ZooKeeperServer@839] - Client attempting to establish new session at /10.10.34.13:50206
2015-07-30 19:28:24,715 - INFO  [CommitProcessor:3:ZooKeeperServer@595] - Established session 0x34ede65503f0023 with negotiated timeout 10000 for client /10.10.34.13:50206
2015-07-30 19:28:39,236 - INFO  [NIOServerCxn.Factory:0.0.0.0/0.0.0.0:2181:NIOServerCnxnFactory@197] - Accepted socket connection from /10.10.34.11:50849
2015-07-30 19:28:39,237 - WARN  [NIOServerCxn.Factory:0.0.0.0/0.0.0.0:2181:ZooKeeperServer@793] - Connection request from old client /10.10.34.11:50849; will be dropped if server is in r-o mode
2015-07-30 19:28:39,237 - INFO  [NIOServerCxn.Factory:0.0.0.0/0.0.0.0:2181:ZooKeeperServer@839] - Client attempting to establish new session at /10.10.34.11:50849
2015-07-30 19:28:39,239 - INFO  [CommitProcessor:3:ZooKeeperServer@595] - Established session 0x34ede65503f0024 with negotiated timeout 20000 for client /10.10.34.11:50849
2015-07-30 19:32:02,154 - WARN  [NIOServerCxn.Factory:0.0.0.0/0.0.0.0:2181:NIOServerCnxn@349] - caught end of stream exception
2015-07-30 19:32:02,155 - INFO  [NIOServerCxn.Factory:0.0.0.0/0.0.0.0:2181:NIOServerCnxn@1001] - Closed socket connection for client /10.10.34.11:50849 which had sessionid 0x34ede65503f0024
2015-07-30 19:34:31,982 - WARN  [NIOServerCxn.Factory:0.0.0.0/0.0.0.0:2181:NIOServerCnxn@349] - caught end of stream exception
2015-07-30 19:34:31,983 - INFO  [NIOServerCxn.Factory:0.0.0.0/0.0.0.0:2181:NIOServerCnxn@1001] - Closed socket connection for client /10.10.34.11:50838 which had sessionid 0x34ede65503f001f
2015-07-30 19:34:31,984 - WARN  [NIOServerCxn.Factory:0.0.0.0/0.0.0.0:2181:NIOServerCnxn@349] - caught end of stream exception
2015-07-30 19:34:31,984 - INFO  [NIOServerCxn.Factory:0.0.0.0/0.0.0.0:2181:NIOServerCnxn@1001] - Closed socket connection for client /10.10.34.11:50839 which had sessionid 0x34ede65503f0020
2015-07-30 19:34:31,985 - WARN  [NIOServerCxn.Factory:0.0.0.0/0.0.0.0:2181:NIOServerCnxn@349] - caught end of stream exception
2015-07-30 19:34:31,985 - INFO  [NIOServerCxn.Factory:0.0.0.0/0.0.0.0:2181:NIOServerCnxn@1001] - Closed socket connection for client /10.10.34.11:50837 which had sessionid 0x34ede65503f001e
2015-07-30 19:34:32,075 - WARN  [NIOServerCxn.Factory:0.0.0.0/0.0.0.0:2181:NIOServerCnxn@349] - caught end of stream exception
2015-07-30 19:34:32,076 - INFO  [NIOServerCxn.Factory:0.0.0.0/0.0.0.0:2181:NIOServerCnxn@1001] - Closed socket connection for client /10.10.34.12:56350 which had sessionid 0x34ede65503f0022
2015-07-30 19:34:32,076 - WARN  [NIOServerCxn.Factory:0.0.0.0/0.0.0.0:2181:NIOServerCnxn@349] - caught end of stream exception
2015-07-30 19:34:32,077 - INFO  [NIOServerCxn.Factory:0.0.0.0/0.0.0.0:2181:NIOServerCnxn@1001] - Closed socket connection for client /10.10.34.12:56349 which had sessionid 0x34ede65503f0021
2015-07-30 19:34:32,178 - WARN  [NIOServerCxn.Factory:0.0.0.0/0.0.0.0:2181:NIOServerCnxn@349] - caught end of stream exception
2015-07-30 19:34:32,179 - INFO  [NIOServerCxn.Factory:0.0.0.0/0.0.0.0:2181:NIOServerCnxn@1001] - Closed socket connection for client /10.10.34.13:50206 which had sessionid 0x34ede65503f0023
2015-07-30 19:35:00,229 - INFO  [NIOServerCxn.Factory:0.0.0.0/0.0.0.0:2181:NIOServerCnxnFactory@197] - Accepted socket connection from /10.10.34.11:50961
2015-07-30 19:35:00,230 - WARN  [NIOServerCxn.Factory:0.0.0.0/0.0.0.0:2181:ZooKeeperServer@793] - Connection request from old client /10.10.34.11:50961; will be dropped if server is in r-o mode
2015-07-30 19:35:00,230 - INFO  [NIOServerCxn.Factory:0.0.0.0/0.0.0.0:2181:ZooKeeperServer@839] - Client attempting to establish new session at /10.10.34.11:50961
2015-07-30 19:35:00,231 - INFO  [NIOServerCxn.Factory:0.0.0.0/0.0.0.0:2181:NIOServerCnxnFactory@197] - Accepted socket connection from /10.10.34.11:50964
2015-07-30 19:35:00,232 - WARN  [NIOServerCxn.Factory:0.0.0.0/0.0.0.0:2181:ZooKeeperServer@793] - Connection request from old client /10.10.34.11:50964; will be dropped if server is in r-o mode
2015-07-30 19:35:00,232 - INFO  [NIOServerCxn.Factory:0.0.0.0/0.0.0.0:2181:ZooKeeperServer@839] - Client attempting to establish new session at /10.10.34.11:50964
2015-07-30 19:35:00,232 - INFO  [CommitProcessor:3:ZooKeeperServer@595] - Established session 0x34ede65503f0025 with negotiated timeout 10000 for client /10.10.34.11:50961
2015-07-30 19:35:00,235 - INFO  [CommitProcessor:3:ZooKeeperServer@595] - Established session 0x34ede65503f0026 with negotiated timeout 10000 for client /10.10.34.11:50964
2015-07-30 19:35:00,323 - INFO  [NIOServerCxn.Factory:0.0.0.0/0.0.0.0:2181:NIOServerCnxnFactory@197] - Accepted socket connection from /10.10.34.12:56359
2015-07-30 19:35:00,324 - WARN  [NIOServerCxn.Factory:0.0.0.0/0.0.0.0:2181:ZooKeeperServer@793] - Connection request from old client /10.10.34.12:56359; will be dropped if server is in r-o mode
2015-07-30 19:35:00,324 - INFO  [NIOServerCxn.Factory:0.0.0.0/0.0.0.0:2181:ZooKeeperServer@839] - Client attempting to establish new session at /10.10.34.12:56359
2015-07-30 19:35:00,326 - INFO  [CommitProcessor:3:ZooKeeperServer@595] - Established session 0x34ede65503f0027 with negotiated timeout 10000 for client /10.10.34.12:56359
2015-07-30 19:50:20,899 - WARN  [NIOServerCxn.Factory:0.0.0.0/0.0.0.0:2181:NIOServerCnxn@349] - caught end of stream exception
2015-07-30 19:50:20,900 - INFO  [NIOServerCxn.Factory:0.0.0.0/0.0.0.0:2181:NIOServerCnxn@1001] - Closed socket connection for client /10.10.34.11:50964 which had sessionid 0x34ede65503f0026
2015-07-30 19:50:20,900 - WARN  [NIOServerCxn.Factory:0.0.0.0/0.0.0.0:2181:NIOServerCnxn@349] - caught end of stream exception
2015-07-30 19:50:20,901 - INFO  [NIOServerCxn.Factory:0.0.0.0/0.0.0.0:2181:NIOServerCnxn@1001] - Closed socket connection for client /10.10.34.11:50961 which had sessionid 0x34ede65503f0025
2015-07-30 19:50:21,301 - WARN  [NIOServerCxn.Factory:0.0.0.0/0.0.0.0:2181:NIOServerCnxn@349] - caught end of stream exception
2015-07-30 19:50:21,302 - INFO  [NIOServerCxn.Factory:0.0.0.0/0.0.0.0:2181:NIOServerCnxn@1001] - Closed socket connection for client /10.10.34.12:56359 which had sessionid 0x34ede65503f0027
2015-07-30 19:56:53,375 - INFO  [NIOServerCxn.Factory:0.0.0.0/0.0.0.0:2181:NIOServerCnxnFactory@197] - Accepted socket connection from /10.10.34.11:51033
2015-07-30 19:56:53,376 - WARN  [NIOServerCxn.Factory:0.0.0.0/0.0.0.0:2181:ZooKeeperServer@793] - Connection request from old client /10.10.34.11:51033; will be dropped if server is in r-o mode
2015-07-30 19:56:53,376 - INFO  [NIOServerCxn.Factory:0.0.0.0/0.0.0.0:2181:ZooKeeperServer@839] - Client attempting to establish new session at /10.10.34.11:51033
2015-07-30 19:56:53,376 - INFO  [NIOServerCxn.Factory:0.0.0.0/0.0.0.0:2181:NIOServerCnxnFactory@197] - Accepted socket connection from /10.10.34.11:51035
2015-07-30 19:56:53,377 - WARN  [NIOServerCxn.Factory:0.0.0.0/0.0.0.0:2181:ZooKeeperServer@793] - Connection request from old client /10.10.34.11:51035; will be dropped if server is in r-o mode
2015-07-30 19:56:53,377 - INFO  [NIOServerCxn.Factory:0.0.0.0/0.0.0.0:2181:ZooKeeperServer@839] - Client attempting to establish new session at /10.10.34.11:51035
2015-07-30 19:56:53,378 - INFO  [CommitProcessor:3:ZooKeeperServer@595] - Established session 0x34ede65503f0028 with negotiated timeout 10000 for client /10.10.34.11:51033
2015-07-30 19:56:53,379 - INFO  [CommitProcessor:3:ZooKeeperServer@595] - Established session 0x34ede65503f0029 with negotiated timeout 10000 for client /10.10.34.11:51035
2015-07-30 19:56:53,465 - INFO  [NIOServerCxn.Factory:0.0.0.0/0.0.0.0:2181:NIOServerCnxnFactory@197] - Accepted socket connection from /10.10.34.12:56363
2015-07-30 19:56:53,465 - WARN  [NIOServerCxn.Factory:0.0.0.0/0.0.0.0:2181:ZooKeeperServer@793] - Connection request from old client /10.10.34.12:56363; will be dropped if server is in r-o mode
2015-07-30 19:56:53,465 - INFO  [NIOServerCxn.Factory:0.0.0.0/0.0.0.0:2181:ZooKeeperServer@839] - Client attempting to establish new session at /10.10.34.12:56363
2015-07-30 19:56:53,467 - INFO  [CommitProcessor:3:ZooKeeperServer@595] - Established session 0x34ede65503f002a with negotiated timeout 10000 for client /10.10.34.12:56363
2015-07-30 19:56:53,566 - INFO  [NIOServerCxn.Factory:0.0.0.0/0.0.0.0:2181:NIOServerCnxnFactory@197] - Accepted socket connection from /10.10.34.13:50217
2015-07-30 19:56:53,567 - WARN  [NIOServerCxn.Factory:0.0.0.0/0.0.0.0:2181:ZooKeeperServer@793] - Connection request from old client /10.10.34.13:50217; will be dropped if server is in r-o mode
2015-07-30 19:56:53,567 - INFO  [NIOServerCxn.Factory:0.0.0.0/0.0.0.0:2181:ZooKeeperServer@839] - Client attempting to establish new session at /10.10.34.13:50217
2015-07-30 19:56:53,569 - INFO  [CommitProcessor:3:ZooKeeperServer@595] - Established session 0x34ede65503f002b with negotiated timeout 10000 for client /10.10.34.13:50217
2015-07-30 19:57:24,065 - INFO  [NIOServerCxn.Factory:0.0.0.0/0.0.0.0:2181:NIOServerCnxnFactory@197] - Accepted socket connection from /10.10.34.11:51038
2015-07-30 19:57:24,066 - WARN  [NIOServerCxn.Factory:0.0.0.0/0.0.0.0:2181:ZooKeeperServer@793] - Connection request from old client /10.10.34.11:51038; will be dropped if server is in r-o mode
2015-07-30 19:57:24,066 - INFO  [NIOServerCxn.Factory:0.0.0.0/0.0.0.0:2181:ZooKeeperServer@839] - Client attempting to establish new session at /10.10.34.11:51038
2015-07-30 19:57:24,068 - INFO  [CommitProcessor:3:ZooKeeperServer@595] - Established session 0x34ede65503f002c with negotiated timeout 10000 for client /10.10.34.11:51038
2015-07-30 19:57:45,006 - INFO  [NIOServerCxn.Factory:0.0.0.0/0.0.0.0:2181:NIOServerCnxnFactory@197] - Accepted socket connection from /10.10.34.11:51041
2015-07-30 19:57:45,007 - WARN  [NIOServerCxn.Factory:0.0.0.0/0.0.0.0:2181:ZooKeeperServer@793] - Connection request from old client /10.10.34.11:51041; will be dropped if server is in r-o mode
2015-07-30 19:57:45,007 - INFO  [NIOServerCxn.Factory:0.0.0.0/0.0.0.0:2181:ZooKeeperServer@839] - Client attempting to establish new session at /10.10.34.11:51041
2015-07-30 19:57:45,009 - INFO  [CommitProcessor:3:ZooKeeperServer@595] - Established session 0x34ede65503f002d with negotiated timeout 20000 for client /10.10.34.11:51041
2015-07-30 19:57:45,044 - INFO  [NIOServerCxn.Factory:0.0.0.0/0.0.0.0:2181:NIOServerCnxnFactory@197] - Accepted socket connection from /10.10.34.11:51043
2015-07-30 19:57:45,045 - WARN  [NIOServerCxn.Factory:0.0.0.0/0.0.0.0:2181:ZooKeeperServer@793] - Connection request from old client /10.10.34.11:51043; will be dropped if server is in r-o mode
2015-07-30 19:57:45,045 - INFO  [NIOServerCxn.Factory:0.0.0.0/0.0.0.0:2181:ZooKeeperServer@839] - Client attempting to establish new session at /10.10.34.11:51043
2015-07-30 19:57:45,047 - INFO  [CommitProcessor:3:ZooKeeperServer@595] - Established session 0x34ede65503f002e with negotiated timeout 10000 for client /10.10.34.11:51043
2015-07-30 19:58:49,772 - WARN  [NIOServerCxn.Factory:0.0.0.0/0.0.0.0:2181:NIOServerCnxn@349] - caught end of stream exception
2015-07-30 19:58:49,773 - INFO  [NIOServerCxn.Factory:0.0.0.0/0.0.0.0:2181:NIOServerCnxn@1001] - Closed socket connection for client /10.10.34.11:51043 which had sessionid 0x34ede65503f002e
2015-07-30 19:58:49,774 - WARN  [NIOServerCxn.Factory:0.0.0.0/0.0.0.0:2181:NIOServerCnxn@349] - caught end of stream exception
2015-07-30 19:58:49,774 - INFO  [NIOServerCxn.Factory:0.0.0.0/0.0.0.0:2181:NIOServerCnxn@1001] - Closed socket connection for client /10.10.34.11:51041 which had sessionid 0x34ede65503f002d
2015-07-30 19:58:54,206 - WARN  [NIOServerCxn.Factory:0.0.0.0/0.0.0.0:2181:NIOServerCnxn@349] - caught end of stream exception
2015-07-30 19:58:54,207 - INFO  [NIOServerCxn.Factory:0.0.0.0/0.0.0.0:2181:NIOServerCnxn@1001] - Closed socket connection for client /10.10.34.11:51038 which had sessionid 0x34ede65503f002c
2015-07-30 19:58:58,755 - WARN  [NIOServerCxn.Factory:0.0.0.0/0.0.0.0:2181:NIOServerCnxn@349] - caught end of stream exception
2015-07-30 19:58:58,756 - INFO  [NIOServerCxn.Factory:0.0.0.0/0.0.0.0:2181:NIOServerCnxn@1001] - Closed socket connection for client /10.10.34.11:51033 which had sessionid 0x34ede65503f0028
2015-07-30 19:58:58,756 - WARN  [NIOServerCxn.Factory:0.0.0.0/0.0.0.0:2181:NIOServerCnxn@349] - caught end of stream exception
2015-07-30 19:58:58,757 - INFO  [NIOServerCxn.Factory:0.0.0.0/0.0.0.0:2181:NIOServerCnxn@1001] - Closed socket connection for client /10.10.34.11:51035 which had sessionid 0x34ede65503f0029
2015-07-30 19:58:58,846 - WARN  [NIOServerCxn.Factory:0.0.0.0/0.0.0.0:2181:NIOServerCnxn@349] - caught end of stream exception
2015-07-30 19:58:58,847 - INFO  [NIOServerCxn.Factory:0.0.0.0/0.0.0.0:2181:NIOServerCnxn@1001] - Closed socket connection for client /10.10.34.12:56363 which had sessionid 0x34ede65503f002a
2015-07-30 19:58:58,950 - WARN  [NIOServerCxn.Factory:0.0.0.0/0.0.0.0:2181:NIOServerCnxn@349] - caught end of stream exception
2015-07-30 19:58:58,950 - INFO  [NIOServerCxn.Factory:0.0.0.0/0.0.0.0:2181:NIOServerCnxn@1001] - Closed socket connection for client /10.10.34.13:50217 which had sessionid 0x34ede65503f002b
2015-07-30 19:59:02,356 - INFO  [NIOServerCxn.Factory:0.0.0.0/0.0.0.0:2181:NIOServerCnxnFactory@197] - Accepted socket connection from /10.10.34.11:51097
2015-07-30 19:59:02,356 - WARN  [NIOServerCxn.Factory:0.0.0.0/0.0.0.0:2181:ZooKeeperServer@793] - Connection request from old client /10.10.34.11:51097; will be dropped if server is in r-o mode
2015-07-30 19:59:02,357 - INFO  [NIOServerCxn.Factory:0.0.0.0/0.0.0.0:2181:ZooKeeperServer@839] - Client attempting to establish new session at /10.10.34.11:51097
2015-07-30 19:59:02,358 - INFO  [CommitProcessor:3:ZooKeeperServer@595] - Established session 0x34ede65503f002f with negotiated timeout 10000 for client /10.10.34.11:51097
2015-07-30 19:59:02,448 - INFO  [NIOServerCxn.Factory:0.0.0.0/0.0.0.0:2181:NIOServerCnxnFactory@197] - Accepted socket connection from /10.10.34.12:56372
2015-07-30 19:59:02,449 - WARN  [NIOServerCxn.Factory:0.0.0.0/0.0.0.0:2181:ZooKeeperServer@793] - Connection request from old client /10.10.34.12:56372; will be dropped if server is in r-o mode
2015-07-30 19:59:02,449 - INFO  [NIOServerCxn.Factory:0.0.0.0/0.0.0.0:2181:ZooKeeperServer@839] - Client attempting to establish new session at /10.10.34.12:56372
2015-07-30 19:59:02,451 - INFO  [CommitProcessor:3:ZooKeeperServer@595] - Established session 0x34ede65503f0030 with negotiated timeout 10000 for client /10.10.34.12:56372
2015-07-30 19:59:02,548 - INFO  [NIOServerCxn.Factory:0.0.0.0/0.0.0.0:2181:NIOServerCnxnFactory@197] - Accepted socket connection from /10.10.34.13:50221
2015-07-30 19:59:02,548 - WARN  [NIOServerCxn.Factory:0.0.0.0/0.0.0.0:2181:ZooKeeperServer@793] - Connection request from old client /10.10.34.13:50221; will be dropped if server is in r-o mode
2015-07-30 19:59:02,548 - INFO  [NIOServerCxn.Factory:0.0.0.0/0.0.0.0:2181:ZooKeeperServer@839] - Client attempting to establish new session at /10.10.34.13:50221
2015-07-30 19:59:02,549 - INFO  [NIOServerCxn.Factory:0.0.0.0/0.0.0.0:2181:NIOServerCnxnFactory@197] - Accepted socket connection from /10.10.34.13:50224
2015-07-30 19:59:02,550 - WARN  [NIOServerCxn.Factory:0.0.0.0/0.0.0.0:2181:ZooKeeperServer@793] - Connection request from old client /10.10.34.13:50224; will be dropped if server is in r-o mode
2015-07-30 19:59:02,550 - INFO  [NIOServerCxn.Factory:0.0.0.0/0.0.0.0:2181:ZooKeeperServer@839] - Client attempting to establish new session at /10.10.34.13:50224
2015-07-30 19:59:02,550 - INFO  [CommitProcessor:3:ZooKeeperServer@595] - Established session 0x34ede65503f0031 with negotiated timeout 10000 for client /10.10.34.13:50221
2015-07-30 19:59:02,552 - INFO  [CommitProcessor:3:ZooKeeperServer@595] - Established session 0x34ede65503f0032 with negotiated timeout 10000 for client /10.10.34.13:50224
2015-07-30 19:59:14,177 - INFO  [NIOServerCxn.Factory:0.0.0.0/0.0.0.0:2181:NIOServerCnxnFactory@197] - Accepted socket connection from /10.10.34.11:51107
2015-07-30 19:59:14,178 - WARN  [NIOServerCxn.Factory:0.0.0.0/0.0.0.0:2181:ZooKeeperServer@793] - Connection request from old client /10.10.34.11:51107; will be dropped if server is in r-o mode
2015-07-30 19:59:14,178 - INFO  [NIOServerCxn.Factory:0.0.0.0/0.0.0.0:2181:ZooKeeperServer@839] - Client attempting to establish new session at /10.10.34.11:51107
2015-07-30 19:59:14,180 - INFO  [CommitProcessor:3:ZooKeeperServer@595] - Established session 0x34ede65503f0033 with negotiated timeout 10000 for client /10.10.34.11:51107
2015-07-30 19:59:19,597 - INFO  [NIOServerCxn.Factory:0.0.0.0/0.0.0.0:2181:NIOServerCnxnFactory@197] - Accepted socket connection from /10.10.34.11:51111
2015-07-30 19:59:19,598 - WARN  [NIOServerCxn.Factory:0.0.0.0/0.0.0.0:2181:ZooKeeperServer@793] - Connection request from old client /10.10.34.11:51111; will be dropped if server is in r-o mode
2015-07-30 19:59:19,598 - INFO  [NIOServerCxn.Factory:0.0.0.0/0.0.0.0:2181:ZooKeeperServer@839] - Client attempting to establish new session at /10.10.34.11:51111
2015-07-30 19:59:19,600 - INFO  [CommitProcessor:3:ZooKeeperServer@595] - Established session 0x34ede65503f0034 with negotiated timeout 20000 for client /10.10.34.11:51111
2015-07-30 19:59:19,609 - INFO  [NIOServerCxn.Factory:0.0.0.0/0.0.0.0:2181:NIOServerCnxnFactory@197] - Accepted socket connection from /10.10.34.11:51112
2015-07-30 19:59:19,610 - WARN  [NIOServerCxn.Factory:0.0.0.0/0.0.0.0:2181:ZooKeeperServer@793] - Connection request from old client /10.10.34.11:51112; will be dropped if server is in r-o mode
2015-07-30 19:59:19,610 - INFO  [NIOServerCxn.Factory:0.0.0.0/0.0.0.0:2181:ZooKeeperServer@839] - Client attempting to establish new session at /10.10.34.11:51112
2015-07-30 19:59:19,612 - INFO  [CommitProcessor:3:ZooKeeperServer@595] - Established session 0x34ede65503f0035 with negotiated timeout 10000 for client /10.10.34.11:51112
2015-07-30 20:04:53,807 - WARN  [NIOServerCxn.Factory:0.0.0.0/0.0.0.0:2181:NIOServerCnxn@349] - caught end of stream exception
2015-07-30 20:04:53,808 - INFO  [NIOServerCxn.Factory:0.0.0.0/0.0.0.0:2181:NIOServerCnxn@1001] - Closed socket connection for client /10.10.34.11:51112 which had sessionid 0x34ede65503f0035
2015-07-30 20:04:53,808 - WARN  [NIOServerCxn.Factory:0.0.0.0/0.0.0.0:2181:NIOServerCnxn@349] - caught end of stream exception
2015-07-30 20:04:53,809 - INFO  [NIOServerCxn.Factory:0.0.0.0/0.0.0.0:2181:NIOServerCnxn@1001] - Closed socket connection for client /10.10.34.11:51111 which had sessionid 0x34ede65503f0034
2015-07-30 20:06:08,725 - WARN  [NIOServerCxn.Factory:0.0.0.0/0.0.0.0:2181:NIOServerCnxn@349] - caught end of stream exception
2015-07-30 20:06:08,726 - INFO  [NIOServerCxn.Factory:0.0.0.0/0.0.0.0:2181:NIOServerCnxn@1001] - Closed socket connection for client /10.10.34.11:51107 which had sessionid 0x34ede65503f0033
2015-07-30 20:06:22,904 - WARN  [NIOServerCxn.Factory:0.0.0.0/0.0.0.0:2181:NIOServerCnxn@349] - caught end of stream exception
2015-07-30 20:06:22,905 - INFO  [NIOServerCxn.Factory:0.0.0.0/0.0.0.0:2181:NIOServerCnxn@1001] - Closed socket connection for client /10.10.34.11:51097 which had sessionid 0x34ede65503f002f
2015-07-30 20:06:22,988 - WARN  [NIOServerCxn.Factory:0.0.0.0/0.0.0.0:2181:NIOServerCnxn@349] - caught end of stream exception
2015-07-30 20:06:22,989 - INFO  [NIOServerCxn.Factory:0.0.0.0/0.0.0.0:2181:NIOServerCnxn@1001] - Closed socket connection for client /10.10.34.12:56372 which had sessionid 0x34ede65503f0030
2015-07-30 20:06:23,095 - WARN  [NIOServerCxn.Factory:0.0.0.0/0.0.0.0:2181:NIOServerCnxn@349] - caught end of stream exception
2015-07-30 20:06:23,096 - INFO  [NIOServerCxn.Factory:0.0.0.0/0.0.0.0:2181:NIOServerCnxn@1001] - Closed socket connection for client /10.10.34.13:50221 which had sessionid 0x34ede65503f0031
2015-07-30 20:06:23,096 - WARN  [NIOServerCxn.Factory:0.0.0.0/0.0.0.0:2181:NIOServerCnxn@349] - caught end of stream exception
2015-07-30 20:06:23,097 - INFO  [NIOServerCxn.Factory:0.0.0.0/0.0.0.0:2181:NIOServerCnxn@1001] - Closed socket connection for client /10.10.34.13:50224 which had sessionid 0x34ede65503f0032
2015-07-30 20:06:28,927 - INFO  [NIOServerCxn.Factory:0.0.0.0/0.0.0.0:2181:NIOServerCnxnFactory@197] - Accepted socket connection from /10.10.34.11:51271
2015-07-30 20:06:28,928 - WARN  [NIOServerCxn.Factory:0.0.0.0/0.0.0.0:2181:ZooKeeperServer@793] - Connection request from old client /10.10.34.11:51271; will be dropped if server is in r-o mode
2015-07-30 20:06:28,928 - INFO  [NIOServerCxn.Factory:0.0.0.0/0.0.0.0:2181:ZooKeeperServer@839] - Client attempting to establish new session at /10.10.34.11:51271
2015-07-30 20:06:28,929 - INFO  [NIOServerCxn.Factory:0.0.0.0/0.0.0.0:2181:NIOServerCnxnFactory@197] - Accepted socket connection from /10.10.34.11:51274
2015-07-30 20:06:28,929 - WARN  [NIOServerCxn.Factory:0.0.0.0/0.0.0.0:2181:ZooKeeperServer@793] - Connection request from old client /10.10.34.11:51274; will be dropped if server is in r-o mode
2015-07-30 20:06:28,929 - INFO  [NIOServerCxn.Factory:0.0.0.0/0.0.0.0:2181:ZooKeeperServer@839] - Client attempting to establish new session at /10.10.34.11:51274
2015-07-30 20:06:28,930 - INFO  [CommitProcessor:3:ZooKeeperServer@595] - Established session 0x34ede65503f0036 with negotiated timeout 10000 for client /10.10.34.11:51271
2015-07-30 20:06:28,931 - INFO  [CommitProcessor:3:ZooKeeperServer@595] - Established session 0x34ede65503f0037 with negotiated timeout 10000 for client /10.10.34.11:51274
2015-07-30 20:06:29,019 - INFO  [NIOServerCxn.Factory:0.0.0.0/0.0.0.0:2181:NIOServerCnxnFactory@197] - Accepted socket connection from /10.10.34.12:56380
2015-07-30 20:06:29,019 - WARN  [NIOServerCxn.Factory:0.0.0.0/0.0.0.0:2181:ZooKeeperServer@793] - Connection request from old client /10.10.34.12:56380; will be dropped if server is in r-o mode
2015-07-30 20:06:29,019 - INFO  [NIOServerCxn.Factory:0.0.0.0/0.0.0.0:2181:ZooKeeperServer@839] - Client attempting to establish new session at /10.10.34.12:56380
2015-07-30 20:06:29,021 - INFO  [CommitProcessor:3:ZooKeeperServer@595] - Established session 0x34ede65503f0038 with negotiated timeout 10000 for client /10.10.34.12:56380
2015-07-30 20:06:29,117 - INFO  [NIOServerCxn.Factory:0.0.0.0/0.0.0.0:2181:NIOServerCnxnFactory@197] - Accepted socket connection from /10.10.34.13:50228
2015-07-30 20:06:29,117 - WARN  [NIOServerCxn.Factory:0.0.0.0/0.0.0.0:2181:ZooKeeperServer@793] - Connection request from old client /10.10.34.13:50228; will be dropped if server is in r-o mode
2015-07-30 20:06:29,117 - INFO  [NIOServerCxn.Factory:0.0.0.0/0.0.0.0:2181:ZooKeeperServer@839] - Client attempting to establish new session at /10.10.34.13:50228
2015-07-30 20:06:29,118 - INFO  [NIOServerCxn.Factory:0.0.0.0/0.0.0.0:2181:NIOServerCnxnFactory@197] - Accepted socket connection from /10.10.34.13:50230
2015-07-30 20:06:29,118 - WARN  [NIOServerCxn.Factory:0.0.0.0/0.0.0.0:2181:ZooKeeperServer@793] - Connection request from old client /10.10.34.13:50230; will be dropped if server is in r-o mode
2015-07-30 20:06:29,119 - INFO  [NIOServerCxn.Factory:0.0.0.0/0.0.0.0:2181:ZooKeeperServer@839] - Client attempting to establish new session at /10.10.34.13:50230
2015-07-30 20:06:29,119 - INFO  [CommitProcessor:3:ZooKeeperServer@595] - Established session 0x34ede65503f0039 with negotiated timeout 10000 for client /10.10.34.13:50228
2015-07-30 20:06:29,121 - INFO  [CommitProcessor:3:ZooKeeperServer@595] - Established session 0x34ede65503f003a with negotiated timeout 10000 for client /10.10.34.13:50230
2015-07-30 20:06:33,547 - INFO  [NIOServerCxn.Factory:0.0.0.0/0.0.0.0:2181:NIOServerCnxnFactory@197] - Accepted socket connection from /10.10.34.11:51282
2015-07-30 20:06:33,548 - WARN  [NIOServerCxn.Factory:0.0.0.0/0.0.0.0:2181:ZooKeeperServer@793] - Connection request from old client /10.10.34.11:51282; will be dropped if server is in r-o mode
2015-07-30 20:06:33,548 - INFO  [NIOServerCxn.Factory:0.0.0.0/0.0.0.0:2181:ZooKeeperServer@839] - Client attempting to establish new session at /10.10.34.11:51282
2015-07-30 20:06:33,551 - INFO  [CommitProcessor:3:ZooKeeperServer@595] - Established session 0x34ede65503f003b with negotiated timeout 10000 for client /10.10.34.11:51282
2015-07-30 20:07:22,654 - INFO  [NIOServerCxn.Factory:0.0.0.0/0.0.0.0:2181:NIOServerCnxnFactory@197] - Accepted socket connection from /10.10.34.11:51285
2015-07-30 20:07:22,654 - WARN  [NIOServerCxn.Factory:0.0.0.0/0.0.0.0:2181:ZooKeeperServer@793] - Connection request from old client /10.10.34.11:51285; will be dropped if server is in r-o mode
2015-07-30 20:07:22,655 - INFO  [NIOServerCxn.Factory:0.0.0.0/0.0.0.0:2181:ZooKeeperServer@839] - Client attempting to establish new session at /10.10.34.11:51285
2015-07-30 20:07:22,657 - INFO  [CommitProcessor:3:ZooKeeperServer@595] - Established session 0x34ede65503f003c with negotiated timeout 20000 for client /10.10.34.11:51285
2015-07-30 20:09:07,059 - WARN  [NIOServerCxn.Factory:0.0.0.0/0.0.0.0:2181:NIOServerCnxn@349] - caught end of stream exception
2015-07-30 20:09:07,060 - INFO  [NIOServerCxn.Factory:0.0.0.0/0.0.0.0:2181:NIOServerCnxn@1001] - Closed socket connection for client /10.10.34.11:51285 which had sessionid 0x34ede65503f003c
2015-07-30 20:13:30,713 - WARN  [NIOServerCxn.Factory:0.0.0.0/0.0.0.0:2181:NIOServerCnxn@349] - caught end of stream exception
2015-07-30 20:13:30,714 - INFO  [NIOServerCxn.Factory:0.0.0.0/0.0.0.0:2181:NIOServerCnxn@1001] - Closed socket connection for client /10.10.34.11:51282 which had sessionid 0x34ede65503f003b
2015-07-30 20:13:35,242 - WARN  [NIOServerCxn.Factory:0.0.0.0/0.0.0.0:2181:NIOServerCnxn@349] - caught end of stream exception
2015-07-30 20:13:35,243 - INFO  [NIOServerCxn.Factory:0.0.0.0/0.0.0.0:2181:NIOServerCnxn@1001] - Closed socket connection for client /10.10.34.11:51274 which had sessionid 0x34ede65503f0037
2015-07-30 20:13:35,243 - WARN  [NIOServerCxn.Factory:0.0.0.0/0.0.0.0:2181:NIOServerCnxn@349] - caught end of stream exception
2015-07-30 20:13:35,244 - INFO  [NIOServerCxn.Factory:0.0.0.0/0.0.0.0:2181:NIOServerCnxn@1001] - Closed socket connection for client /10.10.34.11:51271 which had sessionid 0x34ede65503f0036
2015-07-30 20:13:35,321 - WARN  [NIOServerCxn.Factory:0.0.0.0/0.0.0.0:2181:NIOServerCnxn@349] - caught end of stream exception
2015-07-30 20:13:35,322 - INFO  [NIOServerCxn.Factory:0.0.0.0/0.0.0.0:2181:NIOServerCnxn@1001] - Closed socket connection for client /10.10.34.12:56380 which had sessionid 0x34ede65503f0038
2015-07-30 20:13:35,428 - WARN  [NIOServerCxn.Factory:0.0.0.0/0.0.0.0:2181:NIOServerCnxn@349] - caught end of stream exception
2015-07-30 20:13:35,429 - INFO  [NIOServerCxn.Factory:0.0.0.0/0.0.0.0:2181:NIOServerCnxn@1001] - Closed socket connection for client /10.10.34.13:50230 which had sessionid 0x34ede65503f003a
2015-07-30 20:13:35,429 - WARN  [NIOServerCxn.Factory:0.0.0.0/0.0.0.0:2181:NIOServerCnxn@349] - caught end of stream exception
2015-07-30 20:13:35,430 - INFO  [NIOServerCxn.Factory:0.0.0.0/0.0.0.0:2181:NIOServerCnxn@1001] - Closed socket connection for client /10.10.34.13:50228 which had sessionid 0x34ede65503f0039
2015-07-30 20:14:09,838 - INFO  [NIOServerCxn.Factory:0.0.0.0/0.0.0.0:2181:NIOServerCnxnFactory@197] - Accepted socket connection from /10.10.34.11:51391
2015-07-30 20:14:09,839 - WARN  [NIOServerCxn.Factory:0.0.0.0/0.0.0.0:2181:ZooKeeperServer@793] - Connection request from old client /10.10.34.11:51391; will be dropped if server is in r-o mode
2015-07-30 20:14:09,839 - INFO  [NIOServerCxn.Factory:0.0.0.0/0.0.0.0:2181:ZooKeeperServer@839] - Client attempting to establish new session at /10.10.34.11:51391
2015-07-30 20:14:09,839 - INFO  [NIOServerCxn.Factory:0.0.0.0/0.0.0.0:2181:NIOServerCnxnFactory@197] - Accepted socket connection from /10.10.34.11:51393
2015-07-30 20:14:09,840 - WARN  [NIOServerCxn.Factory:0.0.0.0/0.0.0.0:2181:ZooKeeperServer@793] - Connection request from old client /10.10.34.11:51393; will be dropped if server is in r-o mode
2015-07-30 20:14:09,840 - INFO  [NIOServerCxn.Factory:0.0.0.0/0.0.0.0:2181:ZooKeeperServer@839] - Client attempting to establish new session at /10.10.34.11:51393
2015-07-30 20:14:09,841 - INFO  [CommitProcessor:3:ZooKeeperServer@595] - Established session 0x34ede65503f003d with negotiated timeout 10000 for client /10.10.34.11:51391
2015-07-30 20:14:09,842 - INFO  [CommitProcessor:3:ZooKeeperServer@595] - Established session 0x34ede65503f003e with negotiated timeout 10000 for client /10.10.34.11:51393
2015-07-30 20:14:10,032 - INFO  [NIOServerCxn.Factory:0.0.0.0/0.0.0.0:2181:NIOServerCnxnFactory@197] - Accepted socket connection from /10.10.34.13:50233
2015-07-30 20:14:10,032 - WARN  [NIOServerCxn.Factory:0.0.0.0/0.0.0.0:2181:ZooKeeperServer@793] - Connection request from old client /10.10.34.13:50233; will be dropped if server is in r-o mode
2015-07-30 20:14:10,032 - INFO  [NIOServerCxn.Factory:0.0.0.0/0.0.0.0:2181:ZooKeeperServer@839] - Client attempting to establish new session at /10.10.34.13:50233
2015-07-30 20:14:10,033 - INFO  [NIOServerCxn.Factory:0.0.0.0/0.0.0.0:2181:NIOServerCnxnFactory@197] - Accepted socket connection from /10.10.34.13:50234
2015-07-30 20:14:10,033 - WARN  [NIOServerCxn.Factory:0.0.0.0/0.0.0.0:2181:ZooKeeperServer@793] - Connection request from old client /10.10.34.13:50234; will be dropped if server is in r-o mode
2015-07-30 20:14:10,033 - INFO  [NIOServerCxn.Factory:0.0.0.0/0.0.0.0:2181:ZooKeeperServer@839] - Client attempting to establish new session at /10.10.34.13:50234
2015-07-30 20:14:10,035 - INFO  [CommitProcessor:3:ZooKeeperServer@595] - Established session 0x34ede65503f003f with negotiated timeout 10000 for client /10.10.34.13:50233
2015-07-30 20:14:10,035 - INFO  [CommitProcessor:3:ZooKeeperServer@595] - Established session 0x34ede65503f0040 with negotiated timeout 10000 for client /10.10.34.13:50234
2015-07-30 20:14:13,806 - INFO  [NIOServerCxn.Factory:0.0.0.0/0.0.0.0:2181:NIOServerCnxnFactory@197] - Accepted socket connection from /10.10.34.11:51396
2015-07-30 20:14:13,806 - WARN  [NIOServerCxn.Factory:0.0.0.0/0.0.0.0:2181:ZooKeeperServer@793] - Connection request from old client /10.10.34.11:51396; will be dropped if server is in r-o mode
2015-07-30 20:14:13,807 - INFO  [NIOServerCxn.Factory:0.0.0.0/0.0.0.0:2181:ZooKeeperServer@839] - Client attempting to establish new session at /10.10.34.11:51396
2015-07-30 20:14:13,809 - INFO  [CommitProcessor:3:ZooKeeperServer@595] - Established session 0x34ede65503f0041 with negotiated timeout 10000 for client /10.10.34.11:51396
2015-07-30 20:14:33,981 - INFO  [NIOServerCxn.Factory:0.0.0.0/0.0.0.0:2181:NIOServerCnxnFactory@197] - Accepted socket connection from /10.10.34.11:51399
2015-07-30 20:14:33,981 - WARN  [NIOServerCxn.Factory:0.0.0.0/0.0.0.0:2181:ZooKeeperServer@793] - Connection request from old client /10.10.34.11:51399; will be dropped if server is in r-o mode
2015-07-30 20:14:33,982 - INFO  [NIOServerCxn.Factory:0.0.0.0/0.0.0.0:2181:ZooKeeperServer@839] - Client attempting to establish new session at /10.10.34.11:51399
2015-07-30 20:14:33,983 - INFO  [CommitProcessor:3:ZooKeeperServer@595] - Established session 0x34ede65503f0042 with negotiated timeout 20000 for client /10.10.34.11:51399
2015-07-30 20:17:12,301 - WARN  [NIOServerCxn.Factory:0.0.0.0/0.0.0.0:2181:NIOServerCnxn@349] - caught end of stream exception
2015-07-30 20:17:12,302 - INFO  [NIOServerCxn.Factory:0.0.0.0/0.0.0.0:2181:NIOServerCnxn@1001] - Closed socket connection for client /10.10.34.11:51399 which had sessionid 0x34ede65503f0042
2015-07-30 20:17:13,063 - WARN  [NIOServerCxn.Factory:0.0.0.0/0.0.0.0:2181:NIOServerCnxn@349] - caught end of stream exception
2015-07-30 20:17:13,064 - INFO  [NIOServerCxn.Factory:0.0.0.0/0.0.0.0:2181:NIOServerCnxn@1001] - Closed socket connection for client /10.10.34.11:51396 which had sessionid 0x34ede65503f0041
2015-07-30 20:33:32,928 - WARN  [NIOServerCxn.Factory:0.0.0.0/0.0.0.0:2181:NIOServerCnxn@349] - caught end of stream exception
2015-07-30 20:33:32,930 - INFO  [NIOServerCxn.Factory:0.0.0.0/0.0.0.0:2181:NIOServerCnxn@1001] - Closed socket connection for client /10.10.34.11:51393 which had sessionid 0x34ede65503f003e
2015-07-30 20:33:32,930 - WARN  [NIOServerCxn.Factory:0.0.0.0/0.0.0.0:2181:NIOServerCnxn@349] - caught end of stream exception
2015-07-30 20:33:32,931 - INFO  [NIOServerCxn.Factory:0.0.0.0/0.0.0.0:2181:NIOServerCnxn@1001] - Closed socket connection for client /10.10.34.11:51391 which had sessionid 0x34ede65503f003d
2015-07-30 20:33:33,124 - WARN  [NIOServerCxn.Factory:0.0.0.0/0.0.0.0:2181:NIOServerCnxn@349] - caught end of stream exception
2015-07-30 20:33:33,125 - INFO  [NIOServerCxn.Factory:0.0.0.0/0.0.0.0:2181:NIOServerCnxn@1001] - Closed socket connection for client /10.10.34.13:50233 which had sessionid 0x34ede65503f003f
2015-07-30 20:33:33,125 - WARN  [NIOServerCxn.Factory:0.0.0.0/0.0.0.0:2181:NIOServerCnxn@349] - caught end of stream exception
2015-07-30 20:33:33,126 - INFO  [NIOServerCxn.Factory:0.0.0.0/0.0.0.0:2181:NIOServerCnxn@1001] - Closed socket connection for client /10.10.34.13:50234 which had sessionid 0x34ede65503f0040
2015-07-30 20:34:21,089 - INFO  [NIOServerCxn.Factory:0.0.0.0/0.0.0.0:2181:NIOServerCnxnFactory@197] - Accepted socket connection from /10.10.34.12:56390
2015-07-30 20:34:21,089 - WARN  [NIOServerCxn.Factory:0.0.0.0/0.0.0.0:2181:ZooKeeperServer@793] - Connection request from old client /10.10.34.12:56390; will be dropped if server is in r-o mode
2015-07-30 20:34:21,089 - INFO  [NIOServerCxn.Factory:0.0.0.0/0.0.0.0:2181:ZooKeeperServer@839] - Client attempting to establish new session at /10.10.34.12:56390
2015-07-30 20:34:21,090 - INFO  [NIOServerCxn.Factory:0.0.0.0/0.0.0.0:2181:NIOServerCnxnFactory@197] - Accepted socket connection from /10.10.34.12:56392
2015-07-30 20:34:21,090 - WARN  [NIOServerCxn.Factory:0.0.0.0/0.0.0.0:2181:ZooKeeperServer@793] - Connection request from old client /10.10.34.12:56392; will be dropped if server is in r-o mode
2015-07-30 20:34:21,091 - INFO  [NIOServerCxn.Factory:0.0.0.0/0.0.0.0:2181:ZooKeeperServer@839] - Client attempting to establish new session at /10.10.34.12:56392
2015-07-30 20:34:21,092 - INFO  [CommitProcessor:3:ZooKeeperServer@595] - Established session 0x34ede65503f0043 with negotiated timeout 10000 for client /10.10.34.12:56390
2015-07-30 20:34:21,093 - INFO  [CommitProcessor:3:ZooKeeperServer@595] - Established session 0x34ede65503f0044 with negotiated timeout 10000 for client /10.10.34.12:56392
2015-07-30 20:34:21,203 - INFO  [NIOServerCxn.Factory:0.0.0.0/0.0.0.0:2181:NIOServerCnxnFactory@197] - Accepted socket connection from /10.10.34.13:50240
2015-07-30 20:34:21,204 - WARN  [NIOServerCxn.Factory:0.0.0.0/0.0.0.0:2181:ZooKeeperServer@793] - Connection request from old client /10.10.34.13:50240; will be dropped if server is in r-o mode
2015-07-30 20:34:21,204 - INFO  [NIOServerCxn.Factory:0.0.0.0/0.0.0.0:2181:ZooKeeperServer@839] - Client attempting to establish new session at /10.10.34.13:50240
2015-07-30 20:34:21,204 - INFO  [NIOServerCxn.Factory:0.0.0.0/0.0.0.0:2181:NIOServerCnxnFactory@197] - Accepted socket connection from /10.10.34.13:50241
2015-07-30 20:34:21,205 - WARN  [NIOServerCxn.Factory:0.0.0.0/0.0.0.0:2181:ZooKeeperServer@793] - Connection request from old client /10.10.34.13:50241; will be dropped if server is in r-o mode
2015-07-30 20:34:21,205 - INFO  [NIOServerCxn.Factory:0.0.0.0/0.0.0.0:2181:ZooKeeperServer@839] - Client attempting to establish new session at /10.10.34.13:50241
2015-07-30 20:34:21,205 - INFO  [NIOServerCxn.Factory:0.0.0.0/0.0.0.0:2181:NIOServerCnxnFactory@197] - Accepted socket connection from /10.10.34.13:50242
2015-07-30 20:34:21,206 - WARN  [NIOServerCxn.Factory:0.0.0.0/0.0.0.0:2181:ZooKeeperServer@793] - Connection request from old client /10.10.34.13:50242; will be dropped if server is in r-o mode
2015-07-30 20:34:21,206 - INFO  [NIOServerCxn.Factory:0.0.0.0/0.0.0.0:2181:ZooKeeperServer@839] - Client attempting to establish new session at /10.10.34.13:50242
2015-07-30 20:34:21,206 - INFO  [CommitProcessor:3:ZooKeeperServer@595] - Established session 0x34ede65503f0045 with negotiated timeout 10000 for client /10.10.34.13:50240
2015-07-30 20:34:21,207 - INFO  [CommitProcessor:3:ZooKeeperServer@595] - Established session 0x34ede65503f0046 with negotiated timeout 10000 for client /10.10.34.13:50241
2015-07-30 20:34:21,208 - INFO  [CommitProcessor:3:ZooKeeperServer@595] - Established session 0x34ede65503f0047 with negotiated timeout 10000 for client /10.10.34.13:50242
2015-07-30 20:34:23,041 - INFO  [NIOServerCxn.Factory:0.0.0.0/0.0.0.0:2181:NIOServerCnxnFactory@197] - Accepted socket connection from /10.10.34.13:50244
2015-07-30 20:34:23,041 - WARN  [NIOServerCxn.Factory:0.0.0.0/0.0.0.0:2181:ZooKeeperServer@793] - Connection request from old client /10.10.34.13:50244; will be dropped if server is in r-o mode
2015-07-30 20:34:23,042 - INFO  [NIOServerCxn.Factory:0.0.0.0/0.0.0.0:2181:ZooKeeperServer@839] - Client attempting to establish new session at /10.10.34.13:50244
2015-07-30 20:34:23,044 - INFO  [CommitProcessor:3:ZooKeeperServer@595] - Established session 0x34ede65503f0048 with negotiated timeout 10000 for client /10.10.34.13:50244
2015-07-30 20:34:23,123 - INFO  [NIOServerCxn.Factory:0.0.0.0/0.0.0.0:2181:NIOServerCnxnFactory@197] - Accepted socket connection from /10.10.34.14:49851
2015-07-30 20:34:23,123 - WARN  [NIOServerCxn.Factory:0.0.0.0/0.0.0.0:2181:ZooKeeperServer@793] - Connection request from old client /10.10.34.14:49851; will be dropped if server is in r-o mode
2015-07-30 20:34:23,123 - INFO  [NIOServerCxn.Factory:0.0.0.0/0.0.0.0:2181:ZooKeeperServer@839] - Client attempting to establish new session at /10.10.34.14:49851
2015-07-30 20:34:23,125 - INFO  [CommitProcessor:3:ZooKeeperServer@595] - Established session 0x34ede65503f0049 with negotiated timeout 10000 for client /10.10.34.14:49851
2015-07-30 20:34:23,327 - INFO  [NIOServerCxn.Factory:0.0.0.0/0.0.0.0:2181:NIOServerCnxnFactory@197] - Accepted socket connection from /10.10.34.16:42354
2015-07-30 20:34:23,327 - WARN  [NIOServerCxn.Factory:0.0.0.0/0.0.0.0:2181:ZooKeeperServer@793] - Connection request from old client /10.10.34.16:42354; will be dropped if server is in r-o mode
2015-07-30 20:34:23,327 - INFO  [NIOServerCxn.Factory:0.0.0.0/0.0.0.0:2181:ZooKeeperServer@839] - Client attempting to establish new session at /10.10.34.16:42354
2015-07-30 20:34:23,329 - INFO  [CommitProcessor:3:ZooKeeperServer@595] - Established session 0x34ede65503f004a with negotiated timeout 10000 for client /10.10.34.16:42354
2015-07-30 20:34:23,526 - INFO  [NIOServerCxn.Factory:0.0.0.0/0.0.0.0:2181:NIOServerCnxnFactory@197] - Accepted socket connection from /10.10.34.17:51281
2015-07-30 20:34:23,526 - WARN  [NIOServerCxn.Factory:0.0.0.0/0.0.0.0:2181:ZooKeeperServer@793] - Connection request from old client /10.10.34.17:51281; will be dropped if server is in r-o mode
2015-07-30 20:34:23,527 - INFO  [NIOServerCxn.Factory:0.0.0.0/0.0.0.0:2181:ZooKeeperServer@839] - Client attempting to establish new session at /10.10.34.17:51281
2015-07-30 20:34:23,529 - INFO  [CommitProcessor:3:ZooKeeperServer@595] - Established session 0x34ede65503f004b with negotiated timeout 10000 for client /10.10.34.17:51281
2015-07-30 20:34:23,631 - INFO  [NIOServerCxn.Factory:0.0.0.0/0.0.0.0:2181:NIOServerCnxnFactory@197] - Accepted socket connection from /10.10.34.18:46805
2015-07-30 20:34:23,632 - WARN  [NIOServerCxn.Factory:0.0.0.0/0.0.0.0:2181:ZooKeeperServer@793] - Connection request from old client /10.10.34.18:46805; will be dropped if server is in r-o mode
2015-07-30 20:34:23,632 - INFO  [NIOServerCxn.Factory:0.0.0.0/0.0.0.0:2181:ZooKeeperServer@839] - Client attempting to establish new session at /10.10.34.18:46805
2015-07-30 20:34:23,634 - INFO  [CommitProcessor:3:ZooKeeperServer@595] - Established session 0x34ede65503f004c with negotiated timeout 10000 for client /10.10.34.18:46805
2015-07-30 20:34:24,267 - INFO  [NIOServerCxn.Factory:0.0.0.0/0.0.0.0:2181:NIOServerCnxnFactory@197] - Accepted socket connection from /10.10.34.24:37206
2015-07-30 20:34:24,268 - WARN  [NIOServerCxn.Factory:0.0.0.0/0.0.0.0:2181:ZooKeeperServer@793] - Connection request from old client /10.10.34.24:37206; will be dropped if server is in r-o mode
2015-07-30 20:34:24,268 - INFO  [NIOServerCxn.Factory:0.0.0.0/0.0.0.0:2181:ZooKeeperServer@839] - Client attempting to establish new session at /10.10.34.24:37206
2015-07-30 20:34:24,270 - INFO  [CommitProcessor:3:ZooKeeperServer@595] - Established session 0x34ede65503f004d with negotiated timeout 10000 for client /10.10.34.24:37206
2015-07-30 20:34:48,304 - WARN  [NIOServerCxn.Factory:0.0.0.0/0.0.0.0:2181:NIOServerCnxn@349] - caught end of stream exception
2015-07-30 20:34:48,305 - INFO  [NIOServerCxn.Factory:0.0.0.0/0.0.0.0:2181:NIOServerCnxn@1001] - Closed socket connection for client /10.10.34.13:50244 which had sessionid 0x34ede65503f0048
2015-07-30 20:34:48,401 - WARN  [NIOServerCxn.Factory:0.0.0.0/0.0.0.0:2181:NIOServerCnxn@349] - caught end of stream exception
2015-07-30 20:34:48,402 - INFO  [NIOServerCxn.Factory:0.0.0.0/0.0.0.0:2181:NIOServerCnxn@1001] - Closed socket connection for client /10.10.34.14:49851 which had sessionid 0x34ede65503f0049
2015-07-30 20:34:48,610 - WARN  [NIOServerCxn.Factory:0.0.0.0/0.0.0.0:2181:NIOServerCnxn@349] - caught end of stream exception
2015-07-30 20:34:48,611 - INFO  [NIOServerCxn.Factory:0.0.0.0/0.0.0.0:2181:NIOServerCnxn@1001] - Closed socket connection for client /10.10.34.16:42354 which had sessionid 0x34ede65503f004a
2015-07-30 20:34:48,807 - WARN  [NIOServerCxn.Factory:0.0.0.0/0.0.0.0:2181:NIOServerCnxn@349] - caught end of stream exception
2015-07-30 20:34:48,808 - INFO  [NIOServerCxn.Factory:0.0.0.0/0.0.0.0:2181:NIOServerCnxn@1001] - Closed socket connection for client /10.10.34.17:51281 which had sessionid 0x34ede65503f004b
2015-07-30 20:34:48,912 - WARN  [NIOServerCxn.Factory:0.0.0.0/0.0.0.0:2181:NIOServerCnxn@349] - caught end of stream exception
2015-07-30 20:34:48,913 - INFO  [NIOServerCxn.Factory:0.0.0.0/0.0.0.0:2181:NIOServerCnxn@1001] - Closed socket connection for client /10.10.34.18:46805 which had sessionid 0x34ede65503f004c
2015-07-30 20:34:49,546 - WARN  [NIOServerCxn.Factory:0.0.0.0/0.0.0.0:2181:NIOServerCnxn@349] - caught end of stream exception
2015-07-30 20:34:49,546 - INFO  [NIOServerCxn.Factory:0.0.0.0/0.0.0.0:2181:NIOServerCnxn@1001] - Closed socket connection for client /10.10.34.24:37206 which had sessionid 0x34ede65503f004d
2015-07-30 20:34:52,742 - WARN  [NIOServerCxn.Factory:0.0.0.0/0.0.0.0:2181:NIOServerCnxn@349] - caught end of stream exception
2015-07-30 20:34:52,743 - INFO  [NIOServerCxn.Factory:0.0.0.0/0.0.0.0:2181:NIOServerCnxn@1001] - Closed socket connection for client /10.10.34.12:56390 which had sessionid 0x34ede65503f0043
2015-07-30 20:34:52,743 - WARN  [NIOServerCxn.Factory:0.0.0.0/0.0.0.0:2181:NIOServerCnxn@349] - caught end of stream exception
2015-07-30 20:34:52,743 - INFO  [NIOServerCxn.Factory:0.0.0.0/0.0.0.0:2181:NIOServerCnxn@1001] - Closed socket connection for client /10.10.34.12:56392 which had sessionid 0x34ede65503f0044
2015-07-30 20:34:52,847 - WARN  [NIOServerCxn.Factory:0.0.0.0/0.0.0.0:2181:NIOServerCnxn@349] - caught end of stream exception
2015-07-30 20:34:52,848 - INFO  [NIOServerCxn.Factory:0.0.0.0/0.0.0.0:2181:NIOServerCnxn@1001] - Closed socket connection for client /10.10.34.13:50242 which had sessionid 0x34ede65503f0047
2015-07-30 20:34:52,849 - WARN  [NIOServerCxn.Factory:0.0.0.0/0.0.0.0:2181:NIOServerCnxn@349] - caught end of stream exception
2015-07-30 20:34:52,850 - INFO  [NIOServerCxn.Factory:0.0.0.0/0.0.0.0:2181:NIOServerCnxn@1001] - Closed socket connection for client /10.10.34.13:50240 which had sessionid 0x34ede65503f0045
2015-07-30 20:34:52,850 - WARN  [NIOServerCxn.Factory:0.0.0.0/0.0.0.0:2181:NIOServerCnxn@349] - caught end of stream exception
2015-07-30 20:34:52,851 - INFO  [NIOServerCxn.Factory:0.0.0.0/0.0.0.0:2181:NIOServerCnxn@1001] - Closed socket connection for client /10.10.34.13:50241 which had sessionid 0x34ede65503f0046
2015-07-30 20:36:31,941 - INFO  [NIOServerCxn.Factory:0.0.0.0/0.0.0.0:2181:NIOServerCnxnFactory@197] - Accepted socket connection from /10.10.34.11:51594
2015-07-30 20:36:31,942 - WARN  [NIOServerCxn.Factory:0.0.0.0/0.0.0.0:2181:ZooKeeperServer@793] - Connection request from old client /10.10.34.11:51594; will be dropped if server is in r-o mode
2015-07-30 20:36:31,942 - INFO  [NIOServerCxn.Factory:0.0.0.0/0.0.0.0:2181:ZooKeeperServer@839] - Client attempting to establish new session at /10.10.34.11:51594
2015-07-30 20:36:31,944 - INFO  [CommitProcessor:3:ZooKeeperServer@595] - Established session 0x34ede65503f004e with negotiated timeout 10000 for client /10.10.34.11:51594
2015-07-30 20:36:32,025 - INFO  [NIOServerCxn.Factory:0.0.0.0/0.0.0.0:2181:NIOServerCnxnFactory@197] - Accepted socket connection from /10.10.34.12:56424
2015-07-30 20:36:32,025 - INFO  [NIOServerCxn.Factory:0.0.0.0/0.0.0.0:2181:NIOServerCnxnFactory@197] - Accepted socket connection from /10.10.34.12:56425
2015-07-30 20:36:32,026 - WARN  [NIOServerCxn.Factory:0.0.0.0/0.0.0.0:2181:ZooKeeperServer@793] - Connection request from old client /10.10.34.12:56424; will be dropped if server is in r-o mode
2015-07-30 20:36:32,026 - INFO  [NIOServerCxn.Factory:0.0.0.0/0.0.0.0:2181:ZooKeeperServer@839] - Client attempting to establish new session at /10.10.34.12:56424
2015-07-30 20:36:32,026 - WARN  [NIOServerCxn.Factory:0.0.0.0/0.0.0.0:2181:ZooKeeperServer@793] - Connection request from old client /10.10.34.12:56425; will be dropped if server is in r-o mode
2015-07-30 20:36:32,026 - INFO  [NIOServerCxn.Factory:0.0.0.0/0.0.0.0:2181:ZooKeeperServer@839] - Client attempting to establish new session at /10.10.34.12:56425
2015-07-30 20:36:32,027 - INFO  [NIOServerCxn.Factory:0.0.0.0/0.0.0.0:2181:NIOServerCnxnFactory@197] - Accepted socket connection from /10.10.34.12:56427
2015-07-30 20:36:32,027 - WARN  [NIOServerCxn.Factory:0.0.0.0/0.0.0.0:2181:ZooKeeperServer@793] - Connection request from old client /10.10.34.12:56427; will be dropped if server is in r-o mode
2015-07-30 20:36:32,027 - INFO  [NIOServerCxn.Factory:0.0.0.0/0.0.0.0:2181:ZooKeeperServer@839] - Client attempting to establish new session at /10.10.34.12:56427
2015-07-30 20:36:32,028 - INFO  [CommitProcessor:3:ZooKeeperServer@595] - Established session 0x34ede65503f004f with negotiated timeout 10000 for client /10.10.34.12:56424
2015-07-30 20:36:32,028 - INFO  [CommitProcessor:3:ZooKeeperServer@595] - Established session 0x34ede65503f0050 with negotiated timeout 10000 for client /10.10.34.12:56425
2015-07-30 20:36:32,029 - INFO  [CommitProcessor:3:ZooKeeperServer@595] - Established session 0x34ede65503f0051 with negotiated timeout 10000 for client /10.10.34.12:56427
2015-07-30 20:36:32,132 - INFO  [NIOServerCxn.Factory:0.0.0.0/0.0.0.0:2181:NIOServerCnxnFactory@197] - Accepted socket connection from /10.10.34.13:50251
2015-07-30 20:36:32,132 - WARN  [NIOServerCxn.Factory:0.0.0.0/0.0.0.0:2181:ZooKeeperServer@793] - Connection request from old client /10.10.34.13:50251; will be dropped if server is in r-o mode
2015-07-30 20:36:32,133 - INFO  [NIOServerCxn.Factory:0.0.0.0/0.0.0.0:2181:ZooKeeperServer@839] - Client attempting to establish new session at /10.10.34.13:50251
2015-07-30 20:36:32,134 - INFO  [NIOServerCxn.Factory:0.0.0.0/0.0.0.0:2181:NIOServerCnxnFactory@197] - Accepted socket connection from /10.10.34.13:50253
2015-07-30 20:36:32,134 - WARN  [NIOServerCxn.Factory:0.0.0.0/0.0.0.0:2181:ZooKeeperServer@793] - Connection request from old client /10.10.34.13:50253; will be dropped if server is in r-o mode
2015-07-30 20:36:32,135 - INFO  [CommitProcessor:3:ZooKeeperServer@595] - Established session 0x34ede65503f0052 with negotiated timeout 10000 for client /10.10.34.13:50251
2015-07-30 20:36:32,135 - INFO  [NIOServerCxn.Factory:0.0.0.0/0.0.0.0:2181:ZooKeeperServer@839] - Client attempting to establish new session at /10.10.34.13:50253
2015-07-30 20:36:32,135 - INFO  [NIOServerCxn.Factory:0.0.0.0/0.0.0.0:2181:NIOServerCnxnFactory@197] - Accepted socket connection from /10.10.34.13:50254
2015-07-30 20:36:32,136 - WARN  [NIOServerCxn.Factory:0.0.0.0/0.0.0.0:2181:ZooKeeperServer@793] - Connection request from old client /10.10.34.13:50254; will be dropped if server is in r-o mode
2015-07-30 20:36:32,136 - INFO  [NIOServerCxn.Factory:0.0.0.0/0.0.0.0:2181:ZooKeeperServer@839] - Client attempting to establish new session at /10.10.34.13:50254
2015-07-30 20:36:32,137 - INFO  [CommitProcessor:3:ZooKeeperServer@595] - Established session 0x34ede65503f0053 with negotiated timeout 10000 for client /10.10.34.13:50253
2015-07-30 20:36:32,137 - INFO  [CommitProcessor:3:ZooKeeperServer@595] - Established session 0x34ede65503f0054 with negotiated timeout 10000 for client /10.10.34.13:50254
2015-07-30 21:01:02,981 - WARN  [NIOServerCxn.Factory:0.0.0.0/0.0.0.0:2181:NIOServerCnxn@349] - caught end of stream exception
2015-07-30 21:01:02,982 - INFO  [NIOServerCxn.Factory:0.0.0.0/0.0.0.0:2181:NIOServerCnxn@1001] - Closed socket connection for client /10.10.34.11:51594 which had sessionid 0x34ede65503f004e
2015-07-30 21:01:03,058 - WARN  [NIOServerCxn.Factory:0.0.0.0/0.0.0.0:2181:NIOServerCnxn@349] - caught end of stream exception
2015-07-30 21:01:03,059 - INFO  [NIOServerCxn.Factory:0.0.0.0/0.0.0.0:2181:NIOServerCnxn@1001] - Closed socket connection for client /10.10.34.12:56424 which had sessionid 0x34ede65503f004f
2015-07-30 21:01:03,059 - WARN  [NIOServerCxn.Factory:0.0.0.0/0.0.0.0:2181:NIOServerCnxn@349] - caught end of stream exception
2015-07-30 21:01:03,060 - INFO  [NIOServerCxn.Factory:0.0.0.0/0.0.0.0:2181:NIOServerCnxn@1001] - Closed socket connection for client /10.10.34.12:56425 which had sessionid 0x34ede65503f0050
2015-07-30 21:01:03,060 - WARN  [NIOServerCxn.Factory:0.0.0.0/0.0.0.0:2181:NIOServerCnxn@349] - caught end of stream exception
2015-07-30 21:01:03,061 - INFO  [NIOServerCxn.Factory:0.0.0.0/0.0.0.0:2181:NIOServerCnxn@1001] - Closed socket connection for client /10.10.34.12:56427 which had sessionid 0x34ede65503f0051
2015-07-30 21:01:03,161 - WARN  [NIOServerCxn.Factory:0.0.0.0/0.0.0.0:2181:NIOServerCnxn@349] - caught end of stream exception
2015-07-30 21:01:03,162 - INFO  [NIOServerCxn.Factory:0.0.0.0/0.0.0.0:2181:NIOServerCnxn@1001] - Closed socket connection for client /10.10.34.13:50251 which had sessionid 0x34ede65503f0052
2015-07-30 21:01:03,163 - WARN  [NIOServerCxn.Factory:0.0.0.0/0.0.0.0:2181:NIOServerCnxn@349] - caught end of stream exception
2015-07-30 21:01:03,163 - INFO  [NIOServerCxn.Factory:0.0.0.0/0.0.0.0:2181:NIOServerCnxn@1001] - Closed socket connection for client /10.10.34.13:50253 which had sessionid 0x34ede65503f0053
2015-07-30 21:01:03,163 - WARN  [NIOServerCxn.Factory:0.0.0.0/0.0.0.0:2181:NIOServerCnxn@349] - caught end of stream exception
2015-07-30 21:01:03,164 - INFO  [NIOServerCxn.Factory:0.0.0.0/0.0.0.0:2181:NIOServerCnxn@1001] - Closed socket connection for client /10.10.34.13:50254 which had sessionid 0x34ede65503f0054
2015-07-30 21:01:11,992 - INFO  [NIOServerCxn.Factory:0.0.0.0/0.0.0.0:2181:NIOServerCnxnFactory@197] - Accepted socket connection from /10.10.34.11:51953
2015-07-30 21:01:11,992 - WARN  [NIOServerCxn.Factory:0.0.0.0/0.0.0.0:2181:ZooKeeperServer@793] - Connection request from old client /10.10.34.11:51953; will be dropped if server is in r-o mode
2015-07-30 21:01:11,993 - INFO  [NIOServerCxn.Factory:0.0.0.0/0.0.0.0:2181:ZooKeeperServer@839] - Client attempting to establish new session at /10.10.34.11:51953
2015-07-30 21:01:11,993 - INFO  [NIOServerCxn.Factory:0.0.0.0/0.0.0.0:2181:NIOServerCnxnFactory@197] - Accepted socket connection from /10.10.34.11:51955
2015-07-30 21:01:11,994 - WARN  [NIOServerCxn.Factory:0.0.0.0/0.0.0.0:2181:ZooKeeperServer@793] - Connection request from old client /10.10.34.11:51955; will be dropped if server is in r-o mode
2015-07-30 21:01:11,994 - INFO  [NIOServerCxn.Factory:0.0.0.0/0.0.0.0:2181:ZooKeeperServer@839] - Client attempting to establish new session at /10.10.34.11:51955
2015-07-30 21:01:11,995 - INFO  [CommitProcessor:3:ZooKeeperServer@595] - Established session 0x34ede65503f0055 with negotiated timeout 10000 for client /10.10.34.11:51953
2015-07-30 21:01:11,996 - INFO  [CommitProcessor:3:ZooKeeperServer@595] - Established session 0x34ede65503f0056 with negotiated timeout 10000 for client /10.10.34.11:51955
2015-07-30 21:01:12,077 - INFO  [NIOServerCxn.Factory:0.0.0.0/0.0.0.0:2181:NIOServerCnxnFactory@197] - Accepted socket connection from /10.10.34.12:56432
2015-07-30 21:01:12,077 - WARN  [NIOServerCxn.Factory:0.0.0.0/0.0.0.0:2181:ZooKeeperServer@793] - Connection request from old client /10.10.34.12:56432; will be dropped if server is in r-o mode
2015-07-30 21:01:12,078 - INFO  [NIOServerCxn.Factory:0.0.0.0/0.0.0.0:2181:ZooKeeperServer@839] - Client attempting to establish new session at /10.10.34.12:56432
2015-07-30 21:01:12,080 - INFO  [CommitProcessor:3:ZooKeeperServer@595] - Established session 0x34ede65503f0057 with negotiated timeout 10000 for client /10.10.34.12:56432
2015-07-30 21:01:49,988 - INFO  [NIOServerCxn.Factory:0.0.0.0/0.0.0.0:2181:NIOServerCnxnFactory@197] - Accepted socket connection from /10.10.34.11:51967
2015-07-30 21:01:49,988 - WARN  [NIOServerCxn.Factory:0.0.0.0/0.0.0.0:2181:ZooKeeperServer@793] - Connection request from old client /10.10.34.11:51967; will be dropped if server is in r-o mode
2015-07-30 21:01:49,988 - INFO  [NIOServerCxn.Factory:0.0.0.0/0.0.0.0:2181:ZooKeeperServer@839] - Client attempting to establish new session at /10.10.34.11:51967
2015-07-30 21:01:49,990 - INFO  [CommitProcessor:3:ZooKeeperServer@595] - Established session 0x34ede65503f0058 with negotiated timeout 20000 for client /10.10.34.11:51967
2015-07-30 21:03:20,097 - WARN  [NIOServerCxn.Factory:0.0.0.0/0.0.0.0:2181:NIOServerCnxn@349] - caught end of stream exception
2015-07-30 21:03:20,098 - INFO  [NIOServerCxn.Factory:0.0.0.0/0.0.0.0:2181:NIOServerCnxn@1001] - Closed socket connection for client /10.10.34.11:51967 which had sessionid 0x34ede65503f0058
2015-07-30 21:03:35,275 - WARN  [NIOServerCxn.Factory:0.0.0.0/0.0.0.0:2181:NIOServerCnxn@349] - caught end of stream exception
2015-07-30 21:03:35,276 - INFO  [NIOServerCxn.Factory:0.0.0.0/0.0.0.0:2181:NIOServerCnxn@1001] - Closed socket connection for client /10.10.34.11:51953 which had sessionid 0x34ede65503f0055
2015-07-30 21:03:35,277 - WARN  [NIOServerCxn.Factory:0.0.0.0/0.0.0.0:2181:NIOServerCnxn@349] - caught end of stream exception
2015-07-30 21:03:35,277 - INFO  [NIOServerCxn.Factory:0.0.0.0/0.0.0.0:2181:NIOServerCnxn@1001] - Closed socket connection for client /10.10.34.11:51955 which had sessionid 0x34ede65503f0056
2015-07-30 21:03:35,360 - WARN  [NIOServerCxn.Factory:0.0.0.0/0.0.0.0:2181:NIOServerCnxn@349] - caught end of stream exception
2015-07-30 21:03:35,361 - INFO  [NIOServerCxn.Factory:0.0.0.0/0.0.0.0:2181:NIOServerCnxn@1001] - Closed socket connection for client /10.10.34.12:56432 which had sessionid 0x34ede65503f0057
2015-07-30 21:03:44,627 - INFO  [NIOServerCxn.Factory:0.0.0.0/0.0.0.0:2181:NIOServerCnxnFactory@197] - Accepted socket connection from /10.10.34.11:52020
2015-07-30 21:03:44,628 - WARN  [NIOServerCxn.Factory:0.0.0.0/0.0.0.0:2181:ZooKeeperServer@793] - Connection request from old client /10.10.34.11:52020; will be dropped if server is in r-o mode
2015-07-30 21:03:44,628 - INFO  [NIOServerCxn.Factory:0.0.0.0/0.0.0.0:2181:ZooKeeperServer@839] - Client attempting to establish new session at /10.10.34.11:52020
2015-07-30 21:03:44,630 - INFO  [CommitProcessor:3:ZooKeeperServer@595] - Established session 0x34ede65503f0059 with negotiated timeout 10000 for client /10.10.34.11:52020
2015-07-30 21:03:44,814 - INFO  [NIOServerCxn.Factory:0.0.0.0/0.0.0.0:2181:NIOServerCnxnFactory@197] - Accepted socket connection from /10.10.34.13:50265
2015-07-30 21:03:44,815 - WARN  [NIOServerCxn.Factory:0.0.0.0/0.0.0.0:2181:ZooKeeperServer@793] - Connection request from old client /10.10.34.13:50265; will be dropped if server is in r-o mode
2015-07-30 21:03:44,815 - INFO  [NIOServerCxn.Factory:0.0.0.0/0.0.0.0:2181:ZooKeeperServer@839] - Client attempting to establish new session at /10.10.34.13:50265
2015-07-30 21:03:44,816 - INFO  [NIOServerCxn.Factory:0.0.0.0/0.0.0.0:2181:NIOServerCnxnFactory@197] - Accepted socket connection from /10.10.34.13:50266
2015-07-30 21:03:44,816 - WARN  [NIOServerCxn.Factory:0.0.0.0/0.0.0.0:2181:ZooKeeperServer@793] - Connection request from old client /10.10.34.13:50266; will be dropped if server is in r-o mode
2015-07-30 21:03:44,816 - INFO  [NIOServerCxn.Factory:0.0.0.0/0.0.0.0:2181:ZooKeeperServer@839] - Client attempting to establish new session at /10.10.34.13:50266
2015-07-30 21:03:44,817 - INFO  [CommitProcessor:3:ZooKeeperServer@595] - Established session 0x34ede65503f005a with negotiated timeout 10000 for client /10.10.34.13:50265
2015-07-30 21:03:44,818 - INFO  [CommitProcessor:3:ZooKeeperServer@595] - Established session 0x34ede65503f005b with negotiated timeout 10000 for client /10.10.34.13:50266
2015-07-30 21:03:46,944 - INFO  [NIOServerCxn.Factory:0.0.0.0/0.0.0.0:2181:NIOServerCnxnFactory@197] - Accepted socket connection from /10.10.34.16:42356
2015-07-30 21:03:46,945 - WARN  [NIOServerCxn.Factory:0.0.0.0/0.0.0.0:2181:ZooKeeperServer@793] - Connection request from old client /10.10.34.16:42356; will be dropped if server is in r-o mode
2015-07-30 21:03:46,945 - INFO  [NIOServerCxn.Factory:0.0.0.0/0.0.0.0:2181:ZooKeeperServer@839] - Client attempting to establish new session at /10.10.34.16:42356
2015-07-30 21:03:46,947 - INFO  [CommitProcessor:3:ZooKeeperServer@595] - Established session 0x34ede65503f005c with negotiated timeout 10000 for client /10.10.34.16:42356
2015-07-30 21:03:47,376 - INFO  [NIOServerCxn.Factory:0.0.0.0/0.0.0.0:2181:NIOServerCnxnFactory@197] - Accepted socket connection from /10.10.34.19:58096
2015-07-30 21:03:47,377 - WARN  [NIOServerCxn.Factory:0.0.0.0/0.0.0.0:2181:ZooKeeperServer@793] - Connection request from old client /10.10.34.19:58096; will be dropped if server is in r-o mode
2015-07-30 21:03:47,377 - INFO  [NIOServerCxn.Factory:0.0.0.0/0.0.0.0:2181:ZooKeeperServer@839] - Client attempting to establish new session at /10.10.34.19:58096
2015-07-30 21:03:47,379 - INFO  [CommitProcessor:3:ZooKeeperServer@595] - Established session 0x34ede65503f005d with negotiated timeout 10000 for client /10.10.34.19:58096
2015-07-30 21:03:47,680 - INFO  [NIOServerCxn.Factory:0.0.0.0/0.0.0.0:2181:NIOServerCnxnFactory@197] - Accepted socket connection from /10.10.34.22:60337
2015-07-30 21:03:47,680 - WARN  [NIOServerCxn.Factory:0.0.0.0/0.0.0.0:2181:ZooKeeperServer@793] - Connection request from old client /10.10.34.22:60337; will be dropped if server is in r-o mode
2015-07-30 21:03:47,680 - INFO  [NIOServerCxn.Factory:0.0.0.0/0.0.0.0:2181:ZooKeeperServer@839] - Client attempting to establish new session at /10.10.34.22:60337
2015-07-30 21:03:47,682 - INFO  [CommitProcessor:3:ZooKeeperServer@595] - Established session 0x34ede65503f005e with negotiated timeout 10000 for client /10.10.34.22:60337
2015-07-30 21:03:47,876 - INFO  [NIOServerCxn.Factory:0.0.0.0/0.0.0.0:2181:NIOServerCnxnFactory@197] - Accepted socket connection from /10.10.34.24:37208
2015-07-30 21:03:47,876 - WARN  [NIOServerCxn.Factory:0.0.0.0/0.0.0.0:2181:ZooKeeperServer@793] - Connection request from old client /10.10.34.24:37208; will be dropped if server is in r-o mode
2015-07-30 21:03:47,877 - INFO  [NIOServerCxn.Factory:0.0.0.0/0.0.0.0:2181:ZooKeeperServer@839] - Client attempting to establish new session at /10.10.34.24:37208
2015-07-30 21:03:47,878 - INFO  [CommitProcessor:3:ZooKeeperServer@595] - Established session 0x34ede65503f005f with negotiated timeout 10000 for client /10.10.34.24:37208
2015-07-30 21:03:47,991 - INFO  [NIOServerCxn.Factory:0.0.0.0/0.0.0.0:2181:NIOServerCnxnFactory@197] - Accepted socket connection from /10.10.34.25:55862
2015-07-30 21:03:47,991 - WARN  [NIOServerCxn.Factory:0.0.0.0/0.0.0.0:2181:ZooKeeperServer@793] - Connection request from old client /10.10.34.25:55862; will be dropped if server is in r-o mode
2015-07-30 21:03:47,991 - INFO  [NIOServerCxn.Factory:0.0.0.0/0.0.0.0:2181:ZooKeeperServer@839] - Client attempting to establish new session at /10.10.34.25:55862
2015-07-30 21:03:47,993 - INFO  [CommitProcessor:3:ZooKeeperServer@595] - Established session 0x34ede65503f0060 with negotiated timeout 10000 for client /10.10.34.25:55862
2015-07-30 21:03:47,997 - INFO  [NIOServerCxn.Factory:0.0.0.0/0.0.0.0:2181:NIOServerCnxnFactory@197] - Accepted socket connection from /10.10.34.29:50502
2015-07-30 21:03:47,998 - WARN  [NIOServerCxn.Factory:0.0.0.0/0.0.0.0:2181:ZooKeeperServer@793] - Connection request from old client /10.10.34.29:50502; will be dropped if server is in r-o mode
2015-07-30 21:03:47,998 - INFO  [NIOServerCxn.Factory:0.0.0.0/0.0.0.0:2181:ZooKeeperServer@839] - Client attempting to establish new session at /10.10.34.29:50502
2015-07-30 21:03:48,000 - INFO  [CommitProcessor:3:ZooKeeperServer@595] - Established session 0x34ede65503f0061 with negotiated timeout 10000 for client /10.10.34.29:50502
2015-07-30 21:03:48,086 - INFO  [NIOServerCxn.Factory:0.0.0.0/0.0.0.0:2181:NIOServerCnxnFactory@197] - Accepted socket connection from /10.10.34.26:44783
2015-07-30 21:03:48,087 - WARN  [NIOServerCxn.Factory:0.0.0.0/0.0.0.0:2181:ZooKeeperServer@793] - Connection request from old client /10.10.34.26:44783; will be dropped if server is in r-o mode
2015-07-30 21:03:48,087 - INFO  [NIOServerCxn.Factory:0.0.0.0/0.0.0.0:2181:ZooKeeperServer@839] - Client attempting to establish new session at /10.10.34.26:44783
2015-07-30 21:03:48,089 - INFO  [CommitProcessor:3:ZooKeeperServer@595] - Established session 0x34ede65503f0062 with negotiated timeout 10000 for client /10.10.34.26:44783
2015-07-30 21:03:48,303 - INFO  [NIOServerCxn.Factory:0.0.0.0/0.0.0.0:2181:NIOServerCnxnFactory@197] - Accepted socket connection from /10.10.34.32:55297
2015-07-30 21:03:48,303 - WARN  [NIOServerCxn.Factory:0.0.0.0/0.0.0.0:2181:ZooKeeperServer@793] - Connection request from old client /10.10.34.32:55297; will be dropped if server is in r-o mode
2015-07-30 21:03:48,303 - INFO  [NIOServerCxn.Factory:0.0.0.0/0.0.0.0:2181:ZooKeeperServer@839] - Client attempting to establish new session at /10.10.34.32:55297
2015-07-30 21:03:48,305 - INFO  [CommitProcessor:3:ZooKeeperServer@595] - Established session 0x34ede65503f0063 with negotiated timeout 10000 for client /10.10.34.32:55297
2015-07-30 21:03:48,925 - INFO  [NIOServerCxn.Factory:0.0.0.0/0.0.0.0:2181:NIOServerCnxnFactory@197] - Accepted socket connection from /10.10.34.38:43524
2015-07-30 21:03:48,925 - WARN  [NIOServerCxn.Factory:0.0.0.0/0.0.0.0:2181:ZooKeeperServer@793] - Connection request from old client /10.10.34.38:43524; will be dropped if server is in r-o mode
2015-07-30 21:03:48,925 - INFO  [NIOServerCxn.Factory:0.0.0.0/0.0.0.0:2181:ZooKeeperServer@839] - Client attempting to establish new session at /10.10.34.38:43524
2015-07-30 21:03:48,927 - INFO  [CommitProcessor:3:ZooKeeperServer@595] - Established session 0x34ede65503f0064 with negotiated timeout 10000 for client /10.10.34.38:43524
2015-07-30 21:03:49,222 - INFO  [NIOServerCxn.Factory:0.0.0.0/0.0.0.0:2181:NIOServerCnxnFactory@197] - Accepted socket connection from /10.10.34.41:54935
2015-07-30 21:03:49,222 - WARN  [NIOServerCxn.Factory:0.0.0.0/0.0.0.0:2181:ZooKeeperServer@793] - Connection request from old client /10.10.34.41:54935; will be dropped if server is in r-o mode
2015-07-30 21:03:49,223 - INFO  [NIOServerCxn.Factory:0.0.0.0/0.0.0.0:2181:ZooKeeperServer@839] - Client attempting to establish new session at /10.10.34.41:54935
2015-07-30 21:03:49,225 - INFO  [CommitProcessor:3:ZooKeeperServer@595] - Established session 0x34ede65503f0065 with negotiated timeout 10000 for client /10.10.34.41:54935
2015-07-30 21:04:02,962 - INFO  [NIOServerCxn.Factory:0.0.0.0/0.0.0.0:2181:NIOServerCnxnFactory@197] - Accepted socket connection from /10.10.34.11:52083
2015-07-30 21:04:02,962 - WARN  [NIOServerCxn.Factory:0.0.0.0/0.0.0.0:2181:ZooKeeperServer@793] - Connection request from old client /10.10.34.11:52083; will be dropped if server is in r-o mode
2015-07-30 21:04:02,962 - INFO  [NIOServerCxn.Factory:0.0.0.0/0.0.0.0:2181:ZooKeeperServer@839] - Client attempting to establish new session at /10.10.34.11:52083
2015-07-30 21:04:02,964 - INFO  [CommitProcessor:3:ZooKeeperServer@595] - Established session 0x34ede65503f0066 with negotiated timeout 20000 for client /10.10.34.11:52083
2015-07-30 21:04:02,973 - INFO  [NIOServerCxn.Factory:0.0.0.0/0.0.0.0:2181:NIOServerCnxnFactory@197] - Accepted socket connection from /10.10.34.11:52084
2015-07-30 21:04:02,974 - WARN  [NIOServerCxn.Factory:0.0.0.0/0.0.0.0:2181:ZooKeeperServer@793] - Connection request from old client /10.10.34.11:52084; will be dropped if server is in r-o mode
2015-07-30 21:04:02,974 - INFO  [NIOServerCxn.Factory:0.0.0.0/0.0.0.0:2181:ZooKeeperServer@839] - Client attempting to establish new session at /10.10.34.11:52084
2015-07-30 21:04:02,976 - INFO  [CommitProcessor:3:ZooKeeperServer@595] - Established session 0x34ede65503f0067 with negotiated timeout 10000 for client /10.10.34.11:52084
2015-07-30 21:15:18,655 - WARN  [NIOServerCxn.Factory:0.0.0.0/0.0.0.0:2181:NIOServerCnxn@349] - caught end of stream exception
2015-07-30 21:15:18,656 - INFO  [NIOServerCxn.Factory:0.0.0.0/0.0.0.0:2181:NIOServerCnxn@1001] - Closed socket connection for client /10.10.34.11:52083 which had sessionid 0x34ede65503f0066
2015-07-30 21:15:18,656 - WARN  [NIOServerCxn.Factory:0.0.0.0/0.0.0.0:2181:NIOServerCnxn@349] - caught end of stream exception
2015-07-30 21:15:18,657 - INFO  [NIOServerCxn.Factory:0.0.0.0/0.0.0.0:2181:NIOServerCnxn@1001] - Closed socket connection for client /10.10.34.11:52084 which had sessionid 0x34ede65503f0067
2015-07-30 23:03:41,906 - WARN  [NIOServerCxn.Factory:0.0.0.0/0.0.0.0:2181:NIOServerCnxn@349] - caught end of stream exception
2015-07-30 23:03:41,906 - INFO  [NIOServerCxn.Factory:0.0.0.0/0.0.0.0:2181:NIOServerCnxn@1001] - Closed socket connection for client /10.10.34.16:42356 which had sessionid 0x34ede65503f005c
2015-07-30 23:03:42,330 - WARN  [NIOServerCxn.Factory:0.0.0.0/0.0.0.0:2181:NIOServerCnxn@349] - caught end of stream exception
2015-07-30 23:03:42,331 - INFO  [NIOServerCxn.Factory:0.0.0.0/0.0.0.0:2181:NIOServerCnxn@1001] - Closed socket connection for client /10.10.34.19:58096 which had sessionid 0x34ede65503f005d
2015-07-30 23:03:42,641 - WARN  [NIOServerCxn.Factory:0.0.0.0/0.0.0.0:2181:NIOServerCnxn@349] - caught end of stream exception
2015-07-30 23:03:42,642 - INFO  [NIOServerCxn.Factory:0.0.0.0/0.0.0.0:2181:NIOServerCnxn@1001] - Closed socket connection for client /10.10.34.22:60337 which had sessionid 0x34ede65503f005e
2015-07-30 23:03:42,841 - WARN  [NIOServerCxn.Factory:0.0.0.0/0.0.0.0:2181:NIOServerCnxn@349] - caught end of stream exception
2015-07-30 23:03:42,841 - INFO  [NIOServerCxn.Factory:0.0.0.0/0.0.0.0:2181:NIOServerCnxn@1001] - Closed socket connection for client /10.10.34.24:37208 which had sessionid 0x34ede65503f005f
2015-07-30 23:03:42,942 - WARN  [NIOServerCxn.Factory:0.0.0.0/0.0.0.0:2181:NIOServerCnxn@349] - caught end of stream exception
2015-07-30 23:03:42,942 - INFO  [NIOServerCxn.Factory:0.0.0.0/0.0.0.0:2181:NIOServerCnxn@1001] - Closed socket connection for client /10.10.34.25:55862 which had sessionid 0x34ede65503f0060
2015-07-30 23:03:42,957 - WARN  [NIOServerCxn.Factory:0.0.0.0/0.0.0.0:2181:NIOServerCnxn@349] - caught end of stream exception
2015-07-30 23:03:42,958 - INFO  [NIOServerCxn.Factory:0.0.0.0/0.0.0.0:2181:NIOServerCnxn@1001] - Closed socket connection for client /10.10.34.29:50502 which had sessionid 0x34ede65503f0061
2015-07-30 23:03:43,038 - WARN  [NIOServerCxn.Factory:0.0.0.0/0.0.0.0:2181:NIOServerCnxn@349] - caught end of stream exception
2015-07-30 23:03:43,038 - INFO  [NIOServerCxn.Factory:0.0.0.0/0.0.0.0:2181:NIOServerCnxn@1001] - Closed socket connection for client /10.10.34.26:44783 which had sessionid 0x34ede65503f0062
2015-07-30 23:03:43,261 - WARN  [NIOServerCxn.Factory:0.0.0.0/0.0.0.0:2181:NIOServerCnxn@349] - caught end of stream exception
2015-07-30 23:03:43,262 - INFO  [NIOServerCxn.Factory:0.0.0.0/0.0.0.0:2181:NIOServerCnxn@1001] - Closed socket connection for client /10.10.34.32:55297 which had sessionid 0x34ede65503f0063
2015-07-30 23:03:43,872 - WARN  [NIOServerCxn.Factory:0.0.0.0/0.0.0.0:2181:NIOServerCnxn@349] - caught end of stream exception
2015-07-30 23:03:43,873 - INFO  [NIOServerCxn.Factory:0.0.0.0/0.0.0.0:2181:NIOServerCnxn@1001] - Closed socket connection for client /10.10.34.38:43524 which had sessionid 0x34ede65503f0064
2015-07-30 23:03:44,171 - WARN  [NIOServerCxn.Factory:0.0.0.0/0.0.0.0:2181:NIOServerCnxn@349] - caught end of stream exception
2015-07-30 23:03:44,172 - INFO  [NIOServerCxn.Factory:0.0.0.0/0.0.0.0:2181:NIOServerCnxn@1001] - Closed socket connection for client /10.10.34.41:54935 which had sessionid 0x34ede65503f0065
2015-07-30 23:03:45,916 - WARN  [NIOServerCxn.Factory:0.0.0.0/0.0.0.0:2181:NIOServerCnxn@349] - caught end of stream exception
2015-07-30 23:03:45,917 - INFO  [NIOServerCxn.Factory:0.0.0.0/0.0.0.0:2181:NIOServerCnxn@1001] - Closed socket connection for client /10.10.34.11:52020 which had sessionid 0x34ede65503f0059
2015-07-30 23:03:46,106 - WARN  [NIOServerCxn.Factory:0.0.0.0/0.0.0.0:2181:NIOServerCnxn@349] - caught end of stream exception
2015-07-30 23:03:46,107 - INFO  [NIOServerCxn.Factory:0.0.0.0/0.0.0.0:2181:NIOServerCnxn@1001] - Closed socket connection for client /10.10.34.13:50266 which had sessionid 0x34ede65503f005b
2015-07-30 23:03:46,107 - WARN  [NIOServerCxn.Factory:0.0.0.0/0.0.0.0:2181:NIOServerCnxn@349] - caught end of stream exception
2015-07-30 23:03:46,108 - INFO  [NIOServerCxn.Factory:0.0.0.0/0.0.0.0:2181:NIOServerCnxn@1001] - Closed socket connection for client /10.10.34.13:50265 which had sessionid 0x34ede65503f005a
2015-07-30 23:46:24,611 - INFO  [main:QuorumPeerConfig@101] - Reading configuration from: /etc/zookeeper/conf/zoo.cfg
2015-07-30 23:46:24,623 - INFO  [main:QuorumPeerConfig@334] - Defaulting to majority quorums
2015-07-30 23:46:24,641 - INFO  [main:DatadirCleanupManager@78] - autopurge.snapRetainCount set to 3
2015-07-30 23:46:24,641 - INFO  [main:DatadirCleanupManager@79] - autopurge.purgeInterval set to 0
2015-07-30 23:46:24,642 - INFO  [main:DatadirCleanupManager@101] - Purge task is not scheduled.
2015-07-30 23:46:24,665 - INFO  [main:QuorumPeerMain@127] - Starting quorum peer
2015-07-30 23:46:24,688 - INFO  [main:NIOServerCnxnFactory@94] - binding to port 0.0.0.0/0.0.0.0:2181
2015-07-30 23:46:24,722 - INFO  [main:QuorumPeer@913] - tickTime set to 2000
2015-07-30 23:46:24,723 - INFO  [main:QuorumPeer@933] - minSessionTimeout set to -1
2015-07-30 23:46:24,723 - INFO  [main:QuorumPeer@944] - maxSessionTimeout set to -1
2015-07-30 23:46:24,723 - INFO  [main:QuorumPeer@959] - initLimit set to 10
2015-07-30 23:46:24,746 - INFO  [main:FileSnap@83] - Reading snapshot /var/lib/zookeeper/version-2/snapshot.300000000
2015-07-30 23:46:25,250 - INFO  [Thread-1:QuorumCnxManager$Listener@486] - My election bind port: 0.0.0.0/0.0.0.0:3888
2015-07-30 23:46:25,258 - INFO  [QuorumPeer[myid=3]/0:0:0:0:0:0:0:0:2181:QuorumPeer@670] - LOOKING
2015-07-30 23:46:25,259 - INFO  [QuorumPeer[myid=3]/0:0:0:0:0:0:0:0:2181:FastLeaderElection@740] - New election. My id =  3, proposed zxid=0x300000dcd
2015-07-30 23:46:28,266 - WARN  [WorkerSender[myid=3]:QuorumCnxManager@368] - Cannot open channel to 1 at election address /10.10.34.11:3888
2015-07-30 23:46:28,291 - INFO  [QuorumPeer[myid=3]/0:0:0:0:0:0:0:0:2181:FastLeaderElection@774] - Notification time out: 400
2015-07-30 23:46:28,293 - INFO  [WorkerReceiver[myid=3]:FastLeaderElection@542] - Notification: 1 (n.leader), 0x300000dcd (n.zxid), 0x4 (n.round), LOOKING (n.state), 1 (n.sid), 0x3 (n.peerEPoch), LOOKING (my state)
2015-07-30 23:46:28,294 - INFO  [WorkerReceiver[myid=3]:FastLeaderElection@542] - Notification: 1 (n.leader), 0x300000dcd (n.zxid), 0x4 (n.round), LOOKING (n.state), 1 (n.sid), 0x3 (n.peerEPoch), LOOKING (my state)
2015-07-30 23:46:28,696 - INFO  [QuorumPeer[myid=3]/0:0:0:0:0:0:0:0:2181:FastLeaderElection@774] - Notification time out: 800
2015-07-30 23:46:29,496 - INFO  [QuorumPeer[myid=3]/0:0:0:0:0:0:0:0:2181:FastLeaderElection@774] - Notification time out: 1600
2015-07-30 23:46:30,290 - INFO  [WorkerReceiver[myid=3]:FastLeaderElection@542] - Notification: 3 (n.leader), 0x300000dcd (n.zxid), 0x1 (n.round), LOOKING (n.state), 3 (n.sid), 0x3 (n.peerEPoch), LOOKING (my state)
2015-07-30 23:46:30,290 - INFO  [WorkerReceiver[myid=3]:FastLeaderElection@542] - Notification: 3 (n.leader), 0x300000dcd (n.zxid), 0x4 (n.round), LOOKING (n.state), 3 (n.sid), 0x3 (n.peerEPoch), LOOKING (my state)
2015-07-30 23:46:30,291 - INFO  [WorkerReceiver[myid=3]:FastLeaderElection@542] - Notification: 3 (n.leader), 0x300000dcd (n.zxid), 0x4 (n.round), LOOKING (n.state), 3 (n.sid), 0x3 (n.peerEPoch), LOOKING (my state)
2015-07-30 23:46:30,291 - INFO  [WorkerReceiver[myid=3]:FastLeaderElection@542] - Notification: 3 (n.leader), 0x300000dcd (n.zxid), 0x4 (n.round), LOOKING (n.state), 3 (n.sid), 0x3 (n.peerEPoch), LOOKING (my state)
2015-07-30 23:46:30,291 - INFO  [WorkerReceiver[myid=3]:FastLeaderElection@542] - Notification: 3 (n.leader), 0x300000dcd (n.zxid), 0x4 (n.round), LOOKING (n.state), 3 (n.sid), 0x3 (n.peerEPoch), LOOKING (my state)
2015-07-30 23:46:30,292 - INFO  [WorkerReceiver[myid=3]:FastLeaderElection@542] - Notification: 3 (n.leader), 0x300000dcd (n.zxid), 0x4 (n.round), LOOKING (n.state), 1 (n.sid), 0x3 (n.peerEPoch), LOOKING (my state)
2015-07-30 23:46:30,298 - INFO  [WorkerReceiver[myid=3]:FastLeaderElection@542] - Notification: 2 (n.leader), 0x300000dcd (n.zxid), 0x1 (n.round), LOOKING (n.state), 2 (n.sid), 0x3 (n.peerEPoch), LOOKING (my state)
2015-07-30 23:46:30,305 - INFO  [WorkerReceiver[myid=3]:FastLeaderElection@542] - Notification: 3 (n.leader), 0x300000dcd (n.zxid), 0x1 (n.round), LOOKING (n.state), 2 (n.sid), 0x3 (n.peerEPoch), LOOKING (my state)
2015-07-30 23:46:30,306 - INFO  [WorkerReceiver[myid=3]:FastLeaderElection@542] - Notification: 3 (n.leader), 0x300000dcd (n.zxid), 0x4 (n.round), LOOKING (n.state), 2 (n.sid), 0x3 (n.peerEPoch), LOOKING (my state)
2015-07-30 23:46:30,507 - INFO  [QuorumPeer[myid=3]/0:0:0:0:0:0:0:0:2181:QuorumPeer@750] - LEADING
2015-07-30 23:46:30,512 - INFO  [QuorumPeer[myid=3]/0:0:0:0:0:0:0:0:2181:Leader@58] - TCP NoDelay set to: true
2015-07-30 23:46:30,530 - INFO  [QuorumPeer[myid=3]/0:0:0:0:0:0:0:0:2181:Environment@100] - Server environment:zookeeper.version=3.4.5--1, built on 06/10/2013 17:26 GMT
2015-07-30 23:46:30,530 - INFO  [QuorumPeer[myid=3]/0:0:0:0:0:0:0:0:2181:Environment@100] - Server environment:host.name=mesos-master-3
2015-07-30 23:46:30,530 - INFO  [QuorumPeer[myid=3]/0:0:0:0:0:0:0:0:2181:Environment@100] - Server environment:java.version=1.7.0_79
2015-07-30 23:46:30,531 - INFO  [QuorumPeer[myid=3]/0:0:0:0:0:0:0:0:2181:Environment@100] - Server environment:java.vendor=Oracle Corporation
2015-07-30 23:46:30,531 - INFO  [QuorumPeer[myid=3]/0:0:0:0:0:0:0:0:2181:Environment@100] - Server environment:java.home=/usr/lib/jvm/java-7-openjdk-amd64/jre
2015-07-30 23:46:30,531 - INFO  [QuorumPeer[myid=3]/0:0:0:0:0:0:0:0:2181:Environment@100] - Server environment:java.class.path=/etc/zookeeper/conf:/usr/share/java/jline.jar:/usr/share/java/log4j-1.2.jar:/usr/share/java/xercesImpl.jar:/usr/share/java/xmlParserAPIs.jar:/usr/share/java/netty.jar:/usr/share/java/slf4j-api.jar:/usr/share/java/slf4j-log4j12.jar:/usr/share/java/zookeeper.jar
2015-07-30 23:46:30,531 - INFO  [QuorumPeer[myid=3]/0:0:0:0:0:0:0:0:2181:Environment@100] - Server environment:java.library.path=/usr/java/packages/lib/amd64:/usr/lib/x86_64-linux-gnu/jni:/lib/x86_64-linux-gnu:/usr/lib/x86_64-linux-gnu:/usr/lib/jni:/lib:/usr/lib
2015-07-30 23:46:30,532 - INFO  [QuorumPeer[myid=3]/0:0:0:0:0:0:0:0:2181:Environment@100] - Server environment:java.io.tmpdir=/tmp
2015-07-30 23:46:30,532 - INFO  [QuorumPeer[myid=3]/0:0:0:0:0:0:0:0:2181:Environment@100] - Server environment:java.compiler=<NA>
2015-07-30 23:46:30,532 - INFO  [QuorumPeer[myid=3]/0:0:0:0:0:0:0:0:2181:Environment@100] - Server environment:os.name=Linux
2015-07-30 23:46:30,532 - INFO  [QuorumPeer[myid=3]/0:0:0:0:0:0:0:0:2181:Environment@100] - Server environment:os.arch=amd64
2015-07-30 23:46:30,532 - INFO  [QuorumPeer[myid=3]/0:0:0:0:0:0:0:0:2181:Environment@100] - Server environment:os.version=3.16.0-30-generic
2015-07-30 23:46:30,533 - INFO  [QuorumPeer[myid=3]/0:0:0:0:0:0:0:0:2181:Environment@100] - Server environment:user.name=zookeeper
2015-07-30 23:46:30,533 - INFO  [QuorumPeer[myid=3]/0:0:0:0:0:0:0:0:2181:Environment@100] - Server environment:user.home=/var/lib/zookeeper
2015-07-30 23:46:30,533 - INFO  [QuorumPeer[myid=3]/0:0:0:0:0:0:0:0:2181:Environment@100] - Server environment:user.dir=/
2015-07-30 23:46:30,536 - INFO  [QuorumPeer[myid=3]/0:0:0:0:0:0:0:0:2181:ZooKeeperServer@162] - Created server with tickTime 2000 minSessionTimeout 4000 maxSessionTimeout 40000 datadir /var/lib/zookeeper/version-2 snapdir /var/lib/zookeeper/version-2
2015-07-30 23:46:30,537 - INFO  [QuorumPeer[myid=3]/0:0:0:0:0:0:0:0:2181:Leader@345] - LEADING - LEADER ELECTION TOOK - 5278
2015-07-30 23:46:30,543 - INFO  [QuorumPeer[myid=3]/0:0:0:0:0:0:0:0:2181:FileSnap@83] - Reading snapshot /var/lib/zookeeper/version-2/snapshot.300000000
2015-07-30 23:46:30,917 - INFO  [QuorumPeer[myid=3]/0:0:0:0:0:0:0:0:2181:FileTxnSnapLog@240] - Snapshotting: 0x300000dcd to /var/lib/zookeeper/version-2/snapshot.300000dcd
2015-07-30 23:46:30,932 - INFO  [LearnerHandler-/10.10.34.12:37802:LearnerHandler@263] - Follower sid: 2 : info : org.apache.zookeeper.server.quorum.QuorumPeer$QuorumServer@4e6dd138
2015-07-30 23:46:30,944 - INFO  [LearnerHandler-/10.10.34.12:37802:LearnerHandler@318] - Synchronizing with Follower sid: 2 maxCommittedLog=0x300000dcd minCommittedLog=0x300000bd9 peerLastZxid=0x300000dcd
2015-07-30 23:46:30,945 - INFO  [LearnerHandler-/10.10.34.12:37802:LearnerHandler@395] - Sending DIFF
2015-07-30 23:46:30,959 - WARN  [LearnerHandler-/10.10.34.12:37802:Leader@574] - Commiting zxid 0x400000000 from /10.10.34.13:2888 not first!
2015-07-30 23:46:30,959 - WARN  [LearnerHandler-/10.10.34.12:37802:Leader@576] - First is 0x0
2015-07-30 23:46:30,959 - INFO  [LearnerHandler-/10.10.34.12:37802:Leader@598] - Have quorum of supporters; starting up and setting last processed zxid: 0x400000000
2015-07-30 23:46:31,512 - INFO  [LearnerHandler-/10.10.34.11:40146:LearnerHandler@263] - Follower sid: 1 : info : org.apache.zookeeper.server.quorum.QuorumPeer$QuorumServer@151a30e7
2015-07-30 23:46:31,513 - INFO  [LearnerHandler-/10.10.34.11:40146:LearnerHandler@318] - Synchronizing with Follower sid: 1 maxCommittedLog=0x300000dcd minCommittedLog=0x300000bd9 peerLastZxid=0x300000dcd
2015-07-30 23:46:31,514 - INFO  [LearnerHandler-/10.10.34.11:40146:LearnerHandler@395] - Sending DIFF
2015-07-30 23:52:53,678 - INFO  [main:QuorumPeerConfig@101] - Reading configuration from: /etc/zookeeper/conf/zoo.cfg
2015-07-30 23:52:53,692 - INFO  [main:QuorumPeerConfig@334] - Defaulting to majority quorums
2015-07-30 23:52:53,710 - INFO  [main:DatadirCleanupManager@78] - autopurge.snapRetainCount set to 3
2015-07-30 23:52:53,711 - INFO  [main:DatadirCleanupManager@79] - autopurge.purgeInterval set to 0
2015-07-30 23:52:53,712 - INFO  [main:DatadirCleanupManager@101] - Purge task is not scheduled.
2015-07-30 23:52:53,734 - INFO  [main:QuorumPeerMain@127] - Starting quorum peer
2015-07-30 23:52:53,760 - INFO  [main:NIOServerCnxnFactory@94] - binding to port 0.0.0.0/0.0.0.0:2181
2015-07-30 23:52:53,800 - INFO  [main:QuorumPeer@913] - tickTime set to 2000
2015-07-30 23:52:53,800 - INFO  [main:QuorumPeer@933] - minSessionTimeout set to -1
2015-07-30 23:52:53,800 - INFO  [main:QuorumPeer@944] - maxSessionTimeout set to -1
2015-07-30 23:52:53,801 - INFO  [main:QuorumPeer@959] - initLimit set to 10
2015-07-30 23:52:53,831 - INFO  [main:FileSnap@83] - Reading snapshot /var/lib/zookeeper/version-2/snapshot.300000dcd
2015-07-30 23:52:54,013 - INFO  [Thread-1:QuorumCnxManager$Listener@486] - My election bind port: 0.0.0.0/0.0.0.0:3888
2015-07-30 23:52:54,031 - INFO  [QuorumPeer[myid=3]/0:0:0:0:0:0:0:0:2181:QuorumPeer@670] - LOOKING
2015-07-30 23:52:54,034 - INFO  [QuorumPeer[myid=3]/0:0:0:0:0:0:0:0:2181:FastLeaderElection@740] - New election. My id =  3, proposed zxid=0x300000dcd
2015-07-30 23:52:56,937 - INFO  [/10.10.34.13:3888:QuorumCnxManager$Listener@493] - Received connection request /10.10.34.12:47967
2015-07-30 23:52:57,043 - WARN  [WorkerSender[myid=3]:QuorumCnxManager@368] - Cannot open channel to 1 at election address /10.10.34.11:3888
2015-07-30 23:52:57,059 - INFO  [/10.10.34.13:3888:QuorumCnxManager$Listener@493] - Received connection request /10.10.34.12:47968
2015-07-30 23:52:57,060 - WARN  [SendWorker:2:QuorumCnxManager$SendWorker@679] - Interrupted while waiting for message on queue
2015-07-30 23:52:57,061 - WARN  [SendWorker:2:QuorumCnxManager$SendWorker@688] - Send worker leaving thread
2015-07-30 23:52:57,060 - WARN  [RecvWorker:2:QuorumCnxManager$RecvWorker@762] - Connection broken for id 2, my id = 3, error = 
2015-07-30 23:52:57,062 - WARN  [RecvWorker:2:QuorumCnxManager$RecvWorker@765] - Interrupting SendWorker
2015-07-30 23:52:57,061 - INFO  [QuorumPeer[myid=3]/0:0:0:0:0:0:0:0:2181:FastLeaderElection@774] - Notification time out: 400
2015-07-30 23:52:57,064 - INFO  [WorkerReceiver[myid=3]:FastLeaderElection@542] - Notification: 2 (n.leader), 0x300000dcd (n.zxid), 0x5 (n.round), LOOKING (n.state), 1 (n.sid), 0x4 (n.peerEPoch), LOOKING (my state)
2015-07-30 23:52:57,065 - INFO  [WorkerReceiver[myid=3]:FastLeaderElection@542] - Notification: 3 (n.leader), 0x300000dcd (n.zxid), 0x1 (n.round), LOOKING (n.state), 3 (n.sid), 0x4 (n.peerEPoch), LOOKING (my state)
2015-07-30 23:52:57,065 - INFO  [WorkerReceiver[myid=3]:FastLeaderElection@542] - Notification: 2 (n.leader), 0x300000dcd (n.zxid), 0x5 (n.round), FOLLOWING (n.state), 1 (n.sid), 0x4 (n.peerEPoch), LOOKING (my state)
2015-07-30 23:52:57,065 - INFO  [WorkerReceiver[myid=3]:FastLeaderElection@542] - Notification: 2 (n.leader), 0x300000dcd (n.zxid), 0x5 (n.round), LEADING (n.state), 2 (n.sid), 0x4 (n.peerEPoch), LOOKING (my state)
2015-07-30 23:52:57,066 - INFO  [WorkerReceiver[myid=3]:FastLeaderElection@542] - Notification: 2 (n.leader), 0x300000dcd (n.zxid), 0x5 (n.round), LEADING (n.state), 2 (n.sid), 0x4 (n.peerEPoch), LOOKING (my state)
2015-07-30 23:52:57,066 - INFO  [WorkerReceiver[myid=3]:FastLeaderElection@542] - Notification: 3 (n.leader), 0x300000dcd (n.zxid), 0x5 (n.round), LOOKING (n.state), 3 (n.sid), 0x4 (n.peerEPoch), FOLLOWING (my state)
2015-07-30 23:52:57,067 - INFO  [QuorumPeer[myid=3]/0:0:0:0:0:0:0:0:2181:QuorumPeer@738] - FOLLOWING
2015-07-30 23:52:57,067 - INFO  [WorkerReceiver[myid=3]:FastLeaderElection@542] - Notification: 3 (n.leader), 0x300000dcd (n.zxid), 0x5 (n.round), FOLLOWING (n.state), 3 (n.sid), 0x4 (n.peerEPoch), FOLLOWING (my state)
2015-07-30 23:52:57,067 - INFO  [WorkerReceiver[myid=3]:FastLeaderElection@542] - Notification: 2 (n.leader), 0x300000dcd (n.zxid), 0x5 (n.round), FOLLOWING (n.state), 1 (n.sid), 0x4 (n.peerEPoch), FOLLOWING (my state)
2015-07-30 23:52:57,068 - INFO  [WorkerReceiver[myid=3]:FastLeaderElection@542] - Notification: 2 (n.leader), 0x300000dcd (n.zxid), 0x5 (n.round), LEADING (n.state), 2 (n.sid), 0x4 (n.peerEPoch), FOLLOWING (my state)
2015-07-30 23:52:57,076 - INFO  [QuorumPeer[myid=3]/0:0:0:0:0:0:0:0:2181:Learner@85] - TCP NoDelay set to: true
2015-07-30 23:52:57,090 - INFO  [QuorumPeer[myid=3]/0:0:0:0:0:0:0:0:2181:Environment@100] - Server environment:zookeeper.version=3.4.5--1, built on 06/10/2013 17:26 GMT
2015-07-30 23:52:57,091 - INFO  [QuorumPeer[myid=3]/0:0:0:0:0:0:0:0:2181:Environment@100] - Server environment:host.name=mesos-master-3
2015-07-30 23:52:57,091 - INFO  [QuorumPeer[myid=3]/0:0:0:0:0:0:0:0:2181:Environment@100] - Server environment:java.version=1.7.0_79
2015-07-30 23:52:57,091 - INFO  [QuorumPeer[myid=3]/0:0:0:0:0:0:0:0:2181:Environment@100] - Server environment:java.vendor=Oracle Corporation
2015-07-30 23:52:57,091 - INFO  [QuorumPeer[myid=3]/0:0:0:0:0:0:0:0:2181:Environment@100] - Server environment:java.home=/usr/lib/jvm/java-7-openjdk-amd64/jre
2015-07-30 23:52:57,092 - INFO  [QuorumPeer[myid=3]/0:0:0:0:0:0:0:0:2181:Environment@100] - Server environment:java.class.path=/etc/zookeeper/conf:/usr/share/java/jline.jar:/usr/share/java/log4j-1.2.jar:/usr/share/java/xercesImpl.jar:/usr/share/java/xmlParserAPIs.jar:/usr/share/java/netty.jar:/usr/share/java/slf4j-api.jar:/usr/share/java/slf4j-log4j12.jar:/usr/share/java/zookeeper.jar
2015-07-30 23:52:57,092 - INFO  [QuorumPeer[myid=3]/0:0:0:0:0:0:0:0:2181:Environment@100] - Server environment:java.library.path=/usr/java/packages/lib/amd64:/usr/lib/x86_64-linux-gnu/jni:/lib/x86_64-linux-gnu:/usr/lib/x86_64-linux-gnu:/usr/lib/jni:/lib:/usr/lib
2015-07-30 23:52:57,092 - INFO  [QuorumPeer[myid=3]/0:0:0:0:0:0:0:0:2181:Environment@100] - Server environment:java.io.tmpdir=/tmp
2015-07-30 23:52:57,092 - INFO  [QuorumPeer[myid=3]/0:0:0:0:0:0:0:0:2181:Environment@100] - Server environment:java.compiler=<NA>
2015-07-30 23:52:57,092 - INFO  [QuorumPeer[myid=3]/0:0:0:0:0:0:0:0:2181:Environment@100] - Server environment:os.name=Linux
2015-07-30 23:52:57,093 - INFO  [QuorumPeer[myid=3]/0:0:0:0:0:0:0:0:2181:Environment@100] - Server environment:os.arch=amd64
2015-07-30 23:52:57,093 - INFO  [QuorumPeer[myid=3]/0:0:0:0:0:0:0:0:2181:Environment@100] - Server environment:os.version=3.16.0-30-generic
2015-07-30 23:52:57,093 - INFO  [QuorumPeer[myid=3]/0:0:0:0:0:0:0:0:2181:Environment@100] - Server environment:user.name=zookeeper
2015-07-30 23:52:57,093 - INFO  [QuorumPeer[myid=3]/0:0:0:0:0:0:0:0:2181:Environment@100] - Server environment:user.home=/var/lib/zookeeper
2015-07-30 23:52:57,093 - INFO  [QuorumPeer[myid=3]/0:0:0:0:0:0:0:0:2181:Environment@100] - Server environment:user.dir=/
2015-07-30 23:52:57,096 - INFO  [QuorumPeer[myid=3]/0:0:0:0:0:0:0:0:2181:ZooKeeperServer@162] - Created server with tickTime 2000 minSessionTimeout 4000 maxSessionTimeout 40000 datadir /var/lib/zookeeper/version-2 snapdir /var/lib/zookeeper/version-2
2015-07-30 23:52:57,098 - INFO  [QuorumPeer[myid=3]/0:0:0:0:0:0:0:0:2181:Follower@63] - FOLLOWING - LEADER ELECTION TOOK - 3064
2015-07-30 23:52:57,113 - INFO  [QuorumPeer[myid=3]/0:0:0:0:0:0:0:0:2181:Learner@325] - Getting a snapshot from leader
2015-07-30 23:52:57,125 - INFO  [QuorumPeer[myid=3]/0:0:0:0:0:0:0:0:2181:FileTxnSnapLog@240] - Snapshotting: 0x500000000 to /var/lib/zookeeper/version-2/snapshot.500000000
2015-07-31 00:02:53,164 - INFO  [NIOServerCxn.Factory:0.0.0.0/0.0.0.0:2181:NIOServerCnxnFactory@197] - Accepted socket connection from /10.10.34.11:52997
2015-07-31 00:02:53,171 - INFO  [NIOServerCxn.Factory:0.0.0.0/0.0.0.0:2181:NIOServerCnxnFactory@197] - Accepted socket connection from /10.10.34.11:52999
2015-07-31 00:02:53,175 - WARN  [NIOServerCxn.Factory:0.0.0.0/0.0.0.0:2181:ZooKeeperServer@793] - Connection request from old client /10.10.34.11:52997; will be dropped if server is in r-o mode
2015-07-31 00:02:53,176 - INFO  [NIOServerCxn.Factory:0.0.0.0/0.0.0.0:2181:ZooKeeperServer@839] - Client attempting to establish new session at /10.10.34.11:52997
2015-07-31 00:02:53,177 - WARN  [NIOServerCxn.Factory:0.0.0.0/0.0.0.0:2181:ZooKeeperServer@793] - Connection request from old client /10.10.34.11:52999; will be dropped if server is in r-o mode
2015-07-31 00:02:53,177 - INFO  [NIOServerCxn.Factory:0.0.0.0/0.0.0.0:2181:ZooKeeperServer@839] - Client attempting to establish new session at /10.10.34.11:52999
2015-07-31 00:02:53,178 - INFO  [NIOServerCxn.Factory:0.0.0.0/0.0.0.0:2181:NIOServerCnxnFactory@197] - Accepted socket connection from /10.10.34.11:53000
2015-07-31 00:02:53,178 - WARN  [NIOServerCxn.Factory:0.0.0.0/0.0.0.0:2181:ZooKeeperServer@793] - Connection request from old client /10.10.34.11:53000; will be dropped if server is in r-o mode
2015-07-31 00:02:53,179 - INFO  [NIOServerCxn.Factory:0.0.0.0/0.0.0.0:2181:ZooKeeperServer@839] - Client attempting to establish new session at /10.10.34.11:53000
2015-07-31 00:02:53,179 - WARN  [QuorumPeer[myid=3]/0:0:0:0:0:0:0:0:2181:Follower@118] - Got zxid 0x500000001 expected 0x1
2015-07-31 00:02:53,180 - INFO  [SyncThread:3:FileTxnLog@199] - Creating new log file: log.500000001
2015-07-31 00:02:53,195 - INFO  [CommitProcessor:3:ZooKeeperServer@595] - Established session 0x34edfaa9c220000 with negotiated timeout 10000 for client /10.10.34.11:52997
2015-07-31 00:02:53,196 - INFO  [CommitProcessor:3:ZooKeeperServer@595] - Established session 0x34edfaa9c220001 with negotiated timeout 10000 for client /10.10.34.11:52999
2015-07-31 00:02:53,198 - INFO  [CommitProcessor:3:ZooKeeperServer@595] - Established session 0x34edfaa9c220002 with negotiated timeout 10000 for client /10.10.34.11:53000
2015-07-31 00:02:53,333 - INFO  [NIOServerCxn.Factory:0.0.0.0/0.0.0.0:2181:NIOServerCnxnFactory@197] - Accepted socket connection from /10.10.34.12:50055
2015-07-31 00:02:53,333 - INFO  [NIOServerCxn.Factory:0.0.0.0/0.0.0.0:2181:NIOServerCnxnFactory@197] - Accepted socket connection from /10.10.34.12:50056
2015-07-31 00:02:53,334 - WARN  [NIOServerCxn.Factory:0.0.0.0/0.0.0.0:2181:ZooKeeperServer@793] - Connection request from old client /10.10.34.12:50055; will be dropped if server is in r-o mode
2015-07-31 00:02:53,334 - INFO  [NIOServerCxn.Factory:0.0.0.0/0.0.0.0:2181:ZooKeeperServer@839] - Client attempting to establish new session at /10.10.34.12:50055
2015-07-31 00:02:53,335 - WARN  [NIOServerCxn.Factory:0.0.0.0/0.0.0.0:2181:ZooKeeperServer@793] - Connection request from old client /10.10.34.12:50056; will be dropped if server is in r-o mode
2015-07-31 00:02:53,335 - INFO  [NIOServerCxn.Factory:0.0.0.0/0.0.0.0:2181:ZooKeeperServer@839] - Client attempting to establish new session at /10.10.34.12:50056
2015-07-31 00:02:53,337 - INFO  [CommitProcessor:3:ZooKeeperServer@595] - Established session 0x34edfaa9c220003 with negotiated timeout 10000 for client /10.10.34.12:50055
2015-07-31 00:02:53,338 - INFO  [CommitProcessor:3:ZooKeeperServer@595] - Established session 0x34edfaa9c220004 with negotiated timeout 10000 for client /10.10.34.12:50056
2015-07-31 00:02:55,078 - INFO  [NIOServerCxn.Factory:0.0.0.0/0.0.0.0:2181:NIOServerCnxnFactory@197] - Accepted socket connection from /10.10.34.12:50059
2015-07-31 00:02:55,079 - WARN  [NIOServerCxn.Factory:0.0.0.0/0.0.0.0:2181:ZooKeeperServer@793] - Connection request from old client /10.10.34.12:50059; will be dropped if server is in r-o mode
2015-07-31 00:02:55,079 - INFO  [NIOServerCxn.Factory:0.0.0.0/0.0.0.0:2181:ZooKeeperServer@839] - Client attempting to establish new session at /10.10.34.12:50059
2015-07-31 00:02:55,082 - INFO  [CommitProcessor:3:ZooKeeperServer@595] - Established session 0x34edfaa9c220005 with negotiated timeout 10000 for client /10.10.34.12:50059
2015-07-31 00:02:55,291 - INFO  [NIOServerCxn.Factory:0.0.0.0/0.0.0.0:2181:NIOServerCnxnFactory@197] - Accepted socket connection from /10.10.34.14:54976
2015-07-31 00:02:55,292 - WARN  [NIOServerCxn.Factory:0.0.0.0/0.0.0.0:2181:ZooKeeperServer@793] - Connection request from old client /10.10.34.14:54976; will be dropped if server is in r-o mode
2015-07-31 00:02:55,292 - INFO  [NIOServerCxn.Factory:0.0.0.0/0.0.0.0:2181:ZooKeeperServer@839] - Client attempting to establish new session at /10.10.34.14:54976
2015-07-31 00:02:55,295 - INFO  [CommitProcessor:3:ZooKeeperServer@595] - Established session 0x34edfaa9c220006 with negotiated timeout 10000 for client /10.10.34.14:54976
2015-07-31 00:02:55,795 - INFO  [NIOServerCxn.Factory:0.0.0.0/0.0.0.0:2181:NIOServerCnxnFactory@197] - Accepted socket connection from /10.10.34.18:50834
2015-07-31 00:02:55,796 - WARN  [NIOServerCxn.Factory:0.0.0.0/0.0.0.0:2181:ZooKeeperServer@793] - Connection request from old client /10.10.34.18:50834; will be dropped if server is in r-o mode
2015-07-31 00:02:55,796 - INFO  [NIOServerCxn.Factory:0.0.0.0/0.0.0.0:2181:ZooKeeperServer@839] - Client attempting to establish new session at /10.10.34.18:50834
2015-07-31 00:02:55,800 - INFO  [CommitProcessor:3:ZooKeeperServer@595] - Established session 0x34edfaa9c220007 with negotiated timeout 10000 for client /10.10.34.18:50834
2015-07-31 00:02:55,911 - INFO  [NIOServerCxn.Factory:0.0.0.0/0.0.0.0:2181:NIOServerCnxnFactory@197] - Accepted socket connection from /10.10.34.19:43958
2015-07-31 00:02:55,912 - WARN  [NIOServerCxn.Factory:0.0.0.0/0.0.0.0:2181:ZooKeeperServer@793] - Connection request from old client /10.10.34.19:43958; will be dropped if server is in r-o mode
2015-07-31 00:02:55,912 - INFO  [NIOServerCxn.Factory:0.0.0.0/0.0.0.0:2181:ZooKeeperServer@839] - Client attempting to establish new session at /10.10.34.19:43958
2015-07-31 00:02:55,915 - INFO  [CommitProcessor:3:ZooKeeperServer@595] - Established session 0x34edfaa9c220008 with negotiated timeout 10000 for client /10.10.34.19:43958
2015-07-31 00:02:56,021 - INFO  [NIOServerCxn.Factory:0.0.0.0/0.0.0.0:2181:NIOServerCnxnFactory@197] - Accepted socket connection from /10.10.34.20:48821
2015-07-31 00:02:56,021 - WARN  [NIOServerCxn.Factory:0.0.0.0/0.0.0.0:2181:ZooKeeperServer@793] - Connection request from old client /10.10.34.20:48821; will be dropped if server is in r-o mode
2015-07-31 00:02:56,021 - INFO  [NIOServerCxn.Factory:0.0.0.0/0.0.0.0:2181:ZooKeeperServer@839] - Client attempting to establish new session at /10.10.34.20:48821
2015-07-31 00:02:56,025 - INFO  [CommitProcessor:3:ZooKeeperServer@595] - Established session 0x34edfaa9c220009 with negotiated timeout 10000 for client /10.10.34.20:48821
2015-07-31 00:02:56,132 - INFO  [NIOServerCxn.Factory:0.0.0.0/0.0.0.0:2181:NIOServerCnxnFactory@197] - Accepted socket connection from /10.10.34.21:49963
2015-07-31 00:02:56,133 - WARN  [NIOServerCxn.Factory:0.0.0.0/0.0.0.0:2181:ZooKeeperServer@793] - Connection request from old client /10.10.34.21:49963; will be dropped if server is in r-o mode
2015-07-31 00:02:56,133 - INFO  [NIOServerCxn.Factory:0.0.0.0/0.0.0.0:2181:ZooKeeperServer@839] - Client attempting to establish new session at /10.10.34.21:49963
2015-07-31 00:02:56,136 - INFO  [CommitProcessor:3:ZooKeeperServer@595] - Established session 0x34edfaa9c22000a with negotiated timeout 10000 for client /10.10.34.21:49963
2015-07-31 00:02:56,334 - INFO  [NIOServerCxn.Factory:0.0.0.0/0.0.0.0:2181:NIOServerCnxnFactory@197] - Accepted socket connection from /10.10.34.23:52339
2015-07-31 00:02:56,334 - WARN  [NIOServerCxn.Factory:0.0.0.0/0.0.0.0:2181:ZooKeeperServer@793] - Connection request from old client /10.10.34.23:52339; will be dropped if server is in r-o mode
2015-07-31 00:02:56,334 - INFO  [NIOServerCxn.Factory:0.0.0.0/0.0.0.0:2181:ZooKeeperServer@839] - Client attempting to establish new session at /10.10.34.23:52339
2015-07-31 00:02:56,337 - INFO  [CommitProcessor:3:ZooKeeperServer@595] - Established session 0x34edfaa9c22000b with negotiated timeout 10000 for client /10.10.34.23:52339
2015-07-31 00:02:56,431 - INFO  [NIOServerCxn.Factory:0.0.0.0/0.0.0.0:2181:NIOServerCnxnFactory@197] - Accepted socket connection from /10.10.34.24:37975
2015-07-31 00:02:56,431 - WARN  [NIOServerCxn.Factory:0.0.0.0/0.0.0.0:2181:ZooKeeperServer@793] - Connection request from old client /10.10.34.24:37975; will be dropped if server is in r-o mode
2015-07-31 00:02:56,432 - INFO  [NIOServerCxn.Factory:0.0.0.0/0.0.0.0:2181:ZooKeeperServer@839] - Client attempting to establish new session at /10.10.34.24:37975
2015-07-31 00:02:56,435 - INFO  [CommitProcessor:3:ZooKeeperServer@595] - Established session 0x34edfaa9c22000c with negotiated timeout 10000 for client /10.10.34.24:37975
2015-07-31 00:02:56,536 - INFO  [NIOServerCxn.Factory:0.0.0.0/0.0.0.0:2181:NIOServerCnxnFactory@197] - Accepted socket connection from /10.10.34.25:34488
2015-07-31 00:02:56,536 - WARN  [NIOServerCxn.Factory:0.0.0.0/0.0.0.0:2181:ZooKeeperServer@793] - Connection request from old client /10.10.34.25:34488; will be dropped if server is in r-o mode
2015-07-31 00:02:56,536 - INFO  [NIOServerCxn.Factory:0.0.0.0/0.0.0.0:2181:ZooKeeperServer@839] - Client attempting to establish new session at /10.10.34.25:34488
2015-07-31 00:02:56,539 - INFO  [CommitProcessor:3:ZooKeeperServer@595] - Established session 0x34edfaa9c22000d with negotiated timeout 10000 for client /10.10.34.25:34488
2015-07-31 00:02:56,547 - INFO  [NIOServerCxn.Factory:0.0.0.0/0.0.0.0:2181:NIOServerCnxnFactory@197] - Accepted socket connection from /10.10.34.29:57203
2015-07-31 00:02:56,548 - WARN  [NIOServerCxn.Factory:0.0.0.0/0.0.0.0:2181:ZooKeeperServer@793] - Connection request from old client /10.10.34.29:57203; will be dropped if server is in r-o mode
2015-07-31 00:02:56,548 - INFO  [NIOServerCxn.Factory:0.0.0.0/0.0.0.0:2181:ZooKeeperServer@839] - Client attempting to establish new session at /10.10.34.29:57203
2015-07-31 00:02:56,551 - INFO  [CommitProcessor:3:ZooKeeperServer@595] - Established session 0x34edfaa9c22000e with negotiated timeout 10000 for client /10.10.34.29:57203
2015-07-31 00:02:56,950 - INFO  [NIOServerCxn.Factory:0.0.0.0/0.0.0.0:2181:NIOServerCnxnFactory@197] - Accepted socket connection from /10.10.34.33:56727
2015-07-31 00:02:56,950 - WARN  [NIOServerCxn.Factory:0.0.0.0/0.0.0.0:2181:ZooKeeperServer@793] - Connection request from old client /10.10.34.33:56727; will be dropped if server is in r-o mode
2015-07-31 00:02:56,951 - INFO  [NIOServerCxn.Factory:0.0.0.0/0.0.0.0:2181:ZooKeeperServer@839] - Client attempting to establish new session at /10.10.34.33:56727
2015-07-31 00:02:56,954 - INFO  [CommitProcessor:3:ZooKeeperServer@595] - Established session 0x34edfaa9c22000f with negotiated timeout 10000 for client /10.10.34.33:56727
2015-07-31 00:02:57,579 - INFO  [NIOServerCxn.Factory:0.0.0.0/0.0.0.0:2181:NIOServerCnxnFactory@197] - Accepted socket connection from /10.10.34.39:51758
2015-07-31 00:02:57,579 - WARN  [NIOServerCxn.Factory:0.0.0.0/0.0.0.0:2181:ZooKeeperServer@793] - Connection request from old client /10.10.34.39:51758; will be dropped if server is in r-o mode
2015-07-31 00:02:57,580 - INFO  [NIOServerCxn.Factory:0.0.0.0/0.0.0.0:2181:ZooKeeperServer@839] - Client attempting to establish new session at /10.10.34.39:51758
2015-07-31 00:02:57,582 - INFO  [CommitProcessor:3:ZooKeeperServer@595] - Established session 0x34edfaa9c220010 with negotiated timeout 10000 for client /10.10.34.39:51758
2015-07-31 00:04:54,200 - INFO  [NIOServerCxn.Factory:0.0.0.0/0.0.0.0:2181:NIOServerCnxnFactory@197] - Accepted socket connection from /10.10.34.11:53309
2015-07-31 00:04:54,201 - WARN  [NIOServerCxn.Factory:0.0.0.0/0.0.0.0:2181:ZooKeeperServer@793] - Connection request from old client /10.10.34.11:53309; will be dropped if server is in r-o mode
2015-07-31 00:04:54,201 - INFO  [NIOServerCxn.Factory:0.0.0.0/0.0.0.0:2181:ZooKeeperServer@839] - Client attempting to establish new session at /10.10.34.11:53309
2015-07-31 00:04:54,204 - INFO  [CommitProcessor:3:ZooKeeperServer@595] - Established session 0x34edfaa9c220011 with negotiated timeout 20000 for client /10.10.34.11:53309
2015-07-31 00:04:54,237 - INFO  [NIOServerCxn.Factory:0.0.0.0/0.0.0.0:2181:NIOServerCnxnFactory@197] - Accepted socket connection from /10.10.34.11:53310
2015-07-31 00:04:54,238 - WARN  [NIOServerCxn.Factory:0.0.0.0/0.0.0.0:2181:ZooKeeperServer@793] - Connection request from old client /10.10.34.11:53310; will be dropped if server is in r-o mode
2015-07-31 00:04:54,238 - INFO  [NIOServerCxn.Factory:0.0.0.0/0.0.0.0:2181:ZooKeeperServer@839] - Client attempting to establish new session at /10.10.34.11:53310
2015-07-31 00:04:54,240 - INFO  [CommitProcessor:3:ZooKeeperServer@595] - Established session 0x34edfaa9c220012 with negotiated timeout 20000 for client /10.10.34.11:53310
2015-07-31 00:04:54,251 - INFO  [NIOServerCxn.Factory:0.0.0.0/0.0.0.0:2181:NIOServerCnxnFactory@197] - Accepted socket connection from /10.10.34.11:53311
2015-07-31 00:04:54,251 - WARN  [NIOServerCxn.Factory:0.0.0.0/0.0.0.0:2181:ZooKeeperServer@793] - Connection request from old client /10.10.34.11:53311; will be dropped if server is in r-o mode
2015-07-31 00:04:54,251 - INFO  [NIOServerCxn.Factory:0.0.0.0/0.0.0.0:2181:ZooKeeperServer@839] - Client attempting to establish new session at /10.10.34.11:53311
2015-07-31 00:04:54,254 - INFO  [CommitProcessor:3:ZooKeeperServer@595] - Established session 0x34edfaa9c220013 with negotiated timeout 10000 for client /10.10.34.11:53311
2015-07-31 00:15:23,609 - WARN  [NIOServerCxn.Factory:0.0.0.0/0.0.0.0:2181:NIOServerCnxn@349] - caught end of stream exception
2015-07-31 00:15:23,611 - INFO  [NIOServerCxn.Factory:0.0.0.0/0.0.0.0:2181:NIOServerCnxn@1001] - Closed socket connection for client /10.10.34.11:53310 which had sessionid 0x34edfaa9c220012
2015-07-31 00:15:23,611 - WARN  [NIOServerCxn.Factory:0.0.0.0/0.0.0.0:2181:NIOServerCnxn@349] - caught end of stream exception
2015-07-31 00:15:23,612 - INFO  [NIOServerCxn.Factory:0.0.0.0/0.0.0.0:2181:NIOServerCnxn@1001] - Closed socket connection for client /10.10.34.11:53309 which had sessionid 0x34edfaa9c220011
2015-07-31 00:15:23,612 - WARN  [NIOServerCxn.Factory:0.0.0.0/0.0.0.0:2181:NIOServerCnxn@349] - caught end of stream exception
2015-07-31 00:15:23,613 - INFO  [NIOServerCxn.Factory:0.0.0.0/0.0.0.0:2181:NIOServerCnxn@1001] - Closed socket connection for client /10.10.34.11:53311 which had sessionid 0x34edfaa9c220013
2015-07-31 00:16:07,695 - WARN  [NIOServerCxn.Factory:0.0.0.0/0.0.0.0:2181:NIOServerCnxn@349] - caught end of stream exception
2015-07-31 00:16:07,695 - INFO  [NIOServerCxn.Factory:0.0.0.0/0.0.0.0:2181:NIOServerCnxn@1001] - Closed socket connection for client /10.10.34.12:50059 which had sessionid 0x34edfaa9c220005
2015-07-31 00:16:07,896 - WARN  [NIOServerCxn.Factory:0.0.0.0/0.0.0.0:2181:NIOServerCnxn@349] - caught end of stream exception
2015-07-31 00:16:07,897 - INFO  [NIOServerCxn.Factory:0.0.0.0/0.0.0.0:2181:NIOServerCnxn@1001] - Closed socket connection for client /10.10.34.14:54976 which had sessionid 0x34edfaa9c220006
2015-07-31 00:16:08,410 - WARN  [NIOServerCxn.Factory:0.0.0.0/0.0.0.0:2181:NIOServerCnxn@349] - caught end of stream exception
2015-07-31 00:16:08,411 - INFO  [NIOServerCxn.Factory:0.0.0.0/0.0.0.0:2181:NIOServerCnxn@1001] - Closed socket connection for client /10.10.34.18:50834 which had sessionid 0x34edfaa9c220007
2015-07-31 00:16:08,534 - WARN  [NIOServerCxn.Factory:0.0.0.0/0.0.0.0:2181:NIOServerCnxn@349] - caught end of stream exception
2015-07-31 00:16:08,534 - INFO  [NIOServerCxn.Factory:0.0.0.0/0.0.0.0:2181:NIOServerCnxn@1001] - Closed socket connection for client /10.10.34.19:43958 which had sessionid 0x34edfaa9c220008
2015-07-31 00:16:08,631 - WARN  [NIOServerCxn.Factory:0.0.0.0/0.0.0.0:2181:NIOServerCnxn@349] - caught end of stream exception
2015-07-31 00:16:08,632 - INFO  [NIOServerCxn.Factory:0.0.0.0/0.0.0.0:2181:NIOServerCnxn@1001] - Closed socket connection for client /10.10.34.20:48821 which had sessionid 0x34edfaa9c220009
2015-07-31 00:16:08,735 - WARN  [NIOServerCxn.Factory:0.0.0.0/0.0.0.0:2181:NIOServerCnxn@349] - caught end of stream exception
2015-07-31 00:16:08,736 - INFO  [NIOServerCxn.Factory:0.0.0.0/0.0.0.0:2181:NIOServerCnxn@1001] - Closed socket connection for client /10.10.34.21:49963 which had sessionid 0x34edfaa9c22000a
2015-07-31 00:16:08,940 - WARN  [NIOServerCxn.Factory:0.0.0.0/0.0.0.0:2181:NIOServerCnxn@349] - caught end of stream exception
2015-07-31 00:16:08,941 - INFO  [NIOServerCxn.Factory:0.0.0.0/0.0.0.0:2181:NIOServerCnxn@1001] - Closed socket connection for client /10.10.34.23:52339 which had sessionid 0x34edfaa9c22000b
2015-07-31 00:16:09,038 - WARN  [NIOServerCxn.Factory:0.0.0.0/0.0.0.0:2181:NIOServerCnxn@349] - caught end of stream exception
2015-07-31 00:16:09,038 - INFO  [NIOServerCxn.Factory:0.0.0.0/0.0.0.0:2181:NIOServerCnxn@1001] - Closed socket connection for client /10.10.34.24:37975 which had sessionid 0x34edfaa9c22000c
2015-07-31 00:16:09,139 - WARN  [NIOServerCxn.Factory:0.0.0.0/0.0.0.0:2181:NIOServerCnxn@349] - caught end of stream exception
2015-07-31 00:16:09,140 - INFO  [NIOServerCxn.Factory:0.0.0.0/0.0.0.0:2181:NIOServerCnxn@1001] - Closed socket connection for client /10.10.34.25:34488 which had sessionid 0x34edfaa9c22000d
2015-07-31 00:16:09,179 - WARN  [NIOServerCxn.Factory:0.0.0.0/0.0.0.0:2181:NIOServerCnxn@349] - caught end of stream exception
2015-07-31 00:16:09,179 - INFO  [NIOServerCxn.Factory:0.0.0.0/0.0.0.0:2181:NIOServerCnxn@1001] - Closed socket connection for client /10.10.34.29:57203 which had sessionid 0x34edfaa9c22000e
2015-07-31 00:16:09,585 - WARN  [NIOServerCxn.Factory:0.0.0.0/0.0.0.0:2181:NIOServerCnxn@349] - caught end of stream exception
2015-07-31 00:16:09,586 - INFO  [NIOServerCxn.Factory:0.0.0.0/0.0.0.0:2181:NIOServerCnxn@1001] - Closed socket connection for client /10.10.34.33:56727 which had sessionid 0x34edfaa9c22000f
2015-07-31 00:16:10,204 - WARN  [NIOServerCxn.Factory:0.0.0.0/0.0.0.0:2181:NIOServerCnxn@349] - caught end of stream exception
2015-07-31 00:16:10,205 - INFO  [NIOServerCxn.Factory:0.0.0.0/0.0.0.0:2181:NIOServerCnxn@1001] - Closed socket connection for client /10.10.34.39:51758 which had sessionid 0x34edfaa9c220010
2015-07-31 00:16:12,150 - WARN  [NIOServerCxn.Factory:0.0.0.0/0.0.0.0:2181:NIOServerCnxn@349] - caught end of stream exception
2015-07-31 00:16:12,151 - INFO  [NIOServerCxn.Factory:0.0.0.0/0.0.0.0:2181:NIOServerCnxn@1001] - Closed socket connection for client /10.10.34.11:52999 which had sessionid 0x34edfaa9c220001
2015-07-31 00:16:12,151 - WARN  [NIOServerCxn.Factory:0.0.0.0/0.0.0.0:2181:NIOServerCnxn@349] - caught end of stream exception
2015-07-31 00:16:12,152 - INFO  [NIOServerCxn.Factory:0.0.0.0/0.0.0.0:2181:NIOServerCnxn@1001] - Closed socket connection for client /10.10.34.11:52997 which had sessionid 0x34edfaa9c220000
2015-07-31 00:16:12,152 - WARN  [NIOServerCxn.Factory:0.0.0.0/0.0.0.0:2181:NIOServerCnxn@349] - caught end of stream exception
2015-07-31 00:16:12,153 - INFO  [NIOServerCxn.Factory:0.0.0.0/0.0.0.0:2181:NIOServerCnxn@1001] - Closed socket connection for client /10.10.34.11:53000 which had sessionid 0x34edfaa9c220002
2015-07-31 00:16:12,243 - WARN  [NIOServerCxn.Factory:0.0.0.0/0.0.0.0:2181:NIOServerCnxn@349] - caught end of stream exception
2015-07-31 00:16:12,244 - INFO  [NIOServerCxn.Factory:0.0.0.0/0.0.0.0:2181:NIOServerCnxn@1001] - Closed socket connection for client /10.10.34.12:50055 which had sessionid 0x34edfaa9c220003
2015-07-31 00:16:12,244 - WARN  [NIOServerCxn.Factory:0.0.0.0/0.0.0.0:2181:NIOServerCnxn@349] - caught end of stream exception
2015-07-31 00:16:12,245 - INFO  [NIOServerCxn.Factory:0.0.0.0/0.0.0.0:2181:NIOServerCnxn@1001] - Closed socket connection for client /10.10.34.12:50056 which had sessionid 0x34edfaa9c220004
2015-07-31 00:17:49,879 - INFO  [NIOServerCxn.Factory:0.0.0.0/0.0.0.0:2181:NIOServerCnxnFactory@197] - Accepted socket connection from /10.10.34.11:54174
2015-07-31 00:17:49,880 - INFO  [NIOServerCxn.Factory:0.0.0.0/0.0.0.0:2181:NIOServerCnxnFactory@197] - Accepted socket connection from /10.10.34.11:54175
2015-07-31 00:17:49,880 - WARN  [NIOServerCxn.Factory:0.0.0.0/0.0.0.0:2181:ZooKeeperServer@793] - Connection request from old client /10.10.34.11:54174; will be dropped if server is in r-o mode
2015-07-31 00:17:49,881 - INFO  [NIOServerCxn.Factory:0.0.0.0/0.0.0.0:2181:ZooKeeperServer@839] - Client attempting to establish new session at /10.10.34.11:54174
2015-07-31 00:17:49,881 - WARN  [NIOServerCxn.Factory:0.0.0.0/0.0.0.0:2181:ZooKeeperServer@793] - Connection request from old client /10.10.34.11:54175; will be dropped if server is in r-o mode
2015-07-31 00:17:49,881 - INFO  [NIOServerCxn.Factory:0.0.0.0/0.0.0.0:2181:ZooKeeperServer@839] - Client attempting to establish new session at /10.10.34.11:54175
2015-07-31 00:17:49,883 - INFO  [CommitProcessor:3:ZooKeeperServer@595] - Established session 0x34edfaa9c220014 with negotiated timeout 10000 for client /10.10.34.11:54174
2015-07-31 00:17:49,885 - INFO  [CommitProcessor:3:ZooKeeperServer@595] - Established session 0x34edfaa9c220015 with negotiated timeout 10000 for client /10.10.34.11:54175
2015-07-31 00:17:50,075 - INFO  [NIOServerCxn.Factory:0.0.0.0/0.0.0.0:2181:NIOServerCnxnFactory@197] - Accepted socket connection from /10.10.34.13:42039
2015-07-31 00:17:50,076 - WARN  [NIOServerCxn.Factory:0.0.0.0/0.0.0.0:2181:ZooKeeperServer@793] - Connection request from old client /10.10.34.13:42039; will be dropped if server is in r-o mode
2015-07-31 00:17:50,076 - INFO  [NIOServerCxn.Factory:0.0.0.0/0.0.0.0:2181:ZooKeeperServer@839] - Client attempting to establish new session at /10.10.34.13:42039
2015-07-31 00:17:50,078 - INFO  [CommitProcessor:3:ZooKeeperServer@595] - Established session 0x34edfaa9c220016 with negotiated timeout 10000 for client /10.10.34.13:42039
2015-07-31 00:17:52,099 - INFO  [NIOServerCxn.Factory:0.0.0.0/0.0.0.0:2181:NIOServerCnxnFactory@197] - Accepted socket connection from /10.10.34.15:59549
2015-07-31 00:17:52,099 - WARN  [NIOServerCxn.Factory:0.0.0.0/0.0.0.0:2181:ZooKeeperServer@793] - Connection request from old client /10.10.34.15:59549; will be dropped if server is in r-o mode
2015-07-31 00:17:52,100 - INFO  [NIOServerCxn.Factory:0.0.0.0/0.0.0.0:2181:ZooKeeperServer@839] - Client attempting to establish new session at /10.10.34.15:59549
2015-07-31 00:17:52,102 - INFO  [CommitProcessor:3:ZooKeeperServer@595] - Established session 0x34edfaa9c220017 with negotiated timeout 10000 for client /10.10.34.15:59549
2015-07-31 00:17:52,506 - INFO  [NIOServerCxn.Factory:0.0.0.0/0.0.0.0:2181:NIOServerCnxnFactory@197] - Accepted socket connection from /10.10.34.18:50836
2015-07-31 00:17:52,506 - WARN  [NIOServerCxn.Factory:0.0.0.0/0.0.0.0:2181:ZooKeeperServer@793] - Connection request from old client /10.10.34.18:50836; will be dropped if server is in r-o mode
2015-07-31 00:17:52,507 - INFO  [NIOServerCxn.Factory:0.0.0.0/0.0.0.0:2181:ZooKeeperServer@839] - Client attempting to establish new session at /10.10.34.18:50836
2015-07-31 00:17:52,509 - INFO  [CommitProcessor:3:ZooKeeperServer@595] - Established session 0x34edfaa9c220018 with negotiated timeout 10000 for client /10.10.34.18:50836
2015-07-31 00:17:52,937 - INFO  [NIOServerCxn.Factory:0.0.0.0/0.0.0.0:2181:NIOServerCnxnFactory@197] - Accepted socket connection from /10.10.34.22:36826
2015-07-31 00:17:52,938 - WARN  [NIOServerCxn.Factory:0.0.0.0/0.0.0.0:2181:ZooKeeperServer@793] - Connection request from old client /10.10.34.22:36826; will be dropped if server is in r-o mode
2015-07-31 00:17:52,938 - INFO  [NIOServerCxn.Factory:0.0.0.0/0.0.0.0:2181:ZooKeeperServer@839] - Client attempting to establish new session at /10.10.34.22:36826
2015-07-31 00:17:52,940 - INFO  [CommitProcessor:3:ZooKeeperServer@595] - Established session 0x34edfaa9c220019 with negotiated timeout 10000 for client /10.10.34.22:36826
2015-07-31 00:17:53,260 - INFO  [NIOServerCxn.Factory:0.0.0.0/0.0.0.0:2181:NIOServerCnxnFactory@197] - Accepted socket connection from /10.10.34.29:57205
2015-07-31 00:17:53,261 - WARN  [NIOServerCxn.Factory:0.0.0.0/0.0.0.0:2181:ZooKeeperServer@793] - Connection request from old client /10.10.34.29:57205; will be dropped if server is in r-o mode
2015-07-31 00:17:53,261 - INFO  [NIOServerCxn.Factory:0.0.0.0/0.0.0.0:2181:ZooKeeperServer@839] - Client attempting to establish new session at /10.10.34.29:57205
2015-07-31 00:17:53,263 - INFO  [CommitProcessor:3:ZooKeeperServer@595] - Established session 0x34edfaa9c22001a with negotiated timeout 10000 for client /10.10.34.29:57205
2015-07-31 00:17:53,460 - INFO  [NIOServerCxn.Factory:0.0.0.0/0.0.0.0:2181:NIOServerCnxnFactory@197] - Accepted socket connection from /10.10.34.31:59879
2015-07-31 00:17:53,460 - WARN  [NIOServerCxn.Factory:0.0.0.0/0.0.0.0:2181:ZooKeeperServer@793] - Connection request from old client /10.10.34.31:59879; will be dropped if server is in r-o mode
2015-07-31 00:17:53,460 - INFO  [NIOServerCxn.Factory:0.0.0.0/0.0.0.0:2181:ZooKeeperServer@839] - Client attempting to establish new session at /10.10.34.31:59879
2015-07-31 00:17:53,463 - INFO  [CommitProcessor:3:ZooKeeperServer@595] - Established session 0x34edfaa9c22001b with negotiated timeout 10000 for client /10.10.34.31:59879
2015-07-31 00:17:53,789 - INFO  [NIOServerCxn.Factory:0.0.0.0/0.0.0.0:2181:NIOServerCnxnFactory@197] - Accepted socket connection from /10.10.34.34:55572
2015-07-31 00:17:53,789 - WARN  [NIOServerCxn.Factory:0.0.0.0/0.0.0.0:2181:ZooKeeperServer@793] - Connection request from old client /10.10.34.34:55572; will be dropped if server is in r-o mode
2015-07-31 00:17:53,789 - INFO  [NIOServerCxn.Factory:0.0.0.0/0.0.0.0:2181:ZooKeeperServer@839] - Client attempting to establish new session at /10.10.34.34:55572
2015-07-31 00:17:53,792 - INFO  [CommitProcessor:3:ZooKeeperServer@595] - Established session 0x34edfaa9c22001c with negotiated timeout 10000 for client /10.10.34.34:55572
2015-07-31 00:17:54,281 - INFO  [NIOServerCxn.Factory:0.0.0.0/0.0.0.0:2181:NIOServerCnxnFactory@197] - Accepted socket connection from /10.10.34.39:51760
2015-07-31 00:17:54,281 - WARN  [NIOServerCxn.Factory:0.0.0.0/0.0.0.0:2181:ZooKeeperServer@793] - Connection request from old client /10.10.34.39:51760; will be dropped if server is in r-o mode
2015-07-31 00:17:54,281 - INFO  [NIOServerCxn.Factory:0.0.0.0/0.0.0.0:2181:ZooKeeperServer@839] - Client attempting to establish new session at /10.10.34.39:51760
2015-07-31 00:17:54,284 - INFO  [CommitProcessor:3:ZooKeeperServer@595] - Established session 0x34edfaa9c22001d with negotiated timeout 10000 for client /10.10.34.39:51760
2015-07-31 00:17:54,492 - INFO  [NIOServerCxn.Factory:0.0.0.0/0.0.0.0:2181:NIOServerCnxnFactory@197] - Accepted socket connection from /10.10.34.41:51908
2015-07-31 00:17:54,493 - WARN  [NIOServerCxn.Factory:0.0.0.0/0.0.0.0:2181:ZooKeeperServer@793] - Connection request from old client /10.10.34.41:51908; will be dropped if server is in r-o mode
2015-07-31 00:17:54,493 - INFO  [NIOServerCxn.Factory:0.0.0.0/0.0.0.0:2181:ZooKeeperServer@839] - Client attempting to establish new session at /10.10.34.41:51908
2015-07-31 00:17:54,495 - INFO  [CommitProcessor:3:ZooKeeperServer@595] - Established session 0x34edfaa9c22001e with negotiated timeout 10000 for client /10.10.34.41:51908
2015-07-31 00:18:50,435 - WARN  [NIOServerCxn.Factory:0.0.0.0/0.0.0.0:2181:NIOServerCnxn@349] - caught end of stream exception
2015-07-31 00:18:50,436 - INFO  [NIOServerCxn.Factory:0.0.0.0/0.0.0.0:2181:NIOServerCnxn@1001] - Closed socket connection for client /10.10.34.11:54175 which had sessionid 0x34edfaa9c220015
2015-07-31 00:18:50,436 - WARN  [NIOServerCxn.Factory:0.0.0.0/0.0.0.0:2181:NIOServerCnxn@349] - caught end of stream exception
2015-07-31 00:18:50,437 - INFO  [NIOServerCxn.Factory:0.0.0.0/0.0.0.0:2181:NIOServerCnxn@1001] - Closed socket connection for client /10.10.34.11:54174 which had sessionid 0x34edfaa9c220014
2015-07-31 00:19:18,046 - WARN  [NIOServerCxn.Factory:0.0.0.0/0.0.0.0:2181:NIOServerCnxn@349] - caught end of stream exception
2015-07-31 00:19:18,048 - INFO  [NIOServerCxn.Factory:0.0.0.0/0.0.0.0:2181:NIOServerCnxn@1001] - Closed socket connection for client /10.10.34.15:59549 which had sessionid 0x34edfaa9c220017
2015-07-31 00:19:18,457 - WARN  [NIOServerCxn.Factory:0.0.0.0/0.0.0.0:2181:NIOServerCnxn@349] - caught end of stream exception
2015-07-31 00:19:18,458 - INFO  [NIOServerCxn.Factory:0.0.0.0/0.0.0.0:2181:NIOServerCnxn@1001] - Closed socket connection for client /10.10.34.18:50836 which had sessionid 0x34edfaa9c220018
2015-07-31 00:19:18,884 - WARN  [NIOServerCxn.Factory:0.0.0.0/0.0.0.0:2181:NIOServerCnxn@349] - caught end of stream exception
2015-07-31 00:19:18,885 - INFO  [NIOServerCxn.Factory:0.0.0.0/0.0.0.0:2181:NIOServerCnxn@1001] - Closed socket connection for client /10.10.34.22:36826 which had sessionid 0x34edfaa9c220019
2015-07-31 00:19:19,224 - WARN  [NIOServerCxn.Factory:0.0.0.0/0.0.0.0:2181:NIOServerCnxn@349] - caught end of stream exception
2015-07-31 00:19:19,225 - INFO  [NIOServerCxn.Factory:0.0.0.0/0.0.0.0:2181:NIOServerCnxn@1001] - Closed socket connection for client /10.10.34.29:57205 which had sessionid 0x34edfaa9c22001a
2015-07-31 00:19:19,433 - WARN  [NIOServerCxn.Factory:0.0.0.0/0.0.0.0:2181:NIOServerCnxn@349] - caught end of stream exception
2015-07-31 00:19:19,434 - INFO  [NIOServerCxn.Factory:0.0.0.0/0.0.0.0:2181:NIOServerCnxn@1001] - Closed socket connection for client /10.10.34.31:59879 which had sessionid 0x34edfaa9c22001b
2015-07-31 00:19:19,760 - WARN  [NIOServerCxn.Factory:0.0.0.0/0.0.0.0:2181:NIOServerCnxn@349] - caught end of stream exception
2015-07-31 00:19:19,760 - INFO  [NIOServerCxn.Factory:0.0.0.0/0.0.0.0:2181:NIOServerCnxn@1001] - Closed socket connection for client /10.10.34.34:55572 which had sessionid 0x34edfaa9c22001c
2015-07-31 00:19:20,250 - WARN  [NIOServerCxn.Factory:0.0.0.0/0.0.0.0:2181:NIOServerCnxn@349] - caught end of stream exception
2015-07-31 00:19:20,251 - INFO  [NIOServerCxn.Factory:0.0.0.0/0.0.0.0:2181:NIOServerCnxn@1001] - Closed socket connection for client /10.10.34.39:51760 which had sessionid 0x34edfaa9c22001d
2015-07-31 00:19:20,455 - WARN  [NIOServerCxn.Factory:0.0.0.0/0.0.0.0:2181:NIOServerCnxn@349] - caught end of stream exception
2015-07-31 00:19:20,456 - INFO  [NIOServerCxn.Factory:0.0.0.0/0.0.0.0:2181:NIOServerCnxn@1001] - Closed socket connection for client /10.10.34.41:51908 which had sessionid 0x34edfaa9c22001e
2015-07-31 00:19:26,849 - WARN  [NIOServerCxn.Factory:0.0.0.0/0.0.0.0:2181:NIOServerCnxn@349] - caught end of stream exception
2015-07-31 00:19:26,850 - INFO  [NIOServerCxn.Factory:0.0.0.0/0.0.0.0:2181:NIOServerCnxn@1001] - Closed socket connection for client /10.10.34.13:42039 which had sessionid 0x34edfaa9c220016
2015-07-31 00:19:35,244 - INFO  [NIOServerCxn.Factory:0.0.0.0/0.0.0.0:2181:NIOServerCnxnFactory@197] - Accepted socket connection from /10.10.34.12:50160
2015-07-31 00:19:35,244 - INFO  [NIOServerCxn.Factory:0.0.0.0/0.0.0.0:2181:NIOServerCnxnFactory@197] - Accepted socket connection from /10.10.34.12:50161
2015-07-31 00:19:35,245 - WARN  [NIOServerCxn.Factory:0.0.0.0/0.0.0.0:2181:ZooKeeperServer@793] - Connection request from old client /10.10.34.12:50160; will be dropped if server is in r-o mode
2015-07-31 00:19:35,245 - INFO  [NIOServerCxn.Factory:0.0.0.0/0.0.0.0:2181:ZooKeeperServer@839] - Client attempting to establish new session at /10.10.34.12:50160
2015-07-31 00:19:35,245 - WARN  [NIOServerCxn.Factory:0.0.0.0/0.0.0.0:2181:ZooKeeperServer@793] - Connection request from old client /10.10.34.12:50161; will be dropped if server is in r-o mode
2015-07-31 00:19:35,246 - INFO  [NIOServerCxn.Factory:0.0.0.0/0.0.0.0:2181:ZooKeeperServer@839] - Client attempting to establish new session at /10.10.34.12:50161
2015-07-31 00:19:35,246 - INFO  [NIOServerCxn.Factory:0.0.0.0/0.0.0.0:2181:NIOServerCnxnFactory@197] - Accepted socket connection from /10.10.34.12:50163
2015-07-31 00:19:35,247 - WARN  [NIOServerCxn.Factory:0.0.0.0/0.0.0.0:2181:ZooKeeperServer@793] - Connection request from old client /10.10.34.12:50163; will be dropped if server is in r-o mode
2015-07-31 00:19:35,247 - INFO  [NIOServerCxn.Factory:0.0.0.0/0.0.0.0:2181:ZooKeeperServer@839] - Client attempting to establish new session at /10.10.34.12:50163
2015-07-31 00:19:35,247 - INFO  [CommitProcessor:3:ZooKeeperServer@595] - Established session 0x34edfaa9c22001f with negotiated timeout 10000 for client /10.10.34.12:50160
2015-07-31 00:19:35,248 - INFO  [CommitProcessor:3:ZooKeeperServer@595] - Established session 0x34edfaa9c220020 with negotiated timeout 10000 for client /10.10.34.12:50161
2015-07-31 00:19:35,249 - INFO  [CommitProcessor:3:ZooKeeperServer@595] - Established session 0x34edfaa9c220021 with negotiated timeout 10000 for client /10.10.34.12:50163
2015-07-31 00:19:37,902 - INFO  [NIOServerCxn.Factory:0.0.0.0/0.0.0.0:2181:NIOServerCnxnFactory@197] - Accepted socket connection from /10.10.34.19:43964
2015-07-31 00:19:37,902 - WARN  [NIOServerCxn.Factory:0.0.0.0/0.0.0.0:2181:ZooKeeperServer@793] - Connection request from old client /10.10.34.19:43964; will be dropped if server is in r-o mode
2015-07-31 00:19:37,903 - INFO  [NIOServerCxn.Factory:0.0.0.0/0.0.0.0:2181:ZooKeeperServer@839] - Client attempting to establish new session at /10.10.34.19:43964
2015-07-31 00:19:37,905 - INFO  [CommitProcessor:3:ZooKeeperServer@595] - Established session 0x34edfaa9c220022 with negotiated timeout 10000 for client /10.10.34.19:43964
2015-07-31 00:19:38,324 - INFO  [NIOServerCxn.Factory:0.0.0.0/0.0.0.0:2181:NIOServerCnxnFactory@197] - Accepted socket connection from /10.10.34.27:46425
2015-07-31 00:19:38,325 - WARN  [NIOServerCxn.Factory:0.0.0.0/0.0.0.0:2181:ZooKeeperServer@793] - Connection request from old client /10.10.34.27:46425; will be dropped if server is in r-o mode
2015-07-31 00:19:38,325 - INFO  [NIOServerCxn.Factory:0.0.0.0/0.0.0.0:2181:ZooKeeperServer@839] - Client attempting to establish new session at /10.10.34.27:46425
2015-07-31 00:19:38,327 - INFO  [CommitProcessor:3:ZooKeeperServer@595] - Established session 0x34edfaa9c220023 with negotiated timeout 10000 for client /10.10.34.27:46425
2015-07-31 00:19:38,934 - INFO  [NIOServerCxn.Factory:0.0.0.0/0.0.0.0:2181:NIOServerCnxnFactory@197] - Accepted socket connection from /10.10.34.33:56733
2015-07-31 00:19:38,934 - WARN  [NIOServerCxn.Factory:0.0.0.0/0.0.0.0:2181:ZooKeeperServer@793] - Connection request from old client /10.10.34.33:56733; will be dropped if server is in r-o mode
2015-07-31 00:19:38,934 - INFO  [NIOServerCxn.Factory:0.0.0.0/0.0.0.0:2181:ZooKeeperServer@839] - Client attempting to establish new session at /10.10.34.33:56733
2015-07-31 00:19:38,937 - INFO  [CommitProcessor:3:ZooKeeperServer@595] - Established session 0x34edfaa9c220024 with negotiated timeout 10000 for client /10.10.34.33:56733
2015-07-31 00:19:39,655 - INFO  [NIOServerCxn.Factory:0.0.0.0/0.0.0.0:2181:NIOServerCnxnFactory@197] - Accepted socket connection from /10.10.34.40:50693
2015-07-31 00:19:39,655 - WARN  [NIOServerCxn.Factory:0.0.0.0/0.0.0.0:2181:ZooKeeperServer@793] - Connection request from old client /10.10.34.40:50693; will be dropped if server is in r-o mode
2015-07-31 00:19:39,655 - INFO  [NIOServerCxn.Factory:0.0.0.0/0.0.0.0:2181:ZooKeeperServer@839] - Client attempting to establish new session at /10.10.34.40:50693
2015-07-31 00:19:39,658 - INFO  [CommitProcessor:3:ZooKeeperServer@595] - Established session 0x34edfaa9c220025 with negotiated timeout 10000 for client /10.10.34.40:50693
2015-07-31 00:19:39,762 - INFO  [NIOServerCxn.Factory:0.0.0.0/0.0.0.0:2181:NIOServerCnxnFactory@197] - Accepted socket connection from /10.10.34.41:51911
2015-07-31 00:19:39,763 - WARN  [NIOServerCxn.Factory:0.0.0.0/0.0.0.0:2181:ZooKeeperServer@793] - Connection request from old client /10.10.34.41:51911; will be dropped if server is in r-o mode
2015-07-31 00:19:39,763 - INFO  [NIOServerCxn.Factory:0.0.0.0/0.0.0.0:2181:ZooKeeperServer@839] - Client attempting to establish new session at /10.10.34.41:51911
2015-07-31 00:19:39,765 - INFO  [CommitProcessor:3:ZooKeeperServer@595] - Established session 0x34edfaa9c220026 with negotiated timeout 10000 for client /10.10.34.41:51911
2015-07-31 00:20:06,228 - INFO  [NIOServerCxn.Factory:0.0.0.0/0.0.0.0:2181:NIOServerCnxnFactory@197] - Accepted socket connection from /10.10.34.11:54469
2015-07-31 00:20:06,229 - WARN  [NIOServerCxn.Factory:0.0.0.0/0.0.0.0:2181:ZooKeeperServer@793] - Connection request from old client /10.10.34.11:54469; will be dropped if server is in r-o mode
2015-07-31 00:20:06,229 - INFO  [NIOServerCxn.Factory:0.0.0.0/0.0.0.0:2181:ZooKeeperServer@839] - Client attempting to establish new session at /10.10.34.11:54469
2015-07-31 00:20:06,231 - INFO  [CommitProcessor:3:ZooKeeperServer@595] - Established session 0x34edfaa9c220027 with negotiated timeout 10000 for client /10.10.34.11:54469
2015-07-31 00:31:07,207 - WARN  [NIOServerCxn.Factory:0.0.0.0/0.0.0.0:2181:NIOServerCnxn@349] - caught end of stream exception
2015-07-31 00:31:07,208 - INFO  [NIOServerCxn.Factory:0.0.0.0/0.0.0.0:2181:NIOServerCnxn@1001] - Closed socket connection for client /10.10.34.11:54469 which had sessionid 0x34edfaa9c220027
2015-07-31 00:37:09,228 - INFO  [NIOServerCxn.Factory:0.0.0.0/0.0.0.0:2181:NIOServerCnxnFactory@197] - Accepted socket connection from /10.10.34.11:55883
2015-07-31 00:37:09,229 - WARN  [NIOServerCxn.Factory:0.0.0.0/0.0.0.0:2181:ZooKeeperServer@793] - Connection request from old client /10.10.34.11:55883; will be dropped if server is in r-o mode
2015-07-31 00:37:09,229 - INFO  [NIOServerCxn.Factory:0.0.0.0/0.0.0.0:2181:ZooKeeperServer@839] - Client attempting to establish new session at /10.10.34.11:55883
2015-07-31 00:37:09,231 - INFO  [CommitProcessor:3:ZooKeeperServer@595] - Established session 0x34edfaa9c220028 with negotiated timeout 20000 for client /10.10.34.11:55883
2015-07-31 00:37:09,239 - INFO  [NIOServerCxn.Factory:0.0.0.0/0.0.0.0:2181:NIOServerCnxnFactory@197] - Accepted socket connection from /10.10.34.11:55884
2015-07-31 00:37:09,240 - WARN  [NIOServerCxn.Factory:0.0.0.0/0.0.0.0:2181:ZooKeeperServer@793] - Connection request from old client /10.10.34.11:55884; will be dropped if server is in r-o mode
2015-07-31 00:37:09,240 - INFO  [NIOServerCxn.Factory:0.0.0.0/0.0.0.0:2181:ZooKeeperServer@839] - Client attempting to establish new session at /10.10.34.11:55884
2015-07-31 00:37:09,242 - INFO  [CommitProcessor:3:ZooKeeperServer@595] - Established session 0x34edfaa9c220029 with negotiated timeout 10000 for client /10.10.34.11:55884
2015-07-31 00:39:51,938 - WARN  [NIOServerCxn.Factory:0.0.0.0/0.0.0.0:2181:NIOServerCnxn@349] - caught end of stream exception
2015-07-31 00:39:51,939 - INFO  [NIOServerCxn.Factory:0.0.0.0/0.0.0.0:2181:NIOServerCnxn@1001] - Closed socket connection for client /10.10.34.11:55884 which had sessionid 0x34edfaa9c220029
2015-07-31 00:39:51,939 - WARN  [NIOServerCxn.Factory:0.0.0.0/0.0.0.0:2181:NIOServerCnxn@349] - caught end of stream exception
2015-07-31 00:39:51,940 - INFO  [NIOServerCxn.Factory:0.0.0.0/0.0.0.0:2181:NIOServerCnxn@1001] - Closed socket connection for client /10.10.34.11:55883 which had sessionid 0x34edfaa9c220028
2015-07-31 11:00:52,391 - WARN  [NIOServerCxn.Factory:0.0.0.0/0.0.0.0:2181:NIOServerCnxn@349] - caught end of stream exception
2015-07-31 11:00:52,392 - INFO  [NIOServerCxn.Factory:0.0.0.0/0.0.0.0:2181:NIOServerCnxn@1001] - Closed socket connection for client /10.10.34.27:46425 which had sessionid 0x34edfaa9c220023
2015-07-31 11:00:54,036 - WARN  [NIOServerCxn.Factory:0.0.0.0/0.0.0.0:2181:NIOServerCnxn@349] - caught end of stream exception
2015-07-31 11:00:54,037 - INFO  [NIOServerCxn.Factory:0.0.0.0/0.0.0.0:2181:NIOServerCnxn@1001] - Closed socket connection for client /10.10.34.19:43964 which had sessionid 0x34edfaa9c220022
2015-07-31 11:00:54,455 - WARN  [NIOServerCxn.Factory:0.0.0.0/0.0.0.0:2181:NIOServerCnxn@349] - caught end of stream exception
2015-07-31 11:00:54,456 - INFO  [NIOServerCxn.Factory:0.0.0.0/0.0.0.0:2181:NIOServerCnxn@1001] - Closed socket connection for client /10.10.34.33:56733 which had sessionid 0x34edfaa9c220024
2015-07-31 11:00:54,954 - WARN  [NIOServerCxn.Factory:0.0.0.0/0.0.0.0:2181:NIOServerCnxn@349] - caught end of stream exception
2015-07-31 11:00:54,955 - INFO  [NIOServerCxn.Factory:0.0.0.0/0.0.0.0:2181:NIOServerCnxn@1001] - Closed socket connection for client /10.10.34.40:50693 which had sessionid 0x34edfaa9c220025
2015-07-31 11:00:55,030 - WARN  [NIOServerCxn.Factory:0.0.0.0/0.0.0.0:2181:NIOServerCnxn@349] - caught end of stream exception
2015-07-31 11:00:55,031 - INFO  [NIOServerCxn.Factory:0.0.0.0/0.0.0.0:2181:NIOServerCnxn@1001] - Closed socket connection for client /10.10.34.41:51911 which had sessionid 0x34edfaa9c220026
2015-07-31 11:01:41,239 - WARN  [NIOServerCxn.Factory:0.0.0.0/0.0.0.0:2181:NIOServerCnxn@349] - caught end of stream exception
2015-07-31 11:01:41,240 - INFO  [NIOServerCxn.Factory:0.0.0.0/0.0.0.0:2181:NIOServerCnxn@1001] - Closed socket connection for client /10.10.34.12:50161 which had sessionid 0x34edfaa9c220020
2015-07-31 11:01:41,240 - WARN  [NIOServerCxn.Factory:0.0.0.0/0.0.0.0:2181:NIOServerCnxn@349] - caught end of stream exception
2015-07-31 11:01:41,241 - INFO  [NIOServerCxn.Factory:0.0.0.0/0.0.0.0:2181:NIOServerCnxn@1001] - Closed socket connection for client /10.10.34.12:50160 which had sessionid 0x34edfaa9c22001f
2015-07-31 11:01:41,242 - WARN  [NIOServerCxn.Factory:0.0.0.0/0.0.0.0:2181:NIOServerCnxn@349] - caught end of stream exception
2015-07-31 11:01:41,242 - INFO  [NIOServerCxn.Factory:0.0.0.0/0.0.0.0:2181:NIOServerCnxn@1001] - Closed socket connection for client /10.10.34.12:50163 which had sessionid 0x34edfaa9c220021
2015-07-31 11:01:54,981 - INFO  [NIOServerCxn.Factory:0.0.0.0/0.0.0.0:2181:NIOServerCnxnFactory@197] - Accepted socket connection from /10.10.34.11:33381
2015-07-31 11:01:54,982 - WARN  [NIOServerCxn.Factory:0.0.0.0/0.0.0.0:2181:ZooKeeperServer@793] - Connection request from old client /10.10.34.11:33381; will be dropped if server is in r-o mode
2015-07-31 11:01:54,982 - INFO  [NIOServerCxn.Factory:0.0.0.0/0.0.0.0:2181:ZooKeeperServer@839] - Client attempting to establish new session at /10.10.34.11:33381
2015-07-31 11:01:54,984 - INFO  [CommitProcessor:3:ZooKeeperServer@595] - Established session 0x34edfaa9c22002a with negotiated timeout 10000 for client /10.10.34.11:33381
2015-07-31 11:01:55,081 - INFO  [NIOServerCxn.Factory:0.0.0.0/0.0.0.0:2181:NIOServerCnxnFactory@197] - Accepted socket connection from /10.10.34.12:50171
2015-07-31 11:01:55,082 - WARN  [NIOServerCxn.Factory:0.0.0.0/0.0.0.0:2181:ZooKeeperServer@793] - Connection request from old client /10.10.34.12:50171; will be dropped if server is in r-o mode
2015-07-31 11:01:55,082 - INFO  [NIOServerCxn.Factory:0.0.0.0/0.0.0.0:2181:ZooKeeperServer@839] - Client attempting to establish new session at /10.10.34.12:50171
2015-07-31 11:01:55,084 - INFO  [CommitProcessor:3:ZooKeeperServer@595] - Established session 0x34edfaa9c22002b with negotiated timeout 10000 for client /10.10.34.12:50171
2015-07-31 11:01:55,175 - INFO  [NIOServerCxn.Factory:0.0.0.0/0.0.0.0:2181:NIOServerCnxnFactory@197] - Accepted socket connection from /10.10.34.13:42057
2015-07-31 11:01:55,176 - WARN  [NIOServerCxn.Factory:0.0.0.0/0.0.0.0:2181:ZooKeeperServer@793] - Connection request from old client /10.10.34.13:42057; will be dropped if server is in r-o mode
2015-07-31 11:01:55,176 - INFO  [NIOServerCxn.Factory:0.0.0.0/0.0.0.0:2181:ZooKeeperServer@839] - Client attempting to establish new session at /10.10.34.13:42057
2015-07-31 11:01:55,178 - INFO  [NIOServerCxn.Factory:0.0.0.0/0.0.0.0:2181:NIOServerCnxnFactory@197] - Accepted socket connection from /10.10.34.13:42060
2015-07-31 11:01:55,178 - INFO  [CommitProcessor:3:ZooKeeperServer@595] - Established session 0x34edfaa9c22002c with negotiated timeout 10000 for client /10.10.34.13:42057
2015-07-31 11:01:55,178 - WARN  [NIOServerCxn.Factory:0.0.0.0/0.0.0.0:2181:ZooKeeperServer@793] - Connection request from old client /10.10.34.13:42060; will be dropped if server is in r-o mode
2015-07-31 11:01:55,178 - INFO  [NIOServerCxn.Factory:0.0.0.0/0.0.0.0:2181:ZooKeeperServer@839] - Client attempting to establish new session at /10.10.34.13:42060
2015-07-31 11:01:55,181 - INFO  [CommitProcessor:3:ZooKeeperServer@595] - Established session 0x34edfaa9c22002d with negotiated timeout 10000 for client /10.10.34.13:42060
2015-07-31 11:01:56,776 - INFO  [NIOServerCxn.Factory:0.0.0.0/0.0.0.0:2181:NIOServerCnxnFactory@197] - Accepted socket connection from /10.10.34.12:50177
2015-07-31 11:01:56,776 - WARN  [NIOServerCxn.Factory:0.0.0.0/0.0.0.0:2181:ZooKeeperServer@793] - Connection request from old client /10.10.34.12:50177; will be dropped if server is in r-o mode
2015-07-31 11:01:56,776 - INFO  [NIOServerCxn.Factory:0.0.0.0/0.0.0.0:2181:ZooKeeperServer@839] - Client attempting to establish new session at /10.10.34.12:50177
2015-07-31 11:01:56,779 - INFO  [CommitProcessor:3:ZooKeeperServer@595] - Established session 0x34edfaa9c22002e with negotiated timeout 10000 for client /10.10.34.12:50177
2015-07-31 11:01:57,388 - INFO  [NIOServerCxn.Factory:0.0.0.0/0.0.0.0:2181:NIOServerCnxnFactory@197] - Accepted socket connection from /10.10.34.17:52484
2015-07-31 11:01:57,389 - WARN  [NIOServerCxn.Factory:0.0.0.0/0.0.0.0:2181:ZooKeeperServer@793] - Connection request from old client /10.10.34.17:52484; will be dropped if server is in r-o mode
2015-07-31 11:01:57,389 - INFO  [NIOServerCxn.Factory:0.0.0.0/0.0.0.0:2181:ZooKeeperServer@839] - Client attempting to establish new session at /10.10.34.17:52484
2015-07-31 11:01:57,392 - INFO  [CommitProcessor:3:ZooKeeperServer@595] - Established session 0x34edfaa9c22002f with negotiated timeout 10000 for client /10.10.34.17:52484
2015-07-31 11:01:57,482 - INFO  [NIOServerCxn.Factory:0.0.0.0/0.0.0.0:2181:NIOServerCnxnFactory@197] - Accepted socket connection from /10.10.34.18:50844
2015-07-31 11:01:57,483 - WARN  [NIOServerCxn.Factory:0.0.0.0/0.0.0.0:2181:ZooKeeperServer@793] - Connection request from old client /10.10.34.18:50844; will be dropped if server is in r-o mode
2015-07-31 11:01:57,483 - INFO  [NIOServerCxn.Factory:0.0.0.0/0.0.0.0:2181:ZooKeeperServer@839] - Client attempting to establish new session at /10.10.34.18:50844
2015-07-31 11:01:57,485 - INFO  [CommitProcessor:3:ZooKeeperServer@595] - Established session 0x34edfaa9c220030 with negotiated timeout 10000 for client /10.10.34.18:50844
2015-07-31 11:01:57,916 - INFO  [NIOServerCxn.Factory:0.0.0.0/0.0.0.0:2181:NIOServerCnxnFactory@197] - Accepted socket connection from /10.10.34.22:36835
2015-07-31 11:01:57,917 - WARN  [NIOServerCxn.Factory:0.0.0.0/0.0.0.0:2181:ZooKeeperServer@793] - Connection request from old client /10.10.34.22:36835; will be dropped if server is in r-o mode
2015-07-31 11:01:57,917 - INFO  [NIOServerCxn.Factory:0.0.0.0/0.0.0.0:2181:ZooKeeperServer@839] - Client attempting to establish new session at /10.10.34.22:36835
2015-07-31 11:01:57,919 - INFO  [CommitProcessor:3:ZooKeeperServer@595] - Established session 0x34edfaa9c220031 with negotiated timeout 10000 for client /10.10.34.22:36835
2015-07-31 11:01:58,132 - INFO  [NIOServerCxn.Factory:0.0.0.0/0.0.0.0:2181:NIOServerCnxnFactory@197] - Accepted socket connection from /10.10.34.28:52142
2015-07-31 11:01:58,132 - WARN  [NIOServerCxn.Factory:0.0.0.0/0.0.0.0:2181:ZooKeeperServer@793] - Connection request from old client /10.10.34.28:52142; will be dropped if server is in r-o mode
2015-07-31 11:01:58,132 - INFO  [NIOServerCxn.Factory:0.0.0.0/0.0.0.0:2181:ZooKeeperServer@839] - Client attempting to establish new session at /10.10.34.28:52142
2015-07-31 11:01:58,134 - INFO  [CommitProcessor:3:ZooKeeperServer@595] - Established session 0x34edfaa9c220032 with negotiated timeout 10000 for client /10.10.34.28:52142
2015-07-31 11:01:58,957 - INFO  [NIOServerCxn.Factory:0.0.0.0/0.0.0.0:2181:NIOServerCnxnFactory@197] - Accepted socket connection from /10.10.34.36:36887
2015-07-31 11:01:58,957 - WARN  [NIOServerCxn.Factory:0.0.0.0/0.0.0.0:2181:ZooKeeperServer@793] - Connection request from old client /10.10.34.36:36887; will be dropped if server is in r-o mode
2015-07-31 11:01:58,958 - INFO  [NIOServerCxn.Factory:0.0.0.0/0.0.0.0:2181:ZooKeeperServer@839] - Client attempting to establish new session at /10.10.34.36:36887
2015-07-31 11:01:58,960 - INFO  [CommitProcessor:3:ZooKeeperServer@595] - Established session 0x34edfaa9c220033 with negotiated timeout 10000 for client /10.10.34.36:36887
2015-07-31 11:01:59,257 - INFO  [NIOServerCxn.Factory:0.0.0.0/0.0.0.0:2181:NIOServerCnxnFactory@197] - Accepted socket connection from /10.10.34.39:51769
2015-07-31 11:01:59,257 - WARN  [NIOServerCxn.Factory:0.0.0.0/0.0.0.0:2181:ZooKeeperServer@793] - Connection request from old client /10.10.34.39:51769; will be dropped if server is in r-o mode
2015-07-31 11:01:59,257 - INFO  [NIOServerCxn.Factory:0.0.0.0/0.0.0.0:2181:ZooKeeperServer@839] - Client attempting to establish new session at /10.10.34.39:51769
2015-07-31 11:01:59,260 - INFO  [CommitProcessor:3:ZooKeeperServer@595] - Established session 0x34edfaa9c220034 with negotiated timeout 10000 for client /10.10.34.39:51769
2015-07-31 11:02:04,775 - INFO  [NIOServerCxn.Factory:0.0.0.0/0.0.0.0:2181:NIOServerCnxnFactory@197] - Accepted socket connection from /10.10.34.14:54986
2015-07-31 11:02:04,776 - WARN  [NIOServerCxn.Factory:0.0.0.0/0.0.0.0:2181:ZooKeeperServer@793] - Connection request from old client /10.10.34.14:54986; will be dropped if server is in r-o mode
2015-07-31 11:02:04,776 - INFO  [NIOServerCxn.Factory:0.0.0.0/0.0.0.0:2181:ZooKeeperServer@839] - Client attempting to establish new session at /10.10.34.14:54986
2015-07-31 11:02:04,778 - INFO  [CommitProcessor:3:ZooKeeperServer@595] - Established session 0x34edfaa9c220035 with negotiated timeout 10000 for client /10.10.34.14:54986
2015-07-31 11:07:32,783 - WARN  [NIOServerCxn.Factory:0.0.0.0/0.0.0.0:2181:NIOServerCnxn@349] - caught end of stream exception
2015-07-31 11:07:32,784 - INFO  [NIOServerCxn.Factory:0.0.0.0/0.0.0.0:2181:NIOServerCnxn@1001] - Closed socket connection for client /10.10.34.12:50177 which had sessionid 0x34edfaa9c22002e
2015-07-31 11:07:33,388 - WARN  [NIOServerCxn.Factory:0.0.0.0/0.0.0.0:2181:NIOServerCnxn@349] - caught end of stream exception
2015-07-31 11:07:33,389 - INFO  [NIOServerCxn.Factory:0.0.0.0/0.0.0.0:2181:NIOServerCnxn@1001] - Closed socket connection for client /10.10.34.17:52484 which had sessionid 0x34edfaa9c22002f
2015-07-31 11:07:33,496 - WARN  [NIOServerCxn.Factory:0.0.0.0/0.0.0.0:2181:NIOServerCnxn@349] - caught end of stream exception
2015-07-31 11:07:33,496 - INFO  [NIOServerCxn.Factory:0.0.0.0/0.0.0.0:2181:NIOServerCnxn@1001] - Closed socket connection for client /10.10.34.18:50844 which had sessionid 0x34edfaa9c220030
2015-07-31 11:07:33,920 - WARN  [NIOServerCxn.Factory:0.0.0.0/0.0.0.0:2181:NIOServerCnxn@349] - caught end of stream exception
2015-07-31 11:07:33,921 - INFO  [NIOServerCxn.Factory:0.0.0.0/0.0.0.0:2181:NIOServerCnxn@1001] - Closed socket connection for client /10.10.34.22:36835 which had sessionid 0x34edfaa9c220031
2015-07-31 11:07:34,165 - WARN  [NIOServerCxn.Factory:0.0.0.0/0.0.0.0:2181:NIOServerCnxn@349] - caught end of stream exception
2015-07-31 11:07:34,166 - INFO  [NIOServerCxn.Factory:0.0.0.0/0.0.0.0:2181:NIOServerCnxn@1001] - Closed socket connection for client /10.10.34.28:52142 which had sessionid 0x34edfaa9c220032
2015-07-31 11:07:34,983 - WARN  [NIOServerCxn.Factory:0.0.0.0/0.0.0.0:2181:NIOServerCnxn@349] - caught end of stream exception
2015-07-31 11:07:34,984 - INFO  [NIOServerCxn.Factory:0.0.0.0/0.0.0.0:2181:NIOServerCnxn@1001] - Closed socket connection for client /10.10.34.36:36887 which had sessionid 0x34edfaa9c220033
2015-07-31 11:07:35,286 - WARN  [NIOServerCxn.Factory:0.0.0.0/0.0.0.0:2181:NIOServerCnxn@349] - caught end of stream exception
2015-07-31 11:07:35,287 - INFO  [NIOServerCxn.Factory:0.0.0.0/0.0.0.0:2181:NIOServerCnxn@1001] - Closed socket connection for client /10.10.34.39:51769 which had sessionid 0x34edfaa9c220034
2015-07-31 11:07:40,098 - WARN  [NIOServerCxn.Factory:0.0.0.0/0.0.0.0:2181:NIOServerCnxn@349] - caught end of stream exception
2015-07-31 11:07:40,099 - INFO  [NIOServerCxn.Factory:0.0.0.0/0.0.0.0:2181:NIOServerCnxn@1001] - Closed socket connection for client /10.10.34.14:54986 which had sessionid 0x34edfaa9c220035
2015-07-31 11:07:41,705 - WARN  [NIOServerCxn.Factory:0.0.0.0/0.0.0.0:2181:NIOServerCnxn@349] - caught end of stream exception
2015-07-31 11:07:41,706 - INFO  [NIOServerCxn.Factory:0.0.0.0/0.0.0.0:2181:NIOServerCnxn@1001] - Closed socket connection for client /10.10.34.11:33381 which had sessionid 0x34edfaa9c22002a
2015-07-31 11:07:41,799 - WARN  [NIOServerCxn.Factory:0.0.0.0/0.0.0.0:2181:NIOServerCnxn@349] - caught end of stream exception
2015-07-31 11:07:41,800 - INFO  [NIOServerCxn.Factory:0.0.0.0/0.0.0.0:2181:NIOServerCnxn@1001] - Closed socket connection for client /10.10.34.12:50171 which had sessionid 0x34edfaa9c22002b
2015-07-31 11:07:41,901 - WARN  [NIOServerCxn.Factory:0.0.0.0/0.0.0.0:2181:NIOServerCnxn@349] - caught end of stream exception
2015-07-31 11:07:41,902 - INFO  [NIOServerCxn.Factory:0.0.0.0/0.0.0.0:2181:NIOServerCnxn@1001] - Closed socket connection for client /10.10.34.13:42057 which had sessionid 0x34edfaa9c22002c
2015-07-31 11:07:41,902 - WARN  [NIOServerCxn.Factory:0.0.0.0/0.0.0.0:2181:NIOServerCnxn@349] - caught end of stream exception
2015-07-31 11:07:41,903 - INFO  [NIOServerCxn.Factory:0.0.0.0/0.0.0.0:2181:NIOServerCnxn@1001] - Closed socket connection for client /10.10.34.13:42060 which had sessionid 0x34edfaa9c22002d
2015-07-31 11:08:58,444 - INFO  [NIOServerCxn.Factory:0.0.0.0/0.0.0.0:2181:NIOServerCnxnFactory@197] - Accepted socket connection from /10.10.34.12:50182
2015-07-31 11:08:58,444 - WARN  [NIOServerCxn.Factory:0.0.0.0/0.0.0.0:2181:ZooKeeperServer@793] - Connection request from old client /10.10.34.12:50182; will be dropped if server is in r-o mode
2015-07-31 11:08:58,445 - INFO  [NIOServerCxn.Factory:0.0.0.0/0.0.0.0:2181:ZooKeeperServer@839] - Client attempting to establish new session at /10.10.34.12:50182
2015-07-31 11:08:58,447 - INFO  [CommitProcessor:3:ZooKeeperServer@595] - Established session 0x34edfaa9c220036 with negotiated timeout 10000 for client /10.10.34.12:50182
2015-07-31 11:08:58,547 - INFO  [NIOServerCxn.Factory:0.0.0.0/0.0.0.0:2181:NIOServerCnxnFactory@197] - Accepted socket connection from /10.10.34.13:42067
2015-07-31 11:08:58,547 - WARN  [NIOServerCxn.Factory:0.0.0.0/0.0.0.0:2181:ZooKeeperServer@793] - Connection request from old client /10.10.34.13:42067; will be dropped if server is in r-o mode
2015-07-31 11:08:58,548 - INFO  [NIOServerCxn.Factory:0.0.0.0/0.0.0.0:2181:ZooKeeperServer@839] - Client attempting to establish new session at /10.10.34.13:42067
2015-07-31 11:08:58,550 - INFO  [CommitProcessor:3:ZooKeeperServer@595] - Established session 0x34edfaa9c220037 with negotiated timeout 10000 for client /10.10.34.13:42067
2015-07-31 11:09:00,374 - INFO  [NIOServerCxn.Factory:0.0.0.0/0.0.0.0:2181:NIOServerCnxnFactory@197] - Accepted socket connection from /10.10.34.13:42071
2015-07-31 11:09:00,375 - WARN  [NIOServerCxn.Factory:0.0.0.0/0.0.0.0:2181:ZooKeeperServer@793] - Connection request from old client /10.10.34.13:42071; will be dropped if server is in r-o mode
2015-07-31 11:09:00,375 - INFO  [NIOServerCxn.Factory:0.0.0.0/0.0.0.0:2181:ZooKeeperServer@839] - Client attempting to establish new session at /10.10.34.13:42071
2015-07-31 11:09:00,377 - INFO  [CommitProcessor:3:ZooKeeperServer@595] - Established session 0x34edfaa9c220038 with negotiated timeout 10000 for client /10.10.34.13:42071
2015-07-31 11:09:00,574 - INFO  [NIOServerCxn.Factory:0.0.0.0/0.0.0.0:2181:NIOServerCnxnFactory@197] - Accepted socket connection from /10.10.34.15:59558
2015-07-31 11:09:00,574 - WARN  [NIOServerCxn.Factory:0.0.0.0/0.0.0.0:2181:ZooKeeperServer@793] - Connection request from old client /10.10.34.15:59558; will be dropped if server is in r-o mode
2015-07-31 11:09:00,575 - INFO  [NIOServerCxn.Factory:0.0.0.0/0.0.0.0:2181:ZooKeeperServer@839] - Client attempting to establish new session at /10.10.34.15:59558
2015-07-31 11:09:00,577 - INFO  [CommitProcessor:3:ZooKeeperServer@595] - Established session 0x34edfaa9c220039 with negotiated timeout 10000 for client /10.10.34.15:59558
2015-07-31 11:09:00,681 - INFO  [NIOServerCxn.Factory:0.0.0.0/0.0.0.0:2181:NIOServerCnxnFactory@197] - Accepted socket connection from /10.10.34.16:42267
2015-07-31 11:09:00,681 - WARN  [NIOServerCxn.Factory:0.0.0.0/0.0.0.0:2181:ZooKeeperServer@793] - Connection request from old client /10.10.34.16:42267; will be dropped if server is in r-o mode
2015-07-31 11:09:00,681 - INFO  [NIOServerCxn.Factory:0.0.0.0/0.0.0.0:2181:ZooKeeperServer@839] - Client attempting to establish new session at /10.10.34.16:42267
2015-07-31 11:09:00,683 - INFO  [CommitProcessor:3:ZooKeeperServer@595] - Established session 0x34edfaa9c22003a with negotiated timeout 10000 for client /10.10.34.16:42267
2015-07-31 11:09:00,878 - INFO  [NIOServerCxn.Factory:0.0.0.0/0.0.0.0:2181:NIOServerCnxnFactory@197] - Accepted socket connection from /10.10.34.17:52486
2015-07-31 11:09:00,879 - WARN  [NIOServerCxn.Factory:0.0.0.0/0.0.0.0:2181:ZooKeeperServer@793] - Connection request from old client /10.10.34.17:52486; will be dropped if server is in r-o mode
2015-07-31 11:09:00,879 - INFO  [NIOServerCxn.Factory:0.0.0.0/0.0.0.0:2181:ZooKeeperServer@839] - Client attempting to establish new session at /10.10.34.17:52486
2015-07-31 11:09:00,881 - INFO  [CommitProcessor:3:ZooKeeperServer@595] - Established session 0x34edfaa9c22003b with negotiated timeout 10000 for client /10.10.34.17:52486
2015-07-31 11:09:00,981 - INFO  [NIOServerCxn.Factory:0.0.0.0/0.0.0.0:2181:NIOServerCnxnFactory@197] - Accepted socket connection from /10.10.34.18:50846
2015-07-31 11:09:00,982 - WARN  [NIOServerCxn.Factory:0.0.0.0/0.0.0.0:2181:ZooKeeperServer@793] - Connection request from old client /10.10.34.18:50846; will be dropped if server is in r-o mode
2015-07-31 11:09:00,982 - INFO  [NIOServerCxn.Factory:0.0.0.0/0.0.0.0:2181:ZooKeeperServer@839] - Client attempting to establish new session at /10.10.34.18:50846
2015-07-31 11:09:00,984 - INFO  [CommitProcessor:3:ZooKeeperServer@595] - Established session 0x34edfaa9c22003c with negotiated timeout 10000 for client /10.10.34.18:50846
2015-07-31 11:09:01,312 - INFO  [NIOServerCxn.Factory:0.0.0.0/0.0.0.0:2181:NIOServerCnxnFactory@197] - Accepted socket connection from /10.10.34.21:49974
2015-07-31 11:09:01,313 - WARN  [NIOServerCxn.Factory:0.0.0.0/0.0.0.0:2181:ZooKeeperServer@793] - Connection request from old client /10.10.34.21:49974; will be dropped if server is in r-o mode
2015-07-31 11:09:01,313 - INFO  [NIOServerCxn.Factory:0.0.0.0/0.0.0.0:2181:ZooKeeperServer@839] - Client attempting to establish new session at /10.10.34.21:49974
2015-07-31 11:09:01,315 - INFO  [CommitProcessor:3:ZooKeeperServer@595] - Established session 0x34edfaa9c22003d with negotiated timeout 10000 for client /10.10.34.21:49974
2015-07-31 11:09:01,422 - INFO  [NIOServerCxn.Factory:0.0.0.0/0.0.0.0:2181:NIOServerCnxnFactory@197] - Accepted socket connection from /10.10.34.22:36837
2015-07-31 11:09:01,422 - WARN  [NIOServerCxn.Factory:0.0.0.0/0.0.0.0:2181:ZooKeeperServer@793] - Connection request from old client /10.10.34.22:36837; will be dropped if server is in r-o mode
2015-07-31 11:09:01,422 - INFO  [NIOServerCxn.Factory:0.0.0.0/0.0.0.0:2181:ZooKeeperServer@839] - Client attempting to establish new session at /10.10.34.22:36837
2015-07-31 11:09:01,424 - INFO  [CommitProcessor:3:ZooKeeperServer@595] - Established session 0x34edfaa9c22003e with negotiated timeout 10000 for client /10.10.34.22:36837
2015-07-31 11:09:01,526 - INFO  [NIOServerCxn.Factory:0.0.0.0/0.0.0.0:2181:NIOServerCnxnFactory@197] - Accepted socket connection from /10.10.34.23:52631
2015-07-31 11:09:01,526 - WARN  [NIOServerCxn.Factory:0.0.0.0/0.0.0.0:2181:ZooKeeperServer@793] - Connection request from old client /10.10.34.23:52631; will be dropped if server is in r-o mode
2015-07-31 11:09:01,527 - INFO  [NIOServerCxn.Factory:0.0.0.0/0.0.0.0:2181:ZooKeeperServer@839] - Client attempting to establish new session at /10.10.34.23:52631
2015-07-31 11:09:01,528 - INFO  [CommitProcessor:3:ZooKeeperServer@595] - Established session 0x34edfaa9c22003f with negotiated timeout 10000 for client /10.10.34.23:52631
2015-07-31 11:09:01,719 - INFO  [NIOServerCxn.Factory:0.0.0.0/0.0.0.0:2181:NIOServerCnxnFactory@197] - Accepted socket connection from /10.10.34.25:34500
2015-07-31 11:09:01,719 - WARN  [NIOServerCxn.Factory:0.0.0.0/0.0.0.0:2181:ZooKeeperServer@793] - Connection request from old client /10.10.34.25:34500; will be dropped if server is in r-o mode
2015-07-31 11:09:01,720 - INFO  [NIOServerCxn.Factory:0.0.0.0/0.0.0.0:2181:ZooKeeperServer@839] - Client attempting to establish new session at /10.10.34.25:34500
2015-07-31 11:09:01,722 - INFO  [CommitProcessor:3:ZooKeeperServer@595] - Established session 0x34edfaa9c220040 with negotiated timeout 10000 for client /10.10.34.25:34500
2015-07-31 11:09:01,725 - INFO  [NIOServerCxn.Factory:0.0.0.0/0.0.0.0:2181:NIOServerCnxnFactory@197] - Accepted socket connection from /10.10.34.29:57215
2015-07-31 11:09:01,725 - WARN  [NIOServerCxn.Factory:0.0.0.0/0.0.0.0:2181:ZooKeeperServer@793] - Connection request from old client /10.10.34.29:57215; will be dropped if server is in r-o mode
2015-07-31 11:09:01,725 - INFO  [NIOServerCxn.Factory:0.0.0.0/0.0.0.0:2181:ZooKeeperServer@839] - Client attempting to establish new session at /10.10.34.29:57215
2015-07-31 11:09:01,727 - INFO  [CommitProcessor:3:ZooKeeperServer@595] - Established session 0x34edfaa9c220041 with negotiated timeout 10000 for client /10.10.34.29:57215
2015-07-31 11:09:02,027 - INFO  [NIOServerCxn.Factory:0.0.0.0/0.0.0.0:2181:NIOServerCnxnFactory@197] - Accepted socket connection from /10.10.34.32:46835
2015-07-31 11:09:02,028 - WARN  [NIOServerCxn.Factory:0.0.0.0/0.0.0.0:2181:ZooKeeperServer@793] - Connection request from old client /10.10.34.32:46835; will be dropped if server is in r-o mode
2015-07-31 11:09:02,028 - INFO  [NIOServerCxn.Factory:0.0.0.0/0.0.0.0:2181:ZooKeeperServer@839] - Client attempting to establish new session at /10.10.34.32:46835
2015-07-31 11:09:02,031 - INFO  [CommitProcessor:3:ZooKeeperServer@595] - Established session 0x34edfaa9c220042 with negotiated timeout 10000 for client /10.10.34.32:46835
2015-07-31 11:09:02,264 - INFO  [NIOServerCxn.Factory:0.0.0.0/0.0.0.0:2181:NIOServerCnxnFactory@197] - Accepted socket connection from /10.10.34.34:55584
2015-07-31 11:09:02,264 - WARN  [NIOServerCxn.Factory:0.0.0.0/0.0.0.0:2181:ZooKeeperServer@793] - Connection request from old client /10.10.34.34:55584; will be dropped if server is in r-o mode
2015-07-31 11:09:02,265 - INFO  [NIOServerCxn.Factory:0.0.0.0/0.0.0.0:2181:ZooKeeperServer@839] - Client attempting to establish new session at /10.10.34.34:55584
2015-07-31 11:09:02,267 - INFO  [CommitProcessor:3:ZooKeeperServer@595] - Established session 0x34edfaa9c220043 with negotiated timeout 10000 for client /10.10.34.34:55584
2015-07-31 11:09:02,547 - INFO  [NIOServerCxn.Factory:0.0.0.0/0.0.0.0:2181:NIOServerCnxnFactory@197] - Accepted socket connection from /10.10.34.37:34701
2015-07-31 11:09:02,548 - WARN  [NIOServerCxn.Factory:0.0.0.0/0.0.0.0:2181:ZooKeeperServer@793] - Connection request from old client /10.10.34.37:34701; will be dropped if server is in r-o mode
2015-07-31 11:09:02,548 - INFO  [NIOServerCxn.Factory:0.0.0.0/0.0.0.0:2181:ZooKeeperServer@839] - Client attempting to establish new session at /10.10.34.37:34701
2015-07-31 11:09:02,550 - INFO  [CommitProcessor:3:ZooKeeperServer@595] - Established session 0x34edfaa9c220044 with negotiated timeout 10000 for client /10.10.34.37:34701
2015-07-31 11:09:02,758 - INFO  [NIOServerCxn.Factory:0.0.0.0/0.0.0.0:2181:NIOServerCnxnFactory@197] - Accepted socket connection from /10.10.34.39:51771
2015-07-31 11:09:02,758 - WARN  [NIOServerCxn.Factory:0.0.0.0/0.0.0.0:2181:ZooKeeperServer@793] - Connection request from old client /10.10.34.39:51771; will be dropped if server is in r-o mode
2015-07-31 11:09:02,759 - INFO  [NIOServerCxn.Factory:0.0.0.0/0.0.0.0:2181:ZooKeeperServer@839] - Client attempting to establish new session at /10.10.34.39:51771
2015-07-31 11:09:02,761 - INFO  [CommitProcessor:3:ZooKeeperServer@595] - Established session 0x34edfaa9c220045 with negotiated timeout 10000 for client /10.10.34.39:51771
2015-07-31 11:09:02,955 - INFO  [NIOServerCxn.Factory:0.0.0.0/0.0.0.0:2181:NIOServerCnxnFactory@197] - Accepted socket connection from /10.10.34.41:51918
2015-07-31 11:09:02,955 - WARN  [NIOServerCxn.Factory:0.0.0.0/0.0.0.0:2181:ZooKeeperServer@793] - Connection request from old client /10.10.34.41:51918; will be dropped if server is in r-o mode
2015-07-31 11:09:02,955 - INFO  [NIOServerCxn.Factory:0.0.0.0/0.0.0.0:2181:ZooKeeperServer@839] - Client attempting to establish new session at /10.10.34.41:51918
2015-07-31 11:09:02,958 - INFO  [CommitProcessor:3:ZooKeeperServer@595] - Established session 0x34edfaa9c220046 with negotiated timeout 10000 for client /10.10.34.41:51918
2015-07-31 11:09:03,061 - INFO  [NIOServerCxn.Factory:0.0.0.0/0.0.0.0:2181:NIOServerCnxnFactory@197] - Accepted socket connection from /10.10.34.42:51792
2015-07-31 11:09:03,062 - WARN  [NIOServerCxn.Factory:0.0.0.0/0.0.0.0:2181:ZooKeeperServer@793] - Connection request from old client /10.10.34.42:51792; will be dropped if server is in r-o mode
2015-07-31 11:09:03,062 - INFO  [NIOServerCxn.Factory:0.0.0.0/0.0.0.0:2181:ZooKeeperServer@839] - Client attempting to establish new session at /10.10.34.42:51792
2015-07-31 11:09:03,064 - INFO  [CommitProcessor:3:ZooKeeperServer@595] - Established session 0x34edfaa9c220047 with negotiated timeout 10000 for client /10.10.34.42:51792
2015-07-31 11:09:08,299 - INFO  [NIOServerCxn.Factory:0.0.0.0/0.0.0.0:2181:NIOServerCnxnFactory@197] - Accepted socket connection from /10.10.34.14:54988
2015-07-31 11:09:08,299 - WARN  [NIOServerCxn.Factory:0.0.0.0/0.0.0.0:2181:ZooKeeperServer@793] - Connection request from old client /10.10.34.14:54988; will be dropped if server is in r-o mode
2015-07-31 11:09:08,300 - INFO  [NIOServerCxn.Factory:0.0.0.0/0.0.0.0:2181:ZooKeeperServer@839] - Client attempting to establish new session at /10.10.34.14:54988
2015-07-31 11:09:08,302 - INFO  [CommitProcessor:3:ZooKeeperServer@595] - Established session 0x34edfaa9c220048 with negotiated timeout 10000 for client /10.10.34.14:54988
2015-07-31 11:09:25,665 - INFO  [NIOServerCxn.Factory:0.0.0.0/0.0.0.0:2181:NIOServerCnxnFactory@197] - Accepted socket connection from /10.10.34.11:34226
2015-07-31 11:09:25,666 - WARN  [NIOServerCxn.Factory:0.0.0.0/0.0.0.0:2181:ZooKeeperServer@793] - Connection request from old client /10.10.34.11:34226; will be dropped if server is in r-o mode
2015-07-31 11:09:25,666 - INFO  [NIOServerCxn.Factory:0.0.0.0/0.0.0.0:2181:ZooKeeperServer@839] - Client attempting to establish new session at /10.10.34.11:34226
2015-07-31 11:09:25,668 - INFO  [CommitProcessor:3:ZooKeeperServer@595] - Established session 0x34edfaa9c220049 with negotiated timeout 10000 for client /10.10.34.11:34226
2015-07-31 11:10:28,856 - WARN  [NIOServerCxn.Factory:0.0.0.0/0.0.0.0:2181:NIOServerCnxn@349] - caught end of stream exception
2015-07-31 11:10:28,857 - INFO  [NIOServerCxn.Factory:0.0.0.0/0.0.0.0:2181:NIOServerCnxn@1001] - Closed socket connection for client /10.10.34.11:34226 which had sessionid 0x34edfaa9c220049
2015-07-31 12:56:58,987 - WARN  [NIOServerCxn.Factory:0.0.0.0/0.0.0.0:2181:NIOServerCnxn@349] - caught end of stream exception
2015-07-31 12:56:58,988 - INFO  [NIOServerCxn.Factory:0.0.0.0/0.0.0.0:2181:NIOServerCnxn@1001] - Closed socket connection for client /10.10.34.13:42071 which had sessionid 0x34edfaa9c220038
2015-07-31 12:56:59,182 - WARN  [NIOServerCxn.Factory:0.0.0.0/0.0.0.0:2181:NIOServerCnxn@349] - caught end of stream exception
2015-07-31 12:56:59,182 - INFO  [NIOServerCxn.Factory:0.0.0.0/0.0.0.0:2181:NIOServerCnxn@1001] - Closed socket connection for client /10.10.34.15:59558 which had sessionid 0x34edfaa9c220039
2015-07-31 12:56:59,289 - WARN  [NIOServerCxn.Factory:0.0.0.0/0.0.0.0:2181:NIOServerCnxn@349] - caught end of stream exception
2015-07-31 12:56:59,290 - INFO  [NIOServerCxn.Factory:0.0.0.0/0.0.0.0:2181:NIOServerCnxn@1001] - Closed socket connection for client /10.10.34.16:42267 which had sessionid 0x34edfaa9c22003a
2015-07-31 12:56:59,490 - WARN  [NIOServerCxn.Factory:0.0.0.0/0.0.0.0:2181:NIOServerCnxn@349] - caught end of stream exception
2015-07-31 12:56:59,490 - INFO  [NIOServerCxn.Factory:0.0.0.0/0.0.0.0:2181:NIOServerCnxn@1001] - Closed socket connection for client /10.10.34.17:52486 which had sessionid 0x34edfaa9c22003b
2015-07-31 12:56:59,596 - WARN  [NIOServerCxn.Factory:0.0.0.0/0.0.0.0:2181:NIOServerCnxn@349] - caught end of stream exception
2015-07-31 12:56:59,597 - INFO  [NIOServerCxn.Factory:0.0.0.0/0.0.0.0:2181:NIOServerCnxn@1001] - Closed socket connection for client /10.10.34.18:50846 which had sessionid 0x34edfaa9c22003c
2015-07-31 12:56:59,920 - WARN  [NIOServerCxn.Factory:0.0.0.0/0.0.0.0:2181:NIOServerCnxn@349] - caught end of stream exception
2015-07-31 12:56:59,921 - INFO  [NIOServerCxn.Factory:0.0.0.0/0.0.0.0:2181:NIOServerCnxn@1001] - Closed socket connection for client /10.10.34.21:49974 which had sessionid 0x34edfaa9c22003d
2015-07-31 12:57:00,019 - WARN  [NIOServerCxn.Factory:0.0.0.0/0.0.0.0:2181:NIOServerCnxn@349] - caught end of stream exception
2015-07-31 12:57:00,020 - INFO  [NIOServerCxn.Factory:0.0.0.0/0.0.0.0:2181:NIOServerCnxn@1001] - Closed socket connection for client /10.10.34.22:36837 which had sessionid 0x34edfaa9c22003e
2015-07-31 12:57:00,325 - WARN  [NIOServerCxn.Factory:0.0.0.0/0.0.0.0:2181:NIOServerCnxn@349] - caught end of stream exception
2015-07-31 12:57:00,326 - INFO  [NIOServerCxn.Factory:0.0.0.0/0.0.0.0:2181:NIOServerCnxn@1001] - Closed socket connection for client /10.10.34.25:34500 which had sessionid 0x34edfaa9c220040
2015-07-31 12:57:00,346 - WARN  [NIOServerCxn.Factory:0.0.0.0/0.0.0.0:2181:NIOServerCnxn@349] - caught end of stream exception
2015-07-31 12:57:00,347 - INFO  [NIOServerCxn.Factory:0.0.0.0/0.0.0.0:2181:NIOServerCnxn@1001] - Closed socket connection for client /10.10.34.29:57215 which had sessionid 0x34edfaa9c220041
2015-07-31 12:57:00,651 - WARN  [NIOServerCxn.Factory:0.0.0.0/0.0.0.0:2181:NIOServerCnxn@349] - caught end of stream exception
2015-07-31 12:57:00,652 - INFO  [NIOServerCxn.Factory:0.0.0.0/0.0.0.0:2181:NIOServerCnxn@1001] - Closed socket connection for client /10.10.34.32:46835 which had sessionid 0x34edfaa9c220042
2015-07-31 12:57:00,885 - WARN  [NIOServerCxn.Factory:0.0.0.0/0.0.0.0:2181:NIOServerCnxn@349] - caught end of stream exception
2015-07-31 12:57:00,886 - INFO  [NIOServerCxn.Factory:0.0.0.0/0.0.0.0:2181:NIOServerCnxn@1001] - Closed socket connection for client /10.10.34.34:55584 which had sessionid 0x34edfaa9c220043
2015-07-31 12:57:01,172 - WARN  [NIOServerCxn.Factory:0.0.0.0/0.0.0.0:2181:NIOServerCnxn@349] - caught end of stream exception
2015-07-31 12:57:01,173 - INFO  [NIOServerCxn.Factory:0.0.0.0/0.0.0.0:2181:NIOServerCnxn@1001] - Closed socket connection for client /10.10.34.37:34701 which had sessionid 0x34edfaa9c220044
2015-07-31 12:57:01,375 - WARN  [NIOServerCxn.Factory:0.0.0.0/0.0.0.0:2181:NIOServerCnxn@349] - caught end of stream exception
2015-07-31 12:57:01,375 - INFO  [NIOServerCxn.Factory:0.0.0.0/0.0.0.0:2181:NIOServerCnxn@1001] - Closed socket connection for client /10.10.34.39:51771 which had sessionid 0x34edfaa9c220045
2015-07-31 12:57:01,578 - WARN  [NIOServerCxn.Factory:0.0.0.0/0.0.0.0:2181:NIOServerCnxn@349] - caught end of stream exception
2015-07-31 12:57:01,579 - INFO  [NIOServerCxn.Factory:0.0.0.0/0.0.0.0:2181:NIOServerCnxn@1001] - Closed socket connection for client /10.10.34.41:51918 which had sessionid 0x34edfaa9c220046
2015-07-31 12:57:01,680 - WARN  [NIOServerCxn.Factory:0.0.0.0/0.0.0.0:2181:NIOServerCnxn@349] - caught end of stream exception
2015-07-31 12:57:01,681 - INFO  [NIOServerCxn.Factory:0.0.0.0/0.0.0.0:2181:NIOServerCnxn@1001] - Closed socket connection for client /10.10.34.42:51792 which had sessionid 0x34edfaa9c220047
2015-07-31 12:57:06,421 - WARN  [NIOServerCxn.Factory:0.0.0.0/0.0.0.0:2181:NIOServerCnxn@349] - caught end of stream exception
2015-07-31 12:57:06,422 - INFO  [NIOServerCxn.Factory:0.0.0.0/0.0.0.0:2181:NIOServerCnxn@1001] - Closed socket connection for client /10.10.34.14:54988 which had sessionid 0x34edfaa9c220048
2015-07-31 12:57:09,360 - INFO  [CommitProcessor:3:NIOServerCnxn@1001] - Closed socket connection for client /10.10.34.23:52631 which had sessionid 0x34edfaa9c22003f
2015-07-31 15:00:02,698 - WARN  [NIOServerCxn.Factory:0.0.0.0/0.0.0.0:2181:NIOServerCnxn@349] - caught end of stream exception
2015-07-31 15:00:02,699 - INFO  [NIOServerCxn.Factory:0.0.0.0/0.0.0.0:2181:NIOServerCnxn@1001] - Closed socket connection for client /10.10.34.12:50182 which had sessionid 0x34edfaa9c220036
2015-07-31 15:00:02,802 - WARN  [NIOServerCxn.Factory:0.0.0.0/0.0.0.0:2181:NIOServerCnxn@349] - caught end of stream exception
2015-07-31 15:00:02,803 - INFO  [NIOServerCxn.Factory:0.0.0.0/0.0.0.0:2181:NIOServerCnxn@1001] - Closed socket connection for client /10.10.34.13:42067 which had sessionid 0x34edfaa9c220037
2015-07-31 15:11:53,333 - WARN  [RecvWorker:1:QuorumCnxManager$RecvWorker@762] - Connection broken for id 1, my id = 3, error = 
2015-07-31 15:11:53,334 - WARN  [RecvWorker:1:QuorumCnxManager$RecvWorker@765] - Interrupting SendWorker
2015-07-31 15:11:53,334 - WARN  [SendWorker:1:QuorumCnxManager$SendWorker@679] - Interrupted while waiting for message on queue
2015-07-31 15:11:53,335 - WARN  [SendWorker:1:QuorumCnxManager$SendWorker@688] - Send worker leaving thread
2015-07-31 15:15:17,186 - INFO  [/10.10.34.13:3888:QuorumCnxManager$Listener@493] - Received connection request /10.10.34.11:53230
2015-07-31 15:15:17,192 - INFO  [WorkerReceiver[myid=3]:FastLeaderElection@542] - Notification: 1 (n.leader), 0x50000062e (n.zxid), 0x1 (n.round), LOOKING (n.state), 1 (n.sid), 0x5 (n.peerEPoch), FOLLOWING (my state)
2015-07-31 15:15:17,193 - INFO  [WorkerReceiver[myid=3]:FastLeaderElection@542] - Notification: 1 (n.leader), 0x50000062e (n.zxid), 0x5 (n.round), LOOKING (n.state), 1 (n.sid), 0x5 (n.peerEPoch), FOLLOWING (my state)
2015-07-31 15:31:46,199 - INFO  [main:QuorumPeerConfig@101] - Reading configuration from: /etc/zookeeper/conf/zoo.cfg
2015-07-31 15:31:46,222 - INFO  [main:QuorumPeerConfig@334] - Defaulting to majority quorums
2015-07-31 15:31:46,248 - INFO  [main:DatadirCleanupManager@78] - autopurge.snapRetainCount set to 3
2015-07-31 15:31:46,248 - INFO  [main:DatadirCleanupManager@79] - autopurge.purgeInterval set to 0
2015-07-31 15:31:46,249 - INFO  [main:DatadirCleanupManager@101] - Purge task is not scheduled.
2015-07-31 15:31:46,278 - INFO  [main:QuorumPeerMain@127] - Starting quorum peer
2015-07-31 15:31:46,339 - INFO  [main:NIOServerCnxnFactory@94] - binding to port 0.0.0.0/0.0.0.0:2181
2015-07-31 15:31:46,382 - INFO  [main:QuorumPeer@913] - tickTime set to 2000
2015-07-31 15:31:46,382 - INFO  [main:QuorumPeer@933] - minSessionTimeout set to -1
2015-07-31 15:31:46,383 - INFO  [main:QuorumPeer@944] - maxSessionTimeout set to -1
2015-07-31 15:31:46,383 - INFO  [main:QuorumPeer@959] - initLimit set to 10
2015-07-31 15:31:46,431 - INFO  [main:FileSnap@83] - Reading snapshot /var/lib/zookeeper/version-2/snapshot.500000000
2015-07-31 15:31:46,873 - INFO  [Thread-1:QuorumCnxManager$Listener@486] - My election bind port: 0.0.0.0/0.0.0.0:3888
2015-07-31 15:31:46,895 - INFO  [QuorumPeer[myid=3]/0:0:0:0:0:0:0:0:2181:QuorumPeer@670] - LOOKING
2015-07-31 15:31:46,899 - INFO  [QuorumPeer[myid=3]/0:0:0:0:0:0:0:0:2181:FastLeaderElection@740] - New election. My id =  3, proposed zxid=0x50000062e
2015-07-31 15:31:46,917 - INFO  [WorkerReceiver[myid=3]:FastLeaderElection@542] - Notification: 3 (n.leader), 0x50000062e (n.zxid), 0x1 (n.round), LOOKING (n.state), 3 (n.sid), 0x5 (n.peerEPoch), LOOKING (my state)
2015-07-31 15:31:46,922 - INFO  [WorkerReceiver[myid=3]:FastLeaderElection@542] - Notification: 2 (n.leader), 0x50000062e (n.zxid), 0x1 (n.round), LOOKING (n.state), 1 (n.sid), 0x5 (n.peerEPoch), LOOKING (my state)
2015-07-31 15:31:46,922 - INFO  [WorkerReceiver[myid=3]:FastLeaderElection@542] - Notification: 2 (n.leader), 0x50000062e (n.zxid), 0x1 (n.round), FOLLOWING (n.state), 1 (n.sid), 0x5 (n.peerEPoch), LOOKING (my state)
2015-07-31 15:31:46,922 - INFO  [WorkerReceiver[myid=3]:FastLeaderElection@542] - Notification: 2 (n.leader), 0x50000062e (n.zxid), 0x1 (n.round), LOOKING (n.state), 2 (n.sid), 0x5 (n.peerEPoch), LOOKING (my state)
2015-07-31 15:31:46,923 - INFO  [WorkerReceiver[myid=3]:FastLeaderElection@542] - Notification: 2 (n.leader), 0x50000062e (n.zxid), 0x1 (n.round), LEADING (n.state), 2 (n.sid), 0x5 (n.peerEPoch), LOOKING (my state)
2015-07-31 15:31:46,924 - INFO  [QuorumPeer[myid=3]/0:0:0:0:0:0:0:0:2181:QuorumPeer@738] - FOLLOWING
2015-07-31 15:31:46,933 - INFO  [QuorumPeer[myid=3]/0:0:0:0:0:0:0:0:2181:Learner@85] - TCP NoDelay set to: true
2015-07-31 15:31:46,948 - INFO  [QuorumPeer[myid=3]/0:0:0:0:0:0:0:0:2181:Environment@100] - Server environment:zookeeper.version=3.4.5--1, built on 06/10/2013 17:26 GMT
2015-07-31 15:31:46,948 - INFO  [QuorumPeer[myid=3]/0:0:0:0:0:0:0:0:2181:Environment@100] - Server environment:host.name=mesos-master-3
2015-07-31 15:31:46,948 - INFO  [QuorumPeer[myid=3]/0:0:0:0:0:0:0:0:2181:Environment@100] - Server environment:java.version=1.7.0_79
2015-07-31 15:31:46,948 - INFO  [QuorumPeer[myid=3]/0:0:0:0:0:0:0:0:2181:Environment@100] - Server environment:java.vendor=Oracle Corporation
2015-07-31 15:31:46,949 - INFO  [QuorumPeer[myid=3]/0:0:0:0:0:0:0:0:2181:Environment@100] - Server environment:java.home=/usr/lib/jvm/java-7-openjdk-amd64/jre
2015-07-31 15:31:46,949 - INFO  [QuorumPeer[myid=3]/0:0:0:0:0:0:0:0:2181:Environment@100] - Server environment:java.class.path=/etc/zookeeper/conf:/usr/share/java/jline.jar:/usr/share/java/log4j-1.2.jar:/usr/share/java/xercesImpl.jar:/usr/share/java/xmlParserAPIs.jar:/usr/share/java/netty.jar:/usr/share/java/slf4j-api.jar:/usr/share/java/slf4j-log4j12.jar:/usr/share/java/zookeeper.jar
2015-07-31 15:31:46,949 - INFO  [QuorumPeer[myid=3]/0:0:0:0:0:0:0:0:2181:Environment@100] - Server environment:java.library.path=/usr/java/packages/lib/amd64:/usr/lib/x86_64-linux-gnu/jni:/lib/x86_64-linux-gnu:/usr/lib/x86_64-linux-gnu:/usr/lib/jni:/lib:/usr/lib
2015-07-31 15:31:46,949 - INFO  [QuorumPeer[myid=3]/0:0:0:0:0:0:0:0:2181:Environment@100] - Server environment:java.io.tmpdir=/tmp
2015-07-31 15:31:46,950 - INFO  [QuorumPeer[myid=3]/0:0:0:0:0:0:0:0:2181:Environment@100] - Server environment:java.compiler=<NA>
2015-07-31 15:31:46,950 - INFO  [QuorumPeer[myid=3]/0:0:0:0:0:0:0:0:2181:Environment@100] - Server environment:os.name=Linux
2015-07-31 15:31:46,950 - INFO  [QuorumPeer[myid=3]/0:0:0:0:0:0:0:0:2181:Environment@100] - Server environment:os.arch=amd64
2015-07-31 15:31:46,950 - INFO  [QuorumPeer[myid=3]/0:0:0:0:0:0:0:0:2181:Environment@100] - Server environment:os.version=3.16.0-30-generic
2015-07-31 15:31:46,950 - INFO  [QuorumPeer[myid=3]/0:0:0:0:0:0:0:0:2181:Environment@100] - Server environment:user.name=zookeeper
2015-07-31 15:31:46,951 - INFO  [QuorumPeer[myid=3]/0:0:0:0:0:0:0:0:2181:Environment@100] - Server environment:user.home=/var/lib/zookeeper
2015-07-31 15:31:46,951 - INFO  [QuorumPeer[myid=3]/0:0:0:0:0:0:0:0:2181:Environment@100] - Server environment:user.dir=/
2015-07-31 15:31:46,953 - INFO  [QuorumPeer[myid=3]/0:0:0:0:0:0:0:0:2181:ZooKeeperServer@162] - Created server with tickTime 2000 minSessionTimeout 4000 maxSessionTimeout 40000 datadir /var/lib/zookeeper/version-2 snapdir /var/lib/zookeeper/version-2
2015-07-31 15:31:46,955 - INFO  [QuorumPeer[myid=3]/0:0:0:0:0:0:0:0:2181:Follower@63] - FOLLOWING - LEADER ELECTION TOOK - 56
2015-07-31 15:31:46,967 - INFO  [QuorumPeer[myid=3]/0:0:0:0:0:0:0:0:2181:Learner@322] - Getting a diff from the leader 0x50000062e
2015-07-31 15:31:46,975 - INFO  [QuorumPeer[myid=3]/0:0:0:0:0:0:0:0:2181:FileTxnSnapLog@240] - Snapshotting: 0x50000062e to /var/lib/zookeeper/version-2/snapshot.50000062e
2015-07-31 15:36:23,578 - INFO  [main:QuorumPeerConfig@101] - Reading configuration from: /etc/zookeeper/conf/zoo.cfg
2015-07-31 15:36:23,592 - INFO  [main:QuorumPeerConfig@334] - Defaulting to majority quorums
2015-07-31 15:36:23,609 - INFO  [main:DatadirCleanupManager@78] - autopurge.snapRetainCount set to 3
2015-07-31 15:36:23,609 - INFO  [main:DatadirCleanupManager@79] - autopurge.purgeInterval set to 0
2015-07-31 15:36:23,610 - INFO  [main:DatadirCleanupManager@101] - Purge task is not scheduled.
2015-07-31 15:36:23,630 - INFO  [main:QuorumPeerMain@127] - Starting quorum peer
2015-07-31 15:36:23,652 - INFO  [main:NIOServerCnxnFactory@94] - binding to port 0.0.0.0/0.0.0.0:2181
2015-07-31 15:36:23,686 - INFO  [main:QuorumPeer@913] - tickTime set to 2000
2015-07-31 15:36:23,686 - INFO  [main:QuorumPeer@933] - minSessionTimeout set to -1
2015-07-31 15:36:23,687 - INFO  [main:QuorumPeer@944] - maxSessionTimeout set to -1
2015-07-31 15:36:23,687 - INFO  [main:QuorumPeer@959] - initLimit set to 10
2015-07-31 15:36:23,711 - INFO  [main:FileSnap@83] - Reading snapshot /var/lib/zookeeper/version-2/snapshot.50000062e
2015-07-31 15:36:23,805 - INFO  [Thread-1:QuorumCnxManager$Listener@486] - My election bind port: 0.0.0.0/0.0.0.0:3888
2015-07-31 15:36:23,823 - INFO  [QuorumPeer[myid=3]/0:0:0:0:0:0:0:0:2181:QuorumPeer@670] - LOOKING
2015-07-31 15:36:23,826 - INFO  [QuorumPeer[myid=3]/0:0:0:0:0:0:0:0:2181:FastLeaderElection@740] - New election. My id =  3, proposed zxid=0x50000062e
2015-07-31 15:36:23,838 - INFO  [WorkerReceiver[myid=3]:FastLeaderElection@542] - Notification: 2 (n.leader), 0x50000062e (n.zxid), 0x2 (n.round), LOOKING (n.state), 1 (n.sid), 0x6 (n.peerEPoch), LOOKING (my state)
2015-07-31 15:36:23,842 - INFO  [WorkerReceiver[myid=3]:FastLeaderElection@542] - Notification: 3 (n.leader), 0x50000062e (n.zxid), 0x1 (n.round), LOOKING (n.state), 3 (n.sid), 0x6 (n.peerEPoch), LOOKING (my state)
2015-07-31 15:36:23,843 - INFO  [WorkerReceiver[myid=3]:FastLeaderElection@542] - Notification: 2 (n.leader), 0x50000062e (n.zxid), 0x2 (n.round), FOLLOWING (n.state), 1 (n.sid), 0x6 (n.peerEPoch), LOOKING (my state)
2015-07-31 15:36:23,843 - INFO  [WorkerReceiver[myid=3]:FastLeaderElection@542] - Notification: 2 (n.leader), 0x50000062e (n.zxid), 0x2 (n.round), LOOKING (n.state), 2 (n.sid), 0x6 (n.peerEPoch), LOOKING (my state)
2015-07-31 15:36:23,843 - INFO  [WorkerReceiver[myid=3]:FastLeaderElection@542] - Notification: 2 (n.leader), 0x50000062e (n.zxid), 0x2 (n.round), LEADING (n.state), 2 (n.sid), 0x6 (n.peerEPoch), LOOKING (my state)
2015-07-31 15:36:23,844 - INFO  [WorkerReceiver[myid=3]:FastLeaderElection@542] - Notification: 3 (n.leader), 0x50000062e (n.zxid), 0x2 (n.round), LOOKING (n.state), 3 (n.sid), 0x6 (n.peerEPoch), LOOKING (my state)
2015-07-31 15:36:23,844 - INFO  [QuorumPeer[myid=3]/0:0:0:0:0:0:0:0:2181:QuorumPeer@738] - FOLLOWING
2015-07-31 15:36:23,844 - INFO  [WorkerReceiver[myid=3]:FastLeaderElection@542] - Notification: 3 (n.leader), 0x50000062e (n.zxid), 0x2 (n.round), FOLLOWING (n.state), 3 (n.sid), 0x6 (n.peerEPoch), FOLLOWING (my state)
2015-07-31 15:36:23,845 - INFO  [WorkerReceiver[myid=3]:FastLeaderElection@542] - Notification: 2 (n.leader), 0x50000062e (n.zxid), 0x2 (n.round), FOLLOWING (n.state), 1 (n.sid), 0x6 (n.peerEPoch), FOLLOWING (my state)
2015-07-31 15:36:23,845 - INFO  [WorkerReceiver[myid=3]:FastLeaderElection@542] - Notification: 2 (n.leader), 0x50000062e (n.zxid), 0x2 (n.round), LEADING (n.state), 2 (n.sid), 0x6 (n.peerEPoch), FOLLOWING (my state)
2015-07-31 15:36:23,852 - INFO  [QuorumPeer[myid=3]/0:0:0:0:0:0:0:0:2181:Learner@85] - TCP NoDelay set to: true
2015-07-31 15:36:23,864 - INFO  [QuorumPeer[myid=3]/0:0:0:0:0:0:0:0:2181:Environment@100] - Server environment:zookeeper.version=3.4.5--1, built on 06/10/2013 17:26 GMT
2015-07-31 15:36:23,865 - INFO  [QuorumPeer[myid=3]/0:0:0:0:0:0:0:0:2181:Environment@100] - Server environment:host.name=mesos-master-3
2015-07-31 15:36:23,865 - INFO  [QuorumPeer[myid=3]/0:0:0:0:0:0:0:0:2181:Environment@100] - Server environment:java.version=1.7.0_79
2015-07-31 15:36:23,865 - INFO  [QuorumPeer[myid=3]/0:0:0:0:0:0:0:0:2181:Environment@100] - Server environment:java.vendor=Oracle Corporation
2015-07-31 15:36:23,865 - INFO  [QuorumPeer[myid=3]/0:0:0:0:0:0:0:0:2181:Environment@100] - Server environment:java.home=/usr/lib/jvm/java-7-openjdk-amd64/jre
2015-07-31 15:36:23,865 - INFO  [QuorumPeer[myid=3]/0:0:0:0:0:0:0:0:2181:Environment@100] - Server environment:java.class.path=/etc/zookeeper/conf:/usr/share/java/jline.jar:/usr/share/java/log4j-1.2.jar:/usr/share/java/xercesImpl.jar:/usr/share/java/xmlParserAPIs.jar:/usr/share/java/netty.jar:/usr/share/java/slf4j-api.jar:/usr/share/java/slf4j-log4j12.jar:/usr/share/java/zookeeper.jar
2015-07-31 15:36:23,866 - INFO  [QuorumPeer[myid=3]/0:0:0:0:0:0:0:0:2181:Environment@100] - Server environment:java.library.path=/usr/java/packages/lib/amd64:/usr/lib/x86_64-linux-gnu/jni:/lib/x86_64-linux-gnu:/usr/lib/x86_64-linux-gnu:/usr/lib/jni:/lib:/usr/lib
2015-07-31 15:36:23,866 - INFO  [QuorumPeer[myid=3]/0:0:0:0:0:0:0:0:2181:Environment@100] - Server environment:java.io.tmpdir=/tmp
2015-07-31 15:36:23,866 - INFO  [QuorumPeer[myid=3]/0:0:0:0:0:0:0:0:2181:Environment@100] - Server environment:java.compiler=<NA>
2015-07-31 15:36:23,866 - INFO  [QuorumPeer[myid=3]/0:0:0:0:0:0:0:0:2181:Environment@100] - Server environment:os.name=Linux
2015-07-31 15:36:23,866 - INFO  [QuorumPeer[myid=3]/0:0:0:0:0:0:0:0:2181:Environment@100] - Server environment:os.arch=amd64
2015-07-31 15:36:23,866 - INFO  [QuorumPeer[myid=3]/0:0:0:0:0:0:0:0:2181:Environment@100] - Server environment:os.version=3.16.0-30-generic
2015-07-31 15:36:23,867 - INFO  [QuorumPeer[myid=3]/0:0:0:0:0:0:0:0:2181:Environment@100] - Server environment:user.name=zookeeper
2015-07-31 15:36:23,867 - INFO  [QuorumPeer[myid=3]/0:0:0:0:0:0:0:0:2181:Environment@100] - Server environment:user.home=/var/lib/zookeeper
2015-07-31 15:36:23,867 - INFO  [QuorumPeer[myid=3]/0:0:0:0:0:0:0:0:2181:Environment@100] - Server environment:user.dir=/
2015-07-31 15:36:23,869 - INFO  [QuorumPeer[myid=3]/0:0:0:0:0:0:0:0:2181:ZooKeeperServer@162] - Created server with tickTime 2000 minSessionTimeout 4000 maxSessionTimeout 40000 datadir /var/lib/zookeeper/version-2 snapdir /var/lib/zookeeper/version-2
2015-07-31 15:36:23,870 - INFO  [QuorumPeer[myid=3]/0:0:0:0:0:0:0:0:2181:Follower@63] - FOLLOWING - LEADER ELECTION TOOK - 44
2015-07-31 15:36:23,884 - INFO  [QuorumPeer[myid=3]/0:0:0:0:0:0:0:0:2181:Learner@325] - Getting a snapshot from leader
2015-07-31 15:36:23,893 - INFO  [QuorumPeer[myid=3]/0:0:0:0:0:0:0:0:2181:FileTxnSnapLog@240] - Snapshotting: 0x700000000 to /var/lib/zookeeper/version-2/snapshot.700000000
2015-07-31 19:02:04,148 - WARN  [RecvWorker:1:QuorumCnxManager$RecvWorker@762] - Connection broken for id 1, my id = 3, error = 
2015-07-31 19:02:04,162 - WARN  [RecvWorker:1:QuorumCnxManager$RecvWorker@765] - Interrupting SendWorker
2015-07-31 19:02:04,162 - WARN  [SendWorker:1:QuorumCnxManager$SendWorker@679] - Interrupted while waiting for message on queue
2015-07-31 19:02:04,163 - WARN  [SendWorker:1:QuorumCnxManager$SendWorker@688] - Send worker leaving thread
2015-07-31 19:12:41,294 - INFO  [/10.10.34.13:3888:QuorumCnxManager$Listener@493] - Received connection request /10.10.34.11:59957
2015-07-31 19:12:41,299 - INFO  [WorkerReceiver[myid=3]:FastLeaderElection@542] - Notification: 1 (n.leader), 0x50000062e (n.zxid), 0x1 (n.round), LOOKING (n.state), 1 (n.sid), 0x7 (n.peerEPoch), FOLLOWING (my state)
2015-07-31 19:12:41,299 - INFO  [WorkerReceiver[myid=3]:FastLeaderElection@542] - Notification: 1 (n.leader), 0x50000062e (n.zxid), 0x2 (n.round), LOOKING (n.state), 1 (n.sid), 0x7 (n.peerEPoch), FOLLOWING (my state)
2015-07-31 19:14:00,633 - WARN  [RecvWorker:1:QuorumCnxManager$RecvWorker@762] - Connection broken for id 1, my id = 3, error = 
2015-07-31 19:14:00,633 - WARN  [RecvWorker:1:QuorumCnxManager$RecvWorker@765] - Interrupting SendWorker
2015-07-31 19:14:00,634 - WARN  [SendWorker:1:QuorumCnxManager$SendWorker@679] - Interrupted while waiting for message on queue
2015-07-31 19:14:00,635 - WARN  [SendWorker:1:QuorumCnxManager$SendWorker@688] - Send worker leaving thread
2015-07-31 19:17:16,545 - INFO  [/10.10.34.13:3888:QuorumCnxManager$Listener@493] - Received connection request /10.10.34.11:33593
2015-07-31 19:17:16,550 - INFO  [WorkerReceiver[myid=3]:FastLeaderElection@542] - Notification: 1 (n.leader), 0x700000000 (n.zxid), 0x1 (n.round), LOOKING (n.state), 1 (n.sid), 0x7 (n.peerEPoch), FOLLOWING (my state)
2015-07-31 19:26:36,489 - WARN  [RecvWorker:1:QuorumCnxManager$RecvWorker@762] - Connection broken for id 1, my id = 3, error = 
2015-07-31 19:26:36,489 - WARN  [RecvWorker:1:QuorumCnxManager$RecvWorker@765] - Interrupting SendWorker
2015-07-31 19:26:36,490 - WARN  [SendWorker:1:QuorumCnxManager$SendWorker@679] - Interrupted while waiting for message on queue
2015-07-31 19:26:36,491 - WARN  [SendWorker:1:QuorumCnxManager$SendWorker@688] - Send worker leaving thread
2015-07-31 19:30:07,107 - INFO  [/10.10.34.13:3888:QuorumCnxManager$Listener@493] - Received connection request /10.10.34.11:33496
2015-07-31 19:30:07,112 - INFO  [WorkerReceiver[myid=3]:FastLeaderElection@542] - Notification: 1 (n.leader), 0x700000000 (n.zxid), 0x1 (n.round), LOOKING (n.state), 1 (n.sid), 0x7 (n.peerEPoch), FOLLOWING (my state)
2015-07-31 21:11:00,954 - INFO  [NIOServerCxn.Factory:0.0.0.0/0.0.0.0:2181:NIOServerCnxnFactory@197] - Accepted socket connection from /10.10.34.12:57563
2015-07-31 21:11:00,963 - WARN  [NIOServerCxn.Factory:0.0.0.0/0.0.0.0:2181:ZooKeeperServer@793] - Connection request from old client /10.10.34.12:57563; will be dropped if server is in r-o mode
2015-07-31 21:11:00,964 - WARN  [QuorumPeer[myid=3]/0:0:0:0:0:0:0:0:2181:Follower@118] - Got zxid 0x700000001 expected 0x1
2015-07-31 21:11:00,965 - INFO  [SyncThread:3:FileTxnLog@199] - Creating new log file: log.700000001
2015-07-31 21:11:00,965 - INFO  [NIOServerCxn.Factory:0.0.0.0/0.0.0.0:2181:ZooKeeperServer@839] - Client attempting to establish new session at /10.10.34.12:57563
2015-07-31 21:11:00,981 - INFO  [CommitProcessor:3:ZooKeeperServer@595] - Established session 0x34ee30a5c530000 with negotiated timeout 10000 for client /10.10.34.12:57563
2015-07-31 21:11:01,272 - INFO  [NIOServerCxn.Factory:0.0.0.0/0.0.0.0:2181:NIOServerCnxnFactory@197] - Accepted socket connection from /10.10.34.11:58890
2015-07-31 21:11:01,273 - WARN  [NIOServerCxn.Factory:0.0.0.0/0.0.0.0:2181:ZooKeeperServer@793] - Connection request from old client /10.10.34.11:58890; will be dropped if server is in r-o mode
2015-07-31 21:11:01,273 - INFO  [NIOServerCxn.Factory:0.0.0.0/0.0.0.0:2181:ZooKeeperServer@839] - Client attempting to establish new session at /10.10.34.11:58890
2015-07-31 21:11:01,276 - INFO  [CommitProcessor:3:ZooKeeperServer@595] - Established session 0x34ee30a5c530001 with negotiated timeout 10000 for client /10.10.34.11:58890
2015-07-31 21:11:04,077 - INFO  [NIOServerCxn.Factory:0.0.0.0/0.0.0.0:2181:NIOServerCnxnFactory@197] - Accepted socket connection from /10.10.34.19:50276
2015-07-31 21:11:04,078 - WARN  [NIOServerCxn.Factory:0.0.0.0/0.0.0.0:2181:ZooKeeperServer@793] - Connection request from old client /10.10.34.19:50276; will be dropped if server is in r-o mode
2015-07-31 21:11:04,078 - INFO  [NIOServerCxn.Factory:0.0.0.0/0.0.0.0:2181:ZooKeeperServer@839] - Client attempting to establish new session at /10.10.34.19:50276
2015-07-31 21:11:04,081 - INFO  [CommitProcessor:3:ZooKeeperServer@595] - Established session 0x34ee30a5c530002 with negotiated timeout 10000 for client /10.10.34.19:50276
2015-07-31 21:11:04,141 - INFO  [NIOServerCxn.Factory:0.0.0.0/0.0.0.0:2181:NIOServerCnxnFactory@197] - Accepted socket connection from /10.10.34.20:40617
2015-07-31 21:11:04,142 - WARN  [NIOServerCxn.Factory:0.0.0.0/0.0.0.0:2181:ZooKeeperServer@793] - Connection request from old client /10.10.34.20:40617; will be dropped if server is in r-o mode
2015-07-31 21:11:04,142 - INFO  [NIOServerCxn.Factory:0.0.0.0/0.0.0.0:2181:ZooKeeperServer@839] - Client attempting to establish new session at /10.10.34.20:40617
2015-07-31 21:11:04,145 - INFO  [CommitProcessor:3:ZooKeeperServer@595] - Established session 0x34ee30a5c530003 with negotiated timeout 10000 for client /10.10.34.20:40617
2015-07-31 21:11:04,879 - INFO  [NIOServerCxn.Factory:0.0.0.0/0.0.0.0:2181:NIOServerCnxnFactory@197] - Accepted socket connection from /10.10.34.28:58708
2015-07-31 21:11:04,880 - WARN  [NIOServerCxn.Factory:0.0.0.0/0.0.0.0:2181:ZooKeeperServer@793] - Connection request from old client /10.10.34.28:58708; will be dropped if server is in r-o mode
2015-07-31 21:11:04,880 - INFO  [NIOServerCxn.Factory:0.0.0.0/0.0.0.0:2181:ZooKeeperServer@839] - Client attempting to establish new session at /10.10.34.28:58708
2015-07-31 21:11:04,883 - INFO  [CommitProcessor:3:ZooKeeperServer@595] - Established session 0x34ee30a5c530004 with negotiated timeout 10000 for client /10.10.34.28:58708
2015-07-31 21:11:05,259 - INFO  [NIOServerCxn.Factory:0.0.0.0/0.0.0.0:2181:NIOServerCnxnFactory@197] - Accepted socket connection from /10.10.34.16:58170
2015-07-31 21:11:05,260 - WARN  [NIOServerCxn.Factory:0.0.0.0/0.0.0.0:2181:ZooKeeperServer@793] - Connection request from old client /10.10.34.16:58170; will be dropped if server is in r-o mode
2015-07-31 21:11:05,260 - INFO  [NIOServerCxn.Factory:0.0.0.0/0.0.0.0:2181:ZooKeeperServer@839] - Client attempting to establish new session at /10.10.34.16:58170
2015-07-31 21:11:05,263 - INFO  [CommitProcessor:3:ZooKeeperServer@595] - Established session 0x34ee30a5c530005 with negotiated timeout 10000 for client /10.10.34.16:58170
2015-07-31 21:11:05,344 - INFO  [NIOServerCxn.Factory:0.0.0.0/0.0.0.0:2181:NIOServerCnxnFactory@197] - Accepted socket connection from /10.10.34.38:46075
2015-07-31 21:11:05,344 - WARN  [NIOServerCxn.Factory:0.0.0.0/0.0.0.0:2181:ZooKeeperServer@793] - Connection request from old client /10.10.34.38:46075; will be dropped if server is in r-o mode
2015-07-31 21:11:05,345 - INFO  [NIOServerCxn.Factory:0.0.0.0/0.0.0.0:2181:ZooKeeperServer@839] - Client attempting to establish new session at /10.10.34.38:46075
2015-07-31 21:11:05,347 - INFO  [CommitProcessor:3:ZooKeeperServer@595] - Established session 0x34ee30a5c530006 with negotiated timeout 10000 for client /10.10.34.38:46075
2015-07-31 21:11:05,402 - INFO  [NIOServerCxn.Factory:0.0.0.0/0.0.0.0:2181:NIOServerCnxnFactory@197] - Accepted socket connection from /10.10.34.39:54705
2015-07-31 21:11:05,403 - WARN  [NIOServerCxn.Factory:0.0.0.0/0.0.0.0:2181:ZooKeeperServer@793] - Connection request from old client /10.10.34.39:54705; will be dropped if server is in r-o mode
2015-07-31 21:11:05,404 - INFO  [NIOServerCxn.Factory:0.0.0.0/0.0.0.0:2181:ZooKeeperServer@839] - Client attempting to establish new session at /10.10.34.39:54705
2015-07-31 21:11:05,406 - INFO  [CommitProcessor:3:ZooKeeperServer@595] - Established session 0x34ee30a5c530007 with negotiated timeout 10000 for client /10.10.34.39:54705
2015-07-31 21:11:05,602 - INFO  [NIOServerCxn.Factory:0.0.0.0/0.0.0.0:2181:NIOServerCnxnFactory@197] - Accepted socket connection from /10.10.34.40:49460
2015-07-31 21:11:05,602 - WARN  [NIOServerCxn.Factory:0.0.0.0/0.0.0.0:2181:ZooKeeperServer@793] - Connection request from old client /10.10.34.40:49460; will be dropped if server is in r-o mode
2015-07-31 21:11:05,602 - INFO  [NIOServerCxn.Factory:0.0.0.0/0.0.0.0:2181:ZooKeeperServer@839] - Client attempting to establish new session at /10.10.34.40:49460
2015-07-31 21:11:05,605 - INFO  [CommitProcessor:3:ZooKeeperServer@595] - Established session 0x34ee30a5c530008 with negotiated timeout 10000 for client /10.10.34.40:49460
2015-07-31 21:11:05,618 - INFO  [NIOServerCxn.Factory:0.0.0.0/0.0.0.0:2181:NIOServerCnxnFactory@197] - Accepted socket connection from /10.10.34.41:46332
2015-07-31 21:11:05,619 - WARN  [NIOServerCxn.Factory:0.0.0.0/0.0.0.0:2181:ZooKeeperServer@793] - Connection request from old client /10.10.34.41:46332; will be dropped if server is in r-o mode
2015-07-31 21:11:05,619 - INFO  [NIOServerCxn.Factory:0.0.0.0/0.0.0.0:2181:ZooKeeperServer@839] - Client attempting to establish new session at /10.10.34.41:46332
2015-07-31 21:11:05,622 - INFO  [CommitProcessor:3:ZooKeeperServer@595] - Established session 0x34ee30a5c530009 with negotiated timeout 10000 for client /10.10.34.41:46332
2015-07-31 21:11:05,657 - INFO  [NIOServerCxn.Factory:0.0.0.0/0.0.0.0:2181:NIOServerCnxnFactory@197] - Accepted socket connection from /10.10.34.42:37425
2015-07-31 21:11:05,658 - WARN  [NIOServerCxn.Factory:0.0.0.0/0.0.0.0:2181:ZooKeeperServer@793] - Connection request from old client /10.10.34.42:37425; will be dropped if server is in r-o mode
2015-07-31 21:11:05,658 - INFO  [NIOServerCxn.Factory:0.0.0.0/0.0.0.0:2181:ZooKeeperServer@839] - Client attempting to establish new session at /10.10.34.42:37425
2015-07-31 21:11:05,661 - INFO  [CommitProcessor:3:ZooKeeperServer@595] - Established session 0x34ee30a5c53000a with negotiated timeout 10000 for client /10.10.34.42:37425
2015-07-31 21:14:05,269 - INFO  [NIOServerCxn.Factory:0.0.0.0/0.0.0.0:2181:NIOServerCnxnFactory@197] - Accepted socket connection from /10.10.34.11:58926
2015-07-31 21:14:05,270 - WARN  [NIOServerCxn.Factory:0.0.0.0/0.0.0.0:2181:ZooKeeperServer@793] - Connection request from old client /10.10.34.11:58926; will be dropped if server is in r-o mode
2015-07-31 21:14:05,270 - INFO  [NIOServerCxn.Factory:0.0.0.0/0.0.0.0:2181:ZooKeeperServer@839] - Client attempting to establish new session at /10.10.34.11:58926
2015-07-31 21:14:05,273 - INFO  [CommitProcessor:3:ZooKeeperServer@595] - Established session 0x34ee30a5c53000b with negotiated timeout 20000 for client /10.10.34.11:58926
2015-07-31 21:14:05,342 - INFO  [NIOServerCxn.Factory:0.0.0.0/0.0.0.0:2181:NIOServerCnxnFactory@197] - Accepted socket connection from /10.10.34.11:58927
2015-07-31 21:14:05,342 - WARN  [NIOServerCxn.Factory:0.0.0.0/0.0.0.0:2181:ZooKeeperServer@793] - Connection request from old client /10.10.34.11:58927; will be dropped if server is in r-o mode
2015-07-31 21:14:05,343 - INFO  [NIOServerCxn.Factory:0.0.0.0/0.0.0.0:2181:ZooKeeperServer@839] - Client attempting to establish new session at /10.10.34.11:58927
2015-07-31 21:14:05,345 - INFO  [CommitProcessor:3:ZooKeeperServer@595] - Established session 0x34ee30a5c53000c with negotiated timeout 20000 for client /10.10.34.11:58927
2015-07-31 21:14:05,377 - INFO  [NIOServerCxn.Factory:0.0.0.0/0.0.0.0:2181:NIOServerCnxnFactory@197] - Accepted socket connection from /10.10.34.11:58928
2015-07-31 21:14:05,377 - WARN  [NIOServerCxn.Factory:0.0.0.0/0.0.0.0:2181:ZooKeeperServer@793] - Connection request from old client /10.10.34.11:58928; will be dropped if server is in r-o mode
2015-07-31 21:14:05,377 - INFO  [NIOServerCxn.Factory:0.0.0.0/0.0.0.0:2181:ZooKeeperServer@839] - Client attempting to establish new session at /10.10.34.11:58928
2015-07-31 21:14:05,380 - INFO  [CommitProcessor:3:ZooKeeperServer@595] - Established session 0x34ee30a5c53000d with negotiated timeout 10000 for client /10.10.34.11:58928
2015-07-31 21:15:06,986 - WARN  [NIOServerCxn.Factory:0.0.0.0/0.0.0.0:2181:NIOServerCnxn@349] - caught end of stream exception
2015-07-31 21:15:06,987 - INFO  [NIOServerCxn.Factory:0.0.0.0/0.0.0.0:2181:NIOServerCnxn@1001] - Closed socket connection for client /10.10.34.11:58928 which had sessionid 0x34ee30a5c53000d
2015-07-31 21:15:06,988 - WARN  [NIOServerCxn.Factory:0.0.0.0/0.0.0.0:2181:NIOServerCnxn@349] - caught end of stream exception
2015-07-31 21:15:06,988 - INFO  [NIOServerCxn.Factory:0.0.0.0/0.0.0.0:2181:NIOServerCnxn@1001] - Closed socket connection for client /10.10.34.11:58927 which had sessionid 0x34ee30a5c53000c
2015-07-31 21:15:06,989 - WARN  [NIOServerCxn.Factory:0.0.0.0/0.0.0.0:2181:NIOServerCnxn@349] - caught end of stream exception
2015-07-31 21:15:06,990 - INFO  [NIOServerCxn.Factory:0.0.0.0/0.0.0.0:2181:NIOServerCnxn@1001] - Closed socket connection for client /10.10.34.11:58926 which had sessionid 0x34ee30a5c53000b
2015-07-31 21:22:50,878 - WARN  [NIOServerCxn.Factory:0.0.0.0/0.0.0.0:2181:NIOServerCnxn@349] - caught end of stream exception
2015-07-31 21:22:50,880 - INFO  [NIOServerCxn.Factory:0.0.0.0/0.0.0.0:2181:NIOServerCnxn@1001] - Closed socket connection for client /10.10.34.16:58170 which had sessionid 0x34ee30a5c530005
2015-07-31 21:22:51,314 - WARN  [NIOServerCxn.Factory:0.0.0.0/0.0.0.0:2181:NIOServerCnxn@349] - caught end of stream exception
2015-07-31 21:22:51,315 - INFO  [NIOServerCxn.Factory:0.0.0.0/0.0.0.0:2181:NIOServerCnxn@1001] - Closed socket connection for client /10.10.34.19:50276 which had sessionid 0x34ee30a5c530002
2015-07-31 21:22:51,856 - WARN  [NIOServerCxn.Factory:0.0.0.0/0.0.0.0:2181:NIOServerCnxn@349] - caught end of stream exception
2015-07-31 21:22:51,857 - INFO  [NIOServerCxn.Factory:0.0.0.0/0.0.0.0:2181:NIOServerCnxn@1001] - Closed socket connection for client /10.10.34.28:58708 which had sessionid 0x34ee30a5c530004
2015-07-31 21:22:52,880 - WARN  [NIOServerCxn.Factory:0.0.0.0/0.0.0.0:2181:NIOServerCnxn@349] - caught end of stream exception
2015-07-31 21:22:52,881 - INFO  [NIOServerCxn.Factory:0.0.0.0/0.0.0.0:2181:NIOServerCnxn@1001] - Closed socket connection for client /10.10.34.38:46075 which had sessionid 0x34ee30a5c530006
2015-07-31 21:22:52,981 - WARN  [NIOServerCxn.Factory:0.0.0.0/0.0.0.0:2181:NIOServerCnxn@349] - caught end of stream exception
2015-07-31 21:22:52,981 - INFO  [NIOServerCxn.Factory:0.0.0.0/0.0.0.0:2181:NIOServerCnxn@1001] - Closed socket connection for client /10.10.34.39:54705 which had sessionid 0x34ee30a5c530007
2015-07-31 21:22:53,078 - WARN  [NIOServerCxn.Factory:0.0.0.0/0.0.0.0:2181:NIOServerCnxn@349] - caught end of stream exception
2015-07-31 21:22:53,079 - INFO  [NIOServerCxn.Factory:0.0.0.0/0.0.0.0:2181:NIOServerCnxn@1001] - Closed socket connection for client /10.10.34.40:49460 which had sessionid 0x34ee30a5c530008
2015-07-31 21:22:53,188 - WARN  [NIOServerCxn.Factory:0.0.0.0/0.0.0.0:2181:NIOServerCnxn@349] - caught end of stream exception
2015-07-31 21:22:53,189 - INFO  [NIOServerCxn.Factory:0.0.0.0/0.0.0.0:2181:NIOServerCnxn@1001] - Closed socket connection for client /10.10.34.41:46332 which had sessionid 0x34ee30a5c530009
2015-07-31 21:22:53,290 - WARN  [NIOServerCxn.Factory:0.0.0.0/0.0.0.0:2181:NIOServerCnxn@349] - caught end of stream exception
2015-07-31 21:22:53,291 - INFO  [NIOServerCxn.Factory:0.0.0.0/0.0.0.0:2181:NIOServerCnxn@1001] - Closed socket connection for client /10.10.34.42:37425 which had sessionid 0x34ee30a5c53000a
2015-07-31 21:22:59,453 - WARN  [NIOServerCxn.Factory:0.0.0.0/0.0.0.0:2181:NIOServerCnxn@349] - caught end of stream exception
2015-07-31 21:22:59,454 - INFO  [NIOServerCxn.Factory:0.0.0.0/0.0.0.0:2181:NIOServerCnxn@1001] - Closed socket connection for client /10.10.34.11:58890 which had sessionid 0x34ee30a5c530001
2015-07-31 21:22:59,556 - WARN  [NIOServerCxn.Factory:0.0.0.0/0.0.0.0:2181:NIOServerCnxn@349] - caught end of stream exception
2015-07-31 21:22:59,557 - INFO  [NIOServerCxn.Factory:0.0.0.0/0.0.0.0:2181:NIOServerCnxn@1001] - Closed socket connection for client /10.10.34.12:57563 which had sessionid 0x34ee30a5c530000
2015-07-31 21:22:59,732 - INFO  [CommitProcessor:3:NIOServerCnxn@1001] - Closed socket connection for client /10.10.34.20:40617 which had sessionid 0x34ee30a5c530003
2015-07-31 21:23:08,627 - INFO  [NIOServerCxn.Factory:0.0.0.0/0.0.0.0:2181:NIOServerCnxnFactory@197] - Accepted socket connection from /10.10.34.11:58970
2015-07-31 21:23:08,628 - WARN  [NIOServerCxn.Factory:0.0.0.0/0.0.0.0:2181:ZooKeeperServer@793] - Connection request from old client /10.10.34.11:58970; will be dropped if server is in r-o mode
2015-07-31 21:23:08,628 - INFO  [NIOServerCxn.Factory:0.0.0.0/0.0.0.0:2181:ZooKeeperServer@839] - Client attempting to establish new session at /10.10.34.11:58970
2015-07-31 21:23:08,629 - INFO  [NIOServerCxn.Factory:0.0.0.0/0.0.0.0:2181:NIOServerCnxnFactory@197] - Accepted socket connection from /10.10.34.11:58971
2015-07-31 21:23:08,629 - WARN  [NIOServerCxn.Factory:0.0.0.0/0.0.0.0:2181:ZooKeeperServer@793] - Connection request from old client /10.10.34.11:58971; will be dropped if server is in r-o mode
2015-07-31 21:23:08,629 - INFO  [NIOServerCxn.Factory:0.0.0.0/0.0.0.0:2181:ZooKeeperServer@839] - Client attempting to establish new session at /10.10.34.11:58971
2015-07-31 21:23:08,631 - INFO  [CommitProcessor:3:ZooKeeperServer@595] - Established session 0x34ee30a5c53000e with negotiated timeout 10000 for client /10.10.34.11:58970
2015-07-31 21:23:08,632 - INFO  [CommitProcessor:3:ZooKeeperServer@595] - Established session 0x34ee30a5c53000f with negotiated timeout 10000 for client /10.10.34.11:58971
2015-07-31 21:23:08,689 - INFO  [NIOServerCxn.Factory:0.0.0.0/0.0.0.0:2181:NIOServerCnxnFactory@197] - Accepted socket connection from /10.10.34.12:58755
2015-07-31 21:23:08,690 - WARN  [NIOServerCxn.Factory:0.0.0.0/0.0.0.0:2181:ZooKeeperServer@793] - Connection request from old client /10.10.34.12:58755; will be dropped if server is in r-o mode
2015-07-31 21:23:08,690 - INFO  [NIOServerCxn.Factory:0.0.0.0/0.0.0.0:2181:ZooKeeperServer@839] - Client attempting to establish new session at /10.10.34.12:58755
2015-07-31 21:23:08,692 - INFO  [CommitProcessor:3:ZooKeeperServer@595] - Established session 0x34ee30a5c530010 with negotiated timeout 10000 for client /10.10.34.12:58755
2015-07-31 21:23:08,792 - INFO  [NIOServerCxn.Factory:0.0.0.0/0.0.0.0:2181:NIOServerCnxnFactory@197] - Accepted socket connection from /10.10.34.13:58427
2015-07-31 21:23:08,793 - WARN  [NIOServerCxn.Factory:0.0.0.0/0.0.0.0:2181:ZooKeeperServer@793] - Connection request from old client /10.10.34.13:58427; will be dropped if server is in r-o mode
2015-07-31 21:23:08,793 - INFO  [NIOServerCxn.Factory:0.0.0.0/0.0.0.0:2181:ZooKeeperServer@839] - Client attempting to establish new session at /10.10.34.13:58427
2015-07-31 21:23:08,796 - INFO  [CommitProcessor:3:ZooKeeperServer@595] - Established session 0x34ee30a5c530011 with negotiated timeout 10000 for client /10.10.34.13:58427
2015-07-31 21:23:11,624 - INFO  [NIOServerCxn.Factory:0.0.0.0/0.0.0.0:2181:NIOServerCnxnFactory@197] - Accepted socket connection from /10.10.34.22:34377
2015-07-31 21:23:11,625 - WARN  [NIOServerCxn.Factory:0.0.0.0/0.0.0.0:2181:ZooKeeperServer@793] - Connection request from old client /10.10.34.22:34377; will be dropped if server is in r-o mode
2015-07-31 21:23:11,625 - INFO  [NIOServerCxn.Factory:0.0.0.0/0.0.0.0:2181:ZooKeeperServer@839] - Client attempting to establish new session at /10.10.34.22:34377
2015-07-31 21:23:11,628 - INFO  [CommitProcessor:3:ZooKeeperServer@595] - Established session 0x34ee30a5c530012 with negotiated timeout 10000 for client /10.10.34.22:34377
2015-07-31 21:23:11,835 - INFO  [NIOServerCxn.Factory:0.0.0.0/0.0.0.0:2181:NIOServerCnxnFactory@197] - Accepted socket connection from /10.10.34.28:58710
2015-07-31 21:23:11,836 - WARN  [NIOServerCxn.Factory:0.0.0.0/0.0.0.0:2181:ZooKeeperServer@793] - Connection request from old client /10.10.34.28:58710; will be dropped if server is in r-o mode
2015-07-31 21:23:11,836 - INFO  [NIOServerCxn.Factory:0.0.0.0/0.0.0.0:2181:ZooKeeperServer@839] - Client attempting to establish new session at /10.10.34.28:58710
2015-07-31 21:23:11,839 - INFO  [CommitProcessor:3:ZooKeeperServer@595] - Established session 0x34ee30a5c530013 with negotiated timeout 10000 for client /10.10.34.28:58710
2015-07-31 21:23:12,040 - INFO  [NIOServerCxn.Factory:0.0.0.0/0.0.0.0:2181:NIOServerCnxnFactory@197] - Accepted socket connection from /10.10.34.30:34965
2015-07-31 21:23:12,041 - WARN  [NIOServerCxn.Factory:0.0.0.0/0.0.0.0:2181:ZooKeeperServer@793] - Connection request from old client /10.10.34.30:34965; will be dropped if server is in r-o mode
2015-07-31 21:23:12,041 - INFO  [NIOServerCxn.Factory:0.0.0.0/0.0.0.0:2181:ZooKeeperServer@839] - Client attempting to establish new session at /10.10.34.30:34965
2015-07-31 21:23:12,043 - INFO  [CommitProcessor:3:ZooKeeperServer@595] - Established session 0x34ee30a5c530014 with negotiated timeout 10000 for client /10.10.34.30:34965
2015-07-31 21:23:12,656 - INFO  [NIOServerCxn.Factory:0.0.0.0/0.0.0.0:2181:NIOServerCnxnFactory@197] - Accepted socket connection from /10.10.34.36:34440
2015-07-31 21:23:12,657 - WARN  [NIOServerCxn.Factory:0.0.0.0/0.0.0.0:2181:ZooKeeperServer@793] - Connection request from old client /10.10.34.36:34440; will be dropped if server is in r-o mode
2015-07-31 21:23:12,657 - INFO  [NIOServerCxn.Factory:0.0.0.0/0.0.0.0:2181:ZooKeeperServer@839] - Client attempting to establish new session at /10.10.34.36:34440
2015-07-31 21:23:12,660 - INFO  [CommitProcessor:3:ZooKeeperServer@595] - Established session 0x34ee30a5c530015 with negotiated timeout 10000 for client /10.10.34.36:34440
2015-07-31 21:23:12,870 - INFO  [NIOServerCxn.Factory:0.0.0.0/0.0.0.0:2181:NIOServerCnxnFactory@197] - Accepted socket connection from /10.10.34.38:46077
2015-07-31 21:23:12,871 - WARN  [NIOServerCxn.Factory:0.0.0.0/0.0.0.0:2181:ZooKeeperServer@793] - Connection request from old client /10.10.34.38:46077; will be dropped if server is in r-o mode
2015-07-31 21:23:12,871 - INFO  [NIOServerCxn.Factory:0.0.0.0/0.0.0.0:2181:ZooKeeperServer@839] - Client attempting to establish new session at /10.10.34.38:46077
2015-07-31 21:23:12,874 - INFO  [CommitProcessor:3:ZooKeeperServer@595] - Established session 0x34ee30a5c530016 with negotiated timeout 10000 for client /10.10.34.38:46077
2015-07-31 21:23:13,066 - INFO  [NIOServerCxn.Factory:0.0.0.0/0.0.0.0:2181:NIOServerCnxnFactory@197] - Accepted socket connection from /10.10.34.40:49462
2015-07-31 21:23:13,067 - WARN  [NIOServerCxn.Factory:0.0.0.0/0.0.0.0:2181:ZooKeeperServer@793] - Connection request from old client /10.10.34.40:49462; will be dropped if server is in r-o mode
2015-07-31 21:23:13,067 - INFO  [NIOServerCxn.Factory:0.0.0.0/0.0.0.0:2181:ZooKeeperServer@839] - Client attempting to establish new session at /10.10.34.40:49462
2015-07-31 21:23:13,070 - INFO  [CommitProcessor:3:ZooKeeperServer@595] - Established session 0x34ee30a5c530017 with negotiated timeout 10000 for client /10.10.34.40:49462
2015-07-31 21:23:51,306 - INFO  [NIOServerCxn.Factory:0.0.0.0/0.0.0.0:2181:NIOServerCnxnFactory@197] - Accepted socket connection from /10.10.34.11:59186
2015-07-31 21:23:51,306 - WARN  [NIOServerCxn.Factory:0.0.0.0/0.0.0.0:2181:ZooKeeperServer@793] - Connection request from old client /10.10.34.11:59186; will be dropped if server is in r-o mode
2015-07-31 21:23:51,306 - INFO  [NIOServerCxn.Factory:0.0.0.0/0.0.0.0:2181:ZooKeeperServer@839] - Client attempting to establish new session at /10.10.34.11:59186
2015-07-31 21:23:51,309 - INFO  [CommitProcessor:3:ZooKeeperServer@595] - Established session 0x34ee30a5c530018 with negotiated timeout 20000 for client /10.10.34.11:59186
2015-07-31 21:23:51,317 - INFO  [NIOServerCxn.Factory:0.0.0.0/0.0.0.0:2181:NIOServerCnxnFactory@197] - Accepted socket connection from /10.10.34.11:59187
2015-07-31 21:23:51,318 - WARN  [NIOServerCxn.Factory:0.0.0.0/0.0.0.0:2181:ZooKeeperServer@793] - Connection request from old client /10.10.34.11:59187; will be dropped if server is in r-o mode
2015-07-31 21:23:51,318 - INFO  [NIOServerCxn.Factory:0.0.0.0/0.0.0.0:2181:ZooKeeperServer@839] - Client attempting to establish new session at /10.10.34.11:59187
2015-07-31 21:23:51,321 - INFO  [CommitProcessor:3:ZooKeeperServer@595] - Established session 0x34ee30a5c530019 with negotiated timeout 10000 for client /10.10.34.11:59187
2015-07-31 21:24:18,365 - WARN  [NIOServerCxn.Factory:0.0.0.0/0.0.0.0:2181:NIOServerCnxn@349] - caught end of stream exception
2015-07-31 21:24:18,366 - INFO  [NIOServerCxn.Factory:0.0.0.0/0.0.0.0:2181:NIOServerCnxn@1001] - Closed socket connection for client /10.10.34.11:59186 which had sessionid 0x34ee30a5c530018
2015-07-31 21:24:18,366 - WARN  [NIOServerCxn.Factory:0.0.0.0/0.0.0.0:2181:NIOServerCnxn@349] - caught end of stream exception
2015-07-31 21:24:18,367 - INFO  [NIOServerCxn.Factory:0.0.0.0/0.0.0.0:2181:NIOServerCnxn@1001] - Closed socket connection for client /10.10.34.11:59187 which had sessionid 0x34ee30a5c530019
2015-07-31 21:24:43,315 - WARN  [NIOServerCxn.Factory:0.0.0.0/0.0.0.0:2181:NIOServerCnxn@349] - caught end of stream exception
2015-07-31 21:24:43,316 - INFO  [NIOServerCxn.Factory:0.0.0.0/0.0.0.0:2181:NIOServerCnxn@1001] - Closed socket connection for client /10.10.34.22:34377 which had sessionid 0x34ee30a5c530012
2015-07-31 21:24:43,560 - WARN  [NIOServerCxn.Factory:0.0.0.0/0.0.0.0:2181:NIOServerCnxn@349] - caught end of stream exception
2015-07-31 21:24:43,561 - INFO  [NIOServerCxn.Factory:0.0.0.0/0.0.0.0:2181:NIOServerCnxn@1001] - Closed socket connection for client /10.10.34.28:58710 which had sessionid 0x34ee30a5c530013
2015-07-31 21:24:43,769 - WARN  [NIOServerCxn.Factory:0.0.0.0/0.0.0.0:2181:NIOServerCnxn@349] - caught end of stream exception
2015-07-31 21:24:43,770 - INFO  [NIOServerCxn.Factory:0.0.0.0/0.0.0.0:2181:NIOServerCnxn@1001] - Closed socket connection for client /10.10.34.30:34965 which had sessionid 0x34ee30a5c530014
2015-07-31 21:24:44,389 - WARN  [NIOServerCxn.Factory:0.0.0.0/0.0.0.0:2181:NIOServerCnxn@349] - caught end of stream exception
2015-07-31 21:24:44,390 - INFO  [NIOServerCxn.Factory:0.0.0.0/0.0.0.0:2181:NIOServerCnxn@1001] - Closed socket connection for client /10.10.34.36:34440 which had sessionid 0x34ee30a5c530015
2015-07-31 21:24:44,589 - WARN  [NIOServerCxn.Factory:0.0.0.0/0.0.0.0:2181:NIOServerCnxn@349] - caught end of stream exception
2015-07-31 21:24:44,591 - INFO  [NIOServerCxn.Factory:0.0.0.0/0.0.0.0:2181:NIOServerCnxn@1001] - Closed socket connection for client /10.10.34.38:46077 which had sessionid 0x34ee30a5c530016
2015-07-31 21:24:44,789 - WARN  [NIOServerCxn.Factory:0.0.0.0/0.0.0.0:2181:NIOServerCnxn@349] - caught end of stream exception
2015-07-31 21:24:44,789 - INFO  [NIOServerCxn.Factory:0.0.0.0/0.0.0.0:2181:NIOServerCnxn@1001] - Closed socket connection for client /10.10.34.40:49462 which had sessionid 0x34ee30a5c530017
2015-07-31 21:24:51,144 - WARN  [NIOServerCxn.Factory:0.0.0.0/0.0.0.0:2181:NIOServerCnxn@349] - caught end of stream exception
2015-07-31 21:24:51,146 - INFO  [NIOServerCxn.Factory:0.0.0.0/0.0.0.0:2181:NIOServerCnxn@1001] - Closed socket connection for client /10.10.34.11:58971 which had sessionid 0x34ee30a5c53000f
2015-07-31 21:24:51,146 - WARN  [NIOServerCxn.Factory:0.0.0.0/0.0.0.0:2181:NIOServerCnxn@349] - caught end of stream exception
2015-07-31 21:24:51,147 - INFO  [NIOServerCxn.Factory:0.0.0.0/0.0.0.0:2181:NIOServerCnxn@1001] - Closed socket connection for client /10.10.34.11:58970 which had sessionid 0x34ee30a5c53000e
2015-07-31 21:24:51,229 - WARN  [NIOServerCxn.Factory:0.0.0.0/0.0.0.0:2181:NIOServerCnxn@349] - caught end of stream exception
2015-07-31 21:24:51,230 - INFO  [NIOServerCxn.Factory:0.0.0.0/0.0.0.0:2181:NIOServerCnxn@1001] - Closed socket connection for client /10.10.34.12:58755 which had sessionid 0x34ee30a5c530010
2015-07-31 21:24:51,345 - WARN  [NIOServerCxn.Factory:0.0.0.0/0.0.0.0:2181:NIOServerCnxn@349] - caught end of stream exception
2015-07-31 21:24:51,346 - INFO  [NIOServerCxn.Factory:0.0.0.0/0.0.0.0:2181:NIOServerCnxn@1001] - Closed socket connection for client /10.10.34.13:58427 which had sessionid 0x34ee30a5c530011
2015-07-31 21:32:05,798 - INFO  [NIOServerCxn.Factory:0.0.0.0/0.0.0.0:2181:NIOServerCnxnFactory@197] - Accepted socket connection from /10.10.34.11:59315
2015-07-31 21:32:05,798 - WARN  [NIOServerCxn.Factory:0.0.0.0/0.0.0.0:2181:ZooKeeperServer@793] - Connection request from old client /10.10.34.11:59315; will be dropped if server is in r-o mode
2015-07-31 21:32:05,799 - INFO  [NIOServerCxn.Factory:0.0.0.0/0.0.0.0:2181:ZooKeeperServer@839] - Client attempting to establish new session at /10.10.34.11:59315
2015-07-31 21:32:05,801 - INFO  [CommitProcessor:3:ZooKeeperServer@595] - Established session 0x34ee30a5c53001a with negotiated timeout 20000 for client /10.10.34.11:59315
2015-07-31 21:32:08,978 - WARN  [NIOServerCxn.Factory:0.0.0.0/0.0.0.0:2181:NIOServerCnxn@349] - caught end of stream exception
2015-07-31 21:32:08,979 - INFO  [NIOServerCxn.Factory:0.0.0.0/0.0.0.0:2181:NIOServerCnxn@1001] - Closed socket connection for client /10.10.34.11:59315 which had sessionid 0x34ee30a5c53001a
2015-07-31 21:32:15,383 - INFO  [NIOServerCxn.Factory:0.0.0.0/0.0.0.0:2181:NIOServerCnxnFactory@197] - Accepted socket connection from /10.10.34.11:59322
2015-07-31 21:32:15,384 - WARN  [NIOServerCxn.Factory:0.0.0.0/0.0.0.0:2181:ZooKeeperServer@793] - Connection request from old client /10.10.34.11:59322; will be dropped if server is in r-o mode
2015-07-31 21:32:15,384 - INFO  [NIOServerCxn.Factory:0.0.0.0/0.0.0.0:2181:ZooKeeperServer@839] - Client attempting to establish new session at /10.10.34.11:59322
2015-07-31 21:32:15,386 - INFO  [CommitProcessor:3:ZooKeeperServer@595] - Established session 0x34ee30a5c53001b with negotiated timeout 10000 for client /10.10.34.11:59322
2015-07-31 21:32:15,416 - INFO  [NIOServerCxn.Factory:0.0.0.0/0.0.0.0:2181:NIOServerCnxnFactory@197] - Accepted socket connection from /10.10.34.12:58767
2015-07-31 21:32:15,417 - WARN  [NIOServerCxn.Factory:0.0.0.0/0.0.0.0:2181:ZooKeeperServer@793] - Connection request from old client /10.10.34.12:58767; will be dropped if server is in r-o mode
2015-07-31 21:32:15,417 - INFO  [NIOServerCxn.Factory:0.0.0.0/0.0.0.0:2181:ZooKeeperServer@839] - Client attempting to establish new session at /10.10.34.12:58767
2015-07-31 21:32:15,419 - INFO  [CommitProcessor:3:ZooKeeperServer@595] - Established session 0x34ee30a5c53001c with negotiated timeout 10000 for client /10.10.34.12:58767
2015-07-31 21:32:15,518 - INFO  [NIOServerCxn.Factory:0.0.0.0/0.0.0.0:2181:NIOServerCnxnFactory@197] - Accepted socket connection from /10.10.34.13:58436
2015-07-31 21:32:15,519 - WARN  [NIOServerCxn.Factory:0.0.0.0/0.0.0.0:2181:ZooKeeperServer@793] - Connection request from old client /10.10.34.13:58436; will be dropped if server is in r-o mode
2015-07-31 21:32:15,519 - INFO  [NIOServerCxn.Factory:0.0.0.0/0.0.0.0:2181:ZooKeeperServer@839] - Client attempting to establish new session at /10.10.34.13:58436
2015-07-31 21:32:15,519 - INFO  [NIOServerCxn.Factory:0.0.0.0/0.0.0.0:2181:NIOServerCnxnFactory@197] - Accepted socket connection from /10.10.34.13:58437
2015-07-31 21:32:15,520 - WARN  [NIOServerCxn.Factory:0.0.0.0/0.0.0.0:2181:ZooKeeperServer@793] - Connection request from old client /10.10.34.13:58437; will be dropped if server is in r-o mode
2015-07-31 21:32:15,520 - INFO  [NIOServerCxn.Factory:0.0.0.0/0.0.0.0:2181:ZooKeeperServer@839] - Client attempting to establish new session at /10.10.34.13:58437
2015-07-31 21:32:15,521 - INFO  [CommitProcessor:3:ZooKeeperServer@595] - Established session 0x34ee30a5c53001d with negotiated timeout 10000 for client /10.10.34.13:58436
2015-07-31 21:32:15,523 - INFO  [CommitProcessor:3:ZooKeeperServer@595] - Established session 0x34ee30a5c53001e with negotiated timeout 10000 for client /10.10.34.13:58437
2015-07-31 21:32:17,513 - INFO  [NIOServerCxn.Factory:0.0.0.0/0.0.0.0:2181:NIOServerCnxnFactory@197] - Accepted socket connection from /10.10.34.15:39398
2015-07-31 21:32:17,514 - WARN  [NIOServerCxn.Factory:0.0.0.0/0.0.0.0:2181:ZooKeeperServer@793] - Connection request from old client /10.10.34.15:39398; will be dropped if server is in r-o mode
2015-07-31 21:32:17,514 - INFO  [NIOServerCxn.Factory:0.0.0.0/0.0.0.0:2181:ZooKeeperServer@839] - Client attempting to establish new session at /10.10.34.15:39398
2015-07-31 21:32:17,517 - INFO  [CommitProcessor:3:ZooKeeperServer@595] - Established session 0x34ee30a5c53001f with negotiated timeout 10000 for client /10.10.34.15:39398
2015-07-31 21:32:17,810 - INFO  [NIOServerCxn.Factory:0.0.0.0/0.0.0.0:2181:NIOServerCnxnFactory@197] - Accepted socket connection from /10.10.34.17:40913
2015-07-31 21:32:17,810 - WARN  [NIOServerCxn.Factory:0.0.0.0/0.0.0.0:2181:ZooKeeperServer@793] - Connection request from old client /10.10.34.17:40913; will be dropped if server is in r-o mode
2015-07-31 21:32:17,810 - INFO  [NIOServerCxn.Factory:0.0.0.0/0.0.0.0:2181:ZooKeeperServer@839] - Client attempting to establish new session at /10.10.34.17:40913
2015-07-31 21:32:17,813 - INFO  [CommitProcessor:3:ZooKeeperServer@595] - Established session 0x34ee30a5c530020 with negotiated timeout 10000 for client /10.10.34.17:40913
2015-07-31 21:32:17,912 - INFO  [NIOServerCxn.Factory:0.0.0.0/0.0.0.0:2181:NIOServerCnxnFactory@197] - Accepted socket connection from /10.10.34.18:54427
2015-07-31 21:32:17,912 - WARN  [NIOServerCxn.Factory:0.0.0.0/0.0.0.0:2181:ZooKeeperServer@793] - Connection request from old client /10.10.34.18:54427; will be dropped if server is in r-o mode
2015-07-31 21:32:17,912 - INFO  [NIOServerCxn.Factory:0.0.0.0/0.0.0.0:2181:ZooKeeperServer@839] - Client attempting to establish new session at /10.10.34.18:54427
2015-07-31 21:32:17,915 - INFO  [CommitProcessor:3:ZooKeeperServer@595] - Established session 0x34ee30a5c530021 with negotiated timeout 10000 for client /10.10.34.18:54427
2015-07-31 21:32:18,447 - INFO  [NIOServerCxn.Factory:0.0.0.0/0.0.0.0:2181:NIOServerCnxnFactory@197] - Accepted socket connection from /10.10.34.23:51828
2015-07-31 21:32:18,447 - WARN  [NIOServerCxn.Factory:0.0.0.0/0.0.0.0:2181:ZooKeeperServer@793] - Connection request from old client /10.10.34.23:51828; will be dropped if server is in r-o mode
2015-07-31 21:32:18,448 - INFO  [NIOServerCxn.Factory:0.0.0.0/0.0.0.0:2181:ZooKeeperServer@839] - Client attempting to establish new session at /10.10.34.23:51828
2015-07-31 21:32:18,450 - INFO  [CommitProcessor:3:ZooKeeperServer@595] - Established session 0x34ee30a5c530022 with negotiated timeout 10000 for client /10.10.34.23:51828
2015-07-31 21:32:18,555 - INFO  [NIOServerCxn.Factory:0.0.0.0/0.0.0.0:2181:NIOServerCnxnFactory@197] - Accepted socket connection from /10.10.34.24:54101
2015-07-31 21:32:18,555 - WARN  [NIOServerCxn.Factory:0.0.0.0/0.0.0.0:2181:ZooKeeperServer@793] - Connection request from old client /10.10.34.24:54101; will be dropped if server is in r-o mode
2015-07-31 21:32:18,556 - INFO  [NIOServerCxn.Factory:0.0.0.0/0.0.0.0:2181:ZooKeeperServer@839] - Client attempting to establish new session at /10.10.34.24:54101
2015-07-31 21:32:18,558 - INFO  [CommitProcessor:3:ZooKeeperServer@595] - Established session 0x34ee30a5c530023 with negotiated timeout 10000 for client /10.10.34.24:54101
2015-07-31 21:32:18,856 - INFO  [NIOServerCxn.Factory:0.0.0.0/0.0.0.0:2181:NIOServerCnxnFactory@197] - Accepted socket connection from /10.10.34.31:50697
2015-07-31 21:32:18,857 - WARN  [NIOServerCxn.Factory:0.0.0.0/0.0.0.0:2181:ZooKeeperServer@793] - Connection request from old client /10.10.34.31:50697; will be dropped if server is in r-o mode
2015-07-31 21:32:18,857 - INFO  [NIOServerCxn.Factory:0.0.0.0/0.0.0.0:2181:ZooKeeperServer@839] - Client attempting to establish new session at /10.10.34.31:50697
2015-07-31 21:32:18,859 - INFO  [CommitProcessor:3:ZooKeeperServer@595] - Established session 0x34ee30a5c530024 with negotiated timeout 10000 for client /10.10.34.31:50697
2015-07-31 21:32:18,961 - INFO  [NIOServerCxn.Factory:0.0.0.0/0.0.0.0:2181:NIOServerCnxnFactory@197] - Accepted socket connection from /10.10.34.32:59965
2015-07-31 21:32:18,961 - WARN  [NIOServerCxn.Factory:0.0.0.0/0.0.0.0:2181:ZooKeeperServer@793] - Connection request from old client /10.10.34.32:59965; will be dropped if server is in r-o mode
2015-07-31 21:32:18,962 - INFO  [NIOServerCxn.Factory:0.0.0.0/0.0.0.0:2181:ZooKeeperServer@839] - Client attempting to establish new session at /10.10.34.32:59965
2015-07-31 21:32:18,964 - INFO  [CommitProcessor:3:ZooKeeperServer@595] - Established session 0x34ee30a5c530025 with negotiated timeout 10000 for client /10.10.34.32:59965
2015-07-31 21:32:19,196 - INFO  [NIOServerCxn.Factory:0.0.0.0/0.0.0.0:2181:NIOServerCnxnFactory@197] - Accepted socket connection from /10.10.34.34:60118
2015-07-31 21:32:19,196 - WARN  [NIOServerCxn.Factory:0.0.0.0/0.0.0.0:2181:ZooKeeperServer@793] - Connection request from old client /10.10.34.34:60118; will be dropped if server is in r-o mode
2015-07-31 21:32:19,196 - INFO  [NIOServerCxn.Factory:0.0.0.0/0.0.0.0:2181:ZooKeeperServer@839] - Client attempting to establish new session at /10.10.34.34:60118
2015-07-31 21:32:19,199 - INFO  [CommitProcessor:3:ZooKeeperServer@595] - Established session 0x34ee30a5c530026 with negotiated timeout 10000 for client /10.10.34.34:60118
2015-07-31 21:32:19,268 - INFO  [NIOServerCxn.Factory:0.0.0.0/0.0.0.0:2181:NIOServerCnxnFactory@197] - Accepted socket connection from /10.10.34.35:50952
2015-07-31 21:32:19,268 - WARN  [NIOServerCxn.Factory:0.0.0.0/0.0.0.0:2181:ZooKeeperServer@793] - Connection request from old client /10.10.34.35:50952; will be dropped if server is in r-o mode
2015-07-31 21:32:19,269 - INFO  [NIOServerCxn.Factory:0.0.0.0/0.0.0.0:2181:ZooKeeperServer@839] - Client attempting to establish new session at /10.10.34.35:50952
2015-07-31 21:32:19,271 - INFO  [CommitProcessor:3:ZooKeeperServer@595] - Established session 0x34ee30a5c530027 with negotiated timeout 10000 for client /10.10.34.35:50952
2015-07-31 21:32:19,377 - INFO  [NIOServerCxn.Factory:0.0.0.0/0.0.0.0:2181:NIOServerCnxnFactory@197] - Accepted socket connection from /10.10.34.36:34442
2015-07-31 21:32:19,377 - WARN  [NIOServerCxn.Factory:0.0.0.0/0.0.0.0:2181:ZooKeeperServer@793] - Connection request from old client /10.10.34.36:34442; will be dropped if server is in r-o mode
2015-07-31 21:32:19,378 - INFO  [NIOServerCxn.Factory:0.0.0.0/0.0.0.0:2181:ZooKeeperServer@839] - Client attempting to establish new session at /10.10.34.36:34442
2015-07-31 21:32:19,380 - INFO  [CommitProcessor:3:ZooKeeperServer@595] - Established session 0x34ee30a5c530028 with negotiated timeout 10000 for client /10.10.34.36:34442
2015-07-31 21:32:19,584 - INFO  [NIOServerCxn.Factory:0.0.0.0/0.0.0.0:2181:NIOServerCnxnFactory@197] - Accepted socket connection from /10.10.34.38:46079
2015-07-31 21:32:19,584 - WARN  [NIOServerCxn.Factory:0.0.0.0/0.0.0.0:2181:ZooKeeperServer@793] - Connection request from old client /10.10.34.38:46079; will be dropped if server is in r-o mode
2015-07-31 21:32:19,584 - INFO  [NIOServerCxn.Factory:0.0.0.0/0.0.0.0:2181:ZooKeeperServer@839] - Client attempting to establish new session at /10.10.34.38:46079
2015-07-31 21:32:19,587 - INFO  [CommitProcessor:3:ZooKeeperServer@595] - Established session 0x34ee30a5c530029 with negotiated timeout 10000 for client /10.10.34.38:46079
2015-07-31 21:32:19,681 - INFO  [NIOServerCxn.Factory:0.0.0.0/0.0.0.0:2181:NIOServerCnxnFactory@197] - Accepted socket connection from /10.10.34.39:54709
2015-07-31 21:32:19,682 - WARN  [NIOServerCxn.Factory:0.0.0.0/0.0.0.0:2181:ZooKeeperServer@793] - Connection request from old client /10.10.34.39:54709; will be dropped if server is in r-o mode
2015-07-31 21:32:19,682 - INFO  [NIOServerCxn.Factory:0.0.0.0/0.0.0.0:2181:ZooKeeperServer@839] - Client attempting to establish new session at /10.10.34.39:54709
2015-07-31 21:32:19,685 - INFO  [CommitProcessor:3:ZooKeeperServer@595] - Established session 0x34ee30a5c53002a with negotiated timeout 10000 for client /10.10.34.39:54709
2015-07-31 21:32:19,991 - INFO  [NIOServerCxn.Factory:0.0.0.0/0.0.0.0:2181:NIOServerCnxnFactory@197] - Accepted socket connection from /10.10.34.42:37429
2015-07-31 21:32:19,992 - WARN  [NIOServerCxn.Factory:0.0.0.0/0.0.0.0:2181:ZooKeeperServer@793] - Connection request from old client /10.10.34.42:37429; will be dropped if server is in r-o mode
2015-07-31 21:32:19,992 - INFO  [NIOServerCxn.Factory:0.0.0.0/0.0.0.0:2181:ZooKeeperServer@839] - Client attempting to establish new session at /10.10.34.42:37429
2015-07-31 21:32:19,994 - INFO  [CommitProcessor:3:ZooKeeperServer@595] - Established session 0x34ee30a5c53002b with negotiated timeout 10000 for client /10.10.34.42:37429
2015-07-31 21:32:25,242 - INFO  [NIOServerCxn.Factory:0.0.0.0/0.0.0.0:2181:NIOServerCnxnFactory@197] - Accepted socket connection from /10.10.34.14:51292
2015-07-31 21:32:25,244 - WARN  [NIOServerCxn.Factory:0.0.0.0/0.0.0.0:2181:ZooKeeperServer@793] - Connection request from old client /10.10.34.14:51292; will be dropped if server is in r-o mode
2015-07-31 21:32:25,244 - INFO  [NIOServerCxn.Factory:0.0.0.0/0.0.0.0:2181:ZooKeeperServer@839] - Client attempting to establish new session at /10.10.34.14:51292
2015-07-31 21:32:25,246 - INFO  [CommitProcessor:3:ZooKeeperServer@595] - Established session 0x34ee30a5c53002c with negotiated timeout 10000 for client /10.10.34.14:51292
2015-07-31 21:32:32,949 - INFO  [NIOServerCxn.Factory:0.0.0.0/0.0.0.0:2181:NIOServerCnxnFactory@197] - Accepted socket connection from /10.10.34.11:59377
2015-07-31 21:32:32,949 - WARN  [NIOServerCxn.Factory:0.0.0.0/0.0.0.0:2181:ZooKeeperServer@793] - Connection request from old client /10.10.34.11:59377; will be dropped if server is in r-o mode
2015-07-31 21:32:32,950 - INFO  [NIOServerCxn.Factory:0.0.0.0/0.0.0.0:2181:ZooKeeperServer@839] - Client attempting to establish new session at /10.10.34.11:59377
2015-07-31 21:32:32,952 - INFO  [CommitProcessor:3:ZooKeeperServer@595] - Established session 0x34ee30a5c53002d with negotiated timeout 20000 for client /10.10.34.11:59377
2015-07-31 21:36:57,922 - WARN  [NIOServerCxn.Factory:0.0.0.0/0.0.0.0:2181:NIOServerCnxn@349] - caught end of stream exception
2015-07-31 21:36:57,924 - INFO  [NIOServerCxn.Factory:0.0.0.0/0.0.0.0:2181:NIOServerCnxn@1001] - Closed socket connection for client /10.10.34.11:59377 which had sessionid 0x34ee30a5c53002d
2015-07-31 21:44:32,239 - WARN  [NIOServerCxn.Factory:0.0.0.0/0.0.0.0:2181:NIOServerCnxn@349] - caught end of stream exception
2015-07-31 21:44:32,240 - INFO  [NIOServerCxn.Factory:0.0.0.0/0.0.0.0:2181:NIOServerCnxn@1001] - Closed socket connection for client /10.10.34.15:39398 which had sessionid 0x34ee30a5c53001f
2015-07-31 21:44:32,545 - WARN  [NIOServerCxn.Factory:0.0.0.0/0.0.0.0:2181:NIOServerCnxn@349] - caught end of stream exception
2015-07-31 21:44:32,546 - INFO  [NIOServerCxn.Factory:0.0.0.0/0.0.0.0:2181:NIOServerCnxn@1001] - Closed socket connection for client /10.10.34.17:40913 which had sessionid 0x34ee30a5c530020
2015-07-31 21:44:32,651 - WARN  [NIOServerCxn.Factory:0.0.0.0/0.0.0.0:2181:NIOServerCnxn@349] - caught end of stream exception
2015-07-31 21:44:32,652 - INFO  [NIOServerCxn.Factory:0.0.0.0/0.0.0.0:2181:NIOServerCnxn@1001] - Closed socket connection for client /10.10.34.18:54427 which had sessionid 0x34ee30a5c530021
2015-07-31 21:44:33,278 - WARN  [NIOServerCxn.Factory:0.0.0.0/0.0.0.0:2181:NIOServerCnxn@349] - caught end of stream exception
2015-07-31 21:44:33,279 - INFO  [NIOServerCxn.Factory:0.0.0.0/0.0.0.0:2181:NIOServerCnxn@1001] - Closed socket connection for client /10.10.34.24:54101 which had sessionid 0x34ee30a5c530023
2015-07-31 21:44:33,620 - WARN  [NIOServerCxn.Factory:0.0.0.0/0.0.0.0:2181:NIOServerCnxn@349] - caught end of stream exception
2015-07-31 21:44:33,621 - INFO  [NIOServerCxn.Factory:0.0.0.0/0.0.0.0:2181:NIOServerCnxn@1001] - Closed socket connection for client /10.10.34.31:50697 which had sessionid 0x34ee30a5c530024
2015-07-31 21:44:33,722 - WARN  [NIOServerCxn.Factory:0.0.0.0/0.0.0.0:2181:NIOServerCnxn@349] - caught end of stream exception
2015-07-31 21:44:33,723 - INFO  [NIOServerCxn.Factory:0.0.0.0/0.0.0.0:2181:NIOServerCnxn@1001] - Closed socket connection for client /10.10.34.32:59965 which had sessionid 0x34ee30a5c530025
2015-07-31 21:44:33,952 - WARN  [NIOServerCxn.Factory:0.0.0.0/0.0.0.0:2181:NIOServerCnxn@349] - caught end of stream exception
2015-07-31 21:44:33,953 - INFO  [NIOServerCxn.Factory:0.0.0.0/0.0.0.0:2181:NIOServerCnxn@1001] - Closed socket connection for client /10.10.34.34:60118 which had sessionid 0x34ee30a5c530026
2015-07-31 21:44:34,036 - WARN  [NIOServerCxn.Factory:0.0.0.0/0.0.0.0:2181:NIOServerCnxn@349] - caught end of stream exception
2015-07-31 21:44:34,037 - INFO  [NIOServerCxn.Factory:0.0.0.0/0.0.0.0:2181:NIOServerCnxn@1001] - Closed socket connection for client /10.10.34.35:50952 which had sessionid 0x34ee30a5c530027
2015-07-31 21:44:34,136 - WARN  [NIOServerCxn.Factory:0.0.0.0/0.0.0.0:2181:NIOServerCnxn@349] - caught end of stream exception
2015-07-31 21:44:34,137 - INFO  [NIOServerCxn.Factory:0.0.0.0/0.0.0.0:2181:NIOServerCnxn@1001] - Closed socket connection for client /10.10.34.36:34442 which had sessionid 0x34ee30a5c530028
2015-07-31 21:44:34,341 - WARN  [NIOServerCxn.Factory:0.0.0.0/0.0.0.0:2181:NIOServerCnxn@349] - caught end of stream exception
2015-07-31 21:44:34,342 - INFO  [NIOServerCxn.Factory:0.0.0.0/0.0.0.0:2181:NIOServerCnxn@1001] - Closed socket connection for client /10.10.34.38:46079 which had sessionid 0x34ee30a5c530029
2015-07-31 21:44:34,441 - WARN  [NIOServerCxn.Factory:0.0.0.0/0.0.0.0:2181:NIOServerCnxn@349] - caught end of stream exception
2015-07-31 21:44:34,442 - INFO  [NIOServerCxn.Factory:0.0.0.0/0.0.0.0:2181:NIOServerCnxn@1001] - Closed socket connection for client /10.10.34.39:54709 which had sessionid 0x34ee30a5c53002a
2015-07-31 21:44:34,746 - WARN  [NIOServerCxn.Factory:0.0.0.0/0.0.0.0:2181:NIOServerCnxn@349] - caught end of stream exception
2015-07-31 21:44:34,747 - INFO  [NIOServerCxn.Factory:0.0.0.0/0.0.0.0:2181:NIOServerCnxn@1001] - Closed socket connection for client /10.10.34.42:37429 which had sessionid 0x34ee30a5c53002b
2015-07-31 21:44:39,230 - WARN  [NIOServerCxn.Factory:0.0.0.0/0.0.0.0:2181:NIOServerCnxn@349] - caught end of stream exception
2015-07-31 21:44:39,231 - INFO  [NIOServerCxn.Factory:0.0.0.0/0.0.0.0:2181:NIOServerCnxn@1001] - Closed socket connection for client /10.10.34.14:51292 which had sessionid 0x34ee30a5c53002c
2015-07-31 21:44:40,843 - WARN  [NIOServerCxn.Factory:0.0.0.0/0.0.0.0:2181:NIOServerCnxn@349] - caught end of stream exception
2015-07-31 21:44:40,844 - INFO  [NIOServerCxn.Factory:0.0.0.0/0.0.0.0:2181:NIOServerCnxn@1001] - Closed socket connection for client /10.10.34.11:59322 which had sessionid 0x34ee30a5c53001b
2015-07-31 21:44:40,925 - WARN  [NIOServerCxn.Factory:0.0.0.0/0.0.0.0:2181:NIOServerCnxn@349] - caught end of stream exception
2015-07-31 21:44:40,925 - INFO  [NIOServerCxn.Factory:0.0.0.0/0.0.0.0:2181:NIOServerCnxn@1001] - Closed socket connection for client /10.10.34.12:58767 which had sessionid 0x34ee30a5c53001c
2015-07-31 21:44:41,034 - WARN  [NIOServerCxn.Factory:0.0.0.0/0.0.0.0:2181:NIOServerCnxn@349] - caught end of stream exception
2015-07-31 21:44:41,035 - INFO  [NIOServerCxn.Factory:0.0.0.0/0.0.0.0:2181:NIOServerCnxn@1001] - Closed socket connection for client /10.10.34.13:58437 which had sessionid 0x34ee30a5c53001e
2015-07-31 21:44:41,035 - WARN  [NIOServerCxn.Factory:0.0.0.0/0.0.0.0:2181:NIOServerCnxn@349] - caught end of stream exception
2015-07-31 21:44:41,036 - INFO  [NIOServerCxn.Factory:0.0.0.0/0.0.0.0:2181:NIOServerCnxn@1001] - Closed socket connection for client /10.10.34.13:58436 which had sessionid 0x34ee30a5c53001d
2015-07-31 21:44:43,713 - INFO  [CommitProcessor:3:NIOServerCnxn@1001] - Closed socket connection for client /10.10.34.23:51828 which had sessionid 0x34ee30a5c530022
2015-08-07 07:27:46,030 - INFO  [main:QuorumPeerConfig@101] - Reading configuration from: /etc/zookeeper/conf/zoo.cfg
2015-08-07 07:27:46,039 - INFO  [main:QuorumPeerConfig@334] - Defaulting to majority quorums
2015-08-07 07:27:46,056 - INFO  [main:DatadirCleanupManager@78] - autopurge.snapRetainCount set to 3
2015-08-07 07:27:46,057 - INFO  [main:DatadirCleanupManager@79] - autopurge.purgeInterval set to 0
2015-08-07 07:27:46,058 - INFO  [main:DatadirCleanupManager@101] - Purge task is not scheduled.
2015-08-07 07:27:46,079 - INFO  [main:QuorumPeerMain@127] - Starting quorum peer
2015-08-07 07:27:46,103 - INFO  [main:NIOServerCnxnFactory@94] - binding to port 0.0.0.0/0.0.0.0:2181
2015-08-07 07:27:46,142 - INFO  [main:QuorumPeer@913] - tickTime set to 2000
2015-08-07 07:27:46,142 - INFO  [main:QuorumPeer@933] - minSessionTimeout set to -1
2015-08-07 07:27:46,142 - INFO  [main:QuorumPeer@944] - maxSessionTimeout set to -1
2015-08-07 07:27:46,143 - INFO  [main:QuorumPeer@959] - initLimit set to 10
2015-08-07 07:27:46,171 - INFO  [main:FileSnap@83] - Reading snapshot /var/lib/zookeeper/version-2/snapshot.700000000
2015-08-07 07:27:46,351 - INFO  [Thread-1:QuorumCnxManager$Listener@486] - My election bind port: 0.0.0.0/0.0.0.0:3888
2015-08-07 07:27:46,371 - INFO  [QuorumPeer[myid=3]/0:0:0:0:0:0:0:0:2181:QuorumPeer@670] - LOOKING
2015-08-07 07:27:46,374 - INFO  [QuorumPeer[myid=3]/0:0:0:0:0:0:0:0:2181:FastLeaderElection@740] - New election. My id =  3, proposed zxid=0x700000197
2015-08-07 07:27:46,381 - WARN  [WorkerSender[myid=3]:QuorumCnxManager@368] - Cannot open channel to 1 at election address /10.10.34.11:3888
2015-08-07 07:27:46,402 - INFO  [WorkerReceiver[myid=3]:FastLeaderElection@542] - Notification: 3 (n.leader), 0x700000197 (n.zxid), 0x1 (n.round), LOOKING (n.state), 3 (n.sid), 0x7 (n.peerEPoch), LOOKING (my state)
2015-08-07 07:27:46,403 - INFO  [WorkerReceiver[myid=3]:FastLeaderElection@542] - Notification: 2 (n.leader), 0x700000197 (n.zxid), 0x1 (n.round), LOOKING (n.state), 2 (n.sid), 0x7 (n.peerEPoch), LOOKING (my state)
2015-08-07 07:27:46,405 - INFO  [WorkerReceiver[myid=3]:FastLeaderElection@542] - Notification: 3 (n.leader), 0x700000197 (n.zxid), 0x1 (n.round), LOOKING (n.state), 2 (n.sid), 0x7 (n.peerEPoch), LOOKING (my state)
2015-08-07 07:27:46,606 - INFO  [QuorumPeer[myid=3]/0:0:0:0:0:0:0:0:2181:QuorumPeer@750] - LEADING
2015-08-07 07:27:46,614 - INFO  [QuorumPeer[myid=3]/0:0:0:0:0:0:0:0:2181:Leader@58] - TCP NoDelay set to: true
2015-08-07 07:27:46,628 - INFO  [QuorumPeer[myid=3]/0:0:0:0:0:0:0:0:2181:Environment@100] - Server environment:zookeeper.version=3.4.5--1, built on 06/10/2013 17:26 GMT
2015-08-07 07:27:46,629 - INFO  [QuorumPeer[myid=3]/0:0:0:0:0:0:0:0:2181:Environment@100] - Server environment:host.name=mesos-master-3
2015-08-07 07:27:46,629 - INFO  [QuorumPeer[myid=3]/0:0:0:0:0:0:0:0:2181:Environment@100] - Server environment:java.version=1.7.0_79
2015-08-07 07:27:46,629 - INFO  [QuorumPeer[myid=3]/0:0:0:0:0:0:0:0:2181:Environment@100] - Server environment:java.vendor=Oracle Corporation
2015-08-07 07:27:46,629 - INFO  [QuorumPeer[myid=3]/0:0:0:0:0:0:0:0:2181:Environment@100] - Server environment:java.home=/usr/lib/jvm/java-7-openjdk-amd64/jre
2015-08-07 07:27:46,629 - INFO  [QuorumPeer[myid=3]/0:0:0:0:0:0:0:0:2181:Environment@100] - Server environment:java.class.path=/etc/zookeeper/conf:/usr/share/java/jline.jar:/usr/share/java/log4j-1.2.jar:/usr/share/java/xercesImpl.jar:/usr/share/java/xmlParserAPIs.jar:/usr/share/java/netty.jar:/usr/share/java/slf4j-api.jar:/usr/share/java/slf4j-log4j12.jar:/usr/share/java/zookeeper.jar
2015-08-07 07:27:46,629 - INFO  [QuorumPeer[myid=3]/0:0:0:0:0:0:0:0:2181:Environment@100] - Server environment:java.library.path=/usr/java/packages/lib/amd64:/usr/lib/x86_64-linux-gnu/jni:/lib/x86_64-linux-gnu:/usr/lib/x86_64-linux-gnu:/usr/lib/jni:/lib:/usr/lib
2015-08-07 07:27:46,630 - INFO  [QuorumPeer[myid=3]/0:0:0:0:0:0:0:0:2181:Environment@100] - Server environment:java.io.tmpdir=/tmp
2015-08-07 07:27:46,630 - INFO  [QuorumPeer[myid=3]/0:0:0:0:0:0:0:0:2181:Environment@100] - Server environment:java.compiler=<NA>
2015-08-07 07:27:46,630 - INFO  [QuorumPeer[myid=3]/0:0:0:0:0:0:0:0:2181:Environment@100] - Server environment:os.name=Linux
2015-08-07 07:27:46,630 - INFO  [QuorumPeer[myid=3]/0:0:0:0:0:0:0:0:2181:Environment@100] - Server environment:os.arch=amd64
2015-08-07 07:27:46,630 - INFO  [QuorumPeer[myid=3]/0:0:0:0:0:0:0:0:2181:Environment@100] - Server environment:os.version=3.16.0-30-generic
2015-08-07 07:27:46,631 - INFO  [QuorumPeer[myid=3]/0:0:0:0:0:0:0:0:2181:Environment@100] - Server environment:user.name=zookeeper
2015-08-07 07:27:46,631 - INFO  [QuorumPeer[myid=3]/0:0:0:0:0:0:0:0:2181:Environment@100] - Server environment:user.home=/var/lib/zookeeper
2015-08-07 07:27:46,631 - INFO  [QuorumPeer[myid=3]/0:0:0:0:0:0:0:0:2181:Environment@100] - Server environment:user.dir=/
2015-08-07 07:27:46,633 - INFO  [QuorumPeer[myid=3]/0:0:0:0:0:0:0:0:2181:ZooKeeperServer@162] - Created server with tickTime 2000 minSessionTimeout 4000 maxSessionTimeout 40000 datadir /var/lib/zookeeper/version-2 snapdir /var/lib/zookeeper/version-2
2015-08-07 07:27:46,634 - INFO  [QuorumPeer[myid=3]/0:0:0:0:0:0:0:0:2181:Leader@345] - LEADING - LEADER ELECTION TOOK - 260
2015-08-07 07:27:46,641 - INFO  [QuorumPeer[myid=3]/0:0:0:0:0:0:0:0:2181:FileSnap@83] - Reading snapshot /var/lib/zookeeper/version-2/snapshot.700000000
2015-08-07 07:27:46,737 - INFO  [QuorumPeer[myid=3]/0:0:0:0:0:0:0:0:2181:FileTxnSnapLog@240] - Snapshotting: 0x700000197 to /var/lib/zookeeper/version-2/snapshot.700000197
2015-08-07 07:27:46,749 - INFO  [LearnerHandler-/10.10.34.12:49352:LearnerHandler@263] - Follower sid: 2 : info : org.apache.zookeeper.server.quorum.QuorumPeer$QuorumServer@9736e99
2015-08-07 07:27:46,755 - INFO  [LearnerHandler-/10.10.34.12:49352:LearnerHandler@318] - Synchronizing with Follower sid: 2 maxCommittedLog=0x700000197 minCommittedLog=0x70000013a peerLastZxid=0x700000197
2015-08-07 07:27:46,756 - INFO  [LearnerHandler-/10.10.34.12:49352:LearnerHandler@395] - Sending DIFF
2015-08-07 07:27:46,778 - WARN  [LearnerHandler-/10.10.34.12:49352:Leader@574] - Commiting zxid 0x800000000 from /10.10.34.13:2888 not first!
2015-08-07 07:27:46,779 - WARN  [LearnerHandler-/10.10.34.12:49352:Leader@576] - First is 0x0
2015-08-07 07:27:46,779 - INFO  [LearnerHandler-/10.10.34.12:49352:Leader@598] - Have quorum of supporters; starting up and setting last processed zxid: 0x800000000
2015-08-07 07:27:49,444 - INFO  [/10.10.34.13:3888:QuorumCnxManager$Listener@493] - Received connection request /10.10.34.11:57354
2015-08-07 07:27:49,449 - INFO  [WorkerReceiver[myid=3]:FastLeaderElection@542] - Notification: 1 (n.leader), 0x700000197 (n.zxid), 0x1 (n.round), LOOKING (n.state), 1 (n.sid), 0x7 (n.peerEPoch), LEADING (my state)
2015-08-07 07:27:49,449 - INFO  [WorkerReceiver[myid=3]:FastLeaderElection@542] - Notification: 3 (n.leader), 0x700000197 (n.zxid), 0x1 (n.round), LOOKING (n.state), 1 (n.sid), 0x7 (n.peerEPoch), LEADING (my state)
2015-08-07 07:27:49,680 - INFO  [LearnerHandler-/10.10.34.11:41602:LearnerHandler@263] - Follower sid: 1 : info : org.apache.zookeeper.server.quorum.QuorumPeer$QuorumServer@146e2667
2015-08-07 07:27:49,690 - INFO  [LearnerHandler-/10.10.34.11:41602:LearnerHandler@318] - Synchronizing with Follower sid: 1 maxCommittedLog=0x700000197 minCommittedLog=0x70000013a peerLastZxid=0x700000197
2015-08-07 07:27:49,692 - INFO  [LearnerHandler-/10.10.34.11:41602:LearnerHandler@395] - Sending DIFF
2015-08-10 17:52:37,611 - INFO  [NIOServerCxn.Factory:0.0.0.0/0.0.0.0:2181:NIOServerCnxnFactory@197] - Accepted socket connection from /10.10.34.11:33631
2015-08-10 17:52:37,615 - WARN  [NIOServerCxn.Factory:0.0.0.0/0.0.0.0:2181:ZooKeeperServer@793] - Connection request from old client /10.10.34.11:33631; will be dropped if server is in r-o mode
2015-08-10 17:52:37,616 - INFO  [NIOServerCxn.Factory:0.0.0.0/0.0.0.0:2181:ZooKeeperServer@839] - Client attempting to establish new session at /10.10.34.11:33631
2015-08-10 17:52:37,626 - INFO  [SyncThread:3:FileTxnLog@199] - Creating new log file: log.800000001
2015-08-10 17:52:37,634 - INFO  [CommitProcessor:3:ZooKeeperServer@595] - Established session 0x34f0557885e0000 with negotiated timeout 10000 for client /10.10.34.11:33631
2015-08-10 17:52:38,738 - INFO  [NIOServerCxn.Factory:0.0.0.0/0.0.0.0:2181:NIOServerCnxnFactory@197] - Accepted socket connection from /10.10.34.12:33340
2015-08-10 17:52:38,739 - WARN  [NIOServerCxn.Factory:0.0.0.0/0.0.0.0:2181:ZooKeeperServer@793] - Connection request from old client /10.10.34.12:33340; will be dropped if server is in r-o mode
2015-08-10 17:52:38,739 - INFO  [NIOServerCxn.Factory:0.0.0.0/0.0.0.0:2181:ZooKeeperServer@839] - Client attempting to establish new session at /10.10.34.12:33340
2015-08-10 17:52:38,741 - INFO  [NIOServerCxn.Factory:0.0.0.0/0.0.0.0:2181:NIOServerCnxnFactory@197] - Accepted socket connection from /10.10.34.12:33342
2015-08-10 17:52:38,741 - INFO  [CommitProcessor:3:ZooKeeperServer@595] - Established session 0x34f0557885e0001 with negotiated timeout 10000 for client /10.10.34.12:33340
2015-08-10 17:52:38,741 - WARN  [NIOServerCxn.Factory:0.0.0.0/0.0.0.0:2181:ZooKeeperServer@793] - Connection request from old client /10.10.34.12:33342; will be dropped if server is in r-o mode
2015-08-10 17:52:38,742 - INFO  [NIOServerCxn.Factory:0.0.0.0/0.0.0.0:2181:ZooKeeperServer@839] - Client attempting to establish new session at /10.10.34.12:33342
2015-08-10 17:52:38,744 - INFO  [CommitProcessor:3:ZooKeeperServer@595] - Established session 0x34f0557885e0002 with negotiated timeout 10000 for client /10.10.34.12:33342
2015-08-10 17:52:39,492 - INFO  [NIOServerCxn.Factory:0.0.0.0/0.0.0.0:2181:NIOServerCnxnFactory@197] - Accepted socket connection from /10.10.34.11:33644
2015-08-10 17:52:39,493 - WARN  [NIOServerCxn.Factory:0.0.0.0/0.0.0.0:2181:ZooKeeperServer@793] - Connection request from old client /10.10.34.11:33644; will be dropped if server is in r-o mode
2015-08-10 17:52:39,493 - INFO  [NIOServerCxn.Factory:0.0.0.0/0.0.0.0:2181:ZooKeeperServer@839] - Client attempting to establish new session at /10.10.34.11:33644
2015-08-10 17:52:39,496 - INFO  [CommitProcessor:3:ZooKeeperServer@595] - Established session 0x34f0557885e0003 with negotiated timeout 10000 for client /10.10.34.11:33644
2015-08-10 17:52:39,697 - INFO  [NIOServerCxn.Factory:0.0.0.0/0.0.0.0:2181:NIOServerCnxnFactory@197] - Accepted socket connection from /10.10.34.13:58180
2015-08-10 17:52:39,698 - WARN  [NIOServerCxn.Factory:0.0.0.0/0.0.0.0:2181:ZooKeeperServer@793] - Connection request from old client /10.10.34.13:58180; will be dropped if server is in r-o mode
2015-08-10 17:52:39,698 - INFO  [NIOServerCxn.Factory:0.0.0.0/0.0.0.0:2181:ZooKeeperServer@839] - Client attempting to establish new session at /10.10.34.13:58180
2015-08-10 17:52:39,700 - INFO  [CommitProcessor:3:ZooKeeperServer@595] - Established session 0x34f0557885e0004 with negotiated timeout 10000 for client /10.10.34.13:58180
2015-08-10 17:52:42,488 - INFO  [NIOServerCxn.Factory:0.0.0.0/0.0.0.0:2181:NIOServerCnxnFactory@197] - Accepted socket connection from /10.10.34.21:34335
2015-08-10 17:52:42,489 - WARN  [NIOServerCxn.Factory:0.0.0.0/0.0.0.0:2181:ZooKeeperServer@793] - Connection request from old client /10.10.34.21:34335; will be dropped if server is in r-o mode
2015-08-10 17:52:42,489 - INFO  [NIOServerCxn.Factory:0.0.0.0/0.0.0.0:2181:ZooKeeperServer@839] - Client attempting to establish new session at /10.10.34.21:34335
2015-08-10 17:52:42,491 - INFO  [CommitProcessor:3:ZooKeeperServer@595] - Established session 0x34f0557885e0005 with negotiated timeout 10000 for client /10.10.34.21:34335
2015-08-10 17:52:42,525 - INFO  [NIOServerCxn.Factory:0.0.0.0/0.0.0.0:2181:NIOServerCnxnFactory@197] - Accepted socket connection from /10.10.34.23:51982
2015-08-10 17:52:42,525 - WARN  [NIOServerCxn.Factory:0.0.0.0/0.0.0.0:2181:ZooKeeperServer@793] - Connection request from old client /10.10.34.23:51982; will be dropped if server is in r-o mode
2015-08-10 17:52:42,526 - INFO  [NIOServerCxn.Factory:0.0.0.0/0.0.0.0:2181:ZooKeeperServer@839] - Client attempting to establish new session at /10.10.34.23:51982
2015-08-10 17:52:42,528 - INFO  [CommitProcessor:3:ZooKeeperServer@595] - Established session 0x34f0557885e0006 with negotiated timeout 10000 for client /10.10.34.23:51982
2015-08-10 17:52:43,127 - INFO  [NIOServerCxn.Factory:0.0.0.0/0.0.0.0:2181:NIOServerCnxnFactory@197] - Accepted socket connection from /10.10.34.26:53304
2015-08-10 17:52:43,127 - WARN  [NIOServerCxn.Factory:0.0.0.0/0.0.0.0:2181:ZooKeeperServer@793] - Connection request from old client /10.10.34.26:53304; will be dropped if server is in r-o mode
2015-08-10 17:52:43,127 - INFO  [NIOServerCxn.Factory:0.0.0.0/0.0.0.0:2181:ZooKeeperServer@839] - Client attempting to establish new session at /10.10.34.26:53304
2015-08-10 17:52:43,130 - INFO  [CommitProcessor:3:ZooKeeperServer@595] - Established session 0x34f0557885e0007 with negotiated timeout 10000 for client /10.10.34.26:53304
2015-08-10 17:52:43,528 - INFO  [NIOServerCxn.Factory:0.0.0.0/0.0.0.0:2181:NIOServerCnxnFactory@197] - Accepted socket connection from /10.10.34.15:45229
2015-08-10 17:52:43,528 - WARN  [NIOServerCxn.Factory:0.0.0.0/0.0.0.0:2181:ZooKeeperServer@793] - Connection request from old client /10.10.34.15:45229; will be dropped if server is in r-o mode
2015-08-10 17:52:43,528 - INFO  [NIOServerCxn.Factory:0.0.0.0/0.0.0.0:2181:ZooKeeperServer@839] - Client attempting to establish new session at /10.10.34.15:45229
2015-08-10 17:52:43,531 - INFO  [CommitProcessor:3:ZooKeeperServer@595] - Established session 0x34f0557885e0008 with negotiated timeout 10000 for client /10.10.34.15:45229
2015-08-10 17:52:45,505 - WARN  [NIOServerCxn.Factory:0.0.0.0/0.0.0.0:2181:NIOServerCnxn@349] - caught end of stream exception
2015-08-10 17:52:45,507 - INFO  [NIOServerCxn.Factory:0.0.0.0/0.0.0.0:2181:NIOServerCnxn@1001] - Closed socket connection for client /10.10.34.11:33644 which had sessionid 0x34f0557885e0003
2015-08-10 17:52:54,000 - INFO  [SessionTracker:ZooKeeperServer@325] - Expiring session 0x34f0557885e0003, timeout of 10000ms exceeded
2015-08-10 17:52:54,001 - INFO  [ProcessThread(sid:3 cport:-1)::PrepRequestProcessor@476] - Processed session termination for sessionid: 0x34f0557885e0003
2015-08-10 17:53:05,642 - WARN  [NIOServerCxn.Factory:0.0.0.0/0.0.0.0:2181:NIOServerCnxn@349] - caught end of stream exception
2015-08-10 17:53:05,644 - INFO  [NIOServerCxn.Factory:0.0.0.0/0.0.0.0:2181:NIOServerCnxn@1001] - Closed socket connection for client /10.10.34.13:58180 which had sessionid 0x34f0557885e0004
2015-08-10 17:53:05,838 - WARN  [NIOServerCxn.Factory:0.0.0.0/0.0.0.0:2181:NIOServerCnxn@349] - caught end of stream exception
2015-08-10 17:53:05,839 - INFO  [NIOServerCxn.Factory:0.0.0.0/0.0.0.0:2181:NIOServerCnxn@1001] - Closed socket connection for client /10.10.34.15:45229 which had sessionid 0x34f0557885e0008
2015-08-10 17:53:06,575 - WARN  [NIOServerCxn.Factory:0.0.0.0/0.0.0.0:2181:NIOServerCnxn@349] - caught end of stream exception
2015-08-10 17:53:06,576 - INFO  [NIOServerCxn.Factory:0.0.0.0/0.0.0.0:2181:NIOServerCnxn@1001] - Closed socket connection for client /10.10.34.21:34335 which had sessionid 0x34f0557885e0005
2015-08-10 17:53:06,779 - WARN  [NIOServerCxn.Factory:0.0.0.0/0.0.0.0:2181:NIOServerCnxn@349] - caught end of stream exception
2015-08-10 17:53:06,780 - INFO  [NIOServerCxn.Factory:0.0.0.0/0.0.0.0:2181:NIOServerCnxn@1001] - Closed socket connection for client /10.10.34.23:51982 which had sessionid 0x34f0557885e0006
2015-08-10 17:53:07,080 - WARN  [NIOServerCxn.Factory:0.0.0.0/0.0.0.0:2181:NIOServerCnxn@349] - caught end of stream exception
2015-08-10 17:53:07,081 - INFO  [NIOServerCxn.Factory:0.0.0.0/0.0.0.0:2181:NIOServerCnxn@1001] - Closed socket connection for client /10.10.34.26:53304 which had sessionid 0x34f0557885e0007
2015-08-10 17:53:14,000 - INFO  [SessionTracker:ZooKeeperServer@325] - Expiring session 0x34f0557885e0008, timeout of 10000ms exceeded
2015-08-10 17:53:14,001 - INFO  [SessionTracker:ZooKeeperServer@325] - Expiring session 0x24f0557806a0003, timeout of 10000ms exceeded
2015-08-10 17:53:14,001 - INFO  [SessionTracker:ZooKeeperServer@325] - Expiring session 0x34f0557885e0004, timeout of 10000ms exceeded
2015-08-10 17:53:14,001 - INFO  [ProcessThread(sid:3 cport:-1)::PrepRequestProcessor@476] - Processed session termination for sessionid: 0x34f0557885e0008
2015-08-10 17:53:14,001 - INFO  [ProcessThread(sid:3 cport:-1)::PrepRequestProcessor@476] - Processed session termination for sessionid: 0x24f0557806a0003
2015-08-10 17:53:14,002 - INFO  [ProcessThread(sid:3 cport:-1)::PrepRequestProcessor@476] - Processed session termination for sessionid: 0x34f0557885e0004
2015-08-10 17:53:14,816 - WARN  [NIOServerCxn.Factory:0.0.0.0/0.0.0.0:2181:NIOServerCnxn@349] - caught end of stream exception
2015-08-10 17:53:14,818 - INFO  [NIOServerCxn.Factory:0.0.0.0/0.0.0.0:2181:NIOServerCnxn@1001] - Closed socket connection for client /10.10.34.11:33631 which had sessionid 0x34f0557885e0000
2015-08-10 17:53:14,912 - WARN  [NIOServerCxn.Factory:0.0.0.0/0.0.0.0:2181:NIOServerCnxn@349] - caught end of stream exception
2015-08-10 17:53:14,913 - INFO  [NIOServerCxn.Factory:0.0.0.0/0.0.0.0:2181:NIOServerCnxn@1001] - Closed socket connection for client /10.10.34.12:33340 which had sessionid 0x34f0557885e0001
2015-08-10 17:53:14,913 - WARN  [NIOServerCxn.Factory:0.0.0.0/0.0.0.0:2181:NIOServerCnxn@349] - caught end of stream exception
2015-08-10 17:53:14,914 - INFO  [NIOServerCxn.Factory:0.0.0.0/0.0.0.0:2181:NIOServerCnxn@1001] - Closed socket connection for client /10.10.34.12:33342 which had sessionid 0x34f0557885e0002
2015-08-10 17:53:16,000 - INFO  [SessionTracker:ZooKeeperServer@325] - Expiring session 0x14f05578bd80007, timeout of 10000ms exceeded
2015-08-10 17:53:16,001 - INFO  [SessionTracker:ZooKeeperServer@325] - Expiring session 0x34f0557885e0006, timeout of 10000ms exceeded
2015-08-10 17:53:16,001 - INFO  [SessionTracker:ZooKeeperServer@325] - Expiring session 0x24f0557806a0008, timeout of 10000ms exceeded
2015-08-10 17:53:16,001 - INFO  [SessionTracker:ZooKeeperServer@325] - Expiring session 0x24f0557806a0009, timeout of 10000ms exceeded
2015-08-10 17:53:16,001 - INFO  [SessionTracker:ZooKeeperServer@325] - Expiring session 0x14f05578bd80006, timeout of 10000ms exceeded
2015-08-10 17:53:16,001 - INFO  [SessionTracker:ZooKeeperServer@325] - Expiring session 0x34f0557885e0005, timeout of 10000ms exceeded
2015-08-10 17:53:16,001 - INFO  [ProcessThread(sid:3 cport:-1)::PrepRequestProcessor@476] - Processed session termination for sessionid: 0x14f05578bd80007
2015-08-10 17:53:16,002 - INFO  [ProcessThread(sid:3 cport:-1)::PrepRequestProcessor@476] - Processed session termination for sessionid: 0x34f0557885e0006
2015-08-10 17:53:16,002 - INFO  [ProcessThread(sid:3 cport:-1)::PrepRequestProcessor@476] - Processed session termination for sessionid: 0x24f0557806a0008
2015-08-10 17:53:16,002 - INFO  [ProcessThread(sid:3 cport:-1)::PrepRequestProcessor@476] - Processed session termination for sessionid: 0x24f0557806a0009
2015-08-10 17:53:16,003 - INFO  [ProcessThread(sid:3 cport:-1)::PrepRequestProcessor@476] - Processed session termination for sessionid: 0x14f05578bd80006
2015-08-10 17:53:16,003 - INFO  [ProcessThread(sid:3 cport:-1)::PrepRequestProcessor@476] - Processed session termination for sessionid: 0x34f0557885e0005
2015-08-10 17:53:18,000 - INFO  [SessionTracker:ZooKeeperServer@325] - Expiring session 0x24f0557806a0004, timeout of 10000ms exceeded
2015-08-10 17:53:18,001 - INFO  [SessionTracker:ZooKeeperServer@325] - Expiring session 0x24f0557806a0005, timeout of 10000ms exceeded
2015-08-10 17:53:18,001 - INFO  [SessionTracker:ZooKeeperServer@325] - Expiring session 0x34f0557885e0007, timeout of 10000ms exceeded
2015-08-10 17:53:18,001 - INFO  [SessionTracker:ZooKeeperServer@325] - Expiring session 0x24f0557806a0007, timeout of 10000ms exceeded
2015-08-10 17:53:18,001 - INFO  [SessionTracker:ZooKeeperServer@325] - Expiring session 0x24f0557806a0006, timeout of 10000ms exceeded
2015-08-10 17:53:18,001 - INFO  [ProcessThread(sid:3 cport:-1)::PrepRequestProcessor@476] - Processed session termination for sessionid: 0x24f0557806a0004
2015-08-10 17:53:18,002 - INFO  [ProcessThread(sid:3 cport:-1)::PrepRequestProcessor@476] - Processed session termination for sessionid: 0x24f0557806a0005
2015-08-10 17:53:18,002 - INFO  [ProcessThread(sid:3 cport:-1)::PrepRequestProcessor@476] - Processed session termination for sessionid: 0x34f0557885e0007
2015-08-10 17:53:18,002 - INFO  [ProcessThread(sid:3 cport:-1)::PrepRequestProcessor@476] - Processed session termination for sessionid: 0x24f0557806a0007
2015-08-10 17:53:18,003 - INFO  [ProcessThread(sid:3 cport:-1)::PrepRequestProcessor@476] - Processed session termination for sessionid: 0x24f0557806a0006
2015-08-10 17:53:19,628 - INFO  [NIOServerCxn.Factory:0.0.0.0/0.0.0.0:2181:NIOServerCnxnFactory@197] - Accepted socket connection from /10.10.34.11:33749
2015-08-10 17:53:19,629 - WARN  [NIOServerCxn.Factory:0.0.0.0/0.0.0.0:2181:ZooKeeperServer@793] - Connection request from old client /10.10.34.11:33749; will be dropped if server is in r-o mode
2015-08-10 17:53:19,629 - INFO  [NIOServerCxn.Factory:0.0.0.0/0.0.0.0:2181:ZooKeeperServer@839] - Client attempting to establish new session at /10.10.34.11:33749
2015-08-10 17:53:19,632 - INFO  [CommitProcessor:3:ZooKeeperServer@595] - Established session 0x34f0557885e0009 with negotiated timeout 10000 for client /10.10.34.11:33749
2015-08-10 17:53:19,725 - INFO  [NIOServerCxn.Factory:0.0.0.0/0.0.0.0:2181:NIOServerCnxnFactory@197] - Accepted socket connection from /10.10.34.12:33349
2015-08-10 17:53:19,726 - WARN  [NIOServerCxn.Factory:0.0.0.0/0.0.0.0:2181:ZooKeeperServer@793] - Connection request from old client /10.10.34.12:33349; will be dropped if server is in r-o mode
2015-08-10 17:53:19,726 - INFO  [NIOServerCxn.Factory:0.0.0.0/0.0.0.0:2181:ZooKeeperServer@839] - Client attempting to establish new session at /10.10.34.12:33349
2015-08-10 17:53:19,727 - INFO  [NIOServerCxn.Factory:0.0.0.0/0.0.0.0:2181:NIOServerCnxnFactory@197] - Accepted socket connection from /10.10.34.12:33351
2015-08-10 17:53:19,727 - WARN  [NIOServerCxn.Factory:0.0.0.0/0.0.0.0:2181:ZooKeeperServer@793] - Connection request from old client /10.10.34.12:33351; will be dropped if server is in r-o mode
2015-08-10 17:53:19,727 - INFO  [NIOServerCxn.Factory:0.0.0.0/0.0.0.0:2181:ZooKeeperServer@839] - Client attempting to establish new session at /10.10.34.12:33351
2015-08-10 17:53:19,729 - INFO  [CommitProcessor:3:ZooKeeperServer@595] - Established session 0x34f0557885e000a with negotiated timeout 10000 for client /10.10.34.12:33349
2015-08-10 17:53:19,730 - INFO  [CommitProcessor:3:ZooKeeperServer@595] - Established session 0x34f0557885e000b with negotiated timeout 10000 for client /10.10.34.12:33351
2015-08-10 17:53:19,834 - INFO  [NIOServerCxn.Factory:0.0.0.0/0.0.0.0:2181:NIOServerCnxnFactory@197] - Accepted socket connection from /10.10.34.13:58185
2015-08-10 17:53:19,835 - WARN  [NIOServerCxn.Factory:0.0.0.0/0.0.0.0:2181:ZooKeeperServer@793] - Connection request from old client /10.10.34.13:58185; will be dropped if server is in r-o mode
2015-08-10 17:53:19,835 - INFO  [NIOServerCxn.Factory:0.0.0.0/0.0.0.0:2181:ZooKeeperServer@839] - Client attempting to establish new session at /10.10.34.13:58185
2015-08-10 17:53:19,835 - INFO  [NIOServerCxn.Factory:0.0.0.0/0.0.0.0:2181:NIOServerCnxnFactory@197] - Accepted socket connection from /10.10.34.13:58186
2015-08-10 17:53:19,836 - WARN  [NIOServerCxn.Factory:0.0.0.0/0.0.0.0:2181:ZooKeeperServer@793] - Connection request from old client /10.10.34.13:58186; will be dropped if server is in r-o mode
2015-08-10 17:53:19,836 - INFO  [NIOServerCxn.Factory:0.0.0.0/0.0.0.0:2181:ZooKeeperServer@839] - Client attempting to establish new session at /10.10.34.13:58186
2015-08-10 17:53:19,837 - INFO  [CommitProcessor:3:ZooKeeperServer@595] - Established session 0x34f0557885e000c with negotiated timeout 10000 for client /10.10.34.13:58185
2015-08-10 17:53:19,838 - INFO  [CommitProcessor:3:ZooKeeperServer@595] - Established session 0x34f0557885e000d with negotiated timeout 10000 for client /10.10.34.13:58186
2015-08-10 17:53:21,548 - INFO  [NIOServerCxn.Factory:0.0.0.0/0.0.0.0:2181:NIOServerCnxnFactory@197] - Accepted socket connection from /10.10.34.12:33356
2015-08-10 17:53:21,549 - WARN  [NIOServerCxn.Factory:0.0.0.0/0.0.0.0:2181:ZooKeeperServer@793] - Connection request from old client /10.10.34.12:33356; will be dropped if server is in r-o mode
2015-08-10 17:53:21,549 - INFO  [NIOServerCxn.Factory:0.0.0.0/0.0.0.0:2181:ZooKeeperServer@839] - Client attempting to establish new session at /10.10.34.12:33356
2015-08-10 17:53:21,551 - INFO  [CommitProcessor:3:ZooKeeperServer@595] - Established session 0x34f0557885e000e with negotiated timeout 10000 for client /10.10.34.12:33356
2015-08-10 17:53:22,900 - INFO  [NIOServerCxn.Factory:0.0.0.0/0.0.0.0:2181:NIOServerCnxnFactory@197] - Accepted socket connection from /10.10.34.24:54132
2015-08-10 17:53:22,900 - WARN  [NIOServerCxn.Factory:0.0.0.0/0.0.0.0:2181:ZooKeeperServer@793] - Connection request from old client /10.10.34.24:54132; will be dropped if server is in r-o mode
2015-08-10 17:53:22,901 - INFO  [NIOServerCxn.Factory:0.0.0.0/0.0.0.0:2181:ZooKeeperServer@839] - Client attempting to establish new session at /10.10.34.24:54132
2015-08-10 17:53:22,903 - INFO  [CommitProcessor:3:ZooKeeperServer@595] - Established session 0x34f0557885e000f with negotiated timeout 10000 for client /10.10.34.24:54132
2015-08-10 17:53:23,107 - INFO  [NIOServerCxn.Factory:0.0.0.0/0.0.0.0:2181:NIOServerCnxnFactory@197] - Accepted socket connection from /10.10.34.26:53307
2015-08-10 17:53:23,107 - WARN  [NIOServerCxn.Factory:0.0.0.0/0.0.0.0:2181:ZooKeeperServer@793] - Connection request from old client /10.10.34.26:53307; will be dropped if server is in r-o mode
2015-08-10 17:53:23,107 - INFO  [NIOServerCxn.Factory:0.0.0.0/0.0.0.0:2181:ZooKeeperServer@839] - Client attempting to establish new session at /10.10.34.26:53307
2015-08-10 17:53:23,110 - INFO  [CommitProcessor:3:ZooKeeperServer@595] - Established session 0x34f0557885e0010 with negotiated timeout 10000 for client /10.10.34.26:53307
2015-08-10 17:53:24,000 - INFO  [SessionTracker:ZooKeeperServer@325] - Expiring session 0x14f05578bd80000, timeout of 10000ms exceeded
2015-08-10 17:53:24,000 - INFO  [SessionTracker:ZooKeeperServer@325] - Expiring session 0x34f0557885e0002, timeout of 10000ms exceeded
2015-08-10 17:53:24,000 - INFO  [SessionTracker:ZooKeeperServer@325] - Expiring session 0x14f05578bd80002, timeout of 10000ms exceeded
2015-08-10 17:53:24,001 - INFO  [SessionTracker:ZooKeeperServer@325] - Expiring session 0x24f0557806a0002, timeout of 10000ms exceeded
2015-08-10 17:53:24,001 - INFO  [SessionTracker:ZooKeeperServer@325] - Expiring session 0x14f05578bd80005, timeout of 10000ms exceeded
2015-08-10 17:53:24,001 - INFO  [SessionTracker:ZooKeeperServer@325] - Expiring session 0x14f05578bd80001, timeout of 10000ms exceeded
2015-08-10 17:53:24,001 - INFO  [SessionTracker:ZooKeeperServer@325] - Expiring session 0x14f05578bd80004, timeout of 10000ms exceeded
2015-08-10 17:53:24,001 - INFO  [SessionTracker:ZooKeeperServer@325] - Expiring session 0x34f0557885e0001, timeout of 10000ms exceeded
2015-08-10 17:53:24,001 - INFO  [SessionTracker:ZooKeeperServer@325] - Expiring session 0x14f05578bd80003, timeout of 10000ms exceeded
2015-08-10 17:53:24,002 - INFO  [SessionTracker:ZooKeeperServer@325] - Expiring session 0x34f0557885e0000, timeout of 10000ms exceeded
2015-08-10 17:53:24,002 - INFO  [SessionTracker:ZooKeeperServer@325] - Expiring session 0x24f0557806a0000, timeout of 10000ms exceeded
2015-08-10 17:53:24,002 - INFO  [SessionTracker:ZooKeeperServer@325] - Expiring session 0x24f0557806a0001, timeout of 10000ms exceeded
2015-08-10 17:53:24,002 - INFO  [ProcessThread(sid:3 cport:-1)::PrepRequestProcessor@476] - Processed session termination for sessionid: 0x14f05578bd80000
2015-08-10 17:53:24,003 - INFO  [ProcessThread(sid:3 cport:-1)::PrepRequestProcessor@476] - Processed session termination for sessionid: 0x34f0557885e0002
2015-08-10 17:53:24,003 - INFO  [ProcessThread(sid:3 cport:-1)::PrepRequestProcessor@476] - Processed session termination for sessionid: 0x14f05578bd80002
2015-08-10 17:53:24,003 - INFO  [ProcessThread(sid:3 cport:-1)::PrepRequestProcessor@476] - Processed session termination for sessionid: 0x24f0557806a0002
2015-08-10 17:53:24,005 - INFO  [ProcessThread(sid:3 cport:-1)::PrepRequestProcessor@476] - Processed session termination for sessionid: 0x14f05578bd80005
2015-08-10 17:53:24,006 - INFO  [ProcessThread(sid:3 cport:-1)::PrepRequestProcessor@476] - Processed session termination for sessionid: 0x14f05578bd80001
2015-08-10 17:53:24,006 - INFO  [ProcessThread(sid:3 cport:-1)::PrepRequestProcessor@476] - Processed session termination for sessionid: 0x14f05578bd80004
2015-08-10 17:53:24,006 - INFO  [ProcessThread(sid:3 cport:-1)::PrepRequestProcessor@476] - Processed session termination for sessionid: 0x34f0557885e0001
2015-08-10 17:53:24,007 - INFO  [ProcessThread(sid:3 cport:-1)::PrepRequestProcessor@476] - Processed session termination for sessionid: 0x14f05578bd80003
2015-08-10 17:53:24,007 - INFO  [ProcessThread(sid:3 cport:-1)::PrepRequestProcessor@476] - Processed session termination for sessionid: 0x34f0557885e0000
2015-08-10 17:53:24,008 - INFO  [ProcessThread(sid:3 cport:-1)::PrepRequestProcessor@476] - Processed session termination for sessionid: 0x24f0557806a0000
2015-08-10 17:53:24,008 - INFO  [ProcessThread(sid:3 cport:-1)::PrepRequestProcessor@476] - Processed session termination for sessionid: 0x24f0557806a0001
2015-08-10 17:53:30,978 - INFO  [NIOServerCxn.Factory:0.0.0.0/0.0.0.0:2181:NIOServerCnxnFactory@197] - Accepted socket connection from /10.10.34.14:49815
2015-08-10 17:53:30,979 - WARN  [NIOServerCxn.Factory:0.0.0.0/0.0.0.0:2181:ZooKeeperServer@793] - Connection request from old client /10.10.34.14:49815; will be dropped if server is in r-o mode
2015-08-10 17:53:30,979 - INFO  [NIOServerCxn.Factory:0.0.0.0/0.0.0.0:2181:ZooKeeperServer@839] - Client attempting to establish new session at /10.10.34.14:49815
2015-08-10 17:53:30,981 - INFO  [CommitProcessor:3:ZooKeeperServer@595] - Established session 0x34f0557885e0011 with negotiated timeout 10000 for client /10.10.34.14:49815
2015-08-10 17:53:36,000 - INFO  [SessionTracker:ZooKeeperServer@325] - Expiring session 0x14f05578bd80009, timeout of 10000ms exceeded
2015-08-10 17:53:36,000 - INFO  [ProcessThread(sid:3 cport:-1)::PrepRequestProcessor@476] - Processed session termination for sessionid: 0x14f05578bd80009
2015-08-10 18:04:10,259 - INFO  [NIOServerCxn.Factory:0.0.0.0/0.0.0.0:2181:NIOServerCnxnFactory@197] - Accepted socket connection from /10.10.34.11:33968
2015-08-10 18:04:10,260 - WARN  [NIOServerCxn.Factory:0.0.0.0/0.0.0.0:2181:ZooKeeperServer@793] - Connection request from old client /10.10.34.11:33968; will be dropped if server is in r-o mode
2015-08-10 18:04:10,260 - INFO  [NIOServerCxn.Factory:0.0.0.0/0.0.0.0:2181:ZooKeeperServer@839] - Client attempting to establish new session at /10.10.34.11:33968
2015-08-10 18:04:10,262 - INFO  [CommitProcessor:3:ZooKeeperServer@595] - Established session 0x34f0557885e0012 with negotiated timeout 20000 for client /10.10.34.11:33968
2015-08-10 18:04:10,330 - INFO  [NIOServerCxn.Factory:0.0.0.0/0.0.0.0:2181:NIOServerCnxnFactory@197] - Accepted socket connection from /10.10.34.11:33969
2015-08-10 18:04:10,330 - WARN  [NIOServerCxn.Factory:0.0.0.0/0.0.0.0:2181:ZooKeeperServer@793] - Connection request from old client /10.10.34.11:33969; will be dropped if server is in r-o mode
2015-08-10 18:04:10,330 - INFO  [NIOServerCxn.Factory:0.0.0.0/0.0.0.0:2181:ZooKeeperServer@839] - Client attempting to establish new session at /10.10.34.11:33969
2015-08-10 18:04:10,332 - INFO  [CommitProcessor:3:ZooKeeperServer@595] - Established session 0x34f0557885e0013 with negotiated timeout 20000 for client /10.10.34.11:33969
2015-08-10 18:04:36,596 - WARN  [NIOServerCxn.Factory:0.0.0.0/0.0.0.0:2181:NIOServerCnxn@349] - caught end of stream exception
2015-08-10 18:04:36,597 - INFO  [NIOServerCxn.Factory:0.0.0.0/0.0.0.0:2181:NIOServerCnxn@1001] - Closed socket connection for client /10.10.34.11:33969 which had sessionid 0x34f0557885e0013
2015-08-10 18:04:36,597 - WARN  [NIOServerCxn.Factory:0.0.0.0/0.0.0.0:2181:NIOServerCnxn@349] - caught end of stream exception
2015-08-10 18:04:36,598 - INFO  [NIOServerCxn.Factory:0.0.0.0/0.0.0.0:2181:NIOServerCnxn@1001] - Closed socket connection for client /10.10.34.11:33968 which had sessionid 0x34f0557885e0012
2015-08-10 18:04:46,000 - INFO  [SessionTracker:ZooKeeperServer@325] - Expiring session 0x24f0557806a0013, timeout of 10000ms exceeded
2015-08-10 18:04:46,001 - INFO  [ProcessThread(sid:3 cport:-1)::PrepRequestProcessor@476] - Processed session termination for sessionid: 0x24f0557806a0013
2015-08-10 18:04:52,000 - INFO  [SessionTracker:ZooKeeperServer@325] - Expiring session 0x34f0557885e0012, timeout of 20000ms exceeded
2015-08-10 18:04:52,000 - INFO  [SessionTracker:ZooKeeperServer@325] - Expiring session 0x34f0557885e0013, timeout of 20000ms exceeded
2015-08-10 18:04:52,000 - INFO  [ProcessThread(sid:3 cport:-1)::PrepRequestProcessor@476] - Processed session termination for sessionid: 0x34f0557885e0012
2015-08-10 18:04:52,001 - INFO  [ProcessThread(sid:3 cport:-1)::PrepRequestProcessor@476] - Processed session termination for sessionid: 0x34f0557885e0013
2015-08-10 18:07:52,000 - INFO  [SessionTracker:ZooKeeperServer@325] - Expiring session 0x24f0557806a0016, timeout of 10000ms exceeded
2015-08-10 18:07:52,001 - INFO  [ProcessThread(sid:3 cport:-1)::PrepRequestProcessor@476] - Processed session termination for sessionid: 0x24f0557806a0016
2015-08-10 18:07:58,000 - INFO  [SessionTracker:ZooKeeperServer@325] - Expiring session 0x24f0557806a0015, timeout of 20000ms exceeded
2015-08-10 18:07:58,000 - INFO  [ProcessThread(sid:3 cport:-1)::PrepRequestProcessor@476] - Processed session termination for sessionid: 0x24f0557806a0015
2015-08-10 18:08:02,000 - INFO  [SessionTracker:ZooKeeperServer@325] - Expiring session 0x24f0557806a0014, timeout of 20000ms exceeded
2015-08-10 18:08:02,001 - INFO  [ProcessThread(sid:3 cport:-1)::PrepRequestProcessor@476] - Processed session termination for sessionid: 0x24f0557806a0014
2015-08-10 18:10:39,348 - INFO  [NIOServerCxn.Factory:0.0.0.0/0.0.0.0:2181:NIOServerCnxnFactory@197] - Accepted socket connection from /10.10.34.11:34156
2015-08-10 18:10:39,349 - WARN  [NIOServerCxn.Factory:0.0.0.0/0.0.0.0:2181:ZooKeeperServer@793] - Connection request from old client /10.10.34.11:34156; will be dropped if server is in r-o mode
2015-08-10 18:10:39,349 - INFO  [NIOServerCxn.Factory:0.0.0.0/0.0.0.0:2181:ZooKeeperServer@839] - Client attempting to establish new session at /10.10.34.11:34156
2015-08-10 18:10:39,351 - INFO  [CommitProcessor:3:ZooKeeperServer@595] - Established session 0x34f0557885e0014 with negotiated timeout 10000 for client /10.10.34.11:34156
2015-08-10 18:12:12,413 - WARN  [NIOServerCxn.Factory:0.0.0.0/0.0.0.0:2181:NIOServerCnxn@349] - caught end of stream exception
2015-08-10 18:12:12,414 - INFO  [NIOServerCxn.Factory:0.0.0.0/0.0.0.0:2181:NIOServerCnxn@1001] - Closed socket connection for client /10.10.34.11:34156 which had sessionid 0x34f0557885e0014
2015-08-10 18:12:20,000 - INFO  [SessionTracker:ZooKeeperServer@325] - Expiring session 0x34f0557885e0014, timeout of 10000ms exceeded
2015-08-10 18:12:20,001 - INFO  [ProcessThread(sid:3 cport:-1)::PrepRequestProcessor@476] - Processed session termination for sessionid: 0x34f0557885e0014
2015-08-10 18:12:22,218 - WARN  [NIOServerCxn.Factory:0.0.0.0/0.0.0.0:2181:NIOServerCnxn@349] - caught end of stream exception
2015-08-10 18:12:22,220 - INFO  [NIOServerCxn.Factory:0.0.0.0/0.0.0.0:2181:NIOServerCnxn@1001] - Closed socket connection for client /10.10.34.12:33356 which had sessionid 0x34f0557885e000e
2015-08-10 18:12:23,564 - WARN  [NIOServerCxn.Factory:0.0.0.0/0.0.0.0:2181:NIOServerCnxn@349] - caught end of stream exception
2015-08-10 18:12:23,565 - INFO  [NIOServerCxn.Factory:0.0.0.0/0.0.0.0:2181:NIOServerCnxn@1001] - Closed socket connection for client /10.10.34.24:54132 which had sessionid 0x34f0557885e000f
2015-08-10 18:12:23,760 - WARN  [NIOServerCxn.Factory:0.0.0.0/0.0.0.0:2181:NIOServerCnxn@349] - caught end of stream exception
2015-08-10 18:12:23,761 - INFO  [NIOServerCxn.Factory:0.0.0.0/0.0.0.0:2181:NIOServerCnxn@1001] - Closed socket connection for client /10.10.34.26:53307 which had sessionid 0x34f0557885e0010
2015-08-10 18:12:28,000 - INFO  [SessionTracker:ZooKeeperServer@325] - Expiring session 0x24f0557806a0017, timeout of 20000ms exceeded
2015-08-10 18:12:28,000 - INFO  [ProcessThread(sid:3 cport:-1)::PrepRequestProcessor@476] - Processed session termination for sessionid: 0x24f0557806a0017
2015-08-10 18:12:29,600 - WARN  [NIOServerCxn.Factory:0.0.0.0/0.0.0.0:2181:NIOServerCnxn@349] - caught end of stream exception
2015-08-10 18:12:29,601 - INFO  [NIOServerCxn.Factory:0.0.0.0/0.0.0.0:2181:NIOServerCnxn@1001] - Closed socket connection for client /10.10.34.14:49815 which had sessionid 0x34f0557885e0011
2015-08-10 18:12:31,167 - WARN  [NIOServerCxn.Factory:0.0.0.0/0.0.0.0:2181:NIOServerCnxn@349] - caught end of stream exception
2015-08-10 18:12:31,169 - INFO  [NIOServerCxn.Factory:0.0.0.0/0.0.0.0:2181:NIOServerCnxn@1001] - Closed socket connection for client /10.10.34.11:33749 which had sessionid 0x34f0557885e0009
2015-08-10 18:12:31,268 - WARN  [NIOServerCxn.Factory:0.0.0.0/0.0.0.0:2181:NIOServerCnxn@349] - caught end of stream exception
2015-08-10 18:12:31,269 - INFO  [NIOServerCxn.Factory:0.0.0.0/0.0.0.0:2181:NIOServerCnxn@1001] - Closed socket connection for client /10.10.34.12:33351 which had sessionid 0x34f0557885e000b
2015-08-10 18:12:31,269 - WARN  [NIOServerCxn.Factory:0.0.0.0/0.0.0.0:2181:NIOServerCnxn@349] - caught end of stream exception
2015-08-10 18:12:31,270 - INFO  [NIOServerCxn.Factory:0.0.0.0/0.0.0.0:2181:NIOServerCnxn@1001] - Closed socket connection for client /10.10.34.12:33349 which had sessionid 0x34f0557885e000a
2015-08-10 18:12:31,372 - WARN  [NIOServerCxn.Factory:0.0.0.0/0.0.0.0:2181:NIOServerCnxn@349] - caught end of stream exception
2015-08-10 18:12:31,373 - INFO  [NIOServerCxn.Factory:0.0.0.0/0.0.0.0:2181:NIOServerCnxn@1001] - Closed socket connection for client /10.10.34.13:58185 which had sessionid 0x34f0557885e000c
2015-08-10 18:12:31,373 - WARN  [NIOServerCxn.Factory:0.0.0.0/0.0.0.0:2181:NIOServerCnxn@349] - caught end of stream exception
2015-08-10 18:12:31,374 - INFO  [NIOServerCxn.Factory:0.0.0.0/0.0.0.0:2181:NIOServerCnxn@1001] - Closed socket connection for client /10.10.34.13:58186 which had sessionid 0x34f0557885e000d
2015-08-10 18:12:32,001 - INFO  [SessionTracker:ZooKeeperServer@325] - Expiring session 0x14f05578bd80012, timeout of 20000ms exceeded
2015-08-10 18:12:32,001 - INFO  [SessionTracker:ZooKeeperServer@325] - Expiring session 0x34f0557885e000f, timeout of 10000ms exceeded
2015-08-10 18:12:32,001 - INFO  [SessionTracker:ZooKeeperServer@325] - Expiring session 0x34f0557885e000e, timeout of 10000ms exceeded
2015-08-10 18:12:32,001 - INFO  [SessionTracker:ZooKeeperServer@325] - Expiring session 0x34f0557885e0010, timeout of 10000ms exceeded
2015-08-10 18:12:32,001 - INFO  [ProcessThread(sid:3 cport:-1)::PrepRequestProcessor@476] - Processed session termination for sessionid: 0x14f05578bd80012
2015-08-10 18:12:32,002 - INFO  [ProcessThread(sid:3 cport:-1)::PrepRequestProcessor@476] - Processed session termination for sessionid: 0x34f0557885e000f
2015-08-10 18:12:32,002 - INFO  [ProcessThread(sid:3 cport:-1)::PrepRequestProcessor@476] - Processed session termination for sessionid: 0x34f0557885e000e
2015-08-10 18:12:32,002 - INFO  [ProcessThread(sid:3 cport:-1)::PrepRequestProcessor@476] - Processed session termination for sessionid: 0x34f0557885e0010
2015-08-10 18:12:34,000 - INFO  [SessionTracker:ZooKeeperServer@325] - Expiring session 0x14f05578bd8000d, timeout of 10000ms exceeded
2015-08-10 18:12:34,001 - INFO  [SessionTracker:ZooKeeperServer@325] - Expiring session 0x14f05578bd8000e, timeout of 10000ms exceeded
2015-08-10 18:12:34,001 - INFO  [SessionTracker:ZooKeeperServer@325] - Expiring session 0x14f05578bd80010, timeout of 10000ms exceeded
2015-08-10 18:12:34,001 - INFO  [SessionTracker:ZooKeeperServer@325] - Expiring session 0x24f0557806a0012, timeout of 10000ms exceeded
2015-08-10 18:12:34,001 - INFO  [SessionTracker:ZooKeeperServer@325] - Expiring session 0x24f0557806a0011, timeout of 10000ms exceeded
2015-08-10 18:12:34,001 - INFO  [SessionTracker:ZooKeeperServer@325] - Expiring session 0x14f05578bd8000f, timeout of 10000ms exceeded
2015-08-10 18:12:34,002 - INFO  [SessionTracker:ZooKeeperServer@325] - Expiring session 0x14f05578bd8000c, timeout of 10000ms exceeded
2015-08-10 18:12:34,002 - INFO  [SessionTracker:ZooKeeperServer@325] - Expiring session 0x24f0557806a0010, timeout of 10000ms exceeded
2015-08-10 18:12:34,002 - INFO  [SessionTracker:ZooKeeperServer@325] - Expiring session 0x14f05578bd80011, timeout of 10000ms exceeded
2015-08-10 18:12:34,002 - INFO  [SessionTracker:ZooKeeperServer@325] - Expiring session 0x14f05578bd8000b, timeout of 10000ms exceeded
2015-08-10 18:12:34,002 - INFO  [SessionTracker:ZooKeeperServer@325] - Expiring session 0x14f05578bd8000a, timeout of 10000ms exceeded
2015-08-10 18:12:34,002 - INFO  [ProcessThread(sid:3 cport:-1)::PrepRequestProcessor@476] - Processed session termination for sessionid: 0x14f05578bd8000d
2015-08-10 18:12:34,003 - INFO  [ProcessThread(sid:3 cport:-1)::PrepRequestProcessor@476] - Processed session termination for sessionid: 0x14f05578bd8000e
2015-08-10 18:12:34,003 - INFO  [ProcessThread(sid:3 cport:-1)::PrepRequestProcessor@476] - Processed session termination for sessionid: 0x14f05578bd80010
2015-08-10 18:12:34,003 - INFO  [ProcessThread(sid:3 cport:-1)::PrepRequestProcessor@476] - Processed session termination for sessionid: 0x24f0557806a0012
2015-08-10 18:12:34,003 - INFO  [ProcessThread(sid:3 cport:-1)::PrepRequestProcessor@476] - Processed session termination for sessionid: 0x24f0557806a0011
2015-08-10 18:12:34,004 - INFO  [ProcessThread(sid:3 cport:-1)::PrepRequestProcessor@476] - Processed session termination for sessionid: 0x14f05578bd8000f
2015-08-10 18:12:34,004 - INFO  [ProcessThread(sid:3 cport:-1)::PrepRequestProcessor@476] - Processed session termination for sessionid: 0x14f05578bd8000c
2015-08-10 18:12:34,004 - INFO  [ProcessThread(sid:3 cport:-1)::PrepRequestProcessor@476] - Processed session termination for sessionid: 0x24f0557806a0010
2015-08-10 18:12:34,004 - INFO  [ProcessThread(sid:3 cport:-1)::PrepRequestProcessor@476] - Processed session termination for sessionid: 0x14f05578bd80011
2015-08-10 18:12:34,005 - INFO  [ProcessThread(sid:3 cport:-1)::PrepRequestProcessor@476] - Processed session termination for sessionid: 0x14f05578bd8000b
2015-08-10 18:12:34,005 - INFO  [ProcessThread(sid:3 cport:-1)::PrepRequestProcessor@476] - Processed session termination for sessionid: 0x14f05578bd8000a
2015-08-10 18:12:40,001 - INFO  [SessionTracker:ZooKeeperServer@325] - Expiring session 0x24f0557806a000a, timeout of 10000ms exceeded
2015-08-10 18:12:40,001 - INFO  [SessionTracker:ZooKeeperServer@325] - Expiring session 0x24f0557806a000b, timeout of 10000ms exceeded
2015-08-10 18:12:40,001 - INFO  [SessionTracker:ZooKeeperServer@325] - Expiring session 0x34f0557885e000a, timeout of 10000ms exceeded
2015-08-10 18:12:40,001 - INFO  [SessionTracker:ZooKeeperServer@325] - Expiring session 0x34f0557885e0009, timeout of 10000ms exceeded
2015-08-10 18:12:40,001 - INFO  [SessionTracker:ZooKeeperServer@325] - Expiring session 0x14f05578bd80008, timeout of 10000ms exceeded
2015-08-10 18:12:40,002 - INFO  [SessionTracker:ZooKeeperServer@325] - Expiring session 0x34f0557885e000b, timeout of 10000ms exceeded
2015-08-10 18:12:40,002 - INFO  [SessionTracker:ZooKeeperServer@325] - Expiring session 0x24f0557806a000d, timeout of 10000ms exceeded
2015-08-10 18:12:40,002 - INFO  [SessionTracker:ZooKeeperServer@325] - Expiring session 0x34f0557885e000c, timeout of 10000ms exceeded
2015-08-10 18:12:40,002 - INFO  [SessionTracker:ZooKeeperServer@325] - Expiring session 0x24f0557806a000f, timeout of 10000ms exceeded
2015-08-10 18:12:40,002 - INFO  [SessionTracker:ZooKeeperServer@325] - Expiring session 0x24f0557806a000c, timeout of 10000ms exceeded
2015-08-10 18:12:40,002 - INFO  [SessionTracker:ZooKeeperServer@325] - Expiring session 0x34f0557885e0011, timeout of 10000ms exceeded
2015-08-10 18:12:40,002 - INFO  [SessionTracker:ZooKeeperServer@325] - Expiring session 0x34f0557885e000d, timeout of 10000ms exceeded
2015-08-10 18:12:40,003 - INFO  [SessionTracker:ZooKeeperServer@325] - Expiring session 0x24f0557806a000e, timeout of 10000ms exceeded
2015-08-10 18:12:40,003 - INFO  [ProcessThread(sid:3 cport:-1)::PrepRequestProcessor@476] - Processed session termination for sessionid: 0x24f0557806a000a
2015-08-10 18:12:40,004 - INFO  [ProcessThread(sid:3 cport:-1)::PrepRequestProcessor@476] - Processed session termination for sessionid: 0x24f0557806a000b
2015-08-10 18:12:40,004 - INFO  [ProcessThread(sid:3 cport:-1)::PrepRequestProcessor@476] - Processed session termination for sessionid: 0x34f0557885e000a
2015-08-10 18:12:40,004 - INFO  [ProcessThread(sid:3 cport:-1)::PrepRequestProcessor@476] - Processed session termination for sessionid: 0x34f0557885e0009
2015-08-10 18:12:40,005 - INFO  [ProcessThread(sid:3 cport:-1)::PrepRequestProcessor@476] - Processed session termination for sessionid: 0x14f05578bd80008
2015-08-10 18:12:40,005 - INFO  [ProcessThread(sid:3 cport:-1)::PrepRequestProcessor@476] - Processed session termination for sessionid: 0x34f0557885e000b
2015-08-10 18:12:40,006 - INFO  [ProcessThread(sid:3 cport:-1)::PrepRequestProcessor@476] - Processed session termination for sessionid: 0x24f0557806a000d
2015-08-10 18:12:40,006 - INFO  [ProcessThread(sid:3 cport:-1)::PrepRequestProcessor@476] - Processed session termination for sessionid: 0x34f0557885e000c
2015-08-10 18:12:40,007 - INFO  [ProcessThread(sid:3 cport:-1)::PrepRequestProcessor@476] - Processed session termination for sessionid: 0x24f0557806a000f
2015-08-10 18:12:40,007 - INFO  [ProcessThread(sid:3 cport:-1)::PrepRequestProcessor@476] - Processed session termination for sessionid: 0x24f0557806a000c
2015-08-10 18:12:40,007 - INFO  [ProcessThread(sid:3 cport:-1)::PrepRequestProcessor@476] - Processed session termination for sessionid: 0x34f0557885e0011
2015-08-10 18:12:40,008 - INFO  [ProcessThread(sid:3 cport:-1)::PrepRequestProcessor@476] - Processed session termination for sessionid: 0x34f0557885e000d
2015-08-10 18:12:40,008 - INFO  [ProcessThread(sid:3 cport:-1)::PrepRequestProcessor@476] - Processed session termination for sessionid: 0x24f0557806a000e
2015-08-10 18:12:42,690 - INFO  [NIOServerCxn.Factory:0.0.0.0/0.0.0.0:2181:NIOServerCnxnFactory@197] - Accepted socket connection from /10.10.34.11:34237
2015-08-10 18:12:42,691 - WARN  [NIOServerCxn.Factory:0.0.0.0/0.0.0.0:2181:ZooKeeperServer@793] - Connection request from old client /10.10.34.11:34237; will be dropped if server is in r-o mode
2015-08-10 18:12:42,691 - INFO  [NIOServerCxn.Factory:0.0.0.0/0.0.0.0:2181:ZooKeeperServer@839] - Client attempting to establish new session at /10.10.34.11:34237
2015-08-10 18:12:42,693 - INFO  [CommitProcessor:3:ZooKeeperServer@595] - Established session 0x34f0557885e0015 with negotiated timeout 10000 for client /10.10.34.11:34237
2015-08-10 18:12:42,786 - INFO  [NIOServerCxn.Factory:0.0.0.0/0.0.0.0:2181:NIOServerCnxnFactory@197] - Accepted socket connection from /10.10.34.12:33358
2015-08-10 18:12:42,786 - WARN  [NIOServerCxn.Factory:0.0.0.0/0.0.0.0:2181:ZooKeeperServer@793] - Connection request from old client /10.10.34.12:33358; will be dropped if server is in r-o mode
2015-08-10 18:12:42,787 - INFO  [NIOServerCxn.Factory:0.0.0.0/0.0.0.0:2181:ZooKeeperServer@839] - Client attempting to establish new session at /10.10.34.12:33358
2015-08-10 18:12:42,789 - INFO  [CommitProcessor:3:ZooKeeperServer@595] - Established session 0x34f0557885e0016 with negotiated timeout 10000 for client /10.10.34.12:33358
2015-08-10 18:12:45,925 - INFO  [NIOServerCxn.Factory:0.0.0.0/0.0.0.0:2181:NIOServerCnxnFactory@197] - Accepted socket connection from /10.10.34.24:54134
2015-08-10 18:12:45,926 - WARN  [NIOServerCxn.Factory:0.0.0.0/0.0.0.0:2181:ZooKeeperServer@793] - Connection request from old client /10.10.34.24:54134; will be dropped if server is in r-o mode
2015-08-10 18:12:45,926 - INFO  [NIOServerCxn.Factory:0.0.0.0/0.0.0.0:2181:ZooKeeperServer@839] - Client attempting to establish new session at /10.10.34.24:54134
2015-08-10 18:12:45,928 - INFO  [CommitProcessor:3:ZooKeeperServer@595] - Established session 0x34f0557885e0017 with negotiated timeout 10000 for client /10.10.34.24:54134
2015-08-10 18:12:46,123 - INFO  [NIOServerCxn.Factory:0.0.0.0/0.0.0.0:2181:NIOServerCnxnFactory@197] - Accepted socket connection from /10.10.34.26:53309
2015-08-10 18:12:46,124 - WARN  [NIOServerCxn.Factory:0.0.0.0/0.0.0.0:2181:ZooKeeperServer@793] - Connection request from old client /10.10.34.26:53309; will be dropped if server is in r-o mode
2015-08-10 18:12:46,124 - INFO  [NIOServerCxn.Factory:0.0.0.0/0.0.0.0:2181:ZooKeeperServer@839] - Client attempting to establish new session at /10.10.34.26:53309
2015-08-10 18:12:46,126 - INFO  [CommitProcessor:3:ZooKeeperServer@595] - Established session 0x34f0557885e0018 with negotiated timeout 10000 for client /10.10.34.26:53309
2015-08-10 18:12:56,001 - INFO  [SessionTracker:ZooKeeperServer@325] - Expiring session 0x24f0557806a001e, timeout of 10000ms exceeded
2015-08-10 18:12:56,001 - INFO  [ProcessThread(sid:3 cport:-1)::PrepRequestProcessor@476] - Processed session termination for sessionid: 0x24f0557806a001e
2015-08-10 18:13:24,271 - INFO  [NIOServerCxn.Factory:0.0.0.0/0.0.0.0:2181:NIOServerCnxnFactory@197] - Accepted socket connection from /10.10.34.11:34305
2015-08-10 18:13:24,271 - WARN  [NIOServerCxn.Factory:0.0.0.0/0.0.0.0:2181:ZooKeeperServer@793] - Connection request from old client /10.10.34.11:34305; will be dropped if server is in r-o mode
2015-08-10 18:13:24,272 - INFO  [NIOServerCxn.Factory:0.0.0.0/0.0.0.0:2181:ZooKeeperServer@839] - Client attempting to establish new session at /10.10.34.11:34305
2015-08-10 18:13:24,273 - INFO  [CommitProcessor:3:ZooKeeperServer@595] - Established session 0x34f0557885e0019 with negotiated timeout 20000 for client /10.10.34.11:34305
2015-08-10 18:23:49,013 - INFO  [main:QuorumPeerConfig@101] - Reading configuration from: /etc/zookeeper/conf/zoo.cfg
2015-08-10 18:23:49,021 - INFO  [main:QuorumPeerConfig@334] - Defaulting to majority quorums
2015-08-10 18:23:49,032 - INFO  [main:DatadirCleanupManager@78] - autopurge.snapRetainCount set to 3
2015-08-10 18:23:49,032 - INFO  [main:DatadirCleanupManager@79] - autopurge.purgeInterval set to 0
2015-08-10 18:23:49,033 - INFO  [main:DatadirCleanupManager@101] - Purge task is not scheduled.
2015-08-10 18:23:49,047 - INFO  [main:QuorumPeerMain@127] - Starting quorum peer
2015-08-10 18:23:49,056 - INFO  [main:NIOServerCnxnFactory@94] - binding to port 0.0.0.0/0.0.0.0:2181
2015-08-10 18:23:49,071 - INFO  [main:QuorumPeer@913] - tickTime set to 2000
2015-08-10 18:23:49,071 - INFO  [main:QuorumPeer@933] - minSessionTimeout set to -1
2015-08-10 18:23:49,071 - INFO  [main:QuorumPeer@944] - maxSessionTimeout set to -1
2015-08-10 18:23:49,071 - INFO  [main:QuorumPeer@959] - initLimit set to 10
2015-08-10 18:23:49,082 - INFO  [main:FileSnap@83] - Reading snapshot /var/lib/zookeeper/version-2/snapshot.700000197
2015-08-10 18:23:49,117 - INFO  [Thread-1:QuorumCnxManager$Listener@486] - My election bind port: 0.0.0.0/0.0.0.0:3888
2015-08-10 18:23:49,125 - INFO  [QuorumPeer[myid=3]/0:0:0:0:0:0:0:0:2181:QuorumPeer@670] - LOOKING
2015-08-10 18:23:49,126 - INFO  [QuorumPeer[myid=3]/0:0:0:0:0:0:0:0:2181:FastLeaderElection@740] - New election. My id =  3, proposed zxid=0x8000000bc
2015-08-10 18:23:49,131 - WARN  [WorkerSender[myid=3]:QuorumCnxManager@368] - Cannot open channel to 2 at election address /10.10.34.12:3888
2015-08-10 18:23:49,132 - INFO  [WorkerReceiver[myid=3]:FastLeaderElection@542] - Notification: 1 (n.leader), 0x8000000bc (n.zxid), 0x1 (n.round), LOOKING (n.state), 1 (n.sid), 0x8 (n.peerEPoch), LOOKING (my state)
2015-08-10 18:23:49,135 - INFO  [WorkerReceiver[myid=3]:FastLeaderElection@542] - Notification: 3 (n.leader), 0x8000000bc (n.zxid), 0x1 (n.round), LOOKING (n.state), 1 (n.sid), 0x8 (n.peerEPoch), LOOKING (my state)
2015-08-10 18:23:49,135 - INFO  [WorkerReceiver[myid=3]:FastLeaderElection@542] - Notification: 3 (n.leader), 0x8000000bc (n.zxid), 0x1 (n.round), LOOKING (n.state), 3 (n.sid), 0x8 (n.peerEPoch), LOOKING (my state)
2015-08-10 18:23:49,201 - INFO  [/10.10.34.13:3888:QuorumCnxManager$Listener@493] - Received connection request /10.10.34.12:42512
2015-08-10 18:23:49,203 - INFO  [WorkerReceiver[myid=3]:FastLeaderElection@542] - Notification: 2 (n.leader), 0x8000000bc (n.zxid), 0x1 (n.round), LOOKING (n.state), 2 (n.sid), 0x8 (n.peerEPoch), LOOKING (my state)
2015-08-10 18:23:49,204 - INFO  [WorkerReceiver[myid=3]:FastLeaderElection@542] - Notification: 3 (n.leader), 0x8000000bc (n.zxid), 0x1 (n.round), LOOKING (n.state), 2 (n.sid), 0x8 (n.peerEPoch), LOOKING (my state)
2015-08-10 18:23:49,405 - INFO  [QuorumPeer[myid=3]/0:0:0:0:0:0:0:0:2181:QuorumPeer@750] - LEADING
2015-08-10 18:23:49,407 - INFO  [QuorumPeer[myid=3]/0:0:0:0:0:0:0:0:2181:Leader@58] - TCP NoDelay set to: true
2015-08-10 18:23:49,414 - INFO  [QuorumPeer[myid=3]/0:0:0:0:0:0:0:0:2181:Environment@100] - Server environment:zookeeper.version=3.4.5--1, built on 06/10/2013 17:26 GMT
2015-08-10 18:23:49,414 - INFO  [QuorumPeer[myid=3]/0:0:0:0:0:0:0:0:2181:Environment@100] - Server environment:host.name=mesos-master-3
2015-08-10 18:23:49,414 - INFO  [QuorumPeer[myid=3]/0:0:0:0:0:0:0:0:2181:Environment@100] - Server environment:java.version=1.7.0_79
2015-08-10 18:23:49,414 - INFO  [QuorumPeer[myid=3]/0:0:0:0:0:0:0:0:2181:Environment@100] - Server environment:java.vendor=Oracle Corporation
2015-08-10 18:23:49,414 - INFO  [QuorumPeer[myid=3]/0:0:0:0:0:0:0:0:2181:Environment@100] - Server environment:java.home=/usr/lib/jvm/java-7-openjdk-amd64/jre
2015-08-10 18:23:49,414 - INFO  [QuorumPeer[myid=3]/0:0:0:0:0:0:0:0:2181:Environment@100] - Server environment:java.class.path=/etc/zookeeper/conf:/usr/share/java/jline.jar:/usr/share/java/log4j-1.2.jar:/usr/share/java/xercesImpl.jar:/usr/share/java/xmlParserAPIs.jar:/usr/share/java/netty.jar:/usr/share/java/slf4j-api.jar:/usr/share/java/slf4j-log4j12.jar:/usr/share/java/zookeeper.jar
2015-08-10 18:23:49,414 - INFO  [QuorumPeer[myid=3]/0:0:0:0:0:0:0:0:2181:Environment@100] - Server environment:java.library.path=/usr/java/packages/lib/amd64:/usr/lib/x86_64-linux-gnu/jni:/lib/x86_64-linux-gnu:/usr/lib/x86_64-linux-gnu:/usr/lib/jni:/lib:/usr/lib
2015-08-10 18:23:49,414 - INFO  [QuorumPeer[myid=3]/0:0:0:0:0:0:0:0:2181:Environment@100] - Server environment:java.io.tmpdir=/tmp
2015-08-10 18:23:49,414 - INFO  [QuorumPeer[myid=3]/0:0:0:0:0:0:0:0:2181:Environment@100] - Server environment:java.compiler=<NA>
2015-08-10 18:23:49,414 - INFO  [QuorumPeer[myid=3]/0:0:0:0:0:0:0:0:2181:Environment@100] - Server environment:os.name=Linux
2015-08-10 18:23:49,415 - INFO  [QuorumPeer[myid=3]/0:0:0:0:0:0:0:0:2181:Environment@100] - Server environment:os.arch=amd64
2015-08-10 18:23:49,415 - INFO  [QuorumPeer[myid=3]/0:0:0:0:0:0:0:0:2181:Environment@100] - Server environment:os.version=3.16.0-30-generic
2015-08-10 18:23:49,415 - INFO  [QuorumPeer[myid=3]/0:0:0:0:0:0:0:0:2181:Environment@100] - Server environment:user.name=zookeeper
2015-08-10 18:23:49,415 - INFO  [QuorumPeer[myid=3]/0:0:0:0:0:0:0:0:2181:Environment@100] - Server environment:user.home=/var/lib/zookeeper
2015-08-10 18:23:49,415 - INFO  [QuorumPeer[myid=3]/0:0:0:0:0:0:0:0:2181:Environment@100] - Server environment:user.dir=/
2015-08-10 18:23:49,416 - INFO  [QuorumPeer[myid=3]/0:0:0:0:0:0:0:0:2181:ZooKeeperServer@162] - Created server with tickTime 2000 minSessionTimeout 4000 maxSessionTimeout 40000 datadir /var/lib/zookeeper/version-2 snapdir /var/lib/zookeeper/version-2
2015-08-10 18:23:49,416 - INFO  [QuorumPeer[myid=3]/0:0:0:0:0:0:0:0:2181:Leader@345] - LEADING - LEADER ELECTION TOOK - 290
2015-08-10 18:23:49,420 - INFO  [QuorumPeer[myid=3]/0:0:0:0:0:0:0:0:2181:FileSnap@83] - Reading snapshot /var/lib/zookeeper/version-2/snapshot.700000197
2015-08-10 18:23:49,440 - INFO  [QuorumPeer[myid=3]/0:0:0:0:0:0:0:0:2181:FileTxnSnapLog@240] - Snapshotting: 0x8000000bc to /var/lib/zookeeper/version-2/snapshot.8000000bc
2015-08-10 18:23:49,447 - INFO  [LearnerHandler-/10.10.34.12:49400:LearnerHandler@263] - Follower sid: 2 : info : org.apache.zookeeper.server.quorum.QuorumPeer$QuorumServer@1afecda0
2015-08-10 18:23:49,447 - INFO  [LearnerHandler-/10.10.34.11:42424:LearnerHandler@263] - Follower sid: 1 : info : org.apache.zookeeper.server.quorum.QuorumPeer$QuorumServer@4e6dd138
2015-08-10 18:23:49,450 - INFO  [LearnerHandler-/10.10.34.11:42424:LearnerHandler@318] - Synchronizing with Follower sid: 1 maxCommittedLog=0x8000000bc minCommittedLog=0x800000001 peerLastZxid=0x8000000bc
2015-08-10 18:23:49,450 - INFO  [LearnerHandler-/10.10.34.12:49400:LearnerHandler@318] - Synchronizing with Follower sid: 2 maxCommittedLog=0x8000000bc minCommittedLog=0x800000001 peerLastZxid=0x8000000bc
2015-08-10 18:23:49,450 - INFO  [LearnerHandler-/10.10.34.11:42424:LearnerHandler@395] - Sending DIFF
2015-08-10 18:23:49,451 - INFO  [LearnerHandler-/10.10.34.12:49400:LearnerHandler@395] - Sending DIFF
2015-08-10 18:23:49,457 - WARN  [LearnerHandler-/10.10.34.12:49400:Leader@574] - Commiting zxid 0x900000000 from /10.10.34.13:2888 not first!
2015-08-10 18:23:49,457 - WARN  [LearnerHandler-/10.10.34.12:49400:Leader@576] - First is 0x0
2015-08-10 18:23:49,457 - INFO  [LearnerHandler-/10.10.34.12:49400:Leader@598] - Have quorum of supporters; starting up and setting last processed zxid: 0x900000000
2015-08-10 18:23:51,710 - INFO  [NIOServerCxn.Factory:0.0.0.0/0.0.0.0:2181:NIOServerCnxnFactory@197] - Accepted socket connection from /10.10.34.11:34445
2015-08-10 18:23:51,716 - INFO  [NIOServerCxn.Factory:0.0.0.0/0.0.0.0:2181:NIOServerCnxnFactory@197] - Accepted socket connection from /10.10.34.12:33382
2015-08-10 18:23:51,719 - WARN  [NIOServerCxn.Factory:0.0.0.0/0.0.0.0:2181:ZooKeeperServer@793] - Connection request from old client /10.10.34.11:34445; will be dropped if server is in r-o mode
2015-08-10 18:23:51,721 - INFO  [NIOServerCxn.Factory:0.0.0.0/0.0.0.0:2181:ZooKeeperServer@832] - Client attempting to renew session 0x34f0557885e0015 at /10.10.34.11:34445
2015-08-10 18:23:51,728 - INFO  [NIOServerCxn.Factory:0.0.0.0/0.0.0.0:2181:ZooKeeperServer@595] - Established session 0x34f0557885e0015 with negotiated timeout 10000 for client /10.10.34.11:34445
2015-08-10 18:23:51,730 - INFO  [NIOServerCxn.Factory:0.0.0.0/0.0.0.0:2181:NIOServerCnxnFactory@197] - Accepted socket connection from /10.10.34.24:54138
2015-08-10 18:23:51,731 - WARN  [NIOServerCxn.Factory:0.0.0.0/0.0.0.0:2181:ZooKeeperServer@793] - Connection request from old client /10.10.34.12:33382; will be dropped if server is in r-o mode
2015-08-10 18:23:51,731 - INFO  [NIOServerCxn.Factory:0.0.0.0/0.0.0.0:2181:ZooKeeperServer@832] - Client attempting to renew session 0x34f0557885e0016 at /10.10.34.12:33382
2015-08-10 18:23:51,732 - INFO  [NIOServerCxn.Factory:0.0.0.0/0.0.0.0:2181:ZooKeeperServer@595] - Established session 0x34f0557885e0016 with negotiated timeout 10000 for client /10.10.34.12:33382
2015-08-10 18:23:51,733 - INFO  [NIOServerCxn.Factory:0.0.0.0/0.0.0.0:2181:NIOServerCnxnFactory@197] - Accepted socket connection from /10.10.34.26:53313
2015-08-10 18:23:51,733 - WARN  [NIOServerCxn.Factory:0.0.0.0/0.0.0.0:2181:ZooKeeperServer@793] - Connection request from old client /10.10.34.24:54138; will be dropped if server is in r-o mode
2015-08-10 18:23:51,734 - INFO  [NIOServerCxn.Factory:0.0.0.0/0.0.0.0:2181:ZooKeeperServer@832] - Client attempting to renew session 0x34f0557885e0017 at /10.10.34.24:54138
2015-08-10 18:23:51,735 - INFO  [NIOServerCxn.Factory:0.0.0.0/0.0.0.0:2181:ZooKeeperServer@595] - Established session 0x34f0557885e0017 with negotiated timeout 10000 for client /10.10.34.24:54138
2015-08-10 18:23:51,735 - WARN  [NIOServerCxn.Factory:0.0.0.0/0.0.0.0:2181:ZooKeeperServer@793] - Connection request from old client /10.10.34.26:53313; will be dropped if server is in r-o mode
2015-08-10 18:23:51,735 - INFO  [NIOServerCxn.Factory:0.0.0.0/0.0.0.0:2181:ZooKeeperServer@832] - Client attempting to renew session 0x34f0557885e0018 at /10.10.34.26:53313
2015-08-10 18:23:51,737 - INFO  [NIOServerCxn.Factory:0.0.0.0/0.0.0.0:2181:ZooKeeperServer@595] - Established session 0x34f0557885e0018 with negotiated timeout 10000 for client /10.10.34.26:53313
2015-08-10 18:24:00,001 - INFO  [SessionTracker:ZooKeeperServer@325] - Expiring session 0x14f05578bd80020, timeout of 10000ms exceeded
2015-08-10 18:24:00,002 - INFO  [ProcessThread(sid:3 cport:-1)::PrepRequestProcessor@476] - Processed session termination for sessionid: 0x14f05578bd80020
2015-08-10 18:24:00,003 - INFO  [SyncThread:3:FileTxnLog@199] - Creating new log file: log.900000001
2015-08-10 18:24:10,001 - INFO  [SessionTracker:ZooKeeperServer@325] - Expiring session 0x34f0557885e0019, timeout of 20000ms exceeded
2015-08-10 18:24:10,001 - INFO  [SessionTracker:ZooKeeperServer@325] - Expiring session 0x14f05578bd8001f, timeout of 20000ms exceeded
2015-08-10 18:24:10,001 - INFO  [ProcessThread(sid:3 cport:-1)::PrepRequestProcessor@476] - Processed session termination for sessionid: 0x34f0557885e0019
2015-08-10 18:24:10,002 - INFO  [ProcessThread(sid:3 cport:-1)::PrepRequestProcessor@476] - Processed session termination for sessionid: 0x14f05578bd8001f
2015-08-10 18:25:20,674 - INFO  [main:QuorumPeerConfig@101] - Reading configuration from: /etc/zookeeper/conf/zoo.cfg
2015-08-10 18:25:20,681 - INFO  [main:QuorumPeerConfig@334] - Defaulting to majority quorums
2015-08-10 18:25:20,690 - INFO  [main:DatadirCleanupManager@78] - autopurge.snapRetainCount set to 3
2015-08-10 18:25:20,691 - INFO  [main:DatadirCleanupManager@79] - autopurge.purgeInterval set to 0
2015-08-10 18:25:20,692 - INFO  [main:DatadirCleanupManager@101] - Purge task is not scheduled.
2015-08-10 18:25:20,711 - INFO  [main:QuorumPeerMain@127] - Starting quorum peer
2015-08-10 18:25:20,733 - INFO  [main:NIOServerCnxnFactory@94] - binding to port 0.0.0.0/0.0.0.0:2181
2015-08-10 18:25:20,767 - INFO  [main:QuorumPeer@913] - tickTime set to 2000
2015-08-10 18:25:20,767 - INFO  [main:QuorumPeer@933] - minSessionTimeout set to -1
2015-08-10 18:25:20,767 - INFO  [main:QuorumPeer@944] - maxSessionTimeout set to -1
2015-08-10 18:25:20,767 - INFO  [main:QuorumPeer@959] - initLimit set to 10
2015-08-10 18:25:20,793 - INFO  [main:FileSnap@83] - Reading snapshot /var/lib/zookeeper/version-2/snapshot.8000000bc
2015-08-10 18:25:20,846 - INFO  [Thread-1:QuorumCnxManager$Listener@486] - My election bind port: 0.0.0.0/0.0.0.0:3888
2015-08-10 18:25:20,864 - INFO  [QuorumPeer[myid=3]/0:0:0:0:0:0:0:0:2181:QuorumPeer@670] - LOOKING
2015-08-10 18:25:20,866 - INFO  [QuorumPeer[myid=3]/0:0:0:0:0:0:0:0:2181:FastLeaderElection@740] - New election. My id =  3, proposed zxid=0x900000007
2015-08-10 18:25:20,872 - WARN  [WorkerSender[myid=3]:QuorumCnxManager@368] - Cannot open channel to 1 at election address /10.10.34.11:3888
2015-08-10 18:25:20,886 - INFO  [WorkerReceiver[myid=3]:FastLeaderElection@542] - Notification: 3 (n.leader), 0x900000007 (n.zxid), 0x1 (n.round), LOOKING (n.state), 3 (n.sid), 0x9 (n.peerEPoch), LOOKING (my state)
2015-08-10 18:25:20,887 - INFO  [WorkerReceiver[myid=3]:FastLeaderElection@542] - Notification: 2 (n.leader), 0x900000007 (n.zxid), 0x1 (n.round), LOOKING (n.state), 2 (n.sid), 0x9 (n.peerEPoch), LOOKING (my state)
2015-08-10 18:25:20,887 - INFO  [WorkerReceiver[myid=3]:FastLeaderElection@542] - Notification: 3 (n.leader), 0x900000007 (n.zxid), 0x1 (n.round), LOOKING (n.state), 2 (n.sid), 0x9 (n.peerEPoch), LOOKING (my state)
2015-08-10 18:25:20,935 - INFO  [/10.10.34.13:3888:QuorumCnxManager$Listener@493] - Received connection request /10.10.34.11:58241
2015-08-10 18:25:20,940 - INFO  [WorkerReceiver[myid=3]:FastLeaderElection@542] - Notification: 1 (n.leader), 0x900000007 (n.zxid), 0x1 (n.round), LOOKING (n.state), 1 (n.sid), 0x9 (n.peerEPoch), LOOKING (my state)
2015-08-10 18:25:20,940 - INFO  [WorkerReceiver[myid=3]:FastLeaderElection@542] - Notification: 3 (n.leader), 0x900000007 (n.zxid), 0x1 (n.round), LOOKING (n.state), 1 (n.sid), 0x9 (n.peerEPoch), LOOKING (my state)
2015-08-10 18:25:21,141 - INFO  [QuorumPeer[myid=3]/0:0:0:0:0:0:0:0:2181:QuorumPeer@750] - LEADING
2015-08-10 18:25:21,147 - INFO  [QuorumPeer[myid=3]/0:0:0:0:0:0:0:0:2181:Leader@58] - TCP NoDelay set to: true
2015-08-10 18:25:21,165 - INFO  [QuorumPeer[myid=3]/0:0:0:0:0:0:0:0:2181:Environment@100] - Server environment:zookeeper.version=3.4.5--1, built on 06/10/2013 17:26 GMT
2015-08-10 18:25:21,165 - INFO  [QuorumPeer[myid=3]/0:0:0:0:0:0:0:0:2181:Environment@100] - Server environment:host.name=mesos-master-3
2015-08-10 18:25:21,165 - INFO  [QuorumPeer[myid=3]/0:0:0:0:0:0:0:0:2181:Environment@100] - Server environment:java.version=1.7.0_79
2015-08-10 18:25:21,166 - INFO  [QuorumPeer[myid=3]/0:0:0:0:0:0:0:0:2181:Environment@100] - Server environment:java.vendor=Oracle Corporation
2015-08-10 18:25:21,166 - INFO  [QuorumPeer[myid=3]/0:0:0:0:0:0:0:0:2181:Environment@100] - Server environment:java.home=/usr/lib/jvm/java-7-openjdk-amd64/jre
2015-08-10 18:25:21,166 - INFO  [QuorumPeer[myid=3]/0:0:0:0:0:0:0:0:2181:Environment@100] - Server environment:java.class.path=/etc/zookeeper/conf:/usr/share/java/jline.jar:/usr/share/java/log4j-1.2.jar:/usr/share/java/xercesImpl.jar:/usr/share/java/xmlParserAPIs.jar:/usr/share/java/netty.jar:/usr/share/java/slf4j-api.jar:/usr/share/java/slf4j-log4j12.jar:/usr/share/java/zookeeper.jar
2015-08-10 18:25:21,166 - INFO  [QuorumPeer[myid=3]/0:0:0:0:0:0:0:0:2181:Environment@100] - Server environment:java.library.path=/usr/java/packages/lib/amd64:/usr/lib/x86_64-linux-gnu/jni:/lib/x86_64-linux-gnu:/usr/lib/x86_64-linux-gnu:/usr/lib/jni:/lib:/usr/lib
2015-08-10 18:25:21,166 - INFO  [QuorumPeer[myid=3]/0:0:0:0:0:0:0:0:2181:Environment@100] - Server environment:java.io.tmpdir=/tmp
2015-08-10 18:25:21,167 - INFO  [QuorumPeer[myid=3]/0:0:0:0:0:0:0:0:2181:Environment@100] - Server environment:java.compiler=<NA>
2015-08-10 18:25:21,167 - INFO  [QuorumPeer[myid=3]/0:0:0:0:0:0:0:0:2181:Environment@100] - Server environment:os.name=Linux
2015-08-10 18:25:21,167 - INFO  [QuorumPeer[myid=3]/0:0:0:0:0:0:0:0:2181:Environment@100] - Server environment:os.arch=amd64
2015-08-10 18:25:21,167 - INFO  [QuorumPeer[myid=3]/0:0:0:0:0:0:0:0:2181:Environment@100] - Server environment:os.version=3.16.0-30-generic
2015-08-10 18:25:21,167 - INFO  [QuorumPeer[myid=3]/0:0:0:0:0:0:0:0:2181:Environment@100] - Server environment:user.name=zookeeper
2015-08-10 18:25:21,168 - INFO  [QuorumPeer[myid=3]/0:0:0:0:0:0:0:0:2181:Environment@100] - Server environment:user.home=/var/lib/zookeeper
2015-08-10 18:25:21,168 - INFO  [QuorumPeer[myid=3]/0:0:0:0:0:0:0:0:2181:Environment@100] - Server environment:user.dir=/
2015-08-10 18:25:21,170 - INFO  [QuorumPeer[myid=3]/0:0:0:0:0:0:0:0:2181:ZooKeeperServer@162] - Created server with tickTime 2000 minSessionTimeout 4000 maxSessionTimeout 40000 datadir /var/lib/zookeeper/version-2 snapdir /var/lib/zookeeper/version-2
2015-08-10 18:25:21,172 - INFO  [QuorumPeer[myid=3]/0:0:0:0:0:0:0:0:2181:Leader@345] - LEADING - LEADER ELECTION TOOK - 306
2015-08-10 18:25:21,182 - INFO  [QuorumPeer[myid=3]/0:0:0:0:0:0:0:0:2181:FileSnap@83] - Reading snapshot /var/lib/zookeeper/version-2/snapshot.8000000bc
2015-08-10 18:25:21,205 - INFO  [QuorumPeer[myid=3]/0:0:0:0:0:0:0:0:2181:FileTxnSnapLog@240] - Snapshotting: 0x900000007 to /var/lib/zookeeper/version-2/snapshot.900000007
2015-08-10 18:25:21,221 - INFO  [LearnerHandler-/10.10.34.11:42489:LearnerHandler@263] - Follower sid: 1 : info : org.apache.zookeeper.server.quorum.QuorumPeer$QuorumServer@274c150e
2015-08-10 18:25:21,227 - INFO  [LearnerHandler-/10.10.34.11:42489:LearnerHandler@318] - Synchronizing with Follower sid: 1 maxCommittedLog=0x900000007 minCommittedLog=0x900000001 peerLastZxid=0x900000007
2015-08-10 18:25:21,228 - INFO  [LearnerHandler-/10.10.34.11:42489:LearnerHandler@395] - Sending DIFF
2015-08-10 18:25:21,242 - WARN  [LearnerHandler-/10.10.34.11:42489:Leader@574] - Commiting zxid 0xa00000000 from /10.10.34.13:2888 not first!
2015-08-10 18:25:21,242 - WARN  [LearnerHandler-/10.10.34.11:42489:Leader@576] - First is 0x0
2015-08-10 18:25:21,242 - INFO  [LearnerHandler-/10.10.34.11:42489:Leader@598] - Have quorum of supporters; starting up and setting last processed zxid: 0xa00000000
2015-08-10 18:25:22,160 - INFO  [LearnerHandler-/10.10.34.12:49421:LearnerHandler@263] - Follower sid: 2 : info : org.apache.zookeeper.server.quorum.QuorumPeer$QuorumServer@30b57ca1
2015-08-10 18:25:22,163 - INFO  [LearnerHandler-/10.10.34.12:49421:LearnerHandler@318] - Synchronizing with Follower sid: 2 maxCommittedLog=0x900000007 minCommittedLog=0x900000001 peerLastZxid=0x900000007
2015-08-10 18:25:22,164 - INFO  [LearnerHandler-/10.10.34.12:49421:LearnerHandler@395] - Sending DIFF
2015-08-10 18:25:23,402 - INFO  [NIOServerCxn.Factory:0.0.0.0/0.0.0.0:2181:NIOServerCnxnFactory@197] - Accepted socket connection from /10.10.34.12:33401
2015-08-10 18:25:23,411 - WARN  [NIOServerCxn.Factory:0.0.0.0/0.0.0.0:2181:ZooKeeperServer@793] - Connection request from old client /10.10.34.12:33401; will be dropped if server is in r-o mode
2015-08-10 18:25:23,413 - INFO  [NIOServerCxn.Factory:0.0.0.0/0.0.0.0:2181:ZooKeeperServer@832] - Client attempting to renew session 0x34f0557885e0016 at /10.10.34.12:33401
2015-08-10 18:25:23,420 - INFO  [NIOServerCxn.Factory:0.0.0.0/0.0.0.0:2181:ZooKeeperServer@595] - Established session 0x34f0557885e0016 with negotiated timeout 10000 for client /10.10.34.12:33401
2015-08-10 18:25:23,420 - INFO  [NIOServerCxn.Factory:0.0.0.0/0.0.0.0:2181:NIOServerCnxnFactory@197] - Accepted socket connection from /10.10.34.26:53316
2015-08-10 18:25:23,421 - WARN  [NIOServerCxn.Factory:0.0.0.0/0.0.0.0:2181:ZooKeeperServer@793] - Connection request from old client /10.10.34.26:53316; will be dropped if server is in r-o mode
2015-08-10 18:25:23,421 - INFO  [NIOServerCxn.Factory:0.0.0.0/0.0.0.0:2181:ZooKeeperServer@832] - Client attempting to renew session 0x34f0557885e0018 at /10.10.34.26:53316
2015-08-10 18:25:23,422 - INFO  [NIOServerCxn.Factory:0.0.0.0/0.0.0.0:2181:ZooKeeperServer@595] - Established session 0x34f0557885e0018 with negotiated timeout 10000 for client /10.10.34.26:53316
2015-08-10 18:25:23,424 - INFO  [NIOServerCxn.Factory:0.0.0.0/0.0.0.0:2181:NIOServerCnxnFactory@197] - Accepted socket connection from /10.10.34.24:54141
2015-08-10 18:25:23,425 - WARN  [NIOServerCxn.Factory:0.0.0.0/0.0.0.0:2181:ZooKeeperServer@793] - Connection request from old client /10.10.34.24:54141; will be dropped if server is in r-o mode
2015-08-10 18:25:23,425 - INFO  [NIOServerCxn.Factory:0.0.0.0/0.0.0.0:2181:ZooKeeperServer@832] - Client attempting to renew session 0x34f0557885e0017 at /10.10.34.24:54141
2015-08-10 18:25:23,426 - INFO  [NIOServerCxn.Factory:0.0.0.0/0.0.0.0:2181:ZooKeeperServer@595] - Established session 0x34f0557885e0017 with negotiated timeout 10000 for client /10.10.34.24:54141
2015-08-10 18:25:23,427 - INFO  [NIOServerCxn.Factory:0.0.0.0/0.0.0.0:2181:NIOServerCnxnFactory@197] - Accepted socket connection from /10.10.34.11:34509
2015-08-10 18:25:23,428 - WARN  [NIOServerCxn.Factory:0.0.0.0/0.0.0.0:2181:ZooKeeperServer@793] - Connection request from old client /10.10.34.11:34509; will be dropped if server is in r-o mode
2015-08-10 18:25:23,428 - INFO  [NIOServerCxn.Factory:0.0.0.0/0.0.0.0:2181:ZooKeeperServer@832] - Client attempting to renew session 0x34f0557885e0015 at /10.10.34.11:34509
2015-08-10 18:25:23,429 - INFO  [NIOServerCxn.Factory:0.0.0.0/0.0.0.0:2181:ZooKeeperServer@595] - Established session 0x34f0557885e0015 with negotiated timeout 10000 for client /10.10.34.11:34509
2015-08-10 18:25:32,000 - INFO  [SessionTracker:ZooKeeperServer@325] - Expiring session 0x24f17234e810000, timeout of 10000ms exceeded
2015-08-10 18:25:32,001 - INFO  [ProcessThread(sid:3 cport:-1)::PrepRequestProcessor@476] - Processed session termination for sessionid: 0x24f17234e810000
2015-08-10 18:25:32,002 - INFO  [SyncThread:3:FileTxnLog@199] - Creating new log file: log.a00000001
2015-08-10 18:25:40,231 - WARN  [NIOServerCxn.Factory:0.0.0.0/0.0.0.0:2181:NIOServerCnxn@349] - caught end of stream exception
2015-08-10 18:25:40,233 - INFO  [NIOServerCxn.Factory:0.0.0.0/0.0.0.0:2181:NIOServerCnxn@1001] - Closed socket connection for client /10.10.34.24:54141 which had sessionid 0x34f0557885e0017
2015-08-10 18:25:40,436 - WARN  [NIOServerCxn.Factory:0.0.0.0/0.0.0.0:2181:NIOServerCnxn@349] - caught end of stream exception
2015-08-10 18:25:40,437 - INFO  [NIOServerCxn.Factory:0.0.0.0/0.0.0.0:2181:NIOServerCnxn@1001] - Closed socket connection for client /10.10.34.26:53316 which had sessionid 0x34f0557885e0018
2015-08-10 18:25:42,000 - INFO  [SessionTracker:ZooKeeperServer@325] - Expiring session 0x14f172340630000, timeout of 20000ms exceeded
2015-08-10 18:25:42,001 - INFO  [SessionTracker:ZooKeeperServer@325] - Expiring session 0x14f172340630001, timeout of 20000ms exceeded
2015-08-10 18:25:42,001 - INFO  [ProcessThread(sid:3 cport:-1)::PrepRequestProcessor@476] - Processed session termination for sessionid: 0x14f172340630000
2015-08-10 18:25:42,001 - INFO  [ProcessThread(sid:3 cport:-1)::PrepRequestProcessor@476] - Processed session termination for sessionid: 0x14f172340630001
2015-08-10 18:25:47,804 - WARN  [NIOServerCxn.Factory:0.0.0.0/0.0.0.0:2181:NIOServerCnxn@349] - caught end of stream exception
2015-08-10 18:25:47,805 - INFO  [NIOServerCxn.Factory:0.0.0.0/0.0.0.0:2181:NIOServerCnxn@1001] - Closed socket connection for client /10.10.34.11:34509 which had sessionid 0x34f0557885e0015
2015-08-10 18:25:47,898 - WARN  [NIOServerCxn.Factory:0.0.0.0/0.0.0.0:2181:NIOServerCnxn@349] - caught end of stream exception
2015-08-10 18:25:47,898 - INFO  [NIOServerCxn.Factory:0.0.0.0/0.0.0.0:2181:NIOServerCnxn@1001] - Closed socket connection for client /10.10.34.12:33401 which had sessionid 0x34f0557885e0016
2015-08-10 18:25:48,000 - INFO  [SessionTracker:ZooKeeperServer@325] - Expiring session 0x14f05578bd8001c, timeout of 10000ms exceeded
2015-08-10 18:25:48,000 - INFO  [SessionTracker:ZooKeeperServer@325] - Expiring session 0x14f05578bd80019, timeout of 10000ms exceeded
2015-08-10 18:25:48,001 - INFO  [SessionTracker:ZooKeeperServer@325] - Expiring session 0x14f05578bd8001d, timeout of 10000ms exceeded
2015-08-10 18:25:48,001 - INFO  [SessionTracker:ZooKeeperServer@325] - Expiring session 0x24f0557806a0021, timeout of 10000ms exceeded
2015-08-10 18:25:48,001 - INFO  [SessionTracker:ZooKeeperServer@325] - Expiring session 0x24f0557806a0020, timeout of 10000ms exceeded
2015-08-10 18:25:48,001 - INFO  [SessionTracker:ZooKeeperServer@325] - Expiring session 0x24f0557806a001f, timeout of 10000ms exceeded
2015-08-10 18:25:48,001 - INFO  [SessionTracker:ZooKeeperServer@325] - Expiring session 0x14f05578bd80018, timeout of 10000ms exceeded
2015-08-10 18:25:48,001 - INFO  [SessionTracker:ZooKeeperServer@325] - Expiring session 0x14f05578bd80017, timeout of 10000ms exceeded
2015-08-10 18:25:48,002 - INFO  [SessionTracker:ZooKeeperServer@325] - Expiring session 0x14f05578bd8001a, timeout of 10000ms exceeded
2015-08-10 18:25:48,002 - INFO  [SessionTracker:ZooKeeperServer@325] - Expiring session 0x14f05578bd8001b, timeout of 10000ms exceeded
2015-08-10 18:25:48,002 - INFO  [ProcessThread(sid:3 cport:-1)::PrepRequestProcessor@476] - Processed session termination for sessionid: 0x14f05578bd8001c
2015-08-10 18:25:48,003 - INFO  [ProcessThread(sid:3 cport:-1)::PrepRequestProcessor@476] - Processed session termination for sessionid: 0x14f05578bd80019
2015-08-10 18:25:48,003 - INFO  [ProcessThread(sid:3 cport:-1)::PrepRequestProcessor@476] - Processed session termination for sessionid: 0x14f05578bd8001d
2015-08-10 18:25:48,003 - INFO  [ProcessThread(sid:3 cport:-1)::PrepRequestProcessor@476] - Processed session termination for sessionid: 0x24f0557806a0021
2015-08-10 18:25:48,004 - INFO  [ProcessThread(sid:3 cport:-1)::PrepRequestProcessor@476] - Processed session termination for sessionid: 0x24f0557806a0020
2015-08-10 18:25:48,004 - INFO  [ProcessThread(sid:3 cport:-1)::PrepRequestProcessor@476] - Processed session termination for sessionid: 0x24f0557806a001f
2015-08-10 18:25:48,005 - INFO  [ProcessThread(sid:3 cport:-1)::PrepRequestProcessor@476] - Processed session termination for sessionid: 0x14f05578bd80018
2015-08-10 18:25:48,006 - INFO  [ProcessThread(sid:3 cport:-1)::PrepRequestProcessor@476] - Processed session termination for sessionid: 0x14f05578bd80017
2015-08-10 18:25:48,006 - INFO  [ProcessThread(sid:3 cport:-1)::PrepRequestProcessor@476] - Processed session termination for sessionid: 0x14f05578bd8001a
2015-08-10 18:25:48,006 - INFO  [ProcessThread(sid:3 cport:-1)::PrepRequestProcessor@476] - Processed session termination for sessionid: 0x14f05578bd8001b
2015-08-10 18:25:52,000 - INFO  [SessionTracker:ZooKeeperServer@325] - Expiring session 0x24f0557806a0022, timeout of 10000ms exceeded
2015-08-10 18:25:52,000 - INFO  [SessionTracker:ZooKeeperServer@325] - Expiring session 0x34f0557885e0017, timeout of 10000ms exceeded
2015-08-10 18:25:52,001 - INFO  [SessionTracker:ZooKeeperServer@325] - Expiring session 0x34f0557885e0018, timeout of 10000ms exceeded
2015-08-10 18:25:52,001 - INFO  [SessionTracker:ZooKeeperServer@325] - Expiring session 0x14f05578bd8001e, timeout of 10000ms exceeded
2015-08-10 18:25:52,001 - INFO  [ProcessThread(sid:3 cport:-1)::PrepRequestProcessor@476] - Processed session termination for sessionid: 0x24f0557806a0022
2015-08-10 18:25:52,001 - INFO  [ProcessThread(sid:3 cport:-1)::PrepRequestProcessor@476] - Processed session termination for sessionid: 0x34f0557885e0017
2015-08-10 18:25:52,002 - INFO  [ProcessThread(sid:3 cport:-1)::PrepRequestProcessor@476] - Processed session termination for sessionid: 0x34f0557885e0018
2015-08-10 18:25:52,002 - INFO  [ProcessThread(sid:3 cport:-1)::PrepRequestProcessor@476] - Processed session termination for sessionid: 0x14f05578bd8001e
2015-08-10 18:25:55,974 - INFO  [NIOServerCxn.Factory:0.0.0.0/0.0.0.0:2181:NIOServerCnxnFactory@197] - Accepted socket connection from /10.10.34.12:33405
2015-08-10 18:25:55,975 - WARN  [NIOServerCxn.Factory:0.0.0.0/0.0.0.0:2181:ZooKeeperServer@793] - Connection request from old client /10.10.34.12:33405; will be dropped if server is in r-o mode
2015-08-10 18:25:55,975 - INFO  [NIOServerCxn.Factory:0.0.0.0/0.0.0.0:2181:ZooKeeperServer@839] - Client attempting to establish new session at /10.10.34.12:33405
2015-08-10 18:25:55,979 - INFO  [CommitProcessor:3:ZooKeeperServer@595] - Established session 0x34f1724a35e0000 with negotiated timeout 10000 for client /10.10.34.12:33405
2015-08-10 18:25:56,000 - INFO  [SessionTracker:ZooKeeperServer@325] - Expiring session 0x24f0557806a0023, timeout of 10000ms exceeded
2015-08-10 18:25:56,001 - INFO  [ProcessThread(sid:3 cport:-1)::PrepRequestProcessor@476] - Processed session termination for sessionid: 0x24f0557806a0023
2015-08-10 18:25:56,087 - INFO  [NIOServerCxn.Factory:0.0.0.0/0.0.0.0:2181:NIOServerCnxnFactory@197] - Accepted socket connection from /10.10.34.13:58235
2015-08-10 18:25:56,087 - INFO  [NIOServerCxn.Factory:0.0.0.0/0.0.0.0:2181:NIOServerCnxnFactory@197] - Accepted socket connection from /10.10.34.13:58237
2015-08-10 18:25:56,088 - WARN  [NIOServerCxn.Factory:0.0.0.0/0.0.0.0:2181:ZooKeeperServer@793] - Connection request from old client /10.10.34.13:58235; will be dropped if server is in r-o mode
2015-08-10 18:25:56,088 - INFO  [NIOServerCxn.Factory:0.0.0.0/0.0.0.0:2181:ZooKeeperServer@839] - Client attempting to establish new session at /10.10.34.13:58235
2015-08-10 18:25:56,089 - WARN  [NIOServerCxn.Factory:0.0.0.0/0.0.0.0:2181:ZooKeeperServer@793] - Connection request from old client /10.10.34.13:58237; will be dropped if server is in r-o mode
2015-08-10 18:25:56,089 - INFO  [NIOServerCxn.Factory:0.0.0.0/0.0.0.0:2181:ZooKeeperServer@839] - Client attempting to establish new session at /10.10.34.13:58237
2015-08-10 18:25:56,091 - INFO  [CommitProcessor:3:ZooKeeperServer@595] - Established session 0x34f1724a35e0001 with negotiated timeout 10000 for client /10.10.34.13:58235
2015-08-10 18:25:56,092 - INFO  [CommitProcessor:3:ZooKeeperServer@595] - Established session 0x34f1724a35e0002 with negotiated timeout 10000 for client /10.10.34.13:58237
2015-08-10 18:25:57,684 - INFO  [NIOServerCxn.Factory:0.0.0.0/0.0.0.0:2181:NIOServerCnxnFactory@197] - Accepted socket connection from /10.10.34.11:34582
2015-08-10 18:25:57,685 - WARN  [NIOServerCxn.Factory:0.0.0.0/0.0.0.0:2181:ZooKeeperServer@793] - Connection request from old client /10.10.34.11:34582; will be dropped if server is in r-o mode
2015-08-10 18:25:57,685 - INFO  [NIOServerCxn.Factory:0.0.0.0/0.0.0.0:2181:ZooKeeperServer@839] - Client attempting to establish new session at /10.10.34.11:34582
2015-08-10 18:25:57,688 - INFO  [CommitProcessor:3:ZooKeeperServer@595] - Established session 0x34f1724a35e0003 with negotiated timeout 10000 for client /10.10.34.11:34582
2015-08-10 18:25:58,000 - INFO  [SessionTracker:ZooKeeperServer@325] - Expiring session 0x14f05578bd80015, timeout of 10000ms exceeded
2015-08-10 18:25:58,000 - INFO  [SessionTracker:ZooKeeperServer@325] - Expiring session 0x24f0557806a0018, timeout of 10000ms exceeded
2015-08-10 18:25:58,000 - INFO  [SessionTracker:ZooKeeperServer@325] - Expiring session 0x24f0557806a0019, timeout of 10000ms exceeded
2015-08-10 18:25:58,000 - INFO  [SessionTracker:ZooKeeperServer@325] - Expiring session 0x34f0557885e0016, timeout of 10000ms exceeded
2015-08-10 18:25:58,001 - INFO  [SessionTracker:ZooKeeperServer@325] - Expiring session 0x14f05578bd80014, timeout of 10000ms exceeded
2015-08-10 18:25:58,001 - INFO  [SessionTracker:ZooKeeperServer@325] - Expiring session 0x14f05578bd80013, timeout of 10000ms exceeded
2015-08-10 18:25:58,001 - INFO  [SessionTracker:ZooKeeperServer@325] - Expiring session 0x24f0557806a001d, timeout of 10000ms exceeded
2015-08-10 18:25:58,001 - INFO  [SessionTracker:ZooKeeperServer@325] - Expiring session 0x14f05578bd80016, timeout of 10000ms exceeded
2015-08-10 18:25:58,001 - INFO  [SessionTracker:ZooKeeperServer@325] - Expiring session 0x24f0557806a001a, timeout of 10000ms exceeded
2015-08-10 18:25:58,001 - INFO  [SessionTracker:ZooKeeperServer@325] - Expiring session 0x34f0557885e0015, timeout of 10000ms exceeded
2015-08-10 18:25:58,002 - INFO  [SessionTracker:ZooKeeperServer@325] - Expiring session 0x24f0557806a001b, timeout of 10000ms exceeded
2015-08-10 18:25:58,002 - INFO  [SessionTracker:ZooKeeperServer@325] - Expiring session 0x24f0557806a001c, timeout of 10000ms exceeded
2015-08-10 18:25:58,002 - INFO  [ProcessThread(sid:3 cport:-1)::PrepRequestProcessor@476] - Processed session termination for sessionid: 0x14f05578bd80015
2015-08-10 18:25:58,002 - INFO  [ProcessThread(sid:3 cport:-1)::PrepRequestProcessor@476] - Processed session termination for sessionid: 0x24f0557806a0018
2015-08-10 18:25:58,003 - INFO  [ProcessThread(sid:3 cport:-1)::PrepRequestProcessor@476] - Processed session termination for sessionid: 0x24f0557806a0019
2015-08-10 18:25:58,003 - INFO  [ProcessThread(sid:3 cport:-1)::PrepRequestProcessor@476] - Processed session termination for sessionid: 0x34f0557885e0016
2015-08-10 18:25:58,004 - INFO  [ProcessThread(sid:3 cport:-1)::PrepRequestProcessor@476] - Processed session termination for sessionid: 0x14f05578bd80014
2015-08-10 18:25:58,005 - INFO  [ProcessThread(sid:3 cport:-1)::PrepRequestProcessor@476] - Processed session termination for sessionid: 0x14f05578bd80013
2015-08-10 18:25:58,005 - INFO  [ProcessThread(sid:3 cport:-1)::PrepRequestProcessor@476] - Processed session termination for sessionid: 0x24f0557806a001d
2015-08-10 18:25:58,006 - INFO  [ProcessThread(sid:3 cport:-1)::PrepRequestProcessor@476] - Processed session termination for sessionid: 0x14f05578bd80016
2015-08-10 18:25:58,006 - INFO  [ProcessThread(sid:3 cport:-1)::PrepRequestProcessor@476] - Processed session termination for sessionid: 0x24f0557806a001a
2015-08-10 18:25:58,007 - INFO  [ProcessThread(sid:3 cport:-1)::PrepRequestProcessor@476] - Processed session termination for sessionid: 0x34f0557885e0015
2015-08-10 18:25:58,007 - INFO  [ProcessThread(sid:3 cport:-1)::PrepRequestProcessor@476] - Processed session termination for sessionid: 0x24f0557806a001b
2015-08-10 18:25:58,008 - INFO  [ProcessThread(sid:3 cport:-1)::PrepRequestProcessor@476] - Processed session termination for sessionid: 0x24f0557806a001c
2015-08-10 18:25:58,197 - INFO  [NIOServerCxn.Factory:0.0.0.0/0.0.0.0:2181:NIOServerCnxnFactory@197] - Accepted socket connection from /10.10.34.16:40413
2015-08-10 18:25:58,197 - WARN  [NIOServerCxn.Factory:0.0.0.0/0.0.0.0:2181:ZooKeeperServer@793] - Connection request from old client /10.10.34.16:40413; will be dropped if server is in r-o mode
2015-08-10 18:25:58,198 - INFO  [NIOServerCxn.Factory:0.0.0.0/0.0.0.0:2181:ZooKeeperServer@839] - Client attempting to establish new session at /10.10.34.16:40413
2015-08-10 18:25:58,200 - INFO  [CommitProcessor:3:ZooKeeperServer@595] - Established session 0x34f1724a35e0004 with negotiated timeout 10000 for client /10.10.34.16:40413
2015-08-10 18:25:58,397 - INFO  [NIOServerCxn.Factory:0.0.0.0/0.0.0.0:2181:NIOServerCnxnFactory@197] - Accepted socket connection from /10.10.34.17:47852
2015-08-10 18:25:58,397 - WARN  [NIOServerCxn.Factory:0.0.0.0/0.0.0.0:2181:ZooKeeperServer@793] - Connection request from old client /10.10.34.17:47852; will be dropped if server is in r-o mode
2015-08-10 18:25:58,398 - INFO  [NIOServerCxn.Factory:0.0.0.0/0.0.0.0:2181:ZooKeeperServer@839] - Client attempting to establish new session at /10.10.34.17:47852
2015-08-10 18:25:58,400 - INFO  [CommitProcessor:3:ZooKeeperServer@595] - Established session 0x34f1724a35e0005 with negotiated timeout 10000 for client /10.10.34.17:47852
2015-08-10 18:25:58,937 - INFO  [NIOServerCxn.Factory:0.0.0.0/0.0.0.0:2181:NIOServerCnxnFactory@197] - Accepted socket connection from /10.10.34.22:34419
2015-08-10 18:25:58,938 - WARN  [NIOServerCxn.Factory:0.0.0.0/0.0.0.0:2181:ZooKeeperServer@793] - Connection request from old client /10.10.34.22:34419; will be dropped if server is in r-o mode
2015-08-10 18:25:58,938 - INFO  [NIOServerCxn.Factory:0.0.0.0/0.0.0.0:2181:ZooKeeperServer@839] - Client attempting to establish new session at /10.10.34.22:34419
2015-08-10 18:25:58,941 - INFO  [CommitProcessor:3:ZooKeeperServer@595] - Established session 0x34f1724a35e0006 with negotiated timeout 10000 for client /10.10.34.22:34419
2015-08-10 18:25:59,061 - WARN  [NIOServerCxn.Factory:0.0.0.0/0.0.0.0:2181:NIOServerCnxn@349] - caught end of stream exception
2015-08-10 18:25:59,063 - INFO  [NIOServerCxn.Factory:0.0.0.0/0.0.0.0:2181:NIOServerCnxn@1001] - Closed socket connection for client /10.10.34.11:34582 which had sessionid 0x34f1724a35e0003
2015-08-10 18:25:59,141 - INFO  [NIOServerCxn.Factory:0.0.0.0/0.0.0.0:2181:NIOServerCnxnFactory@197] - Accepted socket connection from /10.10.34.24:54142
2015-08-10 18:25:59,142 - WARN  [NIOServerCxn.Factory:0.0.0.0/0.0.0.0:2181:ZooKeeperServer@793] - Connection request from old client /10.10.34.24:54142; will be dropped if server is in r-o mode
2015-08-10 18:25:59,142 - INFO  [NIOServerCxn.Factory:0.0.0.0/0.0.0.0:2181:ZooKeeperServer@839] - Client attempting to establish new session at /10.10.34.24:54142
2015-08-10 18:25:59,144 - INFO  [CommitProcessor:3:ZooKeeperServer@595] - Established session 0x34f1724a35e0007 with negotiated timeout 10000 for client /10.10.34.24:54142
2015-08-10 18:25:59,244 - INFO  [NIOServerCxn.Factory:0.0.0.0/0.0.0.0:2181:NIOServerCnxnFactory@197] - Accepted socket connection from /10.10.34.25:57497
2015-08-10 18:25:59,244 - WARN  [NIOServerCxn.Factory:0.0.0.0/0.0.0.0:2181:ZooKeeperServer@793] - Connection request from old client /10.10.34.25:57497; will be dropped if server is in r-o mode
2015-08-10 18:25:59,245 - INFO  [NIOServerCxn.Factory:0.0.0.0/0.0.0.0:2181:ZooKeeperServer@839] - Client attempting to establish new session at /10.10.34.25:57497
2015-08-10 18:25:59,247 - INFO  [CommitProcessor:3:ZooKeeperServer@595] - Established session 0x34f1724a35e0008 with negotiated timeout 10000 for client /10.10.34.25:57497
2015-08-10 18:26:10,000 - INFO  [SessionTracker:ZooKeeperServer@325] - Expiring session 0x34f1724a35e0003, timeout of 10000ms exceeded
2015-08-10 18:26:10,001 - INFO  [ProcessThread(sid:3 cport:-1)::PrepRequestProcessor@476] - Processed session termination for sessionid: 0x34f1724a35e0003
2015-08-10 18:27:28,000 - INFO  [SessionTracker:ZooKeeperServer@325] - Expiring session 0x24f1724b8af000c, timeout of 10000ms exceeded
2015-08-10 18:27:28,001 - INFO  [ProcessThread(sid:3 cport:-1)::PrepRequestProcessor@476] - Processed session termination for sessionid: 0x24f1724b8af000c
2015-08-10 18:27:36,000 - INFO  [SessionTracker:ZooKeeperServer@325] - Expiring session 0x14f1724a6e80008, timeout of 20000ms exceeded
2015-08-10 18:27:36,000 - INFO  [ProcessThread(sid:3 cport:-1)::PrepRequestProcessor@476] - Processed session termination for sessionid: 0x14f1724a6e80008
2015-08-10 18:27:38,000 - INFO  [SessionTracker:ZooKeeperServer@325] - Expiring session 0x24f1724b8af000b, timeout of 20000ms exceeded
2015-08-10 18:27:38,001 - INFO  [ProcessThread(sid:3 cport:-1)::PrepRequestProcessor@476] - Processed session termination for sessionid: 0x24f1724b8af000b
2015-08-10 18:27:39,482 - WARN  [NIOServerCxn.Factory:0.0.0.0/0.0.0.0:2181:NIOServerCnxn@349] - caught end of stream exception
2015-08-10 18:27:39,484 - INFO  [NIOServerCxn.Factory:0.0.0.0/0.0.0.0:2181:NIOServerCnxn@1001] - Closed socket connection for client /10.10.34.16:40413 which had sessionid 0x34f1724a35e0004
2015-08-10 18:27:39,686 - WARN  [NIOServerCxn.Factory:0.0.0.0/0.0.0.0:2181:NIOServerCnxn@349] - caught end of stream exception
2015-08-10 18:27:39,687 - INFO  [NIOServerCxn.Factory:0.0.0.0/0.0.0.0:2181:NIOServerCnxn@1001] - Closed socket connection for client /10.10.34.17:47852 which had sessionid 0x34f1724a35e0005
2015-08-10 18:27:40,216 - WARN  [NIOServerCxn.Factory:0.0.0.0/0.0.0.0:2181:NIOServerCnxn@349] - caught end of stream exception
2015-08-10 18:27:40,217 - INFO  [NIOServerCxn.Factory:0.0.0.0/0.0.0.0:2181:NIOServerCnxn@1001] - Closed socket connection for client /10.10.34.22:34419 which had sessionid 0x34f1724a35e0006
2015-08-10 18:27:40,420 - WARN  [NIOServerCxn.Factory:0.0.0.0/0.0.0.0:2181:NIOServerCnxn@349] - caught end of stream exception
2015-08-10 18:27:40,421 - INFO  [NIOServerCxn.Factory:0.0.0.0/0.0.0.0:2181:NIOServerCnxn@1001] - Closed socket connection for client /10.10.34.24:54142 which had sessionid 0x34f1724a35e0007
2015-08-10 18:27:40,522 - WARN  [NIOServerCxn.Factory:0.0.0.0/0.0.0.0:2181:NIOServerCnxn@349] - caught end of stream exception
2015-08-10 18:27:40,523 - INFO  [NIOServerCxn.Factory:0.0.0.0/0.0.0.0:2181:NIOServerCnxn@1001] - Closed socket connection for client /10.10.34.25:57497 which had sessionid 0x34f1724a35e0008
2015-08-10 18:27:48,087 - WARN  [NIOServerCxn.Factory:0.0.0.0/0.0.0.0:2181:NIOServerCnxn@349] - caught end of stream exception
2015-08-10 18:27:48,088 - INFO  [NIOServerCxn.Factory:0.0.0.0/0.0.0.0:2181:NIOServerCnxn@1001] - Closed socket connection for client /10.10.34.12:33405 which had sessionid 0x34f1724a35e0000
2015-08-10 18:27:48,193 - WARN  [NIOServerCxn.Factory:0.0.0.0/0.0.0.0:2181:NIOServerCnxn@349] - caught end of stream exception
2015-08-10 18:27:48,194 - INFO  [NIOServerCxn.Factory:0.0.0.0/0.0.0.0:2181:NIOServerCnxn@1001] - Closed socket connection for client /10.10.34.13:58235 which had sessionid 0x34f1724a35e0001
2015-08-10 18:27:48,194 - WARN  [NIOServerCxn.Factory:0.0.0.0/0.0.0.0:2181:NIOServerCnxn@349] - caught end of stream exception
2015-08-10 18:27:48,195 - INFO  [NIOServerCxn.Factory:0.0.0.0/0.0.0.0:2181:NIOServerCnxn@1001] - Closed socket connection for client /10.10.34.13:58237 which had sessionid 0x34f1724a35e0002
2015-08-10 18:27:50,000 - INFO  [SessionTracker:ZooKeeperServer@325] - Expiring session 0x14f1724a6e80005, timeout of 10000ms exceeded
2015-08-10 18:27:50,000 - INFO  [SessionTracker:ZooKeeperServer@325] - Expiring session 0x14f1724a6e80006, timeout of 10000ms exceeded
2015-08-10 18:27:50,001 - INFO  [SessionTracker:ZooKeeperServer@325] - Expiring session 0x24f1724b8af0006, timeout of 10000ms exceeded
2015-08-10 18:27:50,001 - INFO  [SessionTracker:ZooKeeperServer@325] - Expiring session 0x24f1724b8af0004, timeout of 10000ms exceeded
2015-08-10 18:27:50,001 - INFO  [SessionTracker:ZooKeeperServer@325] - Expiring session 0x34f1724a35e0007, timeout of 10000ms exceeded
2015-08-10 18:27:50,001 - INFO  [SessionTracker:ZooKeeperServer@325] - Expiring session 0x34f1724a35e0005, timeout of 10000ms exceeded
2015-08-10 18:27:50,001 - INFO  [SessionTracker:ZooKeeperServer@325] - Expiring session 0x34f1724a35e0008, timeout of 10000ms exceeded
2015-08-10 18:27:50,002 - INFO  [SessionTracker:ZooKeeperServer@325] - Expiring session 0x24f1724b8af0005, timeout of 10000ms exceeded
2015-08-10 18:27:50,002 - INFO  [SessionTracker:ZooKeeperServer@325] - Expiring session 0x24f1724b8af0007, timeout of 10000ms exceeded
2015-08-10 18:27:50,002 - INFO  [SessionTracker:ZooKeeperServer@325] - Expiring session 0x34f1724a35e0004, timeout of 10000ms exceeded
2015-08-10 18:27:50,002 - INFO  [SessionTracker:ZooKeeperServer@325] - Expiring session 0x34f1724a35e0006, timeout of 10000ms exceeded
2015-08-10 18:27:50,002 - INFO  [SessionTracker:ZooKeeperServer@325] - Expiring session 0x24f1724b8af0008, timeout of 10000ms exceeded
2015-08-10 18:27:50,003 - INFO  [SessionTracker:ZooKeeperServer@325] - Expiring session 0x24f1724b8af0009, timeout of 10000ms exceeded
2015-08-10 18:27:50,003 - INFO  [ProcessThread(sid:3 cport:-1)::PrepRequestProcessor@476] - Processed session termination for sessionid: 0x14f1724a6e80005
2015-08-10 18:27:50,003 - INFO  [ProcessThread(sid:3 cport:-1)::PrepRequestProcessor@476] - Processed session termination for sessionid: 0x14f1724a6e80006
2015-08-10 18:27:50,004 - INFO  [ProcessThread(sid:3 cport:-1)::PrepRequestProcessor@476] - Processed session termination for sessionid: 0x24f1724b8af0006
2015-08-10 18:27:50,004 - INFO  [ProcessThread(sid:3 cport:-1)::PrepRequestProcessor@476] - Processed session termination for sessionid: 0x24f1724b8af0004
2015-08-10 18:27:50,004 - INFO  [ProcessThread(sid:3 cport:-1)::PrepRequestProcessor@476] - Processed session termination for sessionid: 0x34f1724a35e0007
2015-08-10 18:27:50,005 - INFO  [ProcessThread(sid:3 cport:-1)::PrepRequestProcessor@476] - Processed session termination for sessionid: 0x34f1724a35e0005
2015-08-10 18:27:50,005 - INFO  [ProcessThread(sid:3 cport:-1)::PrepRequestProcessor@476] - Processed session termination for sessionid: 0x34f1724a35e0008
2015-08-10 18:27:50,006 - INFO  [ProcessThread(sid:3 cport:-1)::PrepRequestProcessor@476] - Processed session termination for sessionid: 0x24f1724b8af0005
2015-08-10 18:27:50,006 - INFO  [ProcessThread(sid:3 cport:-1)::PrepRequestProcessor@476] - Processed session termination for sessionid: 0x24f1724b8af0007
2015-08-10 18:27:50,006 - INFO  [ProcessThread(sid:3 cport:-1)::PrepRequestProcessor@476] - Processed session termination for sessionid: 0x34f1724a35e0004
2015-08-10 18:27:50,007 - INFO  [ProcessThread(sid:3 cport:-1)::PrepRequestProcessor@476] - Processed session termination for sessionid: 0x34f1724a35e0006
2015-08-10 18:27:50,007 - INFO  [ProcessThread(sid:3 cport:-1)::PrepRequestProcessor@476] - Processed session termination for sessionid: 0x24f1724b8af0008
2015-08-10 18:27:50,008 - INFO  [ProcessThread(sid:3 cport:-1)::PrepRequestProcessor@476] - Processed session termination for sessionid: 0x24f1724b8af0009
2015-08-10 18:27:52,000 - INFO  [SessionTracker:ZooKeeperServer@325] - Expiring session 0x14f1724a6e80007, timeout of 10000ms exceeded
2015-08-10 18:27:52,000 - INFO  [ProcessThread(sid:3 cport:-1)::PrepRequestProcessor@476] - Processed session termination for sessionid: 0x14f1724a6e80007
2015-08-10 18:27:56,000 - INFO  [SessionTracker:ZooKeeperServer@325] - Expiring session 0x14f1724a6e80002, timeout of 10000ms exceeded
2015-08-10 18:27:56,001 - INFO  [SessionTracker:ZooKeeperServer@325] - Expiring session 0x14f1724a6e80000, timeout of 10000ms exceeded
2015-08-10 18:27:56,001 - INFO  [SessionTracker:ZooKeeperServer@325] - Expiring session 0x24f1724b8af0000, timeout of 10000ms exceeded
2015-08-10 18:27:56,001 - INFO  [SessionTracker:ZooKeeperServer@325] - Expiring session 0x14f1724a6e80001, timeout of 10000ms exceeded
2015-08-10 18:27:56,001 - INFO  [SessionTracker:ZooKeeperServer@325] - Expiring session 0x34f1724a35e0000, timeout of 10000ms exceeded
2015-08-10 18:27:56,001 - INFO  [SessionTracker:ZooKeeperServer@325] - Expiring session 0x24f1724b8af0001, timeout of 10000ms exceeded
2015-08-10 18:27:56,001 - INFO  [SessionTracker:ZooKeeperServer@325] - Expiring session 0x14f1724a6e80003, timeout of 10000ms exceeded
2015-08-10 18:27:56,002 - INFO  [SessionTracker:ZooKeeperServer@325] - Expiring session 0x14f1724a6e80004, timeout of 10000ms exceeded
2015-08-10 18:27:56,002 - INFO  [ProcessThread(sid:3 cport:-1)::PrepRequestProcessor@476] - Processed session termination for sessionid: 0x14f1724a6e80002
2015-08-10 18:27:56,003 - INFO  [ProcessThread(sid:3 cport:-1)::PrepRequestProcessor@476] - Processed session termination for sessionid: 0x14f1724a6e80000
2015-08-10 18:27:56,003 - INFO  [ProcessThread(sid:3 cport:-1)::PrepRequestProcessor@476] - Processed session termination for sessionid: 0x24f1724b8af0000
2015-08-10 18:27:56,004 - INFO  [ProcessThread(sid:3 cport:-1)::PrepRequestProcessor@476] - Processed session termination for sessionid: 0x14f1724a6e80001
2015-08-10 18:27:56,004 - INFO  [ProcessThread(sid:3 cport:-1)::PrepRequestProcessor@476] - Processed session termination for sessionid: 0x34f1724a35e0000
2015-08-10 18:27:56,005 - INFO  [ProcessThread(sid:3 cport:-1)::PrepRequestProcessor@476] - Processed session termination for sessionid: 0x24f1724b8af0001
2015-08-10 18:27:56,005 - INFO  [ProcessThread(sid:3 cport:-1)::PrepRequestProcessor@476] - Processed session termination for sessionid: 0x14f1724a6e80003
2015-08-10 18:27:56,006 - INFO  [ProcessThread(sid:3 cport:-1)::PrepRequestProcessor@476] - Processed session termination for sessionid: 0x14f1724a6e80004
2015-08-10 18:27:58,000 - INFO  [SessionTracker:ZooKeeperServer@325] - Expiring session 0x24f1724b8af000a, timeout of 10000ms exceeded
2015-08-10 18:27:58,000 - INFO  [ProcessThread(sid:3 cport:-1)::PrepRequestProcessor@476] - Processed session termination for sessionid: 0x24f1724b8af000a
2015-08-10 18:28:00,000 - INFO  [SessionTracker:ZooKeeperServer@325] - Expiring session 0x24f1724b8af0002, timeout of 10000ms exceeded
2015-08-10 18:28:00,001 - INFO  [SessionTracker:ZooKeeperServer@325] - Expiring session 0x24f1724b8af0003, timeout of 10000ms exceeded
2015-08-10 18:28:00,001 - INFO  [SessionTracker:ZooKeeperServer@325] - Expiring session 0x34f1724a35e0001, timeout of 10000ms exceeded
2015-08-10 18:28:00,001 - INFO  [SessionTracker:ZooKeeperServer@325] - Expiring session 0x34f1724a35e0002, timeout of 10000ms exceeded
2015-08-10 18:28:00,001 - INFO  [ProcessThread(sid:3 cport:-1)::PrepRequestProcessor@476] - Processed session termination for sessionid: 0x24f1724b8af0002
2015-08-10 18:28:00,002 - INFO  [ProcessThread(sid:3 cport:-1)::PrepRequestProcessor@476] - Processed session termination for sessionid: 0x24f1724b8af0003
2015-08-10 18:28:00,002 - INFO  [ProcessThread(sid:3 cport:-1)::PrepRequestProcessor@476] - Processed session termination for sessionid: 0x34f1724a35e0001
2015-08-10 18:28:00,003 - INFO  [ProcessThread(sid:3 cport:-1)::PrepRequestProcessor@476] - Processed session termination for sessionid: 0x34f1724a35e0002
2015-08-10 18:28:26,545 - INFO  [NIOServerCxn.Factory:0.0.0.0/0.0.0.0:2181:NIOServerCnxnFactory@197] - Accepted socket connection from /10.10.34.12:33415
2015-08-10 18:28:26,545 - WARN  [NIOServerCxn.Factory:0.0.0.0/0.0.0.0:2181:ZooKeeperServer@793] - Connection request from old client /10.10.34.12:33415; will be dropped if server is in r-o mode
2015-08-10 18:28:26,546 - INFO  [NIOServerCxn.Factory:0.0.0.0/0.0.0.0:2181:ZooKeeperServer@839] - Client attempting to establish new session at /10.10.34.12:33415
2015-08-10 18:28:26,548 - INFO  [CommitProcessor:3:ZooKeeperServer@595] - Established session 0x34f1724a35e0009 with negotiated timeout 10000 for client /10.10.34.12:33415
2015-08-10 18:28:26,655 - INFO  [NIOServerCxn.Factory:0.0.0.0/0.0.0.0:2181:NIOServerCnxnFactory@197] - Accepted socket connection from /10.10.34.13:58245
2015-08-10 18:28:26,656 - WARN  [NIOServerCxn.Factory:0.0.0.0/0.0.0.0:2181:ZooKeeperServer@793] - Connection request from old client /10.10.34.13:58245; will be dropped if server is in r-o mode
2015-08-10 18:28:26,656 - INFO  [NIOServerCxn.Factory:0.0.0.0/0.0.0.0:2181:ZooKeeperServer@839] - Client attempting to establish new session at /10.10.34.13:58245
2015-08-10 18:28:26,657 - INFO  [NIOServerCxn.Factory:0.0.0.0/0.0.0.0:2181:NIOServerCnxnFactory@197] - Accepted socket connection from /10.10.34.13:58247
2015-08-10 18:28:26,657 - WARN  [NIOServerCxn.Factory:0.0.0.0/0.0.0.0:2181:ZooKeeperServer@793] - Connection request from old client /10.10.34.13:58247; will be dropped if server is in r-o mode
2015-08-10 18:28:26,658 - INFO  [NIOServerCxn.Factory:0.0.0.0/0.0.0.0:2181:ZooKeeperServer@839] - Client attempting to establish new session at /10.10.34.13:58247
2015-08-10 18:28:26,659 - INFO  [CommitProcessor:3:ZooKeeperServer@595] - Established session 0x34f1724a35e000a with negotiated timeout 10000 for client /10.10.34.13:58245
2015-08-10 18:28:26,660 - INFO  [CommitProcessor:3:ZooKeeperServer@595] - Established session 0x34f1724a35e000b with negotiated timeout 10000 for client /10.10.34.13:58247
2015-08-10 18:28:28,273 - INFO  [NIOServerCxn.Factory:0.0.0.0/0.0.0.0:2181:NIOServerCnxnFactory@197] - Accepted socket connection from /10.10.34.11:34756
2015-08-10 18:28:28,273 - WARN  [NIOServerCxn.Factory:0.0.0.0/0.0.0.0:2181:ZooKeeperServer@793] - Connection request from old client /10.10.34.11:34756; will be dropped if server is in r-o mode
2015-08-10 18:28:28,274 - INFO  [NIOServerCxn.Factory:0.0.0.0/0.0.0.0:2181:ZooKeeperServer@839] - Client attempting to establish new session at /10.10.34.11:34756
2015-08-10 18:28:28,276 - INFO  [CommitProcessor:3:ZooKeeperServer@595] - Established session 0x34f1724a35e000c with negotiated timeout 10000 for client /10.10.34.11:34756
2015-08-10 18:28:28,674 - INFO  [NIOServerCxn.Factory:0.0.0.0/0.0.0.0:2181:NIOServerCnxnFactory@197] - Accepted socket connection from /10.10.34.15:45245
2015-08-10 18:28:28,674 - WARN  [NIOServerCxn.Factory:0.0.0.0/0.0.0.0:2181:ZooKeeperServer@793] - Connection request from old client /10.10.34.15:45245; will be dropped if server is in r-o mode
2015-08-10 18:28:28,675 - INFO  [NIOServerCxn.Factory:0.0.0.0/0.0.0.0:2181:ZooKeeperServer@839] - Client attempting to establish new session at /10.10.34.15:45245
2015-08-10 18:28:28,677 - INFO  [CommitProcessor:3:ZooKeeperServer@595] - Established session 0x34f1724a35e000d with negotiated timeout 10000 for client /10.10.34.15:45245
2015-08-10 18:28:29,624 - INFO  [NIOServerCxn.Factory:0.0.0.0/0.0.0.0:2181:NIOServerCnxnFactory@197] - Accepted socket connection from /10.10.34.23:52001
2015-08-10 18:28:29,625 - WARN  [NIOServerCxn.Factory:0.0.0.0/0.0.0.0:2181:ZooKeeperServer@793] - Connection request from old client /10.10.34.23:52001; will be dropped if server is in r-o mode
2015-08-10 18:28:29,625 - INFO  [NIOServerCxn.Factory:0.0.0.0/0.0.0.0:2181:ZooKeeperServer@839] - Client attempting to establish new session at /10.10.34.23:52001
2015-08-10 18:28:29,627 - INFO  [CommitProcessor:3:ZooKeeperServer@595] - Established session 0x34f1724a35e000e with negotiated timeout 10000 for client /10.10.34.23:52001
2015-08-10 18:28:29,826 - INFO  [NIOServerCxn.Factory:0.0.0.0/0.0.0.0:2181:NIOServerCnxnFactory@197] - Accepted socket connection from /10.10.34.25:57499
2015-08-10 18:28:29,827 - WARN  [NIOServerCxn.Factory:0.0.0.0/0.0.0.0:2181:ZooKeeperServer@793] - Connection request from old client /10.10.34.25:57499; will be dropped if server is in r-o mode
2015-08-10 18:28:29,827 - INFO  [NIOServerCxn.Factory:0.0.0.0/0.0.0.0:2181:ZooKeeperServer@839] - Client attempting to establish new session at /10.10.34.25:57499
2015-08-10 18:28:29,829 - INFO  [CommitProcessor:3:ZooKeeperServer@595] - Established session 0x34f1724a35e000f with negotiated timeout 10000 for client /10.10.34.25:57499
2015-08-10 18:29:06,730 - INFO  [NIOServerCxn.Factory:0.0.0.0/0.0.0.0:2181:NIOServerCnxnFactory@197] - Accepted socket connection from /10.10.34.11:34800
2015-08-10 18:29:06,730 - WARN  [NIOServerCxn.Factory:0.0.0.0/0.0.0.0:2181:ZooKeeperServer@793] - Connection request from old client /10.10.34.11:34800; will be dropped if server is in r-o mode
2015-08-10 18:29:06,731 - INFO  [NIOServerCxn.Factory:0.0.0.0/0.0.0.0:2181:ZooKeeperServer@839] - Client attempting to establish new session at /10.10.34.11:34800
2015-08-10 18:29:06,733 - INFO  [CommitProcessor:3:ZooKeeperServer@595] - Established session 0x34f1724a35e0010 with negotiated timeout 20000 for client /10.10.34.11:34800
2015-08-10 18:32:00,312 - WARN  [NIOServerCxn.Factory:0.0.0.0/0.0.0.0:2181:NIOServerCnxn@349] - caught end of stream exception
2015-08-10 18:32:00,313 - INFO  [NIOServerCxn.Factory:0.0.0.0/0.0.0.0:2181:NIOServerCnxn@1001] - Closed socket connection for client /10.10.34.11:34800 which had sessionid 0x34f1724a35e0010
2015-08-10 18:32:12,000 - INFO  [SessionTracker:ZooKeeperServer@325] - Expiring session 0x24f1724b8af0018, timeout of 10000ms exceeded
2015-08-10 18:32:12,000 - INFO  [ProcessThread(sid:3 cport:-1)::PrepRequestProcessor@476] - Processed session termination for sessionid: 0x24f1724b8af0018
2015-08-10 18:32:20,001 - INFO  [SessionTracker:ZooKeeperServer@325] - Expiring session 0x24f1724b8af0017, timeout of 20000ms exceeded
2015-08-10 18:32:20,001 - INFO  [ProcessThread(sid:3 cport:-1)::PrepRequestProcessor@476] - Processed session termination for sessionid: 0x24f1724b8af0017
2015-08-10 18:32:22,000 - INFO  [SessionTracker:ZooKeeperServer@325] - Expiring session 0x34f1724a35e0010, timeout of 20000ms exceeded
2015-08-10 18:32:22,000 - INFO  [ProcessThread(sid:3 cport:-1)::PrepRequestProcessor@476] - Processed session termination for sessionid: 0x34f1724a35e0010
2015-08-10 18:34:57,749 - INFO  [NIOServerCxn.Factory:0.0.0.0/0.0.0.0:2181:NIOServerCnxnFactory@197] - Accepted socket connection from /10.10.34.11:34806
2015-08-10 18:34:57,750 - WARN  [NIOServerCxn.Factory:0.0.0.0/0.0.0.0:2181:ZooKeeperServer@793] - Connection request from old client /10.10.34.11:34806; will be dropped if server is in r-o mode
2015-08-10 18:34:57,750 - INFO  [NIOServerCxn.Factory:0.0.0.0/0.0.0.0:2181:ZooKeeperServer@839] - Client attempting to establish new session at /10.10.34.11:34806
2015-08-10 18:34:57,752 - INFO  [CommitProcessor:3:ZooKeeperServer@595] - Established session 0x34f1724a35e0011 with negotiated timeout 10000 for client /10.10.34.11:34806
2015-08-10 18:34:58,572 - WARN  [NIOServerCxn.Factory:0.0.0.0/0.0.0.0:2181:NIOServerCnxn@349] - caught end of stream exception
2015-08-10 18:34:58,573 - INFO  [NIOServerCxn.Factory:0.0.0.0/0.0.0.0:2181:NIOServerCnxn@1001] - Closed socket connection for client /10.10.34.11:34806 which had sessionid 0x34f1724a35e0011
2015-08-10 18:35:07,177 - INFO  [NIOServerCxn.Factory:0.0.0.0/0.0.0.0:2181:NIOServerCnxnFactory@197] - Accepted socket connection from /10.10.34.11:34811
2015-08-10 18:35:07,178 - WARN  [NIOServerCxn.Factory:0.0.0.0/0.0.0.0:2181:ZooKeeperServer@793] - Connection request from old client /10.10.34.11:34811; will be dropped if server is in r-o mode
2015-08-10 18:35:07,178 - INFO  [NIOServerCxn.Factory:0.0.0.0/0.0.0.0:2181:ZooKeeperServer@839] - Client attempting to establish new session at /10.10.34.11:34811
2015-08-10 18:35:07,180 - INFO  [CommitProcessor:3:ZooKeeperServer@595] - Established session 0x34f1724a35e0012 with negotiated timeout 20000 for client /10.10.34.11:34811
2015-08-10 18:35:07,189 - INFO  [NIOServerCxn.Factory:0.0.0.0/0.0.0.0:2181:NIOServerCnxnFactory@197] - Accepted socket connection from /10.10.34.11:34812
2015-08-10 18:35:07,189 - WARN  [NIOServerCxn.Factory:0.0.0.0/0.0.0.0:2181:ZooKeeperServer@793] - Connection request from old client /10.10.34.11:34812; will be dropped if server is in r-o mode
2015-08-10 18:35:07,190 - INFO  [NIOServerCxn.Factory:0.0.0.0/0.0.0.0:2181:ZooKeeperServer@839] - Client attempting to establish new session at /10.10.34.11:34812
2015-08-10 18:35:07,192 - INFO  [CommitProcessor:3:ZooKeeperServer@595] - Established session 0x34f1724a35e0013 with negotiated timeout 10000 for client /10.10.34.11:34812
2015-08-10 18:35:10,000 - INFO  [SessionTracker:ZooKeeperServer@325] - Expiring session 0x34f1724a35e0011, timeout of 10000ms exceeded
2015-08-10 18:35:10,001 - INFO  [ProcessThread(sid:3 cport:-1)::PrepRequestProcessor@476] - Processed session termination for sessionid: 0x34f1724a35e0011
2015-08-10 18:35:20,000 - INFO  [SessionTracker:ZooKeeperServer@325] - Expiring session 0x14f1724a6e80015, timeout of 20000ms exceeded
2015-08-10 18:35:20,000 - INFO  [SessionTracker:ZooKeeperServer@325] - Expiring session 0x14f1724a6e80014, timeout of 20000ms exceeded
2015-08-10 18:35:20,000 - INFO  [ProcessThread(sid:3 cport:-1)::PrepRequestProcessor@476] - Processed session termination for sessionid: 0x14f1724a6e80015
2015-08-10 18:35:20,001 - INFO  [ProcessThread(sid:3 cport:-1)::PrepRequestProcessor@476] - Processed session termination for sessionid: 0x14f1724a6e80014
2015-08-11 06:07:54,760 - WARN  [NIOServerCxn.Factory:0.0.0.0/0.0.0.0:2181:NIOServerCnxn@349] - caught end of stream exception
2015-08-11 06:07:54,761 - INFO  [NIOServerCxn.Factory:0.0.0.0/0.0.0.0:2181:NIOServerCnxn@1001] - Closed socket connection for client /10.10.34.11:34811 which had sessionid 0x34f1724a35e0012
2015-08-11 06:07:54,762 - WARN  [NIOServerCxn.Factory:0.0.0.0/0.0.0.0:2181:NIOServerCnxn@349] - caught end of stream exception
2015-08-11 06:07:54,763 - INFO  [NIOServerCxn.Factory:0.0.0.0/0.0.0.0:2181:NIOServerCnxn@1001] - Closed socket connection for client /10.10.34.11:34812 which had sessionid 0x34f1724a35e0013
2015-08-11 06:08:04,000 - INFO  [SessionTracker:ZooKeeperServer@325] - Expiring session 0x34f1724a35e0013, timeout of 10000ms exceeded
2015-08-11 06:08:04,001 - INFO  [ProcessThread(sid:3 cport:-1)::PrepRequestProcessor@476] - Processed session termination for sessionid: 0x34f1724a35e0013
2015-08-11 06:08:12,000 - INFO  [SessionTracker:ZooKeeperServer@325] - Expiring session 0x24f1724b8af0019, timeout of 20000ms exceeded
2015-08-11 06:08:12,000 - INFO  [ProcessThread(sid:3 cport:-1)::PrepRequestProcessor@476] - Processed session termination for sessionid: 0x24f1724b8af0019
2015-08-11 06:08:14,000 - INFO  [SessionTracker:ZooKeeperServer@325] - Expiring session 0x34f1724a35e0012, timeout of 20000ms exceeded
2015-08-11 06:08:14,001 - INFO  [ProcessThread(sid:3 cport:-1)::PrepRequestProcessor@476] - Processed session termination for sessionid: 0x34f1724a35e0012
2015-08-18 16:09:28,841 - INFO  [main:QuorumPeerConfig@101] - Reading configuration from: /etc/zookeeper/conf/zoo.cfg
2015-08-18 16:09:28,855 - INFO  [main:QuorumPeerConfig@334] - Defaulting to majority quorums
2015-08-18 16:09:28,871 - INFO  [main:DatadirCleanupManager@78] - autopurge.snapRetainCount set to 3
2015-08-18 16:09:28,871 - INFO  [main:DatadirCleanupManager@79] - autopurge.purgeInterval set to 0
2015-08-18 16:09:28,872 - INFO  [main:DatadirCleanupManager@101] - Purge task is not scheduled.
2015-08-18 16:09:28,889 - INFO  [main:QuorumPeerMain@127] - Starting quorum peer
2015-08-18 16:09:28,908 - INFO  [main:NIOServerCnxnFactory@94] - binding to port 0.0.0.0/0.0.0.0:2181
2015-08-18 16:09:28,938 - INFO  [main:QuorumPeer@913] - tickTime set to 2000
2015-08-18 16:09:28,938 - INFO  [main:QuorumPeer@933] - minSessionTimeout set to -1
2015-08-18 16:09:28,938 - INFO  [main:QuorumPeer@944] - maxSessionTimeout set to -1
2015-08-18 16:09:28,939 - INFO  [main:QuorumPeer@959] - initLimit set to 10
2015-08-18 16:09:28,978 - INFO  [main:FileSnap@83] - Reading snapshot /var/lib/zookeeper/version-2/snapshot.900000007
2015-08-18 16:09:29,050 - INFO  [Thread-1:QuorumCnxManager$Listener@486] - My election bind port: 0.0.0.0/0.0.0.0:3888
2015-08-18 16:09:29,066 - INFO  [QuorumPeer[myid=3]/0:0:0:0:0:0:0:0:2181:QuorumPeer@670] - LOOKING
2015-08-18 16:09:29,069 - INFO  [QuorumPeer[myid=3]/0:0:0:0:0:0:0:0:2181:FastLeaderElection@740] - New election. My id =  3, proposed zxid=0xa0000009a
2015-08-18 16:09:29,079 - INFO  [WorkerReceiver[myid=3]:FastLeaderElection@542] - Notification: 2 (n.leader), 0xa0000009a (n.zxid), 0x1 (n.round), LOOKING (n.state), 1 (n.sid), 0xa (n.peerEPoch), LOOKING (my state)
2015-08-18 16:09:29,083 - INFO  [WorkerReceiver[myid=3]:FastLeaderElection@542] - Notification: 3 (n.leader), 0xa0000009a (n.zxid), 0x1 (n.round), LOOKING (n.state), 3 (n.sid), 0xa (n.peerEPoch), LOOKING (my state)
2015-08-18 16:09:29,083 - INFO  [WorkerReceiver[myid=3]:FastLeaderElection@542] - Notification: 2 (n.leader), 0xa0000009a (n.zxid), 0x1 (n.round), FOLLOWING (n.state), 1 (n.sid), 0xa (n.peerEPoch), LOOKING (my state)
2015-08-18 16:09:29,084 - INFO  [WorkerReceiver[myid=3]:FastLeaderElection@542] - Notification: 2 (n.leader), 0xa0000009a (n.zxid), 0x1 (n.round), LOOKING (n.state), 2 (n.sid), 0xa (n.peerEPoch), LOOKING (my state)
2015-08-18 16:09:29,084 - INFO  [WorkerReceiver[myid=3]:FastLeaderElection@542] - Notification: 2 (n.leader), 0xa0000009a (n.zxid), 0x1 (n.round), LEADING (n.state), 2 (n.sid), 0xa (n.peerEPoch), LOOKING (my state)
2015-08-18 16:09:29,085 - INFO  [QuorumPeer[myid=3]/0:0:0:0:0:0:0:0:2181:QuorumPeer@738] - FOLLOWING
2015-08-18 16:09:29,092 - INFO  [QuorumPeer[myid=3]/0:0:0:0:0:0:0:0:2181:Learner@85] - TCP NoDelay set to: true
2015-08-18 16:09:29,103 - INFO  [QuorumPeer[myid=3]/0:0:0:0:0:0:0:0:2181:Environment@100] - Server environment:zookeeper.version=3.4.5--1, built on 06/10/2013 17:26 GMT
2015-08-18 16:09:29,103 - INFO  [QuorumPeer[myid=3]/0:0:0:0:0:0:0:0:2181:Environment@100] - Server environment:host.name=mesos-master-3
2015-08-18 16:09:29,103 - INFO  [QuorumPeer[myid=3]/0:0:0:0:0:0:0:0:2181:Environment@100] - Server environment:java.version=1.7.0_79
2015-08-18 16:09:29,103 - INFO  [QuorumPeer[myid=3]/0:0:0:0:0:0:0:0:2181:Environment@100] - Server environment:java.vendor=Oracle Corporation
2015-08-18 16:09:29,103 - INFO  [QuorumPeer[myid=3]/0:0:0:0:0:0:0:0:2181:Environment@100] - Server environment:java.home=/usr/lib/jvm/java-7-openjdk-amd64/jre
2015-08-18 16:09:29,103 - INFO  [QuorumPeer[myid=3]/0:0:0:0:0:0:0:0:2181:Environment@100] - Server environment:java.class.path=/etc/zookeeper/conf:/usr/share/java/jline.jar:/usr/share/java/log4j-1.2.jar:/usr/share/java/xercesImpl.jar:/usr/share/java/xmlParserAPIs.jar:/usr/share/java/netty.jar:/usr/share/java/slf4j-api.jar:/usr/share/java/slf4j-log4j12.jar:/usr/share/java/zookeeper.jar
2015-08-18 16:09:29,104 - INFO  [QuorumPeer[myid=3]/0:0:0:0:0:0:0:0:2181:Environment@100] - Server environment:java.library.path=/usr/java/packages/lib/amd64:/usr/lib/x86_64-linux-gnu/jni:/lib/x86_64-linux-gnu:/usr/lib/x86_64-linux-gnu:/usr/lib/jni:/lib:/usr/lib
2015-08-18 16:09:29,104 - INFO  [QuorumPeer[myid=3]/0:0:0:0:0:0:0:0:2181:Environment@100] - Server environment:java.io.tmpdir=/tmp
2015-08-18 16:09:29,104 - INFO  [QuorumPeer[myid=3]/0:0:0:0:0:0:0:0:2181:Environment@100] - Server environment:java.compiler=<NA>
2015-08-18 16:09:29,104 - INFO  [QuorumPeer[myid=3]/0:0:0:0:0:0:0:0:2181:Environment@100] - Server environment:os.name=Linux
2015-08-18 16:09:29,104 - INFO  [QuorumPeer[myid=3]/0:0:0:0:0:0:0:0:2181:Environment@100] - Server environment:os.arch=amd64
2015-08-18 16:09:29,104 - INFO  [QuorumPeer[myid=3]/0:0:0:0:0:0:0:0:2181:Environment@100] - Server environment:os.version=3.16.0-30-generic
2015-08-18 16:09:29,105 - INFO  [QuorumPeer[myid=3]/0:0:0:0:0:0:0:0:2181:Environment@100] - Server environment:user.name=zookeeper
2015-08-18 16:09:29,105 - INFO  [QuorumPeer[myid=3]/0:0:0:0:0:0:0:0:2181:Environment@100] - Server environment:user.home=/var/lib/zookeeper
2015-08-18 16:09:29,105 - INFO  [QuorumPeer[myid=3]/0:0:0:0:0:0:0:0:2181:Environment@100] - Server environment:user.dir=/
2015-08-18 16:09:29,107 - INFO  [QuorumPeer[myid=3]/0:0:0:0:0:0:0:0:2181:ZooKeeperServer@162] - Created server with tickTime 2000 minSessionTimeout 4000 maxSessionTimeout 40000 datadir /var/lib/zookeeper/version-2 snapdir /var/lib/zookeeper/version-2
2015-08-18 16:09:29,108 - INFO  [QuorumPeer[myid=3]/0:0:0:0:0:0:0:0:2181:Follower@63] - FOLLOWING - LEADER ELECTION TOOK - 39
2015-08-18 16:09:29,118 - INFO  [QuorumPeer[myid=3]/0:0:0:0:0:0:0:0:2181:Learner@322] - Getting a diff from the leader 0xa0000009a
2015-08-18 16:09:29,125 - INFO  [QuorumPeer[myid=3]/0:0:0:0:0:0:0:0:2181:FileTxnSnapLog@240] - Snapshotting: 0xa0000009a to /var/lib/zookeeper/version-2/snapshot.a0000009a
2015-08-18 16:09:36,888 - WARN  [QuorumPeer[myid=3]/0:0:0:0:0:0:0:0:2181:Follower@118] - Got zxid 0xb00000001 expected 0x1
2015-08-18 16:09:36,889 - INFO  [SyncThread:3:FileTxnLog@199] - Creating new log file: log.b00000001
2015-08-20 13:12:38,531 - INFO  [NIOServerCxn.Factory:0.0.0.0/0.0.0.0:2181:NIOServerCnxnFactory@197] - Accepted socket connection from /10.10.34.13:57207
2015-08-20 13:12:38,541 - WARN  [NIOServerCxn.Factory:0.0.0.0/0.0.0.0:2181:ZooKeeperServer@793] - Connection request from old client /10.10.34.13:57207; will be dropped if server is in r-o mode
2015-08-20 13:12:38,542 - INFO  [NIOServerCxn.Factory:0.0.0.0/0.0.0.0:2181:ZooKeeperServer@839] - Client attempting to establish new session at /10.10.34.13:57207
2015-08-20 13:12:38,552 - INFO  [CommitProcessor:3:ZooKeeperServer@595] - Established session 0x34f3fdb1f230000 with negotiated timeout 10000 for client /10.10.34.13:57207
2015-08-20 13:12:42,342 - INFO  [NIOServerCxn.Factory:0.0.0.0/0.0.0.0:2181:NIOServerCnxnFactory@197] - Accepted socket connection from /10.10.34.16:34173
2015-08-20 13:12:42,343 - WARN  [NIOServerCxn.Factory:0.0.0.0/0.0.0.0:2181:ZooKeeperServer@793] - Connection request from old client /10.10.34.16:34173; will be dropped if server is in r-o mode
2015-08-20 13:12:42,343 - INFO  [NIOServerCxn.Factory:0.0.0.0/0.0.0.0:2181:ZooKeeperServer@839] - Client attempting to establish new session at /10.10.34.16:34173
2015-08-20 13:12:42,346 - INFO  [CommitProcessor:3:ZooKeeperServer@595] - Established session 0x34f3fdb1f230001 with negotiated timeout 10000 for client /10.10.34.16:34173
2015-08-20 13:12:42,502 - INFO  [NIOServerCxn.Factory:0.0.0.0/0.0.0.0:2181:NIOServerCnxnFactory@197] - Accepted socket connection from /10.10.34.15:40764
2015-08-20 13:12:42,503 - WARN  [NIOServerCxn.Factory:0.0.0.0/0.0.0.0:2181:ZooKeeperServer@793] - Connection request from old client /10.10.34.15:40764; will be dropped if server is in r-o mode
2015-08-20 13:12:42,503 - INFO  [NIOServerCxn.Factory:0.0.0.0/0.0.0.0:2181:ZooKeeperServer@839] - Client attempting to establish new session at /10.10.34.15:40764
2015-08-20 13:12:42,506 - INFO  [CommitProcessor:3:ZooKeeperServer@595] - Established session 0x34f3fdb1f230002 with negotiated timeout 10000 for client /10.10.34.15:40764
2015-08-20 13:12:43,212 - INFO  [NIOServerCxn.Factory:0.0.0.0/0.0.0.0:2181:NIOServerCnxnFactory@197] - Accepted socket connection from /10.10.34.20:35066
2015-08-20 13:12:43,213 - WARN  [NIOServerCxn.Factory:0.0.0.0/0.0.0.0:2181:ZooKeeperServer@793] - Connection request from old client /10.10.34.20:35066; will be dropped if server is in r-o mode
2015-08-20 13:12:43,213 - INFO  [NIOServerCxn.Factory:0.0.0.0/0.0.0.0:2181:ZooKeeperServer@839] - Client attempting to establish new session at /10.10.34.20:35066
2015-08-20 13:12:43,216 - INFO  [CommitProcessor:3:ZooKeeperServer@595] - Established session 0x34f3fdb1f230003 with negotiated timeout 10000 for client /10.10.34.20:35066
2015-08-20 13:12:43,323 - INFO  [NIOServerCxn.Factory:0.0.0.0/0.0.0.0:2181:NIOServerCnxnFactory@197] - Accepted socket connection from /10.10.34.21:47222
2015-08-20 13:12:43,324 - WARN  [NIOServerCxn.Factory:0.0.0.0/0.0.0.0:2181:ZooKeeperServer@793] - Connection request from old client /10.10.34.21:47222; will be dropped if server is in r-o mode
2015-08-20 13:12:43,325 - INFO  [NIOServerCxn.Factory:0.0.0.0/0.0.0.0:2181:ZooKeeperServer@839] - Client attempting to establish new session at /10.10.34.21:47222
2015-08-20 13:12:43,328 - INFO  [CommitProcessor:3:ZooKeeperServer@595] - Established session 0x34f3fdb1f230004 with negotiated timeout 10000 for client /10.10.34.21:47222
2015-08-20 13:12:43,855 - INFO  [NIOServerCxn.Factory:0.0.0.0/0.0.0.0:2181:NIOServerCnxnFactory@197] - Accepted socket connection from /10.10.34.26:53416
2015-08-20 13:12:43,855 - WARN  [NIOServerCxn.Factory:0.0.0.0/0.0.0.0:2181:ZooKeeperServer@793] - Connection request from old client /10.10.34.26:53416; will be dropped if server is in r-o mode
2015-08-20 13:12:43,856 - INFO  [NIOServerCxn.Factory:0.0.0.0/0.0.0.0:2181:ZooKeeperServer@839] - Client attempting to establish new session at /10.10.34.26:53416
2015-08-20 13:12:43,858 - INFO  [CommitProcessor:3:ZooKeeperServer@595] - Established session 0x34f3fdb1f230005 with negotiated timeout 10000 for client /10.10.34.26:53416
2015-08-20 13:12:44,110 - INFO  [NIOServerCxn.Factory:0.0.0.0/0.0.0.0:2181:NIOServerCnxnFactory@197] - Accepted socket connection from /10.10.34.17:52240
2015-08-20 13:12:44,111 - WARN  [NIOServerCxn.Factory:0.0.0.0/0.0.0.0:2181:ZooKeeperServer@793] - Connection request from old client /10.10.34.17:52240; will be dropped if server is in r-o mode
2015-08-20 13:12:44,111 - INFO  [NIOServerCxn.Factory:0.0.0.0/0.0.0.0:2181:ZooKeeperServer@839] - Client attempting to establish new session at /10.10.34.17:52240
2015-08-20 13:12:44,114 - INFO  [CommitProcessor:3:ZooKeeperServer@595] - Established session 0x34f3fdb1f230006 with negotiated timeout 10000 for client /10.10.34.17:52240
2015-08-20 13:12:58,475 - WARN  [NIOServerCxn.Factory:0.0.0.0/0.0.0.0:2181:NIOServerCnxn@349] - caught end of stream exception
2015-08-20 13:12:58,487 - INFO  [NIOServerCxn.Factory:0.0.0.0/0.0.0.0:2181:NIOServerCnxn@1001] - Closed socket connection for client /10.10.34.15:40764 which had sessionid 0x34f3fdb1f230002
2015-08-20 13:12:58,589 - WARN  [NIOServerCxn.Factory:0.0.0.0/0.0.0.0:2181:NIOServerCnxn@349] - caught end of stream exception
2015-08-20 13:12:58,590 - INFO  [NIOServerCxn.Factory:0.0.0.0/0.0.0.0:2181:NIOServerCnxn@1001] - Closed socket connection for client /10.10.34.16:34173 which had sessionid 0x34f3fdb1f230001
2015-08-20 13:12:58,780 - WARN  [NIOServerCxn.Factory:0.0.0.0/0.0.0.0:2181:NIOServerCnxn@349] - caught end of stream exception
2015-08-20 13:12:58,781 - INFO  [NIOServerCxn.Factory:0.0.0.0/0.0.0.0:2181:NIOServerCnxn@1001] - Closed socket connection for client /10.10.34.17:52240 which had sessionid 0x34f3fdb1f230006
2015-08-20 13:12:59,114 - WARN  [NIOServerCxn.Factory:0.0.0.0/0.0.0.0:2181:NIOServerCnxn@349] - caught end of stream exception
2015-08-20 13:12:59,115 - INFO  [NIOServerCxn.Factory:0.0.0.0/0.0.0.0:2181:NIOServerCnxn@1001] - Closed socket connection for client /10.10.34.20:35066 which had sessionid 0x34f3fdb1f230003
2015-08-20 13:12:59,208 - WARN  [NIOServerCxn.Factory:0.0.0.0/0.0.0.0:2181:NIOServerCnxn@349] - caught end of stream exception
2015-08-20 13:12:59,209 - INFO  [NIOServerCxn.Factory:0.0.0.0/0.0.0.0:2181:NIOServerCnxn@1001] - Closed socket connection for client /10.10.34.21:47222 which had sessionid 0x34f3fdb1f230004
2015-08-20 13:12:59,722 - WARN  [NIOServerCxn.Factory:0.0.0.0/0.0.0.0:2181:NIOServerCnxn@349] - caught end of stream exception
2015-08-20 13:12:59,723 - INFO  [NIOServerCxn.Factory:0.0.0.0/0.0.0.0:2181:NIOServerCnxn@1001] - Closed socket connection for client /10.10.34.26:53416 which had sessionid 0x34f3fdb1f230005
2015-08-20 13:13:07,700 - WARN  [NIOServerCxn.Factory:0.0.0.0/0.0.0.0:2181:NIOServerCnxn@349] - caught end of stream exception
2015-08-20 13:13:07,702 - INFO  [NIOServerCxn.Factory:0.0.0.0/0.0.0.0:2181:NIOServerCnxn@1001] - Closed socket connection for client /10.10.34.13:57207 which had sessionid 0x34f3fdb1f230000
2015-08-20 13:13:32,229 - INFO  [NIOServerCxn.Factory:0.0.0.0/0.0.0.0:2181:NIOServerCnxnFactory@197] - Accepted socket connection from /10.10.34.14:48851
2015-08-20 13:13:32,229 - WARN  [NIOServerCxn.Factory:0.0.0.0/0.0.0.0:2181:ZooKeeperServer@793] - Connection request from old client /10.10.34.14:48851; will be dropped if server is in r-o mode
2015-08-20 13:13:32,230 - INFO  [NIOServerCxn.Factory:0.0.0.0/0.0.0.0:2181:ZooKeeperServer@839] - Client attempting to establish new session at /10.10.34.14:48851
2015-08-20 13:13:32,233 - INFO  [CommitProcessor:3:ZooKeeperServer@595] - Established session 0x34f3fdb1f230007 with negotiated timeout 10000 for client /10.10.34.14:48851
2015-08-20 13:28:51,366 - INFO  [NIOServerCxn.Factory:0.0.0.0/0.0.0.0:2181:NIOServerCnxnFactory@197] - Accepted socket connection from /10.10.34.11:59708
2015-08-20 13:28:51,367 - WARN  [NIOServerCxn.Factory:0.0.0.0/0.0.0.0:2181:ZooKeeperServer@793] - Connection request from old client /10.10.34.11:59708; will be dropped if server is in r-o mode
2015-08-20 13:28:51,368 - INFO  [NIOServerCxn.Factory:0.0.0.0/0.0.0.0:2181:ZooKeeperServer@839] - Client attempting to establish new session at /10.10.34.11:59708
2015-08-20 13:28:51,368 - INFO  [NIOServerCxn.Factory:0.0.0.0/0.0.0.0:2181:NIOServerCnxnFactory@197] - Accepted socket connection from /10.10.34.11:59710
2015-08-20 13:28:51,369 - WARN  [NIOServerCxn.Factory:0.0.0.0/0.0.0.0:2181:ZooKeeperServer@793] - Connection request from old client /10.10.34.11:59710; will be dropped if server is in r-o mode
2015-08-20 13:28:51,369 - INFO  [NIOServerCxn.Factory:0.0.0.0/0.0.0.0:2181:ZooKeeperServer@839] - Client attempting to establish new session at /10.10.34.11:59710
2015-08-20 13:28:51,371 - INFO  [CommitProcessor:3:ZooKeeperServer@595] - Established session 0x34f3fdb1f230008 with negotiated timeout 10000 for client /10.10.34.11:59708
2015-08-20 13:28:51,372 - INFO  [CommitProcessor:3:ZooKeeperServer@595] - Established session 0x34f3fdb1f230009 with negotiated timeout 10000 for client /10.10.34.11:59710
2015-08-20 13:28:53,186 - INFO  [NIOServerCxn.Factory:0.0.0.0/0.0.0.0:2181:NIOServerCnxnFactory@197] - Accepted socket connection from /10.10.34.11:59722
2015-08-20 13:28:53,187 - WARN  [NIOServerCxn.Factory:0.0.0.0/0.0.0.0:2181:ZooKeeperServer@793] - Connection request from old client /10.10.34.11:59722; will be dropped if server is in r-o mode
2015-08-20 13:28:53,187 - INFO  [NIOServerCxn.Factory:0.0.0.0/0.0.0.0:2181:ZooKeeperServer@839] - Client attempting to establish new session at /10.10.34.11:59722
2015-08-20 13:28:53,190 - INFO  [CommitProcessor:3:ZooKeeperServer@595] - Established session 0x34f3fdb1f23000a with negotiated timeout 10000 for client /10.10.34.11:59722
2015-08-20 13:28:53,697 - INFO  [NIOServerCxn.Factory:0.0.0.0/0.0.0.0:2181:NIOServerCnxnFactory@197] - Accepted socket connection from /10.10.34.16:34176
2015-08-20 13:28:53,698 - WARN  [NIOServerCxn.Factory:0.0.0.0/0.0.0.0:2181:ZooKeeperServer@793] - Connection request from old client /10.10.34.16:34176; will be dropped if server is in r-o mode
2015-08-20 13:28:53,698 - INFO  [NIOServerCxn.Factory:0.0.0.0/0.0.0.0:2181:ZooKeeperServer@839] - Client attempting to establish new session at /10.10.34.16:34176
2015-08-20 13:28:53,701 - INFO  [CommitProcessor:3:ZooKeeperServer@595] - Established session 0x34f3fdb1f23000b with negotiated timeout 10000 for client /10.10.34.16:34176
2015-08-20 13:28:53,892 - INFO  [NIOServerCxn.Factory:0.0.0.0/0.0.0.0:2181:NIOServerCnxnFactory@197] - Accepted socket connection from /10.10.34.17:52243
2015-08-20 13:28:53,892 - WARN  [NIOServerCxn.Factory:0.0.0.0/0.0.0.0:2181:ZooKeeperServer@793] - Connection request from old client /10.10.34.17:52243; will be dropped if server is in r-o mode
2015-08-20 13:28:53,893 - INFO  [NIOServerCxn.Factory:0.0.0.0/0.0.0.0:2181:ZooKeeperServer@839] - Client attempting to establish new session at /10.10.34.17:52243
2015-08-20 13:28:53,895 - INFO  [CommitProcessor:3:ZooKeeperServer@595] - Established session 0x34f3fdb1f23000c with negotiated timeout 10000 for client /10.10.34.17:52243
2015-08-20 13:28:54,157 - WARN  [NIOServerCxn.Factory:0.0.0.0/0.0.0.0:2181:NIOServerCnxn@349] - caught end of stream exception
2015-08-20 13:28:54,158 - INFO  [NIOServerCxn.Factory:0.0.0.0/0.0.0.0:2181:NIOServerCnxn@1001] - Closed socket connection for client /10.10.34.11:59722 which had sessionid 0x34f3fdb1f23000a
2015-08-20 13:28:54,322 - INFO  [NIOServerCxn.Factory:0.0.0.0/0.0.0.0:2181:NIOServerCnxnFactory@197] - Accepted socket connection from /10.10.34.21:47225
2015-08-20 13:28:54,323 - WARN  [NIOServerCxn.Factory:0.0.0.0/0.0.0.0:2181:ZooKeeperServer@793] - Connection request from old client /10.10.34.21:47225; will be dropped if server is in r-o mode
2015-08-20 13:28:54,323 - INFO  [NIOServerCxn.Factory:0.0.0.0/0.0.0.0:2181:ZooKeeperServer@839] - Client attempting to establish new session at /10.10.34.21:47225
2015-08-20 13:28:54,326 - INFO  [CommitProcessor:3:ZooKeeperServer@595] - Established session 0x34f3fdb1f23000d with negotiated timeout 10000 for client /10.10.34.21:47225
2015-08-20 13:28:54,727 - INFO  [NIOServerCxn.Factory:0.0.0.0/0.0.0.0:2181:NIOServerCnxnFactory@197] - Accepted socket connection from /10.10.34.25:35475
2015-08-20 13:28:54,727 - WARN  [NIOServerCxn.Factory:0.0.0.0/0.0.0.0:2181:ZooKeeperServer@793] - Connection request from old client /10.10.34.25:35475; will be dropped if server is in r-o mode
2015-08-20 13:28:54,727 - INFO  [NIOServerCxn.Factory:0.0.0.0/0.0.0.0:2181:ZooKeeperServer@839] - Client attempting to establish new session at /10.10.34.25:35475
2015-08-20 13:28:54,730 - INFO  [CommitProcessor:3:ZooKeeperServer@595] - Established session 0x34f3fdb1f23000e with negotiated timeout 10000 for client /10.10.34.25:35475
2015-08-20 17:12:20,566 - INFO  [NIOServerCxn.Factory:0.0.0.0/0.0.0.0:2181:NIOServerCnxnFactory@197] - Accepted socket connection from /10.10.34.13:57223
2015-08-20 17:12:20,568 - WARN  [NIOServerCxn.Factory:0.0.0.0/0.0.0.0:2181:ZooKeeperServer@793] - Connection request from old client /10.10.34.13:57223; will be dropped if server is in r-o mode
2015-08-20 17:12:20,568 - INFO  [NIOServerCxn.Factory:0.0.0.0/0.0.0.0:2181:ZooKeeperServer@832] - Client attempting to renew session 0x14f3fdae8ba0013 at /10.10.34.13:57223
2015-08-20 17:12:20,568 - INFO  [NIOServerCxn.Factory:0.0.0.0/0.0.0.0:2181:Learner@107] - Revalidating client: 0x14f3fdae8ba0013
2015-08-20 17:12:21,916 - INFO  [NIOServerCxn.Factory:0.0.0.0/0.0.0.0:2181:NIOServerCnxnFactory@197] - Accepted socket connection from /10.10.34.13:57224
2015-08-20 17:12:21,917 - WARN  [NIOServerCxn.Factory:0.0.0.0/0.0.0.0:2181:ZooKeeperServer@793] - Connection request from old client /10.10.34.13:57224; will be dropped if server is in r-o mode
2015-08-20 17:12:21,917 - INFO  [NIOServerCxn.Factory:0.0.0.0/0.0.0.0:2181:ZooKeeperServer@832] - Client attempting to renew session 0x14f3fdae8ba0010 at /10.10.34.13:57224
2015-08-20 17:12:21,917 - INFO  [NIOServerCxn.Factory:0.0.0.0/0.0.0.0:2181:Learner@107] - Revalidating client: 0x14f3fdae8ba0010
2015-08-20 17:12:22,058 - INFO  [NIOServerCxn.Factory:0.0.0.0/0.0.0.0:2181:NIOServerCnxnFactory@197] - Accepted socket connection from /10.10.34.13:57225
2015-08-20 17:12:22,058 - WARN  [NIOServerCxn.Factory:0.0.0.0/0.0.0.0:2181:ZooKeeperServer@793] - Connection request from old client /10.10.34.13:57225; will be dropped if server is in r-o mode
2015-08-20 17:12:22,059 - INFO  [NIOServerCxn.Factory:0.0.0.0/0.0.0.0:2181:ZooKeeperServer@832] - Client attempting to renew session 0x14f3fdae8ba0012 at /10.10.34.13:57225
2015-08-20 17:12:22,059 - INFO  [NIOServerCxn.Factory:0.0.0.0/0.0.0.0:2181:Learner@107] - Revalidating client: 0x14f3fdae8ba0012
2015-08-20 17:12:25,646 - WARN  [QuorumPeer[myid=3]/0:0:0:0:0:0:0:0:2181:Follower@89] - Exception when following the leader
2015-08-20 17:12:25,648 - INFO  [QuorumPeer[myid=3]/0:0:0:0:0:0:0:0:2181:Follower@166] - shutdown called
2015-08-20 17:12:25,649 - INFO  [QuorumPeer[myid=3]/0:0:0:0:0:0:0:0:2181:NIOServerCnxn@1001] - Closed socket connection for client /10.10.34.25:35475 which had sessionid 0x34f3fdb1f23000e
2015-08-20 17:12:25,650 - INFO  [QuorumPeer[myid=3]/0:0:0:0:0:0:0:0:2181:NIOServerCnxn@1001] - Closed socket connection for client /10.10.34.17:52243 which had sessionid 0x34f3fdb1f23000c
2015-08-20 17:12:25,650 - INFO  [QuorumPeer[myid=3]/0:0:0:0:0:0:0:0:2181:NIOServerCnxn@1001] - Closed socket connection for client /10.10.34.11:59710 which had sessionid 0x34f3fdb1f230009
2015-08-20 17:12:25,651 - INFO  [QuorumPeer[myid=3]/0:0:0:0:0:0:0:0:2181:NIOServerCnxn@1001] - Closed socket connection for client /10.10.34.13:57225 which had sessionid 0x14f3fdae8ba0012
2015-08-20 17:12:25,651 - INFO  [QuorumPeer[myid=3]/0:0:0:0:0:0:0:0:2181:NIOServerCnxn@1001] - Closed socket connection for client /10.10.34.13:57223 which had sessionid 0x14f3fdae8ba0013
2015-08-20 17:12:25,652 - INFO  [QuorumPeer[myid=3]/0:0:0:0:0:0:0:0:2181:NIOServerCnxn@1001] - Closed socket connection for client /10.10.34.14:48851 which had sessionid 0x34f3fdb1f230007
2015-08-20 17:12:25,652 - INFO  [QuorumPeer[myid=3]/0:0:0:0:0:0:0:0:2181:NIOServerCnxn@1001] - Closed socket connection for client /10.10.34.11:59708 which had sessionid 0x34f3fdb1f230008
2015-08-20 17:12:25,653 - INFO  [QuorumPeer[myid=3]/0:0:0:0:0:0:0:0:2181:NIOServerCnxn@1001] - Closed socket connection for client /10.10.34.21:47225 which had sessionid 0x34f3fdb1f23000d
2015-08-20 17:12:25,653 - INFO  [QuorumPeer[myid=3]/0:0:0:0:0:0:0:0:2181:NIOServerCnxn@1001] - Closed socket connection for client /10.10.34.13:57224 which had sessionid 0x14f3fdae8ba0010
2015-08-20 17:12:25,654 - INFO  [QuorumPeer[myid=3]/0:0:0:0:0:0:0:0:2181:NIOServerCnxn@1001] - Closed socket connection for client /10.10.34.16:34176 which had sessionid 0x34f3fdb1f23000b
2015-08-20 17:12:25,654 - INFO  [QuorumPeer[myid=3]/0:0:0:0:0:0:0:0:2181:FollowerZooKeeperServer@139] - Shutting down
2015-08-20 17:12:25,654 - INFO  [QuorumPeer[myid=3]/0:0:0:0:0:0:0:0:2181:ZooKeeperServer@419] - shutting down
2015-08-20 17:12:25,655 - INFO  [QuorumPeer[myid=3]/0:0:0:0:0:0:0:0:2181:FollowerRequestProcessor@105] - Shutting down
2015-08-20 17:12:25,655 - INFO  [QuorumPeer[myid=3]/0:0:0:0:0:0:0:0:2181:CommitProcessor@181] - Shutting down
2015-08-20 17:12:25,655 - INFO  [FollowerRequestProcessor:3:FollowerRequestProcessor@95] - FollowerRequestProcessor exited loop!
2015-08-20 17:12:25,656 - INFO  [CommitProcessor:3:CommitProcessor@150] - CommitProcessor exited loop!
2015-08-20 17:12:25,655 - INFO  [QuorumPeer[myid=3]/0:0:0:0:0:0:0:0:2181:FinalRequestProcessor@415] - shutdown of request processor complete
2015-08-20 17:12:25,657 - INFO  [QuorumPeer[myid=3]/0:0:0:0:0:0:0:0:2181:SyncRequestProcessor@175] - Shutting down
2015-08-20 17:12:25,657 - INFO  [SyncThread:3:SyncRequestProcessor@155] - SyncRequestProcessor exited!
2015-08-20 17:12:25,657 - INFO  [QuorumPeer[myid=3]/0:0:0:0:0:0:0:0:2181:QuorumPeer@670] - LOOKING
2015-08-20 17:12:25,663 - INFO  [QuorumPeer[myid=3]/0:0:0:0:0:0:0:0:2181:FileSnap@83] - Reading snapshot /var/lib/zookeeper/version-2/snapshot.a0000009a
2015-08-20 17:12:25,686 - INFO  [QuorumPeer[myid=3]/0:0:0:0:0:0:0:0:2181:FastLeaderElection@740] - New election. My id =  3, proposed zxid=0xb0000007b
2015-08-20 17:12:25,687 - INFO  [WorkerReceiver[myid=3]:FastLeaderElection@542] - Notification: 3 (n.leader), 0xb0000007b (n.zxid), 0x2 (n.round), LOOKING (n.state), 3 (n.sid), 0xb (n.peerEPoch), LOOKING (my state)
2015-08-20 17:12:25,888 - INFO  [QuorumPeer[myid=3]/0:0:0:0:0:0:0:0:2181:FastLeaderElection@774] - Notification time out: 400
2015-08-20 17:12:25,888 - INFO  [WorkerReceiver[myid=3]:FastLeaderElection@542] - Notification: 3 (n.leader), 0xb0000007b (n.zxid), 0x2 (n.round), LOOKING (n.state), 3 (n.sid), 0xb (n.peerEPoch), LOOKING (my state)
2015-08-20 17:12:26,289 - INFO  [QuorumPeer[myid=3]/0:0:0:0:0:0:0:0:2181:FastLeaderElection@774] - Notification time out: 800
2015-08-20 17:12:26,289 - INFO  [WorkerReceiver[myid=3]:FastLeaderElection@542] - Notification: 3 (n.leader), 0xb0000007b (n.zxid), 0x2 (n.round), LOOKING (n.state), 3 (n.sid), 0xb (n.peerEPoch), LOOKING (my state)
2015-08-20 17:12:27,090 - INFO  [QuorumPeer[myid=3]/0:0:0:0:0:0:0:0:2181:FastLeaderElection@774] - Notification time out: 1600
2015-08-20 17:12:27,090 - INFO  [WorkerReceiver[myid=3]:FastLeaderElection@542] - Notification: 3 (n.leader), 0xb0000007b (n.zxid), 0x2 (n.round), LOOKING (n.state), 3 (n.sid), 0xb (n.peerEPoch), LOOKING (my state)
2015-08-20 17:12:28,690 - INFO  [QuorumPeer[myid=3]/0:0:0:0:0:0:0:0:2181:FastLeaderElection@774] - Notification time out: 3200
2015-08-20 17:12:28,691 - INFO  [WorkerReceiver[myid=3]:FastLeaderElection@542] - Notification: 3 (n.leader), 0xb0000007b (n.zxid), 0x2 (n.round), LOOKING (n.state), 3 (n.sid), 0xb (n.peerEPoch), LOOKING (my state)
2015-08-20 17:12:28,763 - INFO  [NIOServerCxn.Factory:0.0.0.0/0.0.0.0:2181:NIOServerCnxnFactory@197] - Accepted socket connection from /10.10.34.13:57231
2015-08-20 17:12:28,763 - WARN  [NIOServerCxn.Factory:0.0.0.0/0.0.0.0:2181:NIOServerCnxn@354] - Exception causing close of session 0x0 due to java.io.IOException: ZooKeeperServer not running
2015-08-20 17:12:28,764 - INFO  [NIOServerCxn.Factory:0.0.0.0/0.0.0.0:2181:NIOServerCnxn@1001] - Closed socket connection for client /10.10.34.13:57231 (no session established for client)
2015-08-20 17:12:28,774 - INFO  [NIOServerCxn.Factory:0.0.0.0/0.0.0.0:2181:NIOServerCnxnFactory@197] - Accepted socket connection from /10.10.34.13:57232
2015-08-20 17:12:28,774 - WARN  [NIOServerCxn.Factory:0.0.0.0/0.0.0.0:2181:NIOServerCnxn@354] - Exception causing close of session 0x0 due to java.io.IOException: ZooKeeperServer not running
2015-08-20 17:12:28,774 - INFO  [NIOServerCxn.Factory:0.0.0.0/0.0.0.0:2181:NIOServerCnxn@1001] - Closed socket connection for client /10.10.34.13:57232 (no session established for client)
2015-08-20 17:12:30,576 - INFO  [NIOServerCxn.Factory:0.0.0.0/0.0.0.0:2181:NIOServerCnxnFactory@197] - Accepted socket connection from /10.10.34.13:57233
2015-08-20 17:12:30,576 - WARN  [NIOServerCxn.Factory:0.0.0.0/0.0.0.0:2181:NIOServerCnxn@354] - Exception causing close of session 0x0 due to java.io.IOException: ZooKeeperServer not running
2015-08-20 17:12:30,576 - INFO  [NIOServerCxn.Factory:0.0.0.0/0.0.0.0:2181:NIOServerCnxn@1001] - Closed socket connection for client /10.10.34.13:57233 (no session established for client)
2015-08-20 17:12:31,891 - INFO  [QuorumPeer[myid=3]/0:0:0:0:0:0:0:0:2181:FastLeaderElection@774] - Notification time out: 6400
2015-08-20 17:12:31,891 - INFO  [WorkerReceiver[myid=3]:FastLeaderElection@542] - Notification: 3 (n.leader), 0xb0000007b (n.zxid), 0x2 (n.round), LOOKING (n.state), 3 (n.sid), 0xb (n.peerEPoch), LOOKING (my state)
2015-08-20 17:12:31,922 - INFO  [NIOServerCxn.Factory:0.0.0.0/0.0.0.0:2181:NIOServerCnxnFactory@197] - Accepted socket connection from /10.10.34.13:57235
2015-08-20 17:12:31,922 - WARN  [NIOServerCxn.Factory:0.0.0.0/0.0.0.0:2181:NIOServerCnxn@354] - Exception causing close of session 0x0 due to java.io.IOException: ZooKeeperServer not running
2015-08-20 17:12:31,922 - INFO  [NIOServerCxn.Factory:0.0.0.0/0.0.0.0:2181:NIOServerCnxn@1001] - Closed socket connection for client /10.10.34.13:57235 (no session established for client)
2015-08-20 17:12:32,098 - INFO  [NIOServerCxn.Factory:0.0.0.0/0.0.0.0:2181:NIOServerCnxnFactory@197] - Accepted socket connection from /10.10.34.13:57238
2015-08-20 17:12:32,099 - WARN  [NIOServerCxn.Factory:0.0.0.0/0.0.0.0:2181:NIOServerCnxn@354] - Exception causing close of session 0x0 due to java.io.IOException: ZooKeeperServer not running
2015-08-20 17:12:32,099 - INFO  [NIOServerCxn.Factory:0.0.0.0/0.0.0.0:2181:NIOServerCnxn@1001] - Closed socket connection for client /10.10.34.13:57238 (no session established for client)
2015-08-20 17:12:32,109 - INFO  [NIOServerCxn.Factory:0.0.0.0/0.0.0.0:2181:NIOServerCnxnFactory@197] - Accepted socket connection from /10.10.34.13:57240
2015-08-20 17:12:32,109 - WARN  [NIOServerCxn.Factory:0.0.0.0/0.0.0.0:2181:NIOServerCnxn@354] - Exception causing close of session 0x0 due to java.io.IOException: ZooKeeperServer not running
2015-08-20 17:12:32,109 - INFO  [NIOServerCxn.Factory:0.0.0.0/0.0.0.0:2181:NIOServerCnxn@1001] - Closed socket connection for client /10.10.34.13:57240 (no session established for client)
2015-08-20 17:12:38,292 - INFO  [QuorumPeer[myid=3]/0:0:0:0:0:0:0:0:2181:FastLeaderElection@774] - Notification time out: 12800
2015-08-20 17:12:38,292 - INFO  [WorkerReceiver[myid=3]:FastLeaderElection@542] - Notification: 3 (n.leader), 0xb0000007b (n.zxid), 0x2 (n.round), LOOKING (n.state), 3 (n.sid), 0xb (n.peerEPoch), LOOKING (my state)
2015-08-20 17:12:45,401 - INFO  [NIOServerCxn.Factory:0.0.0.0/0.0.0.0:2181:NIOServerCnxnFactory@197] - Accepted socket connection from /10.10.34.13:57247
2015-08-20 17:12:45,402 - WARN  [NIOServerCxn.Factory:0.0.0.0/0.0.0.0:2181:NIOServerCnxn@354] - Exception causing close of session 0x0 due to java.io.IOException: ZooKeeperServer not running
2015-08-20 17:12:45,402 - INFO  [NIOServerCxn.Factory:0.0.0.0/0.0.0.0:2181:NIOServerCnxn@1001] - Closed socket connection for client /10.10.34.13:57247 (no session established for client)
2015-08-20 17:12:47,253 - INFO  [NIOServerCxn.Factory:0.0.0.0/0.0.0.0:2181:NIOServerCnxnFactory@197] - Accepted socket connection from /10.10.34.13:57248
2015-08-20 17:12:47,253 - WARN  [NIOServerCxn.Factory:0.0.0.0/0.0.0.0:2181:NIOServerCnxn@354] - Exception causing close of session 0x0 due to java.io.IOException: ZooKeeperServer not running
2015-08-20 17:12:47,253 - INFO  [NIOServerCxn.Factory:0.0.0.0/0.0.0.0:2181:NIOServerCnxn@1001] - Closed socket connection for client /10.10.34.13:57248 (no session established for client)
2015-08-20 17:12:48,598 - INFO  [NIOServerCxn.Factory:0.0.0.0/0.0.0.0:2181:NIOServerCnxnFactory@197] - Accepted socket connection from /10.10.34.13:57250
2015-08-20 17:12:48,598 - WARN  [NIOServerCxn.Factory:0.0.0.0/0.0.0.0:2181:NIOServerCnxn@354] - Exception causing close of session 0x0 due to java.io.IOException: ZooKeeperServer not running
2015-08-20 17:12:48,598 - INFO  [NIOServerCxn.Factory:0.0.0.0/0.0.0.0:2181:NIOServerCnxn@1001] - Closed socket connection for client /10.10.34.13:57250 (no session established for client)
2015-08-20 17:12:48,774 - INFO  [NIOServerCxn.Factory:0.0.0.0/0.0.0.0:2181:NIOServerCnxnFactory@197] - Accepted socket connection from /10.10.34.13:57253
2015-08-20 17:12:48,775 - WARN  [NIOServerCxn.Factory:0.0.0.0/0.0.0.0:2181:NIOServerCnxn@354] - Exception causing close of session 0x0 due to java.io.IOException: ZooKeeperServer not running
2015-08-20 17:12:48,775 - INFO  [NIOServerCxn.Factory:0.0.0.0/0.0.0.0:2181:NIOServerCnxn@1001] - Closed socket connection for client /10.10.34.13:57253 (no session established for client)
2015-08-20 17:12:48,784 - INFO  [NIOServerCxn.Factory:0.0.0.0/0.0.0.0:2181:NIOServerCnxnFactory@197] - Accepted socket connection from /10.10.34.13:57255
2015-08-20 17:12:48,785 - WARN  [NIOServerCxn.Factory:0.0.0.0/0.0.0.0:2181:NIOServerCnxn@354] - Exception causing close of session 0x0 due to java.io.IOException: ZooKeeperServer not running
2015-08-20 17:12:48,785 - INFO  [NIOServerCxn.Factory:0.0.0.0/0.0.0.0:2181:NIOServerCnxn@1001] - Closed socket connection for client /10.10.34.13:57255 (no session established for client)
2015-08-20 17:12:51,093 - INFO  [QuorumPeer[myid=3]/0:0:0:0:0:0:0:0:2181:FastLeaderElection@774] - Notification time out: 25600
2015-08-20 17:12:51,093 - INFO  [WorkerReceiver[myid=3]:FastLeaderElection@542] - Notification: 3 (n.leader), 0xb0000007b (n.zxid), 0x2 (n.round), LOOKING (n.state), 3 (n.sid), 0xb (n.peerEPoch), LOOKING (my state)
2015-08-20 17:12:53,252 - INFO  [NIOServerCxn.Factory:0.0.0.0/0.0.0.0:2181:NIOServerCnxnFactory@197] - Accepted socket connection from /10.10.34.13:57262
2015-08-20 17:12:53,252 - WARN  [NIOServerCxn.Factory:0.0.0.0/0.0.0.0:2181:NIOServerCnxn@354] - Exception causing close of session 0x0 due to java.io.IOException: ZooKeeperServer not running
2015-08-20 17:12:53,252 - INFO  [NIOServerCxn.Factory:0.0.0.0/0.0.0.0:2181:NIOServerCnxn@1001] - Closed socket connection for client /10.10.34.13:57262 (no session established for client)
2015-08-20 17:12:54,932 - INFO  [NIOServerCxn.Factory:0.0.0.0/0.0.0.0:2181:NIOServerCnxnFactory@197] - Accepted socket connection from /10.10.34.13:57263
2015-08-20 17:12:54,933 - INFO  [NIOServerCxn.Factory:0.0.0.0/0.0.0.0:2181:NIOServerCnxnFactory@197] - Accepted socket connection from /10.10.34.13:57264
2015-08-20 17:12:54,933 - WARN  [NIOServerCxn.Factory:0.0.0.0/0.0.0.0:2181:NIOServerCnxn@354] - Exception causing close of session 0x0 due to java.io.IOException: ZooKeeperServer not running
2015-08-20 17:12:54,933 - INFO  [NIOServerCxn.Factory:0.0.0.0/0.0.0.0:2181:NIOServerCnxn@1001] - Closed socket connection for client /10.10.34.13:57263 (no session established for client)
2015-08-20 17:12:54,933 - WARN  [NIOServerCxn.Factory:0.0.0.0/0.0.0.0:2181:NIOServerCnxn@354] - Exception causing close of session 0x0 due to java.io.IOException: ZooKeeperServer not running
2015-08-20 17:12:54,934 - INFO  [NIOServerCxn.Factory:0.0.0.0/0.0.0.0:2181:NIOServerCnxn@1001] - Closed socket connection for client /10.10.34.13:57264 (no session established for client)
2015-08-20 17:12:56,588 - INFO  [NIOServerCxn.Factory:0.0.0.0/0.0.0.0:2181:NIOServerCnxnFactory@197] - Accepted socket connection from /10.10.34.13:57269
2015-08-20 17:12:56,588 - WARN  [NIOServerCxn.Factory:0.0.0.0/0.0.0.0:2181:NIOServerCnxn@354] - Exception causing close of session 0x0 due to java.io.IOException: ZooKeeperServer not running
2015-08-20 17:12:56,589 - INFO  [NIOServerCxn.Factory:0.0.0.0/0.0.0.0:2181:NIOServerCnxn@1001] - Closed socket connection for client /10.10.34.13:57269 (no session established for client)
2015-08-20 17:12:56,589 - INFO  [NIOServerCxn.Factory:0.0.0.0/0.0.0.0:2181:NIOServerCnxnFactory@197] - Accepted socket connection from /10.10.34.13:57270
2015-08-20 17:12:56,589 - WARN  [NIOServerCxn.Factory:0.0.0.0/0.0.0.0:2181:NIOServerCnxn@354] - Exception causing close of session 0x0 due to java.io.IOException: ZooKeeperServer not running
2015-08-20 17:12:56,589 - INFO  [NIOServerCxn.Factory:0.0.0.0/0.0.0.0:2181:NIOServerCnxn@1001] - Closed socket connection for client /10.10.34.13:57270 (no session established for client)
2015-08-20 17:13:02,252 - INFO  [NIOServerCxn.Factory:0.0.0.0/0.0.0.0:2181:NIOServerCnxnFactory@197] - Accepted socket connection from /10.10.34.13:57277
2015-08-20 17:13:02,252 - WARN  [NIOServerCxn.Factory:0.0.0.0/0.0.0.0:2181:NIOServerCnxn@354] - Exception causing close of session 0x0 due to java.io.IOException: ZooKeeperServer not running
2015-08-20 17:13:02,252 - INFO  [NIOServerCxn.Factory:0.0.0.0/0.0.0.0:2181:NIOServerCnxn@1001] - Closed socket connection for client /10.10.34.13:57277 (no session established for client)
2015-08-20 17:13:02,588 - INFO  [NIOServerCxn.Factory:0.0.0.0/0.0.0.0:2181:NIOServerCnxnFactory@197] - Accepted socket connection from /10.10.34.13:57278
2015-08-20 17:13:02,588 - WARN  [NIOServerCxn.Factory:0.0.0.0/0.0.0.0:2181:NIOServerCnxn@354] - Exception causing close of session 0x0 due to java.io.IOException: ZooKeeperServer not running
2015-08-20 17:13:02,589 - INFO  [NIOServerCxn.Factory:0.0.0.0/0.0.0.0:2181:NIOServerCnxn@1001] - Closed socket connection for client /10.10.34.13:57278 (no session established for client)
2015-08-20 17:13:02,589 - INFO  [NIOServerCxn.Factory:0.0.0.0/0.0.0.0:2181:NIOServerCnxnFactory@197] - Accepted socket connection from /10.10.34.13:57279
2015-08-20 17:13:02,589 - WARN  [NIOServerCxn.Factory:0.0.0.0/0.0.0.0:2181:NIOServerCnxn@354] - Exception causing close of session 0x0 due to java.io.IOException: ZooKeeperServer not running
2015-08-20 17:13:02,589 - INFO  [NIOServerCxn.Factory:0.0.0.0/0.0.0.0:2181:NIOServerCnxn@1001] - Closed socket connection for client /10.10.34.13:57279 (no session established for client)
2015-08-20 17:13:05,588 - INFO  [NIOServerCxn.Factory:0.0.0.0/0.0.0.0:2181:NIOServerCnxnFactory@197] - Accepted socket connection from /10.10.34.13:57284
2015-08-20 17:13:05,589 - INFO  [NIOServerCxn.Factory:0.0.0.0/0.0.0.0:2181:NIOServerCnxnFactory@197] - Accepted socket connection from /10.10.34.13:57285
2015-08-20 17:13:05,589 - WARN  [NIOServerCxn.Factory:0.0.0.0/0.0.0.0:2181:NIOServerCnxn@354] - Exception causing close of session 0x0 due to java.io.IOException: ZooKeeperServer not running
2015-08-20 17:13:05,589 - INFO  [NIOServerCxn.Factory:0.0.0.0/0.0.0.0:2181:NIOServerCnxn@1001] - Closed socket connection for client /10.10.34.13:57284 (no session established for client)
2015-08-20 17:13:05,589 - WARN  [NIOServerCxn.Factory:0.0.0.0/0.0.0.0:2181:NIOServerCnxn@354] - Exception causing close of session 0x0 due to java.io.IOException: ZooKeeperServer not running
2015-08-20 17:13:05,590 - INFO  [NIOServerCxn.Factory:0.0.0.0/0.0.0.0:2181:NIOServerCnxn@1001] - Closed socket connection for client /10.10.34.13:57285 (no session established for client)
2015-08-20 17:13:08,252 - INFO  [NIOServerCxn.Factory:0.0.0.0/0.0.0.0:2181:NIOServerCnxnFactory@197] - Accepted socket connection from /10.10.34.13:57293
2015-08-20 17:13:08,252 - WARN  [NIOServerCxn.Factory:0.0.0.0/0.0.0.0:2181:NIOServerCnxn@354] - Exception causing close of session 0x0 due to java.io.IOException: ZooKeeperServer not running
2015-08-20 17:13:08,252 - INFO  [NIOServerCxn.Factory:0.0.0.0/0.0.0.0:2181:NIOServerCnxn@1001] - Closed socket connection for client /10.10.34.13:57293 (no session established for client)
2015-08-20 17:13:11,060 - INFO  [NIOServerCxn.Factory:0.0.0.0/0.0.0.0:2181:NIOServerCnxnFactory@197] - Accepted socket connection from /10.10.34.13:57294
2015-08-20 17:13:11,060 - WARN  [NIOServerCxn.Factory:0.0.0.0/0.0.0.0:2181:NIOServerCnxn@354] - Exception causing close of session 0x0 due to java.io.IOException: ZooKeeperServer not running
2015-08-20 17:13:11,061 - INFO  [NIOServerCxn.Factory:0.0.0.0/0.0.0.0:2181:NIOServerCnxn@1001] - Closed socket connection for client /10.10.34.13:57294 (no session established for client)
2015-08-20 17:13:11,061 - INFO  [NIOServerCxn.Factory:0.0.0.0/0.0.0.0:2181:NIOServerCnxnFactory@197] - Accepted socket connection from /10.10.34.13:57295
2015-08-20 17:13:11,061 - WARN  [NIOServerCxn.Factory:0.0.0.0/0.0.0.0:2181:NIOServerCnxn@354] - Exception causing close of session 0x0 due to java.io.IOException: ZooKeeperServer not running
2015-08-20 17:13:11,062 - INFO  [NIOServerCxn.Factory:0.0.0.0/0.0.0.0:2181:NIOServerCnxn@1001] - Closed socket connection for client /10.10.34.13:57295 (no session established for client)
2015-08-20 17:13:11,588 - INFO  [NIOServerCxn.Factory:0.0.0.0/0.0.0.0:2181:NIOServerCnxnFactory@197] - Accepted socket connection from /10.10.34.13:57298
2015-08-20 17:13:11,588 - WARN  [NIOServerCxn.Factory:0.0.0.0/0.0.0.0:2181:NIOServerCnxn@354] - Exception causing close of session 0x0 due to java.io.IOException: ZooKeeperServer not running
2015-08-20 17:13:11,589 - INFO  [NIOServerCxn.Factory:0.0.0.0/0.0.0.0:2181:NIOServerCnxn@1001] - Closed socket connection for client /10.10.34.13:57298 (no session established for client)
2015-08-20 17:13:11,589 - INFO  [NIOServerCxn.Factory:0.0.0.0/0.0.0.0:2181:NIOServerCnxnFactory@197] - Accepted socket connection from /10.10.34.13:57299
2015-08-20 17:13:11,589 - WARN  [NIOServerCxn.Factory:0.0.0.0/0.0.0.0:2181:NIOServerCnxn@354] - Exception causing close of session 0x0 due to java.io.IOException: ZooKeeperServer not running
2015-08-20 17:13:11,589 - INFO  [NIOServerCxn.Factory:0.0.0.0/0.0.0.0:2181:NIOServerCnxn@1001] - Closed socket connection for client /10.10.34.13:57299 (no session established for client)
2015-08-20 17:13:13,900 - INFO  [NIOServerCxn.Factory:0.0.0.0/0.0.0.0:2181:NIOServerCnxnFactory@197] - Accepted socket connection from /10.10.34.13:57309
2015-08-20 17:13:13,900 - WARN  [NIOServerCxn.Factory:0.0.0.0/0.0.0.0:2181:NIOServerCnxn@354] - Exception causing close of session 0x0 due to java.io.IOException: ZooKeeperServer not running
2015-08-20 17:13:13,900 - INFO  [NIOServerCxn.Factory:0.0.0.0/0.0.0.0:2181:NIOServerCnxn@1001] - Closed socket connection for client /10.10.34.13:57309 (no session established for client)
2015-08-20 17:13:16,693 - INFO  [QuorumPeer[myid=3]/0:0:0:0:0:0:0:0:2181:FastLeaderElection@774] - Notification time out: 51200
2015-08-20 17:13:16,694 - INFO  [WorkerReceiver[myid=3]:FastLeaderElection@542] - Notification: 3 (n.leader), 0xb0000007b (n.zxid), 0x2 (n.round), LOOKING (n.state), 3 (n.sid), 0xb (n.peerEPoch), LOOKING (my state)
2015-08-20 17:13:17,236 - INFO  [NIOServerCxn.Factory:0.0.0.0/0.0.0.0:2181:NIOServerCnxnFactory@197] - Accepted socket connection from /10.10.34.13:57310
2015-08-20 17:13:17,237 - WARN  [NIOServerCxn.Factory:0.0.0.0/0.0.0.0:2181:NIOServerCnxn@354] - Exception causing close of session 0x0 due to java.io.IOException: ZooKeeperServer not running
2015-08-20 17:13:17,237 - INFO  [NIOServerCxn.Factory:0.0.0.0/0.0.0.0:2181:NIOServerCnxn@1001] - Closed socket connection for client /10.10.34.13:57310 (no session established for client)
2015-08-20 17:13:17,237 - INFO  [NIOServerCxn.Factory:0.0.0.0/0.0.0.0:2181:NIOServerCnxnFactory@197] - Accepted socket connection from /10.10.34.13:57311
2015-08-20 17:13:17,237 - WARN  [NIOServerCxn.Factory:0.0.0.0/0.0.0.0:2181:NIOServerCnxn@354] - Exception causing close of session 0x0 due to java.io.IOException: ZooKeeperServer not running
2015-08-20 17:13:17,238 - INFO  [NIOServerCxn.Factory:0.0.0.0/0.0.0.0:2181:NIOServerCnxn@1001] - Closed socket connection for client /10.10.34.13:57311 (no session established for client)
2015-08-20 17:13:20,172 - INFO  [NIOServerCxn.Factory:0.0.0.0/0.0.0.0:2181:NIOServerCnxnFactory@197] - Accepted socket connection from /10.10.34.13:57318
2015-08-20 17:13:20,172 - WARN  [NIOServerCxn.Factory:0.0.0.0/0.0.0.0:2181:NIOServerCnxn@354] - Exception causing close of session 0x0 due to java.io.IOException: ZooKeeperServer not running
2015-08-20 17:13:20,173 - INFO  [NIOServerCxn.Factory:0.0.0.0/0.0.0.0:2181:NIOServerCnxn@1001] - Closed socket connection for client /10.10.34.13:57318 (no session established for client)
2015-08-20 17:13:20,173 - INFO  [NIOServerCxn.Factory:0.0.0.0/0.0.0.0:2181:NIOServerCnxnFactory@197] - Accepted socket connection from /10.10.34.13:57319
2015-08-20 17:13:20,173 - WARN  [NIOServerCxn.Factory:0.0.0.0/0.0.0.0:2181:NIOServerCnxn@354] - Exception causing close of session 0x0 due to java.io.IOException: ZooKeeperServer not running
2015-08-20 17:13:20,174 - INFO  [NIOServerCxn.Factory:0.0.0.0/0.0.0.0:2181:NIOServerCnxn@1001] - Closed socket connection for client /10.10.34.13:57319 (no session established for client)
2015-08-20 17:13:20,812 - INFO  [NIOServerCxn.Factory:0.0.0.0/0.0.0.0:2181:NIOServerCnxnFactory@197] - Accepted socket connection from /10.10.34.13:57322
2015-08-20 17:13:20,812 - WARN  [NIOServerCxn.Factory:0.0.0.0/0.0.0.0:2181:NIOServerCnxn@354] - Exception causing close of session 0x0 due to java.io.IOException: ZooKeeperServer not running
2015-08-20 17:13:20,812 - INFO  [NIOServerCxn.Factory:0.0.0.0/0.0.0.0:2181:NIOServerCnxn@1001] - Closed socket connection for client /10.10.34.13:57322 (no session established for client)
2015-08-20 17:13:24,148 - INFO  [NIOServerCxn.Factory:0.0.0.0/0.0.0.0:2181:NIOServerCnxnFactory@197] - Accepted socket connection from /10.10.34.13:57325
2015-08-20 17:13:24,148 - WARN  [NIOServerCxn.Factory:0.0.0.0/0.0.0.0:2181:NIOServerCnxn@354] - Exception causing close of session 0x0 due to java.io.IOException: ZooKeeperServer not running
2015-08-20 17:13:24,149 - INFO  [NIOServerCxn.Factory:0.0.0.0/0.0.0.0:2181:NIOServerCnxn@1001] - Closed socket connection for client /10.10.34.13:57325 (no session established for client)
2015-08-20 17:13:24,149 - INFO  [NIOServerCxn.Factory:0.0.0.0/0.0.0.0:2181:NIOServerCnxnFactory@197] - Accepted socket connection from /10.10.34.13:57326
2015-08-20 17:13:24,149 - WARN  [NIOServerCxn.Factory:0.0.0.0/0.0.0.0:2181:NIOServerCnxn@354] - Exception causing close of session 0x0 due to java.io.IOException: ZooKeeperServer not running
2015-08-20 17:13:24,149 - INFO  [NIOServerCxn.Factory:0.0.0.0/0.0.0.0:2181:NIOServerCnxn@1001] - Closed socket connection for client /10.10.34.13:57326 (no session established for client)
2015-08-20 17:13:26,172 - INFO  [NIOServerCxn.Factory:0.0.0.0/0.0.0.0:2181:NIOServerCnxnFactory@197] - Accepted socket connection from /10.10.34.13:57333
2015-08-20 17:13:26,172 - WARN  [NIOServerCxn.Factory:0.0.0.0/0.0.0.0:2181:NIOServerCnxn@354] - Exception causing close of session 0x0 due to java.io.IOException: ZooKeeperServer not running
2015-08-20 17:13:26,173 - INFO  [NIOServerCxn.Factory:0.0.0.0/0.0.0.0:2181:NIOServerCnxn@1001] - Closed socket connection for client /10.10.34.13:57333 (no session established for client)
2015-08-20 17:13:26,173 - INFO  [NIOServerCxn.Factory:0.0.0.0/0.0.0.0:2181:NIOServerCnxnFactory@197] - Accepted socket connection from /10.10.34.13:57334
2015-08-20 17:13:26,173 - WARN  [NIOServerCxn.Factory:0.0.0.0/0.0.0.0:2181:NIOServerCnxn@354] - Exception causing close of session 0x0 due to java.io.IOException: ZooKeeperServer not running
2015-08-20 17:13:26,174 - INFO  [NIOServerCxn.Factory:0.0.0.0/0.0.0.0:2181:NIOServerCnxn@1001] - Closed socket connection for client /10.10.34.13:57334 (no session established for client)
2015-08-20 17:13:28,836 - INFO  [NIOServerCxn.Factory:0.0.0.0/0.0.0.0:2181:NIOServerCnxnFactory@197] - Accepted socket connection from /10.10.34.13:57337
2015-08-20 17:13:28,836 - WARN  [NIOServerCxn.Factory:0.0.0.0/0.0.0.0:2181:NIOServerCnxn@354] - Exception causing close of session 0x0 due to java.io.IOException: ZooKeeperServer not running
2015-08-20 17:13:28,836 - INFO  [NIOServerCxn.Factory:0.0.0.0/0.0.0.0:2181:NIOServerCnxn@1001] - Closed socket connection for client /10.10.34.13:57337 (no session established for client)
2015-08-20 17:13:32,172 - INFO  [NIOServerCxn.Factory:0.0.0.0/0.0.0.0:2181:NIOServerCnxnFactory@197] - Accepted socket connection from /10.10.34.13:57340
2015-08-20 17:13:32,173 - INFO  [NIOServerCxn.Factory:0.0.0.0/0.0.0.0:2181:NIOServerCnxnFactory@197] - Accepted socket connection from /10.10.34.13:57341
2015-08-20 17:13:32,173 - WARN  [NIOServerCxn.Factory:0.0.0.0/0.0.0.0:2181:NIOServerCnxn@354] - Exception causing close of session 0x0 due to java.io.IOException: ZooKeeperServer not running
2015-08-20 17:13:32,173 - INFO  [NIOServerCxn.Factory:0.0.0.0/0.0.0.0:2181:NIOServerCnxn@1001] - Closed socket connection for client /10.10.34.13:57340 (no session established for client)
2015-08-20 17:13:32,173 - WARN  [NIOServerCxn.Factory:0.0.0.0/0.0.0.0:2181:NIOServerCnxn@354] - Exception causing close of session 0x0 due to java.io.IOException: ZooKeeperServer not running
2015-08-20 17:13:32,174 - INFO  [NIOServerCxn.Factory:0.0.0.0/0.0.0.0:2181:NIOServerCnxn@1001] - Closed socket connection for client /10.10.34.13:57341 (no session established for client)
2015-08-20 17:13:35,172 - INFO  [NIOServerCxn.Factory:0.0.0.0/0.0.0.0:2181:NIOServerCnxnFactory@197] - Accepted socket connection from /10.10.34.13:57348
2015-08-20 17:13:35,172 - WARN  [NIOServerCxn.Factory:0.0.0.0/0.0.0.0:2181:NIOServerCnxn@354] - Exception causing close of session 0x0 due to java.io.IOException: ZooKeeperServer not running
2015-08-20 17:13:35,173 - INFO  [NIOServerCxn.Factory:0.0.0.0/0.0.0.0:2181:NIOServerCnxn@1001] - Closed socket connection for client /10.10.34.13:57348 (no session established for client)
2015-08-20 17:13:35,173 - INFO  [NIOServerCxn.Factory:0.0.0.0/0.0.0.0:2181:NIOServerCnxnFactory@197] - Accepted socket connection from /10.10.34.13:57349
2015-08-20 17:13:35,173 - WARN  [NIOServerCxn.Factory:0.0.0.0/0.0.0.0:2181:NIOServerCnxn@354] - Exception causing close of session 0x0 due to java.io.IOException: ZooKeeperServer not running
2015-08-20 17:13:35,173 - INFO  [NIOServerCxn.Factory:0.0.0.0/0.0.0.0:2181:NIOServerCnxn@1001] - Closed socket connection for client /10.10.34.13:57349 (no session established for client)
2015-08-20 17:13:37,836 - INFO  [NIOServerCxn.Factory:0.0.0.0/0.0.0.0:2181:NIOServerCnxnFactory@197] - Accepted socket connection from /10.10.34.13:57353
2015-08-20 17:13:37,836 - WARN  [NIOServerCxn.Factory:0.0.0.0/0.0.0.0:2181:NIOServerCnxn@354] - Exception causing close of session 0x0 due to java.io.IOException: ZooKeeperServer not running
2015-08-20 17:13:37,836 - INFO  [NIOServerCxn.Factory:0.0.0.0/0.0.0.0:2181:NIOServerCnxn@1001] - Closed socket connection for client /10.10.34.13:57353 (no session established for client)
2015-08-20 17:13:41,172 - INFO  [NIOServerCxn.Factory:0.0.0.0/0.0.0.0:2181:NIOServerCnxnFactory@197] - Accepted socket connection from /10.10.34.13:57355
2015-08-20 17:13:41,173 - INFO  [NIOServerCxn.Factory:0.0.0.0/0.0.0.0:2181:NIOServerCnxnFactory@197] - Accepted socket connection from /10.10.34.13:57356
2015-08-20 17:13:41,173 - WARN  [NIOServerCxn.Factory:0.0.0.0/0.0.0.0:2181:NIOServerCnxn@354] - Exception causing close of session 0x0 due to java.io.IOException: ZooKeeperServer not running
2015-08-20 17:13:41,173 - INFO  [NIOServerCxn.Factory:0.0.0.0/0.0.0.0:2181:NIOServerCnxn@1001] - Closed socket connection for client /10.10.34.13:57355 (no session established for client)
2015-08-20 17:13:41,173 - WARN  [NIOServerCxn.Factory:0.0.0.0/0.0.0.0:2181:NIOServerCnxn@354] - Exception causing close of session 0x0 due to java.io.IOException: ZooKeeperServer not running
2015-08-20 17:13:41,174 - INFO  [NIOServerCxn.Factory:0.0.0.0/0.0.0.0:2181:NIOServerCnxn@1001] - Closed socket connection for client /10.10.34.13:57356 (no session established for client)
2015-08-20 17:13:44,172 - INFO  [NIOServerCxn.Factory:0.0.0.0/0.0.0.0:2181:NIOServerCnxnFactory@197] - Accepted socket connection from /10.10.34.13:57363
2015-08-20 17:13:44,172 - INFO  [NIOServerCxn.Factory:0.0.0.0/0.0.0.0:2181:NIOServerCnxnFactory@197] - Accepted socket connection from /10.10.34.13:57364
2015-08-20 17:13:44,173 - WARN  [NIOServerCxn.Factory:0.0.0.0/0.0.0.0:2181:NIOServerCnxn@354] - Exception causing close of session 0x0 due to java.io.IOException: ZooKeeperServer not running
2015-08-20 17:13:44,173 - INFO  [NIOServerCxn.Factory:0.0.0.0/0.0.0.0:2181:NIOServerCnxn@1001] - Closed socket connection for client /10.10.34.13:57363 (no session established for client)
2015-08-20 17:13:44,173 - WARN  [NIOServerCxn.Factory:0.0.0.0/0.0.0.0:2181:NIOServerCnxn@354] - Exception causing close of session 0x0 due to java.io.IOException: ZooKeeperServer not running
2015-08-20 17:13:44,174 - INFO  [NIOServerCxn.Factory:0.0.0.0/0.0.0.0:2181:NIOServerCnxn@1001] - Closed socket connection for client /10.10.34.13:57364 (no session established for client)
2015-08-20 17:13:46,836 - INFO  [NIOServerCxn.Factory:0.0.0.0/0.0.0.0:2181:NIOServerCnxnFactory@197] - Accepted socket connection from /10.10.34.13:57367
2015-08-20 17:13:46,836 - WARN  [NIOServerCxn.Factory:0.0.0.0/0.0.0.0:2181:NIOServerCnxn@354] - Exception causing close of session 0x0 due to java.io.IOException: ZooKeeperServer not running
2015-08-20 17:13:46,836 - INFO  [NIOServerCxn.Factory:0.0.0.0/0.0.0.0:2181:NIOServerCnxn@1001] - Closed socket connection for client /10.10.34.13:57367 (no session established for client)
2015-08-20 17:13:50,172 - INFO  [NIOServerCxn.Factory:0.0.0.0/0.0.0.0:2181:NIOServerCnxnFactory@197] - Accepted socket connection from /10.10.34.13:57370
2015-08-20 17:13:50,173 - WARN  [NIOServerCxn.Factory:0.0.0.0/0.0.0.0:2181:NIOServerCnxn@354] - Exception causing close of session 0x0 due to java.io.IOException: ZooKeeperServer not running
2015-08-20 17:13:50,173 - INFO  [NIOServerCxn.Factory:0.0.0.0/0.0.0.0:2181:NIOServerCnxn@1001] - Closed socket connection for client /10.10.34.13:57370 (no session established for client)
2015-08-20 17:13:50,173 - INFO  [NIOServerCxn.Factory:0.0.0.0/0.0.0.0:2181:NIOServerCnxnFactory@197] - Accepted socket connection from /10.10.34.13:57371
2015-08-20 17:13:50,173 - WARN  [NIOServerCxn.Factory:0.0.0.0/0.0.0.0:2181:NIOServerCnxn@354] - Exception causing close of session 0x0 due to java.io.IOException: ZooKeeperServer not running
2015-08-20 17:13:50,174 - INFO  [NIOServerCxn.Factory:0.0.0.0/0.0.0.0:2181:NIOServerCnxn@1001] - Closed socket connection for client /10.10.34.13:57371 (no session established for client)
2015-08-20 17:13:53,172 - INFO  [NIOServerCxn.Factory:0.0.0.0/0.0.0.0:2181:NIOServerCnxnFactory@197] - Accepted socket connection from /10.10.34.13:57378
2015-08-20 17:13:53,172 - INFO  [NIOServerCxn.Factory:0.0.0.0/0.0.0.0:2181:NIOServerCnxnFactory@197] - Accepted socket connection from /10.10.34.13:57379
2015-08-20 17:13:53,173 - WARN  [NIOServerCxn.Factory:0.0.0.0/0.0.0.0:2181:NIOServerCnxn@354] - Exception causing close of session 0x0 due to java.io.IOException: ZooKeeperServer not running
2015-08-20 17:13:53,173 - INFO  [NIOServerCxn.Factory:0.0.0.0/0.0.0.0:2181:NIOServerCnxn@1001] - Closed socket connection for client /10.10.34.13:57378 (no session established for client)
2015-08-20 17:13:53,173 - WARN  [NIOServerCxn.Factory:0.0.0.0/0.0.0.0:2181:NIOServerCnxn@354] - Exception causing close of session 0x0 due to java.io.IOException: ZooKeeperServer not running
2015-08-20 17:13:53,173 - INFO  [NIOServerCxn.Factory:0.0.0.0/0.0.0.0:2181:NIOServerCnxn@1001] - Closed socket connection for client /10.10.34.13:57379 (no session established for client)
2015-08-20 17:13:55,836 - INFO  [NIOServerCxn.Factory:0.0.0.0/0.0.0.0:2181:NIOServerCnxnFactory@197] - Accepted socket connection from /10.10.34.13:57382
2015-08-20 17:13:55,836 - WARN  [NIOServerCxn.Factory:0.0.0.0/0.0.0.0:2181:NIOServerCnxn@354] - Exception causing close of session 0x0 due to java.io.IOException: ZooKeeperServer not running
2015-08-20 17:13:55,836 - INFO  [NIOServerCxn.Factory:0.0.0.0/0.0.0.0:2181:NIOServerCnxn@1001] - Closed socket connection for client /10.10.34.13:57382 (no session established for client)
2015-08-20 17:13:59,172 - INFO  [NIOServerCxn.Factory:0.0.0.0/0.0.0.0:2181:NIOServerCnxnFactory@197] - Accepted socket connection from /10.10.34.13:57385
2015-08-20 17:13:59,173 - WARN  [NIOServerCxn.Factory:0.0.0.0/0.0.0.0:2181:NIOServerCnxn@354] - Exception causing close of session 0x0 due to java.io.IOException: ZooKeeperServer not running
2015-08-20 17:13:59,173 - INFO  [NIOServerCxn.Factory:0.0.0.0/0.0.0.0:2181:NIOServerCnxn@1001] - Closed socket connection for client /10.10.34.13:57385 (no session established for client)
2015-08-20 17:13:59,173 - INFO  [NIOServerCxn.Factory:0.0.0.0/0.0.0.0:2181:NIOServerCnxnFactory@197] - Accepted socket connection from /10.10.34.13:57386
2015-08-20 17:13:59,173 - WARN  [NIOServerCxn.Factory:0.0.0.0/0.0.0.0:2181:NIOServerCnxn@354] - Exception causing close of session 0x0 due to java.io.IOException: ZooKeeperServer not running
2015-08-20 17:13:59,174 - INFO  [NIOServerCxn.Factory:0.0.0.0/0.0.0.0:2181:NIOServerCnxn@1001] - Closed socket connection for client /10.10.34.13:57386 (no session established for client)
2015-08-20 17:14:02,172 - INFO  [NIOServerCxn.Factory:0.0.0.0/0.0.0.0:2181:NIOServerCnxnFactory@197] - Accepted socket connection from /10.10.34.13:57393
2015-08-20 17:14:02,172 - WARN  [NIOServerCxn.Factory:0.0.0.0/0.0.0.0:2181:NIOServerCnxn@354] - Exception causing close of session 0x0 due to java.io.IOException: ZooKeeperServer not running
2015-08-20 17:14:02,173 - INFO  [NIOServerCxn.Factory:0.0.0.0/0.0.0.0:2181:NIOServerCnxn@1001] - Closed socket connection for client /10.10.34.13:57393 (no session established for client)
2015-08-20 17:14:02,173 - INFO  [NIOServerCxn.Factory:0.0.0.0/0.0.0.0:2181:NIOServerCnxnFactory@197] - Accepted socket connection from /10.10.34.13:57394
2015-08-20 17:14:02,173 - WARN  [NIOServerCxn.Factory:0.0.0.0/0.0.0.0:2181:NIOServerCnxn@354] - Exception causing close of session 0x0 due to java.io.IOException: ZooKeeperServer not running
2015-08-20 17:14:02,174 - INFO  [NIOServerCxn.Factory:0.0.0.0/0.0.0.0:2181:NIOServerCnxn@1001] - Closed socket connection for client /10.10.34.13:57394 (no session established for client)
2015-08-20 17:14:04,836 - INFO  [NIOServerCxn.Factory:0.0.0.0/0.0.0.0:2181:NIOServerCnxnFactory@197] - Accepted socket connection from /10.10.34.13:57397
2015-08-20 17:14:04,836 - WARN  [NIOServerCxn.Factory:0.0.0.0/0.0.0.0:2181:NIOServerCnxn@354] - Exception causing close of session 0x0 due to java.io.IOException: ZooKeeperServer not running
2015-08-20 17:14:04,836 - INFO  [NIOServerCxn.Factory:0.0.0.0/0.0.0.0:2181:NIOServerCnxn@1001] - Closed socket connection for client /10.10.34.13:57397 (no session established for client)
2015-08-20 17:14:07,894 - INFO  [QuorumPeer[myid=3]/0:0:0:0:0:0:0:0:2181:FastLeaderElection@774] - Notification time out: 60000
2015-08-20 17:14:07,895 - INFO  [WorkerReceiver[myid=3]:FastLeaderElection@542] - Notification: 3 (n.leader), 0xb0000007b (n.zxid), 0x2 (n.round), LOOKING (n.state), 3 (n.sid), 0xb (n.peerEPoch), LOOKING (my state)
2015-08-20 17:14:08,172 - INFO  [NIOServerCxn.Factory:0.0.0.0/0.0.0.0:2181:NIOServerCnxnFactory@197] - Accepted socket connection from /10.10.34.13:57400
2015-08-20 17:14:08,173 - INFO  [NIOServerCxn.Factory:0.0.0.0/0.0.0.0:2181:NIOServerCnxnFactory@197] - Accepted socket connection from /10.10.34.13:57401
2015-08-20 17:14:08,173 - WARN  [NIOServerCxn.Factory:0.0.0.0/0.0.0.0:2181:NIOServerCnxn@354] - Exception causing close of session 0x0 due to java.io.IOException: ZooKeeperServer not running
2015-08-20 17:14:08,173 - INFO  [NIOServerCxn.Factory:0.0.0.0/0.0.0.0:2181:NIOServerCnxn@1001] - Closed socket connection for client /10.10.34.13:57400 (no session established for client)
2015-08-20 17:14:08,173 - WARN  [NIOServerCxn.Factory:0.0.0.0/0.0.0.0:2181:NIOServerCnxn@354] - Exception causing close of session 0x0 due to java.io.IOException: ZooKeeperServer not running
2015-08-20 17:14:08,174 - INFO  [NIOServerCxn.Factory:0.0.0.0/0.0.0.0:2181:NIOServerCnxn@1001] - Closed socket connection for client /10.10.34.13:57401 (no session established for client)
2015-08-20 17:14:10,836 - INFO  [WorkerReceiver[myid=3]:FastLeaderElection@542] - Notification: 1 (n.leader), 0xb0000007b (n.zxid), 0x2 (n.round), LOOKING (n.state), 1 (n.sid), 0xb (n.peerEPoch), LOOKING (my state)
2015-08-20 17:14:10,836 - INFO  [NIOServerCxn.Factory:0.0.0.0/0.0.0.0:2181:NIOServerCnxnFactory@197] - Accepted socket connection from /10.10.34.16:34201
2015-08-20 17:14:10,836 - INFO  [NIOServerCxn.Factory:0.0.0.0/0.0.0.0:2181:NIOServerCnxnFactory@197] - Accepted socket connection from /10.10.34.18:46222
2015-08-20 17:14:10,837 - WARN  [NIOServerCxn.Factory:0.0.0.0/0.0.0.0:2181:NIOServerCnxn@354] - Exception causing close of session 0x0 due to java.io.IOException: ZooKeeperServer not running
2015-08-20 17:14:10,837 - INFO  [NIOServerCxn.Factory:0.0.0.0/0.0.0.0:2181:NIOServerCnxn@1001] - Closed socket connection for client /10.10.34.16:34201 (no session established for client)
2015-08-20 17:14:10,837 - WARN  [NIOServerCxn.Factory:0.0.0.0/0.0.0.0:2181:NIOServerCnxn@354] - Exception causing close of session 0x0 due to java.io.IOException: ZooKeeperServer not running
2015-08-20 17:14:10,838 - INFO  [NIOServerCxn.Factory:0.0.0.0/0.0.0.0:2181:NIOServerCnxn@1001] - Closed socket connection for client /10.10.34.18:46222 (no session established for client)
2015-08-20 17:14:10,838 - INFO  [NIOServerCxn.Factory:0.0.0.0/0.0.0.0:2181:NIOServerCnxnFactory@197] - Accepted socket connection from /10.10.34.14:48880
2015-08-20 17:14:10,838 - WARN  [NIOServerCxn.Factory:0.0.0.0/0.0.0.0:2181:NIOServerCnxn@354] - Exception causing close of session 0x0 due to java.io.IOException: ZooKeeperServer not running
2015-08-20 17:14:10,838 - INFO  [NIOServerCxn.Factory:0.0.0.0/0.0.0.0:2181:NIOServerCnxn@1001] - Closed socket connection for client /10.10.34.14:48880 (no session established for client)
2015-08-20 17:14:10,839 - INFO  [NIOServerCxn.Factory:0.0.0.0/0.0.0.0:2181:NIOServerCnxnFactory@197] - Accepted socket connection from /10.10.34.13:57408
2015-08-20 17:14:10,839 - WARN  [NIOServerCxn.Factory:0.0.0.0/0.0.0.0:2181:NIOServerCnxn@354] - Exception causing close of session 0x0 due to java.io.IOException: ZooKeeperServer not running
2015-08-20 17:14:10,839 - INFO  [NIOServerCxn.Factory:0.0.0.0/0.0.0.0:2181:NIOServerCnxn@1001] - Closed socket connection for client /10.10.34.13:57408 (no session established for client)
2015-08-20 17:14:10,842 - INFO  [NIOServerCxn.Factory:0.0.0.0/0.0.0.0:2181:NIOServerCnxnFactory@197] - Accepted socket connection from /10.10.34.26:53445
2015-08-20 17:14:10,842 - WARN  [NIOServerCxn.Factory:0.0.0.0/0.0.0.0:2181:NIOServerCnxn@354] - Exception causing close of session 0x0 due to java.io.IOException: ZooKeeperServer not running
2015-08-20 17:14:10,842 - INFO  [NIOServerCxn.Factory:0.0.0.0/0.0.0.0:2181:NIOServerCnxn@1001] - Closed socket connection for client /10.10.34.26:53445 (no session established for client)
2015-08-20 17:14:10,876 - INFO  [WorkerReceiver[myid=3]:FastLeaderElection@542] - Notification: 1 (n.leader), 0xb0000007b (n.zxid), 0x2 (n.round), LOOKING (n.state), 1 (n.sid), 0xb (n.peerEPoch), LOOKING (my state)
2015-08-20 17:14:10,876 - INFO  [WorkerReceiver[myid=3]:FastLeaderElection@542] - Notification: 1 (n.leader), 0xb0000007b (n.zxid), 0x2 (n.round), LOOKING (n.state), 1 (n.sid), 0xb (n.peerEPoch), LOOKING (my state)
2015-08-20 17:14:10,876 - INFO  [WorkerReceiver[myid=3]:FastLeaderElection@542] - Notification: 1 (n.leader), 0xb0000007b (n.zxid), 0x2 (n.round), LOOKING (n.state), 1 (n.sid), 0xb (n.peerEPoch), LOOKING (my state)
2015-08-20 17:14:10,876 - INFO  [WorkerReceiver[myid=3]:FastLeaderElection@542] - Notification: 1 (n.leader), 0xb0000007b (n.zxid), 0x2 (n.round), LOOKING (n.state), 1 (n.sid), 0xb (n.peerEPoch), LOOKING (my state)
2015-08-20 17:14:10,877 - INFO  [WorkerReceiver[myid=3]:FastLeaderElection@542] - Notification: 1 (n.leader), 0xb0000007b (n.zxid), 0x2 (n.round), LOOKING (n.state), 1 (n.sid), 0xb (n.peerEPoch), LOOKING (my state)
2015-08-20 17:14:10,877 - INFO  [WorkerReceiver[myid=3]:FastLeaderElection@542] - Notification: 1 (n.leader), 0xb0000007b (n.zxid), 0x2 (n.round), LOOKING (n.state), 1 (n.sid), 0xb (n.peerEPoch), LOOKING (my state)
2015-08-20 17:14:10,877 - INFO  [WorkerReceiver[myid=3]:FastLeaderElection@542] - Notification: 1 (n.leader), 0xb0000007b (n.zxid), 0x2 (n.round), LOOKING (n.state), 1 (n.sid), 0xb (n.peerEPoch), LOOKING (my state)
2015-08-20 17:14:10,877 - INFO  [WorkerReceiver[myid=3]:FastLeaderElection@542] - Notification: 1 (n.leader), 0xb0000007b (n.zxid), 0x2 (n.round), LOOKING (n.state), 1 (n.sid), 0xb (n.peerEPoch), LOOKING (my state)
2015-08-20 17:14:10,877 - INFO  [WorkerReceiver[myid=3]:FastLeaderElection@542] - Notification: 1 (n.leader), 0xb0000007b (n.zxid), 0x2 (n.round), LOOKING (n.state), 1 (n.sid), 0xb (n.peerEPoch), LOOKING (my state)
2015-08-20 17:14:11,172 - INFO  [NIOServerCxn.Factory:0.0.0.0/0.0.0.0:2181:NIOServerCnxnFactory@197] - Accepted socket connection from /10.10.34.13:57409
2015-08-20 17:14:11,172 - WARN  [NIOServerCxn.Factory:0.0.0.0/0.0.0.0:2181:NIOServerCnxn@354] - Exception causing close of session 0x0 due to java.io.IOException: ZooKeeperServer not running
2015-08-20 17:14:11,173 - INFO  [NIOServerCxn.Factory:0.0.0.0/0.0.0.0:2181:NIOServerCnxn@1001] - Closed socket connection for client /10.10.34.13:57409 (no session established for client)
2015-08-20 17:14:11,173 - INFO  [NIOServerCxn.Factory:0.0.0.0/0.0.0.0:2181:NIOServerCnxnFactory@197] - Accepted socket connection from /10.10.34.13:57410
2015-08-20 17:14:11,173 - WARN  [NIOServerCxn.Factory:0.0.0.0/0.0.0.0:2181:NIOServerCnxn@354] - Exception causing close of session 0x0 due to java.io.IOException: ZooKeeperServer not running
2015-08-20 17:14:11,174 - INFO  [NIOServerCxn.Factory:0.0.0.0/0.0.0.0:2181:NIOServerCnxn@1001] - Closed socket connection for client /10.10.34.13:57410 (no session established for client)
2015-08-20 17:14:11,203 - INFO  [WorkerReceiver[myid=3]:FastLeaderElection@542] - Notification: 2 (n.leader), 0xb00000084 (n.zxid), 0x2 (n.round), LOOKING (n.state), 2 (n.sid), 0xb (n.peerEPoch), LOOKING (my state)
2015-08-20 17:14:11,203 - INFO  [WorkerReceiver[myid=3]:FastLeaderElection@542] - Notification: 2 (n.leader), 0xb00000084 (n.zxid), 0x2 (n.round), LOOKING (n.state), 2 (n.sid), 0xb (n.peerEPoch), LOOKING (my state)
2015-08-20 17:14:11,203 - INFO  [WorkerReceiver[myid=3]:FastLeaderElection@542] - Notification: 2 (n.leader), 0xb00000084 (n.zxid), 0x2 (n.round), LOOKING (n.state), 2 (n.sid), 0xb (n.peerEPoch), LOOKING (my state)
2015-08-20 17:14:11,203 - INFO  [WorkerReceiver[myid=3]:FastLeaderElection@542] - Notification: 2 (n.leader), 0xb00000084 (n.zxid), 0x2 (n.round), LOOKING (n.state), 2 (n.sid), 0xb (n.peerEPoch), LOOKING (my state)
2015-08-20 17:14:11,204 - INFO  [WorkerReceiver[myid=3]:FastLeaderElection@542] - Notification: 2 (n.leader), 0xb00000084 (n.zxid), 0x2 (n.round), LOOKING (n.state), 2 (n.sid), 0xb (n.peerEPoch), LOOKING (my state)
2015-08-20 17:14:11,204 - INFO  [WorkerReceiver[myid=3]:FastLeaderElection@542] - Notification: 2 (n.leader), 0xb00000084 (n.zxid), 0x2 (n.round), LOOKING (n.state), 2 (n.sid), 0xb (n.peerEPoch), LOOKING (my state)
2015-08-20 17:14:11,204 - INFO  [WorkerReceiver[myid=3]:FastLeaderElection@542] - Notification: 2 (n.leader), 0xb00000084 (n.zxid), 0x2 (n.round), LOOKING (n.state), 2 (n.sid), 0xb (n.peerEPoch), LOOKING (my state)
2015-08-20 17:14:11,204 - INFO  [WorkerReceiver[myid=3]:FastLeaderElection@542] - Notification: 2 (n.leader), 0xb00000084 (n.zxid), 0x2 (n.round), LOOKING (n.state), 2 (n.sid), 0xb (n.peerEPoch), LOOKING (my state)
2015-08-20 17:14:11,204 - INFO  [WorkerReceiver[myid=3]:FastLeaderElection@542] - Notification: 2 (n.leader), 0xb00000084 (n.zxid), 0x2 (n.round), LOOKING (n.state), 2 (n.sid), 0xb (n.peerEPoch), LOOKING (my state)
2015-08-20 17:14:11,205 - INFO  [WorkerReceiver[myid=3]:FastLeaderElection@542] - Notification: 2 (n.leader), 0xb00000084 (n.zxid), 0x2 (n.round), LOOKING (n.state), 2 (n.sid), 0xb (n.peerEPoch), LOOKING (my state)
2015-08-20 17:14:11,205 - INFO  [WorkerReceiver[myid=3]:FastLeaderElection@542] - Notification: 2 (n.leader), 0xb00000084 (n.zxid), 0x2 (n.round), LOOKING (n.state), 3 (n.sid), 0xb (n.peerEPoch), LOOKING (my state)
2015-08-20 17:14:11,405 - INFO  [QuorumPeer[myid=3]/0:0:0:0:0:0:0:0:2181:QuorumPeer@738] - FOLLOWING
2015-08-20 17:14:11,406 - INFO  [QuorumPeer[myid=3]/0:0:0:0:0:0:0:0:2181:ZooKeeperServer@162] - Created server with tickTime 2000 minSessionTimeout 4000 maxSessionTimeout 40000 datadir /var/lib/zookeeper/version-2 snapdir /var/lib/zookeeper/version-2
2015-08-20 17:14:11,406 - INFO  [QuorumPeer[myid=3]/0:0:0:0:0:0:0:0:2181:Follower@63] - FOLLOWING - LEADER ELECTION TOOK - 105748
2015-08-20 17:14:11,435 - INFO  [QuorumPeer[myid=3]/0:0:0:0:0:0:0:0:2181:Learner@322] - Getting a diff from the leader 0xb00000084
2015-08-20 17:14:11,437 - WARN  [QuorumPeer[myid=3]/0:0:0:0:0:0:0:0:2181:Learner@373] - Got zxid 0xb0000007c expected 0x1
2015-08-20 17:14:11,437 - WARN  [QuorumPeer[myid=3]/0:0:0:0:0:0:0:0:2181:Learner@373] - Got zxid 0xb0000007c expected 0xb00000085
2015-08-20 17:14:11,438 - INFO  [QuorumPeer[myid=3]/0:0:0:0:0:0:0:0:2181:FileTxnSnapLog@240] - Snapshotting: 0xb00000084 to /var/lib/zookeeper/version-2/snapshot.b00000084
2015-08-20 17:14:11,441 - INFO  [QuorumPeer[myid=3]/0:0:0:0:0:0:0:0:2181:FileTxnSnapLog@240] - Snapshotting: 0xb00000084 to /var/lib/zookeeper/version-2/snapshot.b00000084
2015-08-20 17:14:11,573 - INFO  [NIOServerCxn.Factory:0.0.0.0/0.0.0.0:2181:NIOServerCnxnFactory@197] - Accepted socket connection from /10.10.34.15:40794
2015-08-20 17:14:11,574 - WARN  [NIOServerCxn.Factory:0.0.0.0/0.0.0.0:2181:ZooKeeperServer@793] - Connection request from old client /10.10.34.15:40794; will be dropped if server is in r-o mode
2015-08-20 17:14:11,574 - INFO  [NIOServerCxn.Factory:0.0.0.0/0.0.0.0:2181:ZooKeeperServer@839] - Client attempting to establish new session at /10.10.34.15:40794
2015-08-20 17:14:11,576 - WARN  [QuorumPeer[myid=3]/0:0:0:0:0:0:0:0:2181:Follower@118] - Got zxid 0xc00000001 expected 0x1
2015-08-20 17:14:11,579 - INFO  [CommitProcessor:3:ZooKeeperServer@595] - Established session 0x34f4a63146b0000 with negotiated timeout 10000 for client /10.10.34.15:40794
2015-08-20 17:14:11,756 - INFO  [WorkerReceiver[myid=3]:FastLeaderElection@542] - Notification: 2 (n.leader), 0xb00000084 (n.zxid), 0x2 (n.round), LOOKING (n.state), 1 (n.sid), 0xb (n.peerEPoch), FOLLOWING (my state)
2015-08-20 17:14:14,091 - INFO  [NIOServerCxn.Factory:0.0.0.0/0.0.0.0:2181:NIOServerCnxnFactory@197] - Accepted socket connection from /10.10.34.12:33049
2015-08-20 17:14:14,092 - INFO  [NIOServerCxn.Factory:0.0.0.0/0.0.0.0:2181:NIOServerCnxnFactory@197] - Accepted socket connection from /10.10.34.12:33050
2015-08-20 17:14:14,092 - WARN  [NIOServerCxn.Factory:0.0.0.0/0.0.0.0:2181:ZooKeeperServer@793] - Connection request from old client /10.10.34.12:33049; will be dropped if server is in r-o mode
2015-08-20 17:14:14,092 - INFO  [NIOServerCxn.Factory:0.0.0.0/0.0.0.0:2181:ZooKeeperServer@839] - Client attempting to establish new session at /10.10.34.12:33049
2015-08-20 17:14:14,093 - WARN  [NIOServerCxn.Factory:0.0.0.0/0.0.0.0:2181:ZooKeeperServer@793] - Connection request from old client /10.10.34.12:33050; will be dropped if server is in r-o mode
2015-08-20 17:14:14,093 - INFO  [NIOServerCxn.Factory:0.0.0.0/0.0.0.0:2181:ZooKeeperServer@839] - Client attempting to establish new session at /10.10.34.12:33050
2015-08-20 17:14:14,093 - INFO  [NIOServerCxn.Factory:0.0.0.0/0.0.0.0:2181:NIOServerCnxnFactory@197] - Accepted socket connection from /10.10.34.12:33051
2015-08-20 17:14:14,094 - WARN  [NIOServerCxn.Factory:0.0.0.0/0.0.0.0:2181:ZooKeeperServer@793] - Connection request from old client /10.10.34.12:33051; will be dropped if server is in r-o mode
2015-08-20 17:14:14,094 - INFO  [NIOServerCxn.Factory:0.0.0.0/0.0.0.0:2181:ZooKeeperServer@839] - Client attempting to establish new session at /10.10.34.12:33051
2015-08-20 17:14:14,095 - INFO  [CommitProcessor:3:ZooKeeperServer@595] - Established session 0x34f4a63146b0001 with negotiated timeout 10000 for client /10.10.34.12:33049
2015-08-20 17:14:14,096 - INFO  [CommitProcessor:3:ZooKeeperServer@595] - Established session 0x34f4a63146b0002 with negotiated timeout 10000 for client /10.10.34.12:33050
2015-08-20 17:14:14,097 - INFO  [CommitProcessor:3:ZooKeeperServer@595] - Established session 0x34f4a63146b0003 with negotiated timeout 10000 for client /10.10.34.12:33051
2015-08-20 17:14:14,174 - INFO  [NIOServerCxn.Factory:0.0.0.0/0.0.0.0:2181:NIOServerCnxnFactory@197] - Accepted socket connection from /10.10.34.13:57416
2015-08-20 17:14:14,174 - WARN  [NIOServerCxn.Factory:0.0.0.0/0.0.0.0:2181:ZooKeeperServer@793] - Connection request from old client /10.10.34.13:57416; will be dropped if server is in r-o mode
2015-08-20 17:14:14,174 - INFO  [NIOServerCxn.Factory:0.0.0.0/0.0.0.0:2181:ZooKeeperServer@839] - Client attempting to establish new session at /10.10.34.13:57416
2015-08-20 17:14:14,175 - INFO  [NIOServerCxn.Factory:0.0.0.0/0.0.0.0:2181:NIOServerCnxnFactory@197] - Accepted socket connection from /10.10.34.13:57417
2015-08-20 17:14:14,175 - WARN  [NIOServerCxn.Factory:0.0.0.0/0.0.0.0:2181:ZooKeeperServer@793] - Connection request from old client /10.10.34.13:57417; will be dropped if server is in r-o mode
2015-08-20 17:14:14,175 - INFO  [NIOServerCxn.Factory:0.0.0.0/0.0.0.0:2181:ZooKeeperServer@839] - Client attempting to establish new session at /10.10.34.13:57417
2015-08-20 17:14:14,176 - INFO  [CommitProcessor:3:ZooKeeperServer@595] - Established session 0x34f4a63146b0004 with negotiated timeout 10000 for client /10.10.34.13:57416
2015-08-20 17:14:14,177 - INFO  [CommitProcessor:3:ZooKeeperServer@595] - Established session 0x34f4a63146b0005 with negotiated timeout 10000 for client /10.10.34.13:57417
2015-08-20 17:14:14,177 - INFO  [NIOServerCxn.Factory:0.0.0.0/0.0.0.0:2181:NIOServerCnxnFactory@197] - Accepted socket connection from /10.10.34.16:34204
2015-08-20 17:14:14,178 - WARN  [NIOServerCxn.Factory:0.0.0.0/0.0.0.0:2181:ZooKeeperServer@793] - Connection request from old client /10.10.34.16:34204; will be dropped if server is in r-o mode
2015-08-20 17:14:14,178 - INFO  [NIOServerCxn.Factory:0.0.0.0/0.0.0.0:2181:ZooKeeperServer@839] - Client attempting to establish new session at /10.10.34.16:34204
2015-08-20 17:14:14,179 - INFO  [NIOServerCxn.Factory:0.0.0.0/0.0.0.0:2181:NIOServerCnxnFactory@197] - Accepted socket connection from /10.10.34.18:46225
2015-08-20 17:14:14,179 - WARN  [NIOServerCxn.Factory:0.0.0.0/0.0.0.0:2181:ZooKeeperServer@793] - Connection request from old client /10.10.34.18:46225; will be dropped if server is in r-o mode
2015-08-20 17:14:14,180 - INFO  [NIOServerCxn.Factory:0.0.0.0/0.0.0.0:2181:ZooKeeperServer@839] - Client attempting to establish new session at /10.10.34.18:46225
2015-08-20 17:14:14,181 - INFO  [CommitProcessor:3:ZooKeeperServer@595] - Established session 0x34f4a63146b0006 with negotiated timeout 10000 for client /10.10.34.16:34204
2015-08-20 17:14:14,182 - INFO  [CommitProcessor:3:ZooKeeperServer@595] - Established session 0x34f4a63146b0007 with negotiated timeout 10000 for client /10.10.34.18:46225
2015-08-20 17:14:14,184 - INFO  [NIOServerCxn.Factory:0.0.0.0/0.0.0.0:2181:NIOServerCnxnFactory@197] - Accepted socket connection from /10.10.34.14:48883
2015-08-20 17:14:14,185 - WARN  [NIOServerCxn.Factory:0.0.0.0/0.0.0.0:2181:ZooKeeperServer@793] - Connection request from old client /10.10.34.14:48883; will be dropped if server is in r-o mode
2015-08-20 17:14:14,185 - INFO  [NIOServerCxn.Factory:0.0.0.0/0.0.0.0:2181:ZooKeeperServer@839] - Client attempting to establish new session at /10.10.34.14:48883
2015-08-20 17:14:14,187 - INFO  [CommitProcessor:3:ZooKeeperServer@595] - Established session 0x34f4a63146b0008 with negotiated timeout 10000 for client /10.10.34.14:48883
2015-08-20 17:14:14,512 - INFO  [NIOServerCxn.Factory:0.0.0.0/0.0.0.0:2181:NIOServerCnxnFactory@197] - Accepted socket connection from /10.10.34.13:57419
2015-08-20 17:14:14,513 - WARN  [NIOServerCxn.Factory:0.0.0.0/0.0.0.0:2181:ZooKeeperServer@793] - Connection request from old client /10.10.34.13:57419; will be dropped if server is in r-o mode
2015-08-20 17:14:14,513 - INFO  [NIOServerCxn.Factory:0.0.0.0/0.0.0.0:2181:ZooKeeperServer@839] - Client attempting to establish new session at /10.10.34.13:57419
2015-08-20 17:14:14,513 - INFO  [NIOServerCxn.Factory:0.0.0.0/0.0.0.0:2181:NIOServerCnxnFactory@197] - Accepted socket connection from /10.10.34.13:57420
2015-08-20 17:14:14,514 - WARN  [NIOServerCxn.Factory:0.0.0.0/0.0.0.0:2181:ZooKeeperServer@793] - Connection request from old client /10.10.34.13:57420; will be dropped if server is in r-o mode
2015-08-20 17:14:14,514 - INFO  [NIOServerCxn.Factory:0.0.0.0/0.0.0.0:2181:ZooKeeperServer@839] - Client attempting to establish new session at /10.10.34.13:57420
2015-08-20 17:14:14,515 - INFO  [CommitProcessor:3:ZooKeeperServer@595] - Established session 0x34f4a63146b0009 with negotiated timeout 10000 for client /10.10.34.13:57419
2015-08-20 17:14:14,516 - INFO  [CommitProcessor:3:ZooKeeperServer@595] - Established session 0x34f4a63146b000a with negotiated timeout 10000 for client /10.10.34.13:57420
2015-08-20 17:14:18,176 - INFO  [NIOServerCxn.Factory:0.0.0.0/0.0.0.0:2181:NIOServerCnxnFactory@197] - Accepted socket connection from /10.10.34.24:37804
2015-08-20 17:14:18,176 - WARN  [NIOServerCxn.Factory:0.0.0.0/0.0.0.0:2181:ZooKeeperServer@793] - Connection request from old client /10.10.34.24:37804; will be dropped if server is in r-o mode
2015-08-20 17:14:18,177 - INFO  [NIOServerCxn.Factory:0.0.0.0/0.0.0.0:2181:ZooKeeperServer@839] - Client attempting to establish new session at /10.10.34.24:37804
2015-08-20 17:14:18,179 - INFO  [CommitProcessor:3:ZooKeeperServer@595] - Established session 0x34f4a63146b000b with negotiated timeout 10000 for client /10.10.34.24:37804
2015-08-20 17:14:18,570 - INFO  [NIOServerCxn.Factory:0.0.0.0/0.0.0.0:2181:NIOServerCnxnFactory@197] - Accepted socket connection from /10.10.34.22:60465
2015-08-20 17:14:18,570 - WARN  [NIOServerCxn.Factory:0.0.0.0/0.0.0.0:2181:ZooKeeperServer@793] - Connection request from old client /10.10.34.22:60465; will be dropped if server is in r-o mode
2015-08-20 17:14:18,570 - INFO  [NIOServerCxn.Factory:0.0.0.0/0.0.0.0:2181:ZooKeeperServer@839] - Client attempting to establish new session at /10.10.34.22:60465
2015-08-20 17:14:18,573 - INFO  [CommitProcessor:3:ZooKeeperServer@595] - Established session 0x34f4a63146b000c with negotiated timeout 10000 for client /10.10.34.22:60465
2015-08-20 17:14:18,652 - INFO  [NIOServerCxn.Factory:0.0.0.0/0.0.0.0:2181:NIOServerCnxnFactory@197] - Accepted socket connection from /10.10.34.23:54603
2015-08-20 17:14:18,653 - WARN  [NIOServerCxn.Factory:0.0.0.0/0.0.0.0:2181:ZooKeeperServer@793] - Connection request from old client /10.10.34.23:54603; will be dropped if server is in r-o mode
2015-08-20 17:14:18,653 - INFO  [NIOServerCxn.Factory:0.0.0.0/0.0.0.0:2181:ZooKeeperServer@839] - Client attempting to establish new session at /10.10.34.23:54603
2015-08-20 17:14:18,655 - INFO  [CommitProcessor:3:ZooKeeperServer@595] - Established session 0x34f4a63146b000d with negotiated timeout 10000 for client /10.10.34.23:54603
2015-08-20 17:14:19,049 - INFO  [NIOServerCxn.Factory:0.0.0.0/0.0.0.0:2181:NIOServerCnxnFactory@197] - Accepted socket connection from /10.10.34.25:35503
2015-08-20 17:14:19,050 - WARN  [NIOServerCxn.Factory:0.0.0.0/0.0.0.0:2181:ZooKeeperServer@793] - Connection request from old client /10.10.34.25:35503; will be dropped if server is in r-o mode
2015-08-20 17:14:19,050 - INFO  [NIOServerCxn.Factory:0.0.0.0/0.0.0.0:2181:ZooKeeperServer@839] - Client attempting to establish new session at /10.10.34.25:35503
2015-08-20 17:14:19,052 - INFO  [CommitProcessor:3:ZooKeeperServer@595] - Established session 0x34f4a63146b000e with negotiated timeout 10000 for client /10.10.34.25:35503
2015-08-20 17:14:22,245 - WARN  [NIOServerCxn.Factory:0.0.0.0/0.0.0.0:2181:NIOServerCnxn@349] - caught end of stream exception
2015-08-20 17:14:22,246 - INFO  [NIOServerCxn.Factory:0.0.0.0/0.0.0.0:2181:NIOServerCnxn@1001] - Closed socket connection for client /10.10.34.12:33049 which had sessionid 0x34f4a63146b0001
2015-08-20 17:14:23,252 - INFO  [WorkerReceiver[myid=3]:FastLeaderElection@542] - Notification: 2 (n.leader), 0xb00000084 (n.zxid), 0x2 (n.round), FOLLOWING (n.state), 1 (n.sid), 0xb (n.peerEPoch), FOLLOWING (my state)
2015-08-20 17:14:23,253 - INFO  [WorkerReceiver[myid=3]:FastLeaderElection@542] - Notification: 2 (n.leader), 0xb00000084 (n.zxid), 0x2 (n.round), FOLLOWING (n.state), 1 (n.sid), 0xb (n.peerEPoch), FOLLOWING (my state)
2015-08-20 17:14:23,253 - INFO  [WorkerReceiver[myid=3]:FastLeaderElection@542] - Notification: 2 (n.leader), 0xb00000084 (n.zxid), 0x2 (n.round), FOLLOWING (n.state), 1 (n.sid), 0xb (n.peerEPoch), FOLLOWING (my state)
2015-08-20 17:14:23,254 - INFO  [WorkerReceiver[myid=3]:FastLeaderElection@542] - Notification: 2 (n.leader), 0xb00000084 (n.zxid), 0x2 (n.round), FOLLOWING (n.state), 1 (n.sid), 0xb (n.peerEPoch), FOLLOWING (my state)
2015-08-20 17:14:23,254 - INFO  [WorkerReceiver[myid=3]:FastLeaderElection@542] - Notification: 2 (n.leader), 0xb00000084 (n.zxid), 0x2 (n.round), FOLLOWING (n.state), 1 (n.sid), 0xb (n.peerEPoch), FOLLOWING (my state)
2015-08-20 17:14:23,254 - INFO  [WorkerReceiver[myid=3]:FastLeaderElection@542] - Notification: 2 (n.leader), 0xb00000084 (n.zxid), 0x2 (n.round), FOLLOWING (n.state), 1 (n.sid), 0xb (n.peerEPoch), FOLLOWING (my state)
2015-08-20 17:14:23,254 - INFO  [WorkerReceiver[myid=3]:FastLeaderElection@542] - Notification: 2 (n.leader), 0xb00000084 (n.zxid), 0x2 (n.round), FOLLOWING (n.state), 1 (n.sid), 0xb (n.peerEPoch), FOLLOWING (my state)
2015-08-20 17:14:23,255 - INFO  [WorkerReceiver[myid=3]:FastLeaderElection@542] - Notification: 2 (n.leader), 0xb00000084 (n.zxid), 0x2 (n.round), FOLLOWING (n.state), 1 (n.sid), 0xb (n.peerEPoch), FOLLOWING (my state)
2015-08-20 17:14:23,255 - INFO  [WorkerReceiver[myid=3]:FastLeaderElection@542] - Notification: 2 (n.leader), 0xb00000084 (n.zxid), 0x2 (n.round), FOLLOWING (n.state), 1 (n.sid), 0xb (n.peerEPoch), FOLLOWING (my state)
2015-08-20 17:14:23,255 - INFO  [WorkerReceiver[myid=3]:FastLeaderElection@542] - Notification: 2 (n.leader), 0xb00000084 (n.zxid), 0x2 (n.round), FOLLOWING (n.state), 1 (n.sid), 0xb (n.peerEPoch), FOLLOWING (my state)
2015-08-20 17:14:23,255 - INFO  [WorkerReceiver[myid=3]:FastLeaderElection@542] - Notification: 2 (n.leader), 0xb00000084 (n.zxid), 0x2 (n.round), FOLLOWING (n.state), 1 (n.sid), 0xb (n.peerEPoch), FOLLOWING (my state)
2015-08-20 17:22:19,894 - INFO  [NIOServerCxn.Factory:0.0.0.0/0.0.0.0:2181:NIOServerCnxnFactory@197] - Accepted socket connection from /10.10.34.11:33116
2015-08-20 17:22:19,894 - INFO  [NIOServerCxn.Factory:0.0.0.0/0.0.0.0:2181:NIOServerCnxnFactory@197] - Accepted socket connection from /10.10.34.11:33117
2015-08-20 17:22:19,895 - WARN  [NIOServerCxn.Factory:0.0.0.0/0.0.0.0:2181:ZooKeeperServer@793] - Connection request from old client /10.10.34.11:33116; will be dropped if server is in r-o mode
2015-08-20 17:22:19,895 - INFO  [NIOServerCxn.Factory:0.0.0.0/0.0.0.0:2181:ZooKeeperServer@839] - Client attempting to establish new session at /10.10.34.11:33116
2015-08-20 17:22:19,895 - WARN  [NIOServerCxn.Factory:0.0.0.0/0.0.0.0:2181:ZooKeeperServer@793] - Connection request from old client /10.10.34.11:33117; will be dropped if server is in r-o mode
2015-08-20 17:22:19,896 - INFO  [NIOServerCxn.Factory:0.0.0.0/0.0.0.0:2181:ZooKeeperServer@839] - Client attempting to establish new session at /10.10.34.11:33117
2015-08-20 17:22:19,898 - INFO  [CommitProcessor:3:ZooKeeperServer@595] - Established session 0x34f4a63146b000f with negotiated timeout 10000 for client /10.10.34.11:33116
2015-08-20 17:22:19,899 - INFO  [CommitProcessor:3:ZooKeeperServer@595] - Established session 0x34f4a63146b0010 with negotiated timeout 10000 for client /10.10.34.11:33117
2015-08-20 17:22:21,814 - INFO  [NIOServerCxn.Factory:0.0.0.0/0.0.0.0:2181:NIOServerCnxnFactory@197] - Accepted socket connection from /10.10.34.12:33212
2015-08-20 17:22:21,815 - WARN  [NIOServerCxn.Factory:0.0.0.0/0.0.0.0:2181:ZooKeeperServer@793] - Connection request from old client /10.10.34.12:33212; will be dropped if server is in r-o mode
2015-08-20 17:22:21,815 - INFO  [NIOServerCxn.Factory:0.0.0.0/0.0.0.0:2181:ZooKeeperServer@839] - Client attempting to establish new session at /10.10.34.12:33212
2015-08-20 17:22:21,817 - INFO  [CommitProcessor:3:ZooKeeperServer@595] - Established session 0x34f4a63146b0011 with negotiated timeout 10000 for client /10.10.34.12:33212
2015-08-20 17:22:22,246 - WARN  [NIOServerCxn.Factory:0.0.0.0/0.0.0.0:2181:NIOServerCnxn@349] - caught end of stream exception
2015-08-20 17:22:22,247 - INFO  [NIOServerCxn.Factory:0.0.0.0/0.0.0.0:2181:NIOServerCnxn@1001] - Closed socket connection for client /10.10.34.12:33212 which had sessionid 0x34f4a63146b0011
2015-08-20 17:22:22,248 - ERROR [CommitProcessor:3:NIOServerCnxn@180] - Unexpected Exception: 
2015-08-20 17:22:24,087 - INFO  [NIOServerCxn.Factory:0.0.0.0/0.0.0.0:2181:NIOServerCnxnFactory@197] - Accepted socket connection from /10.10.34.27:37363
2015-08-20 17:22:24,087 - WARN  [NIOServerCxn.Factory:0.0.0.0/0.0.0.0:2181:ZooKeeperServer@793] - Connection request from old client /10.10.34.27:37363; will be dropped if server is in r-o mode
2015-08-20 17:22:24,088 - INFO  [NIOServerCxn.Factory:0.0.0.0/0.0.0.0:2181:ZooKeeperServer@839] - Client attempting to establish new session at /10.10.34.27:37363
2015-08-20 17:22:24,090 - INFO  [CommitProcessor:3:ZooKeeperServer@595] - Established session 0x34f4a63146b0012 with negotiated timeout 10000 for client /10.10.34.27:37363
2015-08-20 17:22:24,214 - INFO  [NIOServerCxn.Factory:0.0.0.0/0.0.0.0:2181:NIOServerCnxnFactory@197] - Accepted socket connection from /10.10.34.29:44538
2015-08-20 17:22:24,215 - WARN  [NIOServerCxn.Factory:0.0.0.0/0.0.0.0:2181:ZooKeeperServer@793] - Connection request from old client /10.10.34.29:44538; will be dropped if server is in r-o mode
2015-08-20 17:22:24,215 - INFO  [NIOServerCxn.Factory:0.0.0.0/0.0.0.0:2181:ZooKeeperServer@839] - Client attempting to establish new session at /10.10.34.29:44538
2015-08-20 17:22:24,217 - INFO  [CommitProcessor:3:ZooKeeperServer@595] - Established session 0x34f4a63146b0013 with negotiated timeout 10000 for client /10.10.34.29:44538
2015-08-20 17:22:24,225 - INFO  [NIOServerCxn.Factory:0.0.0.0/0.0.0.0:2181:NIOServerCnxnFactory@197] - Accepted socket connection from /10.10.34.28:58733
2015-08-20 17:22:24,226 - WARN  [NIOServerCxn.Factory:0.0.0.0/0.0.0.0:2181:ZooKeeperServer@793] - Connection request from old client /10.10.34.28:58733; will be dropped if server is in r-o mode
2015-08-20 17:22:24,226 - INFO  [NIOServerCxn.Factory:0.0.0.0/0.0.0.0:2181:ZooKeeperServer@839] - Client attempting to establish new session at /10.10.34.28:58733
2015-08-20 17:22:24,228 - INFO  [CommitProcessor:3:ZooKeeperServer@595] - Established session 0x34f4a63146b0014 with negotiated timeout 10000 for client /10.10.34.28:58733
2015-08-20 17:22:24,729 - INFO  [NIOServerCxn.Factory:0.0.0.0/0.0.0.0:2181:NIOServerCnxnFactory@197] - Accepted socket connection from /10.10.34.33:34644
2015-08-20 17:22:24,730 - WARN  [NIOServerCxn.Factory:0.0.0.0/0.0.0.0:2181:ZooKeeperServer@793] - Connection request from old client /10.10.34.33:34644; will be dropped if server is in r-o mode
2015-08-20 17:22:24,730 - INFO  [NIOServerCxn.Factory:0.0.0.0/0.0.0.0:2181:ZooKeeperServer@839] - Client attempting to establish new session at /10.10.34.33:34644
2015-08-20 17:22:24,732 - INFO  [CommitProcessor:3:ZooKeeperServer@595] - Established session 0x34f4a63146b0015 with negotiated timeout 10000 for client /10.10.34.33:34644
2015-08-20 17:22:25,133 - INFO  [NIOServerCxn.Factory:0.0.0.0/0.0.0.0:2181:NIOServerCnxnFactory@197] - Accepted socket connection from /10.10.34.37:35115
2015-08-20 17:22:25,134 - WARN  [NIOServerCxn.Factory:0.0.0.0/0.0.0.0:2181:ZooKeeperServer@793] - Connection request from old client /10.10.34.37:35115; will be dropped if server is in r-o mode
2015-08-20 17:22:25,134 - INFO  [NIOServerCxn.Factory:0.0.0.0/0.0.0.0:2181:ZooKeeperServer@839] - Client attempting to establish new session at /10.10.34.37:35115
2015-08-20 17:22:25,136 - INFO  [CommitProcessor:3:ZooKeeperServer@595] - Established session 0x34f4a63146b0016 with negotiated timeout 10000 for client /10.10.34.37:35115
2015-08-20 17:22:25,332 - INFO  [NIOServerCxn.Factory:0.0.0.0/0.0.0.0:2181:NIOServerCnxnFactory@197] - Accepted socket connection from /10.10.34.39:54729
2015-08-20 17:22:25,333 - WARN  [NIOServerCxn.Factory:0.0.0.0/0.0.0.0:2181:ZooKeeperServer@793] - Connection request from old client /10.10.34.39:54729; will be dropped if server is in r-o mode
2015-08-20 17:22:25,333 - INFO  [NIOServerCxn.Factory:0.0.0.0/0.0.0.0:2181:ZooKeeperServer@839] - Client attempting to establish new session at /10.10.34.39:54729
2015-08-20 17:22:25,335 - INFO  [CommitProcessor:3:ZooKeeperServer@595] - Established session 0x34f4a63146b0017 with negotiated timeout 10000 for client /10.10.34.39:54729
2015-08-20 17:22:25,380 - INFO  [NIOServerCxn.Factory:0.0.0.0/0.0.0.0:2181:NIOServerCnxnFactory@197] - Accepted socket connection from /10.10.34.38:46099
2015-08-20 17:22:25,380 - WARN  [NIOServerCxn.Factory:0.0.0.0/0.0.0.0:2181:ZooKeeperServer@793] - Connection request from old client /10.10.34.38:46099; will be dropped if server is in r-o mode
2015-08-20 17:22:25,381 - INFO  [NIOServerCxn.Factory:0.0.0.0/0.0.0.0:2181:ZooKeeperServer@839] - Client attempting to establish new session at /10.10.34.38:46099
2015-08-20 17:22:25,383 - INFO  [CommitProcessor:3:ZooKeeperServer@595] - Established session 0x34f4a63146b0018 with negotiated timeout 10000 for client /10.10.34.38:46099
2015-08-20 17:23:50,948 - WARN  [NIOServerCxn.Factory:0.0.0.0/0.0.0.0:2181:NIOServerCnxn@349] - caught end of stream exception
2015-08-20 17:23:50,949 - INFO  [NIOServerCxn.Factory:0.0.0.0/0.0.0.0:2181:NIOServerCnxn@1001] - Closed socket connection for client /10.10.34.13:57420 which had sessionid 0x34f4a63146b000a
2015-08-20 17:23:51,148 - WARN  [NIOServerCxn.Factory:0.0.0.0/0.0.0.0:2181:NIOServerCnxn@349] - caught end of stream exception
2015-08-20 17:23:51,149 - INFO  [NIOServerCxn.Factory:0.0.0.0/0.0.0.0:2181:NIOServerCnxn@1001] - Closed socket connection for client /10.10.34.15:40794 which had sessionid 0x34f4a63146b0000
2015-08-20 17:23:51,254 - WARN  [NIOServerCxn.Factory:0.0.0.0/0.0.0.0:2181:NIOServerCnxn@349] - caught end of stream exception
2015-08-20 17:23:51,255 - INFO  [NIOServerCxn.Factory:0.0.0.0/0.0.0.0:2181:NIOServerCnxn@1001] - Closed socket connection for client /10.10.34.16:34204 which had sessionid 0x34f4a63146b0006
2015-08-20 17:23:51,556 - WARN  [NIOServerCxn.Factory:0.0.0.0/0.0.0.0:2181:NIOServerCnxn@349] - caught end of stream exception
2015-08-20 17:23:51,558 - INFO  [NIOServerCxn.Factory:0.0.0.0/0.0.0.0:2181:NIOServerCnxn@1001] - Closed socket connection for client /10.10.34.18:46225 which had sessionid 0x34f4a63146b0007
2015-08-20 17:23:51,981 - WARN  [NIOServerCxn.Factory:0.0.0.0/0.0.0.0:2181:NIOServerCnxn@349] - caught end of stream exception
2015-08-20 17:23:51,982 - INFO  [NIOServerCxn.Factory:0.0.0.0/0.0.0.0:2181:NIOServerCnxn@1001] - Closed socket connection for client /10.10.34.22:60465 which had sessionid 0x34f4a63146b000c
2015-08-20 17:23:52,087 - WARN  [NIOServerCxn.Factory:0.0.0.0/0.0.0.0:2181:NIOServerCnxn@349] - caught end of stream exception
2015-08-20 17:23:52,088 - INFO  [NIOServerCxn.Factory:0.0.0.0/0.0.0.0:2181:NIOServerCnxn@1001] - Closed socket connection for client /10.10.34.23:54603 which had sessionid 0x34f4a63146b000d
2015-08-20 17:23:52,128 - WARN  [NIOServerCxn.Factory:0.0.0.0/0.0.0.0:2181:NIOServerCnxn@349] - caught end of stream exception
2015-08-20 17:23:52,129 - INFO  [NIOServerCxn.Factory:0.0.0.0/0.0.0.0:2181:NIOServerCnxn@1001] - Closed socket connection for client /10.10.34.27:37363 which had sessionid 0x34f4a63146b0012
2015-08-20 17:23:52,190 - WARN  [NIOServerCxn.Factory:0.0.0.0/0.0.0.0:2181:NIOServerCnxn@349] - caught end of stream exception
2015-08-20 17:23:52,190 - INFO  [NIOServerCxn.Factory:0.0.0.0/0.0.0.0:2181:NIOServerCnxn@1001] - Closed socket connection for client /10.10.34.24:37804 which had sessionid 0x34f4a63146b000b
2015-08-20 17:23:52,227 - WARN  [NIOServerCxn.Factory:0.0.0.0/0.0.0.0:2181:NIOServerCnxn@349] - caught end of stream exception
2015-08-20 17:23:52,228 - INFO  [NIOServerCxn.Factory:0.0.0.0/0.0.0.0:2181:NIOServerCnxn@1001] - Closed socket connection for client /10.10.34.28:58733 which had sessionid 0x34f4a63146b0014
2015-08-20 17:23:52,291 - WARN  [NIOServerCxn.Factory:0.0.0.0/0.0.0.0:2181:NIOServerCnxn@349] - caught end of stream exception
2015-08-20 17:23:52,292 - INFO  [NIOServerCxn.Factory:0.0.0.0/0.0.0.0:2181:NIOServerCnxn@1001] - Closed socket connection for client /10.10.34.25:35503 which had sessionid 0x34f4a63146b000e
2015-08-20 17:23:52,328 - WARN  [NIOServerCxn.Factory:0.0.0.0/0.0.0.0:2181:NIOServerCnxn@349] - caught end of stream exception
2015-08-20 17:23:52,329 - INFO  [NIOServerCxn.Factory:0.0.0.0/0.0.0.0:2181:NIOServerCnxn@1001] - Closed socket connection for client /10.10.34.29:44538 which had sessionid 0x34f4a63146b0013
2015-08-20 17:23:52,738 - WARN  [NIOServerCxn.Factory:0.0.0.0/0.0.0.0:2181:NIOServerCnxn@349] - caught end of stream exception
2015-08-20 17:23:52,739 - INFO  [NIOServerCxn.Factory:0.0.0.0/0.0.0.0:2181:NIOServerCnxn@1001] - Closed socket connection for client /10.10.34.33:34644 which had sessionid 0x34f4a63146b0015
2015-08-20 17:23:53,150 - WARN  [NIOServerCxn.Factory:0.0.0.0/0.0.0.0:2181:NIOServerCnxn@349] - caught end of stream exception
2015-08-20 17:23:53,150 - INFO  [NIOServerCxn.Factory:0.0.0.0/0.0.0.0:2181:NIOServerCnxn@1001] - Closed socket connection for client /10.10.34.37:35115 which had sessionid 0x34f4a63146b0016
2015-08-20 17:23:53,253 - WARN  [NIOServerCxn.Factory:0.0.0.0/0.0.0.0:2181:NIOServerCnxn@349] - caught end of stream exception
2015-08-20 17:23:53,254 - INFO  [NIOServerCxn.Factory:0.0.0.0/0.0.0.0:2181:NIOServerCnxn@1001] - Closed socket connection for client /10.10.34.38:46099 which had sessionid 0x34f4a63146b0018
2015-08-20 17:23:53,358 - WARN  [NIOServerCxn.Factory:0.0.0.0/0.0.0.0:2181:NIOServerCnxn@349] - caught end of stream exception
2015-08-20 17:23:53,359 - INFO  [NIOServerCxn.Factory:0.0.0.0/0.0.0.0:2181:NIOServerCnxn@1001] - Closed socket connection for client /10.10.34.39:54729 which had sessionid 0x34f4a63146b0017
2015-08-20 17:23:58,217 - WARN  [NIOServerCxn.Factory:0.0.0.0/0.0.0.0:2181:NIOServerCnxn@349] - caught end of stream exception
2015-08-20 17:23:58,218 - INFO  [NIOServerCxn.Factory:0.0.0.0/0.0.0.0:2181:NIOServerCnxn@1001] - Closed socket connection for client /10.10.34.14:48883 which had sessionid 0x34f4a63146b0008
2015-08-20 17:23:59,818 - WARN  [NIOServerCxn.Factory:0.0.0.0/0.0.0.0:2181:NIOServerCnxn@349] - caught end of stream exception
2015-08-20 17:23:59,819 - INFO  [NIOServerCxn.Factory:0.0.0.0/0.0.0.0:2181:NIOServerCnxn@1001] - Closed socket connection for client /10.10.34.11:33116 which had sessionid 0x34f4a63146b000f
2015-08-20 17:23:59,819 - WARN  [NIOServerCxn.Factory:0.0.0.0/0.0.0.0:2181:NIOServerCnxn@349] - caught end of stream exception
2015-08-20 17:23:59,820 - INFO  [NIOServerCxn.Factory:0.0.0.0/0.0.0.0:2181:NIOServerCnxn@1001] - Closed socket connection for client /10.10.34.11:33117 which had sessionid 0x34f4a63146b0010
2015-08-20 17:23:59,911 - WARN  [NIOServerCxn.Factory:0.0.0.0/0.0.0.0:2181:NIOServerCnxn@349] - caught end of stream exception
2015-08-20 17:23:59,912 - INFO  [NIOServerCxn.Factory:0.0.0.0/0.0.0.0:2181:NIOServerCnxn@1001] - Closed socket connection for client /10.10.34.12:33051 which had sessionid 0x34f4a63146b0003
2015-08-20 17:23:59,912 - WARN  [NIOServerCxn.Factory:0.0.0.0/0.0.0.0:2181:NIOServerCnxn@349] - caught end of stream exception
2015-08-20 17:23:59,913 - INFO  [NIOServerCxn.Factory:0.0.0.0/0.0.0.0:2181:NIOServerCnxn@1001] - Closed socket connection for client /10.10.34.12:33050 which had sessionid 0x34f4a63146b0002
2015-08-20 17:24:00,011 - WARN  [NIOServerCxn.Factory:0.0.0.0/0.0.0.0:2181:NIOServerCnxn@349] - caught end of stream exception
2015-08-20 17:24:00,011 - INFO  [NIOServerCxn.Factory:0.0.0.0/0.0.0.0:2181:NIOServerCnxn@1001] - Closed socket connection for client /10.10.34.13:57416 which had sessionid 0x34f4a63146b0004
2015-08-20 17:24:00,012 - WARN  [NIOServerCxn.Factory:0.0.0.0/0.0.0.0:2181:NIOServerCnxn@349] - caught end of stream exception
2015-08-20 17:24:00,012 - INFO  [NIOServerCxn.Factory:0.0.0.0/0.0.0.0:2181:NIOServerCnxn@1001] - Closed socket connection for client /10.10.34.13:57417 which had sessionid 0x34f4a63146b0005
2015-08-20 17:24:00,013 - WARN  [NIOServerCxn.Factory:0.0.0.0/0.0.0.0:2181:NIOServerCnxn@349] - caught end of stream exception
2015-08-20 17:24:00,013 - INFO  [NIOServerCxn.Factory:0.0.0.0/0.0.0.0:2181:NIOServerCnxn@1001] - Closed socket connection for client /10.10.34.13:57419 which had sessionid 0x34f4a63146b0009
2015-08-20 17:24:04,425 - INFO  [NIOServerCxn.Factory:0.0.0.0/0.0.0.0:2181:NIOServerCnxnFactory@197] - Accepted socket connection from /10.10.34.11:33197
2015-08-20 17:24:04,425 - WARN  [NIOServerCxn.Factory:0.0.0.0/0.0.0.0:2181:ZooKeeperServer@793] - Connection request from old client /10.10.34.11:33197; will be dropped if server is in r-o mode
2015-08-20 17:24:04,426 - INFO  [NIOServerCxn.Factory:0.0.0.0/0.0.0.0:2181:ZooKeeperServer@839] - Client attempting to establish new session at /10.10.34.11:33197
2015-08-20 17:24:04,428 - INFO  [CommitProcessor:3:ZooKeeperServer@595] - Established session 0x34f4a63146b0019 with negotiated timeout 10000 for client /10.10.34.11:33197
2015-08-20 17:24:04,581 - INFO  [NIOServerCxn.Factory:0.0.0.0/0.0.0.0:2181:NIOServerCnxnFactory@197] - Accepted socket connection from /10.10.34.12:33451
2015-08-20 17:24:04,582 - WARN  [NIOServerCxn.Factory:0.0.0.0/0.0.0.0:2181:ZooKeeperServer@793] - Connection request from old client /10.10.34.12:33451; will be dropped if server is in r-o mode
2015-08-20 17:24:04,582 - INFO  [NIOServerCxn.Factory:0.0.0.0/0.0.0.0:2181:ZooKeeperServer@839] - Client attempting to establish new session at /10.10.34.12:33451
2015-08-20 17:24:04,584 - INFO  [CommitProcessor:3:ZooKeeperServer@595] - Established session 0x34f4a63146b001a with negotiated timeout 10000 for client /10.10.34.12:33451
2015-08-20 17:24:04,683 - INFO  [NIOServerCxn.Factory:0.0.0.0/0.0.0.0:2181:NIOServerCnxnFactory@197] - Accepted socket connection from /10.10.34.13:57427
2015-08-20 17:24:04,683 - WARN  [NIOServerCxn.Factory:0.0.0.0/0.0.0.0:2181:ZooKeeperServer@793] - Connection request from old client /10.10.34.13:57427; will be dropped if server is in r-o mode
2015-08-20 17:24:04,683 - INFO  [NIOServerCxn.Factory:0.0.0.0/0.0.0.0:2181:ZooKeeperServer@839] - Client attempting to establish new session at /10.10.34.13:57427
2015-08-20 17:24:04,685 - INFO  [CommitProcessor:3:ZooKeeperServer@595] - Established session 0x34f4a63146b001b with negotiated timeout 10000 for client /10.10.34.13:57427
2015-08-20 17:24:06,204 - INFO  [NIOServerCxn.Factory:0.0.0.0/0.0.0.0:2181:NIOServerCnxnFactory@197] - Accepted socket connection from /10.10.34.11:33213
2015-08-20 17:24:06,204 - WARN  [NIOServerCxn.Factory:0.0.0.0/0.0.0.0:2181:ZooKeeperServer@793] - Connection request from old client /10.10.34.11:33213; will be dropped if server is in r-o mode
2015-08-20 17:24:06,205 - INFO  [NIOServerCxn.Factory:0.0.0.0/0.0.0.0:2181:ZooKeeperServer@839] - Client attempting to establish new session at /10.10.34.11:33213
2015-08-20 17:24:06,207 - INFO  [CommitProcessor:3:ZooKeeperServer@595] - Established session 0x34f4a63146b001c with negotiated timeout 10000 for client /10.10.34.11:33213
2015-08-20 17:24:06,909 - INFO  [NIOServerCxn.Factory:0.0.0.0/0.0.0.0:2181:NIOServerCnxnFactory@197] - Accepted socket connection from /10.10.34.17:52278
2015-08-20 17:24:06,909 - WARN  [NIOServerCxn.Factory:0.0.0.0/0.0.0.0:2181:ZooKeeperServer@793] - Connection request from old client /10.10.34.17:52278; will be dropped if server is in r-o mode
2015-08-20 17:24:06,910 - INFO  [NIOServerCxn.Factory:0.0.0.0/0.0.0.0:2181:ZooKeeperServer@839] - Client attempting to establish new session at /10.10.34.17:52278
2015-08-20 17:24:06,912 - INFO  [CommitProcessor:3:ZooKeeperServer@595] - Established session 0x34f4a63146b001d with negotiated timeout 10000 for client /10.10.34.17:52278
2015-08-20 17:24:07,132 - INFO  [NIOServerCxn.Factory:0.0.0.0/0.0.0.0:2181:NIOServerCnxnFactory@197] - Accepted socket connection from /10.10.34.19:44509
2015-08-20 17:24:07,133 - WARN  [NIOServerCxn.Factory:0.0.0.0/0.0.0.0:2181:ZooKeeperServer@793] - Connection request from old client /10.10.34.19:44509; will be dropped if server is in r-o mode
2015-08-20 17:24:07,133 - INFO  [NIOServerCxn.Factory:0.0.0.0/0.0.0.0:2181:ZooKeeperServer@839] - Client attempting to establish new session at /10.10.34.19:44509
2015-08-20 17:24:07,135 - INFO  [CommitProcessor:3:ZooKeeperServer@595] - Established session 0x34f4a63146b001e with negotiated timeout 10000 for client /10.10.34.19:44509
2015-08-20 17:24:07,338 - INFO  [NIOServerCxn.Factory:0.0.0.0/0.0.0.0:2181:NIOServerCnxnFactory@197] - Accepted socket connection from /10.10.34.21:47256
2015-08-20 17:24:07,338 - WARN  [NIOServerCxn.Factory:0.0.0.0/0.0.0.0:2181:ZooKeeperServer@793] - Connection request from old client /10.10.34.21:47256; will be dropped if server is in r-o mode
2015-08-20 17:24:07,339 - INFO  [NIOServerCxn.Factory:0.0.0.0/0.0.0.0:2181:ZooKeeperServer@839] - Client attempting to establish new session at /10.10.34.21:47256
2015-08-20 17:24:07,341 - INFO  [CommitProcessor:3:ZooKeeperServer@595] - Established session 0x34f4a63146b001f with negotiated timeout 10000 for client /10.10.34.21:47256
2015-08-20 17:24:07,541 - INFO  [NIOServerCxn.Factory:0.0.0.0/0.0.0.0:2181:NIOServerCnxnFactory@197] - Accepted socket connection from /10.10.34.23:54606
2015-08-20 17:24:07,541 - WARN  [NIOServerCxn.Factory:0.0.0.0/0.0.0.0:2181:ZooKeeperServer@793] - Connection request from old client /10.10.34.23:54606; will be dropped if server is in r-o mode
2015-08-20 17:24:07,541 - INFO  [NIOServerCxn.Factory:0.0.0.0/0.0.0.0:2181:ZooKeeperServer@839] - Client attempting to establish new session at /10.10.34.23:54606
2015-08-20 17:24:07,544 - INFO  [CommitProcessor:3:ZooKeeperServer@595] - Established session 0x34f4a63146b0020 with negotiated timeout 10000 for client /10.10.34.23:54606
2015-08-20 17:24:07,754 - INFO  [NIOServerCxn.Factory:0.0.0.0/0.0.0.0:2181:NIOServerCnxnFactory@197] - Accepted socket connection from /10.10.34.29:44541
2015-08-20 17:24:07,754 - WARN  [NIOServerCxn.Factory:0.0.0.0/0.0.0.0:2181:ZooKeeperServer@793] - Connection request from old client /10.10.34.29:44541; will be dropped if server is in r-o mode
2015-08-20 17:24:07,755 - INFO  [NIOServerCxn.Factory:0.0.0.0/0.0.0.0:2181:ZooKeeperServer@839] - Client attempting to establish new session at /10.10.34.29:44541
2015-08-20 17:24:07,757 - INFO  [CommitProcessor:3:ZooKeeperServer@595] - Established session 0x34f4a63146b0021 with negotiated timeout 10000 for client /10.10.34.29:44541
2015-08-20 17:24:07,849 - INFO  [NIOServerCxn.Factory:0.0.0.0/0.0.0.0:2181:NIOServerCnxnFactory@197] - Accepted socket connection from /10.10.34.26:53451
2015-08-20 17:24:07,849 - WARN  [NIOServerCxn.Factory:0.0.0.0/0.0.0.0:2181:ZooKeeperServer@793] - Connection request from old client /10.10.34.26:53451; will be dropped if server is in r-o mode
2015-08-20 17:24:07,849 - INFO  [NIOServerCxn.Factory:0.0.0.0/0.0.0.0:2181:ZooKeeperServer@839] - Client attempting to establish new session at /10.10.34.26:53451
2015-08-20 17:24:07,851 - INFO  [CommitProcessor:3:ZooKeeperServer@595] - Established session 0x34f4a63146b0022 with negotiated timeout 10000 for client /10.10.34.26:53451
2015-08-20 17:24:07,861 - INFO  [NIOServerCxn.Factory:0.0.0.0/0.0.0.0:2181:NIOServerCnxnFactory@197] - Accepted socket connection from /10.10.34.30:34989
2015-08-20 17:24:07,861 - WARN  [NIOServerCxn.Factory:0.0.0.0/0.0.0.0:2181:ZooKeeperServer@793] - Connection request from old client /10.10.34.30:34989; will be dropped if server is in r-o mode
2015-08-20 17:24:07,861 - INFO  [NIOServerCxn.Factory:0.0.0.0/0.0.0.0:2181:ZooKeeperServer@839] - Client attempting to establish new session at /10.10.34.30:34989
2015-08-20 17:24:07,863 - INFO  [CommitProcessor:3:ZooKeeperServer@595] - Established session 0x34f4a63146b0023 with negotiated timeout 10000 for client /10.10.34.30:34989
2015-08-20 17:24:08,062 - INFO  [NIOServerCxn.Factory:0.0.0.0/0.0.0.0:2181:NIOServerCnxnFactory@197] - Accepted socket connection from /10.10.34.32:59988
2015-08-20 17:24:08,062 - WARN  [NIOServerCxn.Factory:0.0.0.0/0.0.0.0:2181:ZooKeeperServer@793] - Connection request from old client /10.10.34.32:59988; will be dropped if server is in r-o mode
2015-08-20 17:24:08,063 - INFO  [NIOServerCxn.Factory:0.0.0.0/0.0.0.0:2181:ZooKeeperServer@839] - Client attempting to establish new session at /10.10.34.32:59988
2015-08-20 17:24:08,065 - INFO  [CommitProcessor:3:ZooKeeperServer@595] - Established session 0x34f4a63146b0024 with negotiated timeout 10000 for client /10.10.34.32:59988
2015-08-20 17:24:08,159 - INFO  [NIOServerCxn.Factory:0.0.0.0/0.0.0.0:2181:NIOServerCnxnFactory@197] - Accepted socket connection from /10.10.34.33:34647
2015-08-20 17:24:08,159 - WARN  [NIOServerCxn.Factory:0.0.0.0/0.0.0.0:2181:ZooKeeperServer@793] - Connection request from old client /10.10.34.33:34647; will be dropped if server is in r-o mode
2015-08-20 17:24:08,160 - INFO  [NIOServerCxn.Factory:0.0.0.0/0.0.0.0:2181:ZooKeeperServer@839] - Client attempting to establish new session at /10.10.34.33:34647
2015-08-20 17:24:08,162 - INFO  [CommitProcessor:3:ZooKeeperServer@595] - Established session 0x34f4a63146b0025 with negotiated timeout 10000 for client /10.10.34.33:34647
2015-08-20 17:24:08,299 - INFO  [NIOServerCxn.Factory:0.0.0.0/0.0.0.0:2181:NIOServerCnxnFactory@197] - Accepted socket connection from /10.10.34.34:60144
2015-08-20 17:24:08,300 - WARN  [NIOServerCxn.Factory:0.0.0.0/0.0.0.0:2181:ZooKeeperServer@793] - Connection request from old client /10.10.34.34:60144; will be dropped if server is in r-o mode
2015-08-20 17:24:08,300 - INFO  [NIOServerCxn.Factory:0.0.0.0/0.0.0.0:2181:ZooKeeperServer@839] - Client attempting to establish new session at /10.10.34.34:60144
2015-08-20 17:24:08,302 - INFO  [CommitProcessor:3:ZooKeeperServer@595] - Established session 0x34f4a63146b0026 with negotiated timeout 10000 for client /10.10.34.34:60144
2015-08-20 17:24:08,377 - INFO  [NIOServerCxn.Factory:0.0.0.0/0.0.0.0:2181:NIOServerCnxnFactory@197] - Accepted socket connection from /10.10.34.35:50974
2015-08-20 17:24:08,377 - WARN  [NIOServerCxn.Factory:0.0.0.0/0.0.0.0:2181:ZooKeeperServer@793] - Connection request from old client /10.10.34.35:50974; will be dropped if server is in r-o mode
2015-08-20 17:24:08,378 - INFO  [NIOServerCxn.Factory:0.0.0.0/0.0.0.0:2181:ZooKeeperServer@839] - Client attempting to establish new session at /10.10.34.35:50974
2015-08-20 17:24:08,380 - INFO  [CommitProcessor:3:ZooKeeperServer@595] - Established session 0x34f4a63146b0027 with negotiated timeout 10000 for client /10.10.34.35:50974
2015-08-20 17:26:14,086 - WARN  [NIOServerCxn.Factory:0.0.0.0/0.0.0.0:2181:NIOServerCnxn@349] - caught end of stream exception
2015-08-20 17:26:14,087 - INFO  [NIOServerCxn.Factory:0.0.0.0/0.0.0.0:2181:NIOServerCnxn@1001] - Closed socket connection for client /10.10.34.11:33213 which had sessionid 0x34f4a63146b001c
2015-08-20 17:26:14,793 - WARN  [NIOServerCxn.Factory:0.0.0.0/0.0.0.0:2181:NIOServerCnxn@349] - caught end of stream exception
2015-08-20 17:26:14,794 - INFO  [NIOServerCxn.Factory:0.0.0.0/0.0.0.0:2181:NIOServerCnxn@1001] - Closed socket connection for client /10.10.34.17:52278 which had sessionid 0x34f4a63146b001d
2015-08-20 17:26:15,010 - WARN  [NIOServerCxn.Factory:0.0.0.0/0.0.0.0:2181:NIOServerCnxn@349] - caught end of stream exception
2015-08-20 17:26:15,011 - INFO  [NIOServerCxn.Factory:0.0.0.0/0.0.0.0:2181:NIOServerCnxn@1001] - Closed socket connection for client /10.10.34.19:44509 which had sessionid 0x34f4a63146b001e
2015-08-20 17:26:15,215 - WARN  [NIOServerCxn.Factory:0.0.0.0/0.0.0.0:2181:NIOServerCnxn@349] - caught end of stream exception
2015-08-20 17:26:15,216 - INFO  [NIOServerCxn.Factory:0.0.0.0/0.0.0.0:2181:NIOServerCnxn@1001] - Closed socket connection for client /10.10.34.21:47256 which had sessionid 0x34f4a63146b001f
2015-08-20 17:26:15,419 - WARN  [NIOServerCxn.Factory:0.0.0.0/0.0.0.0:2181:NIOServerCnxn@349] - caught end of stream exception
2015-08-20 17:26:15,420 - INFO  [NIOServerCxn.Factory:0.0.0.0/0.0.0.0:2181:NIOServerCnxn@1001] - Closed socket connection for client /10.10.34.23:54606 which had sessionid 0x34f4a63146b0020
2015-08-20 17:26:15,663 - WARN  [NIOServerCxn.Factory:0.0.0.0/0.0.0.0:2181:NIOServerCnxn@349] - caught end of stream exception
2015-08-20 17:26:15,664 - INFO  [NIOServerCxn.Factory:0.0.0.0/0.0.0.0:2181:NIOServerCnxn@1001] - Closed socket connection for client /10.10.34.29:44541 which had sessionid 0x34f4a63146b0021
2015-08-20 17:26:15,721 - WARN  [NIOServerCxn.Factory:0.0.0.0/0.0.0.0:2181:NIOServerCnxn@349] - caught end of stream exception
2015-08-20 17:26:15,722 - INFO  [NIOServerCxn.Factory:0.0.0.0/0.0.0.0:2181:NIOServerCnxn@1001] - Closed socket connection for client /10.10.34.26:53451 which had sessionid 0x34f4a63146b0022
2015-08-20 17:26:15,763 - WARN  [NIOServerCxn.Factory:0.0.0.0/0.0.0.0:2181:NIOServerCnxn@349] - caught end of stream exception
2015-08-20 17:26:15,764 - INFO  [NIOServerCxn.Factory:0.0.0.0/0.0.0.0:2181:NIOServerCnxn@1001] - Closed socket connection for client /10.10.34.30:34989 which had sessionid 0x34f4a63146b0023
2015-08-20 17:26:15,970 - WARN  [NIOServerCxn.Factory:0.0.0.0/0.0.0.0:2181:NIOServerCnxn@349] - caught end of stream exception
2015-08-20 17:26:15,971 - INFO  [NIOServerCxn.Factory:0.0.0.0/0.0.0.0:2181:NIOServerCnxn@1001] - Closed socket connection for client /10.10.34.32:59988 which had sessionid 0x34f4a63146b0024
2015-08-20 17:26:16,069 - WARN  [NIOServerCxn.Factory:0.0.0.0/0.0.0.0:2181:NIOServerCnxn@349] - caught end of stream exception
2015-08-20 17:26:16,070 - INFO  [NIOServerCxn.Factory:0.0.0.0/0.0.0.0:2181:NIOServerCnxn@1001] - Closed socket connection for client /10.10.34.33:34647 which had sessionid 0x34f4a63146b0025
2015-08-20 17:26:16,198 - WARN  [NIOServerCxn.Factory:0.0.0.0/0.0.0.0:2181:NIOServerCnxn@349] - caught end of stream exception
2015-08-20 17:26:16,198 - INFO  [NIOServerCxn.Factory:0.0.0.0/0.0.0.0:2181:NIOServerCnxn@1001] - Closed socket connection for client /10.10.34.34:60144 which had sessionid 0x34f4a63146b0026
2015-08-20 17:26:16,278 - WARN  [NIOServerCxn.Factory:0.0.0.0/0.0.0.0:2181:NIOServerCnxn@349] - caught end of stream exception
2015-08-20 17:26:16,279 - INFO  [NIOServerCxn.Factory:0.0.0.0/0.0.0.0:2181:NIOServerCnxn@1001] - Closed socket connection for client /10.10.34.35:50974 which had sessionid 0x34f4a63146b0027
2015-08-20 17:26:23,172 - WARN  [NIOServerCxn.Factory:0.0.0.0/0.0.0.0:2181:NIOServerCnxn@349] - caught end of stream exception
2015-08-20 17:26:23,174 - INFO  [NIOServerCxn.Factory:0.0.0.0/0.0.0.0:2181:NIOServerCnxn@1001] - Closed socket connection for client /10.10.34.11:33197 which had sessionid 0x34f4a63146b0019
2015-08-20 17:26:23,268 - WARN  [NIOServerCxn.Factory:0.0.0.0/0.0.0.0:2181:NIOServerCnxn@349] - caught end of stream exception
2015-08-20 17:26:23,269 - INFO  [NIOServerCxn.Factory:0.0.0.0/0.0.0.0:2181:NIOServerCnxn@1001] - Closed socket connection for client /10.10.34.12:33451 which had sessionid 0x34f4a63146b001a
2015-08-20 17:26:23,369 - WARN  [NIOServerCxn.Factory:0.0.0.0/0.0.0.0:2181:NIOServerCnxn@349] - caught end of stream exception
2015-08-20 17:26:23,370 - INFO  [NIOServerCxn.Factory:0.0.0.0/0.0.0.0:2181:NIOServerCnxn@1001] - Closed socket connection for client /10.10.34.13:57427 which had sessionid 0x34f4a63146b001b
2015-08-20 19:02:19,330 - INFO  [NIOServerCxn.Factory:0.0.0.0/0.0.0.0:2181:NIOServerCnxnFactory@197] - Accepted socket connection from /10.10.34.11:33341
2015-08-20 19:02:19,331 - WARN  [NIOServerCxn.Factory:0.0.0.0/0.0.0.0:2181:ZooKeeperServer@793] - Connection request from old client /10.10.34.11:33341; will be dropped if server is in r-o mode
2015-08-20 19:02:19,331 - INFO  [NIOServerCxn.Factory:0.0.0.0/0.0.0.0:2181:ZooKeeperServer@839] - Client attempting to establish new session at /10.10.34.11:33341
2015-08-20 19:02:19,331 - INFO  [NIOServerCxn.Factory:0.0.0.0/0.0.0.0:2181:NIOServerCnxnFactory@197] - Accepted socket connection from /10.10.34.11:33342
2015-08-20 19:02:19,332 - INFO  [NIOServerCxn.Factory:0.0.0.0/0.0.0.0:2181:NIOServerCnxnFactory@197] - Accepted socket connection from /10.10.34.11:33343
2015-08-20 19:02:19,332 - WARN  [NIOServerCxn.Factory:0.0.0.0/0.0.0.0:2181:ZooKeeperServer@793] - Connection request from old client /10.10.34.11:33342; will be dropped if server is in r-o mode
2015-08-20 19:02:19,332 - INFO  [NIOServerCxn.Factory:0.0.0.0/0.0.0.0:2181:ZooKeeperServer@839] - Client attempting to establish new session at /10.10.34.11:33342
2015-08-20 19:02:19,332 - WARN  [NIOServerCxn.Factory:0.0.0.0/0.0.0.0:2181:ZooKeeperServer@793] - Connection request from old client /10.10.34.11:33343; will be dropped if server is in r-o mode
2015-08-20 19:02:19,333 - INFO  [NIOServerCxn.Factory:0.0.0.0/0.0.0.0:2181:ZooKeeperServer@839] - Client attempting to establish new session at /10.10.34.11:33343
2015-08-20 19:02:19,333 - INFO  [CommitProcessor:3:ZooKeeperServer@595] - Established session 0x34f4a63146b0028 with negotiated timeout 10000 for client /10.10.34.11:33341
2015-08-20 19:02:19,334 - INFO  [CommitProcessor:3:ZooKeeperServer@595] - Established session 0x34f4a63146b0029 with negotiated timeout 10000 for client /10.10.34.11:33342
2015-08-20 19:02:19,335 - INFO  [CommitProcessor:3:ZooKeeperServer@595] - Established session 0x34f4a63146b002a with negotiated timeout 10000 for client /10.10.34.11:33343
2015-08-20 19:02:19,465 - INFO  [NIOServerCxn.Factory:0.0.0.0/0.0.0.0:2181:NIOServerCnxnFactory@197] - Accepted socket connection from /10.10.34.12:33462
2015-08-20 19:02:19,465 - WARN  [NIOServerCxn.Factory:0.0.0.0/0.0.0.0:2181:ZooKeeperServer@793] - Connection request from old client /10.10.34.12:33462; will be dropped if server is in r-o mode
2015-08-20 19:02:19,466 - INFO  [NIOServerCxn.Factory:0.0.0.0/0.0.0.0:2181:ZooKeeperServer@839] - Client attempting to establish new session at /10.10.34.12:33462
2015-08-20 19:02:19,467 - INFO  [CommitProcessor:3:ZooKeeperServer@595] - Established session 0x34f4a63146b002b with negotiated timeout 10000 for client /10.10.34.12:33462
2015-08-20 19:02:19,569 - INFO  [NIOServerCxn.Factory:0.0.0.0/0.0.0.0:2181:NIOServerCnxnFactory@197] - Accepted socket connection from /10.10.34.13:57435
2015-08-20 19:02:19,569 - WARN  [NIOServerCxn.Factory:0.0.0.0/0.0.0.0:2181:ZooKeeperServer@793] - Connection request from old client /10.10.34.13:57435; will be dropped if server is in r-o mode
2015-08-20 19:02:19,569 - INFO  [NIOServerCxn.Factory:0.0.0.0/0.0.0.0:2181:ZooKeeperServer@839] - Client attempting to establish new session at /10.10.34.13:57435
2015-08-20 19:02:19,570 - INFO  [NIOServerCxn.Factory:0.0.0.0/0.0.0.0:2181:NIOServerCnxnFactory@197] - Accepted socket connection from /10.10.34.13:57437
2015-08-20 19:02:19,571 - WARN  [NIOServerCxn.Factory:0.0.0.0/0.0.0.0:2181:ZooKeeperServer@793] - Connection request from old client /10.10.34.13:57437; will be dropped if server is in r-o mode
2015-08-20 19:02:19,571 - INFO  [NIOServerCxn.Factory:0.0.0.0/0.0.0.0:2181:ZooKeeperServer@839] - Client attempting to establish new session at /10.10.34.13:57437
2015-08-20 19:02:19,572 - INFO  [CommitProcessor:3:ZooKeeperServer@595] - Established session 0x34f4a63146b002c with negotiated timeout 10000 for client /10.10.34.13:57435
2015-08-20 19:02:19,573 - INFO  [CommitProcessor:3:ZooKeeperServer@595] - Established session 0x34f4a63146b002d with negotiated timeout 10000 for client /10.10.34.13:57437
2015-08-20 19:02:21,280 - INFO  [NIOServerCxn.Factory:0.0.0.0/0.0.0.0:2181:NIOServerCnxnFactory@197] - Accepted socket connection from /10.10.34.12:33466
2015-08-20 19:02:21,281 - WARN  [NIOServerCxn.Factory:0.0.0.0/0.0.0.0:2181:ZooKeeperServer@793] - Connection request from old client /10.10.34.12:33466; will be dropped if server is in r-o mode
2015-08-20 19:02:21,281 - INFO  [NIOServerCxn.Factory:0.0.0.0/0.0.0.0:2181:ZooKeeperServer@839] - Client attempting to establish new session at /10.10.34.12:33466
2015-08-20 19:02:21,283 - INFO  [CommitProcessor:3:ZooKeeperServer@595] - Established session 0x34f4a63146b002e with negotiated timeout 10000 for client /10.10.34.12:33466
2015-08-20 19:02:21,387 - INFO  [NIOServerCxn.Factory:0.0.0.0/0.0.0.0:2181:NIOServerCnxnFactory@197] - Accepted socket connection from /10.10.34.13:57441
2015-08-20 19:02:21,387 - WARN  [NIOServerCxn.Factory:0.0.0.0/0.0.0.0:2181:ZooKeeperServer@793] - Connection request from old client /10.10.34.13:57441; will be dropped if server is in r-o mode
2015-08-20 19:02:21,387 - INFO  [NIOServerCxn.Factory:0.0.0.0/0.0.0.0:2181:ZooKeeperServer@839] - Client attempting to establish new session at /10.10.34.13:57441
2015-08-20 19:02:21,390 - INFO  [CommitProcessor:3:ZooKeeperServer@595] - Established session 0x34f4a63146b002f with negotiated timeout 10000 for client /10.10.34.13:57441
2015-08-20 19:02:22,167 - INFO  [NIOServerCxn.Factory:0.0.0.0/0.0.0.0:2181:NIOServerCnxnFactory@197] - Accepted socket connection from /10.10.34.19:44512
2015-08-20 19:02:22,168 - WARN  [NIOServerCxn.Factory:0.0.0.0/0.0.0.0:2181:ZooKeeperServer@793] - Connection request from old client /10.10.34.19:44512; will be dropped if server is in r-o mode
2015-08-20 19:02:22,168 - INFO  [NIOServerCxn.Factory:0.0.0.0/0.0.0.0:2181:ZooKeeperServer@839] - Client attempting to establish new session at /10.10.34.19:44512
2015-08-20 19:02:22,170 - INFO  [CommitProcessor:3:ZooKeeperServer@595] - Established session 0x34f4a63146b0030 with negotiated timeout 10000 for client /10.10.34.19:44512
2015-08-20 19:02:22,367 - INFO  [NIOServerCxn.Factory:0.0.0.0/0.0.0.0:2181:NIOServerCnxnFactory@197] - Accepted socket connection from /10.10.34.21:47259
2015-08-20 19:02:22,368 - WARN  [NIOServerCxn.Factory:0.0.0.0/0.0.0.0:2181:ZooKeeperServer@793] - Connection request from old client /10.10.34.21:47259; will be dropped if server is in r-o mode
2015-08-20 19:02:22,368 - INFO  [NIOServerCxn.Factory:0.0.0.0/0.0.0.0:2181:ZooKeeperServer@839] - Client attempting to establish new session at /10.10.34.21:47259
2015-08-20 19:02:22,370 - INFO  [CommitProcessor:3:ZooKeeperServer@595] - Established session 0x34f4a63146b0031 with negotiated timeout 10000 for client /10.10.34.21:47259
2015-08-20 19:02:22,470 - INFO  [NIOServerCxn.Factory:0.0.0.0/0.0.0.0:2181:NIOServerCnxnFactory@197] - Accepted socket connection from /10.10.34.22:60471
2015-08-20 19:02:22,470 - WARN  [NIOServerCxn.Factory:0.0.0.0/0.0.0.0:2181:ZooKeeperServer@793] - Connection request from old client /10.10.34.22:60471; will be dropped if server is in r-o mode
2015-08-20 19:02:22,470 - INFO  [NIOServerCxn.Factory:0.0.0.0/0.0.0.0:2181:ZooKeeperServer@839] - Client attempting to establish new session at /10.10.34.22:60471
2015-08-20 19:02:22,472 - INFO  [CommitProcessor:3:ZooKeeperServer@595] - Established session 0x34f4a63146b0032 with negotiated timeout 10000 for client /10.10.34.22:60471
2015-08-20 19:02:22,679 - INFO  [NIOServerCxn.Factory:0.0.0.0/0.0.0.0:2181:NIOServerCnxnFactory@197] - Accepted socket connection from /10.10.34.24:37809
2015-08-20 19:02:22,679 - WARN  [NIOServerCxn.Factory:0.0.0.0/0.0.0.0:2181:ZooKeeperServer@793] - Connection request from old client /10.10.34.24:37809; will be dropped if server is in r-o mode
2015-08-20 19:02:22,679 - INFO  [NIOServerCxn.Factory:0.0.0.0/0.0.0.0:2181:ZooKeeperServer@839] - Client attempting to establish new session at /10.10.34.24:37809
2015-08-20 19:02:22,681 - INFO  [CommitProcessor:3:ZooKeeperServer@595] - Established session 0x34f4a63146b0033 with negotiated timeout 10000 for client /10.10.34.24:37809
2015-08-20 19:02:22,884 - INFO  [NIOServerCxn.Factory:0.0.0.0/0.0.0.0:2181:NIOServerCnxnFactory@197] - Accepted socket connection from /10.10.34.26:53453
2015-08-20 19:02:22,885 - WARN  [NIOServerCxn.Factory:0.0.0.0/0.0.0.0:2181:ZooKeeperServer@793] - Connection request from old client /10.10.34.26:53453; will be dropped if server is in r-o mode
2015-08-20 19:02:22,885 - INFO  [NIOServerCxn.Factory:0.0.0.0/0.0.0.0:2181:ZooKeeperServer@839] - Client attempting to establish new session at /10.10.34.26:53453
2015-08-20 19:02:22,887 - INFO  [CommitProcessor:3:ZooKeeperServer@595] - Established session 0x34f4a63146b0034 with negotiated timeout 10000 for client /10.10.34.26:53453
2015-08-20 19:02:23,293 - INFO  [NIOServerCxn.Factory:0.0.0.0/0.0.0.0:2181:NIOServerCnxnFactory@197] - Accepted socket connection from /10.10.34.34:60146
2015-08-20 19:02:23,294 - WARN  [NIOServerCxn.Factory:0.0.0.0/0.0.0.0:2181:ZooKeeperServer@793] - Connection request from old client /10.10.34.34:60146; will be dropped if server is in r-o mode
2015-08-20 19:02:23,294 - INFO  [NIOServerCxn.Factory:0.0.0.0/0.0.0.0:2181:ZooKeeperServer@839] - Client attempting to establish new session at /10.10.34.34:60146
2015-08-20 19:02:23,296 - INFO  [CommitProcessor:3:ZooKeeperServer@595] - Established session 0x34f4a63146b0035 with negotiated timeout 10000 for client /10.10.34.34:60146
2015-08-20 19:02:23,579 - INFO  [NIOServerCxn.Factory:0.0.0.0/0.0.0.0:2181:NIOServerCnxnFactory@197] - Accepted socket connection from /10.10.34.37:35120
2015-08-20 19:02:23,580 - WARN  [NIOServerCxn.Factory:0.0.0.0/0.0.0.0:2181:ZooKeeperServer@793] - Connection request from old client /10.10.34.37:35120; will be dropped if server is in r-o mode
2015-08-20 19:02:23,580 - INFO  [NIOServerCxn.Factory:0.0.0.0/0.0.0.0:2181:ZooKeeperServer@839] - Client attempting to establish new session at /10.10.34.37:35120
2015-08-20 19:02:23,582 - INFO  [CommitProcessor:3:ZooKeeperServer@595] - Established session 0x34f4a63146b0036 with negotiated timeout 10000 for client /10.10.34.37:35120
2015-08-20 19:02:23,781 - INFO  [NIOServerCxn.Factory:0.0.0.0/0.0.0.0:2181:NIOServerCnxnFactory@197] - Accepted socket connection from /10.10.34.39:54734
2015-08-20 19:02:23,782 - WARN  [NIOServerCxn.Factory:0.0.0.0/0.0.0.0:2181:ZooKeeperServer@793] - Connection request from old client /10.10.34.39:54734; will be dropped if server is in r-o mode
2015-08-20 19:02:23,782 - INFO  [NIOServerCxn.Factory:0.0.0.0/0.0.0.0:2181:ZooKeeperServer@839] - Client attempting to establish new session at /10.10.34.39:54734
2015-08-20 19:02:23,784 - INFO  [CommitProcessor:3:ZooKeeperServer@595] - Established session 0x34f4a63146b0037 with negotiated timeout 10000 for client /10.10.34.39:54734
2015-08-20 19:02:29,766 - INFO  [NIOServerCxn.Factory:0.0.0.0/0.0.0.0:2181:NIOServerCnxnFactory@197] - Accepted socket connection from /10.10.34.14:48892
2015-08-20 19:02:29,767 - WARN  [NIOServerCxn.Factory:0.0.0.0/0.0.0.0:2181:ZooKeeperServer@793] - Connection request from old client /10.10.34.14:48892; will be dropped if server is in r-o mode
2015-08-20 19:02:29,767 - INFO  [NIOServerCxn.Factory:0.0.0.0/0.0.0.0:2181:ZooKeeperServer@839] - Client attempting to establish new session at /10.10.34.14:48892
2015-08-20 19:02:29,770 - INFO  [CommitProcessor:3:ZooKeeperServer@595] - Established session 0x34f4a63146b0038 with negotiated timeout 10000 for client /10.10.34.14:48892
2015-08-20 19:18:36,730 - INFO  [NIOServerCxn.Factory:0.0.0.0/0.0.0.0:2181:NIOServerCnxnFactory@197] - Accepted socket connection from /10.10.34.11:34620
2015-08-20 19:18:36,731 - WARN  [NIOServerCxn.Factory:0.0.0.0/0.0.0.0:2181:ZooKeeperServer@793] - Connection request from old client /10.10.34.11:34620; will be dropped if server is in r-o mode
2015-08-20 19:18:36,731 - INFO  [NIOServerCxn.Factory:0.0.0.0/0.0.0.0:2181:ZooKeeperServer@839] - Client attempting to establish new session at /10.10.34.11:34620
2015-08-20 19:18:36,733 - INFO  [CommitProcessor:3:ZooKeeperServer@595] - Established session 0x34f4a63146b0039 with negotiated timeout 20000 for client /10.10.34.11:34620
2015-08-20 19:19:30,615 - WARN  [NIOServerCxn.Factory:0.0.0.0/0.0.0.0:2181:NIOServerCnxn@349] - caught end of stream exception
2015-08-20 19:19:30,616 - INFO  [NIOServerCxn.Factory:0.0.0.0/0.0.0.0:2181:NIOServerCnxn@1001] - Closed socket connection for client /10.10.34.11:34620 which had sessionid 0x34f4a63146b0039
2015-08-20 19:21:16,126 - INFO  [NIOServerCxn.Factory:0.0.0.0/0.0.0.0:2181:NIOServerCnxnFactory@197] - Accepted socket connection from /10.10.34.11:34806
2015-08-20 19:21:16,126 - WARN  [NIOServerCxn.Factory:0.0.0.0/0.0.0.0:2181:ZooKeeperServer@793] - Connection request from old client /10.10.34.11:34806; will be dropped if server is in r-o mode
2015-08-20 19:21:16,126 - INFO  [NIOServerCxn.Factory:0.0.0.0/0.0.0.0:2181:ZooKeeperServer@839] - Client attempting to establish new session at /10.10.34.11:34806
2015-08-20 19:21:16,128 - INFO  [CommitProcessor:3:ZooKeeperServer@595] - Established session 0x34f4a63146b003a with negotiated timeout 20000 for client /10.10.34.11:34806
2015-08-20 19:24:51,475 - WARN  [NIOServerCxn.Factory:0.0.0.0/0.0.0.0:2181:NIOServerCnxn@349] - caught end of stream exception
2015-08-20 19:24:51,476 - INFO  [NIOServerCxn.Factory:0.0.0.0/0.0.0.0:2181:NIOServerCnxn@1001] - Closed socket connection for client /10.10.34.11:34806 which had sessionid 0x34f4a63146b003a
2015-08-20 19:24:54,121 - INFO  [NIOServerCxn.Factory:0.0.0.0/0.0.0.0:2181:NIOServerCnxnFactory@197] - Accepted socket connection from /10.10.34.11:35054
2015-08-20 19:24:54,122 - WARN  [NIOServerCxn.Factory:0.0.0.0/0.0.0.0:2181:ZooKeeperServer@793] - Connection request from old client /10.10.34.11:35054; will be dropped if server is in r-o mode
2015-08-20 19:24:54,122 - INFO  [NIOServerCxn.Factory:0.0.0.0/0.0.0.0:2181:ZooKeeperServer@839] - Client attempting to establish new session at /10.10.34.11:35054
2015-08-20 19:24:54,125 - INFO  [CommitProcessor:3:ZooKeeperServer@595] - Established session 0x34f4a63146b003b with negotiated timeout 20000 for client /10.10.34.11:35054
2015-08-20 19:31:47,429 - WARN  [NIOServerCxn.Factory:0.0.0.0/0.0.0.0:2181:NIOServerCnxn@349] - caught end of stream exception
2015-08-20 19:31:47,430 - INFO  [NIOServerCxn.Factory:0.0.0.0/0.0.0.0:2181:NIOServerCnxn@1001] - Closed socket connection for client /10.10.34.11:35054 which had sessionid 0x34f4a63146b003b
2015-08-20 19:32:53,266 - WARN  [NIOServerCxn.Factory:0.0.0.0/0.0.0.0:2181:NIOServerCnxn@349] - caught end of stream exception
2015-08-20 19:32:53,267 - INFO  [NIOServerCxn.Factory:0.0.0.0/0.0.0.0:2181:NIOServerCnxn@1001] - Closed socket connection for client /10.10.34.12:33466 which had sessionid 0x34f4a63146b002e
2015-08-20 19:32:53,364 - WARN  [NIOServerCxn.Factory:0.0.0.0/0.0.0.0:2181:NIOServerCnxn@349] - caught end of stream exception
2015-08-20 19:32:53,365 - INFO  [NIOServerCxn.Factory:0.0.0.0/0.0.0.0:2181:NIOServerCnxn@1001] - Closed socket connection for client /10.10.34.13:57441 which had sessionid 0x34f4a63146b002f
2015-08-20 19:32:54,093 - WARN  [NIOServerCxn.Factory:0.0.0.0/0.0.0.0:2181:NIOServerCnxn@349] - caught end of stream exception
2015-08-20 19:32:54,094 - INFO  [NIOServerCxn.Factory:0.0.0.0/0.0.0.0:2181:NIOServerCnxn@1001] - Closed socket connection for client /10.10.34.19:44512 which had sessionid 0x34f4a63146b0030
2015-08-20 19:32:54,297 - WARN  [NIOServerCxn.Factory:0.0.0.0/0.0.0.0:2181:NIOServerCnxn@349] - caught end of stream exception
2015-08-20 19:32:54,298 - INFO  [NIOServerCxn.Factory:0.0.0.0/0.0.0.0:2181:NIOServerCnxn@1001] - Closed socket connection for client /10.10.34.21:47259 which had sessionid 0x34f4a63146b0031
2015-08-20 19:32:54,405 - WARN  [NIOServerCxn.Factory:0.0.0.0/0.0.0.0:2181:NIOServerCnxn@349] - caught end of stream exception
2015-08-20 19:32:54,406 - INFO  [NIOServerCxn.Factory:0.0.0.0/0.0.0.0:2181:NIOServerCnxn@1001] - Closed socket connection for client /10.10.34.22:60471 which had sessionid 0x34f4a63146b0032
2015-08-20 19:32:54,604 - WARN  [NIOServerCxn.Factory:0.0.0.0/0.0.0.0:2181:NIOServerCnxn@349] - caught end of stream exception
2015-08-20 19:32:54,605 - INFO  [NIOServerCxn.Factory:0.0.0.0/0.0.0.0:2181:NIOServerCnxn@1001] - Closed socket connection for client /10.10.34.24:37809 which had sessionid 0x34f4a63146b0033
2015-08-20 19:32:54,804 - WARN  [NIOServerCxn.Factory:0.0.0.0/0.0.0.0:2181:NIOServerCnxn@349] - caught end of stream exception
2015-08-20 19:32:54,805 - INFO  [NIOServerCxn.Factory:0.0.0.0/0.0.0.0:2181:NIOServerCnxn@1001] - Closed socket connection for client /10.10.34.26:53453 which had sessionid 0x34f4a63146b0034
2015-08-20 19:32:55,278 - WARN  [NIOServerCxn.Factory:0.0.0.0/0.0.0.0:2181:NIOServerCnxn@349] - caught end of stream exception
2015-08-20 19:32:55,279 - INFO  [NIOServerCxn.Factory:0.0.0.0/0.0.0.0:2181:NIOServerCnxn@1001] - Closed socket connection for client /10.10.34.34:60146 which had sessionid 0x34f4a63146b0035
2015-08-20 19:32:55,566 - WARN  [NIOServerCxn.Factory:0.0.0.0/0.0.0.0:2181:NIOServerCnxn@349] - caught end of stream exception
2015-08-20 19:32:55,566 - INFO  [NIOServerCxn.Factory:0.0.0.0/0.0.0.0:2181:NIOServerCnxn@1001] - Closed socket connection for client /10.10.34.37:35120 which had sessionid 0x34f4a63146b0036
2015-08-20 19:32:55,771 - WARN  [NIOServerCxn.Factory:0.0.0.0/0.0.0.0:2181:NIOServerCnxn@349] - caught end of stream exception
2015-08-20 19:32:55,772 - INFO  [NIOServerCxn.Factory:0.0.0.0/0.0.0.0:2181:NIOServerCnxn@1001] - Closed socket connection for client /10.10.34.39:54734 which had sessionid 0x34f4a63146b0037
2015-08-20 19:33:00,562 - WARN  [NIOServerCxn.Factory:0.0.0.0/0.0.0.0:2181:NIOServerCnxn@349] - caught end of stream exception
2015-08-20 19:33:00,563 - INFO  [NIOServerCxn.Factory:0.0.0.0/0.0.0.0:2181:NIOServerCnxn@1001] - Closed socket connection for client /10.10.34.14:48892 which had sessionid 0x34f4a63146b0038
2015-08-20 19:33:02,174 - WARN  [NIOServerCxn.Factory:0.0.0.0/0.0.0.0:2181:NIOServerCnxn@349] - caught end of stream exception
2015-08-20 19:33:02,174 - INFO  [NIOServerCxn.Factory:0.0.0.0/0.0.0.0:2181:NIOServerCnxn@1001] - Closed socket connection for client /10.10.34.11:33343 which had sessionid 0x34f4a63146b002a
2015-08-20 19:33:02,175 - WARN  [NIOServerCxn.Factory:0.0.0.0/0.0.0.0:2181:NIOServerCnxn@349] - caught end of stream exception
2015-08-20 19:33:02,175 - INFO  [NIOServerCxn.Factory:0.0.0.0/0.0.0.0:2181:NIOServerCnxn@1001] - Closed socket connection for client /10.10.34.11:33342 which had sessionid 0x34f4a63146b0029
2015-08-20 19:33:02,176 - WARN  [NIOServerCxn.Factory:0.0.0.0/0.0.0.0:2181:NIOServerCnxn@349] - caught end of stream exception
2015-08-20 19:33:02,177 - INFO  [NIOServerCxn.Factory:0.0.0.0/0.0.0.0:2181:NIOServerCnxn@1001] - Closed socket connection for client /10.10.34.11:33341 which had sessionid 0x34f4a63146b0028
2015-08-20 19:33:02,259 - WARN  [NIOServerCxn.Factory:0.0.0.0/0.0.0.0:2181:NIOServerCnxn@349] - caught end of stream exception
2015-08-20 19:33:02,260 - INFO  [NIOServerCxn.Factory:0.0.0.0/0.0.0.0:2181:NIOServerCnxn@1001] - Closed socket connection for client /10.10.34.12:33462 which had sessionid 0x34f4a63146b002b
2015-08-20 19:33:02,361 - WARN  [NIOServerCxn.Factory:0.0.0.0/0.0.0.0:2181:NIOServerCnxn@349] - caught end of stream exception
2015-08-20 19:33:02,362 - INFO  [NIOServerCxn.Factory:0.0.0.0/0.0.0.0:2181:NIOServerCnxn@1001] - Closed socket connection for client /10.10.34.13:57435 which had sessionid 0x34f4a63146b002c
2015-08-20 19:33:02,362 - WARN  [NIOServerCxn.Factory:0.0.0.0/0.0.0.0:2181:NIOServerCnxn@349] - caught end of stream exception
2015-08-20 19:33:02,363 - INFO  [NIOServerCxn.Factory:0.0.0.0/0.0.0.0:2181:NIOServerCnxn@1001] - Closed socket connection for client /10.10.34.13:57437 which had sessionid 0x34f4a63146b002d
2015-08-21 15:55:03,341 - INFO  [NIOServerCxn.Factory:0.0.0.0/0.0.0.0:2181:NIOServerCnxnFactory@197] - Accepted socket connection from /10.10.34.11:44561
2015-08-21 15:55:03,341 - WARN  [NIOServerCxn.Factory:0.0.0.0/0.0.0.0:2181:ZooKeeperServer@793] - Connection request from old client /10.10.34.11:44561; will be dropped if server is in r-o mode
2015-08-21 15:55:03,342 - INFO  [NIOServerCxn.Factory:0.0.0.0/0.0.0.0:2181:ZooKeeperServer@839] - Client attempting to establish new session at /10.10.34.11:44561
2015-08-21 15:55:03,344 - INFO  [CommitProcessor:3:ZooKeeperServer@595] - Established session 0x34f4a63146b003c with negotiated timeout 10000 for client /10.10.34.11:44561
2015-08-21 15:55:03,392 - INFO  [NIOServerCxn.Factory:0.0.0.0/0.0.0.0:2181:NIOServerCnxnFactory@197] - Accepted socket connection from /10.10.34.12:34182
2015-08-21 15:55:03,393 - INFO  [NIOServerCxn.Factory:0.0.0.0/0.0.0.0:2181:NIOServerCnxnFactory@197] - Accepted socket connection from /10.10.34.12:34183
2015-08-21 15:55:03,393 - WARN  [NIOServerCxn.Factory:0.0.0.0/0.0.0.0:2181:ZooKeeperServer@793] - Connection request from old client /10.10.34.12:34182; will be dropped if server is in r-o mode
2015-08-21 15:55:03,393 - INFO  [NIOServerCxn.Factory:0.0.0.0/0.0.0.0:2181:ZooKeeperServer@839] - Client attempting to establish new session at /10.10.34.12:34182
2015-08-21 15:55:03,394 - WARN  [NIOServerCxn.Factory:0.0.0.0/0.0.0.0:2181:ZooKeeperServer@793] - Connection request from old client /10.10.34.12:34183; will be dropped if server is in r-o mode
2015-08-21 15:55:03,394 - INFO  [NIOServerCxn.Factory:0.0.0.0/0.0.0.0:2181:ZooKeeperServer@839] - Client attempting to establish new session at /10.10.34.12:34183
2015-08-21 15:55:03,395 - INFO  [CommitProcessor:3:ZooKeeperServer@595] - Established session 0x34f4a63146b003d with negotiated timeout 10000 for client /10.10.34.12:34182
2015-08-21 15:55:03,396 - INFO  [CommitProcessor:3:ZooKeeperServer@595] - Established session 0x34f4a63146b003e with negotiated timeout 10000 for client /10.10.34.12:34183
2015-08-21 15:55:03,491 - INFO  [NIOServerCxn.Factory:0.0.0.0/0.0.0.0:2181:NIOServerCnxnFactory@197] - Accepted socket connection from /10.10.34.13:58154
2015-08-21 15:55:03,491 - WARN  [NIOServerCxn.Factory:0.0.0.0/0.0.0.0:2181:ZooKeeperServer@793] - Connection request from old client /10.10.34.13:58154; will be dropped if server is in r-o mode
2015-08-21 15:55:03,492 - INFO  [NIOServerCxn.Factory:0.0.0.0/0.0.0.0:2181:ZooKeeperServer@839] - Client attempting to establish new session at /10.10.34.13:58154
2015-08-21 15:55:03,494 - INFO  [CommitProcessor:3:ZooKeeperServer@595] - Established session 0x34f4a63146b003f with negotiated timeout 10000 for client /10.10.34.13:58154
2015-08-21 15:55:05,474 - INFO  [NIOServerCxn.Factory:0.0.0.0/0.0.0.0:2181:NIOServerCnxnFactory@197] - Accepted socket connection from /10.10.34.15:40810
2015-08-21 15:55:05,475 - WARN  [NIOServerCxn.Factory:0.0.0.0/0.0.0.0:2181:ZooKeeperServer@793] - Connection request from old client /10.10.34.15:40810; will be dropped if server is in r-o mode
2015-08-21 15:55:05,475 - INFO  [NIOServerCxn.Factory:0.0.0.0/0.0.0.0:2181:ZooKeeperServer@839] - Client attempting to establish new session at /10.10.34.15:40810
2015-08-21 15:55:05,478 - INFO  [CommitProcessor:3:ZooKeeperServer@595] - Established session 0x34f4a63146b0040 with negotiated timeout 10000 for client /10.10.34.15:40810
2015-08-21 15:55:05,583 - INFO  [NIOServerCxn.Factory:0.0.0.0/0.0.0.0:2181:NIOServerCnxnFactory@197] - Accepted socket connection from /10.10.34.16:34220
2015-08-21 15:55:05,584 - WARN  [NIOServerCxn.Factory:0.0.0.0/0.0.0.0:2181:ZooKeeperServer@793] - Connection request from old client /10.10.34.16:34220; will be dropped if server is in r-o mode
2015-08-21 15:55:05,584 - INFO  [NIOServerCxn.Factory:0.0.0.0/0.0.0.0:2181:ZooKeeperServer@839] - Client attempting to establish new session at /10.10.34.16:34220
2015-08-21 15:55:05,586 - INFO  [CommitProcessor:3:ZooKeeperServer@595] - Established session 0x34f4a63146b0041 with negotiated timeout 10000 for client /10.10.34.16:34220
2015-08-21 15:55:05,781 - INFO  [NIOServerCxn.Factory:0.0.0.0/0.0.0.0:2181:NIOServerCnxnFactory@197] - Accepted socket connection from /10.10.34.17:52291
2015-08-21 15:55:05,782 - WARN  [NIOServerCxn.Factory:0.0.0.0/0.0.0.0:2181:ZooKeeperServer@793] - Connection request from old client /10.10.34.17:52291; will be dropped if server is in r-o mode
2015-08-21 15:55:05,782 - INFO  [NIOServerCxn.Factory:0.0.0.0/0.0.0.0:2181:ZooKeeperServer@839] - Client attempting to establish new session at /10.10.34.17:52291
2015-08-21 15:55:05,784 - INFO  [CommitProcessor:3:ZooKeeperServer@595] - Established session 0x34f4a63146b0042 with negotiated timeout 10000 for client /10.10.34.17:52291
2015-08-21 15:55:06,005 - INFO  [NIOServerCxn.Factory:0.0.0.0/0.0.0.0:2181:NIOServerCnxnFactory@197] - Accepted socket connection from /10.10.34.19:44598
2015-08-21 15:55:06,005 - WARN  [NIOServerCxn.Factory:0.0.0.0/0.0.0.0:2181:ZooKeeperServer@793] - Connection request from old client /10.10.34.19:44598; will be dropped if server is in r-o mode
2015-08-21 15:55:06,006 - INFO  [NIOServerCxn.Factory:0.0.0.0/0.0.0.0:2181:ZooKeeperServer@839] - Client attempting to establish new session at /10.10.34.19:44598
2015-08-21 15:55:06,008 - INFO  [CommitProcessor:3:ZooKeeperServer@595] - Established session 0x34f4a63146b0043 with negotiated timeout 10000 for client /10.10.34.19:44598
2015-08-21 15:55:06,110 - INFO  [NIOServerCxn.Factory:0.0.0.0/0.0.0.0:2181:NIOServerCnxnFactory@197] - Accepted socket connection from /10.10.34.20:35120
2015-08-21 15:55:06,110 - WARN  [NIOServerCxn.Factory:0.0.0.0/0.0.0.0:2181:ZooKeeperServer@793] - Connection request from old client /10.10.34.20:35120; will be dropped if server is in r-o mode
2015-08-21 15:55:06,110 - INFO  [NIOServerCxn.Factory:0.0.0.0/0.0.0.0:2181:ZooKeeperServer@839] - Client attempting to establish new session at /10.10.34.20:35120
2015-08-21 15:55:06,112 - INFO  [CommitProcessor:3:ZooKeeperServer@595] - Established session 0x34f4a63146b0044 with negotiated timeout 10000 for client /10.10.34.20:35120
2015-08-21 15:55:06,412 - INFO  [NIOServerCxn.Factory:0.0.0.0/0.0.0.0:2181:NIOServerCnxnFactory@197] - Accepted socket connection from /10.10.34.23:54626
2015-08-21 15:55:06,412 - WARN  [NIOServerCxn.Factory:0.0.0.0/0.0.0.0:2181:ZooKeeperServer@793] - Connection request from old client /10.10.34.23:54626; will be dropped if server is in r-o mode
2015-08-21 15:55:06,412 - INFO  [NIOServerCxn.Factory:0.0.0.0/0.0.0.0:2181:ZooKeeperServer@839] - Client attempting to establish new session at /10.10.34.23:54626
2015-08-21 15:55:06,414 - INFO  [CommitProcessor:3:ZooKeeperServer@595] - Established session 0x34f4a63146b0045 with negotiated timeout 10000 for client /10.10.34.23:54626
2015-08-21 15:55:06,635 - INFO  [NIOServerCxn.Factory:0.0.0.0/0.0.0.0:2181:NIOServerCnxnFactory@197] - Accepted socket connection from /10.10.34.29:44549
2015-08-21 15:55:06,635 - WARN  [NIOServerCxn.Factory:0.0.0.0/0.0.0.0:2181:ZooKeeperServer@793] - Connection request from old client /10.10.34.29:44549; will be dropped if server is in r-o mode
2015-08-21 15:55:06,636 - INFO  [NIOServerCxn.Factory:0.0.0.0/0.0.0.0:2181:ZooKeeperServer@839] - Client attempting to establish new session at /10.10.34.29:44549
2015-08-21 15:55:06,638 - INFO  [CommitProcessor:3:ZooKeeperServer@595] - Established session 0x34f4a63146b0046 with negotiated timeout 10000 for client /10.10.34.29:44549
2015-08-21 15:55:06,737 - INFO  [NIOServerCxn.Factory:0.0.0.0/0.0.0.0:2181:NIOServerCnxnFactory@197] - Accepted socket connection from /10.10.34.26:53461
2015-08-21 15:55:06,737 - WARN  [NIOServerCxn.Factory:0.0.0.0/0.0.0.0:2181:ZooKeeperServer@793] - Connection request from old client /10.10.34.26:53461; will be dropped if server is in r-o mode
2015-08-21 15:55:06,737 - INFO  [NIOServerCxn.Factory:0.0.0.0/0.0.0.0:2181:ZooKeeperServer@839] - Client attempting to establish new session at /10.10.34.26:53461
2015-08-21 15:55:06,740 - INFO  [CommitProcessor:3:ZooKeeperServer@595] - Established session 0x34f4a63146b0047 with negotiated timeout 10000 for client /10.10.34.26:53461
2015-08-21 15:55:07,569 - INFO  [NIOServerCxn.Factory:0.0.0.0/0.0.0.0:2181:NIOServerCnxnFactory@197] - Accepted socket connection from /10.10.34.38:46110
2015-08-21 15:55:07,570 - WARN  [NIOServerCxn.Factory:0.0.0.0/0.0.0.0:2181:ZooKeeperServer@793] - Connection request from old client /10.10.34.38:46110; will be dropped if server is in r-o mode
2015-08-21 15:55:07,570 - INFO  [NIOServerCxn.Factory:0.0.0.0/0.0.0.0:2181:ZooKeeperServer@839] - Client attempting to establish new session at /10.10.34.38:46110
2015-08-21 15:55:07,572 - INFO  [CommitProcessor:3:ZooKeeperServer@595] - Established session 0x34f4a63146b0048 with negotiated timeout 10000 for client /10.10.34.38:46110
2015-08-21 15:55:07,664 - INFO  [NIOServerCxn.Factory:0.0.0.0/0.0.0.0:2181:NIOServerCnxnFactory@197] - Accepted socket connection from /10.10.34.39:54740
2015-08-21 15:55:07,664 - WARN  [NIOServerCxn.Factory:0.0.0.0/0.0.0.0:2181:ZooKeeperServer@793] - Connection request from old client /10.10.34.39:54740; will be dropped if server is in r-o mode
2015-08-21 15:55:07,664 - INFO  [NIOServerCxn.Factory:0.0.0.0/0.0.0.0:2181:ZooKeeperServer@839] - Client attempting to establish new session at /10.10.34.39:54740
2015-08-21 15:55:07,666 - INFO  [CommitProcessor:3:ZooKeeperServer@595] - Established session 0x34f4a63146b0049 with negotiated timeout 10000 for client /10.10.34.39:54740
2015-08-21 15:55:07,768 - INFO  [NIOServerCxn.Factory:0.0.0.0/0.0.0.0:2181:NIOServerCnxnFactory@197] - Accepted socket connection from /10.10.34.40:49497
2015-08-21 15:55:07,769 - WARN  [NIOServerCxn.Factory:0.0.0.0/0.0.0.0:2181:ZooKeeperServer@793] - Connection request from old client /10.10.34.40:49497; will be dropped if server is in r-o mode
2015-08-21 15:55:07,769 - INFO  [NIOServerCxn.Factory:0.0.0.0/0.0.0.0:2181:ZooKeeperServer@839] - Client attempting to establish new session at /10.10.34.40:49497
2015-08-21 15:55:07,771 - INFO  [CommitProcessor:3:ZooKeeperServer@595] - Established session 0x34f4a63146b004a with negotiated timeout 10000 for client /10.10.34.40:49497
2015-08-24 10:21:09,060 - INFO  [CommitProcessor:3:NIOServerCnxn@1001] - Closed socket connection for client /10.10.34.29:44549 which had sessionid 0x34f4a63146b0046
2015-08-24 10:21:37,059 - INFO  [CommitProcessor:3:NIOServerCnxn@1001] - Closed socket connection for client /10.10.34.38:46110 which had sessionid 0x34f4a63146b0048
2015-08-24 10:21:39,059 - INFO  [CommitProcessor:3:NIOServerCnxn@1001] - Closed socket connection for client /10.10.34.40:49497 which had sessionid 0x34f4a63146b004a
2015-08-24 10:21:39,060 - INFO  [CommitProcessor:3:NIOServerCnxn@1001] - Closed socket connection for client /10.10.34.39:54740 which had sessionid 0x34f4a63146b0049
2015-08-25 11:16:08,467 - INFO  [main:QuorumPeerConfig@101] - Reading configuration from: /etc/zookeeper/conf/zoo.cfg
2015-08-25 11:16:08,480 - INFO  [main:QuorumPeerConfig@334] - Defaulting to majority quorums
2015-08-25 11:16:08,494 - INFO  [main:DatadirCleanupManager@78] - autopurge.snapRetainCount set to 3
2015-08-25 11:16:08,494 - INFO  [main:DatadirCleanupManager@79] - autopurge.purgeInterval set to 0
2015-08-25 11:16:08,496 - INFO  [main:DatadirCleanupManager@101] - Purge task is not scheduled.
2015-08-25 11:16:08,518 - INFO  [main:QuorumPeerMain@127] - Starting quorum peer
2015-08-25 11:16:08,544 - INFO  [main:NIOServerCnxnFactory@94] - binding to port 0.0.0.0/0.0.0.0:2181
2015-08-25 11:16:08,583 - INFO  [main:QuorumPeer@913] - tickTime set to 2000
2015-08-25 11:16:08,583 - INFO  [main:QuorumPeer@933] - minSessionTimeout set to -1
2015-08-25 11:16:08,584 - INFO  [main:QuorumPeer@944] - maxSessionTimeout set to -1
2015-08-25 11:16:08,584 - INFO  [main:QuorumPeer@959] - initLimit set to 10
2015-08-25 11:16:08,635 - INFO  [main:FileSnap@83] - Reading snapshot /var/lib/zookeeper/version-2/snapshot.b00000084
2015-08-25 11:16:08,737 - INFO  [Thread-1:QuorumCnxManager$Listener@486] - My election bind port: 0.0.0.0/0.0.0.0:3888
2015-08-25 11:16:08,754 - INFO  [QuorumPeer[myid=3]/0:0:0:0:0:0:0:0:2181:QuorumPeer@670] - LOOKING
2015-08-25 11:16:08,757 - INFO  [QuorumPeer[myid=3]/0:0:0:0:0:0:0:0:2181:FastLeaderElection@740] - New election. My id =  3, proposed zxid=0xc0000018f
2015-08-25 11:16:08,769 - INFO  [WorkerReceiver[myid=3]:FastLeaderElection@542] - Notification: 2 (n.leader), 0xc0000018f (n.zxid), 0x1 (n.round), LOOKING (n.state), 1 (n.sid), 0xc (n.peerEPoch), LOOKING (my state)
2015-08-25 11:16:08,773 - INFO  [WorkerReceiver[myid=3]:FastLeaderElection@542] - Notification: 3 (n.leader), 0xc0000018f (n.zxid), 0x1 (n.round), LOOKING (n.state), 3 (n.sid), 0xc (n.peerEPoch), LOOKING (my state)
2015-08-25 11:16:08,774 - INFO  [WorkerReceiver[myid=3]:FastLeaderElection@542] - Notification: 2 (n.leader), 0xc0000018f (n.zxid), 0x1 (n.round), FOLLOWING (n.state), 1 (n.sid), 0xc (n.peerEPoch), LOOKING (my state)
2015-08-25 11:16:08,774 - INFO  [WorkerReceiver[myid=3]:FastLeaderElection@542] - Notification: 2 (n.leader), 0xc0000018f (n.zxid), 0x1 (n.round), LOOKING (n.state), 2 (n.sid), 0xc (n.peerEPoch), LOOKING (my state)
2015-08-25 11:16:08,774 - INFO  [WorkerReceiver[myid=3]:FastLeaderElection@542] - Notification: 2 (n.leader), 0xc0000018f (n.zxid), 0x1 (n.round), LEADING (n.state), 2 (n.sid), 0xc (n.peerEPoch), LOOKING (my state)
2015-08-25 11:16:08,775 - INFO  [QuorumPeer[myid=3]/0:0:0:0:0:0:0:0:2181:QuorumPeer@738] - FOLLOWING
2015-08-25 11:16:08,783 - INFO  [QuorumPeer[myid=3]/0:0:0:0:0:0:0:0:2181:Learner@85] - TCP NoDelay set to: true
2015-08-25 11:16:08,796 - INFO  [QuorumPeer[myid=3]/0:0:0:0:0:0:0:0:2181:Environment@100] - Server environment:zookeeper.version=3.4.5--1, built on 06/10/2013 17:26 GMT
2015-08-25 11:16:08,796 - INFO  [QuorumPeer[myid=3]/0:0:0:0:0:0:0:0:2181:Environment@100] - Server environment:host.name=mesos-master-3
2015-08-25 11:16:08,796 - INFO  [QuorumPeer[myid=3]/0:0:0:0:0:0:0:0:2181:Environment@100] - Server environment:java.version=1.7.0_79
2015-08-25 11:16:08,796 - INFO  [QuorumPeer[myid=3]/0:0:0:0:0:0:0:0:2181:Environment@100] - Server environment:java.vendor=Oracle Corporation
2015-08-25 11:16:08,796 - INFO  [QuorumPeer[myid=3]/0:0:0:0:0:0:0:0:2181:Environment@100] - Server environment:java.home=/usr/lib/jvm/java-7-openjdk-amd64/jre
2015-08-25 11:16:08,797 - INFO  [QuorumPeer[myid=3]/0:0:0:0:0:0:0:0:2181:Environment@100] - Server environment:java.class.path=/etc/zookeeper/conf:/usr/share/java/jline.jar:/usr/share/java/log4j-1.2.jar:/usr/share/java/xercesImpl.jar:/usr/share/java/xmlParserAPIs.jar:/usr/share/java/netty.jar:/usr/share/java/slf4j-api.jar:/usr/share/java/slf4j-log4j12.jar:/usr/share/java/zookeeper.jar
2015-08-25 11:16:08,797 - INFO  [QuorumPeer[myid=3]/0:0:0:0:0:0:0:0:2181:Environment@100] - Server environment:java.library.path=/usr/java/packages/lib/amd64:/usr/lib/x86_64-linux-gnu/jni:/lib/x86_64-linux-gnu:/usr/lib/x86_64-linux-gnu:/usr/lib/jni:/lib:/usr/lib
2015-08-25 11:16:08,797 - INFO  [QuorumPeer[myid=3]/0:0:0:0:0:0:0:0:2181:Environment@100] - Server environment:java.io.tmpdir=/tmp
2015-08-25 11:16:08,797 - INFO  [QuorumPeer[myid=3]/0:0:0:0:0:0:0:0:2181:Environment@100] - Server environment:java.compiler=<NA>
2015-08-25 11:16:08,797 - INFO  [QuorumPeer[myid=3]/0:0:0:0:0:0:0:0:2181:Environment@100] - Server environment:os.name=Linux
2015-08-25 11:16:08,797 - INFO  [QuorumPeer[myid=3]/0:0:0:0:0:0:0:0:2181:Environment@100] - Server environment:os.arch=amd64
2015-08-25 11:16:08,798 - INFO  [QuorumPeer[myid=3]/0:0:0:0:0:0:0:0:2181:Environment@100] - Server environment:os.version=3.16.0-30-generic
2015-08-25 11:16:08,798 - INFO  [QuorumPeer[myid=3]/0:0:0:0:0:0:0:0:2181:Environment@100] - Server environment:user.name=zookeeper
2015-08-25 11:16:08,798 - INFO  [QuorumPeer[myid=3]/0:0:0:0:0:0:0:0:2181:Environment@100] - Server environment:user.home=/var/lib/zookeeper
2015-08-25 11:16:08,798 - INFO  [QuorumPeer[myid=3]/0:0:0:0:0:0:0:0:2181:Environment@100] - Server environment:user.dir=/
2015-08-25 11:16:08,800 - INFO  [QuorumPeer[myid=3]/0:0:0:0:0:0:0:0:2181:ZooKeeperServer@162] - Created server with tickTime 2000 minSessionTimeout 4000 maxSessionTimeout 40000 datadir /var/lib/zookeeper/version-2 snapdir /var/lib/zookeeper/version-2
2015-08-25 11:16:08,802 - INFO  [QuorumPeer[myid=3]/0:0:0:0:0:0:0:0:2181:Follower@63] - FOLLOWING - LEADER ELECTION TOOK - 45
2015-08-25 11:16:08,816 - INFO  [QuorumPeer[myid=3]/0:0:0:0:0:0:0:0:2181:Learner@322] - Getting a diff from the leader 0xd0000001b
2015-08-25 11:16:08,822 - WARN  [QuorumPeer[myid=3]/0:0:0:0:0:0:0:0:2181:Learner@373] - Got zxid 0xd00000001 expected 0x1
2015-08-25 11:16:08,827 - INFO  [QuorumPeer[myid=3]/0:0:0:0:0:0:0:0:2181:FileTxnSnapLog@240] - Snapshotting: 0xd0000001b to /var/lib/zookeeper/version-2/snapshot.d0000001b
2015-08-25 11:19:48,927 - WARN  [QuorumPeer[myid=3]/0:0:0:0:0:0:0:0:2181:Follower@89] - Exception when following the leader
2015-08-25 11:19:48,927 - WARN  [RecvWorker:2:QuorumCnxManager$RecvWorker@762] - Connection broken for id 2, my id = 3, error = 
2015-08-25 11:19:48,938 - INFO  [QuorumPeer[myid=3]/0:0:0:0:0:0:0:0:2181:Follower@166] - shutdown called
2015-08-25 11:19:48,939 - WARN  [RecvWorker:2:QuorumCnxManager$RecvWorker@765] - Interrupting SendWorker
2015-08-25 11:19:48,939 - INFO  [QuorumPeer[myid=3]/0:0:0:0:0:0:0:0:2181:FollowerZooKeeperServer@139] - Shutting down
2015-08-25 11:19:48,940 - WARN  [SendWorker:2:QuorumCnxManager$SendWorker@679] - Interrupted while waiting for message on queue
2015-08-25 11:19:48,941 - WARN  [SendWorker:2:QuorumCnxManager$SendWorker@688] - Send worker leaving thread
2015-08-25 11:19:48,940 - INFO  [QuorumPeer[myid=3]/0:0:0:0:0:0:0:0:2181:ZooKeeperServer@419] - shutting down
2015-08-25 11:19:48,941 - INFO  [QuorumPeer[myid=3]/0:0:0:0:0:0:0:0:2181:FollowerRequestProcessor@105] - Shutting down
2015-08-25 11:19:48,941 - INFO  [QuorumPeer[myid=3]/0:0:0:0:0:0:0:0:2181:CommitProcessor@181] - Shutting down
2015-08-25 11:19:48,941 - INFO  [FollowerRequestProcessor:3:FollowerRequestProcessor@95] - FollowerRequestProcessor exited loop!
2015-08-25 11:19:48,942 - INFO  [QuorumPeer[myid=3]/0:0:0:0:0:0:0:0:2181:FinalRequestProcessor@415] - shutdown of request processor complete
2015-08-25 11:19:48,942 - INFO  [CommitProcessor:3:CommitProcessor@150] - CommitProcessor exited loop!
2015-08-25 11:19:48,943 - INFO  [QuorumPeer[myid=3]/0:0:0:0:0:0:0:0:2181:SyncRequestProcessor@175] - Shutting down
2015-08-25 11:19:48,944 - INFO  [SyncThread:3:SyncRequestProcessor@155] - SyncRequestProcessor exited!
2015-08-25 11:19:48,944 - INFO  [QuorumPeer[myid=3]/0:0:0:0:0:0:0:0:2181:QuorumPeer@670] - LOOKING
2015-08-25 11:19:48,952 - INFO  [QuorumPeer[myid=3]/0:0:0:0:0:0:0:0:2181:FileSnap@83] - Reading snapshot /var/lib/zookeeper/version-2/snapshot.d0000001b
2015-08-25 11:19:48,972 - INFO  [WorkerReceiver[myid=3]:FastLeaderElection@542] - Notification: 1 (n.leader), 0xd0000001b (n.zxid), 0x2 (n.round), LOOKING (n.state), 1 (n.sid), 0xd (n.peerEPoch), LOOKING (my state)
2015-08-25 11:19:48,982 - INFO  [QuorumPeer[myid=3]/0:0:0:0:0:0:0:0:2181:FastLeaderElection@740] - New election. My id =  3, proposed zxid=0xd0000001b
2015-08-25 11:19:48,984 - WARN  [WorkerSender[myid=3]:QuorumCnxManager@368] - Cannot open channel to 2 at election address /10.10.34.12:3888
2015-08-25 11:19:48,985 - INFO  [WorkerReceiver[myid=3]:FastLeaderElection@542] - Notification: 3 (n.leader), 0xd0000001b (n.zxid), 0x2 (n.round), LOOKING (n.state), 1 (n.sid), 0xd (n.peerEPoch), LOOKING (my state)
2015-08-25 11:19:48,985 - INFO  [WorkerReceiver[myid=3]:FastLeaderElection@542] - Notification: 3 (n.leader), 0xd0000001b (n.zxid), 0x2 (n.round), LOOKING (n.state), 3 (n.sid), 0xd (n.peerEPoch), LOOKING (my state)
2015-08-25 11:19:49,186 - INFO  [QuorumPeer[myid=3]/0:0:0:0:0:0:0:0:2181:QuorumPeer@750] - LEADING
2015-08-25 11:19:49,196 - INFO  [QuorumPeer[myid=3]/0:0:0:0:0:0:0:0:2181:Leader@58] - TCP NoDelay set to: true
2015-08-25 11:19:49,198 - INFO  [QuorumPeer[myid=3]/0:0:0:0:0:0:0:0:2181:ZooKeeperServer@162] - Created server with tickTime 2000 minSessionTimeout 4000 maxSessionTimeout 40000 datadir /var/lib/zookeeper/version-2 snapdir /var/lib/zookeeper/version-2
2015-08-25 11:19:49,199 - INFO  [QuorumPeer[myid=3]/0:0:0:0:0:0:0:0:2181:Leader@345] - LEADING - LEADER ELECTION TOOK - 254
2015-08-25 11:19:49,210 - INFO  [QuorumPeer[myid=3]/0:0:0:0:0:0:0:0:2181:FileSnap@83] - Reading snapshot /var/lib/zookeeper/version-2/snapshot.d0000001b
2015-08-25 11:19:49,237 - INFO  [QuorumPeer[myid=3]/0:0:0:0:0:0:0:0:2181:FileTxnSnapLog@240] - Snapshotting: 0xd0000001b to /var/lib/zookeeper/version-2/snapshot.d0000001b
2015-08-25 11:19:50,195 - INFO  [LearnerHandler-/10.10.34.11:45414:LearnerHandler@263] - Follower sid: 1 : info : org.apache.zookeeper.server.quorum.QuorumPeer$QuorumServer@25ecaa1f
2015-08-25 11:19:50,198 - INFO  [LearnerHandler-/10.10.34.11:45414:LearnerHandler@318] - Synchronizing with Follower sid: 1 maxCommittedLog=0x0 minCommittedLog=0x0 peerLastZxid=0xd0000001b
2015-08-25 11:19:50,198 - INFO  [LearnerHandler-/10.10.34.11:45414:LearnerHandler@395] - Sending DIFF
2015-08-25 11:19:50,213 - WARN  [LearnerHandler-/10.10.34.11:45414:Leader@574] - Commiting zxid 0xe00000000 from /10.10.34.13:2888 not first!
2015-08-25 11:19:50,213 - WARN  [LearnerHandler-/10.10.34.11:45414:Leader@576] - First is 0x0
2015-08-25 11:19:50,214 - INFO  [LearnerHandler-/10.10.34.11:45414:Leader@598] - Have quorum of supporters; starting up and setting last processed zxid: 0xe00000000
2015-08-25 11:23:57,462 - INFO  [main:QuorumPeerConfig@101] - Reading configuration from: /etc/zookeeper/conf/zoo.cfg
2015-08-25 11:23:57,476 - INFO  [main:QuorumPeerConfig@334] - Defaulting to majority quorums
2015-08-25 11:23:57,492 - INFO  [main:DatadirCleanupManager@78] - autopurge.snapRetainCount set to 3
2015-08-25 11:23:57,492 - INFO  [main:DatadirCleanupManager@79] - autopurge.purgeInterval set to 0
2015-08-25 11:23:57,494 - INFO  [main:DatadirCleanupManager@101] - Purge task is not scheduled.
2015-08-25 11:23:57,515 - INFO  [main:QuorumPeerMain@127] - Starting quorum peer
2015-08-25 11:23:57,538 - INFO  [main:NIOServerCnxnFactory@94] - binding to port 0.0.0.0/0.0.0.0:2181
2015-08-25 11:23:57,575 - INFO  [main:QuorumPeer@913] - tickTime set to 2000
2015-08-25 11:23:57,576 - INFO  [main:QuorumPeer@933] - minSessionTimeout set to -1
2015-08-25 11:23:57,576 - INFO  [main:QuorumPeer@944] - maxSessionTimeout set to -1
2015-08-25 11:23:57,576 - INFO  [main:QuorumPeer@959] - initLimit set to 10
2015-08-25 11:23:57,621 - INFO  [main:FileSnap@83] - Reading snapshot /var/lib/zookeeper/version-2/snapshot.d0000001b
2015-08-25 11:23:57,680 - INFO  [Thread-1:QuorumCnxManager$Listener@486] - My election bind port: 0.0.0.0/0.0.0.0:3888
2015-08-25 11:23:57,699 - INFO  [QuorumPeer[myid=3]/0:0:0:0:0:0:0:0:2181:QuorumPeer@670] - LOOKING
2015-08-25 11:23:57,702 - INFO  [QuorumPeer[myid=3]/0:0:0:0:0:0:0:0:2181:FastLeaderElection@740] - New election. My id =  3, proposed zxid=0xd0000001b
2015-08-25 11:23:57,715 - WARN  [WorkerSender[myid=3]:QuorumCnxManager@368] - Cannot open channel to 2 at election address /10.10.34.12:3888
2015-08-25 11:23:57,715 - INFO  [WorkerReceiver[myid=3]:FastLeaderElection@542] - Notification: 1 (n.leader), 0xd0000001b (n.zxid), 0x3 (n.round), LOOKING (n.state), 1 (n.sid), 0xe (n.peerEPoch), LOOKING (my state)
2015-08-25 11:23:57,730 - INFO  [WorkerReceiver[myid=3]:FastLeaderElection@542] - Notification: 1 (n.leader), 0xd0000001b (n.zxid), 0x3 (n.round), LOOKING (n.state), 1 (n.sid), 0xe (n.peerEPoch), LOOKING (my state)
2015-08-25 11:23:57,730 - INFO  [WorkerReceiver[myid=3]:FastLeaderElection@542] - Notification: 3 (n.leader), 0xd0000001b (n.zxid), 0x1 (n.round), LOOKING (n.state), 3 (n.sid), 0xe (n.peerEPoch), LOOKING (my state)
2015-08-25 11:23:57,731 - WARN  [WorkerSender[myid=3]:QuorumCnxManager@368] - Cannot open channel to 2 at election address /10.10.34.12:3888
2015-08-25 11:23:57,733 - INFO  [WorkerReceiver[myid=3]:FastLeaderElection@542] - Notification: 3 (n.leader), 0xd0000001b (n.zxid), 0x3 (n.round), LOOKING (n.state), 3 (n.sid), 0xe (n.peerEPoch), LOOKING (my state)
2015-08-25 11:23:57,733 - INFO  [WorkerReceiver[myid=3]:FastLeaderElection@542] - Notification: 3 (n.leader), 0xd0000001b (n.zxid), 0x3 (n.round), LOOKING (n.state), 1 (n.sid), 0xe (n.peerEPoch), LOOKING (my state)
2015-08-25 11:23:57,934 - INFO  [QuorumPeer[myid=3]/0:0:0:0:0:0:0:0:2181:QuorumPeer@750] - LEADING
2015-08-25 11:23:57,942 - INFO  [QuorumPeer[myid=3]/0:0:0:0:0:0:0:0:2181:Leader@58] - TCP NoDelay set to: true
2015-08-25 11:23:57,961 - INFO  [QuorumPeer[myid=3]/0:0:0:0:0:0:0:0:2181:Environment@100] - Server environment:zookeeper.version=3.4.5--1, built on 06/10/2013 17:26 GMT
2015-08-25 11:23:57,961 - INFO  [QuorumPeer[myid=3]/0:0:0:0:0:0:0:0:2181:Environment@100] - Server environment:host.name=mesos-master-3
2015-08-25 11:23:57,961 - INFO  [QuorumPeer[myid=3]/0:0:0:0:0:0:0:0:2181:Environment@100] - Server environment:java.version=1.7.0_79
2015-08-25 11:23:57,962 - INFO  [QuorumPeer[myid=3]/0:0:0:0:0:0:0:0:2181:Environment@100] - Server environment:java.vendor=Oracle Corporation
2015-08-25 11:23:57,962 - INFO  [QuorumPeer[myid=3]/0:0:0:0:0:0:0:0:2181:Environment@100] - Server environment:java.home=/usr/lib/jvm/java-7-openjdk-amd64/jre
2015-08-25 11:23:57,962 - INFO  [QuorumPeer[myid=3]/0:0:0:0:0:0:0:0:2181:Environment@100] - Server environment:java.class.path=/etc/zookeeper/conf:/usr/share/java/jline.jar:/usr/share/java/log4j-1.2.jar:/usr/share/java/xercesImpl.jar:/usr/share/java/xmlParserAPIs.jar:/usr/share/java/netty.jar:/usr/share/java/slf4j-api.jar:/usr/share/java/slf4j-log4j12.jar:/usr/share/java/zookeeper.jar
2015-08-25 11:23:57,962 - INFO  [QuorumPeer[myid=3]/0:0:0:0:0:0:0:0:2181:Environment@100] - Server environment:java.library.path=/usr/java/packages/lib/amd64:/usr/lib/x86_64-linux-gnu/jni:/lib/x86_64-linux-gnu:/usr/lib/x86_64-linux-gnu:/usr/lib/jni:/lib:/usr/lib
2015-08-25 11:23:57,962 - INFO  [QuorumPeer[myid=3]/0:0:0:0:0:0:0:0:2181:Environment@100] - Server environment:java.io.tmpdir=/tmp
2015-08-25 11:23:57,963 - INFO  [QuorumPeer[myid=3]/0:0:0:0:0:0:0:0:2181:Environment@100] - Server environment:java.compiler=<NA>
2015-08-25 11:23:57,963 - INFO  [QuorumPeer[myid=3]/0:0:0:0:0:0:0:0:2181:Environment@100] - Server environment:os.name=Linux
2015-08-25 11:23:57,963 - INFO  [QuorumPeer[myid=3]/0:0:0:0:0:0:0:0:2181:Environment@100] - Server environment:os.arch=amd64
2015-08-25 11:23:57,963 - INFO  [QuorumPeer[myid=3]/0:0:0:0:0:0:0:0:2181:Environment@100] - Server environment:os.version=3.16.0-30-generic
2015-08-25 11:23:57,963 - INFO  [QuorumPeer[myid=3]/0:0:0:0:0:0:0:0:2181:Environment@100] - Server environment:user.name=zookeeper
2015-08-25 11:23:57,964 - INFO  [QuorumPeer[myid=3]/0:0:0:0:0:0:0:0:2181:Environment@100] - Server environment:user.home=/var/lib/zookeeper
2015-08-25 11:23:57,964 - INFO  [QuorumPeer[myid=3]/0:0:0:0:0:0:0:0:2181:Environment@100] - Server environment:user.dir=/
2015-08-25 11:23:57,966 - INFO  [QuorumPeer[myid=3]/0:0:0:0:0:0:0:0:2181:ZooKeeperServer@162] - Created server with tickTime 2000 minSessionTimeout 4000 maxSessionTimeout 40000 datadir /var/lib/zookeeper/version-2 snapdir /var/lib/zookeeper/version-2
2015-08-25 11:23:57,969 - INFO  [QuorumPeer[myid=3]/0:0:0:0:0:0:0:0:2181:Leader@345] - LEADING - LEADER ELECTION TOOK - 267
2015-08-25 11:23:57,981 - INFO  [QuorumPeer[myid=3]/0:0:0:0:0:0:0:0:2181:FileSnap@83] - Reading snapshot /var/lib/zookeeper/version-2/snapshot.d0000001b
2015-08-25 11:23:58,018 - INFO  [QuorumPeer[myid=3]/0:0:0:0:0:0:0:0:2181:FileTxnSnapLog@240] - Snapshotting: 0xd0000001b to /var/lib/zookeeper/version-2/snapshot.d0000001b
2015-08-25 11:23:58,947 - INFO  [LearnerHandler-/10.10.34.11:45441:LearnerHandler@263] - Follower sid: 1 : info : org.apache.zookeeper.server.quorum.QuorumPeer$QuorumServer@296666f5
2015-08-25 11:23:58,953 - INFO  [LearnerHandler-/10.10.34.11:45441:LearnerHandler@318] - Synchronizing with Follower sid: 1 maxCommittedLog=0x0 minCommittedLog=0x0 peerLastZxid=0xd0000001b
2015-08-25 11:23:58,953 - INFO  [LearnerHandler-/10.10.34.11:45441:LearnerHandler@395] - Sending DIFF
2015-08-25 11:23:58,959 - WARN  [LearnerHandler-/10.10.34.11:45441:Leader@574] - Commiting zxid 0xf00000000 from /10.10.34.13:2888 not first!
2015-08-25 11:23:58,960 - WARN  [LearnerHandler-/10.10.34.11:45441:Leader@576] - First is 0x0
2015-08-25 11:23:58,960 - INFO  [LearnerHandler-/10.10.34.11:45441:Leader@598] - Have quorum of supporters; starting up and setting last processed zxid: 0xf00000000
2015-08-25 11:26:27,891 - INFO  [/10.10.34.13:3888:QuorumCnxManager$Listener@493] - Received connection request /10.10.34.12:57513
2015-08-25 11:26:27,897 - INFO  [WorkerReceiver[myid=3]:FastLeaderElection@542] - Notification: 2 (n.leader), 0xd0000001b (n.zxid), 0x1 (n.round), LOOKING (n.state), 2 (n.sid), 0xd (n.peerEPoch), LEADING (my state)
2015-08-25 11:26:27,898 - INFO  [WorkerReceiver[myid=3]:FastLeaderElection@542] - Notification: 3 (n.leader), 0xd0000001b (n.zxid), 0x3 (n.round), LOOKING (n.state), 2 (n.sid), 0xe (n.peerEPoch), LEADING (my state)
2015-08-25 11:26:28,138 - INFO  [LearnerHandler-/10.10.34.12:38330:LearnerHandler@263] - Follower sid: 2 : info : org.apache.zookeeper.server.quorum.QuorumPeer$QuorumServer@7761c32f
2015-08-25 11:26:28,159 - INFO  [LearnerHandler-/10.10.34.12:38330:LearnerHandler@318] - Synchronizing with Follower sid: 2 maxCommittedLog=0x0 minCommittedLog=0x0 peerLastZxid=0xd0000001b
2015-08-25 11:26:28,159 - INFO  [LearnerHandler-/10.10.34.12:38330:LearnerHandler@395] - Sending SNAP
2015-08-25 11:26:28,159 - INFO  [LearnerHandler-/10.10.34.12:38330:LearnerHandler@419] - Sending snapshot last zxid of peer is 0xd0000001b  zxid of leader is 0xf00000000sent zxid of db as 0xf00000000
